2016-08-16 04:05:34 GC log file created log/gc.log.4
Java HotSpot(TM) 64-Bit Server VM (25.40-b25) for linux-amd64 JRE (1.8.0_40-b25), built on Feb 10 2015 21:29:53 by "java_re" with gcc 4.3.0 20080428 (Red Hat 4.3.0-8)
Memory: 4k page, physical 8176932k(5353976k free), swap 0k(0k free)
CommandLine flags: -XX:CICompilerCount=2 -XX:+CMSClassUnloadingEnabled -XX:+CMSParallelRemarkEnabled -XX:+CMSScavengeBeforeRemark -XX:GCLogFileSize=1048576 -XX:InitialHeapSize=1073741824 -XX:MaxHeapSize=1073741824 -XX:MaxNewSize=174456832 -XX:MaxTenuringThreshold=6 -XX:MinHeapDeltaBytes=196608 -XX:NewSize=174456832 -XX:NumberOfGCLogFiles=5 -XX:OldPLABSize=16 -XX:OldSize=899284992 -XX:+PrintGC -XX:+PrintGCApplicationStoppedTime -XX:+PrintGCCause -XX:+PrintGCDateStamps -XX:+PrintGCDetails -XX:+PrintGCTimeStamps -XX:+PrintTenuringDistribution -XX:+ScavengeBeforeFullGC -XX:+UseCompressedClassPointers -XX:+UseCompressedOops -XX:+UseConcMarkSweepGC -XX:+UseGCLogFileRotation -XX:+UseParNewGC 
2016-08-16T04:05:34.964+0000: 297808.934: [GC (Allocation Failure) 297808.934: [ParNew
Desired survivor size 8716288 bytes, new threshold 6 (max 6)
- age   1:     506520 bytes,     506520 total
- age   2:      55056 bytes,     561576 total
- age   3:       6120 bytes,     567696 total
- age   4:       1784 bytes,     569480 total
- age   5:       2752 bytes,     572232 total
- age   6:       6560 bytes,     578792 total
: 137034K->628K(153344K), 0.0086107 secs] 310528K->174133K(1031552K), 0.0087188 secs] [Times: user=0.01 sys=0.00, real=0.01 secs] 
2016-08-16T04:05:34.973+0000: 297808.943: Total time for which application threads were stopped: 0.0098037 seconds, Stopping threads took: 0.0000825 seconds
2016-08-16T04:05:44.935+0000: 297818.905: [GC (Allocation Failure) 297818.905: [ParNew
Desired survivor size 8716288 bytes, new threshold 6 (max 6)
- age   1:     931024 bytes,     931024 total
- age   2:      31488 bytes,     962512 total
- age   3:      33872 bytes,     996384 total
- age   4:       5304 bytes,    1001688 total
- age   5:       1720 bytes,    1003408 total
- age   6:       2624 bytes,    1006032 total
: 136948K->1127K(153344K), 0.0081779 secs] 310453K->174639K(1031552K), 0.0082836 secs] [Times: user=0.02 sys=0.00, real=0.01 secs] 
2016-08-16T04:05:44.943+0000: 297818.913: Total time for which application threads were stopped: 0.0089457 seconds, Stopping threads took: 0.0000812 seconds
2016-08-16T04:05:54.931+0000: 297828.901: [GC (Allocation Failure) 297828.902: [ParNew
Desired survivor size 8716288 bytes, new threshold 6 (max 6)
- age   1:     501480 bytes,     501480 total
- age   2:      34840 bytes,     536320 total
- age   3:       5464 bytes,     541784 total
- age   4:      32032 bytes,     573816 total
- age   5:       5240 bytes,     579056 total
- age   6:       1720 bytes,     580776 total
: 137447K->617K(153344K), 0.0072561 secs] 310959K->174131K(1031552K), 0.0073575 secs] [Times: user=0.02 sys=0.00, real=0.00 secs] 
2016-08-16T04:05:54.939+0000: 297828.909: Total time for which application threads were stopped: 0.0080092 seconds, Stopping threads took: 0.0000809 seconds
2016-08-16T04:06:04.949+0000: 297838.919: [GC (Allocation Failure) 297838.919: [ParNew
Desired survivor size 8716288 bytes, new threshold 6 (max 6)
- age   1:     448040 bytes,     448040 total
- age   2:      35592 bytes,     483632 total
- age   3:      14840 bytes,     498472 total
- age   4:       5360 bytes,     503832 total
- age   5:      31960 bytes,     535792 total
- age   6:       5240 bytes,     541032 total
: 136937K->608K(153344K), 0.0067780 secs] 310451K->174124K(1031552K), 0.0068748 secs] [Times: user=0.01 sys=0.00, real=0.00 secs] 
2016-08-16T04:06:04.956+0000: 297838.926: Total time for which application threads were stopped: 0.0075267 seconds, Stopping threads took: 0.0000779 seconds
2016-08-16T04:06:14.966+0000: 297848.937: [GC (Allocation Failure) 297848.937: [ParNew
Desired survivor size 8716288 bytes, new threshold 6 (max 6)
- age   1:     627392 bytes,     627392 total
- age   2:      22648 bytes,     650040 total
- age   3:      10080 bytes,     660120 total
- age   4:      10512 bytes,     670632 total
- age   5:       5232 bytes,     675864 total
- age   6:      31744 bytes,     707608 total
: 136928K->810K(153344K), 0.0075963 secs] 310444K->174331K(1031552K), 0.0077137 secs] [Times: user=0.01 sys=0.01, real=0.01 secs] 
2016-08-16T04:06:14.974+0000: 297848.944: Total time for which application threads were stopped: 0.0083624 seconds, Stopping threads took: 0.0000829 seconds
2016-08-16T04:06:23.489+0000: 297857.459: Total time for which application threads were stopped: 0.0015027 seconds, Stopping threads took: 0.0003229 seconds
2016-08-16T04:06:24.922+0000: 297858.892: [GC (Allocation Failure) 297858.892: [ParNew
Desired survivor size 8716288 bytes, new threshold 6 (max 6)
- age   1:     560832 bytes,     560832 total
- age   2:      27344 bytes,     588176 total
- age   3:       3520 bytes,     591696 total
- age   4:       6360 bytes,     598056 total
- age   5:       9512 bytes,     607568 total
- age   6:       4080 bytes,     611648 total
: 137130K->721K(153344K), 0.0075405 secs] 310651K->174267K(1031552K), 0.0076388 secs] [Times: user=0.02 sys=0.00, real=0.01 secs] 
2016-08-16T04:06:24.930+0000: 297858.900: Total time for which application threads were stopped: 0.0083059 seconds, Stopping threads took: 0.0001207 seconds
2016-08-16T04:06:34.953+0000: 297868.923: [GC (Allocation Failure) 297868.923: [ParNew
Desired survivor size 8716288 bytes, new threshold 6 (max 6)
- age   1:     543024 bytes,     543024 total
- age   2:      44808 bytes,     587832 total
- age   3:       8152 bytes,     595984 total
- age   4:       3464 bytes,     599448 total
- age   5:       6264 bytes,     605712 total
- age   6:       9312 bytes,     615024 total
: 137041K->638K(153344K), 0.0086065 secs] 310587K->174188K(1031552K), 0.0087216 secs] [Times: user=0.02 sys=0.00, real=0.01 secs] 
2016-08-16T04:06:34.962+0000: 297868.932: Total time for which application threads were stopped: 0.0093752 seconds, Stopping threads took: 0.0000728 seconds
2016-08-16T04:06:44.920+0000: 297878.890: [GC (Allocation Failure) 297878.891: [ParNew
Desired survivor size 8716288 bytes, new threshold 6 (max 6)
- age   1:    1165624 bytes,    1165624 total
- age   2:      29416 bytes,    1195040 total
- age   3:      23800 bytes,    1218840 total
- age   4:       5456 bytes,    1224296 total
- age   5:       3336 bytes,    1227632 total
- age   6:       5976 bytes,    1233608 total
: 136958K->1310K(153344K), 0.0075959 secs] 310508K->174866K(1031552K), 0.0077109 secs] [Times: user=0.01 sys=0.00, real=0.00 secs] 
2016-08-16T04:06:44.928+0000: 297878.898: Total time for which application threads were stopped: 0.0084514 seconds, Stopping threads took: 0.0001093 seconds
2016-08-16T04:06:54.926+0000: 297888.896: [GC (Allocation Failure) 297888.896: [ParNew
Desired survivor size 8716288 bytes, new threshold 6 (max 6)
- age   1:     576024 bytes,     576024 total
- age   2:      35288 bytes,     611312 total
- age   3:       3888 bytes,     615200 total
- age   4:      20856 bytes,     636056 total
- age   5:       5456 bytes,     641512 total
- age   6:       3336 bytes,     644848 total
: 137630K->767K(153344K), 0.0082075 secs] 311186K->174329K(1031552K), 0.0083080 secs] [Times: user=0.02 sys=0.00, real=0.01 secs] 
2016-08-16T04:06:54.934+0000: 297888.904: Total time for which application threads were stopped: 0.0089812 seconds, Stopping threads took: 0.0000687 seconds
2016-08-16T04:07:04.931+0000: 297898.901: [GC (Allocation Failure) 297898.902: [ParNew
Desired survivor size 8716288 bytes, new threshold 6 (max 6)
- age   1:     451616 bytes,     451616 total
- age   2:      35976 bytes,     487592 total
- age   3:      15728 bytes,     503320 total
- age   4:       3784 bytes,     507104 total
- age   5:      20720 bytes,     527824 total
- age   6:       5328 bytes,     533152 total
: 137087K->642K(153344K), 0.0092784 secs] 310649K->174208K(1031552K), 0.0094542 secs] [Times: user=0.02 sys=0.00, real=0.01 secs] 
2016-08-16T04:07:04.941+0000: 297898.911: Total time for which application threads were stopped: 0.0102057 seconds, Stopping threads took: 0.0000678 seconds
2016-08-16T04:07:13.959+0000: 297907.930: [GC (Allocation Failure) 297907.930: [ParNew
Desired survivor size 8716288 bytes, new threshold 6 (max 6)
- age   1:     415512 bytes,     415512 total
- age   2:      22920 bytes,     438432 total
- age   3:      15520 bytes,     453952 total
- age   4:      10336 bytes,     464288 total
- age   5:       3784 bytes,     468072 total
- age   6:      20576 bytes,     488648 total
: 136962K->516K(153344K), 0.0066735 secs] 310528K->174087K(1031552K), 0.0067770 secs] [Times: user=0.01 sys=0.00, real=0.01 secs] 
2016-08-16T04:07:13.966+0000: 297907.937: Total time for which application threads were stopped: 0.0073786 seconds, Stopping threads took: 0.0001109 seconds
2016-08-16T04:07:14.950+0000: 297908.920: [GC (Allocation Failure) 297908.920: [ParNew
Desired survivor size 8716288 bytes, new threshold 6 (max 6)
- age   1:     258280 bytes,     258280 total
- age   2:      14200 bytes,     272480 total
- age   3:       3936 bytes,     276416 total
- age   4:       9144 bytes,     285560 total
- age   5:      10272 bytes,     295832 total
- age   6:       3784 bytes,     299616 total
: 136836K->356K(153344K), 0.0070488 secs] 310407K->173947K(1031552K), 0.0071256 secs] [Times: user=0.02 sys=0.00, real=0.00 secs] 
2016-08-16T04:07:14.957+0000: 297908.927: Total time for which application threads were stopped: 0.0077617 seconds, Stopping threads took: 0.0001219 seconds
2016-08-16T04:07:23.488+0000: 297917.458: Total time for which application threads were stopped: 0.0040860 seconds, Stopping threads took: 0.0035984 seconds
2016-08-16T04:07:25.160+0000: 297919.130: [GC (Allocation Failure) 297919.130: [ParNew
Desired survivor size 8716288 bytes, new threshold 6 (max 6)
- age   1:     536168 bytes,     536168 total
- age   2:       5528 bytes,     541696 total
- age   3:       6568 bytes,     548264 total
- age   4:       3616 bytes,     551880 total
- age   5:       5848 bytes,     557728 total
- age   6:       9440 bytes,     567168 total
: 136676K->590K(153344K), 0.0077609 secs] 310267K->174184K(1031552K), 0.0078608 secs] [Times: user=0.02 sys=0.00, real=0.01 secs] 
2016-08-16T04:07:25.168+0000: 297919.138: Total time for which application threads were stopped: 0.0085290 seconds, Stopping threads took: 0.0000846 seconds
2016-08-16T04:07:34.973+0000: 297928.943: [GC (Allocation Failure) 297928.943: [ParNew
Desired survivor size 8716288 bytes, new threshold 6 (max 6)
- age   1:     507064 bytes,     507064 total
- age   2:      51488 bytes,     558552 total
- age   3:       3216 bytes,     561768 total
- age   4:       6320 bytes,     568088 total
- age   5:       3584 bytes,     571672 total
- age   6:       5632 bytes,     577304 total
: 136910K->644K(153344K), 0.0078755 secs] 310504K->174248K(1031552K), 0.0079755 secs] [Times: user=0.02 sys=0.00, real=0.01 secs] 
2016-08-16T04:07:34.981+0000: 297928.951: Total time for which application threads were stopped: 0.0086576 seconds, Stopping threads took: 0.0000951 seconds
2016-08-16T04:07:44.942+0000: 297938.913: [GC (Allocation Failure) 297938.913: [ParNew
Desired survivor size 8716288 bytes, new threshold 6 (max 6)
- age   1:     941792 bytes,     941792 total
- age   2:      30576 bytes,     972368 total
- age   3:      30664 bytes,    1003032 total
- age   4:       2584 bytes,    1005616 total
- age   5:       5496 bytes,    1011112 total
- age   6:       3328 bytes,    1014440 total
: 136964K->1117K(153344K), 0.0086623 secs] 310568K->174725K(1031552K), 0.0087659 secs] [Times: user=0.02 sys=0.00, real=0.01 secs] 
2016-08-16T04:07:44.951+0000: 297938.921: Total time for which application threads were stopped: 0.0093847 seconds, Stopping threads took: 0.0000719 seconds
2016-08-16T04:07:54.927+0000: 297948.897: [GC (Allocation Failure) 297948.897: [ParNew
Desired survivor size 8716288 bytes, new threshold 6 (max 6)
- age   1:     554576 bytes,     554576 total
- age   2:      34560 bytes,     589136 total
- age   3:       4928 bytes,     594064 total
- age   4:      28616 bytes,     622680 total
- age   5:       2512 bytes,     625192 total
- age   6:       5496 bytes,     630688 total
: 137437K->697K(153344K), 0.0073886 secs] 311045K->174309K(1031552K), 0.0074978 secs] [Times: user=0.01 sys=0.00, real=0.01 secs] 
2016-08-16T04:07:54.935+0000: 297948.905: Total time for which application threads were stopped: 0.0081614 seconds, Stopping threads took: 0.0000831 seconds
2016-08-16T04:08:04.948+0000: 297958.918: [GC (Allocation Failure) 297958.918: [ParNew
Desired survivor size 8716288 bytes, new threshold 6 (max 6)
- age   1:     422344 bytes,     422344 total
- age   2:      39688 bytes,     462032 total
- age   3:      14560 bytes,     476592 total
- age   4:       4768 bytes,     481360 total
- age   5:      28544 bytes,     509904 total
- age   6:       2512 bytes,     512416 total
: 137017K->534K(153344K), 0.0068981 secs] 310629K->174151K(1031552K), 0.0069977 secs] [Times: user=0.01 sys=0.00, real=0.01 secs] 
2016-08-16T04:08:04.955+0000: 297958.925: Total time for which application threads were stopped: 0.0076409 seconds, Stopping threads took: 0.0000828 seconds
2016-08-16T04:08:14.674+0000: 297968.645: [GC (Allocation Failure) 297968.645: [ParNew
Desired survivor size 8716288 bytes, new threshold 6 (max 6)
- age   1:     504616 bytes,     504616 total
- age   2:      23456 bytes,     528072 total
- age   3:      13968 bytes,     542040 total
- age   4:      10272 bytes,     552312 total
- age   5:       4696 bytes,     557008 total
- age   6:      28480 bytes,     585488 total
: 136854K->649K(153344K), 0.0071329 secs] 310471K->174269K(1031552K), 0.0072388 secs] [Times: user=0.01 sys=0.00, real=0.01 secs] 
2016-08-16T04:08:14.682+0000: 297968.652: Total time for which application threads were stopped: 0.0078788 seconds, Stopping threads took: 0.0000771 seconds
2016-08-16T04:08:23.485+0000: 297977.455: Total time for which application threads were stopped: 0.0006496 seconds, Stopping threads took: 0.0001253 seconds
2016-08-16T04:08:24.953+0000: 297978.923: [GC (Allocation Failure) 297978.923: [ParNew
Desired survivor size 8716288 bytes, new threshold 6 (max 6)
- age   1:     636976 bytes,     636976 total
- age   2:      25008 bytes,     661984 total
- age   3:       3328 bytes,     665312 total
- age   4:      10224 bytes,     675536 total
- age   5:       9136 bytes,     684672 total
- age   6:       4048 bytes,     688720 total
: 136969K->831K(153344K), 0.0079149 secs] 310589K->174472K(1031552K), 0.0080195 secs] [Times: user=0.02 sys=0.00, real=0.01 secs] 
2016-08-16T04:08:24.961+0000: 297978.931: Total time for which application threads were stopped: 0.0088257 seconds, Stopping threads took: 0.0000913 seconds
2016-08-16T04:08:34.922+0000: 297988.892: [GC (Allocation Failure) 297988.892: [ParNew
Desired survivor size 8716288 bytes, new threshold 6 (max 6)
- age   1:     519232 bytes,     519232 total
- age   2:      52280 bytes,     571512 total
- age   3:       5880 bytes,     577392 total
- age   4:       3272 bytes,     580664 total
- age   5:      10152 bytes,     590816 total
- age   6:       9072 bytes,     599888 total
: 137151K->623K(153344K), 0.0072936 secs] 310792K->174267K(1031552K), 0.0073924 secs] [Times: user=0.01 sys=0.00, real=0.01 secs] 
2016-08-16T04:08:34.930+0000: 297988.900: Total time for which application threads were stopped: 0.0080707 seconds, Stopping threads took: 0.0000803 seconds
2016-08-16T04:08:37.228+0000: 297991.198: Total time for which application threads were stopped: 0.0004931 seconds, Stopping threads took: 0.0000740 seconds
2016-08-16T04:08:44.936+0000: 297998.906: [GC (Allocation Failure) 297998.906: [ParNew
Desired survivor size 8716288 bytes, new threshold 6 (max 6)
- age   1:    1029752 bytes,    1029752 total
- age   2:      29880 bytes,    1059632 total
- age   3:      28856 bytes,    1088488 total
- age   4:       5552 bytes,    1094040 total
- age   5:       3208 bytes,    1097248 total
- age   6:       9792 bytes,    1107040 total
: 136943K->1190K(153344K), 0.0083445 secs] 310587K->174843K(1031552K), 0.0084574 secs] [Times: user=0.02 sys=0.00, real=0.01 secs] 
2016-08-16T04:08:44.944+0000: 297998.915: Total time for which application threads were stopped: 0.0091485 seconds, Stopping threads took: 0.0000820 seconds
2016-08-16T04:08:54.911+0000: 298008.881: [GC (Allocation Failure) 298008.881: [ParNew
Desired survivor size 8716288 bytes, new threshold 6 (max 6)
- age   1:     594528 bytes,     594528 total
- age   2:      50176 bytes,     644704 total
- age   3:       4408 bytes,     649112 total
- age   4:      26768 bytes,     675880 total
- age   5:       5552 bytes,     681432 total
- age   6:       3208 bytes,     684640 total
: 137510K->748K(153344K), 0.0072737 secs] 311163K->174411K(1031552K), 0.0073794 secs] [Times: user=0.01 sys=0.00, real=0.00 secs] 
2016-08-16T04:08:54.918+0000: 298008.889: Total time for which application threads were stopped: 0.0080631 seconds, Stopping threads took: 0.0000862 seconds
2016-08-16T04:09:05.181+0000: 298019.152: [GC (Allocation Failure) 298019.152: [ParNew
Desired survivor size 8716288 bytes, new threshold 6 (max 6)
- age   1:     497040 bytes,     497040 total
- age   2:      36784 bytes,     533824 total
- age   3:      31096 bytes,     564920 total
- age   4:       4312 bytes,     569232 total
- age   5:      26696 bytes,     595928 total
- age   6:       5488 bytes,     601416 total
: 137068K->722K(153344K), 0.0069557 secs] 310731K->174387K(1031552K), 0.0070543 secs] [Times: user=0.02 sys=0.00, real=0.01 secs] 
2016-08-16T04:09:05.189+0000: 298019.159: Total time for which application threads were stopped: 0.0078318 seconds, Stopping threads took: 0.0000902 seconds
2016-08-16T04:09:14.937+0000: 298028.907: [GC (Allocation Failure) 298028.907: [ParNew
Desired survivor size 8716288 bytes, new threshold 6 (max 6)
- age   1:     542528 bytes,     542528 total
- age   2:      22856 bytes,     565384 total
- age   3:      10064 bytes,     575448 total
- age   4:      25976 bytes,     601424 total
- age   5:       4168 bytes,     605592 total
- age   6:      26696 bytes,     632288 total
: 137042K->678K(153344K), 0.0069589 secs] 310707K->174349K(1031552K), 0.0070829 secs] [Times: user=0.01 sys=0.00, real=0.01 secs] 
2016-08-16T04:09:14.944+0000: 298028.914: Total time for which application threads were stopped: 0.0078617 seconds, Stopping threads took: 0.0000972 seconds
2016-08-16T04:09:23.485+0000: 298037.455: Total time for which application threads were stopped: 0.0007470 seconds, Stopping threads took: 0.0002112 seconds
2016-08-16T04:09:24.916+0000: 298038.886: [GC (Allocation Failure) 298038.886: [ParNew
Desired survivor size 8716288 bytes, new threshold 6 (max 6)
- age   1:     623552 bytes,     623552 total
- age   2:      25872 bytes,     649424 total
- age   3:       3472 bytes,     652896 total
- age   4:       6600 bytes,     659496 total
- age   5:      22952 bytes,     682448 total
- age   6:       3592 bytes,     686040 total
: 136998K->746K(153344K), 0.0073732 secs] 310669K->174438K(1031552K), 0.0074653 secs] [Times: user=0.02 sys=0.00, real=0.01 secs] 
2016-08-16T04:09:24.923+0000: 298038.894: Total time for which application threads were stopped: 0.0080768 seconds, Stopping threads took: 0.0000717 seconds
2016-08-16T04:09:28.519+0000: 298042.489: [GC (Allocation Failure) 298042.489: [ParNew
Desired survivor size 8716288 bytes, new threshold 6 (max 6)
- age   1:     241320 bytes,     241320 total
- age   2:      60176 bytes,     301496 total
- age   3:       6760 bytes,     308256 total
- age   4:       3328 bytes,     311584 total
- age   5:       6528 bytes,     318112 total
- age   6:      22952 bytes,     341064 total
: 137066K->382K(153344K), 0.0104976 secs] 310758K->174077K(1031552K), 0.0106863 secs] [Times: user=0.02 sys=0.00, real=0.02 secs] 
2016-08-16T04:09:28.530+0000: 298042.500: Total time for which application threads were stopped: 0.0122240 seconds, Stopping threads took: 0.0001970 seconds
2016-08-16T04:09:35.155+0000: 298049.125: [GC (Allocation Failure) 298049.125: [ParNew
Desired survivor size 8716288 bytes, new threshold 6 (max 6)
- age   1:     299720 bytes,     299720 total
- age   2:       4144 bytes,     303864 total
- age   3:      28240 bytes,     332104 total
- age   4:       6704 bytes,     338808 total
- age   5:       3328 bytes,     342136 total
- age   6:       6464 bytes,     348600 total
: 136702K->425K(153344K), 0.0064853 secs] 310397K->174143K(1031552K), 0.0065854 secs] [Times: user=0.01 sys=0.00, real=0.01 secs] 
2016-08-16T04:09:35.162+0000: 298049.132: Total time for which application threads were stopped: 0.0071755 seconds, Stopping threads took: 0.0000755 seconds
2016-08-16T04:09:44.966+0000: 298058.936: [GC (Allocation Failure) 298058.936: [ParNew
Desired survivor size 8716288 bytes, new threshold 6 (max 6)
- age   1:     907904 bytes,     907904 total
- age   2:       9808 bytes,     917712 total
- age   3:       3504 bytes,     921216 total
- age   4:      25208 bytes,     946424 total
- age   5:       4480 bytes,     950904 total
- age   6:       3200 bytes,     954104 total
: 136745K->982K(153344K), 0.0086273 secs] 310463K->174705K(1031552K), 0.0087349 secs] [Times: user=0.01 sys=0.00, real=0.01 secs] 
2016-08-16T04:09:44.975+0000: 298058.945: Total time for which application threads were stopped: 0.0093687 seconds, Stopping threads took: 0.0000826 seconds
2016-08-16T04:09:54.952+0000: 298068.922: [GC (Allocation Failure) 298068.923: [ParNew
Desired survivor size 8716288 bytes, new threshold 6 (max 6)
- age   1:     569968 bytes,     569968 total
- age   2:      32744 bytes,     602712 total
- age   3:       2488 bytes,     605200 total
- age   4:       3304 bytes,     608504 total
- age   5:      22224 bytes,     630728 total
- age   6:       4480 bytes,     635208 total
: 137302K->740K(153344K), 0.0086855 secs] 311025K->174467K(1031552K), 0.0087887 secs] [Times: user=0.02 sys=0.00, real=0.01 secs] 
2016-08-16T04:09:54.961+0000: 298068.931: Total time for which application threads were stopped: 0.0094485 seconds, Stopping threads took: 0.0000885 seconds
2016-08-16T04:10:04.923+0000: 298078.893: [GC (Allocation Failure) 298078.893: [ParNew
Desired survivor size 8716288 bytes, new threshold 6 (max 6)
- age   1:     507008 bytes,     507008 total
- age   2:      36520 bytes,     543528 total
- age   3:      13664 bytes,     557192 total
- age   4:       2488 bytes,     559680 total
- age   5:       3200 bytes,     562880 total
- age   6:      22000 bytes,     584880 total
: 137060K->597K(153344K), 0.0072853 secs] 310787K->174329K(1031552K), 0.0073897 secs] [Times: user=0.01 sys=0.00, real=0.01 secs] 
2016-08-16T04:10:04.930+0000: 298078.901: Total time for which application threads were stopped: 0.0080898 seconds, Stopping threads took: 0.0000984 seconds
2016-08-16T04:10:14.929+0000: 298088.899: [GC (Allocation Failure) 298088.899: [ParNew
Desired survivor size 8716288 bytes, new threshold 6 (max 6)
- age   1:     573640 bytes,     573640 total
- age   2:      24904 bytes,     598544 total
- age   3:       9584 bytes,     608128 total
- age   4:       9400 bytes,     617528 total
- age   5:       2488 bytes,     620016 total
- age   6:       3200 bytes,     623216 total
: 136917K->680K(153344K), 0.0090472 secs] 310649K->174433K(1031552K), 0.0091773 secs] [Times: user=0.02 sys=0.00, real=0.00 secs] 
2016-08-16T04:10:14.939+0000: 298088.909: Total time for which application threads were stopped: 0.0099000 seconds, Stopping threads took: 0.0000728 seconds
2016-08-16T04:10:23.486+0000: 298097.456: Total time for which application threads were stopped: 0.0007329 seconds, Stopping threads took: 0.0001443 seconds
2016-08-16T04:10:24.944+0000: 298098.915: [GC (Allocation Failure) 298098.915: [ParNew
Desired survivor size 8716288 bytes, new threshold 6 (max 6)
- age   1:     618560 bytes,     618560 total
- age   2:      30872 bytes,     649432 total
- age   3:       5504 bytes,     654936 total
- age   4:       6760 bytes,     661696 total
- age   5:       7776 bytes,     669472 total
- age   6:       2272 bytes,     671744 total
: 137000K->714K(153344K), 0.0077171 secs] 310753K->174470K(1031552K), 0.0078198 secs] [Times: user=0.01 sys=0.00, real=0.01 secs] 
2016-08-16T04:10:24.952+0000: 298098.923: Total time for which application threads were stopped: 0.0085020 seconds, Stopping threads took: 0.0000779 seconds
2016-08-16T04:10:34.921+0000: 298108.891: [GC (Allocation Failure) 298108.891: [ParNew
Desired survivor size 8716288 bytes, new threshold 6 (max 6)
- age   1:     519920 bytes,     519920 total
- age   2:      47224 bytes,     567144 total
- age   3:      11656 bytes,     578800 total
- age   4:       5472 bytes,     584272 total
- age   5:       6688 bytes,     590960 total
- age   6:       7616 bytes,     598576 total
: 137034K->658K(153344K), 0.0093254 secs] 310790K->174416K(1031552K), 0.0094310 secs] [Times: user=0.02 sys=0.00, real=0.01 secs] 
2016-08-16T04:10:34.931+0000: 298108.901: Total time for which application threads were stopped: 0.0100309 seconds, Stopping threads took: 0.0000689 seconds
2016-08-16T04:10:44.912+0000: 298118.882: [GC (Allocation Failure) 298118.882: [ParNew
Desired survivor size 8716288 bytes, new threshold 6 (max 6)
- age   1:     963952 bytes,     963952 total
- age   2:      29760 bytes,     993712 total
- age   3:      25400 bytes,    1019112 total
- age   4:      10280 bytes,    1029392 total
- age   5:       5272 bytes,    1034664 total
- age   6:       6400 bytes,    1041064 total
: 136978K->1092K(153344K), 0.0099438 secs] 310736K->174857K(1031552K), 0.0100833 secs] [Times: user=0.02 sys=0.00, real=0.01 secs] 
2016-08-16T04:10:44.922+0000: 298118.892: Total time for which application threads were stopped: 0.0107747 seconds, Stopping threads took: 0.0000755 seconds
2016-08-16T04:10:54.929+0000: 298128.900: [GC (Allocation Failure) 298128.900: [ParNew
Desired survivor size 8716288 bytes, new threshold 6 (max 6)
- age   1:     590904 bytes,     590904 total
- age   2:      34968 bytes,     625872 total
- age   3:       4112 bytes,     629984 total
- age   4:      22688 bytes,     652672 total
- age   5:      10280 bytes,     662952 total
- age   6:       5272 bytes,     668224 total
: 137412K->728K(153344K), 0.0086283 secs] 311177K->174500K(1031552K), 0.0087549 secs] [Times: user=0.02 sys=0.00, real=0.00 secs] 
2016-08-16T04:10:54.938+0000: 298128.909: Total time for which application threads were stopped: 0.0095251 seconds, Stopping threads took: 0.0000832 seconds
2016-08-16T04:11:04.926+0000: 298138.896: [GC (Allocation Failure) 298138.896: [ParNew
Desired survivor size 8716288 bytes, new threshold 6 (max 6)
- age   1:     475728 bytes,     475728 total
- age   2:      36440 bytes,     512168 total
- age   3:      15904 bytes,     528072 total
- age   4:       4016 bytes,     532088 total
- age   5:      22480 bytes,     554568 total
- age   6:      10216 bytes,     564784 total
: 137048K->674K(153344K), 0.0073213 secs] 310820K->174451K(1031552K), 0.0074254 secs] [Times: user=0.01 sys=0.00, real=0.01 secs] 
2016-08-16T04:11:04.933+0000: 298138.904: Total time for which application threads were stopped: 0.0081094 seconds, Stopping threads took: 0.0000898 seconds
2016-08-16T04:11:14.930+0000: 298148.900: [GC (Allocation Failure) 298148.900: [ParNew
Desired survivor size 8716288 bytes, new threshold 6 (max 6)
- age   1:     580808 bytes,     580808 total
- age   2:      27144 bytes,     607952 total
- age   3:       9720 bytes,     617672 total
- age   4:      12032 bytes,     629704 total
- age   5:       4016 bytes,     633720 total
- age   6:      22416 bytes,     656136 total
: 136994K->679K(153344K), 0.0070302 secs] 310771K->174466K(1031552K), 0.0071253 secs] [Times: user=0.01 sys=0.00, real=0.00 secs] 
2016-08-16T04:11:14.937+0000: 298148.907: Total time for which application threads were stopped: 0.0077926 seconds, Stopping threads took: 0.0000789 seconds
2016-08-16T04:11:23.486+0000: 298157.456: Total time for which application threads were stopped: 0.0007773 seconds, Stopping threads took: 0.0001196 seconds
2016-08-16T04:11:29.338+0000: 298163.308: [GC (Allocation Failure) 298163.308: [ParNew
Desired survivor size 8716288 bytes, new threshold 6 (max 6)
- age   1:     759864 bytes,     759864 total
- age   2:      25944 bytes,     785808 total
- age   3:       7048 bytes,     792856 total
- age   4:       7048 bytes,     799904 total
- age   5:      10968 bytes,     810872 total
- age   6:       3584 bytes,     814456 total
: 136999K->857K(153344K), 0.0073952 secs] 310786K->174659K(1031552K), 0.0075041 secs] [Times: user=0.01 sys=0.00, real=0.01 secs] 
2016-08-16T04:11:29.345+0000: 298163.316: Total time for which application threads were stopped: 0.0081521 seconds, Stopping threads took: 0.0000746 seconds
2016-08-16T04:11:35.110+0000: 298169.080: [GC (Allocation Failure) 298169.080: [ParNew
Desired survivor size 8716288 bytes, new threshold 6 (max 6)
- age   1:     420336 bytes,     420336 total
- age   2:      48080 bytes,     468416 total
- age   3:       6752 bytes,     475168 total
- age   4:       7048 bytes,     482216 total
- age   5:       6976 bytes,     489192 total
- age   6:      10896 bytes,     500088 total
: 137177K->490K(153344K), 0.0064770 secs] 310979K->174295K(1031552K), 0.0065684 secs] [Times: user=0.01 sys=0.00, real=0.00 secs] 
2016-08-16T04:11:35.117+0000: 298169.087: Total time for which application threads were stopped: 0.0072095 seconds, Stopping threads took: 0.0000780 seconds
2016-08-16T04:11:36.891+0000: 298170.862: [GC (Allocation Failure) 298170.862: [ParNew
Desired survivor size 8716288 bytes, new threshold 6 (max 6)
- age   1:     705984 bytes,     705984 total
- age   2:      34248 bytes,     740232 total
- age   3:      25536 bytes,     765768 total
- age   4:       4152 bytes,     769920 total
- age   5:       6920 bytes,     776840 total
- age   6:       6696 bytes,     783536 total
: 136810K->828K(153344K), 0.0065721 secs] 310615K->174644K(1031552K), 0.0066560 secs] [Times: user=0.02 sys=0.00, real=0.00 secs] 
2016-08-16T04:11:36.898+0000: 298170.869: Total time for which application threads were stopped: 0.0072073 seconds, Stopping threads took: 0.0000736 seconds
2016-08-16T04:11:44.937+0000: 298178.908: [GC (Allocation Failure) 298178.908: [ParNew
Desired survivor size 8716288 bytes, new threshold 6 (max 6)
- age   1:     421896 bytes,     421896 total
- age   2:       9848 bytes,     431744 total
- age   3:      10464 bytes,     442208 total
- age   4:      24952 bytes,     467160 total
- age   5:       3992 bytes,     471152 total
- age   6:       6784 bytes,     477936 total
: 137148K->560K(153344K), 0.0074005 secs] 310964K->174383K(1031552K), 0.0075233 secs] [Times: user=0.01 sys=0.00, real=0.01 secs] 
2016-08-16T04:11:44.945+0000: 298178.915: Total time for which application threads were stopped: 0.0082384 seconds, Stopping threads took: 0.0001126 seconds
2016-08-16T04:11:54.954+0000: 298188.925: [GC (Allocation Failure) 298188.925: [ParNew
Desired survivor size 8716288 bytes, new threshold 6 (max 6)
- age   1:     570672 bytes,     570672 total
- age   2:      27424 bytes,     598096 total
- age   3:       8456 bytes,     606552 total
- age   4:       3808 bytes,     610360 total
- age   5:      22304 bytes,     632664 total
- age   6:       3928 bytes,     636592 total
: 136880K->759K(153344K), 0.0088502 secs] 310703K->174588K(1031552K), 0.0089583 secs] [Times: user=0.01 sys=0.00, real=0.01 secs] 
2016-08-16T04:11:54.963+0000: 298188.934: Total time for which application threads were stopped: 0.0095653 seconds, Stopping threads took: 0.0000706 seconds
2016-08-16T04:12:04.948+0000: 298198.919: [GC (Allocation Failure) 298198.919: [ParNew
Desired survivor size 8716288 bytes, new threshold 6 (max 6)
- age   1:     488848 bytes,     488848 total
- age   2:      37296 bytes,     526144 total
- age   3:       8256 bytes,     534400 total
- age   4:       8456 bytes,     542856 total
- age   5:       3744 bytes,     546600 total
- age   6:      22128 bytes,     568728 total
: 137079K->590K(153344K), 0.0067550 secs] 310908K->174423K(1031552K), 0.0068711 secs] [Times: user=0.01 sys=0.01, real=0.00 secs] 
2016-08-16T04:12:04.955+0000: 298198.926: Total time for which application threads were stopped: 0.0075424 seconds, Stopping threads took: 0.0000837 seconds
2016-08-16T04:12:14.941+0000: 298208.911: [GC (Allocation Failure) 298208.911: [ParNew
Desired survivor size 8716288 bytes, new threshold 6 (max 6)
- age   1:     579832 bytes,     579832 total
- age   2:      23328 bytes,     603160 total
- age   3:      10480 bytes,     613640 total
- age   4:       4896 bytes,     618536 total
- age   5:       6760 bytes,     625296 total
- age   6:       3616 bytes,     628912 total
: 136910K->696K(153344K), 0.0076492 secs] 310743K->174551K(1031552K), 0.0077742 secs] [Times: user=0.02 sys=0.00, real=0.01 secs] 
2016-08-16T04:12:14.949+0000: 298208.919: Total time for which application threads were stopped: 0.0084787 seconds, Stopping threads took: 0.0000789 seconds
2016-08-16T04:12:23.485+0000: 298217.455: Total time for which application threads were stopped: 0.0024513 seconds, Stopping threads took: 0.0019978 seconds
2016-08-16T04:12:24.924+0000: 298218.894: [GC (Allocation Failure) 298218.894: [ParNew
Desired survivor size 8716288 bytes, new threshold 6 (max 6)
- age   1:     669576 bytes,     669576 total
- age   2:      25824 bytes,     695400 total
- age   3:       3928 bytes,     699328 total
- age   4:       7056 bytes,     706384 total
- age   5:       4480 bytes,     710864 total
- age   6:       5592 bytes,     716456 total
: 137016K->750K(153344K), 0.0076584 secs] 310871K->174608K(1031552K), 0.0077777 secs] [Times: user=0.01 sys=0.00, real=0.01 secs] 
2016-08-16T04:12:24.932+0000: 298218.902: Total time for which application threads were stopped: 0.0084581 seconds, Stopping threads took: 0.0000977 seconds
2016-08-16T04:12:34.917+0000: 298228.887: [GC (Allocation Failure) 298228.887: [ParNew
Desired survivor size 8716288 bytes, new threshold 6 (max 6)
- age   1:     492240 bytes,     492240 total
- age   2:      54320 bytes,     546560 total
- age   3:       6624 bytes,     553184 total
- age   4:       3896 bytes,     557080 total
- age   5:       6984 bytes,     564064 total
- age   6:       4416 bytes,     568480 total
: 137070K->656K(153344K), 0.0079854 secs] 310928K->174520K(1031552K), 0.0080796 secs] [Times: user=0.01 sys=0.00, real=0.01 secs] 
2016-08-16T04:12:34.925+0000: 298228.895: Total time for which application threads were stopped: 0.0087396 seconds, Stopping threads took: 0.0000772 seconds
2016-08-16T04:12:36.131+0000: 298230.101: Total time for which application threads were stopped: 0.0023239 seconds, Stopping threads took: 0.0000925 seconds
2016-08-16T04:12:44.925+0000: 298238.896: [GC (Allocation Failure) 298238.896: [ParNew
Desired survivor size 8716288 bytes, new threshold 6 (max 6)
- age   1:     908640 bytes,     908640 total
- age   2:      29504 bytes,     938144 total
- age   3:      32480 bytes,     970624 total
- age   4:       3720 bytes,     974344 total
- age   5:       3800 bytes,     978144 total
- age   6:       6624 bytes,     984768 total
: 136976K->1030K(153344K), 0.0075990 secs] 310840K->174895K(1031552K), 0.0077065 secs] [Times: user=0.02 sys=0.00, real=0.01 secs] 
2016-08-16T04:12:44.933+0000: 298238.903: Total time for which application threads were stopped: 0.0083815 seconds, Stopping threads took: 0.0000823 seconds
2016-08-16T04:12:54.924+0000: 298248.894: [GC (Allocation Failure) 298248.894: [ParNew
Desired survivor size 8716288 bytes, new threshold 6 (max 6)
- age   1:     617464 bytes,     617464 total
- age   2:      33944 bytes,     651408 total
- age   3:       3872 bytes,     655280 total
- age   4:      29664 bytes,     684944 total
- age   5:       3656 bytes,     688600 total
- age   6:       3800 bytes,     692400 total
: 137350K->826K(153344K), 0.0080606 secs] 311215K->174697K(1031552K), 0.0081586 secs] [Times: user=0.02 sys=0.00, real=0.01 secs] 
2016-08-16T04:12:54.932+0000: 298248.902: Total time for which application threads were stopped: 0.0088044 seconds, Stopping threads took: 0.0000823 seconds
2016-08-16T04:13:04.929+0000: 298258.899: [GC (Allocation Failure) 298258.899: [ParNew
Desired survivor size 8716288 bytes, new threshold 6 (max 6)
- age   1:     462656 bytes,     462656 total
- age   2:      40136 bytes,     502792 total
- age   3:      14736 bytes,     517528 total
- age   4:       3696 bytes,     521224 total
- age   5:      29360 bytes,     550584 total
- age   6:       3592 bytes,     554176 total
: 137146K->608K(153344K), 0.0073275 secs] 311017K->174484K(1031552K), 0.0074311 secs] [Times: user=0.02 sys=0.00, real=0.00 secs] 
2016-08-16T04:13:04.936+0000: 298258.907: Total time for which application threads were stopped: 0.0081080 seconds, Stopping threads took: 0.0000741 seconds
2016-08-16T04:13:14.907+0000: 298268.878: [GC (Allocation Failure) 298268.878: [ParNew
Desired survivor size 8716288 bytes, new threshold 6 (max 6)
- age   1:     563864 bytes,     563864 total
- age   2:      28672 bytes,     592536 total
- age   3:      13480 bytes,     606016 total
- age   4:      11416 bytes,     617432 total
- age   5:       3568 bytes,     621000 total
- age   6:      29288 bytes,     650288 total
: 136928K->765K(153344K), 0.0076186 secs] 310804K->174644K(1031552K), 0.0077484 secs] [Times: user=0.01 sys=0.00, real=0.01 secs] 
2016-08-16T04:13:14.915+0000: 298268.886: Total time for which application threads were stopped: 0.0084487 seconds, Stopping threads took: 0.0000732 seconds
2016-08-16T04:13:23.493+0000: 298277.463: Total time for which application threads were stopped: 0.0012935 seconds, Stopping threads took: 0.0002517 seconds
2016-08-16T04:13:24.917+0000: 298278.887: [GC (Allocation Failure) 298278.887: [ParNew
Desired survivor size 8716288 bytes, new threshold 6 (max 6)
- age   1:     601024 bytes,     601024 total
- age   2:      26672 bytes,     627696 total
- age   3:       8960 bytes,     636656 total
- age   4:      10648 bytes,     647304 total
- age   5:      10552 bytes,     657856 total
- age   6:       2768 bytes,     660624 total
: 137085K->747K(153344K), 0.0077950 secs] 310964K->174646K(1031552K), 0.0078922 secs] [Times: user=0.02 sys=0.00, real=0.01 secs] 
2016-08-16T04:13:24.925+0000: 298278.895: Total time for which application threads were stopped: 0.0085771 seconds, Stopping threads took: 0.0000925 seconds
2016-08-16T04:13:34.923+0000: 298288.893: [GC (Allocation Failure) 298288.893: [ParNew
Desired survivor size 8716288 bytes, new threshold 6 (max 6)
- age   1:     482048 bytes,     482048 total
- age   2:      45664 bytes,     527712 total
- age   3:       7040 bytes,     534752 total
- age   4:       8800 bytes,     543552 total
- age   5:      10576 bytes,     554128 total
- age   6:      10480 bytes,     564608 total
: 137067K->651K(153344K), 0.0074885 secs] 310966K->174553K(1031552K), 0.0075868 secs] [Times: user=0.02 sys=0.00, real=0.01 secs] 
2016-08-16T04:13:34.931+0000: 298288.901: Total time for which application threads were stopped: 0.0082609 seconds, Stopping threads took: 0.0000841 seconds
2016-08-16T04:13:44.904+0000: 298298.874: [GC (Allocation Failure) 298298.874: [ParNew
Desired survivor size 8716288 bytes, new threshold 6 (max 6)
- age   1:    1016128 bytes,    1016128 total
- age   2:      30304 bytes,    1046432 total
- age   3:      24344 bytes,    1070776 total
- age   4:       4888 bytes,    1075664 total
- age   5:       8600 bytes,    1084264 total
- age   6:      10096 bytes,    1094360 total
: 136971K->1207K(153344K), 0.0082355 secs] 310873K->175120K(1031552K), 0.0083328 secs] [Times: user=0.01 sys=0.00, real=0.01 secs] 
2016-08-16T04:13:44.912+0000: 298298.882: Total time for which application threads were stopped: 0.0089470 seconds, Stopping threads took: 0.0000746 seconds
2016-08-16T04:13:49.404+0000: 298303.374: [GC (Allocation Failure) 298303.374: [ParNew
Desired survivor size 8716288 bytes, new threshold 6 (max 6)
- age   1:     236464 bytes,     236464 total
- age   2:      52672 bytes,     289136 total
- age   3:      11288 bytes,     300424 total
- age   4:      24272 bytes,     324696 total
- age   5:       4888 bytes,     329584 total
- age   6:       8600 bytes,     338184 total
: 137527K->412K(153344K), 0.0132358 secs] 311440K->174334K(1031552K), 0.0134274 secs] [Times: user=0.03 sys=0.00, real=0.01 secs] 
2016-08-16T04:13:49.417+0000: 298303.388: Total time for which application threads were stopped: 0.0149963 seconds, Stopping threads took: 0.0002037 seconds
2016-08-16T04:13:54.945+0000: 298308.915: [GC (Allocation Failure) 298308.915: [ParNew
Desired survivor size 8716288 bytes, new threshold 6 (max 6)
- age   1:     368680 bytes,     368680 total
- age   2:       7144 bytes,     375824 total
- age   3:      29816 bytes,     405640 total
- age   4:       4544 bytes,     410184 total
- age   5:      22608 bytes,     432792 total
- age   6:       4824 bytes,     437616 total
: 136732K->444K(153344K), 0.0067824 secs] 310654K->174375K(1031552K), 0.0068997 secs] [Times: user=0.01 sys=0.00, real=0.01 secs] 
2016-08-16T04:13:54.952+0000: 298308.922: Total time for which application threads were stopped: 0.0075846 seconds, Stopping threads took: 0.0000840 seconds
2016-08-16T04:14:04.938+0000: 298318.908: [GC (Allocation Failure) 298318.908: [ParNew
Desired survivor size 8716288 bytes, new threshold 6 (max 6)
- age   1:     453456 bytes,     453456 total
- age   2:      35032 bytes,     488488 total
- age   3:       3328 bytes,     491816 total
- age   4:      29320 bytes,     521136 total
- age   5:       4512 bytes,     525648 total
- age   6:      22392 bytes,     548040 total
: 136764K->585K(153344K), 0.0070483 secs] 310695K->174521K(1031552K), 0.0071506 secs] [Times: user=0.02 sys=0.00, real=0.01 secs] 
2016-08-16T04:14:04.945+0000: 298318.915: Total time for which application threads were stopped: 0.0078248 seconds, Stopping threads took: 0.0000810 seconds
2016-08-16T04:14:14.947+0000: 298328.917: [GC (Allocation Failure) 298328.917: [ParNew
Desired survivor size 8716288 bytes, new threshold 6 (max 6)
- age   1:     544400 bytes,     544400 total
- age   2:      22664 bytes,     567064 total
- age   3:       8336 bytes,     575400 total
- age   4:       3200 bytes,     578600 total
- age   5:      25144 bytes,     603744 total
- age   6:       4512 bytes,     608256 total
: 136905K->690K(153344K), 0.0076744 secs] 310841K->174648K(1031552K), 0.0077931 secs] [Times: user=0.02 sys=0.00, real=0.01 secs] 
2016-08-16T04:14:14.955+0000: 298328.925: Total time for which application threads were stopped: 0.0085186 seconds, Stopping threads took: 0.0001050 seconds
2016-08-16T04:14:23.487+0000: 298337.457: Total time for which application threads were stopped: 0.0009103 seconds, Stopping threads took: 0.0001606 seconds
2016-08-16T04:14:24.914+0000: 298338.884: [GC (Allocation Failure) 298338.884: [ParNew
Desired survivor size 8716288 bytes, new threshold 6 (max 6)
- age   1:     658776 bytes,     658776 total
- age   2:      26592 bytes,     685368 total
- age   3:       3432 bytes,     688800 total
- age   4:       4728 bytes,     693528 total
- age   5:       3128 bytes,     696656 total
- age   6:      23512 bytes,     720168 total
: 137010K->834K(153344K), 0.0076862 secs] 310968K->174795K(1031552K), 0.0077833 secs] [Times: user=0.02 sys=0.00, real=0.01 secs] 
2016-08-16T04:14:24.922+0000: 298338.892: Total time for which application threads were stopped: 0.0084514 seconds, Stopping threads took: 0.0000821 seconds
2016-08-16T04:14:34.948+0000: 298348.919: [GC (Allocation Failure) 298348.919: [ParNew
Desired survivor size 8716288 bytes, new threshold 6 (max 6)
- age   1:     485504 bytes,     485504 total
- age   2:      46776 bytes,     532280 total
- age   3:       7360 bytes,     539640 total
- age   4:       3400 bytes,     543040 total
- age   5:       4656 bytes,     547696 total
- age   6:       3096 bytes,     550792 total
: 137154K->603K(153344K), 0.0080889 secs] 311115K->174588K(1031552K), 0.0081885 secs] [Times: user=0.02 sys=0.00, real=0.00 secs] 
2016-08-16T04:14:34.957+0000: 298348.927: Total time for which application threads were stopped: 0.0089671 seconds, Stopping threads took: 0.0000844 seconds
2016-08-16T04:14:44.936+0000: 298358.906: [GC (Allocation Failure) 298358.906: [ParNew
Desired survivor size 8716288 bytes, new threshold 6 (max 6)
- age   1:     957736 bytes,     957736 total
- age   2:      29440 bytes,     987176 total
- age   3:      25200 bytes,    1012376 total
- age   4:       4640 bytes,    1017016 total
- age   5:       3272 bytes,    1020288 total
- age   6:       4304 bytes,    1024592 total
: 136923K->1047K(153344K), 0.0086302 secs] 310908K->175035K(1031552K), 0.0087537 secs] [Times: user=0.01 sys=0.00, real=0.01 secs] 
2016-08-16T04:14:44.945+0000: 298358.915: Total time for which application threads were stopped: 0.0094406 seconds, Stopping threads took: 0.0000887 seconds
2016-08-16T04:14:54.917+0000: 298368.887: [GC (Allocation Failure) 298368.887: [ParNew
Desired survivor size 8716288 bytes, new threshold 6 (max 6)
- age   1:     521408 bytes,     521408 total
- age   2:      34600 bytes,     556008 total
- age   3:       3744 bytes,     559752 total
- age   4:      22488 bytes,     582240 total
- age   5:       4640 bytes,     586880 total
- age   6:       3272 bytes,     590152 total
: 137367K->670K(153344K), 0.0096551 secs] 311355K->174662K(1031552K), 0.0098239 secs] [Times: user=0.02 sys=0.00, real=0.01 secs] 
2016-08-16T04:14:54.927+0000: 298368.897: Total time for which application threads were stopped: 0.0108052 seconds, Stopping threads took: 0.0001230 seconds
2016-08-16T04:15:04.918+0000: 298378.889: [GC (Allocation Failure) 298378.889: [ParNew
Desired survivor size 8716288 bytes, new threshold 6 (max 6)
- age   1:     428648 bytes,     428648 total
- age   2:      36168 bytes,     464816 total
- age   3:      15584 bytes,     480400 total
- age   4:       3648 bytes,     484048 total
- age   5:      22288 bytes,     506336 total
- age   6:       4576 bytes,     510912 total
: 136990K->574K(153344K), 0.0072773 secs] 310982K->174569K(1031552K), 0.0073928 secs] [Times: user=0.02 sys=0.00, real=0.01 secs] 
2016-08-16T04:15:04.926+0000: 298378.896: Total time for which application threads were stopped: 0.0080719 seconds, Stopping threads took: 0.0000811 seconds
2016-08-16T04:15:15.168+0000: 298389.138: [GC (Allocation Failure) 298389.138: [ParNew
Desired survivor size 8716288 bytes, new threshold 6 (max 6)
- age   1:     513848 bytes,     513848 total
- age   2:      23808 bytes,     537656 total
- age   3:      10032 bytes,     547688 total
- age   4:      10496 bytes,     558184 total
- age   5:       3648 bytes,     561832 total
- age   6:      22224 bytes,     584056 total
: 136894K->725K(153344K), 0.0070774 secs] 310889K->174725K(1031552K), 0.0071829 secs] [Times: user=0.01 sys=0.01, real=0.01 secs] 
2016-08-16T04:15:15.175+0000: 298389.146: Total time for which application threads were stopped: 0.0078762 seconds, Stopping threads took: 0.0000914 seconds
2016-08-16T04:15:23.497+0000: 298397.467: Total time for which application threads were stopped: 0.0006127 seconds, Stopping threads took: 0.0000885 seconds
2016-08-16T04:15:24.499+0000: 298398.469: Total time for which application threads were stopped: 0.0013294 seconds, Stopping threads took: 0.0002177 seconds
2016-08-16T04:15:24.911+0000: 298398.882: [GC (Allocation Failure) 298398.882: [ParNew
Desired survivor size 8716288 bytes, new threshold 6 (max 6)
- age   1:     613992 bytes,     613992 total
- age   2:      33688 bytes,     647680 total
- age   3:       3984 bytes,     651664 total
- age   4:       6592 bytes,     658256 total
- age   5:       9704 bytes,     667960 total
- age   6:       3144 bytes,     671104 total
: 137045K->735K(153344K), 0.0083407 secs] 311045K->174749K(1031552K), 0.0084473 secs] [Times: user=0.01 sys=0.00, real=0.00 secs] 
2016-08-16T04:15:24.920+0000: 298398.890: Total time for which application threads were stopped: 0.0090599 seconds, Stopping threads took: 0.0000727 seconds
2016-08-16T04:15:34.897+0000: 298408.867: [GC (Allocation Failure) 298408.867: [ParNew
Desired survivor size 8716288 bytes, new threshold 6 (max 6)
- age   1:     486024 bytes,     486024 total
- age   2:      43656 bytes,     529680 total
- age   3:       5600 bytes,     535280 total
- age   4:       3744 bytes,     539024 total
- age   5:       6456 bytes,     545480 total
- age   6:       9704 bytes,     555184 total
: 137055K->642K(153344K), 0.0081282 secs] 311069K->174658K(1031552K), 0.0082297 secs] [Times: user=0.02 sys=0.00, real=0.01 secs] 
2016-08-16T04:15:34.905+0000: 298408.875: Total time for which application threads were stopped: 0.0088939 seconds, Stopping threads took: 0.0000849 seconds
2016-08-16T04:15:44.915+0000: 298418.886: [GC (Allocation Failure) 298418.886: [ParNew
Desired survivor size 8716288 bytes, new threshold 6 (max 6)
- age   1:     906912 bytes,     906912 total
- age   2:      30744 bytes,     937656 total
- age   3:      22640 bytes,     960296 total
- age   4:       4088 bytes,     964384 total
- age   5:       3616 bytes,     968000 total
- age   6:       6104 bytes,     974104 total
: 136962K->1075K(153344K), 0.0086508 secs] 310978K->175098K(1031552K), 0.0087819 secs] [Times: user=0.01 sys=0.00, real=0.01 secs] 
2016-08-16T04:15:44.924+0000: 298418.895: Total time for which application threads were stopped: 0.0095647 seconds, Stopping threads took: 0.0001080 seconds
2016-08-16T04:15:54.916+0000: 298428.886: [GC (Allocation Failure) 298428.886: [ParNew
Desired survivor size 8716288 bytes, new threshold 6 (max 6)
- age   1:     528304 bytes,     528304 total
- age   2:      40120 bytes,     568424 total
- age   3:       4936 bytes,     573360 total
- age   4:      20696 bytes,     594056 total
- age   5:       4024 bytes,     598080 total
- age   6:       3616 bytes,     601696 total
: 137395K->684K(153344K), 0.0105408 secs] 311418K->174713K(1031552K), 0.0106895 secs] [Times: user=0.02 sys=0.00, real=0.01 secs] 
2016-08-16T04:15:54.926+0000: 298428.897: Total time for which application threads were stopped: 0.0114689 seconds, Stopping threads took: 0.0000864 seconds
2016-08-16T04:16:04.880+0000: 298438.850: [GC (Allocation Failure) 298438.850: [ParNew
Desired survivor size 8716288 bytes, new threshold 6 (max 6)
- age   1:     445464 bytes,     445464 total
- age   2:      36648 bytes,     482112 total
- age   3:      20976 bytes,     503088 total
- age   4:       4880 bytes,     507968 total
- age   5:      20552 bytes,     528520 total
- age   6:       3952 bytes,     532472 total
: 137004K->622K(153344K), 0.0072930 secs] 311033K->174655K(1031552K), 0.0073981 secs] [Times: user=0.01 sys=0.00, real=0.01 secs] 
2016-08-16T04:16:04.887+0000: 298438.858: Total time for which application threads were stopped: 0.0081074 seconds, Stopping threads took: 0.0001269 seconds
2016-08-16T04:16:14.481+0000: 298448.451: [GC (Allocation Failure) 298448.451: [ParNew
Desired survivor size 8716288 bytes, new threshold 6 (max 6)
- age   1:     646512 bytes,     646512 total
- age   2:      23192 bytes,     669704 total
- age   3:      10520 bytes,     680224 total
- age   4:      18592 bytes,     698816 total
- age   5:       4752 bytes,     703568 total
- age   6:      20480 bytes,     724048 total
: 136942K->802K(153344K), 0.0078965 secs] 310975K->174838K(1031552K), 0.0080041 secs] [Times: user=0.02 sys=0.00, real=0.01 secs] 
2016-08-16T04:16:14.489+0000: 298448.459: Total time for which application threads were stopped: 0.0086106 seconds, Stopping threads took: 0.0000791 seconds
2016-08-16T04:16:14.974+0000: 298448.944: [GC (Allocation Failure) 298448.944: [ParNew
Desired survivor size 8716288 bytes, new threshold 6 (max 6)
- age   1:     208760 bytes,     208760 total
- age   2:     218152 bytes,     426912 total
- age   3:       4208 bytes,     431120 total
- age   4:      10456 bytes,     441576 total
- age   5:      18464 bytes,     460040 total
- age   6:       4752 bytes,     464792 total
: 137122K->591K(153344K), 0.0086196 secs] 311158K->174647K(1031552K), 0.0087593 secs] [Times: user=0.02 sys=0.00, real=0.01 secs] 
2016-08-16T04:16:14.983+0000: 298448.953: Total time for which application threads were stopped: 0.0095239 seconds, Stopping threads took: 0.0000848 seconds
2016-08-16T04:16:23.483+0000: 298457.453: Total time for which application threads were stopped: 0.0006109 seconds, Stopping threads took: 0.0001179 seconds
2016-08-16T04:16:24.916+0000: 298458.886: [GC (Allocation Failure) 298458.887: [ParNew
Desired survivor size 8716288 bytes, new threshold 6 (max 6)
- age   1:     542832 bytes,     542832 total
- age   2:       6288 bytes,     549120 total
- age   3:       6384 bytes,     555504 total
- age   4:       3800 bytes,     559304 total
- age   5:       6976 bytes,     566280 total
- age   6:      17456 bytes,     583736 total
: 136911K->827K(153344K), 0.0073190 secs] 310967K->174887K(1031552K), 0.0074592 secs] [Times: user=0.01 sys=0.00, real=0.01 secs] 
2016-08-16T04:16:24.924+0000: 298458.894: Total time for which application threads were stopped: 0.0082013 seconds, Stopping threads took: 0.0001159 seconds
2016-08-16T04:16:34.949+0000: 298468.919: [GC (Allocation Failure) 298468.919: [ParNew
Desired survivor size 8716288 bytes, new threshold 6 (max 6)
- age   1:     504160 bytes,     504160 total
- age   2:      45328 bytes,     549488 total
- age   3:       2576 bytes,     552064 total
- age   4:       5584 bytes,     557648 total
- age   5:       3768 bytes,     561416 total
- age   6:       6904 bytes,     568320 total
: 137147K->611K(153344K), 0.0070598 secs] 311207K->174688K(1031552K), 0.0071606 secs] [Times: user=0.01 sys=0.00, real=0.00 secs] 
2016-08-16T04:16:34.956+0000: 298468.926: Total time for which application threads were stopped: 0.0078611 seconds, Stopping threads took: 0.0000815 seconds
2016-08-16T04:16:44.919+0000: 298478.890: [GC (Allocation Failure) 298478.890: [ParNew
Desired survivor size 8716288 bytes, new threshold 6 (max 6)
- age   1:     917728 bytes,     917728 total
- age   2:      31320 bytes,     949048 total
- age   3:      24392 bytes,     973440 total
- age   4:       1856 bytes,     975296 total
- age   5:       4768 bytes,     980064 total
- age   6:       3768 bytes,     983832 total
: 136931K->1020K(153344K), 0.0075303 secs] 311008K->175104K(1031552K), 0.0076398 secs] [Times: user=0.01 sys=0.00, real=0.01 secs] 
2016-08-16T04:16:44.927+0000: 298478.897: Total time for which application threads were stopped: 0.0082967 seconds, Stopping threads took: 0.0000841 seconds
2016-08-16T04:16:54.928+0000: 298488.898: [GC (Allocation Failure) 298488.898: [ParNew
Desired survivor size 8716288 bytes, new threshold 6 (max 6)
- age   1:     540320 bytes,     540320 total
- age   2:      33944 bytes,     574264 total
- age   3:       6024 bytes,     580288 total
- age   4:      22304 bytes,     602592 total
- age   5:       1792 bytes,     604384 total
- age   6:       4704 bytes,     609088 total
: 137340K->682K(153344K), 0.0096836 secs] 311424K->174770K(1031552K), 0.0097852 secs] [Times: user=0.01 sys=0.00, real=0.01 secs] 
2016-08-16T04:16:54.938+0000: 298488.908: Total time for which application threads were stopped: 0.0104524 seconds, Stopping threads took: 0.0000835 seconds
2016-08-16T04:17:04.926+0000: 298498.896: [GC (Allocation Failure) 298498.896: [ParNew
Desired survivor size 8716288 bytes, new threshold 6 (max 6)
- age   1:     410512 bytes,     410512 total
- age   2:      39040 bytes,     449552 total
- age   3:      14872 bytes,     464424 total
- age   4:       5864 bytes,     470288 total
- age   5:      22088 bytes,     492376 total
- age   6:       1728 bytes,     494104 total
: 137002K->568K(153344K), 0.0072076 secs] 311090K->174660K(1031552K), 0.0073059 secs] [Times: user=0.01 sys=0.00, real=0.01 secs] 
2016-08-16T04:17:04.933+0000: 298498.904: Total time for which application threads were stopped: 0.0079542 seconds, Stopping threads took: 0.0000828 seconds
2016-08-16T04:17:14.922+0000: 298508.892: [GC (Allocation Failure) 298508.892: [ParNew
Desired survivor size 8716288 bytes, new threshold 6 (max 6)
- age   1:     535256 bytes,     535256 total
- age   2:      22712 bytes,     557968 total
- age   3:      10472 bytes,     568440 total
- age   4:      10528 bytes,     578968 total
- age   5:       5864 bytes,     584832 total
- age   6:      22088 bytes,     606920 total
: 136888K->679K(153344K), 0.0077143 secs] 310980K->174772K(1031552K), 0.0078232 secs] [Times: user=0.02 sys=0.00, real=0.01 secs] 
2016-08-16T04:17:14.930+0000: 298508.900: Total time for which application threads were stopped: 0.0084663 seconds, Stopping threads took: 0.0000775 seconds
2016-08-16T04:17:23.488+0000: 298517.459: Total time for which application threads were stopped: 0.0008391 seconds, Stopping threads took: 0.0001392 seconds
2016-08-16T04:17:24.918+0000: 298518.888: [GC (Allocation Failure) 298518.889: [ParNew
Desired survivor size 8716288 bytes, new threshold 6 (max 6)
- age   1:     559952 bytes,     559952 total
- age   2:      27088 bytes,     587040 total
- age   3:       3184 bytes,     590224 total
- age   4:       6880 bytes,     597104 total
- age   5:       9664 bytes,     606768 total
- age   6:       5144 bytes,     611912 total
: 136999K->685K(153344K), 0.0088350 secs] 311092K->174793K(1031552K), 0.0089620 secs] [Times: user=0.02 sys=0.00, real=0.01 secs] 
2016-08-16T04:17:24.927+0000: 298518.898: Total time for which application threads were stopped: 0.0096671 seconds, Stopping threads took: 0.0001226 seconds
2016-08-16T04:17:34.906+0000: 298528.876: [GC (Allocation Failure) 298528.876: [ParNew
Desired survivor size 8716288 bytes, new threshold 6 (max 6)
- age   1:     528680 bytes,     528680 total
- age   2:      43960 bytes,     572640 total
- age   3:       6720 bytes,     579360 total
- age   4:       3024 bytes,     582384 total
- age   5:       6656 bytes,     589040 total
- age   6:       9592 bytes,     598632 total
: 137005K->641K(153344K), 0.0073504 secs] 311113K->174754K(1031552K), 0.0074512 secs] [Times: user=0.01 sys=0.00, real=0.01 secs] 
2016-08-16T04:17:34.914+0000: 298528.884: Total time for which application threads were stopped: 0.0081576 seconds, Stopping threads took: 0.0001200 seconds
2016-08-16T04:17:44.912+0000: 298538.882: [GC (Allocation Failure) 298538.882: [ParNew
Desired survivor size 8716288 bytes, new threshold 6 (max 6)
- age   1:     973632 bytes,     973632 total
- age   2:      30376 bytes,    1004008 total
- age   3:      23600 bytes,    1027608 total
- age   4:       4704 bytes,    1032312 total
- age   5:       3024 bytes,    1035336 total
- age   6:       6168 bytes,    1041504 total
: 136961K->1085K(153344K), 0.0084893 secs] 311074K->175205K(1031552K), 0.0085975 secs] [Times: user=0.02 sys=0.00, real=0.01 secs] 
2016-08-16T04:17:44.920+0000: 298538.891: Total time for which application threads were stopped: 0.0092578 seconds, Stopping threads took: 0.0000818 seconds
2016-08-16T04:17:55.229+0000: 298549.200: [GC (Allocation Failure) 298549.200: [ParNew
Desired survivor size 8716288 bytes, new threshold 6 (max 6)
- age   1:     603576 bytes,     603576 total
- age   2:      34328 bytes,     637904 total
- age   3:       4776 bytes,     642680 total
- age   4:      20888 bytes,     663568 total
- age   5:       4704 bytes,     668272 total
- age   6:       3024 bytes,     671296 total
: 137405K->753K(153344K), 0.0084163 secs] 311525K->174879K(1031552K), 0.0085372 secs] [Times: user=0.02 sys=0.00, real=0.00 secs] 
2016-08-16T04:17:55.238+0000: 298549.208: Total time for which application threads were stopped: 0.0092183 seconds, Stopping threads took: 0.0000821 seconds
2016-08-16T04:18:04.899+0000: 298558.869: [GC (Allocation Failure) 298558.869: [ParNew
Desired survivor size 8716288 bytes, new threshold 6 (max 6)
- age   1:     480024 bytes,     480024 total
- age   2:      40296 bytes,     520320 total
- age   3:      15248 bytes,     535568 total
- age   4:       4544 bytes,     540112 total
- age   5:      20744 bytes,     560856 total
- age   6:       4632 bytes,     565488 total
: 137073K->640K(153344K), 0.0070313 secs] 311199K->174769K(1031552K), 0.0071358 secs] [Times: user=0.01 sys=0.00, real=0.01 secs] 
2016-08-16T04:18:04.906+0000: 298558.877: Total time for which application threads were stopped: 0.0078107 seconds, Stopping threads took: 0.0001016 seconds
2016-08-16T04:18:14.906+0000: 298568.876: [GC (Allocation Failure) 298568.876: [ParNew
Desired survivor size 8716288 bytes, new threshold 6 (max 6)
- age   1:     566160 bytes,     566160 total
- age   2:      22776 bytes,     588936 total
- age   3:      13504 bytes,     602440 total
- age   4:      10504 bytes,     612944 total
- age   5:       4480 bytes,     617424 total
- age   6:      20744 bytes,     638168 total
: 136960K->711K(153344K), 0.0073818 secs] 311089K->174844K(1031552K), 0.0075127 secs] [Times: user=0.01 sys=0.00, real=0.01 secs] 
2016-08-16T04:18:14.914+0000: 298568.884: Total time for which application threads were stopped: 0.0085810 seconds, Stopping threads took: 0.0000814 seconds
2016-08-16T04:18:23.493+0000: 298577.463: Total time for which application threads were stopped: 0.0035993 seconds, Stopping threads took: 0.0029403 seconds
2016-08-16T04:18:25.198+0000: 298579.169: [GC (Allocation Failure) 298579.169: [ParNew
Desired survivor size 8716288 bytes, new threshold 6 (max 6)
- age   1:     591272 bytes,     591272 total
- age   2:      25664 bytes,     616936 total
- age   3:       3376 bytes,     620312 total
- age   4:       9568 bytes,     629880 total
- age   5:       9272 bytes,     639152 total
- age   6:       3408 bytes,     642560 total
: 137031K->718K(153344K), 0.0073381 secs] 311164K->174864K(1031552K), 0.0074396 secs] [Times: user=0.01 sys=0.00, real=0.01 secs] 
2016-08-16T04:18:25.206+0000: 298579.176: Total time for which application threads were stopped: 0.0080794 seconds, Stopping threads took: 0.0000867 seconds
2016-08-16T04:18:34.589+0000: 298588.559: [GC (Allocation Failure) 298588.559: [ParNew
Desired survivor size 8716288 bytes, new threshold 6 (max 6)
- age   1:     461384 bytes,     461384 total
- age   2:      47344 bytes,     508728 total
- age   3:       6536 bytes,     515264 total
- age   4:       3344 bytes,     518608 total
- age   5:       9360 bytes,     527968 total
- age   6:       9208 bytes,     537176 total
: 137038K->563K(153344K), 0.0075137 secs] 311184K->174713K(1031552K), 0.0076587 secs] [Times: user=0.01 sys=0.00, real=0.00 secs] 
2016-08-16T04:18:34.597+0000: 298588.567: Total time for which application threads were stopped: 0.0084995 seconds, Stopping threads took: 0.0001053 seconds
2016-08-16T04:18:34.997+0000: 298588.968: [GC (Allocation Failure) 298588.968: [ParNew
Desired survivor size 8716288 bytes, new threshold 6 (max 6)
- age   1:     200720 bytes,     200720 total
- age   2:      34808 bytes,     235528 total
- age   3:      28336 bytes,     263864 total
- age   4:       6536 bytes,     270400 total
- age   5:       3280 bytes,     273680 total
- age   6:       9360 bytes,     283040 total
: 136883K->347K(153344K), 0.0086051 secs] 311033K->174506K(1031552K), 0.0087814 secs] [Times: user=0.01 sys=0.00, real=0.01 secs] 
2016-08-16T04:18:35.006+0000: 298588.976: Total time for which application threads were stopped: 0.0105850 seconds, Stopping threads took: 0.0001941 seconds
2016-08-16T04:18:37.011+0000: 298590.982: Total time for which application threads were stopped: 0.0019323 seconds, Stopping threads took: 0.0000631 seconds
2016-08-16T04:18:44.917+0000: 298598.887: [GC (Allocation Failure) 298598.887: [ParNew
Desired survivor size 8716288 bytes, new threshold 6 (max 6)
- age   1:     902864 bytes,     902864 total
- age   2:      18480 bytes,     921344 total
- age   3:      16096 bytes,     937440 total
- age   4:      25000 bytes,     962440 total
- age   5:       5216 bytes,     967656 total
- age   6:       3144 bytes,     970800 total
: 136667K->962K(153344K), 0.0084936 secs] 310826K->175130K(1031552K), 0.0086038 secs] [Times: user=0.02 sys=0.00, real=0.01 secs] 
2016-08-16T04:18:44.925+0000: 298598.896: Total time for which application threads were stopped: 0.0092288 seconds, Stopping threads took: 0.0000716 seconds
2016-08-16T04:18:54.932+0000: 298608.902: [GC (Allocation Failure) 298608.902: [ParNew
Desired survivor size 8716288 bytes, new threshold 6 (max 6)
- age   1:     536360 bytes,     536360 total
- age   2:      47600 bytes,     583960 total
- age   3:       2376 bytes,     586336 total
- age   4:       9280 bytes,     595616 total
- age   5:      23120 bytes,     618736 total
- age   6:       5152 bytes,     623888 total
: 137282K->698K(153344K), 0.0083041 secs] 311450K->174868K(1031552K), 0.0084252 secs] [Times: user=0.01 sys=0.00, real=0.01 secs] 
2016-08-16T04:18:54.940+0000: 298608.911: Total time for which application threads were stopped: 0.0092354 seconds, Stopping threads took: 0.0001101 seconds
2016-08-16T04:19:05.356+0000: 298619.326: [GC (Allocation Failure) 298619.326: [ParNew
Desired survivor size 8716288 bytes, new threshold 6 (max 6)
- age   1:     451280 bytes,     451280 total
- age   2:      37280 bytes,     488560 total
- age   3:      28456 bytes,     517016 total
- age   4:       2352 bytes,     519368 total
- age   5:       9248 bytes,     528616 total
- age   6:      23048 bytes,     551664 total
: 137018K->643K(153344K), 0.0069225 secs] 311188K->174819K(1031552K), 0.0070430 secs] [Times: user=0.01 sys=0.00, real=0.01 secs] 
2016-08-16T04:19:05.363+0000: 298619.333: Total time for which application threads were stopped: 0.0078213 seconds, Stopping threads took: 0.0001242 seconds
2016-08-16T04:19:15.161+0000: 298629.131: [GC (Allocation Failure) 298629.131: [ParNew
Desired survivor size 8716288 bytes, new threshold 6 (max 6)
- age   1:     492176 bytes,     492176 total
- age   2:      25456 bytes,     517632 total
- age   3:      11040 bytes,     528672 total
- age   4:      24400 bytes,     553072 total
- age   5:       2352 bytes,     555424 total
- age   6:       9248 bytes,     564672 total
: 136963K->647K(153344K), 0.0113106 secs] 311139K->174845K(1031552K), 0.0118231 secs] [Times: user=0.02 sys=0.00, real=0.01 secs] 
2016-08-16T04:19:15.173+0000: 298629.143: Total time for which application threads were stopped: 0.0125797 seconds, Stopping threads took: 0.0001265 seconds
2016-08-16T04:19:23.485+0000: 298637.455: Total time for which application threads were stopped: 0.0012197 seconds, Stopping threads took: 0.0005803 seconds
2016-08-16T04:19:24.971+0000: 298638.941: [GC (Allocation Failure) 298638.941: [ParNew
Desired survivor size 8716288 bytes, new threshold 6 (max 6)
- age   1:     630136 bytes,     630136 total
- age   2:      26568 bytes,     656704 total
- age   3:       5432 bytes,     662136 total
- age   4:       8384 bytes,     670520 total
- age   5:      21232 bytes,     691752 total
- age   6:       2208 bytes,     693960 total
: 136967K->839K(153344K), 0.0077447 secs] 311165K->175046K(1031552K), 0.0078491 secs] [Times: user=0.01 sys=0.00, real=0.00 secs] 
2016-08-16T04:19:24.979+0000: 298638.949: Total time for which application threads were stopped: 0.0084867 seconds, Stopping threads took: 0.0000705 seconds
2016-08-16T04:19:34.987+0000: 298648.957: [GC (Allocation Failure) 298648.958: [ParNew
Desired survivor size 8716288 bytes, new threshold 6 (max 6)
- age   1:     445440 bytes,     445440 total
- age   2:      53208 bytes,     498648 total
- age   3:       7440 bytes,     506088 total
- age   4:       5336 bytes,     511424 total
- age   5:       8312 bytes,     519736 total
- age   6:      21232 bytes,     540968 total
: 137159K->587K(153344K), 0.0076031 secs] 311366K->174796K(1031552K), 0.0077014 secs] [Times: user=0.01 sys=0.00, real=0.01 secs] 
2016-08-16T04:19:34.995+0000: 298648.965: Total time for which application threads were stopped: 0.0084366 seconds, Stopping threads took: 0.0000888 seconds
2016-08-16T04:19:44.914+0000: 298658.884: [GC (Allocation Failure) 298658.884: [ParNew
Desired survivor size 8716288 bytes, new threshold 6 (max 6)
- age   1:     927184 bytes,     927184 total
- age   2:      29880 bytes,     957064 total
- age   3:      30680 bytes,     987744 total
- age   4:       6808 bytes,     994552 total
- age   5:       5336 bytes,     999888 total
- age   6:       7960 bytes,    1007848 total
: 136907K->1026K(153344K), 0.0116028 secs] 311116K->175255K(1031552K), 0.0117586 secs] [Times: user=0.02 sys=0.00, real=0.01 secs] 
2016-08-16T04:19:44.926+0000: 298658.896: Total time for which application threads were stopped: 0.0126232 seconds, Stopping threads took: 0.0000851 seconds
2016-08-16T04:19:54.902+0000: 298668.873: [GC (Allocation Failure) 298668.873: [ParNew
Desired survivor size 8716288 bytes, new threshold 6 (max 6)
- age   1:     506264 bytes,     506264 total
- age   2:      35632 bytes,     541896 total
- age   3:       4376 bytes,     546272 total
- age   4:      28544 bytes,     574816 total
- age   5:       6776 bytes,     581592 total
- age   6:       5272 bytes,     586864 total
: 137346K->656K(153344K), 0.0071223 secs] 311575K->174893K(1031552K), 0.0072309 secs] [Times: user=0.01 sys=0.00, real=0.01 secs] 
2016-08-16T04:19:54.910+0000: 298668.880: Total time for which application threads were stopped: 0.0078798 seconds, Stopping threads took: 0.0000830 seconds
2016-08-16T04:20:04.886+0000: 298678.856: [GC (Allocation Failure) 298678.856: [ParNew
Desired survivor size 8716288 bytes, new threshold 6 (max 6)
- age   1:     465720 bytes,     465720 total
- age   2:      34816 bytes,     500536 total
- age   3:      15424 bytes,     515960 total
- age   4:       4320 bytes,     520280 total
- age   5:      28016 bytes,     548296 total
- age   6:       6776 bytes,     555072 total
: 136976K->642K(153344K), 0.0074049 secs] 311213K->174884K(1031552K), 0.0075093 secs] [Times: user=0.01 sys=0.00, real=0.01 secs] 
2016-08-16T04:20:04.893+0000: 298678.864: Total time for which application threads were stopped: 0.0081509 seconds, Stopping threads took: 0.0000742 seconds
2016-08-16T04:20:14.900+0000: 298688.870: [GC (Allocation Failure) 298688.870: [ParNew
Desired survivor size 8716288 bytes, new threshold 6 (max 6)
- age   1:     594008 bytes,     594008 total
- age   2:      23264 bytes,     617272 total
- age   3:       9104 bytes,     626376 total
- age   4:      11352 bytes,     637728 total
- age   5:       4320 bytes,     642048 total
- age   6:      27808 bytes,     669856 total
: 136962K->739K(153344K), 0.0073932 secs] 311204K->174988K(1031552K), 0.0075220 secs] [Times: user=0.00 sys=0.00, real=0.01 secs] 
2016-08-16T04:20:14.908+0000: 298688.878: Total time for which application threads were stopped: 0.0082194 seconds, Stopping threads took: 0.0001180 seconds
2016-08-16T04:20:23.482+0000: 298697.453: Total time for which application threads were stopped: 0.0006090 seconds, Stopping threads took: 0.0001224 seconds
2016-08-16T04:20:24.889+0000: 298698.859: [GC (Allocation Failure) 298698.859: [ParNew
Desired survivor size 8716288 bytes, new threshold 6 (max 6)
- age   1:     663488 bytes,     663488 total
- age   2:      26192 bytes,     689680 total
- age   3:       3936 bytes,     693616 total
- age   4:       5952 bytes,     699568 total
- age   5:       9792 bytes,     709360 total
- age   6:       3384 bytes,     712744 total
: 137059K->709K(153344K), 0.0087763 secs] 311308K->174979K(1031552K), 0.0088745 secs] [Times: user=0.02 sys=0.00, real=0.00 secs] 
2016-08-16T04:20:24.898+0000: 298698.868: Total time for which application threads were stopped: 0.0096184 seconds, Stopping threads took: 0.0001368 seconds
2016-08-16T04:20:34.896+0000: 298708.866: [GC (Allocation Failure) 298708.866: [ParNew
Desired survivor size 8716288 bytes, new threshold 6 (max 6)
- age   1:     550560 bytes,     550560 total
- age   2:      45616 bytes,     596176 total
- age   3:       7104 bytes,     603280 total
- age   4:       3496 bytes,     606776 total
- age   5:       5880 bytes,     612656 total
- age   6:       9600 bytes,     622256 total
: 137029K->709K(153344K), 0.0073668 secs] 311299K->174982K(1031552K), 0.0074923 secs] [Times: user=0.01 sys=0.00, real=0.01 secs] 
2016-08-16T04:20:34.903+0000: 298708.874: Total time for which application threads were stopped: 0.0082225 seconds, Stopping threads took: 0.0001100 seconds
2016-08-16T04:20:44.677+0000: 298718.647: [GC (Allocation Failure) 298718.647: [ParNew
Desired survivor size 8716288 bytes, new threshold 6 (max 6)
- age   1:    1046240 bytes,    1046240 total
- age   2:      30240 bytes,    1076480 total
- age   3:      24104 bytes,    1100584 total
- age   4:       4472 bytes,    1105056 total
- age   5:       3432 bytes,    1108488 total
- age   6:       5664 bytes,    1114152 total
: 137029K->1210K(153344K), 0.0071139 secs] 311302K->175490K(1031552K), 0.0072193 secs] [Times: user=0.02 sys=0.00, real=0.01 secs] 
2016-08-16T04:20:44.685+0000: 298718.655: Total time for which application threads were stopped: 0.0078388 seconds, Stopping threads took: 0.0000998 seconds
2016-08-16T04:20:44.979+0000: 298718.949: [GC (Allocation Failure) 298718.949: [ParNew
Desired survivor size 8716288 bytes, new threshold 6 (max 6)
- age   1:     212104 bytes,     212104 total
- age   2:     224728 bytes,     436832 total
- age   3:      11168 bytes,     448000 total
- age   4:      23960 bytes,     471960 total
- age   5:       4472 bytes,     476432 total
- age   6:       3432 bytes,     479864 total
: 137530K->599K(153344K), 0.0063176 secs] 311810K->174884K(1031552K), 0.0064328 secs] [Times: user=0.01 sys=0.00, real=0.01 secs] 
2016-08-16T04:20:44.985+0000: 298718.955: Total time for which application threads were stopped: 0.0070391 seconds, Stopping threads took: 0.0000675 seconds
2016-08-16T04:20:54.911+0000: 298728.881: [GC (Allocation Failure) 298728.881: [ParNew
Desired survivor size 8716288 bytes, new threshold 6 (max 6)
- age   1:     492976 bytes,     492976 total
- age   2:       6864 bytes,     499840 total
- age   3:      14400 bytes,     514240 total
- age   4:       4400 bytes,     518640 total
- age   5:      21552 bytes,     540192 total
- age   6:       4472 bytes,     544664 total
: 136919K->655K(153344K), 0.0088271 secs] 311204K->174944K(1031552K), 0.0089222 secs] [Times: user=0.01 sys=0.00, real=0.00 secs] 
2016-08-16T04:20:54.920+0000: 298728.890: Total time for which application threads were stopped: 0.0095304 seconds, Stopping threads took: 0.0000753 seconds
2016-08-16T04:21:04.913+0000: 298738.883: [GC (Allocation Failure) 298738.883: [ParNew
Desired survivor size 8716288 bytes, new threshold 6 (max 6)
- age   1:     441240 bytes,     441240 total
- age   2:      34304 bytes,     475544 total
- age   3:       3280 bytes,     478824 total
- age   4:      13584 bytes,     492408 total
- age   5:       3984 bytes,     496392 total
- age   6:      21408 bytes,     517800 total
: 136975K->614K(153344K), 0.0070851 secs] 311264K->174907K(1031552K), 0.0071830 secs] [Times: user=0.02 sys=0.00, real=0.00 secs] 
2016-08-16T04:21:04.920+0000: 298738.890: Total time for which application threads were stopped: 0.0078602 seconds, Stopping threads took: 0.0000898 seconds
2016-08-16T04:21:14.921+0000: 298748.891: [GC (Allocation Failure) 298748.891: [ParNew
Desired survivor size 8716288 bytes, new threshold 6 (max 6)
- age   1:     543968 bytes,     543968 total
- age   2:      25344 bytes,     569312 total
- age   3:       7528 bytes,     576840 total
- age   4:       2624 bytes,     579464 total
- age   5:       9520 bytes,     588984 total
- age   6:       3856 bytes,     592840 total
: 136934K->617K(153344K), 0.0073730 secs] 311227K->174931K(1031552K), 0.0074962 secs] [Times: user=0.01 sys=0.00, real=0.01 secs] 
2016-08-16T04:21:14.929+0000: 298748.899: Total time for which application threads were stopped: 0.0082443 seconds, Stopping threads took: 0.0000689 seconds
2016-08-16T04:21:23.483+0000: 298757.453: Total time for which application threads were stopped: 0.0007448 seconds, Stopping threads took: 0.0001129 seconds
2016-08-16T04:21:24.914+0000: 298758.884: [GC (Allocation Failure) 298758.884: [ParNew
Desired survivor size 8716288 bytes, new threshold 6 (max 6)
- age   1:     613896 bytes,     613896 total
- age   2:      31480 bytes,     645376 total
- age   3:       5824 bytes,     651200 total
- age   4:       5320 bytes,     656520 total
- age   5:       2272 bytes,     658792 total
- age   6:       8416 bytes,     667208 total
: 136937K->761K(153344K), 0.0077061 secs] 311251K->175078K(1031552K), 0.0078091 secs] [Times: user=0.02 sys=0.00, real=0.01 secs] 
2016-08-16T04:21:24.921+0000: 298758.892: Total time for which application threads were stopped: 0.0084836 seconds, Stopping threads took: 0.0000841 seconds
2016-08-16T04:21:34.907+0000: 298768.877: [GC (Allocation Failure) 298768.877: [ParNew
Desired survivor size 8716288 bytes, new threshold 6 (max 6)
- age   1:     480576 bytes,     480576 total
- age   2:      44448 bytes,     525024 total
- age   3:      12360 bytes,     537384 total
- age   4:       5448 bytes,     542832 total
- age   5:       5112 bytes,     547944 total
- age   6:       2272 bytes,     550216 total
: 137081K->619K(153344K), 0.0070031 secs] 311398K->174945K(1031552K), 0.0071115 secs] [Times: user=0.01 sys=0.00, real=0.01 secs] 
2016-08-16T04:21:34.914+0000: 298768.884: Total time for which application threads were stopped: 0.0077617 seconds, Stopping threads took: 0.0000834 seconds
2016-08-16T04:21:44.905+0000: 298778.875: [GC (Allocation Failure) 298778.876: [ParNew
Desired survivor size 8716288 bytes, new threshold 6 (max 6)
- age   1:     949472 bytes,     949472 total
- age   2:      30576 bytes,     980048 total
- age   3:      23208 bytes,    1003256 total
- age   4:      11536 bytes,    1014792 total
- age   5:       5384 bytes,    1020176 total
- age   6:       4824 bytes,    1025000 total
: 136939K->1054K(153344K), 0.0081422 secs] 311265K->175382K(1031552K), 0.0082491 secs] [Times: user=0.01 sys=0.00, real=0.01 secs] 
2016-08-16T04:21:44.914+0000: 298778.884: Total time for which application threads were stopped: 0.0088864 seconds, Stopping threads took: 0.0000785 seconds
2016-08-16T04:21:54.885+0000: 298788.855: [GC (Allocation Failure) 298788.855: [ParNew
Desired survivor size 8716288 bytes, new threshold 6 (max 6)
- age   1:     568576 bytes,     568576 total
- age   2:      34512 bytes,     603088 total
- age   3:       4824 bytes,     607912 total
- age   4:      21032 bytes,     628944 total
- age   5:      11344 bytes,     640288 total
- age   6:       5384 bytes,     645672 total
: 137374K->709K(153344K), 0.0079451 secs] 311702K->175042K(1031552K), 0.0080603 secs] [Times: user=0.02 sys=0.00, real=0.01 secs] 
2016-08-16T04:21:54.893+0000: 298788.863: Total time for which application threads were stopped: 0.0088273 seconds, Stopping threads took: 0.0001012 seconds
2016-08-16T04:22:04.898+0000: 298798.868: [GC (Allocation Failure) 298798.868: [ParNew
Desired survivor size 8716288 bytes, new threshold 6 (max 6)
- age   1:     497096 bytes,     497096 total
- age   2:      37840 bytes,     534936 total
- age   3:      15376 bytes,     550312 total
- age   4:       4336 bytes,     554648 total
- age   5:      20960 bytes,     575608 total
- age   6:      11280 bytes,     586888 total
: 137029K->654K(153344K), 0.0069062 secs] 311362K->174992K(1031552K), 0.0070082 secs] [Times: user=0.02 sys=0.00, real=0.01 secs] 
2016-08-16T04:22:04.905+0000: 298798.875: Total time for which application threads were stopped: 0.0076938 seconds, Stopping threads took: 0.0000810 seconds
2016-08-16T04:22:14.875+0000: 298808.845: [GC (Allocation Failure) 298808.845: [ParNew
Desired survivor size 8716288 bytes, new threshold 6 (max 6)
- age   1:     584880 bytes,     584880 total
- age   2:      25200 bytes,     610080 total
- age   3:      11112 bytes,     621192 total
- age   4:      11992 bytes,     633184 total
- age   5:       4336 bytes,     637520 total
- age   6:      20960 bytes,     658480 total
: 136974K->727K(153344K), 0.0083593 secs] 311312K->175076K(1031552K), 0.0084790 secs] [Times: user=0.02 sys=0.00, real=0.01 secs] 
2016-08-16T04:22:14.883+0000: 298808.854: Total time for which application threads were stopped: 0.0092265 seconds, Stopping threads took: 0.0001117 seconds
2016-08-16T04:22:22.181+0000: 298816.151: Total time for which application threads were stopped: 0.0018508 seconds, Stopping threads took: 0.0001913 seconds
2016-08-16T04:22:22.183+0000: 298816.153: Total time for which application threads were stopped: 0.0012853 seconds, Stopping threads took: 0.0001605 seconds
2016-08-16T04:22:22.185+0000: 298816.155: Total time for which application threads were stopped: 0.0012071 seconds, Stopping threads took: 0.0000938 seconds
2016-08-16T04:22:22.247+0000: 298816.217: Total time for which application threads were stopped: 0.0006297 seconds, Stopping threads took: 0.0001103 seconds
2016-08-16T04:22:23.485+0000: 298817.456: [GC (Allocation Failure) 298817.456: [ParNew
Desired survivor size 8716288 bytes, new threshold 6 (max 6)
- age   1:     633136 bytes,     633136 total
- age   2:      34128 bytes,     667264 total
- age   3:       5464 bytes,     672728 total
- age   4:      10056 bytes,     682784 total
- age   5:      10712 bytes,     693496 total
- age   6:       3112 bytes,     696608 total
: 137047K->796K(153344K), 0.0115582 secs] 311396K->175159K(1031552K), 0.0117398 secs] [Times: user=0.02 sys=0.00, real=0.01 secs] 
2016-08-16T04:22:23.497+0000: 298817.468: Total time for which application threads were stopped: 0.0131972 seconds, Stopping threads took: 0.0002028 seconds
2016-08-16T04:22:23.500+0000: 298817.470: Total time for which application threads were stopped: 0.0018031 seconds, Stopping threads took: 0.0000290 seconds
2016-08-16T04:22:23.504+0000: 298817.474: Total time for which application threads were stopped: 0.0004796 seconds, Stopping threads took: 0.0000683 seconds
2016-08-16T04:22:24.921+0000: 298818.892: [GC (Allocation Failure) 298818.892: [ParNew
Desired survivor size 8716288 bytes, new threshold 6 (max 6)
- age   1:     350664 bytes,     350664 total
- age   2:      55672 bytes,     406336 total
- age   3:       7016 bytes,     413352 total
- age   4:       5464 bytes,     418816 total
- age   5:       8752 bytes,     427568 total
- age   6:      10504 bytes,     438072 total
: 137116K->466K(153344K), 0.0089027 secs] 311479K->174833K(1031552K), 0.0090029 secs] [Times: user=0.01 sys=0.00, real=0.01 secs] 
2016-08-16T04:22:24.930+0000: 298818.901: Total time for which application threads were stopped: 0.0095715 seconds, Stopping threads took: 0.0000657 seconds
2016-08-16T04:22:34.904+0000: 298828.875: [GC (Allocation Failure) 298828.875: [ParNew
Desired survivor size 8716288 bytes, new threshold 6 (max 6)
- age   1:     481992 bytes,     481992 total
- age   2:      39136 bytes,     521128 total
- age   3:      39192 bytes,     560320 total
- age   4:       6776 bytes,     567096 total
- age   5:       5024 bytes,     572120 total
- age   6:       8680 bytes,     580800 total
: 136786K->695K(153344K), 0.0072746 secs] 311153K->175072K(1031552K), 0.0073712 secs] [Times: user=0.01 sys=0.00, real=0.01 secs] 
2016-08-16T04:22:34.912+0000: 298828.882: Total time for which application threads were stopped: 0.0080664 seconds, Stopping threads took: 0.0000826 seconds
2016-08-16T04:22:37.654+0000: 298831.625: Total time for which application threads were stopped: 0.0032466 seconds, Stopping threads took: 0.0008055 seconds
2016-08-16T04:22:45.040+0000: 298839.010: [GC (Allocation Failure) 298839.010: [ParNew
Desired survivor size 8716288 bytes, new threshold 6 (max 6)
- age   1:     965888 bytes,     965888 total
- age   2:      29112 bytes,     995000 total
- age   3:      20216 bytes,    1015216 total
- age   4:      38424 bytes,    1053640 total
- age   5:       4056 bytes,    1057696 total
- age   6:       4832 bytes,    1062528 total
: 137015K->1114K(153344K), 0.0077718 secs] 311392K->175500K(1031552K), 0.0079175 secs] [Times: user=0.01 sys=0.00, real=0.01 secs] 
2016-08-16T04:22:45.048+0000: 298839.018: Total time for which application threads were stopped: 0.0085975 seconds, Stopping threads took: 0.0000825 seconds
2016-08-16T04:22:54.898+0000: 298848.868: [GC (Allocation Failure) 298848.868: [ParNew
Desired survivor size 8716288 bytes, new threshold 6 (max 6)
- age   1:     618056 bytes,     618056 total
- age   2:      34464 bytes,     652520 total
- age   3:       3480 bytes,     656000 total
- age   4:      18000 bytes,     674000 total
- age   5:      37272 bytes,     711272 total
- age   6:       4056 bytes,     715328 total
: 137434K->792K(153344K), 0.0076459 secs] 311820K->175182K(1031552K), 0.0077529 secs] [Times: user=0.02 sys=0.00, real=0.01 secs] 
2016-08-16T04:22:54.905+0000: 298848.876: Total time for which application threads were stopped: 0.0083983 seconds, Stopping threads took: 0.0000815 seconds
2016-08-16T04:23:04.926+0000: 298858.896: [GC (Allocation Failure) 298858.896: [ParNew
Desired survivor size 8716288 bytes, new threshold 6 (max 6)
- age   1:     467192 bytes,     467192 total
- age   2:      40272 bytes,     507464 total
- age   3:      15224 bytes,     522688 total
- age   4:       3064 bytes,     525752 total
- age   5:      17928 bytes,     543680 total
- age   6:      37200 bytes,     580880 total
: 137112K->689K(153344K), 0.0073781 secs] 311502K->175083K(1031552K), 0.0074953 secs] [Times: user=0.01 sys=0.00, real=0.01 secs] 
2016-08-16T04:23:04.934+0000: 298858.904: Total time for which application threads were stopped: 0.0082314 seconds, Stopping threads took: 0.0000844 seconds
2016-08-16T04:23:14.995+0000: 298868.965: [GC (Allocation Failure) 298868.965: [ParNew
Desired survivor size 8716288 bytes, new threshold 6 (max 6)
- age   1:     615920 bytes,     615920 total
- age   2:      23128 bytes,     639048 total
- age   3:      13328 bytes,     652376 total
- age   4:      10544 bytes,     662920 total
- age   5:       3064 bytes,     665984 total
- age   6:      17928 bytes,     683912 total
: 137009K->796K(153344K), 0.0083886 secs] 311403K->175227K(1031552K), 0.0084894 secs] [Times: user=0.01 sys=0.00, real=0.01 secs] 
2016-08-16T04:23:15.003+0000: 298868.974: Total time for which application threads were stopped: 0.0091425 seconds, Stopping threads took: 0.0000795 seconds
2016-08-16T04:23:23.483+0000: 298877.453: Total time for which application threads were stopped: 0.0007196 seconds, Stopping threads took: 0.0001318 seconds
2016-08-16T04:23:24.892+0000: 298878.862: [GC (Allocation Failure) 298878.862: [ParNew
Desired survivor size 8716288 bytes, new threshold 6 (max 6)
- age   1:     626200 bytes,     626200 total
- age   2:      26712 bytes,     652912 total
- age   3:       3760 bytes,     656672 total
- age   4:      10048 bytes,     666720 total
- age   5:       9184 bytes,     675904 total
- age   6:       2872 bytes,     678776 total
: 137116K->714K(153344K), 0.0074977 secs] 311547K->175154K(1031552K), 0.0075948 secs] [Times: user=0.01 sys=0.00, real=0.00 secs] 
2016-08-16T04:23:24.900+0000: 298878.870: Total time for which application threads were stopped: 0.0082690 seconds, Stopping threads took: 0.0000772 seconds
2016-08-16T04:23:34.922+0000: 298888.892: [GC (Allocation Failure) 298888.892: [ParNew
Desired survivor size 8716288 bytes, new threshold 6 (max 6)
- age   1:     521680 bytes,     521680 total
- age   2:      45384 bytes,     567064 total
- age   3:       7392 bytes,     574456 total
- age   4:       3320 bytes,     577776 total
- age   5:       9912 bytes,     587688 total
- age   6:       9048 bytes,     596736 total
: 137034K->657K(153344K), 0.0072153 secs] 311474K->175100K(1031552K), 0.0073235 secs] [Times: user=0.01 sys=0.00, real=0.01 secs] 
2016-08-16T04:23:34.929+0000: 298888.900: Total time for which application threads were stopped: 0.0080606 seconds, Stopping threads took: 0.0000869 seconds
2016-08-16T04:23:44.881+0000: 298898.851: [GC (Allocation Failure) 298898.851: [ParNew
Desired survivor size 8716288 bytes, new threshold 6 (max 6)
- age   1:     995144 bytes,     995144 total
- age   2:      30192 bytes,    1025336 total
- age   3:      23376 bytes,    1048712 total
- age   4:       4696 bytes,    1053408 total
- age   5:       3320 bytes,    1056728 total
- age   6:       9632 bytes,    1066360 total
: 136977K->1117K(153344K), 0.0080259 secs] 311420K->175567K(1031552K), 0.0081307 secs] [Times: user=0.01 sys=0.00, real=0.01 secs] 
2016-08-16T04:23:44.889+0000: 298898.859: Total time for which application threads were stopped: 0.0088677 seconds, Stopping threads took: 0.0000832 seconds
2016-08-16T04:23:54.980+0000: 298908.951: [GC (Allocation Failure) 298908.951: [ParNew
Desired survivor size 8716288 bytes, new threshold 6 (max 6)
- age   1:     570832 bytes,     570832 total
- age   2:      40224 bytes,     611056 total
- age   3:       4472 bytes,     615528 total
- age   4:      21008 bytes,     636536 total
- age   5:       4560 bytes,     641096 total
- age   6:       3256 bytes,     644352 total
: 137437K->715K(153344K), 0.0073751 secs] 311887K->175174K(1031552K), 0.0075147 secs] [Times: user=0.01 sys=0.00, real=0.00 secs] 
2016-08-16T04:23:54.988+0000: 298908.958: Total time for which application threads were stopped: 0.0081955 seconds, Stopping threads took: 0.0000817 seconds
2016-08-16T04:24:04.920+0000: 298918.891: [GC (Allocation Failure) 298918.891: [ParNew
Desired survivor size 8716288 bytes, new threshold 6 (max 6)
- age   1:     451152 bytes,     451152 total
- age   2:      42288 bytes,     493440 total
- age   3:      20976 bytes,     514416 total
- age   4:       4120 bytes,     518536 total
- age   5:      20864 bytes,     539400 total
- age   6:       4432 bytes,     543832 total
: 137035K->625K(153344K), 0.0073272 secs] 311494K->175088K(1031552K), 0.0074537 secs] [Times: user=0.01 sys=0.00, real=0.00 secs] 
2016-08-16T04:24:04.928+0000: 298918.898: Total time for which application threads were stopped: 0.0081344 seconds, Stopping threads took: 0.0000828 seconds
2016-08-16T04:24:14.952+0000: 298928.922: [GC (Allocation Failure) 298928.922: [ParNew
Desired survivor size 8716288 bytes, new threshold 6 (max 6)
- age   1:     570832 bytes,     570832 total
- age   2:      24144 bytes,     594976 total
- age   3:      15496 bytes,     610472 total
- age   4:      17544 bytes,     628016 total
- age   5:       4056 bytes,     632072 total
- age   6:      20792 bytes,     652864 total
: 136945K->725K(153344K), 0.0073029 secs] 311408K->175192K(1031552K), 0.0074041 secs] [Times: user=0.01 sys=0.00, real=0.00 secs] 
2016-08-16T04:24:14.959+0000: 298928.930: Total time for which application threads were stopped: 0.0080636 seconds, Stopping threads took: 0.0000822 seconds
2016-08-16T04:24:23.482+0000: 298937.453: Total time for which application threads were stopped: 0.0006187 seconds, Stopping threads took: 0.0001230 seconds
2016-08-16T04:24:24.968+0000: 298938.938: [GC (Allocation Failure) 298938.938: [ParNew
Desired survivor size 8716288 bytes, new threshold 6 (max 6)
- age   1:     609680 bytes,     609680 total
- age   2:      25784 bytes,     635464 total
- age   3:       4600 bytes,     640064 total
- age   4:      13160 bytes,     653224 total
- age   5:      16112 bytes,     669336 total
- age   6:       3608 bytes,     672944 total
: 137045K->749K(153344K), 0.0081592 secs] 311512K->175229K(1031552K), 0.0082639 secs] [Times: user=0.02 sys=0.00, real=0.00 secs] 
2016-08-16T04:24:24.977+0000: 298938.947: Total time for which application threads were stopped: 0.0090243 seconds, Stopping threads took: 0.0000729 seconds
2016-08-16T04:24:34.837+0000: 298948.807: [GC (Allocation Failure) 298948.807: [ParNew
Desired survivor size 8716288 bytes, new threshold 6 (max 6)
- age   1:     635328 bytes,     635328 total
- age   2:      43856 bytes,     679184 total
- age   3:       6656 bytes,     685840 total
- age   4:       4160 bytes,     690000 total
- age   5:      13088 bytes,     703088 total
- age   6:      16048 bytes,     719136 total
: 137069K->831K(153344K), 0.0089465 secs] 311549K->175315K(1031552K), 0.0090633 secs] [Times: user=0.02 sys=0.00, real=0.01 secs] 
2016-08-16T04:24:34.846+0000: 298948.816: Total time for which application threads were stopped: 0.0098793 seconds, Stopping threads took: 0.0001517 seconds
2016-08-16T04:24:34.935+0000: 298948.905: [GC (Allocation Failure) 298948.905: [ParNew
Desired survivor size 8716288 bytes, new threshold 6 (max 6)
- age   1:     207176 bytes,     207176 total
- age   2:      22016 bytes,     229192 total
- age   3:      24776 bytes,     253968 total
- age   4:       6592 bytes,     260560 total
- age   5:       4160 bytes,     264720 total
- age   6:      12952 bytes,     277672 total
: 137151K->437K(153344K), 0.0082093 secs] 311635K->174936K(1031552K), 0.0083435 secs] [Times: user=0.01 sys=0.00, real=0.01 secs] 
2016-08-16T04:24:34.944+0000: 298948.914: Total time for which application threads were stopped: 0.0089750 seconds, Stopping threads took: 0.0000700 seconds
2016-08-16T04:24:44.920+0000: 298958.890: [GC (Allocation Failure) 298958.890: [ParNew
Desired survivor size 8716288 bytes, new threshold 6 (max 6)
- age   1:     853808 bytes,     853808 total
- age   2:      18752 bytes,     872560 total
- age   3:      12152 bytes,     884712 total
- age   4:      22496 bytes,     907208 total
- age   5:       3752 bytes,     910960 total
- age   6:       4096 bytes,     915056 total
: 136757K->967K(153344K), 0.0079929 secs] 311256K->175479K(1031552K), 0.0081021 secs] [Times: user=0.01 sys=0.00, real=0.01 secs] 
2016-08-16T04:24:44.928+0000: 298958.898: Total time for which application threads were stopped: 0.0087595 seconds, Stopping threads took: 0.0000807 seconds
2016-08-16T04:24:55.131+0000: 298969.101: [GC (Allocation Failure) 298969.101: [ParNew
Desired survivor size 8716288 bytes, new threshold 6 (max 6)
- age   1:     578016 bytes,     578016 total
- age   2:      38896 bytes,     616912 total
- age   3:       1952 bytes,     618864 total
- age   4:       5280 bytes,     624144 total
- age   5:      21224 bytes,     645368 total
- age   6:       3688 bytes,     649056 total
: 137287K->763K(153344K), 0.0075523 secs] 311799K->175280K(1031552K), 0.0076556 secs] [Times: user=0.01 sys=0.00, real=0.00 secs] 
2016-08-16T04:24:55.139+0000: 298969.109: Total time for which application threads were stopped: 0.0082944 seconds, Stopping threads took: 0.0000797 seconds
2016-08-16T04:25:05.258+0000: 298979.228: [GC (Allocation Failure) 298979.228: [ParNew
Desired survivor size 8716288 bytes, new threshold 6 (max 6)
- age   1:     463656 bytes,     463656 total
- age   2:      36264 bytes,     499920 total
- age   3:      19560 bytes,     519480 total
- age   4:       1952 bytes,     521432 total
- age   5:       4928 bytes,     526360 total
- age   6:      21080 bytes,     547440 total
: 137083K->583K(153344K), 0.0070147 secs] 311600K->175103K(1031552K), 0.0071124 secs] [Times: user=0.01 sys=0.00, real=0.01 secs] 
2016-08-16T04:25:05.265+0000: 298979.235: Total time for which application threads were stopped: 0.0077987 seconds, Stopping threads took: 0.0001088 seconds
2016-08-16T04:25:14.997+0000: 298988.967: [GC (Allocation Failure) 298988.967: [ParNew
Desired survivor size 8716288 bytes, new threshold 6 (max 6)
- age   1:     559448 bytes,     559448 total
- age   2:      23456 bytes,     582904 total
- age   3:       9560 bytes,     592464 total
- age   4:      15744 bytes,     608208 total
- age   5:       1888 bytes,     610096 total
- age   6:       4800 bytes,     614896 total
: 136903K->663K(153344K), 0.0074199 secs] 311423K->175204K(1031552K), 0.0075275 secs] [Times: user=0.01 sys=0.00, real=0.01 secs] 
2016-08-16T04:25:15.004+0000: 298988.975: Total time for which application threads were stopped: 0.0082908 seconds, Stopping threads took: 0.0001006 seconds
2016-08-16T04:25:23.484+0000: 298997.454: Total time for which application threads were stopped: 0.0006052 seconds, Stopping threads took: 0.0000973 seconds
2016-08-16T04:25:25.003+0000: 298998.973: [GC (Allocation Failure) 298998.973: [ParNew
Desired survivor size 8716288 bytes, new threshold 6 (max 6)
- age   1:     630824 bytes,     630824 total
- age   2:      26320 bytes,     657144 total
- age   3:       3960 bytes,     661104 total
- age   4:       6680 bytes,     667784 total
- age   5:      14648 bytes,     682432 total
- age   6:       1544 bytes,     683976 total
: 136983K->735K(153344K), 0.0080849 secs] 311524K->175280K(1031552K), 0.0082069 secs] [Times: user=0.01 sys=0.00, real=0.01 secs] 
2016-08-16T04:25:25.011+0000: 298998.981: Total time for which application threads were stopped: 0.0088729 seconds, Stopping threads took: 0.0000802 seconds
2016-08-16T04:25:35.036+0000: 299009.006: [GC (Allocation Failure) 299009.006: [ParNew
Desired survivor size 8716288 bytes, new threshold 6 (max 6)
- age   1:     510800 bytes,     510800 total
- age   2:      45304 bytes,     556104 total
- age   3:       7216 bytes,     563320 total
- age   4:       3456 bytes,     566776 total
- age   5:       6608 bytes,     573384 total
- age   6:      14648 bytes,     588032 total
: 137055K->652K(153344K), 0.0077262 secs] 311600K->175198K(1031552K), 0.0078355 secs] [Times: user=0.01 sys=0.00, real=0.01 secs] 
2016-08-16T04:25:35.044+0000: 299009.014: Total time for which application threads were stopped: 0.0084756 seconds, Stopping threads took: 0.0000782 seconds
2016-08-16T04:25:44.890+0000: 299018.860: [GC (Allocation Failure) 299018.860: [ParNew
Desired survivor size 8716288 bytes, new threshold 6 (max 6)
- age   1:     926424 bytes,     926424 total
- age   2:      29880 bytes,     956304 total
- age   3:      23704 bytes,     980008 total
- age   4:       4448 bytes,     984456 total
- age   5:       3456 bytes,     987912 total
- age   6:       6264 bytes,     994176 total
: 136972K->1038K(153344K), 0.0077251 secs] 311518K->175598K(1031552K), 0.0078520 secs] [Times: user=0.02 sys=0.00, real=0.00 secs] 
2016-08-16T04:25:44.898+0000: 299018.868: Total time for which application threads were stopped: 0.0085000 seconds, Stopping threads took: 0.0000830 seconds
2016-08-16T04:25:54.958+0000: 299028.928: [GC (Allocation Failure) 299028.928: [ParNew
Desired survivor size 8716288 bytes, new threshold 6 (max 6)
- age   1:     599048 bytes,     599048 total
- age   2:      34272 bytes,     633320 total
- age   3:       4136 bytes,     637456 total
- age   4:      21344 bytes,     658800 total
- age   5:       4448 bytes,     663248 total
- age   6:       3456 bytes,     666704 total
: 137358K->808K(153344K), 0.0069096 secs] 311918K->175374K(1031552K), 0.0070166 secs] [Times: user=0.01 sys=0.00, real=0.01 secs] 
2016-08-16T04:25:54.965+0000: 299028.936: Total time for which application threads were stopped: 0.0076694 seconds, Stopping threads took: 0.0000803 seconds
2016-08-16T04:26:05.146+0000: 299039.116: [GC (Allocation Failure) 299039.117: [ParNew
Desired survivor size 8716288 bytes, new threshold 6 (max 6)
- age   1:     458392 bytes,     458392 total
- age   2:      37288 bytes,     495680 total
- age   3:      14968 bytes,     510648 total
- age   4:       3784 bytes,     514432 total
- age   5:      21136 bytes,     535568 total
- age   6:       4448 bytes,     540016 total
: 137128K->598K(153344K), 0.0074145 secs] 311694K->175167K(1031552K), 0.0075536 secs] [Times: user=0.01 sys=0.00, real=0.01 secs] 
2016-08-16T04:26:05.154+0000: 299039.124: Total time for which application threads were stopped: 0.0082590 seconds, Stopping threads took: 0.0000950 seconds
2016-08-16T04:26:15.126+0000: 299049.096: [GC (Allocation Failure) 299049.096: [ParNew
Desired survivor size 8716288 bytes, new threshold 6 (max 6)
- age   1:     586816 bytes,     586816 total
- age   2:      23664 bytes,     610480 total
- age   3:       9656 bytes,     620136 total
- age   4:      10368 bytes,     630504 total
- age   5:       3784 bytes,     634288 total
- age   6:      21136 bytes,     655424 total
: 136918K->761K(153344K), 0.0075659 secs] 311487K->175335K(1031552K), 0.0076753 secs] [Times: user=0.02 sys=0.00, real=0.01 secs] 
2016-08-16T04:26:15.134+0000: 299049.104: Total time for which application threads were stopped: 0.0083775 seconds, Stopping threads took: 0.0000934 seconds
2016-08-16T04:26:23.489+0000: 299057.459: Total time for which application threads were stopped: 0.0009022 seconds, Stopping threads took: 0.0001553 seconds
2016-08-16T04:26:24.977+0000: 299058.947: [GC (Allocation Failure) 299058.947: [ParNew
Desired survivor size 8716288 bytes, new threshold 6 (max 6)
- age   1:     678384 bytes,     678384 total
- age   2:      25888 bytes,     704272 total
- age   3:       4016 bytes,     708288 total
- age   4:       6880 bytes,     715168 total
- age   5:       9288 bytes,     724456 total
- age   6:       3136 bytes,     727592 total
: 137081K->771K(153344K), 0.0073103 secs] 311655K->175357K(1031552K), 0.0074118 secs] [Times: user=0.01 sys=0.00, real=0.01 secs] 
2016-08-16T04:26:24.984+0000: 299058.954: Total time for which application threads were stopped: 0.0080870 seconds, Stopping threads took: 0.0000698 seconds
2016-08-16T04:26:34.873+0000: 299068.844: [GC (Allocation Failure) 299068.844: [ParNew
Desired survivor size 8716288 bytes, new threshold 6 (max 6)
- age   1:     489968 bytes,     489968 total
- age   2:      53192 bytes,     543160 total
- age   3:       6696 bytes,     549856 total
- age   4:       3512 bytes,     553368 total
- age   5:       6808 bytes,     560176 total
- age   6:       9288 bytes,     569464 total
: 137091K->711K(153344K), 0.0079679 secs] 311677K->175301K(1031552K), 0.0080903 secs] [Times: user=0.01 sys=0.00, real=0.01 secs] 
2016-08-16T04:26:34.882+0000: 299068.852: Total time for which application threads were stopped: 0.0087219 seconds, Stopping threads took: 0.0000733 seconds
2016-08-16T04:26:39.000+0000: 299072.970: [GC (Allocation Failure) 299072.970: [ParNew
Desired survivor size 8716288 bytes, new threshold 6 (max 6)
- age   1:     681688 bytes,     681688 total
- age   2:      31296 bytes,     712984 total
- age   3:      32856 bytes,     745840 total
- age   4:       5288 bytes,     751128 total
- age   5:       3384 bytes,     754512 total
- age   6:       6592 bytes,     761104 total
: 137031K->784K(153344K), 0.0073794 secs] 311621K->175383K(1031552K), 0.0075026 secs] [Times: user=0.01 sys=0.00, real=0.01 secs] 
2016-08-16T04:26:39.007+0000: 299072.977: Total time for which application threads were stopped: 0.0081830 seconds, Stopping threads took: 0.0000979 seconds
2016-08-16T04:26:44.908+0000: 299078.879: [GC (Allocation Failure) 299078.879: [ParNew
Desired survivor size 8716288 bytes, new threshold 6 (max 6)
- age   1:     337592 bytes,     337592 total
- age   2:      16672 bytes,     354264 total
- age   3:      11744 bytes,     366008 total
- age   4:      31056 bytes,     397064 total
- age   5:       4040 bytes,     401104 total
- age   6:       3384 bytes,     404488 total
: 137104K->481K(153344K), 0.0071628 secs] 311703K->175086K(1031552K), 0.0072768 secs] [Times: user=0.02 sys=0.00, real=0.00 secs] 
2016-08-16T04:26:44.916+0000: 299078.886: Total time for which application threads were stopped: 0.0080469 seconds, Stopping threads took: 0.0001063 seconds
2016-08-16T04:26:55.150+0000: 299089.120: [GC (Allocation Failure) 299089.120: [ParNew
Desired survivor size 8716288 bytes, new threshold 6 (max 6)
- age   1:     586280 bytes,     586280 total
- age   2:      29808 bytes,     616088 total
- age   3:      12136 bytes,     628224 total
- age   4:       4872 bytes,     633096 total
- age   5:      29424 bytes,     662520 total
- age   6:       4040 bytes,     666560 total
: 136801K->754K(153344K), 0.0075823 secs] 311406K->175362K(1031552K), 0.0076862 secs] [Times: user=0.02 sys=0.00, real=0.00 secs] 
2016-08-16T04:26:55.158+0000: 299089.128: Total time for which application threads were stopped: 0.0083356 seconds, Stopping threads took: 0.0000730 seconds
2016-08-16T04:27:05.156+0000: 299099.127: [GC (Allocation Failure) 299099.127: [ParNew
Desired survivor size 8716288 bytes, new threshold 6 (max 6)
- age   1:     504912 bytes,     504912 total
- age   2:      36288 bytes,     541200 total
- age   3:      10568 bytes,     551768 total
- age   4:      12000 bytes,     563768 total
- age   5:       4448 bytes,     568216 total
- age   6:      29352 bytes,     597568 total
: 137074K->750K(153344K), 0.0074395 secs] 311682K->175362K(1031552K), 0.0075612 secs] [Times: user=0.01 sys=0.00, real=0.01 secs] 
2016-08-16T04:27:05.164+0000: 299099.134: Total time for which application threads were stopped: 0.0082718 seconds, Stopping threads took: 0.0000834 seconds
2016-08-16T04:27:15.031+0000: 299109.001: [GC (Allocation Failure) 299109.001: [ParNew
Desired survivor size 8716288 bytes, new threshold 6 (max 6)
- age   1:     584144 bytes,     584144 total
- age   2:      23384 bytes,     607528 total
- age   3:       9448 bytes,     616976 total
- age   4:       7472 bytes,     624448 total
- age   5:      11936 bytes,     636384 total
- age   6:       4448 bytes,     640832 total
: 137070K->694K(153344K), 0.0077695 secs] 311682K->175335K(1031552K), 0.0078760 secs] [Times: user=0.02 sys=0.00, real=0.00 secs] 
2016-08-16T04:27:15.039+0000: 299109.009: Total time for which application threads were stopped: 0.0085362 seconds, Stopping threads took: 0.0000820 seconds
2016-08-16T04:27:23.492+0000: 299117.463: Total time for which application threads were stopped: 0.0012496 seconds, Stopping threads took: 0.0001834 seconds
2016-08-16T04:27:25.039+0000: 299119.010: [GC (Allocation Failure) 299119.010: [ParNew
Desired survivor size 8716288 bytes, new threshold 6 (max 6)
- age   1:     629544 bytes,     629544 total
- age   2:      26104 bytes,     655648 total
- age   3:       3952 bytes,     659600 total
- age   4:       6400 bytes,     666000 total
- age   5:       6544 bytes,     672544 total
- age   6:      11432 bytes,     683976 total
: 137014K->727K(153344K), 0.0072945 secs] 311655K->175372K(1031552K), 0.0073962 secs] [Times: user=0.01 sys=0.00, real=0.01 secs] 
2016-08-16T04:27:25.047+0000: 299119.017: Total time for which application threads were stopped: 0.0080521 seconds, Stopping threads took: 0.0000802 seconds
2016-08-16T04:27:35.062+0000: 299129.032: [GC (Allocation Failure) 299129.032: [ParNew
Desired survivor size 8716288 bytes, new threshold 6 (max 6)
- age   1:     538768 bytes,     538768 total
- age   2:      46456 bytes,     585224 total
- age   3:       6880 bytes,     592104 total
- age   4:       3512 bytes,     595616 total
- age   5:       6256 bytes,     601872 total
- age   6:       6480 bytes,     608352 total
: 137047K->666K(153344K), 0.0070269 secs] 311692K->175323K(1031552K), 0.0071280 secs] [Times: user=0.01 sys=0.00, real=0.01 secs] 
2016-08-16T04:27:35.069+0000: 299129.039: Total time for which application threads were stopped: 0.0078120 seconds, Stopping threads took: 0.0000819 seconds
2016-08-16T04:27:44.887+0000: 299138.857: [GC (Allocation Failure) 299138.857: [ParNew
Desired survivor size 8716288 bytes, new threshold 6 (max 6)
- age   1:     909824 bytes,     909824 total
- age   2:      31120 bytes,     940944 total
- age   3:      24488 bytes,     965432 total
- age   4:       5632 bytes,     971064 total
- age   5:       3384 bytes,     974448 total
- age   6:       5840 bytes,     980288 total
: 136986K->1038K(153344K), 0.0080040 secs] 311643K->175701K(1031552K), 0.0081087 secs] [Times: user=0.01 sys=0.00, real=0.01 secs] 
2016-08-16T04:27:44.895+0000: 299138.865: Total time for which application threads were stopped: 0.0088842 seconds, Stopping threads took: 0.0001206 seconds
2016-08-16T04:27:55.117+0000: 299149.087: [GC (Allocation Failure) 299149.088: [ParNew
Desired survivor size 8716288 bytes, new threshold 6 (max 6)
- age   1:     669336 bytes,     669336 total
- age   2:      37376 bytes,     706712 total
- age   3:       5320 bytes,     712032 total
- age   4:      22936 bytes,     734968 total
- age   5:       5632 bytes,     740600 total
- age   6:       3312 bytes,     743912 total
: 137358K->867K(153344K), 0.0071016 secs] 312021K->175535K(1031552K), 0.0072068 secs] [Times: user=0.01 sys=0.00, real=0.01 secs] 
2016-08-16T04:27:55.125+0000: 299149.095: Total time for which application threads were stopped: 0.0078883 seconds, Stopping threads took: 0.0000807 seconds
2016-08-16T04:28:05.134+0000: 299159.104: [GC (Allocation Failure) 299159.104: [ParNew
Desired survivor size 8716288 bytes, new threshold 6 (max 6)
- age   1:     494992 bytes,     494992 total
- age   2:      41296 bytes,     536288 total
- age   3:      17688 bytes,     553976 total
- age   4:       4968 bytes,     558944 total
- age   5:      22864 bytes,     581808 total
- age   6:       5632 bytes,     587440 total
: 137187K->633K(153344K), 0.0071017 secs] 311855K->175304K(1031552K), 0.0072036 secs] [Times: user=0.01 sys=0.00, real=0.01 secs] 
2016-08-16T04:28:05.141+0000: 299159.112: Total time for which application threads were stopped: 0.0078400 seconds, Stopping threads took: 0.0000811 seconds
2016-08-16T04:28:14.851+0000: 299168.821: [GC (Allocation Failure) 299168.821: [ParNew
Desired survivor size 8716288 bytes, new threshold 6 (max 6)
- age   1:     540768 bytes,     540768 total
- age   2:      23312 bytes,     564080 total
- age   3:      14080 bytes,     578160 total
- age   4:      12816 bytes,     590976 total
- age   5:       4840 bytes,     595816 total
- age   6:      22728 bytes,     618544 total
: 136953K->667K(153344K), 0.0070448 secs] 311624K->175344K(1031552K), 0.0071605 secs] [Times: user=0.02 sys=0.00, real=0.00 secs] 
2016-08-16T04:28:14.858+0000: 299168.829: Total time for which application threads were stopped: 0.0078873 seconds, Stopping threads took: 0.0000810 seconds
2016-08-16T04:28:23.493+0000: 299177.464: Total time for which application threads were stopped: 0.0007636 seconds, Stopping threads took: 0.0001461 seconds
2016-08-16T04:28:25.050+0000: 299179.020: [GC (Allocation Failure) 299179.020: [ParNew
Desired survivor size 8716288 bytes, new threshold 6 (max 6)
- age   1:     662416 bytes,     662416 total
- age   2:      26120 bytes,     688536 total
- age   3:       3872 bytes,     692408 total
- age   4:      11056 bytes,     703464 total
- age   5:      11664 bytes,     715128 total
- age   6:       4264 bytes,     719392 total
: 136987K->783K(153344K), 0.0091651 secs] 311664K->175474K(1031552K), 0.0092838 secs] [Times: user=0.02 sys=0.00, real=0.00 secs] 
2016-08-16T04:28:25.059+0000: 299179.030: Total time for which application threads were stopped: 0.0099182 seconds, Stopping threads took: 0.0000777 seconds
2016-08-16T04:28:35.057+0000: 299189.027: [GC (Allocation Failure) 299189.027: [ParNew
Desired survivor size 8716288 bytes, new threshold 6 (max 6)
- age   1:     479280 bytes,     479280 total
- age   2:      46680 bytes,     525960 total
- age   3:       6712 bytes,     532672 total
- age   4:       3432 bytes,     536104 total
- age   5:      10984 bytes,     547088 total
- age   6:      11664 bytes,     558752 total
: 137103K->656K(153344K), 0.0071307 secs] 311794K->175352K(1031552K), 0.0072285 secs] [Times: user=0.01 sys=0.00, real=0.01 secs] 
2016-08-16T04:28:35.064+0000: 299189.034: Total time for which application threads were stopped: 0.0078979 seconds, Stopping threads took: 0.0000800 seconds
2016-08-16T04:28:44.879+0000: 299198.849: [GC (Allocation Failure) 299198.849: [ParNew
Desired survivor size 8716288 bytes, new threshold 6 (max 6)
- age   1:     976112 bytes,     976112 total
- age   2:      29920 bytes,    1006032 total
- age   3:      24024 bytes,    1030056 total
- age   4:       4640 bytes,    1034696 total
- age   5:       3160 bytes,    1037856 total
- age   6:      10496 bytes,    1048352 total
: 136976K->1061K(153344K), 0.0087614 secs] 311672K->175765K(1031552K), 0.0088693 secs] [Times: user=0.01 sys=0.00, real=0.01 secs] 
2016-08-16T04:28:44.888+0000: 299198.858: Total time for which application threads were stopped: 0.0094432 seconds, Stopping threads took: 0.0000648 seconds
2016-08-16T04:28:46.887+0000: 299200.857: [GC (Allocation Failure) 299200.857: [ParNew
Desired survivor size 8716288 bytes, new threshold 6 (max 6)
- age   1:     217160 bytes,     217160 total
- age   2:      53864 bytes,     271024 total
- age   3:      10896 bytes,     281920 total
- age   4:      24024 bytes,     305944 total
- age   5:       4512 bytes,     310456 total
- age   6:       3160 bytes,     313616 total
: 137381K->356K(153344K), 0.0064245 secs] 312085K->175071K(1031552K), 0.0065563 secs] [Times: user=0.02 sys=0.00, real=0.01 secs] 
2016-08-16T04:28:46.894+0000: 299200.864: Total time for which application threads were stopped: 0.0072032 seconds, Stopping threads took: 0.0000611 seconds
2016-08-16T04:28:55.051+0000: 299209.021: [GC (Allocation Failure) 299209.021: [ParNew
Desired survivor size 8716288 bytes, new threshold 6 (max 6)
- age   1:     382232 bytes,     382232 total
- age   2:       6896 bytes,     389128 total
- age   3:      20104 bytes,     409232 total
- age   4:       4272 bytes,     413504 total
- age   5:      21728 bytes,     435232 total
- age   6:       4512 bytes,     439744 total
: 136676K->514K(153344K), 0.0072229 secs] 311391K->175232K(1031552K), 0.0073155 secs] [Times: user=0.01 sys=0.00, real=0.00 secs] 
2016-08-16T04:28:55.058+0000: 299209.029: Total time for which application threads were stopped: 0.0079492 seconds, Stopping threads took: 0.0000775 seconds
2016-08-16T04:29:05.192+0000: 299219.163: [GC (Allocation Failure) 299219.163: [ParNew
Desired survivor size 8716288 bytes, new threshold 6 (max 6)
- age   1:     437280 bytes,     437280 total
- age   2:      33760 bytes,     471040 total
- age   3:       3120 bytes,     474160 total
- age   4:      19768 bytes,     493928 total
- age   5:       3920 bytes,     497848 total
- age   6:      21592 bytes,     519440 total
: 136834K->577K(153344K), 0.0066582 secs] 311552K->175300K(1031552K), 0.0067675 secs] [Times: user=0.01 sys=0.00, real=0.00 secs] 
2016-08-16T04:29:05.199+0000: 299219.170: Total time for which application threads were stopped: 0.0074696 seconds, Stopping threads took: 0.0001151 seconds
2016-08-16T04:29:15.077+0000: 299229.048: [GC (Allocation Failure) 299229.048: [ParNew
Desired survivor size 8716288 bytes, new threshold 6 (max 6)
- age   1:     562400 bytes,     562400 total
- age   2:      23352 bytes,     585752 total
- age   3:       7648 bytes,     593400 total
- age   4:       3048 bytes,     596448 total
- age   5:      15344 bytes,     611792 total
- age   6:       3920 bytes,     615712 total
: 136897K->690K(153344K), 0.0073303 secs] 311620K->175434K(1031552K), 0.0074420 secs] [Times: user=0.01 sys=0.00, real=0.01 secs] 
2016-08-16T04:29:15.085+0000: 299229.055: Total time for which application threads were stopped: 0.0081579 seconds, Stopping threads took: 0.0000809 seconds
2016-08-16T04:29:23.494+0000: 299237.465: Total time for which application threads were stopped: 0.0007892 seconds, Stopping threads took: 0.0001543 seconds
2016-08-16T04:29:25.232+0000: 299239.203: [GC (Allocation Failure) 299239.203: [ParNew
Desired survivor size 8716288 bytes, new threshold 6 (max 6)
- age   1:     595264 bytes,     595264 total
- age   2:      26016 bytes,     621280 total
- age   3:       3896 bytes,     625176 total
- age   4:       4816 bytes,     629992 total
- age   5:       2528 bytes,     632520 total
- age   6:      13920 bytes,     646440 total
: 137010K->699K(153344K), 0.0076128 secs] 311754K->175447K(1031552K), 0.0077141 secs] [Times: user=0.01 sys=0.00, real=0.01 secs] 
2016-08-16T04:29:25.240+0000: 299239.210: Total time for which application threads were stopped: 0.0084002 seconds, Stopping threads took: 0.0000831 seconds
2016-08-16T04:29:35.149+0000: 299249.119: [GC (Allocation Failure) 299249.119: [ParNew
Desired survivor size 8716288 bytes, new threshold 6 (max 6)
- age   1:     530920 bytes,     530920 total
- age   2:      46216 bytes,     577136 total
- age   3:       6952 bytes,     584088 total
- age   4:       3456 bytes,     587544 total
- age   5:       4680 bytes,     592224 total
- age   6:       2464 bytes,     594688 total
: 137019K->642K(153344K), 0.0072695 secs] 311767K->175403K(1031552K), 0.0073735 secs] [Times: user=0.01 sys=0.00, real=0.00 secs] 
2016-08-16T04:29:35.156+0000: 299249.126: Total time for which application threads were stopped: 0.0080804 seconds, Stopping threads took: 0.0000829 seconds
2016-08-16T04:29:44.876+0000: 299258.846: [GC (Allocation Failure) 299258.846: [ParNew
Desired survivor size 8716288 bytes, new threshold 6 (max 6)
- age   1:     926240 bytes,     926240 total
- age   2:      31912 bytes,     958152 total
- age   3:      24288 bytes,     982440 total
- age   4:       5640 bytes,     988080 total
- age   5:       3456 bytes,     991536 total
- age   6:       4328 bytes,     995864 total
: 136962K->1115K(153344K), 0.0092454 secs] 311723K->175879K(1031552K), 0.0093530 secs] [Times: user=0.02 sys=0.00, real=0.01 secs] 
2016-08-16T04:29:44.885+0000: 299258.855: Total time for which application threads were stopped: 0.0099549 seconds, Stopping threads took: 0.0000703 seconds
2016-08-16T04:29:55.145+0000: 299269.115: [GC (Allocation Failure) 299269.115: [ParNew
Desired survivor size 8716288 bytes, new threshold 6 (max 6)
- age   1:     596712 bytes,     596712 total
- age   2:      38232 bytes,     634944 total
- age   3:       6280 bytes,     641224 total
- age   4:      22592 bytes,     663816 total
- age   5:       5576 bytes,     669392 total
- age   6:       3456 bytes,     672848 total
: 137435K->714K(153344K), 0.0080220 secs] 312199K->175482K(1031552K), 0.0081267 secs] [Times: user=0.01 sys=0.00, real=0.01 secs] 
2016-08-16T04:29:55.153+0000: 299269.124: Total time for which application threads were stopped: 0.0087671 seconds, Stopping threads took: 0.0000764 seconds
2016-08-16T04:30:05.121+0000: 299279.091: [GC (Allocation Failure) 299279.091: [ParNew
Desired survivor size 8716288 bytes, new threshold 6 (max 6)
- age   1:     478464 bytes,     478464 total
- age   2:      37368 bytes,     515832 total
- age   3:      18960 bytes,     534792 total
- age   4:       5928 bytes,     540720 total
- age   5:      22448 bytes,     563168 total
- age   6:       5576 bytes,     568744 total
: 137034K->698K(153344K), 0.0073967 secs] 311802K->175469K(1031552K), 0.0075093 secs] [Times: user=0.01 sys=0.00, real=0.01 secs] 
2016-08-16T04:30:05.128+0000: 299279.099: Total time for which application threads were stopped: 0.0081982 seconds, Stopping threads took: 0.0000845 seconds
2016-08-16T04:30:15.106+0000: 299289.076: [GC (Allocation Failure) 299289.076: [ParNew
Desired survivor size 8716288 bytes, new threshold 6 (max 6)
- age   1:     588408 bytes,     588408 total
- age   2:      23224 bytes,     611632 total
- age   3:       9848 bytes,     621480 total
- age   4:      14616 bytes,     636096 total
- age   5:       5800 bytes,     641896 total
- age   6:      22304 bytes,     664200 total
: 137018K->725K(153344K), 0.0075977 secs] 311789K->175502K(1031552K), 0.0077083 secs] [Times: user=0.01 sys=0.00, real=0.01 secs] 
2016-08-16T04:30:15.114+0000: 299289.084: Total time for which application threads were stopped: 0.0083775 seconds, Stopping threads took: 0.0000814 seconds
2016-08-16T04:30:23.493+0000: 299297.463: Total time for which application threads were stopped: 0.0014798 seconds, Stopping threads took: 0.0002418 seconds
2016-08-16T04:30:24.860+0000: 299298.830: [GC (Allocation Failure) 299298.830: [ParNew
Desired survivor size 8716288 bytes, new threshold 6 (max 6)
- age   1:     582264 bytes,     582264 total
- age   2:      25664 bytes,     607928 total
- age   3:       3760 bytes,     611688 total
- age   4:       6704 bytes,     618392 total
- age   5:      13504 bytes,     631896 total
- age   6:       5152 bytes,     637048 total
: 137045K->705K(153344K), 0.0075933 secs] 311822K->175496K(1031552K), 0.0076912 secs] [Times: user=0.01 sys=0.01, real=0.01 secs] 
2016-08-16T04:30:24.868+0000: 299298.838: Total time for which application threads were stopped: 0.0083438 seconds, Stopping threads took: 0.0000809 seconds
2016-08-16T04:30:35.335+0000: 299309.305: [GC (Allocation Failure) 299309.305: [ParNew
Desired survivor size 8716288 bytes, new threshold 6 (max 6)
- age   1:     554496 bytes,     554496 total
- age   2:      48864 bytes,     603360 total
- age   3:       6576 bytes,     609936 total
- age   4:       3320 bytes,     613256 total
- age   5:       6504 bytes,     619760 total
- age   6:      13440 bytes,     633200 total
: 137025K->703K(153344K), 0.0074329 secs] 311816K->175500K(1031552K), 0.0075359 secs] [Times: user=0.01 sys=0.00, real=0.01 secs] 
2016-08-16T04:30:35.343+0000: 299309.313: Total time for which application threads were stopped: 0.0081987 seconds, Stopping threads took: 0.0001103 seconds
2016-08-16T04:30:44.865+0000: 299318.835: [GC (Allocation Failure) 299318.835: [ParNew
Desired survivor size 8716288 bytes, new threshold 6 (max 6)
- age   1:     926328 bytes,     926328 total
- age   2:      32440 bytes,     958768 total
- age   3:      27800 bytes,     986568 total
- age   4:       5192 bytes,     991760 total
- age   5:       3320 bytes,     995080 total
- age   6:       6152 bytes,    1001232 total
: 137023K->1047K(153344K), 0.0105205 secs] 311820K->175857K(1031552K), 0.0106566 secs] [Times: user=0.02 sys=0.00, real=0.01 secs] 
2016-08-16T04:30:44.876+0000: 299318.846: Total time for which application threads were stopped: 0.0115134 seconds, Stopping threads took: 0.0000981 seconds
2016-08-16T04:30:55.139+0000: 299329.109: [GC (Allocation Failure) 299329.109: [ParNew
Desired survivor size 8716288 bytes, new threshold 6 (max 6)
- age   1:     612112 bytes,     612112 total
- age   2:      34624 bytes,     646736 total
- age   3:       6432 bytes,     653168 total
- age   4:      26560 bytes,     679728 total
- age   5:       5128 bytes,     684856 total
- age   6:       3320 bytes,     688176 total
: 137367K->765K(153344K), 0.0073508 secs] 312177K->175581K(1031552K), 0.0074568 secs] [Times: user=0.01 sys=0.00, real=0.01 secs] 
2016-08-16T04:30:55.146+0000: 299329.117: Total time for which application threads were stopped: 0.0080876 seconds, Stopping threads took: 0.0000770 seconds
2016-08-16T04:31:05.111+0000: 299339.081: [GC (Allocation Failure) 299339.081: [ParNew
Desired survivor size 8716288 bytes, new threshold 6 (max 6)
- age   1:     533224 bytes,     533224 total
- age   2:      36808 bytes,     570032 total
- age   3:      15184 bytes,     585216 total
- age   4:       6080 bytes,     591296 total
- age   5:      26488 bytes,     617784 total
- age   6:       4992 bytes,     622776 total
: 137085K->672K(153344K), 0.0072582 secs] 311901K->175492K(1031552K), 0.0073578 secs] [Times: user=0.02 sys=0.00, real=0.00 secs] 
2016-08-16T04:31:05.118+0000: 299339.089: Total time for which application threads were stopped: 0.0079864 seconds, Stopping threads took: 0.0000710 seconds
2016-08-16T04:31:08.518+0000: 299342.488: [GC (Allocation Failure) 299342.488: [ParNew
Desired survivor size 8716288 bytes, new threshold 6 (max 6)
- age   1:     236224 bytes,     236224 total
- age   2:      31392 bytes,     267616 total
- age   3:      17800 bytes,     285416 total
- age   4:      15120 bytes,     300536 total
- age   5:       6080 bytes,     306616 total
- age   6:      26416 bytes,     333032 total
: 136992K->426K(153344K), 0.0060853 secs] 311812K->175250K(1031552K), 0.0061745 secs] [Times: user=0.01 sys=0.00, real=0.01 secs] 
2016-08-16T04:31:08.524+0000: 299342.494: Total time for which application threads were stopped: 0.0067507 seconds, Stopping threads took: 0.0000792 seconds
2016-08-16T04:31:15.155+0000: 299349.125: [GC (Allocation Failure) 299349.125: [ParNew
Desired survivor size 8716288 bytes, new threshold 6 (max 6)
- age   1:     397032 bytes,     397032 total
- age   2:       6648 bytes,     403680 total
- age   3:       5080 bytes,     408760 total
- age   4:       9376 bytes,     418136 total
- age   5:      10784 bytes,     428920 total
- age   6:       6008 bytes,     434928 total
: 136746K->509K(153344K), 0.0068701 secs] 311570K->175360K(1031552K), 0.0069680 secs] [Times: user=0.01 sys=0.00, real=0.01 secs] 
2016-08-16T04:31:15.162+0000: 299349.132: Total time for which application threads were stopped: 0.0076167 seconds, Stopping threads took: 0.0000820 seconds
2016-08-16T04:31:23.493+0000: 299357.463: Total time for which application threads were stopped: 0.0006913 seconds, Stopping threads took: 0.0001366 seconds
2016-08-16T04:31:25.134+0000: 299359.104: [GC (Allocation Failure) 299359.104: [ParNew
Desired survivor size 8716288 bytes, new threshold 6 (max 6)
- age   1:     619720 bytes,     619720 total
- age   2:      24160 bytes,     643880 total
- age   3:       2968 bytes,     646848 total
- age   4:       4352 bytes,     651200 total
- age   5:       6240 bytes,     657440 total
- age   6:      10048 bytes,     667488 total
: 136829K->764K(153344K), 0.0080741 secs] 311680K->175619K(1031552K), 0.0081735 secs] [Times: user=0.01 sys=0.00, real=0.01 secs] 
2016-08-16T04:31:25.142+0000: 299359.113: Total time for which application threads were stopped: 0.0088431 seconds, Stopping threads took: 0.0000799 seconds
2016-08-16T04:31:35.139+0000: 299369.109: [GC (Allocation Failure) 299369.109: [ParNew
Desired survivor size 8716288 bytes, new threshold 6 (max 6)
- age   1:     524976 bytes,     524976 total
- age   2:      45520 bytes,     570496 total
- age   3:       4936 bytes,     575432 total
- age   4:       2896 bytes,     578328 total
- age   5:       3912 bytes,     582240 total
- age   6:       6104 bytes,     588344 total
: 137084K->645K(153344K), 0.0073364 secs] 311939K->175509K(1031552K), 0.0074418 secs] [Times: user=0.02 sys=0.00, real=0.01 secs] 
2016-08-16T04:31:35.147+0000: 299369.117: Total time for which application threads were stopped: 0.0081119 seconds, Stopping threads took: 0.0000768 seconds
2016-08-16T04:31:44.891+0000: 299378.861: [GC (Allocation Failure) 299378.861: [ParNew
Desired survivor size 8716288 bytes, new threshold 6 (max 6)
- age   1:     903064 bytes,     903064 total
- age   2:      30088 bytes,     933152 total
- age   3:      23328 bytes,     956480 total
- age   4:       2304 bytes,     958784 total
- age   5:       2672 bytes,     961456 total
- age   6:       3848 bytes,     965304 total
: 136965K->1026K(153344K), 0.0075621 secs] 311829K->175896K(1031552K), 0.0076784 secs] [Times: user=0.01 sys=0.00, real=0.00 secs] 
2016-08-16T04:31:44.899+0000: 299378.869: Total time for which application threads were stopped: 0.0083343 seconds, Stopping threads took: 0.0000806 seconds
2016-08-16T04:31:55.185+0000: 299389.155: [GC (Allocation Failure) 299389.155: [ParNew
Desired survivor size 8716288 bytes, new threshold 6 (max 6)
- age   1:     645856 bytes,     645856 total
- age   2:      33864 bytes,     679720 total
- age   3:       4480 bytes,     684200 total
- age   4:      21008 bytes,     705208 total
- age   5:       2152 bytes,     707360 total
- age   6:       2608 bytes,     709968 total
: 137346K->837K(153344K), 0.0077332 secs] 312216K->175711K(1031552K), 0.0078332 secs] [Times: user=0.02 sys=0.00, real=0.01 secs] 
2016-08-16T04:31:55.193+0000: 299389.163: Total time for which application threads were stopped: 0.0084923 seconds, Stopping threads took: 0.0000783 seconds
2016-08-16T04:32:05.131+0000: 299399.101: [GC (Allocation Failure) 299399.101: [ParNew
Desired survivor size 8716288 bytes, new threshold 6 (max 6)
- age   1:     426256 bytes,     426256 total
- age   2:      47024 bytes,     473280 total
- age   3:      14816 bytes,     488096 total
- age   4:       4128 bytes,     492224 total
- age   5:      20864 bytes,     513088 total
- age   6:       2152 bytes,     515240 total
: 137157K->562K(153344K), 0.0074951 secs] 312031K->175438K(1031552K), 0.0075960 secs] [Times: user=0.02 sys=0.00, real=0.00 secs] 
2016-08-16T04:32:05.139+0000: 299399.109: Total time for which application threads were stopped: 0.0082427 seconds, Stopping threads took: 0.0000801 seconds
2016-08-16T04:32:15.177+0000: 299409.148: [GC (Allocation Failure) 299409.148: [ParNew
Desired survivor size 8716288 bytes, new threshold 6 (max 6)
- age   1:     602384 bytes,     602384 total
- age   2:      23192 bytes,     625576 total
- age   3:      10248 bytes,     635824 total
- age   4:      10216 bytes,     646040 total
- age   5:       4056 bytes,     650096 total
- age   6:      20864 bytes,     670960 total
: 136882K->790K(153344K), 0.0077281 secs] 311758K->175668K(1031552K), 0.0078282 secs] [Times: user=0.01 sys=0.00, real=0.01 secs] 
2016-08-16T04:32:15.185+0000: 299409.156: Total time for which application threads were stopped: 0.0085052 seconds, Stopping threads took: 0.0001001 seconds
2016-08-16T04:32:23.490+0000: 299417.460: Total time for which application threads were stopped: 0.0009532 seconds, Stopping threads took: 0.0001697 seconds
2016-08-16T04:32:25.257+0000: 299419.227: [GC (Allocation Failure) 299419.227: [ParNew
Desired survivor size 8716288 bytes, new threshold 6 (max 6)
- age   1:     628056 bytes,     628056 total
- age   2:      25920 bytes,     653976 total
- age   3:       3392 bytes,     657368 total
- age   4:       6968 bytes,     664336 total
- age   5:       8992 bytes,     673328 total
- age   6:       3408 bytes,     676736 total
: 137110K->682K(153344K), 0.0101219 secs] 311988K->175573K(1031552K), 0.0102782 secs] [Times: user=0.02 sys=0.00, real=0.01 secs] 
2016-08-16T04:32:25.267+0000: 299419.237: Total time for which application threads were stopped: 0.0110675 seconds, Stopping threads took: 0.0000848 seconds
2016-08-16T04:32:34.857+0000: 299428.827: [GC (Allocation Failure) 299428.828: [ParNew
Desired survivor size 8716288 bytes, new threshold 6 (max 6)
- age   1:     479752 bytes,     479752 total
- age   2:      47368 bytes,     527120 total
- age   3:       6912 bytes,     534032 total
- age   4:       2952 bytes,     536984 total
- age   5:       6832 bytes,     543816 total
- age   6:       8928 bytes,     552744 total
: 137002K->606K(153344K), 0.0073913 secs] 311893K->175500K(1031552K), 0.0075053 secs] [Times: user=0.01 sys=0.00, real=0.01 secs] 
2016-08-16T04:32:34.865+0000: 299428.835: Total time for which application threads were stopped: 0.0081939 seconds, Stopping threads took: 0.0000820 seconds
2016-08-16T04:32:39.953+0000: 299433.923: Total time for which application threads were stopped: 0.0024348 seconds, Stopping threads took: 0.0000911 seconds
2016-08-16T04:32:44.969+0000: 299438.940: [GC (Allocation Failure) 299438.940: [ParNew
Desired survivor size 8716288 bytes, new threshold 6 (max 6)
- age   1:     954440 bytes,     954440 total
- age   2:      36400 bytes,     990840 total
- age   3:      26232 bytes,    1017072 total
- age   4:       5592 bytes,    1022664 total
- age   5:       2952 bytes,    1025616 total
- age   6:       6344 bytes,    1031960 total
: 136926K->1147K(153344K), 0.0083166 secs] 311820K->176050K(1031552K), 0.0084242 secs] [Times: user=0.01 sys=0.00, real=0.00 secs] 
2016-08-16T04:32:44.978+0000: 299438.948: Total time for which application threads were stopped: 0.0090994 seconds, Stopping threads took: 0.0000801 seconds
2016-08-16T04:32:54.901+0000: 299448.871: [GC (Allocation Failure) 299448.872: [ParNew
Desired survivor size 8716288 bytes, new threshold 6 (max 6)
- age   1:     588824 bytes,     588824 total
- age   2:      33920 bytes,     622744 total
- age   3:      10432 bytes,     633176 total
- age   4:      24696 bytes,     657872 total
- age   5:       5464 bytes,     663336 total
- age   6:       2952 bytes,     666288 total
: 137467K->684K(153344K), 0.0073232 secs] 312370K->175593K(1031552K), 0.0074378 secs] [Times: user=0.02 sys=0.00, real=0.01 secs] 
2016-08-16T04:32:54.909+0000: 299448.879: Total time for which application threads were stopped: 0.0081330 seconds, Stopping threads took: 0.0000829 seconds
2016-08-16T04:33:04.584+0000: 299458.554: [GC (Allocation Failure) 299458.554: [ParNew
Desired survivor size 8716288 bytes, new threshold 6 (max 6)
- age   1:     450080 bytes,     450080 total
- age   2:      40728 bytes,     490808 total
- age   3:      14576 bytes,     505384 total
- age   4:      10056 bytes,     515440 total
- age   5:      24624 bytes,     540064 total
- age   6:       5464 bytes,     545528 total
: 137004K->599K(153344K), 0.0068789 secs] 311913K->175510K(1031552K), 0.0069862 secs] [Times: user=0.01 sys=0.00, real=0.01 secs] 
2016-08-16T04:33:04.591+0000: 299458.561: Total time for which application threads were stopped: 0.0076149 seconds, Stopping threads took: 0.0000682 seconds
2016-08-16T04:33:15.136+0000: 299469.107: [GC (Allocation Failure) 299469.107: [ParNew
Desired survivor size 8716288 bytes, new threshold 6 (max 6)
- age   1:     573576 bytes,     573576 total
- age   2:      23504 bytes,     597080 total
- age   3:      13952 bytes,     611032 total
- age   4:      10000 bytes,     621032 total
- age   5:       9928 bytes,     630960 total
- age   6:      24560 bytes,     655520 total
: 136919K->733K(153344K), 0.0099639 secs] 311830K->175650K(1031552K), 0.0101393 secs] [Times: user=0.02 sys=0.00, real=0.01 secs] 
2016-08-16T04:33:15.147+0000: 299469.117: Total time for which application threads were stopped: 0.0111372 seconds, Stopping threads took: 0.0001074 seconds
2016-08-16T04:33:22.301+0000: 299476.271: [GC (Allocation Failure) 299476.271: [ParNew
Desired survivor size 8716288 bytes, new threshold 6 (max 6)
- age   1:     379896 bytes,     379896 total
- age   2:      33272 bytes,     413168 total
- age   3:       4280 bytes,     417448 total
- age   4:      13496 bytes,     430944 total
- age   5:       9936 bytes,     440880 total
- age   6:       9784 bytes,     450664 total
: 137053K->505K(153344K), 0.0066570 secs] 311970K->175446K(1031552K), 0.0067771 secs] [Times: user=0.01 sys=0.00, real=0.00 secs] 
2016-08-16T04:33:22.307+0000: 299476.278: Total time for which application threads were stopped: 0.0104295 seconds, Stopping threads took: 0.0031393 seconds
2016-08-16T04:33:23.485+0000: 299477.455: Total time for which application threads were stopped: 0.0021364 seconds, Stopping threads took: 0.0013284 seconds
2016-08-16T04:33:25.201+0000: 299479.171: [GC (Allocation Failure) 299479.171: [ParNew
Desired survivor size 8716288 bytes, new threshold 6 (max 6)
- age   1:     361160 bytes,     361160 total
- age   2:      13032 bytes,     374192 total
- age   3:       6376 bytes,     380568 total
- age   4:       3928 bytes,     384496 total
- age   5:      10656 bytes,     395152 total
- age   6:       8928 bytes,     404080 total
: 136825K->443K(153344K), 0.0070719 secs] 311766K->175393K(1031552K), 0.0071825 secs] [Times: user=0.01 sys=0.00, real=0.00 secs] 
2016-08-16T04:33:25.208+0000: 299479.178: Total time for which application threads were stopped: 0.0078166 seconds, Stopping threads took: 0.0000773 seconds
2016-08-16T04:33:35.155+0000: 299489.125: [GC (Allocation Failure) 299489.125: [ParNew
Desired survivor size 8716288 bytes, new threshold 6 (max 6)
- age   1:     447296 bytes,     447296 total
- age   2:      52464 bytes,     499760 total
- age   3:       9528 bytes,     509288 total
- age   4:       6136 bytes,     515424 total
- age   5:       3488 bytes,     518912 total
- age   6:      10584 bytes,     529496 total
: 136763K->564K(153344K), 0.0072360 secs] 311713K->175523K(1031552K), 0.0073451 secs] [Times: user=0.02 sys=0.00, real=0.01 secs] 
2016-08-16T04:33:35.162+0000: 299489.133: Total time for which application threads were stopped: 0.0080146 seconds, Stopping threads took: 0.0000818 seconds
2016-08-16T04:33:44.884+0000: 299498.854: [GC (Allocation Failure) 299498.854: [ParNew
Desired survivor size 8716288 bytes, new threshold 6 (max 6)
- age   1:     998440 bytes,     998440 total
- age   2:      29576 bytes,    1028016 total
- age   3:      30152 bytes,    1058168 total
- age   4:       8240 bytes,    1066408 total
- age   5:       5384 bytes,    1071792 total
- age   6:       3360 bytes,    1075152 total
: 136884K->1177K(153344K), 0.0076357 secs] 311843K->176146K(1031552K), 0.0077459 secs] [Times: user=0.01 sys=0.00, real=0.01 secs] 
2016-08-16T04:33:44.892+0000: 299498.862: Total time for which application threads were stopped: 0.0083996 seconds, Stopping threads took: 0.0000835 seconds
2016-08-16T04:33:55.141+0000: 299509.112: [GC (Allocation Failure) 299509.112: [ParNew
Desired survivor size 8716288 bytes, new threshold 6 (max 6)
- age   1:     513136 bytes,     513136 total
- age   2:      40744 bytes,     553880 total
- age   3:       3904 bytes,     557784 total
- age   4:      28736 bytes,     586520 total
- age   5:       8240 bytes,     594760 total
- age   6:       5256 bytes,     600016 total
: 137497K->682K(153344K), 0.0075754 secs] 312466K->175654K(1031552K), 0.0076748 secs] [Times: user=0.01 sys=0.00, real=0.01 secs] 
2016-08-16T04:33:55.149+0000: 299509.119: Total time for which application threads were stopped: 0.0083226 seconds, Stopping threads took: 0.0000809 seconds
2016-08-16T04:34:04.665+0000: 299518.636: [GC (Allocation Failure) 299518.636: [ParNew
Desired survivor size 8716288 bytes, new threshold 6 (max 6)
- age   1:     451912 bytes,     451912 total
- age   2:      35688 bytes,     487600 total
- age   3:      21544 bytes,     509144 total
- age   4:       3552 bytes,     512696 total
- age   5:      28664 bytes,     541360 total
- age   6:       8176 bytes,     549536 total
: 137002K->628K(153344K), 0.0069259 secs] 311974K->175606K(1031552K), 0.0070298 secs] [Times: user=0.02 sys=0.00, real=0.01 secs] 
2016-08-16T04:34:04.673+0000: 299518.643: Total time for which application threads were stopped: 0.0076932 seconds, Stopping threads took: 0.0000820 seconds
2016-08-16T04:34:15.085+0000: 299529.055: [GC (Allocation Failure) 299529.055: [ParNew
Desired survivor size 8716288 bytes, new threshold 6 (max 6)
- age   1:     552088 bytes,     552088 total
- age   2:      23552 bytes,     575640 total
- age   3:       9288 bytes,     584928 total
- age   4:      17184 bytes,     602112 total
- age   5:       3552 bytes,     605664 total
- age   6:      28664 bytes,     634328 total
: 136948K->731K(153344K), 0.0086882 secs] 311926K->175716K(1031552K), 0.0088526 secs] [Times: user=0.01 sys=0.00, real=0.01 secs] 
2016-08-16T04:34:15.094+0000: 299529.064: Total time for which application threads were stopped: 0.0097075 seconds, Stopping threads took: 0.0001286 seconds
2016-08-16T04:34:23.493+0000: 299537.463: Total time for which application threads were stopped: 0.0033487 seconds, Stopping threads took: 0.0027496 seconds
2016-08-16T04:34:25.327+0000: 299539.297: [GC (Allocation Failure) 299539.297: [ParNew
Desired survivor size 8716288 bytes, new threshold 6 (max 6)
- age   1:     635584 bytes,     635584 total
- age   2:      24568 bytes,     660152 total
- age   3:       3816 bytes,     663968 total
- age   4:       6464 bytes,     670432 total
- age   5:      15976 bytes,     686408 total
- age   6:       2832 bytes,     689240 total
: 137051K->773K(153344K), 0.0094507 secs] 312036K->175780K(1031552K), 0.0096055 secs] [Times: user=0.01 sys=0.00, real=0.01 secs] 
2016-08-16T04:34:25.336+0000: 299539.307: Total time for which application threads were stopped: 0.0105354 seconds, Stopping threads took: 0.0001390 seconds
2016-08-16T04:34:34.600+0000: 299548.570: [GC (Allocation Failure) 299548.570: [ParNew
Desired survivor size 8716288 bytes, new threshold 6 (max 6)
- age   1:     460256 bytes,     460256 total
- age   2:      46136 bytes,     506392 total
- age   3:       5504 bytes,     511896 total
- age   4:       3376 bytes,     515272 total
- age   5:       6328 bytes,     521600 total
- age   6:      15912 bytes,     537512 total
: 137093K->668K(153344K), 0.0075955 secs] 312100K->175677K(1031552K), 0.0077008 secs] [Times: user=0.02 sys=0.00, real=0.01 secs] 
2016-08-16T04:34:34.608+0000: 299548.578: Total time for which application threads were stopped: 0.0084010 seconds, Stopping threads took: 0.0000825 seconds
2016-08-16T04:34:44.860+0000: 299558.831: [GC (Allocation Failure) 299558.831: [ParNew
Desired survivor size 8716288 bytes, new threshold 6 (max 6)
- age   1:     911544 bytes,     911544 total
- age   2:      30136 bytes,     941680 total
- age   3:      23608 bytes,     965288 total
- age   4:       4056 bytes,     969344 total
- age   5:       3376 bytes,     972720 total
- age   6:       5904 bytes,     978624 total
: 136988K->1010K(153344K), 0.0074148 secs] 311997K->176032K(1031552K), 0.0075209 secs] [Times: user=0.01 sys=0.00, real=0.00 secs] 
2016-08-16T04:34:44.868+0000: 299558.838: Total time for which application threads were stopped: 0.0082367 seconds, Stopping threads took: 0.0000840 seconds
2016-08-16T04:34:54.862+0000: 299568.832: [GC (Allocation Failure) 299568.832: [ParNew
Desired survivor size 8716288 bytes, new threshold 6 (max 6)
- age   1:     478976 bytes,     478976 total
- age   2:      35664 bytes,     514640 total
- age   3:       4408 bytes,     519048 total
- age   4:      21176 bytes,     540224 total
- age   5:       4056 bytes,     544280 total
- age   6:       3376 bytes,     547656 total
: 137330K->608K(153344K), 0.0082818 secs] 312352K->175636K(1031552K), 0.0083840 secs] [Times: user=0.02 sys=0.00, real=0.01 secs] 
2016-08-16T04:34:54.870+0000: 299568.841: Total time for which application threads were stopped: 0.0090305 seconds, Stopping threads took: 0.0000718 seconds
2016-08-16T04:35:05.139+0000: 299579.109: [GC (Allocation Failure) 299579.109: [ParNew
Desired survivor size 8716288 bytes, new threshold 6 (max 6)
- age   1:     434304 bytes,     434304 total
- age   2:      35280 bytes,     469584 total
- age   3:      14352 bytes,     483936 total
- age   4:       4056 bytes,     487992 total
- age   5:      21104 bytes,     509096 total
- age   6:       4056 bytes,     513152 total
: 136928K->580K(153344K), 0.0073568 secs] 311956K->175612K(1031552K), 0.0074724 secs] [Times: user=0.01 sys=0.00, real=0.01 secs] 
2016-08-16T04:35:05.147+0000: 299579.117: Total time for which application threads were stopped: 0.0081387 seconds, Stopping threads took: 0.0000834 seconds
2016-08-16T04:35:14.582+0000: 299588.552: [GC (Allocation Failure) 299588.552: [ParNew
Desired survivor size 8716288 bytes, new threshold 6 (max 6)
- age   1:     502848 bytes,     502848 total
- age   2:      24264 bytes,     527112 total
- age   3:       9456 bytes,     536568 total
- age   4:      10192 bytes,     546760 total
- age   5:       3928 bytes,     550688 total
- age   6:      20896 bytes,     571584 total
: 136900K->705K(153344K), 0.0073888 secs] 311932K->175740K(1031552K), 0.0074822 secs] [Times: user=0.02 sys=0.00, real=0.01 secs] 
2016-08-16T04:35:14.590+0000: 299588.560: Total time for which application threads were stopped: 0.0081344 seconds, Stopping threads took: 0.0000792 seconds
2016-08-16T04:35:23.488+0000: 299597.458: Total time for which application threads were stopped: 0.0007470 seconds, Stopping threads took: 0.0001345 seconds
2016-08-16T04:35:24.583+0000: 299598.553: [GC (Allocation Failure) 299598.553: [ParNew
Desired survivor size 8716288 bytes, new threshold 6 (max 6)
- age   1:     561280 bytes,     561280 total
- age   2:      25032 bytes,     586312 total
- age   3:       4328 bytes,     590640 total
- age   4:       7208 bytes,     597848 total
- age   5:       9544 bytes,     607392 total
- age   6:       3496 bytes,     610888 total
: 137025K->634K(153344K), 0.0088069 secs] 312060K->175682K(1031552K), 0.0089278 secs] [Times: user=0.01 sys=0.00, real=0.01 secs] 
2016-08-16T04:35:24.592+0000: 299598.562: Total time for which application threads were stopped: 0.0098034 seconds, Stopping threads took: 0.0001097 seconds
2016-08-16T04:35:34.628+0000: 299608.598: [GC (Allocation Failure) 299608.598: [ParNew
Desired survivor size 8716288 bytes, new threshold 6 (max 6)
- age   1:     455696 bytes,     455696 total
- age   2:      53328 bytes,     509024 total
- age   3:       5776 bytes,     514800 total
- age   4:       3888 bytes,     518688 total
- age   5:       7136 bytes,     525824 total
- age   6:       9544 bytes,     535368 total
: 136954K->574K(153344K), 0.0071909 secs] 312002K->175625K(1031552K), 0.0072942 secs] [Times: user=0.01 sys=0.00, real=0.01 secs] 
2016-08-16T04:35:34.635+0000: 299608.605: Total time for which application threads were stopped: 0.0079758 seconds, Stopping threads took: 0.0001035 seconds
2016-08-16T04:35:40.118+0000: 299614.088: [GC (Allocation Failure) 299614.088: [ParNew
Desired survivor size 8716288 bytes, new threshold 6 (max 6)
- age   1:     898744 bytes,     898744 total
- age   2:      31616 bytes,     930360 total
- age   3:      32248 bytes,     962608 total
- age   4:       5256 bytes,     967864 total
- age   5:       3376 bytes,     971240 total
- age   6:       6928 bytes,     978168 total
: 136894K->1049K(153344K), 0.0069593 secs] 311945K->176109K(1031552K), 0.0070607 secs] [Times: user=0.01 sys=0.00, real=0.01 secs] 
2016-08-16T04:35:40.125+0000: 299614.095: Total time for which application threads were stopped: 0.0076827 seconds, Stopping threads took: 0.0000788 seconds
2016-08-16T04:35:44.553+0000: 299618.523: [GC (Allocation Failure) 299618.523: [ParNew
Desired survivor size 8716288 bytes, new threshold 6 (max 6)
- age   1:     292688 bytes,     292688 total
- age   2:      13968 bytes,     306656 total
- age   3:      11792 bytes,     318448 total
- age   4:      31864 bytes,     350312 total
- age   5:       5128 bytes,     355440 total
- age   6:       3376 bytes,     358816 total
: 137369K->621K(153344K), 0.0070532 secs] 312429K->175689K(1031552K), 0.0071536 secs] [Times: user=0.01 sys=0.00, real=0.00 secs] 
2016-08-16T04:35:44.560+0000: 299618.530: Total time for which application threads were stopped: 0.0078016 seconds, Stopping threads took: 0.0000790 seconds
2016-08-16T04:35:55.147+0000: 299629.117: [GC (Allocation Failure) 299629.117: [ParNew
Desired survivor size 8716288 bytes, new threshold 6 (max 6)
- age   1:     520352 bytes,     520352 total
- age   2:      24728 bytes,     545080 total
- age   3:       7520 bytes,     552600 total
- age   4:       4792 bytes,     557392 total
- age   5:      29688 bytes,     587080 total
- age   6:       5128 bytes,     592208 total
: 136941K->663K(153344K), 0.0074001 secs] 312009K->175734K(1031552K), 0.0075161 secs] [Times: user=0.01 sys=0.00, real=0.01 secs] 
2016-08-16T04:35:55.155+0000: 299629.125: Total time for which application threads were stopped: 0.0081733 seconds, Stopping threads took: 0.0000814 seconds
2016-08-16T04:36:05.155+0000: 299639.125: [GC (Allocation Failure) 299639.125: [ParNew
Desired survivor size 8716288 bytes, new threshold 6 (max 6)
- age   1:     459712 bytes,     459712 total
- age   2:      35512 bytes,     495224 total
- age   3:       7560 bytes,     502784 total
- age   4:       7320 bytes,     510104 total
- age   5:       4440 bytes,     514544 total
- age   6:      29616 bytes,     544160 total
: 136983K->685K(153344K), 0.0086945 secs] 312054K->175761K(1031552K), 0.0088483 secs] [Times: user=0.02 sys=0.00, real=0.01 secs] 
2016-08-16T04:36:05.164+0000: 299639.134: Total time for which application threads were stopped: 0.0095864 seconds, Stopping threads took: 0.0000755 seconds
2016-08-16T04:36:15.291+0000: 299649.261: [GC (Allocation Failure) 299649.261: [ParNew
Desired survivor size 8716288 bytes, new threshold 6 (max 6)
- age   1:     542248 bytes,     542248 total
- age   2:      24912 bytes,     567160 total
- age   3:       8760 bytes,     575920 total
- age   4:       4808 bytes,     580728 total
- age   5:       6736 bytes,     587464 total
- age   6:       4440 bytes,     591904 total
: 137005K->641K(153344K), 0.0075176 secs] 312081K->175746K(1031552K), 0.0076165 secs] [Times: user=0.01 sys=0.00, real=0.00 secs] 
2016-08-16T04:36:15.299+0000: 299649.269: Total time for which application threads were stopped: 0.0082551 seconds, Stopping threads took: 0.0000791 seconds
2016-08-16T04:36:23.487+0000: 299657.457: Total time for which application threads were stopped: 0.0008589 seconds, Stopping threads took: 0.0001497 seconds
2016-08-16T04:36:25.357+0000: 299659.327: [GC (Allocation Failure) 299659.327: [ParNew
Desired survivor size 8716288 bytes, new threshold 6 (max 6)
- age   1:     591800 bytes,     591800 total
- age   2:      30464 bytes,     622264 total
- age   3:       4992 bytes,     627256 total
- age   4:       6688 bytes,     633944 total
- age   5:       4520 bytes,     638464 total
- age   6:       5880 bytes,     644344 total
: 136961K->736K(153344K), 0.0073082 secs] 312066K->175844K(1031552K), 0.0074233 secs] [Times: user=0.01 sys=0.00, real=0.01 secs] 
2016-08-16T04:36:25.364+0000: 299659.334: Total time for which application threads were stopped: 0.0080993 seconds, Stopping threads took: 0.0000841 seconds
2016-08-16T04:36:34.538+0000: 299668.508: [GC (Allocation Failure) 299668.508: [ParNew
Desired survivor size 8716288 bytes, new threshold 6 (max 6)
- age   1:     449824 bytes,     449824 total
- age   2:      45832 bytes,     495656 total
- age   3:      11248 bytes,     506904 total
- age   4:       4480 bytes,     511384 total
- age   5:       6616 bytes,     518000 total
- age   6:       4520 bytes,     522520 total
: 137056K->655K(153344K), 0.0084348 secs] 312164K->175769K(1031552K), 0.0085704 secs] [Times: user=0.02 sys=0.00, real=0.01 secs] 
2016-08-16T04:36:34.546+0000: 299668.517: Total time for which application threads were stopped: 0.0091857 seconds, Stopping threads took: 0.0000711 seconds
2016-08-16T04:36:44.934+0000: 299678.904: [GC (Allocation Failure) 299678.904: [ParNew
Desired survivor size 8716288 bytes, new threshold 6 (max 6)
- age   1:     900144 bytes,     900144 total
- age   2:      30336 bytes,     930480 total
- age   3:      23368 bytes,     953848 total
- age   4:      10112 bytes,     963960 total
- age   5:       4408 bytes,     968368 total
- age   6:       6136 bytes,     974504 total
: 136975K->992K(153344K), 0.0083672 secs] 312089K->176110K(1031552K), 0.0084777 secs] [Times: user=0.02 sys=0.00, real=0.01 secs] 
2016-08-16T04:36:44.943+0000: 299678.913: Total time for which application threads were stopped: 0.0091660 seconds, Stopping threads took: 0.0000803 seconds
2016-08-16T04:36:55.139+0000: 299689.109: [GC (Allocation Failure) 299689.109: [ParNew
Desired survivor size 8716288 bytes, new threshold 6 (max 6)
- age   1:     527192 bytes,     527192 total
- age   2:      34024 bytes,     561216 total
- age   3:       4584 bytes,     565800 total
- age   4:      21368 bytes,     587168 total
- age   5:      10048 bytes,     597216 total
- age   6:       4344 bytes,     601560 total
: 137312K->722K(153344K), 0.0088683 secs] 312430K->175846K(1031552K), 0.0090588 secs] [Times: user=0.01 sys=0.00, real=0.02 secs] 
2016-08-16T04:36:55.148+0000: 299689.119: Total time for which application threads were stopped: 0.0097340 seconds, Stopping threads took: 0.0000684 seconds
2016-08-16T04:37:05.160+0000: 299699.131: [GC (Allocation Failure) 299699.131: [ParNew
Desired survivor size 8716288 bytes, new threshold 6 (max 6)
- age   1:     467144 bytes,     467144 total
- age   2:      34904 bytes,     502048 total
- age   3:      14880 bytes,     516928 total
- age   4:       4232 bytes,     521160 total
- age   5:      21296 bytes,     542456 total
- age   6:      10048 bytes,     552504 total
: 137042K->581K(153344K), 0.0072605 secs] 312166K->175709K(1031552K), 0.0073653 secs] [Times: user=0.01 sys=0.00, real=0.00 secs] 
2016-08-16T04:37:05.168+0000: 299699.138: Total time for which application threads were stopped: 0.0080671 seconds, Stopping threads took: 0.0000828 seconds
2016-08-16T04:37:14.592+0000: 299708.562: [GC (Allocation Failure) 299708.562: [ParNew
Desired survivor size 8716288 bytes, new threshold 6 (max 6)
- age   1:     530424 bytes,     530424 total
- age   2:      23840 bytes,     554264 total
- age   3:       8696 bytes,     562960 total
- age   4:      11112 bytes,     574072 total
- age   5:       4232 bytes,     578304 total
- age   6:      21152 bytes,     599456 total
: 136901K->703K(153344K), 0.0068309 secs] 312029K->175842K(1031552K), 0.0069348 secs] [Times: user=0.02 sys=0.00, real=0.00 secs] 
2016-08-16T04:37:14.599+0000: 299708.569: Total time for which application threads were stopped: 0.0075867 seconds, Stopping threads took: 0.0000808 seconds
2016-08-16T04:37:23.491+0000: 299717.461: Total time for which application threads were stopped: 0.0066643 seconds, Stopping threads took: 0.0039052 seconds
2016-08-16T04:37:24.970+0000: 299718.941: [GC (Allocation Failure) 299718.941: [ParNew
Desired survivor size 8716288 bytes, new threshold 6 (max 6)
- age   1:     636072 bytes,     636072 total
- age   2:      24752 bytes,     660824 total
- age   3:       4240 bytes,     665064 total
- age   4:       5992 bytes,     671056 total
- age   5:       9728 bytes,     680784 total
- age   6:       3224 bytes,     684008 total
: 137023K->758K(153344K), 0.0073465 secs] 312162K->175910K(1031552K), 0.0074521 secs] [Times: user=0.01 sys=0.00, real=0.00 secs] 
2016-08-16T04:37:24.978+0000: 299718.948: Total time for which application threads were stopped: 0.0080828 seconds, Stopping threads took: 0.0000786 seconds
2016-08-16T04:37:35.094+0000: 299729.064: [GC (Allocation Failure) 299729.064: [ParNew
Desired survivor size 8716288 bytes, new threshold 6 (max 6)
- age   1:     500864 bytes,     500864 total
- age   2:      44128 bytes,     544992 total
- age   3:       5712 bytes,     550704 total
- age   4:       3800 bytes,     554504 total
- age   5:       5920 bytes,     560424 total
- age   6:       9600 bytes,     570024 total
: 137078K->633K(153344K), 0.0067522 secs] 312230K->175789K(1031552K), 0.0068548 secs] [Times: user=0.01 sys=0.00, real=0.01 secs] 
2016-08-16T04:37:35.101+0000: 299729.071: Total time for which application threads were stopped: 0.0074899 seconds, Stopping threads took: 0.0000764 seconds
2016-08-16T04:37:44.848+0000: 299738.818: [GC (Allocation Failure) 299738.818: [ParNew
Desired survivor size 8716288 bytes, new threshold 6 (max 6)
- age   1:     932616 bytes,     932616 total
- age   2:      31376 bytes,     963992 total
- age   3:      22712 bytes,     986704 total
- age   4:       4168 bytes,     990872 total
- age   5:       3656 bytes,     994528 total
- age   6:       5568 bytes,    1000096 total
: 136953K->1058K(153344K), 0.0077319 secs] 312109K->176219K(1031552K), 0.0078348 secs] [Times: user=0.02 sys=0.00, real=0.01 secs] 
2016-08-16T04:37:44.856+0000: 299738.826: Total time for which application threads were stopped: 0.0084939 seconds, Stopping threads took: 0.0000816 seconds
2016-08-16T04:37:55.151+0000: 299749.121: [GC (Allocation Failure) 299749.121: [ParNew
Desired survivor size 8716288 bytes, new threshold 6 (max 6)
- age   1:     614184 bytes,     614184 total
- age   2:      33808 bytes,     647992 total
- age   3:       5384 bytes,     653376 total
- age   4:      20536 bytes,     673912 total
- age   5:       4168 bytes,     678080 total
- age   6:       3656 bytes,     681736 total
: 137378K->750K(153344K), 0.0074249 secs] 312539K->175917K(1031552K), 0.0075208 secs] [Times: user=0.01 sys=0.00, real=0.00 secs] 
2016-08-16T04:37:55.159+0000: 299749.129: Total time for which application threads were stopped: 0.0081526 seconds, Stopping threads took: 0.0000781 seconds
2016-08-16T04:38:05.089+0000: 299759.059: [GC (Allocation Failure) 299759.059: [ParNew
Desired survivor size 8716288 bytes, new threshold 6 (max 6)
- age   1:     451248 bytes,     451248 total
- age   2:      40184 bytes,     491432 total
- age   3:      14104 bytes,     505536 total
- age   4:       5032 bytes,     510568 total
- age   5:      20400 bytes,     530968 total
- age   6:       4104 bytes,     535072 total
: 137070K->647K(153344K), 0.0104099 secs] 312237K->175817K(1031552K), 0.0105354 secs] [Times: user=0.02 sys=0.00, real=0.00 secs] 
2016-08-16T04:38:05.100+0000: 299759.070: Total time for which application threads were stopped: 0.0115305 seconds, Stopping threads took: 0.0001854 seconds
2016-08-16T04:38:05.102+0000: 299759.072: Total time for which application threads were stopped: 0.0005002 seconds, Stopping threads took: 0.0000690 seconds
2016-08-16T04:38:05.103+0000: 299759.073: Total time for which application threads were stopped: 0.0002449 seconds, Stopping threads took: 0.0000371 seconds
2016-08-16T04:38:05.292+0000: 299759.263: [GC (Allocation Failure) 299759.263: [ParNew
Desired survivor size 8716288 bytes, new threshold 6 (max 6)
- age   1:     189832 bytes,     189832 total
- age   2:      34440 bytes,     224272 total
- age   3:      21104 bytes,     245376 total
- age   4:      14040 bytes,     259416 total
- age   5:       4904 bytes,     264320 total
- age   6:      20328 bytes,     284648 total
: 136967K->314K(153344K), 0.0112402 secs] 312137K->175489K(1031552K), 0.0114821 secs] [Times: user=0.02 sys=0.00, real=0.01 secs] 
2016-08-16T04:38:05.304+0000: 299759.274: Total time for which application threads were stopped: 0.0129540 seconds, Stopping threads took: 0.0001767 seconds
2016-08-16T04:38:15.285+0000: 299769.255: [GC (Allocation Failure) 299769.255: [ParNew
Desired survivor size 8716288 bytes, new threshold 6 (max 6)
- age   1:     460688 bytes,     460688 total
- age   2:      11424 bytes,     472112 total
- age   3:       5344 bytes,     477456 total
- age   4:      13384 bytes,     490840 total
- age   5:      10344 bytes,     501184 total
- age   6:       4904 bytes,     506088 total
: 136634K->541K(153344K), 0.0069899 secs] 311809K->175736K(1031552K), 0.0070875 secs] [Times: user=0.02 sys=0.00, real=0.01 secs] 
2016-08-16T04:38:15.292+0000: 299769.263: Total time for which application threads were stopped: 0.0077168 seconds, Stopping threads took: 0.0000809 seconds
2016-08-16T04:38:23.494+0000: 299777.464: Total time for which application threads were stopped: 0.0008408 seconds, Stopping threads took: 0.0001737 seconds
2016-08-16T04:38:25.277+0000: 299779.247: [GC (Allocation Failure) 299779.247: [ParNew
Desired survivor size 8716288 bytes, new threshold 6 (max 6)
- age   1:     611160 bytes,     611160 total
- age   2:      30376 bytes,     641536 total
- age   3:       6432 bytes,     647968 total
- age   4:       4448 bytes,     652416 total
- age   5:      10848 bytes,     663264 total
- age   6:       9424 bytes,     672688 total
: 136861K->780K(153344K), 0.0070676 secs] 312056K->175978K(1031552K), 0.0071703 secs] [Times: user=0.01 sys=0.00, real=0.01 secs] 
2016-08-16T04:38:25.284+0000: 299779.254: Total time for which application threads were stopped: 0.0078802 seconds, Stopping threads took: 0.0000682 seconds
2016-08-16T04:38:35.287+0000: 299789.257: [GC (Allocation Failure) 299789.257: [ParNew
Desired survivor size 8716288 bytes, new threshold 6 (max 6)
- age   1:     523976 bytes,     523976 total
- age   2:      44696 bytes,     568672 total
- age   3:      11304 bytes,     579976 total
- age   4:       6432 bytes,     586408 total
- age   5:       3984 bytes,     590392 total
- age   6:      10776 bytes,     601168 total
: 137100K->622K(153344K), 0.0074509 secs] 312298K->175830K(1031552K), 0.0075704 secs] [Times: user=0.01 sys=0.00, real=0.01 secs] 
2016-08-16T04:38:35.295+0000: 299789.265: Total time for which application threads were stopped: 0.0082266 seconds, Stopping threads took: 0.0000765 seconds
2016-08-16T04:38:44.866+0000: 299798.837: [GC (Allocation Failure) 299798.837: [ParNew
Desired survivor size 8716288 bytes, new threshold 6 (max 6)
- age   1:    1014024 bytes,    1014024 total
- age   2:      31120 bytes,    1045144 total
- age   3:      22712 bytes,    1067856 total
- age   4:      10488 bytes,    1078344 total
- age   5:       6288 bytes,    1084632 total
- age   6:       3984 bytes,    1088616 total
: 136942K->1182K(153344K), 0.0078645 secs] 312150K->176400K(1031552K), 0.0079843 secs] [Times: user=0.02 sys=0.00, real=0.01 secs] 
2016-08-16T04:38:44.874+0000: 299798.845: Total time for which application threads were stopped: 0.0086262 seconds, Stopping threads took: 0.0000780 seconds
2016-08-16T04:38:55.125+0000: 299809.095: [GC (Allocation Failure) 299809.095: [ParNew
Desired survivor size 8716288 bytes, new threshold 6 (max 6)
- age   1:     545552 bytes,     545552 total
- age   2:      38776 bytes,     584328 total
- age   3:       5400 bytes,     589728 total
- age   4:      20840 bytes,     610568 total
- age   5:      10296 bytes,     620864 total
- age   6:       6288 bytes,     627152 total
: 137502K->722K(153344K), 0.0078314 secs] 312720K->175944K(1031552K), 0.0079515 secs] [Times: user=0.02 sys=0.00, real=0.01 secs] 
2016-08-16T04:38:55.133+0000: 299809.103: Total time for which application threads were stopped: 0.0086620 seconds, Stopping threads took: 0.0001001 seconds
2016-08-16T04:39:05.100+0000: 299819.070: [GC (Allocation Failure) 299819.070: [ParNew
Desired survivor size 8716288 bytes, new threshold 6 (max 6)
- age   1:     446880 bytes,     446880 total
- age   2:      37080 bytes,     483960 total
- age   3:      19408 bytes,     503368 total
- age   4:       5016 bytes,     508384 total
- age   5:      20768 bytes,     529152 total
- age   6:      10296 bytes,     539448 total
: 137042K->630K(153344K), 0.0079740 secs] 312264K->175858K(1031552K), 0.0080747 secs] [Times: user=0.01 sys=0.00, real=0.01 secs] 
2016-08-16T04:39:05.108+0000: 299819.078: Total time for which application threads were stopped: 0.0086862 seconds, Stopping threads took: 0.0000705 seconds
2016-08-16T04:39:15.139+0000: 299829.110: [GC (Allocation Failure) 299829.110: [ParNew
Desired survivor size 8716288 bytes, new threshold 6 (max 6)
- age   1:     567936 bytes,     567936 total
- age   2:      26336 bytes,     594272 total
- age   3:      10136 bytes,     604408 total
- age   4:      16840 bytes,     621248 total
- age   5:       5016 bytes,     626264 total
- age   6:      20768 bytes,     647032 total
: 136950K->715K(153344K), 0.0072725 secs] 312178K->175953K(1031552K), 0.0073648 secs] [Times: user=0.02 sys=0.00, real=0.01 secs] 
2016-08-16T04:39:15.147+0000: 299829.117: Total time for which application threads were stopped: 0.0080132 seconds, Stopping threads took: 0.0000924 seconds
2016-08-16T04:39:23.494+0000: 299837.464: Total time for which application threads were stopped: 0.0012602 seconds, Stopping threads took: 0.0002279 seconds
2016-08-16T04:39:25.164+0000: 299839.135: [GC (Allocation Failure) 299839.135: [ParNew
Desired survivor size 8716288 bytes, new threshold 6 (max 6)
- age   1:     635272 bytes,     635272 total
- age   2:      26440 bytes,     661712 total
- age   3:       6344 bytes,     668056 total
- age   4:       8112 bytes,     676168 total
- age   5:      15832 bytes,     692000 total
- age   6:       3368 bytes,     695368 total
: 137035K->754K(153344K), 0.0077760 secs] 312273K->176006K(1031552K), 0.0078964 secs] [Times: user=0.01 sys=0.00, real=0.01 secs] 
2016-08-16T04:39:25.172+0000: 299839.143: Total time for which application threads were stopped: 0.0085526 seconds, Stopping threads took: 0.0000802 seconds
2016-08-16T04:39:34.824+0000: 299848.794: [GC (Allocation Failure) 299848.794: [ParNew
Desired survivor size 8716288 bytes, new threshold 6 (max 6)
- age   1:     495032 bytes,     495032 total
- age   2:      45360 bytes,     540392 total
- age   3:       7056 bytes,     547448 total
- age   4:       5840 bytes,     553288 total
- age   5:       7840 bytes,     561128 total
- age   6:      15832 bytes,     576960 total
: 137074K->659K(153344K), 0.0069785 secs] 312326K->175915K(1031552K), 0.0070799 secs] [Times: user=0.01 sys=0.00, real=0.01 secs] 
2016-08-16T04:39:34.831+0000: 299848.801: Total time for which application threads were stopped: 0.0077340 seconds, Stopping threads took: 0.0000781 seconds
2016-08-16T04:39:44.869+0000: 299858.839: [GC (Allocation Failure) 299858.839: [ParNew
Desired survivor size 8716288 bytes, new threshold 6 (max 6)
- age   1:     939992 bytes,     939992 total
- age   2:      31224 bytes,     971216 total
- age   3:      23600 bytes,     994816 total
- age   4:       5048 bytes,     999864 total
- age   5:       5704 bytes,    1005568 total
- age   6:       7352 bytes,    1012920 total
: 136979K->1064K(153344K), 0.0079683 secs] 312235K->176334K(1031552K), 0.0080717 secs] [Times: user=0.01 sys=0.00, real=0.00 secs] 
2016-08-16T04:39:44.877+0000: 299858.847: Total time for which application threads were stopped: 0.0088245 seconds, Stopping threads took: 0.0001236 seconds
2016-08-16T04:39:54.584+0000: 299868.555: [GC (Allocation Failure) 299868.555: [ParNew
Desired survivor size 8716288 bytes, new threshold 6 (max 6)
- age   1:     539576 bytes,     539576 total
- age   2:      33152 bytes,     572728 total
- age   3:       5328 bytes,     578056 total
- age   4:      21448 bytes,     599504 total
- age   5:       5048 bytes,     604552 total
- age   6:       5704 bytes,     610256 total
: 137384K->701K(153344K), 0.0090400 secs] 312654K->175979K(1031552K), 0.0091646 secs] [Times: user=0.02 sys=0.00, real=0.01 secs] 
2016-08-16T04:39:54.594+0000: 299868.564: Total time for which application threads were stopped: 0.0098401 seconds, Stopping threads took: 0.0000752 seconds
2016-08-16T04:40:04.700+0000: 299878.671: [GC (Allocation Failure) 299878.671: [ParNew
Desired survivor size 8716288 bytes, new threshold 6 (max 6)
- age   1:     470960 bytes,     470960 total
- age   2:      35120 bytes,     506080 total
- age   3:      13984 bytes,     520064 total
- age   4:       4976 bytes,     525040 total
- age   5:      21240 bytes,     546280 total
- age   6:       5048 bytes,     551328 total
: 137021K->632K(153344K), 0.0070879 secs] 312299K->175915K(1031552K), 0.0071972 secs] [Times: user=0.01 sys=0.00, real=0.00 secs] 
2016-08-16T04:40:04.708+0000: 299878.678: Total time for which application threads were stopped: 0.0078798 seconds, Stopping threads took: 0.0000680 seconds
2016-08-16T04:40:14.539+0000: 299888.509: [GC (Allocation Failure) 299888.509: [ParNew
Desired survivor size 8716288 bytes, new threshold 6 (max 6)
- age   1:     533112 bytes,     533112 total
- age   2:      24360 bytes,     557472 total
- age   3:       8840 bytes,     566312 total
- age   4:      10160 bytes,     576472 total
- age   5:       4776 bytes,     581248 total
- age   6:      21104 bytes,     602352 total
: 136952K->682K(153344K), 0.0087850 secs] 312235K->175971K(1031552K), 0.0089132 secs] [Times: user=0.02 sys=0.00, real=0.01 secs] 
2016-08-16T04:40:14.548+0000: 299888.518: Total time for which application threads were stopped: 0.0098229 seconds, Stopping threads took: 0.0001143 seconds
2016-08-16T04:40:23.443+0000: 299897.413: [GC (Allocation Failure) 299897.413: [ParNew
Desired survivor size 8716288 bytes, new threshold 6 (max 6)
- age   1:     426432 bytes,     426432 total
- age   2:      31480 bytes,     457912 total
- age   3:       4800 bytes,     462712 total
- age   4:       7976 bytes,     470688 total
- age   5:      10088 bytes,     480776 total
- age   6:       4632 bytes,     485408 total
: 137002K->528K(153344K), 0.0153044 secs] 312291K->175838K(1031552K), 0.0154957 secs] [Times: user=0.03 sys=0.00, real=0.01 secs] 
2016-08-16T04:40:23.458+0000: 299897.429: Total time for which application threads were stopped: 0.0167337 seconds, Stopping threads took: 0.0001699 seconds
2016-08-16T04:40:23.493+0000: 299897.463: Total time for which application threads were stopped: 0.0028177 seconds, Stopping threads took: 0.0021254 seconds
2016-08-16T04:40:25.124+0000: 299899.094: [GC (Allocation Failure) 299899.094: [ParNew
Desired survivor size 8716288 bytes, new threshold 6 (max 6)
- age   1:     323248 bytes,     323248 total
- age   2:      33296 bytes,     356544 total
- age   3:       5856 bytes,     362400 total
- age   4:       4344 bytes,     366744 total
- age   5:       5976 bytes,     372720 total
- age   6:       9208 bytes,     381928 total
: 136848K->454K(153344K), 0.0067976 secs] 312158K->175767K(1031552K), 0.0068861 secs] [Times: user=0.01 sys=0.00, real=0.01 secs] 
2016-08-16T04:40:25.131+0000: 299899.101: Total time for which application threads were stopped: 0.0075151 seconds, Stopping threads took: 0.0000924 seconds
2016-08-16T04:40:34.877+0000: 299908.847: [GC (Allocation Failure) 299908.847: [ParNew
Desired survivor size 8716288 bytes, new threshold 6 (max 6)
- age   1:     479168 bytes,     479168 total
- age   2:      39336 bytes,     518504 total
- age   3:      12840 bytes,     531344 total
- age   4:       5712 bytes,     537056 total
- age   5:       3840 bytes,     540896 total
- age   6:       5832 bytes,     546728 total
: 136774K->591K(153344K), 0.0074048 secs] 312087K->175913K(1031552K), 0.0075130 secs] [Times: user=0.01 sys=0.00, real=0.01 secs] 
2016-08-16T04:40:34.885+0000: 299908.855: Total time for which application threads were stopped: 0.0082170 seconds, Stopping threads took: 0.0001261 seconds
2016-08-16T04:40:44.851+0000: 299918.821: [GC (Allocation Failure) 299918.822: [ParNew
Desired survivor size 8716288 bytes, new threshold 6 (max 6)
- age   1:     965008 bytes,     965008 total
- age   2:      30240 bytes,     995248 total
- age   3:      20952 bytes,    1016200 total
- age   4:      11552 bytes,    1027752 total
- age   5:       4264 bytes,    1032016 total
- age   6:       3840 bytes,    1035856 total
: 136911K->1149K(153344K), 0.0084953 secs] 312233K->176477K(1031552K), 0.0086080 secs] [Times: user=0.01 sys=0.00, real=0.00 secs] 
2016-08-16T04:40:44.860+0000: 299918.830: Total time for which application threads were stopped: 0.0092711 seconds, Stopping threads took: 0.0000835 seconds
2016-08-16T04:40:55.113+0000: 299929.083: [GC (Allocation Failure) 299929.084: [ParNew
Desired survivor size 8716288 bytes, new threshold 6 (max 6)
- age   1:     593312 bytes,     593312 total
- age   2:      33720 bytes,     627032 total
- age   3:       4336 bytes,     631368 total
- age   4:      18840 bytes,     650208 total
- age   5:      11312 bytes,     661520 total
- age   6:       4264 bytes,     665784 total
: 137469K->675K(153344K), 0.0076263 secs] 312797K->176006K(1031552K), 0.0077224 secs] [Times: user=0.01 sys=0.00, real=0.01 secs] 
2016-08-16T04:40:55.121+0000: 299929.091: Total time for which application threads were stopped: 0.0083387 seconds, Stopping threads took: 0.0000803 seconds
2016-08-16T04:41:05.151+0000: 299939.121: [GC (Allocation Failure) 299939.121: [ParNew
Desired survivor size 8716288 bytes, new threshold 6 (max 6)
- age   1:     498888 bytes,     498888 total
- age   2:      36184 bytes,     535072 total
- age   3:      14576 bytes,     549648 total
- age   4:       3984 bytes,     553632 total
- age   5:      18624 bytes,     572256 total
- age   6:      11312 bytes,     583568 total
: 136995K->655K(153344K), 0.0073254 secs] 312326K->175990K(1031552K), 0.0074346 secs] [Times: user=0.01 sys=0.00, real=0.00 secs] 
2016-08-16T04:41:05.158+0000: 299939.129: Total time for which application threads were stopped: 0.0080737 seconds, Stopping threads took: 0.0000798 seconds
2016-08-16T04:41:15.111+0000: 299949.081: [GC (Allocation Failure) 299949.081: [ParNew
Desired survivor size 8716288 bytes, new threshold 6 (max 6)
- age   1:     570744 bytes,     570744 total
- age   2:      30512 bytes,     601256 total
- age   3:       9456 bytes,     610712 total
- age   4:      11632 bytes,     622344 total
- age   5:       3984 bytes,     626328 total
- age   6:      18624 bytes,     644952 total
: 136975K->701K(153344K), 0.0073187 secs] 312310K->176048K(1031552K), 0.0074250 secs] [Times: user=0.01 sys=0.00, real=0.00 secs] 
2016-08-16T04:41:15.119+0000: 299949.089: Total time for which application threads were stopped: 0.0081010 seconds, Stopping threads took: 0.0000814 seconds
2016-08-16T04:41:23.485+0000: 299957.455: Total time for which application threads were stopped: 0.0006412 seconds, Stopping threads took: 0.0000976 seconds
2016-08-16T04:41:25.113+0000: 299959.083: [GC (Allocation Failure) 299959.083: [ParNew
Desired survivor size 8716288 bytes, new threshold 6 (max 6)
- age   1:     632048 bytes,     632048 total
- age   2:      26184 bytes,     658232 total
- age   3:      10664 bytes,     668896 total
- age   4:       7560 bytes,     676456 total
- age   5:      10376 bytes,     686832 total
- age   6:       2744 bytes,     689576 total
: 137021K->754K(153344K), 0.0075353 secs] 312368K->176112K(1031552K), 0.0076371 secs] [Times: user=0.01 sys=0.00, real=0.01 secs] 
2016-08-16T04:41:25.121+0000: 299959.091: Total time for which application threads were stopped: 0.0082789 seconds, Stopping threads took: 0.0000773 seconds
2016-08-16T04:41:35.114+0000: 299969.084: [GC (Allocation Failure) 299969.084: [ParNew
Desired survivor size 8716288 bytes, new threshold 6 (max 6)
- age   1:     529576 bytes,     529576 total
- age   2:      44496 bytes,     574072 total
- age   3:       6992 bytes,     581064 total
- age   4:      10224 bytes,     591288 total
- age   5:       7488 bytes,     598776 total
- age   6:      10376 bytes,     609152 total
: 137074K->683K(153344K), 0.0101198 secs] 312432K->176044K(1031552K), 0.0103273 secs] [Times: user=0.01 sys=0.00, real=0.01 secs] 
2016-08-16T04:41:35.124+0000: 299969.095: Total time for which application threads were stopped: 0.0112662 seconds, Stopping threads took: 0.0001189 seconds
2016-08-16T04:41:44.829+0000: 299978.799: [GC (Allocation Failure) 299978.799: [ParNew
Desired survivor size 8716288 bytes, new threshold 6 (max 6)
- age   1:     961000 bytes,     961000 total
- age   2:      31184 bytes,     992184 total
- age   3:      22688 bytes,    1014872 total
- age   4:       4792 bytes,    1019664 total
- age   5:      10096 bytes,    1029760 total
- age   6:       7136 bytes,    1036896 total
: 137003K->1110K(153344K), 0.0087226 secs] 312364K->176480K(1031552K), 0.0088332 secs] [Times: user=0.02 sys=0.00, real=0.00 secs] 
2016-08-16T04:41:44.838+0000: 299978.808: Total time for which application threads were stopped: 0.0094924 seconds, Stopping threads took: 0.0000704 seconds
2016-08-16T04:41:55.105+0000: 299989.075: [GC (Allocation Failure) 299989.076: [ParNew
Desired survivor size 8716288 bytes, new threshold 6 (max 6)
- age   1:     569816 bytes,     569816 total
- age   2:      41024 bytes,     610840 total
- age   3:       5200 bytes,     616040 total
- age   4:      21528 bytes,     637568 total
- age   5:       4792 bytes,     642360 total
- age   6:      10032 bytes,     652392 total
: 137430K->724K(153344K), 0.0069634 secs] 312800K->176101K(1031552K), 0.0070698 secs] [Times: user=0.02 sys=0.00, real=0.01 secs] 
2016-08-16T04:41:55.112+0000: 299989.083: Total time for which application threads were stopped: 0.0077275 seconds, Stopping threads took: 0.0000811 seconds
2016-08-16T04:42:05.302+0000: 299999.272: [GC (Allocation Failure) 299999.273: [ParNew
Desired survivor size 8716288 bytes, new threshold 6 (max 6)
- age   1:     487856 bytes,     487856 total
- age   2:      37080 bytes,     524936 total
- age   3:      21856 bytes,     546792 total
- age   4:       4784 bytes,     551576 total
- age   5:      21456 bytes,     573032 total
- age   6:       4792 bytes,     577824 total
: 137044K->651K(153344K), 0.0071621 secs] 312421K->176038K(1031552K), 0.0072778 secs] [Times: user=0.01 sys=0.00, real=0.01 secs] 
2016-08-16T04:42:05.310+0000: 299999.280: Total time for which application threads were stopped: 0.0080056 seconds, Stopping threads took: 0.0001265 seconds
2016-08-16T04:42:15.077+0000: 300009.047: [GC (Allocation Failure) 300009.047: [ParNew
Desired survivor size 8716288 bytes, new threshold 6 (max 6)
- age   1:     559408 bytes,     559408 total
- age   2:      23840 bytes,     583248 total
- age   3:       9800 bytes,     593048 total
- age   4:      19120 bytes,     612168 total
- age   5:       4784 bytes,     616952 total
- age   6:      21240 bytes,     638192 total
: 136971K->718K(153344K), 0.0081814 secs] 312358K->176110K(1031552K), 0.0082872 secs] [Times: user=0.02 sys=0.00, real=0.01 secs] 
2016-08-16T04:42:15.085+0000: 300009.055: Total time for which application threads were stopped: 0.0089212 seconds, Stopping threads took: 0.0000737 seconds
2016-08-16T04:42:23.484+0000: 300017.455: Total time for which application threads were stopped: 0.0007407 seconds, Stopping threads took: 0.0001741 seconds
2016-08-16T04:42:25.295+0000: 300019.265: [GC (Allocation Failure) 300019.265: [ParNew
Desired survivor size 8716288 bytes, new threshold 6 (max 6)
- age   1:     607480 bytes,     607480 total
- age   2:      25528 bytes,     633008 total
- age   3:       4160 bytes,     637168 total
- age   4:       6784 bytes,     643952 total
- age   5:      17840 bytes,     661792 total
- age   6:       3416 bytes,     665208 total
: 137038K->762K(153344K), 0.0079430 secs] 312430K->176169K(1031552K), 0.0080440 secs] [Times: user=0.01 sys=0.00, real=0.01 secs] 
2016-08-16T04:42:25.303+0000: 300019.273: Total time for which application threads were stopped: 0.0087604 seconds, Stopping threads took: 0.0001194 seconds
2016-08-16T04:42:33.989+0000: 300027.959: [GC (Allocation Failure) 300027.959: [ParNew
Desired survivor size 8716288 bytes, new threshold 6 (max 6)
- age   1:     601976 bytes,     601976 total
- age   2:      51568 bytes,     653544 total
- age   3:       6488 bytes,     660032 total
- age   4:       3648 bytes,     663680 total
- age   5:       6712 bytes,     670392 total
- age   6:      17712 bytes,     688104 total
: 137082K->727K(153344K), 0.0080817 secs] 312489K->176137K(1031552K), 0.0081939 secs] [Times: user=0.01 sys=0.00, real=0.00 secs] 
2016-08-16T04:42:33.997+0000: 300027.967: Total time for which application threads were stopped: 0.0089464 seconds, Stopping threads took: 0.0000995 seconds
2016-08-16T04:42:34.886+0000: 300028.857: [GC (Allocation Failure) 300028.857: [ParNew
Desired survivor size 8716288 bytes, new threshold 6 (max 6)
- age   1:     212184 bytes,     212184 total
- age   2:     216168 bytes,     428352 total
- age   3:      26256 bytes,     454608 total
- age   4:       6440 bytes,     461048 total
- age   5:       3648 bytes,     464696 total
- age   6:       6576 bytes,     471272 total
: 137047K->690K(153344K), 0.0090188 secs] 312457K->176117K(1031552K), 0.0091120 secs] [Times: user=0.01 sys=0.00, real=0.01 secs] 
2016-08-16T04:42:34.896+0000: 300028.866: Total time for which application threads were stopped: 0.0097523 seconds, Stopping threads took: 0.0000763 seconds
2016-08-16T04:42:40.769+0000: 300034.740: Total time for which application threads were stopped: 0.0065577 seconds, Stopping threads took: 0.0001740 seconds
2016-08-16T04:42:45.125+0000: 300039.096: [GC (Allocation Failure) 300039.096: [ParNew
Desired survivor size 8716288 bytes, new threshold 6 (max 6)
- age   1:     874800 bytes,     874800 total
- age   2:      11936 bytes,     886736 total
- age   3:       6840 bytes,     893576 total
- age   4:      23528 bytes,     917104 total
- age   5:       4864 bytes,     921968 total
- age   6:       3584 bytes,     925552 total
: 137010K->915K(153344K), 0.0079301 secs] 312437K->176348K(1031552K), 0.0080449 secs] [Times: user=0.01 sys=0.00, real=0.01 secs] 
2016-08-16T04:42:45.133+0000: 300039.104: Total time for which application threads were stopped: 0.0086989 seconds, Stopping threads took: 0.0000817 seconds
2016-08-16T04:42:55.118+0000: 300049.088: [GC (Allocation Failure) 300049.088: [ParNew
Desired survivor size 8716288 bytes, new threshold 6 (max 6)
- age   1:     605656 bytes,     605656 total
- age   2:      31672 bytes,     637328 total
- age   3:       2032 bytes,     639360 total
- age   4:       5560 bytes,     644920 total
- age   5:      21456 bytes,     666376 total
- age   6:       4864 bytes,     671240 total
: 137235K->797K(153344K), 0.0076299 secs] 312668K->176234K(1031552K), 0.0077340 secs] [Times: user=0.01 sys=0.00, real=0.01 secs] 
2016-08-16T04:42:55.126+0000: 300049.096: Total time for which application threads were stopped: 0.0083786 seconds, Stopping threads took: 0.0000811 seconds
2016-08-16T04:43:05.134+0000: 300059.104: [GC (Allocation Failure) 300059.104: [ParNew
Desired survivor size 8716288 bytes, new threshold 6 (max 6)
- age   1:     476000 bytes,     476000 total
- age   2:      40112 bytes,     516112 total
- age   3:      12328 bytes,     528440 total
- age   4:       2032 bytes,     530472 total
- age   5:       5144 bytes,     535616 total
- age   6:      21312 bytes,     556928 total
: 137117K->599K(153344K), 0.0080912 secs] 312554K->176041K(1031552K), 0.0081998 secs] [Times: user=0.01 sys=0.00, real=0.01 secs] 
2016-08-16T04:43:05.142+0000: 300059.113: Total time for which application threads were stopped: 0.0088103 seconds, Stopping threads took: 0.0000719 seconds
2016-08-16T04:43:15.107+0000: 300069.077: [GC (Allocation Failure) 300069.077: [ParNew
Desired survivor size 8716288 bytes, new threshold 6 (max 6)
- age   1:     550040 bytes,     550040 total
- age   2:      23536 bytes,     573576 total
- age   3:      13360 bytes,     586936 total
- age   4:       8808 bytes,     595744 total
- age   5:       1944 bytes,     597688 total
- age   6:       5016 bytes,     602704 total
: 136919K->686K(153344K), 0.0074264 secs] 312361K->176149K(1031552K), 0.0075745 secs] [Times: user=0.01 sys=0.00, real=0.01 secs] 
2016-08-16T04:43:15.115+0000: 300069.085: Total time for which application threads were stopped: 0.0082466 seconds, Stopping threads took: 0.0000844 seconds
2016-08-16T04:43:23.484+0000: 300077.454: Total time for which application threads were stopped: 0.0007159 seconds, Stopping threads took: 0.0001451 seconds
2016-08-16T04:43:24.970+0000: 300078.940: [GC (Allocation Failure) 300078.940: [ParNew
Desired survivor size 8716288 bytes, new threshold 6 (max 6)
- age   1:     605192 bytes,     605192 total
- age   2:      24688 bytes,     629880 total
- age   3:       3856 bytes,     633736 total
- age   4:      10096 bytes,     643832 total
- age   5:       7784 bytes,     651616 total
- age   6:       1840 bytes,     653456 total
: 137006K->666K(153344K), 0.0073907 secs] 312469K->176133K(1031552K), 0.0074916 secs] [Times: user=0.01 sys=0.00, real=0.00 secs] 
2016-08-16T04:43:24.977+0000: 300078.948: Total time for which application threads were stopped: 0.0081707 seconds, Stopping threads took: 0.0001026 seconds
2016-08-16T04:43:35.263+0000: 300089.233: [GC (Allocation Failure) 300089.233: [ParNew
Desired survivor size 8716288 bytes, new threshold 6 (max 6)
- age   1:     519584 bytes,     519584 total
- age   2:      44624 bytes,     564208 total
- age   3:       5624 bytes,     569832 total
- age   4:       3392 bytes,     573224 total
- age   5:      10024 bytes,     583248 total
- age   6:       7656 bytes,     590904 total
: 136986K->695K(153344K), 0.0085963 secs] 312453K->176164K(1031552K), 0.0087361 secs] [Times: user=0.02 sys=0.00, real=0.01 secs] 
2016-08-16T04:43:35.271+0000: 300089.242: Total time for which application threads were stopped: 0.0094413 seconds, Stopping threads took: 0.0000744 seconds
2016-08-16T04:43:45.137+0000: 300099.108: [GC (Allocation Failure) 300099.108: [ParNew
Desired survivor size 8716288 bytes, new threshold 6 (max 6)
- age   1:    1034048 bytes,    1034048 total
- age   2:      31096 bytes,    1065144 total
- age   3:      22648 bytes,    1087792 total
- age   4:       3984 bytes,    1091776 total
- age   5:       3248 bytes,    1095024 total
- age   6:       9744 bytes,    1104768 total
: 137015K->1119K(153344K), 0.0080882 secs] 312484K->176592K(1031552K), 0.0082019 secs] [Times: user=0.01 sys=0.00, real=0.01 secs] 
2016-08-16T04:43:45.146+0000: 300099.116: Total time for which application threads were stopped: 0.0088386 seconds, Stopping threads took: 0.0000804 seconds
2016-08-16T04:43:55.238+0000: 300109.209: [GC (Allocation Failure) 300109.209: [ParNew
Desired survivor size 8716288 bytes, new threshold 6 (max 6)
- age   1:     592184 bytes,     592184 total
- age   2:      46880 bytes,     639064 total
- age   3:       5424 bytes,     644488 total
- age   4:      21368 bytes,     665856 total
- age   5:       3856 bytes,     669712 total
- age   6:       3248 bytes,     672960 total
: 137439K->811K(153344K), 0.0076334 secs] 312912K->176293K(1031552K), 0.0077774 secs] [Times: user=0.02 sys=0.00, real=0.01 secs] 
2016-08-16T04:43:55.246+0000: 300109.217: Total time for which application threads were stopped: 0.0085481 seconds, Stopping threads took: 0.0001094 seconds
2016-08-16T04:44:05.097+0000: 300119.067: [GC (Allocation Failure) 300119.067: [ParNew
Desired survivor size 8716288 bytes, new threshold 6 (max 6)
- age   1:     480288 bytes,     480288 total
- age   2:      36264 bytes,     516552 total
- age   3:      27584 bytes,     544136 total
- age   4:       5072 bytes,     549208 total
- age   5:      21152 bytes,     570360 total
- age   6:       3792 bytes,     574152 total
: 137131K->623K(153344K), 0.0068511 secs] 312613K->176108K(1031552K), 0.0069561 secs] [Times: user=0.01 sys=0.00, real=0.01 secs] 
2016-08-16T04:44:05.104+0000: 300119.074: Total time for which application threads were stopped: 0.0076701 seconds, Stopping threads took: 0.0000776 seconds
2016-08-16T04:44:15.195+0000: 300129.165: [GC (Allocation Failure) 300129.165: [ParNew
Desired survivor size 8716288 bytes, new threshold 6 (max 6)
- age   1:     553912 bytes,     553912 total
- age   2:      23472 bytes,     577384 total
- age   3:       9504 bytes,     586888 total
- age   4:      25104 bytes,     611992 total
- age   5:       5000 bytes,     616992 total
- age   6:      21152 bytes,     638144 total
: 136943K->762K(153344K), 0.0071647 secs] 312428K->176251K(1031552K), 0.0072648 secs] [Times: user=0.01 sys=0.00, real=0.01 secs] 
2016-08-16T04:44:15.202+0000: 300129.172: Total time for which application threads were stopped: 0.0079058 seconds, Stopping threads took: 0.0000803 seconds
2016-08-16T04:44:23.489+0000: 300137.459: Total time for which application threads were stopped: 0.0042059 seconds, Stopping threads took: 0.0037779 seconds
2016-08-16T04:44:25.229+0000: 300139.199: [GC (Allocation Failure) 300139.199: [ParNew
Desired survivor size 8716288 bytes, new threshold 6 (max 6)
- age   1:     809464 bytes,     809464 total
- age   2:      24936 bytes,     834400 total
- age   3:       3464 bytes,     837864 total
- age   4:       6320 bytes,     844184 total
- age   5:      23792 bytes,     867976 total
- age   6:       3488 bytes,     871464 total
: 137082K->916K(153344K), 0.0074287 secs] 312571K->176420K(1031552K), 0.0075618 secs] [Times: user=0.01 sys=0.00, real=0.00 secs] 
2016-08-16T04:44:25.236+0000: 300139.207: Total time for which application threads were stopped: 0.0101138 seconds, Stopping threads took: 0.0019002 seconds
2016-08-16T04:44:34.824+0000: 300148.794: [GC (Allocation Failure) 300148.794: [ParNew
Desired survivor size 8716288 bytes, new threshold 6 (max 6)
- age   1:     506512 bytes,     506512 total
- age   2:      46432 bytes,     552944 total
- age   3:       5896 bytes,     558840 total
- age   4:       3024 bytes,     561864 total
- age   5:       6184 bytes,     568048 total
- age   6:      23528 bytes,     591576 total
: 137236K->696K(153344K), 0.0070517 secs] 312740K->176204K(1031552K), 0.0071705 secs] [Times: user=0.01 sys=0.00, real=0.01 secs] 
2016-08-16T04:44:34.831+0000: 300148.801: Total time for which application threads were stopped: 0.0078294 seconds, Stopping threads took: 0.0000813 seconds
2016-08-16T04:44:39.518+0000: 300153.489: [GC (Allocation Failure) 300153.489: [ParNew
Desired survivor size 8716288 bytes, new threshold 6 (max 6)
- age   1:     654984 bytes,     654984 total
- age   2:      35080 bytes,     690064 total
- age   3:      25776 bytes,     715840 total
- age   4:       5896 bytes,     721736 total
- age   5:       3024 bytes,     724760 total
- age   6:       5904 bytes,     730664 total
: 137016K->807K(153344K), 0.0067361 secs] 312524K->176338K(1031552K), 0.0068377 secs] [Times: user=0.01 sys=0.00, real=0.01 secs] 
2016-08-16T04:44:39.525+0000: 300153.496: Total time for which application threads were stopped: 0.0074341 seconds, Stopping threads took: 0.0000828 seconds
2016-08-16T04:44:44.843+0000: 300158.813: [GC (Allocation Failure) 300158.813: [ParNew
Desired survivor size 8716288 bytes, new threshold 6 (max 6)
- age   1:     342664 bytes,     342664 total
- age   2:      11704 bytes,     354368 total
- age   3:      14680 bytes,     369048 total
- age   4:      23912 bytes,     392960 total
- age   5:       5704 bytes,     398664 total
- age   6:       3024 bytes,     401688 total
: 137127K->397K(153344K), 0.0067926 secs] 312658K->175934K(1031552K), 0.0068911 secs] [Times: user=0.01 sys=0.00, real=0.01 secs] 
2016-08-16T04:44:44.850+0000: 300158.820: Total time for which application threads were stopped: 0.0075384 seconds, Stopping threads took: 0.0000819 seconds
2016-08-16T04:44:55.230+0000: 300169.200: [GC (Allocation Failure) 300169.200: [ParNew
Desired survivor size 8716288 bytes, new threshold 6 (max 6)
- age   1:     559664 bytes,     559664 total
- age   2:      28984 bytes,     588648 total
- age   3:       6336 bytes,     594984 total
- age   4:       7520 bytes,     602504 total
- age   5:      22776 bytes,     625280 total
- age   6:       5640 bytes,     630920 total
: 136717K->705K(153344K), 0.0075076 secs] 312254K->176245K(1031552K), 0.0076114 secs] [Times: user=0.01 sys=0.00, real=0.00 secs] 
2016-08-16T04:44:55.237+0000: 300169.207: Total time for which application threads were stopped: 0.0082571 seconds, Stopping threads took: 0.0000809 seconds
2016-08-16T04:45:05.277+0000: 300179.247: [GC (Allocation Failure) 300179.248: [ParNew
Desired survivor size 8716288 bytes, new threshold 6 (max 6)
- age   1:     474952 bytes,     474952 total
- age   2:      36480 bytes,     511432 total
- age   3:       9752 bytes,     521184 total
- age   4:       6248 bytes,     527432 total
- age   5:       7168 bytes,     534600 total
- age   6:      22560 bytes,     557160 total
: 137025K->637K(153344K), 0.0079430 secs] 312565K->176182K(1031552K), 0.0080629 secs] [Times: user=0.01 sys=0.00, real=0.01 secs] 
2016-08-16T04:45:05.285+0000: 300179.256: Total time for which application threads were stopped: 0.0087187 seconds, Stopping threads took: 0.0000725 seconds
2016-08-16T04:45:15.201+0000: 300189.171: [GC (Allocation Failure) 300189.171: [ParNew
Desired survivor size 8716288 bytes, new threshold 6 (max 6)
- age   1:     607704 bytes,     607704 total
- age   2:      23624 bytes,     631328 total
- age   3:       9656 bytes,     640984 total
- age   4:       6256 bytes,     647240 total
- age   5:       6120 bytes,     653360 total
- age   6:       7040 bytes,     660400 total
: 136957K->722K(153344K), 0.0103446 secs] 312502K->176289K(1031552K), 0.0104940 secs] [Times: user=0.02 sys=0.00, real=0.01 secs] 
2016-08-16T04:45:15.212+0000: 300189.182: Total time for which application threads were stopped: 0.0112445 seconds, Stopping threads took: 0.0001193 seconds
2016-08-16T04:45:23.486+0000: 300197.456: Total time for which application threads were stopped: 0.0006697 seconds, Stopping threads took: 0.0001030 seconds
2016-08-16T04:45:25.261+0000: 300199.231: [GC (Allocation Failure) 300199.231: [ParNew
Desired survivor size 8716288 bytes, new threshold 6 (max 6)
- age   1:     618640 bytes,     618640 total
- age   2:      24920 bytes,     643560 total
- age   3:       3904 bytes,     647464 total
- age   4:       6896 bytes,     654360 total
- age   5:       5752 bytes,     660112 total
- age   6:       5656 bytes,     665768 total
: 137042K->730K(153344K), 0.0081922 secs] 312609K->176303K(1031552K), 0.0083191 secs] [Times: user=0.02 sys=0.00, real=0.01 secs] 
2016-08-16T04:45:25.270+0000: 300199.240: Total time for which application threads were stopped: 0.0089916 seconds, Stopping threads took: 0.0000731 seconds
2016-08-16T04:45:35.135+0000: 300209.105: [GC (Allocation Failure) 300209.105: [ParNew
Desired survivor size 8716288 bytes, new threshold 6 (max 6)
- age   1:     483016 bytes,     483016 total
- age   2:      43656 bytes,     526672 total
- age   3:       5832 bytes,     532504 total
- age   4:       3400 bytes,     535904 total
- age   5:       6824 bytes,     542728 total
- age   6:       5752 bytes,     548480 total
: 137050K->636K(153344K), 0.0082346 secs] 312623K->176215K(1031552K), 0.0083405 secs] [Times: user=0.02 sys=0.00, real=0.01 secs] 
2016-08-16T04:45:35.143+0000: 300209.113: Total time for which application threads were stopped: 0.0089500 seconds, Stopping threads took: 0.0000721 seconds
2016-08-16T04:45:44.838+0000: 300218.808: [GC (Allocation Failure) 300218.808: [ParNew
Desired survivor size 8716288 bytes, new threshold 6 (max 6)
- age   1:     931704 bytes,     931704 total
- age   2:      31256 bytes,     962960 total
- age   3:      22656 bytes,     985616 total
- age   4:       4384 bytes,     990000 total
- age   5:       3400 bytes,     993400 total
- age   6:       6344 bytes,     999744 total
: 136956K->994K(153344K), 0.0077377 secs] 312535K->176576K(1031552K), 0.0078435 secs] [Times: user=0.02 sys=0.00, real=0.01 secs] 
2016-08-16T04:45:44.846+0000: 300218.816: Total time for which application threads were stopped: 0.0084791 seconds, Stopping threads took: 0.0000781 seconds
2016-08-16T04:45:55.188+0000: 300229.158: [GC (Allocation Failure) 300229.158: [ParNew
Desired survivor size 8716288 bytes, new threshold 6 (max 6)
- age   1:     521360 bytes,     521360 total
- age   2:      33088 bytes,     554448 total
- age   3:       5104 bytes,     559552 total
- age   4:      20544 bytes,     580096 total
- age   5:       4384 bytes,     584480 total
- age   6:       3400 bytes,     587880 total
: 137314K->721K(153344K), 0.0075979 secs] 312896K->176309K(1031552K), 0.0077013 secs] [Times: user=0.01 sys=0.00, real=0.01 secs] 
2016-08-16T04:45:55.196+0000: 300229.166: Total time for which application threads were stopped: 0.0084082 seconds, Stopping threads took: 0.0001440 seconds
2016-08-16T04:46:05.142+0000: 300239.112: [GC (Allocation Failure) 300239.112: [ParNew
Desired survivor size 8716288 bytes, new threshold 6 (max 6)
- age   1:     442720 bytes,     442720 total
- age   2:      35584 bytes,     478304 total
- age   3:      13944 bytes,     492248 total
- age   4:       4608 bytes,     496856 total
- age   5:      20320 bytes,     517176 total
- age   6:       4320 bytes,     521496 total
: 137041K->562K(153344K), 0.0070480 secs] 312629K->176153K(1031552K), 0.0071572 secs] [Times: user=0.01 sys=0.00, real=0.01 secs] 
2016-08-16T04:46:05.149+0000: 300239.120: Total time for which application threads were stopped: 0.0078351 seconds, Stopping threads took: 0.0000832 seconds
2016-08-16T04:46:15.194+0000: 300249.164: [GC (Allocation Failure) 300249.164: [ParNew
Desired survivor size 8716288 bytes, new threshold 6 (max 6)
- age   1:     538536 bytes,     538536 total
- age   2:      23560 bytes,     562096 total
- age   3:       9368 bytes,     571464 total
- age   4:      10336 bytes,     581800 total
- age   5:       4608 bytes,     586408 total
- age   6:      20320 bytes,     606728 total
: 136882K->641K(153344K), 0.0088164 secs] 312473K->176236K(1031552K), 0.0089538 secs] [Times: user=0.01 sys=0.00, real=0.01 secs] 
2016-08-16T04:46:15.203+0000: 300249.173: Total time for which application threads were stopped: 0.0095828 seconds, Stopping threads took: 0.0000688 seconds
2016-08-16T04:46:23.488+0000: 300257.458: Total time for which application threads were stopped: 0.0009905 seconds, Stopping threads took: 0.0002036 seconds
2016-08-16T04:46:24.836+0000: 300258.806: [GC (Allocation Failure) 300258.806: [ParNew
Desired survivor size 8716288 bytes, new threshold 6 (max 6)
- age   1:     570400 bytes,     570400 total
- age   2:      25944 bytes,     596344 total
- age   3:       3784 bytes,     600128 total
- age   4:       6464 bytes,     606592 total
- age   5:       9616 bytes,     616208 total
- age   6:       3240 bytes,     619448 total
: 136961K->753K(153344K), 0.0078563 secs] 312556K->176360K(1031552K), 0.0079683 secs] [Times: user=0.02 sys=0.00, real=0.01 secs] 
2016-08-16T04:46:24.844+0000: 300258.814: Total time for which application threads were stopped: 0.0086553 seconds, Stopping threads took: 0.0001039 seconds
2016-08-16T04:46:35.008+0000: 300268.979: [GC (Allocation Failure) 300268.979: [ParNew
Desired survivor size 8716288 bytes, new threshold 6 (max 6)
- age   1:     511408 bytes,     511408 total
- age   2:      44368 bytes,     555776 total
- age   3:       5568 bytes,     561344 total
- age   4:       3344 bytes,     564688 total
- age   5:       6392 bytes,     571080 total
- age   6:       9616 bytes,     580696 total
: 137073K->636K(153344K), 0.0072960 secs] 312680K->176247K(1031552K), 0.0073974 secs] [Times: user=0.01 sys=0.00, real=0.00 secs] 
2016-08-16T04:46:35.016+0000: 300268.986: Total time for which application threads were stopped: 0.0080618 seconds, Stopping threads took: 0.0000801 seconds
2016-08-16T04:46:44.030+0000: 300278.000: Total time for which application threads were stopped: 0.0005108 seconds, Stopping threads took: 0.0000649 seconds
2016-08-16T04:46:44.841+0000: 300278.812: [GC (Allocation Failure) 300278.812: [ParNew
Desired survivor size 8716288 bytes, new threshold 6 (max 6)
- age   1:    1407120 bytes,    1407120 total
- age   2:      35560 bytes,    1442680 total
- age   3:      21040 bytes,    1463720 total
- age   4:       5304 bytes,    1469024 total
- age   5:       3216 bytes,    1472240 total
- age   6:       5848 bytes,    1478088 total
: 136956K->1550K(153344K), 0.0080695 secs] 312567K->177170K(1031552K), 0.0081724 secs] [Times: user=0.02 sys=0.00, real=0.01 secs] 
2016-08-16T04:46:44.850+0000: 300278.820: Total time for which application threads were stopped: 0.0088626 seconds, Stopping threads took: 0.0000784 seconds
2016-08-16T04:46:44.889+0000: 300278.859: Total time for which application threads were stopped: 0.0005017 seconds, Stopping threads took: 0.0000747 seconds
2016-08-16T04:46:45.889+0000: 300279.860: Total time for which application threads were stopped: 0.0005291 seconds, Stopping threads took: 0.0000794 seconds
2016-08-16T04:46:49.821+0000: 300283.791: [GC (Allocation Failure) 300283.791: [ParNew
Desired survivor size 8716288 bytes, new threshold 6 (max 6)
- age   1:     616928 bytes,     616928 total
- age   2:     321576 bytes,     938504 total
- age   3:      16632 bytes,     955136 total
- age   4:      20968 bytes,     976104 total
- age   5:       5304 bytes,     981408 total
- age   6:       3216 bytes,     984624 total
: 137870K->1084K(153344K), 0.0144764 secs] 313490K->176709K(1031552K), 0.0146698 secs] [Times: user=0.02 sys=0.00, real=0.01 secs] 
2016-08-16T04:46:49.836+0000: 300283.806: Total time for which application threads were stopped: 0.0162269 seconds, Stopping threads took: 0.0002007 seconds
2016-08-16T04:46:55.153+0000: 300289.124: [GC (Allocation Failure) 300289.124: [ParNew
Desired survivor size 8716288 bytes, new threshold 6 (max 6)
- age   1:     325104 bytes,     325104 total
- age   2:      34432 bytes,     359536 total
- age   3:     301416 bytes,     660952 total
- age   4:       9864 bytes,     670816 total
- age   5:      19688 bytes,     690504 total
- age   6:       5304 bytes,     695808 total
: 137404K->905K(153344K), 0.0071504 secs] 313029K->176534K(1031552K), 0.0072439 secs] [Times: user=0.02 sys=0.00, real=0.01 secs] 
2016-08-16T04:46:55.161+0000: 300289.131: Total time for which application threads were stopped: 0.0078882 seconds, Stopping threads took: 0.0000783 seconds
2016-08-16T04:47:23.484+0000: 300317.455: Total time for which application threads were stopped: 0.0006228 seconds, Stopping threads took: 0.0001061 seconds
2016-08-16T04:47:41.162+0000: 300335.132: Total time for which application threads were stopped: 0.0014465 seconds, Stopping threads took: 0.0003059 seconds
2016-08-16T04:47:42.080+0000: 300336.050: Total time for which application threads were stopped: 0.0005547 seconds, Stopping threads took: 0.0000768 seconds
2016-08-16T04:47:44.902+0000: 300338.872: Total time for which application threads were stopped: 0.0020041 seconds, Stopping threads took: 0.0003617 seconds
2016-08-16T04:47:45.938+0000: 300339.908: Total time for which application threads were stopped: 0.0004959 seconds, Stopping threads took: 0.0000840 seconds
2016-08-16T04:48:23.493+0000: 300377.463: Total time for which application threads were stopped: 0.0034740 seconds, Stopping threads took: 0.0027401 seconds
2016-08-16T04:49:23.486+0000: 300437.456: Total time for which application threads were stopped: 0.0007576 seconds, Stopping threads took: 0.0001553 seconds
2016-08-16T04:49:56.287+0000: 300470.257: [GC (Allocation Failure) 300470.257: [ParNew
Desired survivor size 8716288 bytes, new threshold 6 (max 6)
- age   1:    4820672 bytes,    4820672 total
- age   2:      24936 bytes,    4845608 total
- age   3:      25616 bytes,    4871224 total
- age   4:     278600 bytes,    5149824 total
- age   5:       8232 bytes,    5158056 total
- age   6:      15056 bytes,    5173112 total
: 137225K->5306K(153344K), 0.0191403 secs] 312854K->180940K(1031552K), 0.0192636 secs] [Times: user=0.03 sys=0.00, real=0.02 secs] 
2016-08-16T04:49:56.307+0000: 300470.277: Total time for which application threads were stopped: 0.0199177 seconds, Stopping threads took: 0.0001036 seconds
2016-08-16T04:50:23.489+0000: 300497.459: Total time for which application threads were stopped: 0.0018106 seconds, Stopping threads took: 0.0009359 seconds
2016-08-16T04:51:23.493+0000: 300557.463: Total time for which application threads were stopped: 0.0062221 seconds, Stopping threads took: 0.0015814 seconds
2016-08-16T04:52:20.507+0000: 300614.477: Total time for which application threads were stopped: 0.0006972 seconds, Stopping threads took: 0.0001202 seconds
2016-08-16T04:52:23.488+0000: 300617.459: Total time for which application threads were stopped: 0.0008076 seconds, Stopping threads took: 0.0001489 seconds
2016-08-16T04:52:46.981+0000: 300640.951: Total time for which application threads were stopped: 0.0006315 seconds, Stopping threads took: 0.0001691 seconds
2016-08-16T04:52:46.981+0000: 300640.951: Total time for which application threads were stopped: 0.0002366 seconds, Stopping threads took: 0.0000328 seconds
2016-08-16T04:53:23.494+0000: 300677.465: Total time for which application threads were stopped: 0.0014768 seconds, Stopping threads took: 0.0002509 seconds
2016-08-16T04:53:46.061+0000: 300700.031: [GC (Allocation Failure) 300700.032: [ParNew
Desired survivor size 8716288 bytes, new threshold 6 (max 6)
- age   1:    5076960 bytes,    5076960 total
- age   2:     102968 bytes,    5179928 total
- age   3:       5016 bytes,    5184944 total
- age   4:      25328 bytes,    5210272 total
- age   5:     268352 bytes,    5478624 total
- age   6:       8232 bytes,    5486856 total
: 141626K->5695K(153344K), 0.0184927 secs] 317260K->181343K(1031552K), 0.0186244 secs] [Times: user=0.03 sys=0.00, real=0.01 secs] 
2016-08-16T04:53:46.080+0000: 300700.050: Total time for which application threads were stopped: 0.0193151 seconds, Stopping threads took: 0.0000923 seconds
2016-08-16T04:54:23.494+0000: 300737.464: Total time for which application threads were stopped: 0.0010296 seconds, Stopping threads took: 0.0002830 seconds
2016-08-16T04:55:23.493+0000: 300797.463: Total time for which application threads were stopped: 0.0026253 seconds, Stopping threads took: 0.0019250 seconds
2016-08-16T04:56:23.485+0000: 300857.455: Total time for which application threads were stopped: 0.0009487 seconds, Stopping threads took: 0.0001456 seconds
2016-08-16T04:57:16.996+0000: 300910.967: [GC (Allocation Failure) 300910.967: [ParNew
Desired survivor size 8716288 bytes, new threshold 6 (max 6)
- age   1:    4969568 bytes,    4969568 total
- age   2:      42176 bytes,    5011744 total
- age   3:      94200 bytes,    5105944 total
- age   4:       4488 bytes,    5110432 total
- age   5:      25328 bytes,    5135760 total
- age   6:     268208 bytes,    5403968 total
: 142015K->5781K(153344K), 0.0160329 secs] 317663K->181437K(1031552K), 0.0161897 secs] [Times: user=0.02 sys=0.00, real=0.02 secs] 
2016-08-16T04:57:17.013+0000: 300910.983: Total time for which application threads were stopped: 0.0168793 seconds, Stopping threads took: 0.0001337 seconds
2016-08-16T04:57:23.486+0000: 300917.456: Total time for which application threads were stopped: 0.0013701 seconds, Stopping threads took: 0.0001125 seconds
2016-08-16T04:58:23.487+0000: 300977.458: Total time for which application threads were stopped: 0.0007531 seconds, Stopping threads took: 0.0001623 seconds
2016-08-16T04:59:23.493+0000: 301037.463: Total time for which application threads were stopped: 0.0014466 seconds, Stopping threads took: 0.0003038 seconds
2016-08-16T05:00:00.032+0000: 301074.003: [GC (Allocation Failure) 301074.003: [ParNew
Desired survivor size 8716288 bytes, new threshold 6 (max 6)
- age   1:    4021968 bytes,    4021968 total
- age   2:      25256 bytes,    4047224 total
- age   3:      32672 bytes,    4079896 total
- age   4:      87936 bytes,    4167832 total
- age   5:       4272 bytes,    4172104 total
- age   6:      25112 bytes,    4197216 total
: 142101K->4326K(153344K), 0.0166905 secs] 317757K->180245K(1031552K), 0.0168286 secs] [Times: user=0.02 sys=0.00, real=0.02 secs] 
2016-08-16T05:00:00.049+0000: 301074.019: Total time for which application threads were stopped: 0.0175693 seconds, Stopping threads took: 0.0001258 seconds
2016-08-16T05:00:00.086+0000: 301074.057: Total time for which application threads were stopped: 0.0005942 seconds, Stopping threads took: 0.0000991 seconds
2016-08-16T05:00:00.088+0000: 301074.058: Total time for which application threads were stopped: 0.0002830 seconds, Stopping threads took: 0.0000297 seconds
2016-08-16T05:00:00.125+0000: 301074.096: Total time for which application threads were stopped: 0.0052141 seconds, Stopping threads took: 0.0041249 seconds
2016-08-16T05:00:00.126+0000: 301074.096: Total time for which application threads were stopped: 0.0004334 seconds, Stopping threads took: 0.0000485 seconds
2016-08-16T05:00:00.127+0000: 301074.098: Total time for which application threads were stopped: 0.0004867 seconds, Stopping threads took: 0.0001045 seconds
2016-08-16T05:00:00.149+0000: 301074.119: Total time for which application threads were stopped: 0.0032983 seconds, Stopping threads took: 0.0028213 seconds
2016-08-16T05:00:00.149+0000: 301074.119: Total time for which application threads were stopped: 0.0005232 seconds, Stopping threads took: 0.0001113 seconds
2016-08-16T05:00:00.150+0000: 301074.120: Total time for which application threads were stopped: 0.0004550 seconds, Stopping threads took: 0.0000408 seconds
2016-08-16T05:00:00.150+0000: 301074.121: Total time for which application threads were stopped: 0.0005143 seconds, Stopping threads took: 0.0001282 seconds
2016-08-16T05:00:00.151+0000: 301074.121: Total time for which application threads were stopped: 0.0003865 seconds, Stopping threads took: 0.0000379 seconds
2016-08-16T05:00:00.225+0000: 301074.195: [GC (Allocation Failure) 301074.195: [ParNew
Desired survivor size 8716288 bytes, new threshold 6 (max 6)
- age   1:    2929280 bytes,    2929280 total
- age   2:     225944 bytes,    3155224 total
- age   3:      17472 bytes,    3172696 total
- age   4:      28312 bytes,    3201008 total
- age   5:      86552 bytes,    3287560 total
- age   6:       4200 bytes,    3291760 total
: 140646K->3363K(153344K), 0.0111270 secs] 316565K->179307K(1031552K), 0.0112764 secs] [Times: user=0.02 sys=0.00, real=0.01 secs] 
2016-08-16T05:00:00.236+0000: 301074.206: Total time for which application threads were stopped: 0.0122014 seconds, Stopping threads took: 0.0001083 seconds
2016-08-16T05:00:00.243+0000: 301074.213: Total time for which application threads were stopped: 0.0011731 seconds, Stopping threads took: 0.0001943 seconds
2016-08-16T05:00:00.244+0000: 301074.214: Total time for which application threads were stopped: 0.0008955 seconds, Stopping threads took: 0.0001593 seconds
2016-08-16T05:00:00.245+0000: 301074.216: Total time for which application threads were stopped: 0.0009958 seconds, Stopping threads took: 0.0002290 seconds
2016-08-16T05:00:00.248+0000: 301074.218: Total time for which application threads were stopped: 0.0007291 seconds, Stopping threads took: 0.0001258 seconds
2016-08-16T05:00:00.326+0000: 301074.296: Total time for which application threads were stopped: 0.0007438 seconds, Stopping threads took: 0.0001018 seconds
2016-08-16T05:00:00.329+0000: 301074.299: Total time for which application threads were stopped: 0.0024060 seconds, Stopping threads took: 0.0000864 seconds
2016-08-16T05:00:00.357+0000: 301074.327: Total time for which application threads were stopped: 0.0006029 seconds, Stopping threads took: 0.0000759 seconds
2016-08-16T05:00:00.359+0000: 301074.329: Total time for which application threads were stopped: 0.0004926 seconds, Stopping threads took: 0.0000953 seconds
2016-08-16T05:00:00.368+0000: 301074.338: Total time for which application threads were stopped: 0.0040727 seconds, Stopping threads took: 0.0000715 seconds
2016-08-16T05:00:02.573+0000: 301076.543: Total time for which application threads were stopped: 0.0015685 seconds, Stopping threads took: 0.0010099 seconds
2016-08-16T05:00:02.578+0000: 301076.548: Total time for which application threads were stopped: 0.0048040 seconds, Stopping threads took: 0.0030534 seconds
2016-08-16T05:00:02.584+0000: 301076.555: Total time for which application threads were stopped: 0.0063392 seconds, Stopping threads took: 0.0057753 seconds
2016-08-16T05:00:02.585+0000: 301076.555: Total time for which application threads were stopped: 0.0004770 seconds, Stopping threads took: 0.0000716 seconds
2016-08-16T05:00:02.586+0000: 301076.556: Total time for which application threads were stopped: 0.0004295 seconds, Stopping threads took: 0.0000686 seconds
2016-08-16T05:00:02.589+0000: 301076.559: Total time for which application threads were stopped: 0.0007965 seconds, Stopping threads took: 0.0001129 seconds
2016-08-16T05:00:02.603+0000: 301076.573: Total time for which application threads were stopped: 0.0006409 seconds, Stopping threads took: 0.0001268 seconds
2016-08-16T05:00:02.608+0000: 301076.578: Total time for which application threads were stopped: 0.0008958 seconds, Stopping threads took: 0.0001281 seconds
2016-08-16T05:00:02.610+0000: 301076.580: Total time for which application threads were stopped: 0.0006771 seconds, Stopping threads took: 0.0001657 seconds
2016-08-16T05:00:02.611+0000: 301076.581: Total time for which application threads were stopped: 0.0006542 seconds, Stopping threads took: 0.0000863 seconds
2016-08-16T05:00:02.612+0000: 301076.582: Total time for which application threads were stopped: 0.0005405 seconds, Stopping threads took: 0.0000627 seconds
2016-08-16T05:00:02.612+0000: 301076.582: Total time for which application threads were stopped: 0.0005518 seconds, Stopping threads took: 0.0001261 seconds
2016-08-16T05:00:02.613+0000: 301076.583: Total time for which application threads were stopped: 0.0006566 seconds, Stopping threads took: 0.0000819 seconds
2016-08-16T05:00:02.617+0000: 301076.587: Total time for which application threads were stopped: 0.0016383 seconds, Stopping threads took: 0.0003444 seconds
2016-08-16T05:00:02.618+0000: 301076.588: Total time for which application threads were stopped: 0.0007881 seconds, Stopping threads took: 0.0000944 seconds
2016-08-16T05:00:02.619+0000: 301076.589: Total time for which application threads were stopped: 0.0007982 seconds, Stopping threads took: 0.0001318 seconds
2016-08-16T05:00:02.620+0000: 301076.590: Total time for which application threads were stopped: 0.0006141 seconds, Stopping threads took: 0.0000532 seconds
2016-08-16T05:00:02.627+0000: 301076.597: Total time for which application threads were stopped: 0.0023788 seconds, Stopping threads took: 0.0001221 seconds
2016-08-16T05:00:02.651+0000: 301076.621: [GC (Allocation Failure) 301076.621: [ParNew
Desired survivor size 8716288 bytes, new threshold 6 (max 6)
- age   1:    1446872 bytes,    1446872 total
- age   2:    1548616 bytes,    2995488 total
- age   3:     170240 bytes,    3165728 total
- age   4:      16392 bytes,    3182120 total
- age   5:      27544 bytes,    3209664 total
- age   6:      85600 bytes,    3295264 total
: 139683K->4131K(153344K), 0.0127321 secs] 315627K->180078K(1031552K), 0.0128626 secs] [Times: user=0.02 sys=0.00, real=0.01 secs] 
2016-08-16T05:00:02.664+0000: 301076.634: Total time for which application threads were stopped: 0.0135645 seconds, Stopping threads took: 0.0000861 seconds
2016-08-16T05:00:02.697+0000: 301076.667: Total time for which application threads were stopped: 0.0008639 seconds, Stopping threads took: 0.0001108 seconds
2016-08-16T05:00:02.701+0000: 301076.671: Total time for which application threads were stopped: 0.0009896 seconds, Stopping threads took: 0.0004110 seconds
2016-08-16T05:00:02.742+0000: 301076.712: Total time for which application threads were stopped: 0.0006749 seconds, Stopping threads took: 0.0001092 seconds
2016-08-16T05:00:02.743+0000: 301076.713: Total time for which application threads were stopped: 0.0005540 seconds, Stopping threads took: 0.0000765 seconds
2016-08-16T05:00:02.743+0000: 301076.713: Total time for which application threads were stopped: 0.0004549 seconds, Stopping threads took: 0.0000638 seconds
2016-08-16T05:00:02.744+0000: 301076.714: Total time for which application threads were stopped: 0.0004233 seconds, Stopping threads took: 0.0000722 seconds
2016-08-16T05:00:02.893+0000: 301076.863: Total time for which application threads were stopped: 0.0016343 seconds, Stopping threads took: 0.0011174 seconds
2016-08-16T05:00:02.893+0000: 301076.863: Total time for which application threads were stopped: 0.0003456 seconds, Stopping threads took: 0.0000608 seconds
2016-08-16T05:00:02.894+0000: 301076.864: Total time for which application threads were stopped: 0.0002819 seconds, Stopping threads took: 0.0000132 seconds
2016-08-16T05:00:02.894+0000: 301076.864: Total time for which application threads were stopped: 0.0004342 seconds, Stopping threads took: 0.0000991 seconds
2016-08-16T05:00:03.042+0000: 301077.012: Total time for which application threads were stopped: 0.0008193 seconds, Stopping threads took: 0.0001334 seconds
2016-08-16T05:00:03.045+0000: 301077.015: Total time for which application threads were stopped: 0.0025422 seconds, Stopping threads took: 0.0019984 seconds
2016-08-16T05:00:03.045+0000: 301077.016: Total time for which application threads were stopped: 0.0005005 seconds, Stopping threads took: 0.0000319 seconds
2016-08-16T05:00:03.046+0000: 301077.016: Total time for which application threads were stopped: 0.0005100 seconds, Stopping threads took: 0.0000645 seconds
2016-08-16T05:00:03.194+0000: 301077.164: Total time for which application threads were stopped: 0.0005754 seconds, Stopping threads took: 0.0000643 seconds
2016-08-16T05:00:03.194+0000: 301077.165: Total time for which application threads were stopped: 0.0004843 seconds, Stopping threads took: 0.0000605 seconds
2016-08-16T05:00:03.195+0000: 301077.165: Total time for which application threads were stopped: 0.0002986 seconds, Stopping threads took: 0.0000515 seconds
2016-08-16T05:00:03.196+0000: 301077.166: Total time for which application threads were stopped: 0.0003036 seconds, Stopping threads took: 0.0000384 seconds
2016-08-16T05:00:03.343+0000: 301077.313: Total time for which application threads were stopped: 0.0005720 seconds, Stopping threads took: 0.0000965 seconds
2016-08-16T05:00:03.343+0000: 301077.313: Total time for which application threads were stopped: 0.0003342 seconds, Stopping threads took: 0.0000320 seconds
2016-08-16T05:00:03.344+0000: 301077.314: Total time for which application threads were stopped: 0.0004206 seconds, Stopping threads took: 0.0001303 seconds
2016-08-16T05:00:03.344+0000: 301077.315: Total time for which application threads were stopped: 0.0004199 seconds, Stopping threads took: 0.0000695 seconds
2016-08-16T05:00:03.500+0000: 301077.470: Total time for which application threads were stopped: 0.0007262 seconds, Stopping threads took: 0.0001196 seconds
2016-08-16T05:00:03.501+0000: 301077.471: Total time for which application threads were stopped: 0.0005893 seconds, Stopping threads took: 0.0000746 seconds
2016-08-16T05:00:03.502+0000: 301077.472: Total time for which application threads were stopped: 0.0004843 seconds, Stopping threads took: 0.0000345 seconds
2016-08-16T05:00:03.722+0000: 301077.692: Total time for which application threads were stopped: 0.0005914 seconds, Stopping threads took: 0.0000687 seconds
2016-08-16T05:00:03.723+0000: 301077.693: Total time for which application threads were stopped: 0.0003357 seconds, Stopping threads took: 0.0000279 seconds
2016-08-16T05:00:03.723+0000: 301077.693: Total time for which application threads were stopped: 0.0003506 seconds, Stopping threads took: 0.0000571 seconds
2016-08-16T05:00:03.724+0000: 301077.694: Total time for which application threads were stopped: 0.0003871 seconds, Stopping threads took: 0.0000783 seconds
2016-08-16T05:00:03.877+0000: 301077.847: Total time for which application threads were stopped: 0.0049171 seconds, Stopping threads took: 0.0040669 seconds
2016-08-16T05:00:03.882+0000: 301077.853: Total time for which application threads were stopped: 0.0008926 seconds, Stopping threads took: 0.0001118 seconds
2016-08-16T05:00:03.884+0000: 301077.854: Total time for which application threads were stopped: 0.0008271 seconds, Stopping threads took: 0.0000897 seconds
2016-08-16T05:00:03.884+0000: 301077.855: Total time for which application threads were stopped: 0.0007088 seconds, Stopping threads took: 0.0000454 seconds
2016-08-16T05:00:04.030+0000: 301078.001: Total time for which application threads were stopped: 0.0007457 seconds, Stopping threads took: 0.0001869 seconds
2016-08-16T05:00:05.031+0000: 301079.002: Total time for which application threads were stopped: 0.0008079 seconds, Stopping threads took: 0.0001151 seconds
2016-08-16T05:00:24.241+0000: 301098.211: Total time for which application threads were stopped: 0.0015115 seconds, Stopping threads took: 0.0010355 seconds
2016-08-16T05:00:37.031+0000: 301111.001: [GC (Allocation Failure) 301111.001: [ParNew
Desired survivor size 8716288 bytes, new threshold 6 (max 6)
- age   1:    3517624 bytes,    3517624 total
- age   2:     383064 bytes,    3900688 total
- age   3:    1142064 bytes,    5042752 total
- age   4:      87984 bytes,    5130736 total
- age   5:      15640 bytes,    5146376 total
- age   6:      26560 bytes,    5172936 total
: 140451K->5962K(153344K), 0.0214175 secs] 316398K->181994K(1031552K), 0.0216323 secs] [Times: user=0.04 sys=0.00, real=0.02 secs] 
2016-08-16T05:00:37.053+0000: 301111.023: Total time for which application threads were stopped: 0.0232482 seconds, Stopping threads took: 0.0002079 seconds
2016-08-16T05:01:23.485+0000: 301157.456: Total time for which application threads were stopped: 0.0010136 seconds, Stopping threads took: 0.0001447 seconds
2016-08-16T05:02:23.485+0000: 301217.455: Total time for which application threads were stopped: 0.0005680 seconds, Stopping threads took: 0.0001087 seconds
2016-08-16T05:02:52.490+0000: 301246.460: Total time for which application threads were stopped: 0.0004975 seconds, Stopping threads took: 0.0000851 seconds
2016-08-16T05:03:23.497+0000: 301277.467: Total time for which application threads were stopped: 0.0043093 seconds, Stopping threads took: 0.0036068 seconds
2016-08-16T05:04:16.457+0000: 301330.427: [GC (Allocation Failure) 301330.427: [ParNew
Desired survivor size 8716288 bytes, new threshold 6 (max 6)
- age   1:    5137648 bytes,    5137648 total
- age   2:     154952 bytes,    5292600 total
- age   3:      61608 bytes,    5354208 total
- age   4:     872888 bytes,    6227096 total
- age   5:      44848 bytes,    6271944 total
- age   6:      15368 bytes,    6287312 total
: 142282K->6638K(153344K), 0.0193167 secs] 318314K->182697K(1031552K), 0.0195863 secs] [Times: user=0.03 sys=0.00, real=0.02 secs] 
2016-08-16T05:04:16.476+0000: 301330.447: Total time for which application threads were stopped: 0.0212512 seconds, Stopping threads took: 0.0001730 seconds
2016-08-16T05:04:23.486+0000: 301337.456: Total time for which application threads were stopped: 0.0006278 seconds, Stopping threads took: 0.0001181 seconds
2016-08-16T05:05:23.486+0000: 301397.456: Total time for which application threads were stopped: 0.0007955 seconds, Stopping threads took: 0.0001513 seconds
2016-08-16T05:06:23.485+0000: 301457.455: Total time for which application threads were stopped: 0.0006843 seconds, Stopping threads took: 0.0001071 seconds
2016-08-16T05:07:23.485+0000: 301517.455: Total time for which application threads were stopped: 0.0023405 seconds, Stopping threads took: 0.0016354 seconds
2016-08-16T05:07:53.500+0000: 301547.470: [GC (Allocation Failure) 301547.471: [ParNew
Desired survivor size 8716288 bytes, new threshold 6 (max 6)
- age   1:    4989096 bytes,    4989096 total
- age   2:      36144 bytes,    5025240 total
- age   3:     141416 bytes,    5166656 total
- age   4:      61424 bytes,    5228080 total
- age   5:     872440 bytes,    6100520 total
- age   6:      44640 bytes,    6145160 total
: 142958K->6770K(153344K), 0.0205428 secs] 319017K->182845K(1031552K), 0.0208251 secs] [Times: user=0.03 sys=0.00, real=0.03 secs] 
2016-08-16T05:07:53.521+0000: 301547.491: Total time for which application threads were stopped: 0.0224251 seconds, Stopping threads took: 0.0001809 seconds
2016-08-16T05:08:23.487+0000: 301577.457: Total time for which application threads were stopped: 0.0010504 seconds, Stopping threads took: 0.0001983 seconds
2016-08-16T05:09:23.485+0000: 301637.455: Total time for which application threads were stopped: 0.0007113 seconds, Stopping threads took: 0.0001217 seconds
2016-08-16T05:10:23.493+0000: 301697.463: Total time for which application threads were stopped: 0.0007356 seconds, Stopping threads took: 0.0002448 seconds
2016-08-16T05:11:23.493+0000: 301757.463: Total time for which application threads were stopped: 0.0037739 seconds, Stopping threads took: 0.0030334 seconds
2016-08-16T05:11:27.104+0000: 301761.074: [GC (Allocation Failure) 301761.074: [ParNew
Desired survivor size 8716288 bytes, new threshold 6 (max 6)
- age   1:    5083408 bytes,    5083408 total
- age   2:      37432 bytes,    5120840 total
- age   3:      25968 bytes,    5146808 total
- age   4:     136368 bytes,    5283176 total
- age   5:      61424 bytes,    5344600 total
- age   6:     871368 bytes,    6215968 total
: 143090K->6821K(153344K), 0.0253929 secs] 319165K->182940K(1031552K), 0.0256309 secs] [Times: user=0.03 sys=0.01, real=0.03 secs] 
2016-08-16T05:11:27.129+0000: 301761.100: Total time for which application threads were stopped: 0.0271425 seconds, Stopping threads took: 0.0001715 seconds
2016-08-16T05:12:23.485+0000: 301817.455: Total time for which application threads were stopped: 0.0017216 seconds, Stopping threads took: 0.0011868 seconds
2016-08-16T05:13:23.490+0000: 301877.460: Total time for which application threads were stopped: 0.0041806 seconds, Stopping threads took: 0.0027819 seconds
2016-08-16T05:14:23.482+0000: 301937.452: Total time for which application threads were stopped: 0.0006741 seconds, Stopping threads took: 0.0001336 seconds
2016-08-16T05:14:50.074+0000: 301964.044: Total time for which application threads were stopped: 0.0015448 seconds, Stopping threads took: 0.0002912 seconds
2016-08-16T05:15:07.144+0000: 301981.114: [GC (Allocation Failure) 301981.114: [ParNew
Desired survivor size 8716288 bytes, new threshold 6 (max 6)
- age   1:    5083008 bytes,    5083008 total
- age   2:      35888 bytes,    5118896 total
- age   3:      22824 bytes,    5141720 total
- age   4:      19312 bytes,    5161032 total
- age   5:     135888 bytes,    5296920 total
- age   6:      61136 bytes,    5358056 total
: 143141K->6082K(153344K), 0.0270439 secs] 319260K->183059K(1031552K), 0.0272124 secs] [Times: user=0.03 sys=0.00, real=0.03 secs] 
2016-08-16T05:15:07.171+0000: 301981.141: Total time for which application threads were stopped: 0.0279851 seconds, Stopping threads took: 0.0001218 seconds
2016-08-16T05:15:23.489+0000: 301997.459: Total time for which application threads were stopped: 0.0031810 seconds, Stopping threads took: 0.0022579 seconds
2016-08-16T05:16:23.491+0000: 302057.461: Total time for which application threads were stopped: 0.0067330 seconds, Stopping threads took: 0.0039474 seconds
2016-08-16T05:17:23.485+0000: 302117.455: Total time for which application threads were stopped: 0.0032386 seconds, Stopping threads took: 0.0026003 seconds
2016-08-16T05:18:23.482+0000: 302177.453: Total time for which application threads were stopped: 0.0006693 seconds, Stopping threads took: 0.0001346 seconds
2016-08-16T05:18:54.625+0000: 302208.595: [GC (Allocation Failure) 302208.595: [ParNew
Desired survivor size 8716288 bytes, new threshold 6 (max 6)
- age   1:    5006896 bytes,    5006896 total
- age   2:      28248 bytes,    5035144 total
- age   3:      26208 bytes,    5061352 total
- age   4:      19624 bytes,    5080976 total
- age   5:      19312 bytes,    5100288 total
- age   6:     135128 bytes,    5235416 total
: 142402K->5346K(153344K), 0.0216259 secs] 319379K->182384K(1031552K), 0.0218587 secs] [Times: user=0.03 sys=0.00, real=0.02 secs] 
2016-08-16T05:18:54.647+0000: 302208.617: Total time for which application threads were stopped: 0.0235305 seconds, Stopping threads took: 0.0001799 seconds
2016-08-16T05:19:23.494+0000: 302237.465: Total time for which application threads were stopped: 0.0007032 seconds, Stopping threads took: 0.0001645 seconds
2016-08-16T05:20:23.483+0000: 302297.453: Total time for which application threads were stopped: 0.0006530 seconds, Stopping threads took: 0.0001056 seconds
2016-08-16T05:21:23.483+0000: 302357.453: Total time for which application threads were stopped: 0.0006669 seconds, Stopping threads took: 0.0001389 seconds
2016-08-16T05:22:22.121+0000: 302416.091: [GC (Allocation Failure) 302416.091: [ParNew
Desired survivor size 8716288 bytes, new threshold 6 (max 6)
- age   1:    4805384 bytes,    4805384 total
- age   2:      33304 bytes,    4838688 total
- age   3:      21088 bytes,    4859776 total
- age   4:      21080 bytes,    4880856 total
- age   5:      19280 bytes,    4900136 total
- age   6:      18792 bytes,    4918928 total
: 141666K->5071K(153344K), 0.0167546 secs] 318704K->182242K(1031552K), 0.0168647 secs] [Times: user=0.03 sys=0.00, real=0.01 secs] 
2016-08-16T05:22:22.138+0000: 302416.108: Total time for which application threads were stopped: 0.0175194 seconds, Stopping threads took: 0.0000925 seconds
2016-08-16T05:22:22.139+0000: 302416.109: Total time for which application threads were stopped: 0.0006677 seconds, Stopping threads took: 0.0000634 seconds
2016-08-16T05:22:22.200+0000: 302416.170: Total time for which application threads were stopped: 0.0006353 seconds, Stopping threads took: 0.0001227 seconds
2016-08-16T05:22:22.200+0000: 302416.170: Total time for which application threads were stopped: 0.0003766 seconds, Stopping threads took: 0.0000563 seconds
2016-08-16T05:22:22.201+0000: 302416.171: Total time for which application threads were stopped: 0.0002937 seconds, Stopping threads took: 0.0000148 seconds
2016-08-16T05:22:22.201+0000: 302416.171: Total time for which application threads were stopped: 0.0003799 seconds, Stopping threads took: 0.0000746 seconds
2016-08-16T05:22:22.260+0000: 302416.230: Total time for which application threads were stopped: 0.0008613 seconds, Stopping threads took: 0.0001079 seconds
2016-08-16T05:22:23.493+0000: 302417.463: Total time for which application threads were stopped: 0.0038547 seconds, Stopping threads took: 0.0033101 seconds
2016-08-16T05:23:23.490+0000: 302477.460: Total time for which application threads were stopped: 0.0014156 seconds, Stopping threads took: 0.0002337 seconds
2016-08-16T05:24:23.483+0000: 302537.453: Total time for which application threads were stopped: 0.0007419 seconds, Stopping threads took: 0.0001140 seconds
2016-08-16T05:25:14.519+0000: 302588.489: [GC (Allocation Failure) 302588.489: [ParNew
Desired survivor size 8716288 bytes, new threshold 6 (max 6)
- age   1:    4084424 bytes,    4084424 total
- age   2:      43592 bytes,    4128016 total
- age   3:      26152 bytes,    4154168 total
- age   4:      16584 bytes,    4170752 total
- age   5:      20816 bytes,    4191568 total
- age   6:      18888 bytes,    4210456 total
: 141391K->4437K(153344K), 0.0199443 secs] 318562K->181626K(1031552K), 0.0201269 secs] [Times: user=0.03 sys=0.00, real=0.02 secs] 
2016-08-16T05:25:14.539+0000: 302588.509: Total time for which application threads were stopped: 0.0208375 seconds, Stopping threads took: 0.0001034 seconds
2016-08-16T05:25:23.486+0000: 302597.456: Total time for which application threads were stopped: 0.0006654 seconds, Stopping threads took: 0.0001289 seconds
2016-08-16T05:26:23.485+0000: 302657.455: Total time for which application threads were stopped: 0.0008265 seconds, Stopping threads took: 0.0001502 seconds
2016-08-16T05:27:23.493+0000: 302717.463: Total time for which application threads were stopped: 0.0008022 seconds, Stopping threads took: 0.0002294 seconds
2016-08-16T05:28:23.488+0000: 302777.458: Total time for which application threads were stopped: 0.0020809 seconds, Stopping threads took: 0.0003108 seconds
2016-08-16T05:28:52.602+0000: 302806.572: [GC (Allocation Failure) 302806.572: [ParNew
Desired survivor size 8716288 bytes, new threshold 6 (max 6)
- age   1:    5170632 bytes,    5170632 total
- age   2:      44176 bytes,    5214808 total
- age   3:      23008 bytes,    5237816 total
- age   4:      20744 bytes,    5258560 total
- age   5:      16480 bytes,    5275040 total
- age   6:      20696 bytes,    5295736 total
: 140757K->5325K(153344K), 0.0191458 secs] 317946K->182533K(1031552K), 0.0192880 secs] [Times: user=0.03 sys=0.00, real=0.02 secs] 
2016-08-16T05:28:52.621+0000: 302806.591: Total time for which application threads were stopped: 0.0199956 seconds, Stopping threads took: 0.0001599 seconds
2016-08-16T05:29:23.489+0000: 302837.459: Total time for which application threads were stopped: 0.0045404 seconds, Stopping threads took: 0.0040588 seconds
2016-08-16T05:30:23.493+0000: 302897.463: Total time for which application threads were stopped: 0.0038447 seconds, Stopping threads took: 0.0032467 seconds
2016-08-16T05:31:23.485+0000: 302957.455: Total time for which application threads were stopped: 0.0007488 seconds, Stopping threads took: 0.0001438 seconds
2016-08-16T05:32:23.487+0000: 303017.458: Total time for which application threads were stopped: 0.0007839 seconds, Stopping threads took: 0.0001580 seconds
2016-08-16T05:32:28.134+0000: 303022.104: [GC (Allocation Failure) 303022.104: [ParNew
Desired survivor size 8716288 bytes, new threshold 6 (max 6)
- age   1:    5114632 bytes,    5114632 total
- age   2:      34792 bytes,    5149424 total
- age   3:      37576 bytes,    5187000 total
- age   4:      19768 bytes,    5206768 total
- age   5:      19752 bytes,    5226520 total
- age   6:      16480 bytes,    5243000 total
: 141645K->5229K(153344K), 0.0200034 secs] 318853K->182458K(1031552K), 0.0201866 secs] [Times: user=0.03 sys=0.00, real=0.02 secs] 
2016-08-16T05:32:28.154+0000: 303022.124: Total time for which application threads were stopped: 0.0213055 seconds, Stopping threads took: 0.0001370 seconds
2016-08-16T05:33:23.494+0000: 303077.464: Total time for which application threads were stopped: 0.0043489 seconds, Stopping threads took: 0.0030643 seconds
2016-08-16T05:34:23.489+0000: 303137.459: Total time for which application threads were stopped: 0.0046771 seconds, Stopping threads took: 0.0040784 seconds
2016-08-16T05:35:23.487+0000: 303197.457: Total time for which application threads were stopped: 0.0050018 seconds, Stopping threads took: 0.0020371 seconds
2016-08-16T05:36:12.232+0000: 303246.202: [GC (Allocation Failure) 303246.203: [ParNew
Desired survivor size 8716288 bytes, new threshold 6 (max 6)
- age   1:    5042896 bytes,    5042896 total
- age   2:      41272 bytes,    5084168 total
- age   3:      24376 bytes,    5108544 total
- age   4:      32616 bytes,    5141160 total
- age   5:      19744 bytes,    5160904 total
- age   6:      19752 bytes,    5180656 total
: 141549K->5289K(153344K), 0.0182812 secs] 318778K->182535K(1031552K), 0.0185464 secs] [Times: user=0.02 sys=0.01, real=0.02 secs] 
2016-08-16T05:36:12.251+0000: 303246.221: Total time for which application threads were stopped: 0.0202022 seconds, Stopping threads took: 0.0001847 seconds
2016-08-16T05:36:23.497+0000: 303257.468: Total time for which application threads were stopped: 0.0048873 seconds, Stopping threads took: 0.0041497 seconds
2016-08-16T05:37:23.493+0000: 303317.463: Total time for which application threads were stopped: 0.0019109 seconds, Stopping threads took: 0.0003053 seconds
2016-08-16T05:38:23.497+0000: 303377.467: Total time for which application threads were stopped: 0.0034851 seconds, Stopping threads took: 0.0027286 seconds
2016-08-16T05:39:23.485+0000: 303437.455: Total time for which application threads were stopped: 0.0012745 seconds, Stopping threads took: 0.0007782 seconds
2016-08-16T05:39:51.516+0000: 303465.487: [GC (Allocation Failure) 303465.487: [ParNew
Desired survivor size 8716288 bytes, new threshold 6 (max 6)
- age   1:    5101016 bytes,    5101016 total
- age   2:      27608 bytes,    5128624 total
- age   3:      31984 bytes,    5160608 total
- age   4:      20640 bytes,    5181248 total
- age   5:      32400 bytes,    5213648 total
- age   6:      19600 bytes,    5233248 total
: 141609K->5309K(153344K), 0.0226999 secs] 318855K->182575K(1031552K), 0.0229000 secs] [Times: user=0.03 sys=0.00, real=0.02 secs] 
2016-08-16T05:39:51.539+0000: 303465.510: Total time for which application threads were stopped: 0.0236497 seconds, Stopping threads took: 0.0000793 seconds
2016-08-16T05:40:23.493+0000: 303497.463: Total time for which application threads were stopped: 0.0024413 seconds, Stopping threads took: 0.0017046 seconds
2016-08-16T05:41:23.497+0000: 303557.467: Total time for which application threads were stopped: 0.0051458 seconds, Stopping threads took: 0.0045169 seconds
2016-08-16T05:42:23.493+0000: 303617.464: Total time for which application threads were stopped: 0.0019409 seconds, Stopping threads took: 0.0002975 seconds
2016-08-16T05:43:23.483+0000: 303677.454: Total time for which application threads were stopped: 0.0006167 seconds, Stopping threads took: 0.0001069 seconds
2016-08-16T05:43:52.264+0000: 303706.234: [GC (Allocation Failure) 303706.234: [ParNew
Desired survivor size 8716288 bytes, new threshold 6 (max 6)
- age   1:    4945664 bytes,    4945664 total
- age   2:      33584 bytes,    4979248 total
- age   3:      20536 bytes,    4999784 total
- age   4:      26264 bytes,    5026048 total
- age   5:      20392 bytes,    5046440 total
- age   6:      31824 bytes,    5078264 total
: 141629K->5157K(153344K), 0.0182425 secs] 318895K->182443K(1031552K), 0.0184481 secs] [Times: user=0.03 sys=0.00, real=0.02 secs] 
2016-08-16T05:43:52.282+0000: 303706.252: Total time for which application threads were stopped: 0.0197735 seconds, Stopping threads took: 0.0001690 seconds
2016-08-16T05:44:23.489+0000: 303737.459: Total time for which application threads were stopped: 0.0019251 seconds, Stopping threads took: 0.0013905 seconds
2016-08-16T05:45:23.493+0000: 303797.463: Total time for which application threads were stopped: 0.0024621 seconds, Stopping threads took: 0.0016627 seconds
2016-08-16T05:46:23.485+0000: 303857.455: Total time for which application threads were stopped: 0.0009127 seconds, Stopping threads took: 0.0004166 seconds
2016-08-16T05:47:23.489+0000: 303917.459: Total time for which application threads were stopped: 0.0041662 seconds, Stopping threads took: 0.0034525 seconds
2016-08-16T05:47:34.041+0000: 303928.011: [GC (Allocation Failure) 303928.011: [ParNew
Desired survivor size 8716288 bytes, new threshold 6 (max 6)
- age   1:    5218184 bytes,    5218184 total
- age   2:      36336 bytes,    5254520 total
- age   3:      23880 bytes,    5278400 total
- age   4:      16544 bytes,    5294944 total
- age   5:      25904 bytes,    5320848 total
- age   6:      20392 bytes,    5341240 total
: 141477K->5419K(153344K), 0.0176548 secs] 318763K->182736K(1031552K), 0.0177885 secs] [Times: user=0.03 sys=0.00, real=0.01 secs] 
2016-08-16T05:47:34.059+0000: 303928.029: Total time for which application threads were stopped: 0.0184154 seconds, Stopping threads took: 0.0001097 seconds
2016-08-16T05:48:23.487+0000: 303977.458: Total time for which application threads were stopped: 0.0007959 seconds, Stopping threads took: 0.0001689 seconds
2016-08-16T05:49:23.492+0000: 304037.462: Total time for which application threads were stopped: 0.0018088 seconds, Stopping threads took: 0.0002804 seconds
2016-08-16T05:50:23.493+0000: 304097.463: Total time for which application threads were stopped: 0.0020544 seconds, Stopping threads took: 0.0004086 seconds
2016-08-16T05:51:23.487+0000: 304157.457: Total time for which application threads were stopped: 0.0008070 seconds, Stopping threads took: 0.0001550 seconds
2016-08-16T05:51:27.298+0000: 304161.268: [GC (Allocation Failure) 304161.268: [ParNew
Desired survivor size 8716288 bytes, new threshold 6 (max 6)
- age   1:    4990240 bytes,    4990240 total
- age   2:      29440 bytes,    5019680 total
- age   3:      25392 bytes,    5045072 total
- age   4:      20672 bytes,    5065744 total
- age   5:      16168 bytes,    5081912 total
- age   6:      25904 bytes,    5107816 total
: 141739K->5123K(153344K), 0.0219423 secs] 319056K->182462K(1031552K), 0.0221143 secs] [Times: user=0.03 sys=0.00, real=0.02 secs] 
2016-08-16T05:51:27.320+0000: 304161.290: Total time for which application threads were stopped: 0.0227853 seconds, Stopping threads took: 0.0000779 seconds
2016-08-16T05:52:23.493+0000: 304217.463: Total time for which application threads were stopped: 0.0012544 seconds, Stopping threads took: 0.0003011 seconds
2016-08-16T05:53:23.497+0000: 304277.467: Total time for which application threads were stopped: 0.0048914 seconds, Stopping threads took: 0.0042529 seconds
2016-08-16T05:54:23.493+0000: 304337.463: Total time for which application threads were stopped: 0.0012680 seconds, Stopping threads took: 0.0003646 seconds
2016-08-16T05:55:08.518+0000: 304382.488: [GC (Allocation Failure) 304382.488: [ParNew
Desired survivor size 8716288 bytes, new threshold 6 (max 6)
- age   1:    5124208 bytes,    5124208 total
- age   2:      33920 bytes,    5158128 total
- age   3:      24032 bytes,    5182160 total
- age   4:      19832 bytes,    5201992 total
- age   5:      20600 bytes,    5222592 total
- age   6:      16136 bytes,    5238728 total
: 141443K->5157K(153344K), 0.0230389 secs] 318782K->182521K(1031552K), 0.0233008 secs] [Times: user=0.04 sys=0.00, real=0.03 secs] 
2016-08-16T05:55:08.541+0000: 304382.511: Total time for which application threads were stopped: 0.0249086 seconds, Stopping threads took: 0.0002032 seconds
2016-08-16T05:55:23.499+0000: 304397.469: Total time for which application threads were stopped: 0.0077000 seconds, Stopping threads took: 0.0003947 seconds
2016-08-16T05:56:23.494+0000: 304457.464: Total time for which application threads were stopped: 0.0008111 seconds, Stopping threads took: 0.0001308 seconds
2016-08-16T05:57:23.489+0000: 304517.459: Total time for which application threads were stopped: 0.0013601 seconds, Stopping threads took: 0.0002126 seconds
2016-08-16T05:58:23.490+0000: 304577.460: Total time for which application threads were stopped: 0.0052135 seconds, Stopping threads took: 0.0035000 seconds
2016-08-16T05:58:46.078+0000: 304600.048: [GC (Allocation Failure) 304600.048: [ParNew
Desired survivor size 8716288 bytes, new threshold 6 (max 6)
- age   1:    5105832 bytes,    5105832 total
- age   2:      30072 bytes,    5135904 total
- age   3:      24304 bytes,    5160208 total
- age   4:      20544 bytes,    5180752 total
- age   5:      19688 bytes,    5200440 total
- age   6:      20384 bytes,    5220824 total
: 141477K->5110K(153344K), 0.0169650 secs] 318841K->182491K(1031552K), 0.0170937 secs] [Times: user=0.03 sys=0.00, real=0.02 secs] 
2016-08-16T05:58:46.095+0000: 304600.065: Total time for which application threads were stopped: 0.0177117 seconds, Stopping threads took: 0.0000718 seconds
2016-08-16T05:59:23.493+0000: 304637.463: Total time for which application threads were stopped: 0.0018237 seconds, Stopping threads took: 0.0003065 seconds
2016-08-16T06:00:00.032+0000: 304674.002: Total time for which application threads were stopped: 0.0006134 seconds, Stopping threads took: 0.0000909 seconds
2016-08-16T06:00:00.033+0000: 304674.003: Total time for which application threads were stopped: 0.0004498 seconds, Stopping threads took: 0.0000526 seconds
2016-08-16T06:00:00.034+0000: 304674.004: Total time for which application threads were stopped: 0.0005892 seconds, Stopping threads took: 0.0000600 seconds
2016-08-16T06:00:00.034+0000: 304674.004: Total time for which application threads were stopped: 0.0005234 seconds, Stopping threads took: 0.0000663 seconds
2016-08-16T06:00:00.035+0000: 304674.005: Total time for which application threads were stopped: 0.0004451 seconds, Stopping threads took: 0.0000240 seconds
2016-08-16T06:00:00.037+0000: 304674.007: Total time for which application threads were stopped: 0.0005931 seconds, Stopping threads took: 0.0000804 seconds
2016-08-16T06:00:00.041+0000: 304674.011: Total time for which application threads were stopped: 0.0006218 seconds, Stopping threads took: 0.0000890 seconds
2016-08-16T06:00:00.045+0000: 304674.015: Total time for which application threads were stopped: 0.0007226 seconds, Stopping threads took: 0.0001029 seconds
2016-08-16T06:00:00.046+0000: 304674.016: Total time for which application threads were stopped: 0.0006581 seconds, Stopping threads took: 0.0000898 seconds
2016-08-16T06:00:23.489+0000: 304697.460: Total time for which application threads were stopped: 0.0021460 seconds, Stopping threads took: 0.0010983 seconds
2016-08-16T06:01:17.247+0000: 304751.217: [GC (Allocation Failure) 304751.217: [ParNew
Desired survivor size 8716288 bytes, new threshold 6 (max 6)
- age   1:    4699488 bytes,    4699488 total
- age   2:      31088 bytes,    4730576 total
- age   3:      22120 bytes,    4752696 total
- age   4:      19424 bytes,    4772120 total
- age   5:      19992 bytes,    4792112 total
- age   6:      19544 bytes,    4811656 total
: 141430K->4969K(153344K), 0.0190556 secs] 318811K->182370K(1031552K), 0.0192949 secs] [Times: user=0.03 sys=0.00, real=0.02 secs] 
2016-08-16T06:01:17.266+0000: 304751.236: Total time for which application threads were stopped: 0.0208755 seconds, Stopping threads took: 0.0002107 seconds
2016-08-16T06:01:23.493+0000: 304757.463: Total time for which application threads were stopped: 0.0015026 seconds, Stopping threads took: 0.0002967 seconds
2016-08-16T06:02:23.493+0000: 304817.464: Total time for which application threads were stopped: 0.0010527 seconds, Stopping threads took: 0.0003523 seconds
2016-08-16T06:03:23.493+0000: 304877.463: Total time for which application threads were stopped: 0.0033682 seconds, Stopping threads took: 0.0026229 seconds
2016-08-16T06:04:23.487+0000: 304937.457: Total time for which application threads were stopped: 0.0044613 seconds, Stopping threads took: 0.0020866 seconds
2016-08-16T06:04:57.364+0000: 304971.334: [GC (Allocation Failure) 304971.334: [ParNew
Desired survivor size 8716288 bytes, new threshold 6 (max 6)
- age   1:    5153776 bytes,    5153776 total
- age   2:     164336 bytes,    5318112 total
- age   3:      21056 bytes,    5339168 total
- age   4:      18456 bytes,    5357624 total
- age   5:      19224 bytes,    5376848 total
- age   6:      19960 bytes,    5396808 total
: 141289K->5559K(153344K), 0.0196581 secs] 318690K->182979K(1031552K), 0.0199160 secs] [Times: user=0.03 sys=0.00, real=0.02 secs] 
2016-08-16T06:04:57.384+0000: 304971.354: Total time for which application threads were stopped: 0.0215229 seconds, Stopping threads took: 0.0002563 seconds
2016-08-16T06:05:23.490+0000: 304997.460: Total time for which application threads were stopped: 0.0040614 seconds, Stopping threads took: 0.0027098 seconds
2016-08-16T06:06:23.490+0000: 305057.460: Total time for which application threads were stopped: 0.0052489 seconds, Stopping threads took: 0.0037778 seconds
2016-08-16T06:07:23.489+0000: 305117.459: Total time for which application threads were stopped: 0.0047221 seconds, Stopping threads took: 0.0040563 seconds
2016-08-16T06:08:23.497+0000: 305177.467: Total time for which application threads were stopped: 0.0041876 seconds, Stopping threads took: 0.0034933 seconds
2016-08-16T06:08:46.519+0000: 305200.489: [GC (Allocation Failure) 305200.490: [ParNew
Desired survivor size 8716288 bytes, new threshold 6 (max 6)
- age   1:    5026360 bytes,    5026360 total
- age   2:     152392 bytes,    5178752 total
- age   3:     151264 bytes,    5330016 total
- age   4:      21016 bytes,    5351032 total
- age   5:      17472 bytes,    5368504 total
- age   6:      19152 bytes,    5387656 total
: 141879K->5515K(153344K), 0.0226695 secs] 319299K->182956K(1031552K), 0.0229067 secs] [Times: user=0.04 sys=0.00, real=0.03 secs] 
2016-08-16T06:08:46.542+0000: 305200.512: Total time for which application threads were stopped: 0.0244302 seconds, Stopping threads took: 0.0002062 seconds
2016-08-16T06:09:23.493+0000: 305237.463: Total time for which application threads were stopped: 0.0014451 seconds, Stopping threads took: 0.0002443 seconds
2016-08-16T06:10:23.490+0000: 305297.460: Total time for which application threads were stopped: 0.0015017 seconds, Stopping threads took: 0.0002818 seconds
2016-08-16T06:11:23.493+0000: 305357.464: Total time for which application threads were stopped: 0.0045181 seconds, Stopping threads took: 0.0035307 seconds
2016-08-16T06:12:23.495+0000: 305417.465: Total time for which application threads were stopped: 0.0008727 seconds, Stopping threads took: 0.0001645 seconds
2016-08-16T06:12:27.392+0000: 305421.363: [GC (Allocation Failure) 305421.363: [ParNew
Desired survivor size 8716288 bytes, new threshold 6 (max 6)
- age   1:    5032288 bytes,    5032288 total
- age   2:      33296 bytes,    5065584 total
- age   3:     142208 bytes,    5207792 total
- age   4:     147888 bytes,    5355680 total
- age   5:      21016 bytes,    5376696 total
- age   6:      17472 bytes,    5394168 total
: 141835K->5547K(153344K), 0.0211935 secs] 319276K->183008K(1031552K), 0.0213300 secs] [Times: user=0.03 sys=0.00, real=0.02 secs] 
2016-08-16T06:12:27.414+0000: 305421.384: Total time for which application threads were stopped: 0.0222194 seconds, Stopping threads took: 0.0000959 seconds
2016-08-16T06:13:23.494+0000: 305477.464: Total time for which application threads were stopped: 0.0018878 seconds, Stopping threads took: 0.0004176 seconds
2016-08-16T06:14:23.483+0000: 305537.454: Total time for which application threads were stopped: 0.0006448 seconds, Stopping threads took: 0.0001068 seconds
2016-08-16T06:15:23.486+0000: 305597.456: Total time for which application threads were stopped: 0.0007258 seconds, Stopping threads took: 0.0001245 seconds
2016-08-16T06:16:22.407+0000: 305656.377: [GC (Allocation Failure) 305656.377: [ParNew
Desired survivor size 8716288 bytes, new threshold 6 (max 6)
- age   1:    4973192 bytes,    4973192 total
- age   2:      35296 bytes,    5008488 total
- age   3:      24008 bytes,    5032496 total
- age   4:     137512 bytes,    5170008 total
- age   5:     147600 bytes,    5317608 total
- age   6:      20856 bytes,    5338464 total
: 141867K->5512K(153344K), 0.0193509 secs] 319328K->182990K(1031552K), 0.0195842 secs] [Times: user=0.03 sys=0.00, real=0.02 secs] 
2016-08-16T06:16:22.427+0000: 305656.397: Total time for which application threads were stopped: 0.0210957 seconds, Stopping threads took: 0.0001866 seconds
2016-08-16T06:16:23.495+0000: 305657.465: Total time for which application threads were stopped: 0.0012906 seconds, Stopping threads took: 0.0002071 seconds
2016-08-16T06:17:23.483+0000: 305717.453: Total time for which application threads were stopped: 0.0006948 seconds, Stopping threads took: 0.0001091 seconds
2016-08-16T06:18:23.491+0000: 305777.461: Total time for which application threads were stopped: 0.0018244 seconds, Stopping threads took: 0.0003755 seconds
2016-08-16T06:19:23.496+0000: 305837.466: Total time for which application threads were stopped: 0.0007236 seconds, Stopping threads took: 0.0001065 seconds
2016-08-16T06:20:06.518+0000: 305880.489: [GC (Allocation Failure) 305880.489: [ParNew
Desired survivor size 8716288 bytes, new threshold 6 (max 6)
- age   1:    5049568 bytes,    5049568 total
- age   2:      26848 bytes,    5076416 total
- age   3:      26504 bytes,    5102920 total
- age   4:      20160 bytes,    5123080 total
- age   5:     137384 bytes,    5260464 total
- age   6:     147384 bytes,    5407848 total
: 141832K->5580K(153344K), 0.0203428 secs] 319310K->183079K(1031552K), 0.0204797 secs] [Times: user=0.03 sys=0.00, real=0.02 secs] 
2016-08-16T06:20:06.539+0000: 305880.509: Total time for which application threads were stopped: 0.0210745 seconds, Stopping threads took: 0.0000785 seconds
2016-08-16T06:20:23.493+0000: 305897.463: Total time for which application threads were stopped: 0.0015987 seconds, Stopping threads took: 0.0002986 seconds
2016-08-16T06:21:23.485+0000: 305957.455: Total time for which application threads were stopped: 0.0012631 seconds, Stopping threads took: 0.0006948 seconds
2016-08-16T06:22:22.165+0000: 306016.136: Total time for which application threads were stopped: 0.0005545 seconds, Stopping threads took: 0.0000706 seconds
2016-08-16T06:22:22.166+0000: 306016.136: Total time for which application threads were stopped: 0.0003320 seconds, Stopping threads took: 0.0000391 seconds
2016-08-16T06:22:22.166+0000: 306016.136: Total time for which application threads were stopped: 0.0003218 seconds, Stopping threads took: 0.0000538 seconds
2016-08-16T06:22:22.168+0000: 306016.138: Total time for which application threads were stopped: 0.0016400 seconds, Stopping threads took: 0.0000379 seconds
2016-08-16T06:22:22.239+0000: 306016.209: Total time for which application threads were stopped: 0.0008616 seconds, Stopping threads took: 0.0000882 seconds
2016-08-16T06:22:23.484+0000: 306017.454: Total time for which application threads were stopped: 0.0008090 seconds, Stopping threads took: 0.0002079 seconds
2016-08-16T06:22:34.075+0000: 306028.046: [GC (Allocation Failure) 306028.046: [ParNew
Desired survivor size 8716288 bytes, new threshold 6 (max 6)
- age   1:    4021912 bytes,    4021912 total
- age   2:      37056 bytes,    4058968 total
- age   3:      19400 bytes,    4078368 total
- age   4:      20616 bytes,    4098984 total
- age   5:      19728 bytes,    4118712 total
- age   6:     136184 bytes,    4254896 total
: 141900K->4407K(153344K), 0.0232812 secs] 319399K->182052K(1031552K), 0.0234982 secs] [Times: user=0.04 sys=0.00, real=0.02 secs] 
2016-08-16T06:22:34.099+0000: 306028.069: Total time for which application threads were stopped: 0.0251046 seconds, Stopping threads took: 0.0001977 seconds
2016-08-16T06:22:34.101+0000: 306028.071: Total time for which application threads were stopped: 0.0005534 seconds, Stopping threads took: 0.0000885 seconds
2016-08-16T06:23:23.493+0000: 306077.463: Total time for which application threads were stopped: 0.0065287 seconds, Stopping threads took: 0.0019555 seconds
2016-08-16T06:24:23.493+0000: 306137.463: Total time for which application threads were stopped: 0.0009956 seconds, Stopping threads took: 0.0003689 seconds
2016-08-16T06:25:23.485+0000: 306197.455: Total time for which application threads were stopped: 0.0019448 seconds, Stopping threads took: 0.0013893 seconds
2016-08-16T06:26:10.044+0000: 306244.015: [GC (Allocation Failure) 306244.015: [ParNew
Desired survivor size 8716288 bytes, new threshold 6 (max 6)
- age   1:    5133512 bytes,    5133512 total
- age   2:      47168 bytes,    5180680 total
- age   3:      27136 bytes,    5207816 total
- age   4:      16200 bytes,    5224016 total
- age   5:      20504 bytes,    5244520 total
- age   6:      19568 bytes,    5264088 total
: 140727K->5397K(153344K), 0.0162855 secs] 318372K->183177K(1031552K), 0.0164090 secs] [Times: user=0.02 sys=0.00, real=0.02 secs] 
2016-08-16T06:26:10.061+0000: 306244.031: Total time for which application threads were stopped: 0.0171000 seconds, Stopping threads took: 0.0000909 seconds
2016-08-16T06:26:23.822+0000: 306257.792: Total time for which application threads were stopped: 0.0005811 seconds, Stopping threads took: 0.0000938 seconds
2016-08-16T06:27:23.493+0000: 306317.463: Total time for which application threads were stopped: 0.0019133 seconds, Stopping threads took: 0.0002861 seconds
2016-08-16T06:28:23.494+0000: 306377.464: Total time for which application threads were stopped: 0.0019462 seconds, Stopping threads took: 0.0004512 seconds
2016-08-16T06:29:23.493+0000: 306437.463: Total time for which application threads were stopped: 0.0018317 seconds, Stopping threads took: 0.0011065 seconds
2016-08-16T06:29:45.189+0000: 306459.159: [GC (Allocation Failure) 306459.159: [ParNew
Desired survivor size 8716288 bytes, new threshold 6 (max 6)
- age   1:    5226200 bytes,    5226200 total
- age   2:      32128 bytes,    5258328 total
- age   3:      40456 bytes,    5298784 total
- age   4:      21728 bytes,    5320512 total
- age   5:      15416 bytes,    5335928 total
- age   6:      20472 bytes,    5356400 total
: 141717K->5421K(153344K), 0.0182315 secs] 319497K->183221K(1031552K), 0.0187192 secs] [Times: user=0.02 sys=0.00, real=0.01 secs] 
2016-08-16T06:29:45.207+0000: 306459.178: Total time for which application threads were stopped: 0.0219999 seconds, Stopping threads took: 0.0027043 seconds
2016-08-16T06:30:23.497+0000: 306497.467: Total time for which application threads were stopped: 0.0042592 seconds, Stopping threads took: 0.0035360 seconds
2016-08-16T06:31:23.489+0000: 306557.459: Total time for which application threads were stopped: 0.0044548 seconds, Stopping threads took: 0.0039672 seconds
2016-08-16T06:32:23.485+0000: 306617.455: Total time for which application threads were stopped: 0.0006729 seconds, Stopping threads took: 0.0001137 seconds
2016-08-16T06:33:23.483+0000: 306677.453: Total time for which application threads were stopped: 0.0006282 seconds, Stopping threads took: 0.0000940 seconds
2016-08-16T06:33:30.703+0000: 306684.673: [GC (Allocation Failure) 306684.673: [ParNew
Desired survivor size 8716288 bytes, new threshold 6 (max 6)
- age   1:    5053592 bytes,    5053592 total
- age   2:      29016 bytes,    5082608 total
- age   3:      21840 bytes,    5104448 total
- age   4:      36552 bytes,    5141000 total
- age   5:      20712 bytes,    5161712 total
- age   6:      15328 bytes,    5177040 total
: 141741K->5442K(153344K), 0.0254422 secs] 319541K->183262K(1031552K), 0.0256587 secs] [Times: user=0.04 sys=0.00, real=0.03 secs] 
2016-08-16T06:33:30.729+0000: 306684.699: Total time for which application threads were stopped: 0.0273813 seconds, Stopping threads took: 0.0002270 seconds
2016-08-16T06:34:23.484+0000: 306737.455: Total time for which application threads were stopped: 0.0007421 seconds, Stopping threads took: 0.0001219 seconds
2016-08-16T06:35:23.493+0000: 306797.464: Total time for which application threads were stopped: 0.0015512 seconds, Stopping threads took: 0.0003424 seconds
2016-08-16T06:36:23.492+0000: 306857.462: Total time for which application threads were stopped: 0.0018298 seconds, Stopping threads took: 0.0003496 seconds
2016-08-16T06:37:17.495+0000: 306911.465: [GC (Allocation Failure) 306911.465: [ParNew
Desired survivor size 8716288 bytes, new threshold 6 (max 6)
- age   1:    5020336 bytes,    5020336 total
- age   2:      36592 bytes,    5056928 total
- age   3:      24144 bytes,    5081072 total
- age   4:      17080 bytes,    5098152 total
- age   5:      36352 bytes,    5134504 total
- age   6:      20680 bytes,    5155184 total
: 141762K->5175K(153344K), 0.0218564 secs] 319582K->183010K(1031552K), 0.0221028 secs] [Times: user=0.03 sys=0.00, real=0.02 secs] 
2016-08-16T06:37:17.517+0000: 306911.487: Total time for which application threads were stopped: 0.0236220 seconds, Stopping threads took: 0.0002057 seconds
2016-08-16T06:37:23.489+0000: 306917.459: Total time for which application threads were stopped: 0.0018185 seconds, Stopping threads took: 0.0013366 seconds
2016-08-16T06:38:23.486+0000: 306977.456: Total time for which application threads were stopped: 0.0007690 seconds, Stopping threads took: 0.0001484 seconds
2016-08-16T06:39:23.485+0000: 307037.455: Total time for which application threads were stopped: 0.0026614 seconds, Stopping threads took: 0.0021155 seconds
2016-08-16T06:40:23.490+0000: 307097.460: Total time for which application threads were stopped: 0.0047959 seconds, Stopping threads took: 0.0030289 seconds
2016-08-16T06:40:52.367+0000: 307126.337: [GC (Allocation Failure) 307126.337: [ParNew
Desired survivor size 8716288 bytes, new threshold 6 (max 6)
- age   1:    5063048 bytes,    5063048 total
- age   2:      27008 bytes,    5090056 total
- age   3:      25872 bytes,    5115928 total
- age   4:      20736 bytes,    5136664 total
- age   5:      16968 bytes,    5153632 total
- age   6:      36144 bytes,    5189776 total
: 141495K->5220K(153344K), 0.0254021 secs] 319330K->183076K(1031552K), 0.0256352 secs] [Times: user=0.04 sys=0.00, real=0.03 secs] 
2016-08-16T06:40:52.392+0000: 307126.363: Total time for which application threads were stopped: 0.0273714 seconds, Stopping threads took: 0.0002058 seconds
2016-08-16T06:41:23.493+0000: 307157.463: Total time for which application threads were stopped: 0.0014518 seconds, Stopping threads took: 0.0003859 seconds
2016-08-16T06:42:23.485+0000: 307217.455: Total time for which application threads were stopped: 0.0007970 seconds, Stopping threads took: 0.0001091 seconds
2016-08-16T06:43:23.491+0000: 307277.461: Total time for which application threads were stopped: 0.0039325 seconds, Stopping threads took: 0.0015515 seconds
2016-08-16T06:44:23.489+0000: 307337.459: Total time for which application threads were stopped: 0.0038601 seconds, Stopping threads took: 0.0033051 seconds
2016-08-16T06:44:28.517+0000: 307342.487: [GC (Allocation Failure) 307342.487: [ParNew
Desired survivor size 8716288 bytes, new threshold 6 (max 6)
- age   1:    5129320 bytes,    5129320 total
- age   2:      34336 bytes,    5163656 total
- age   3:      20328 bytes,    5183984 total
- age   4:      19680 bytes,    5203664 total
- age   5:      20488 bytes,    5224152 total
- age   6:      16936 bytes,    5241088 total
: 141540K->5314K(153344K), 0.0175992 secs] 319396K->183207K(1031552K), 0.0177773 secs] [Times: user=0.02 sys=0.00, real=0.02 secs] 
2016-08-16T06:44:28.535+0000: 307342.505: Total time for which application threads were stopped: 0.0187944 seconds, Stopping threads took: 0.0001282 seconds
2016-08-16T06:45:23.489+0000: 307397.459: Total time for which application threads were stopped: 0.0010664 seconds, Stopping threads took: 0.0001291 seconds
2016-08-16T06:46:23.485+0000: 307457.455: Total time for which application threads were stopped: 0.0021689 seconds, Stopping threads took: 0.0014559 seconds
2016-08-16T06:47:23.494+0000: 307517.464: Total time for which application threads were stopped: 0.0044813 seconds, Stopping threads took: 0.0029886 seconds
2016-08-16T06:48:10.519+0000: 307564.489: [GC (Allocation Failure) 307564.489: [ParNew
Desired survivor size 8716288 bytes, new threshold 6 (max 6)
- age   1:    5090216 bytes,    5090216 total
- age   2:      34400 bytes,    5124616 total
- age   3:      25256 bytes,    5149872 total
- age   4:      16664 bytes,    5166536 total
- age   5:      19680 bytes,    5186216 total
- age   6:      20328 bytes,    5206544 total
: 141634K->5274K(153344K), 0.0157981 secs] 319527K->183184K(1031552K), 0.0159258 secs] [Times: user=0.02 sys=0.00, real=0.02 secs] 
2016-08-16T06:48:10.535+0000: 307564.505: Total time for which application threads were stopped: 0.0166094 seconds, Stopping threads took: 0.0000809 seconds
2016-08-16T06:48:23.497+0000: 307577.467: Total time for which application threads were stopped: 0.0042267 seconds, Stopping threads took: 0.0036148 seconds
2016-08-16T06:49:23.483+0000: 307637.453: Total time for which application threads were stopped: 0.0006049 seconds, Stopping threads took: 0.0001057 seconds
2016-08-16T06:50:23.489+0000: 307697.459: Total time for which application threads were stopped: 0.0019548 seconds, Stopping threads took: 0.0003673 seconds
2016-08-16T06:51:23.487+0000: 307757.457: Total time for which application threads were stopped: 0.0017994 seconds, Stopping threads took: 0.0003237 seconds
2016-08-16T06:52:01.392+0000: 307795.363: [GC (Allocation Failure) 307795.363: [ParNew
Desired survivor size 8716288 bytes, new threshold 6 (max 6)
- age   1:    4939744 bytes,    4939744 total
- age   2:      27488 bytes,    4967232 total
- age   3:      25544 bytes,    4992776 total
- age   4:      20760 bytes,    5013536 total
- age   5:      16664 bytes,    5030200 total
- age   6:      19680 bytes,    5049880 total
: 141594K->5113K(153344K), 0.0206633 secs] 319504K->183044K(1031552K), 0.0210439 secs] [Times: user=0.03 sys=0.00, real=0.02 secs] 
2016-08-16T06:52:01.413+0000: 307795.384: Total time for which application threads were stopped: 0.0228092 seconds, Stopping threads took: 0.0001982 seconds
2016-08-16T06:52:23.492+0000: 307817.463: Total time for which application threads were stopped: 0.0016390 seconds, Stopping threads took: 0.0002410 seconds
2016-08-16T06:53:23.493+0000: 307877.464: Total time for which application threads were stopped: 0.0040944 seconds, Stopping threads took: 0.0031569 seconds
2016-08-16T06:54:23.483+0000: 307937.453: Total time for which application threads were stopped: 0.0006925 seconds, Stopping threads took: 0.0001250 seconds
2016-08-16T06:55:23.489+0000: 307997.459: Total time for which application threads were stopped: 0.0036393 seconds, Stopping threads took: 0.0028299 seconds
2016-08-16T06:56:01.182+0000: 308035.152: [GC (Allocation Failure) 308035.153: [ParNew
Desired survivor size 8716288 bytes, new threshold 6 (max 6)
- age   1:    5002056 bytes,    5002056 total
- age   2:      30440 bytes,    5032496 total
- age   3:      20536 bytes,    5053032 total
- age   4:      20952 bytes,    5073984 total
- age   5:      20688 bytes,    5094672 total
- age   6:      16520 bytes,    5111192 total
: 141433K->5166K(153344K), 0.0222359 secs] 319364K->183116K(1031552K), 0.0224753 secs] [Times: user=0.03 sys=0.00, real=0.02 secs] 
2016-08-16T06:56:01.205+0000: 308035.175: Total time for which application threads were stopped: 0.0240189 seconds, Stopping threads took: 0.0002005 seconds
2016-08-16T06:56:23.493+0000: 308057.464: Total time for which application threads were stopped: 0.0008073 seconds, Stopping threads took: 0.0001372 seconds
2016-08-16T06:57:23.493+0000: 308117.463: Total time for which application threads were stopped: 0.0014438 seconds, Stopping threads took: 0.0003664 seconds
2016-08-16T06:58:23.486+0000: 308177.456: Total time for which application threads were stopped: 0.0010398 seconds, Stopping threads took: 0.0002685 seconds
2016-08-16T06:59:23.493+0000: 308237.463: Total time for which application threads were stopped: 0.0015410 seconds, Stopping threads took: 0.0003255 seconds
2016-08-16T07:00:00.013+0000: 308273.983: [GC (Allocation Failure) 308273.983: [ParNew
Desired survivor size 8716288 bytes, new threshold 6 (max 6)
- age   1:    5012456 bytes,    5012456 total
- age   2:      33536 bytes,    5045992 total
- age   3:      23032 bytes,    5069024 total
- age   4:      15728 bytes,    5084752 total
- age   5:      20696 bytes,    5105448 total
- age   6:      20616 bytes,    5126064 total
: 141486K->5230K(153344K), 0.0201790 secs] 319436K->183197K(1031552K), 0.0203355 secs] [Times: user=0.03 sys=0.00, real=0.02 secs] 
2016-08-16T07:00:00.033+0000: 308274.004: Total time for which application threads were stopped: 0.0221947 seconds, Stopping threads took: 0.0010977 seconds
2016-08-16T07:00:00.082+0000: 308274.052: Total time for which application threads were stopped: 0.0008644 seconds, Stopping threads took: 0.0000740 seconds
2016-08-16T07:00:00.098+0000: 308274.068: Total time for which application threads were stopped: 0.0012996 seconds, Stopping threads took: 0.0002028 seconds
2016-08-16T07:00:00.101+0000: 308274.071: Total time for which application threads were stopped: 0.0031616 seconds, Stopping threads took: 0.0000998 seconds
2016-08-16T07:00:23.484+0000: 308297.454: Total time for which application threads were stopped: 0.0005888 seconds, Stopping threads took: 0.0001044 seconds
2016-08-16T07:01:23.491+0000: 308357.462: Total time for which application threads were stopped: 0.0018732 seconds, Stopping threads took: 0.0002962 seconds
2016-08-16T07:02:23.489+0000: 308417.459: Total time for which application threads were stopped: 0.0045479 seconds, Stopping threads took: 0.0039182 seconds
2016-08-16T07:02:37.612+0000: 308431.583: [GC (Allocation Failure) 308431.583: [ParNew
Desired survivor size 8716288 bytes, new threshold 6 (max 6)
- age   1:    4544352 bytes,    4544352 total
- age   2:      71232 bytes,    4615584 total
- age   3:      21112 bytes,    4636696 total
- age   4:      19872 bytes,    4656568 total
- age   5:      15584 bytes,    4672152 total
- age   6:      20336 bytes,    4692488 total
: 141550K->4849K(153344K), 0.0174389 secs] 319517K->182837K(1031552K), 0.0177896 secs] [Times: user=0.03 sys=0.00, real=0.02 secs] 
2016-08-16T07:02:37.630+0000: 308431.601: Total time for which application threads were stopped: 0.0194789 seconds, Stopping threads took: 0.0002776 seconds
2016-08-16T07:03:23.489+0000: 308477.459: Total time for which application threads were stopped: 0.0045573 seconds, Stopping threads took: 0.0040895 seconds
2016-08-16T07:04:23.494+0000: 308537.464: Total time for which application threads were stopped: 0.0039951 seconds, Stopping threads took: 0.0024742 seconds
2016-08-16T07:05:23.492+0000: 308597.463: Total time for which application threads were stopped: 0.0019308 seconds, Stopping threads took: 0.0003001 seconds
2016-08-16T07:06:23.493+0000: 308657.464: [GC (Allocation Failure) 308657.464: [ParNew
Desired survivor size 8716288 bytes, new threshold 6 (max 6)
- age   1:    5267984 bytes,    5267984 total
- age   2:     114296 bytes,    5382280 total
- age   3:      32152 bytes,    5414432 total
- age   4:      20584 bytes,    5435016 total
- age   5:      19728 bytes,    5454744 total
- age   6:      15440 bytes,    5470184 total
: 141169K->5540K(153344K), 0.0197518 secs] 319157K->183548K(1031552K), 0.0199858 secs] [Times: user=0.03 sys=0.00, real=0.02 secs] 
2016-08-16T07:06:23.513+0000: 308657.484: Total time for which application threads were stopped: 0.0216109 seconds, Stopping threads took: 0.0002041 seconds
2016-08-16T07:06:23.516+0000: 308657.486: Total time for which application threads were stopped: 0.0004874 seconds, Stopping threads took: 0.0000728 seconds
2016-08-16T07:07:23.493+0000: 308717.463: Total time for which application threads were stopped: 0.0012945 seconds, Stopping threads took: 0.0004556 seconds
2016-08-16T07:08:23.493+0000: 308777.463: Total time for which application threads were stopped: 0.0036600 seconds, Stopping threads took: 0.0029049 seconds
2016-08-16T07:09:23.494+0000: 308837.464: Total time for which application threads were stopped: 0.0024099 seconds, Stopping threads took: 0.0008554 seconds
2016-08-16T07:10:23.486+0000: 308897.456: [GC (Allocation Failure) 308897.456: [ParNew
Desired survivor size 8716288 bytes, new threshold 6 (max 6)
- age   1:    5212312 bytes,    5212312 total
- age   2:      44320 bytes,    5256632 total
- age   3:      99672 bytes,    5356304 total
- age   4:      31840 bytes,    5388144 total
- age   5:      20352 bytes,    5408496 total
- age   6:      19656 bytes,    5428152 total
: 141860K->5632K(153344K), 0.0208440 secs] 319868K->183655K(1031552K), 0.0210839 secs] [Times: user=0.03 sys=0.00, real=0.02 secs] 
2016-08-16T07:10:23.507+0000: 308897.477: Total time for which application threads were stopped: 0.0228183 seconds, Stopping threads took: 0.0002027 seconds
2016-08-16T07:10:23.514+0000: 308897.484: Total time for which application threads were stopped: 0.0006660 seconds, Stopping threads took: 0.0001242 seconds
2016-08-16T07:11:23.489+0000: 308957.459: Total time for which application threads were stopped: 0.0040495 seconds, Stopping threads took: 0.0033025 seconds
2016-08-16T07:12:23.491+0000: 309017.461: Total time for which application threads were stopped: 0.0018819 seconds, Stopping threads took: 0.0002856 seconds
2016-08-16T07:13:23.490+0000: 309077.460: Total time for which application threads were stopped: 0.0060997 seconds, Stopping threads took: 0.0045805 seconds
2016-08-16T07:14:14.122+0000: 309128.092: [GC (Allocation Failure) 309128.092: [ParNew
Desired survivor size 8716288 bytes, new threshold 6 (max 6)
- age   1:    5145880 bytes,    5145880 total
- age   2:     158528 bytes,    5304408 total
- age   3:      22920 bytes,    5327328 total
- age   4:      93632 bytes,    5420960 total
- age   5:      31768 bytes,    5452728 total
- age   6:      20152 bytes,    5472880 total
: 141952K->5679K(153344K), 0.0158230 secs] 319975K->183722K(1031552K), 0.0159454 secs] [Times: user=0.02 sys=0.00, real=0.01 secs] 
2016-08-16T07:14:14.138+0000: 309128.108: Total time for which application threads were stopped: 0.0165723 seconds, Stopping threads took: 0.0000763 seconds
2016-08-16T07:14:23.493+0000: 309137.463: Total time for which application threads were stopped: 0.0013912 seconds, Stopping threads took: 0.0002553 seconds
2016-08-16T07:15:23.493+0000: 309197.463: Total time for which application threads were stopped: 0.0020319 seconds, Stopping threads took: 0.0003950 seconds
2016-08-16T07:16:23.490+0000: 309257.460: Total time for which application threads were stopped: 0.0049147 seconds, Stopping threads took: 0.0033639 seconds
2016-08-16T07:17:23.493+0000: 309317.463: Total time for which application threads were stopped: 0.0035768 seconds, Stopping threads took: 0.0028841 seconds
2016-08-16T07:17:57.519+0000: 309351.489: [GC (Allocation Failure) 309351.489: [ParNew
Desired survivor size 8716288 bytes, new threshold 6 (max 6)
- age   1:    5169992 bytes,    5169992 total
- age   2:      31264 bytes,    5201256 total
- age   3:     139424 bytes,    5340680 total
- age   4:      19512 bytes,    5360192 total
- age   5:      93304 bytes,    5453496 total
- age   6:      31560 bytes,    5485056 total
: 141999K->5642K(153344K), 0.0204135 secs] 320042K->183706K(1031552K), 0.0205981 secs] [Times: user=0.03 sys=0.00, real=0.02 secs] 
2016-08-16T07:17:57.540+0000: 309351.510: Total time for which application threads were stopped: 0.0217281 seconds, Stopping threads took: 0.0001537 seconds
2016-08-16T07:18:23.499+0000: 309377.469: Total time for which application threads were stopped: 0.0066740 seconds, Stopping threads took: 0.0003846 seconds
2016-08-16T07:19:23.484+0000: 309437.454: Total time for which application threads were stopped: 0.0007312 seconds, Stopping threads took: 0.0001635 seconds
2016-08-16T07:20:23.637+0000: 309497.607: Total time for which application threads were stopped: 0.0008748 seconds, Stopping threads took: 0.0002012 seconds
2016-08-16T07:21:23.488+0000: 309557.458: Total time for which application threads were stopped: 0.0010550 seconds, Stopping threads took: 0.0001795 seconds
2016-08-16T07:21:57.711+0000: 309591.681: [GC (Allocation Failure) 309591.681: [ParNew
Desired survivor size 8716288 bytes, new threshold 6 (max 6)
- age   1:    4964624 bytes,    4964624 total
- age   2:      35328 bytes,    4999952 total
- age   3:      22848 bytes,    5022800 total
- age   4:     135296 bytes,    5158096 total
- age   5:      19512 bytes,    5177608 total
- age   6:      93168 bytes,    5270776 total
: 141962K->5448K(153344K), 0.0204826 secs] 320026K->183545K(1031552K), 0.0206610 secs] [Times: user=0.03 sys=0.00, real=0.02 secs] 
2016-08-16T07:21:57.732+0000: 309591.702: Total time for which application threads were stopped: 0.0219544 seconds, Stopping threads took: 0.0002032 seconds
2016-08-16T07:22:22.165+0000: 309616.135: Total time for which application threads were stopped: 0.0009207 seconds, Stopping threads took: 0.0000874 seconds
2016-08-16T07:22:22.167+0000: 309616.137: Total time for which application threads were stopped: 0.0007920 seconds, Stopping threads took: 0.0000901 seconds
2016-08-16T07:22:22.167+0000: 309616.138: Total time for which application threads were stopped: 0.0007307 seconds, Stopping threads took: 0.0000647 seconds
2016-08-16T07:22:22.230+0000: 309616.200: Total time for which application threads were stopped: 0.0012335 seconds, Stopping threads took: 0.0002301 seconds
2016-08-16T07:22:23.492+0000: 309617.462: Total time for which application threads were stopped: 0.0015264 seconds, Stopping threads took: 0.0002487 seconds
2016-08-16T07:23:23.490+0000: 309677.460: Total time for which application threads were stopped: 0.0012511 seconds, Stopping threads took: 0.0002274 seconds
2016-08-16T07:24:23.487+0000: 309737.458: Total time for which application threads were stopped: 0.0007736 seconds, Stopping threads took: 0.0001523 seconds
2016-08-16T07:24:57.456+0000: 309771.426: [GC (Allocation Failure) 309771.426: [ParNew
Desired survivor size 8716288 bytes, new threshold 6 (max 6)
- age   1:    3675072 bytes,    3675072 total
- age   2:      34280 bytes,    3709352 total
- age   3:      24688 bytes,    3734040 total
- age   4:      17520 bytes,    3751560 total
- age   5:     134864 bytes,    3886424 total
- age   6:      19368 bytes,    3905792 total
: 141768K->4194K(153344K), 0.0197183 secs] 319865K->182383K(1031552K), 0.0199576 secs] [Times: user=0.04 sys=0.00, real=0.02 secs] 
2016-08-16T07:24:57.476+0000: 309771.446: Total time for which application threads were stopped: 0.0216642 seconds, Stopping threads took: 0.0002424 seconds
2016-08-16T07:24:57.478+0000: 309771.448: Total time for which application threads were stopped: 0.0004348 seconds, Stopping threads took: 0.0000496 seconds
2016-08-16T07:25:23.493+0000: 309797.463: Total time for which application threads were stopped: 0.0017910 seconds, Stopping threads took: 0.0003504 seconds
2016-08-16T07:26:23.489+0000: 309857.459: Total time for which application threads were stopped: 0.0045223 seconds, Stopping threads took: 0.0039635 seconds
2016-08-16T07:27:23.491+0000: 309917.462: Total time for which application threads were stopped: 0.0009366 seconds, Stopping threads took: 0.0001525 seconds
2016-08-16T07:28:23.493+0000: 309977.463: Total time for which application threads were stopped: 0.0034878 seconds, Stopping threads took: 0.0027609 seconds
2016-08-16T07:29:12.522+0000: 310026.492: [GC (Allocation Failure) 310026.492: [ParNew
Desired survivor size 8716288 bytes, new threshold 6 (max 6)
- age   1:    4922040 bytes,    4922040 total
- age   2:      43176 bytes,    4965216 total
- age   3:      25232 bytes,    4990448 total
- age   4:      20984 bytes,    5011432 total
- age   5:      17448 bytes,    5028880 total
- age   6:     134800 bytes,    5163680 total
: 140514K->5176K(153344K), 0.0190670 secs] 318703K->183384K(1031552K), 0.0193070 secs] [Times: user=0.02 sys=0.00, real=0.02 secs] 
2016-08-16T07:29:12.541+0000: 310026.511: Total time for which application threads were stopped: 0.0209395 seconds, Stopping threads took: 0.0002569 seconds
2016-08-16T07:29:23.493+0000: 310037.464: Total time for which application threads were stopped: 0.0009128 seconds, Stopping threads took: 0.0002598 seconds
2016-08-16T07:30:23.489+0000: 310097.459: Total time for which application threads were stopped: 0.0017875 seconds, Stopping threads took: 0.0010829 seconds
2016-08-16T07:31:23.489+0000: 310157.459: Total time for which application threads were stopped: 0.0011390 seconds, Stopping threads took: 0.0001668 seconds
2016-08-16T07:32:23.489+0000: 310217.459: Total time for which application threads were stopped: 0.0023802 seconds, Stopping threads took: 0.0017818 seconds
2016-08-16T07:33:07.771+0000: 310261.742: [GC (Allocation Failure) 310261.742: [ParNew
Desired survivor size 8716288 bytes, new threshold 6 (max 6)
- age   1:    5099624 bytes,    5099624 total
- age   2:      35656 bytes,    5135280 total
- age   3:      37744 bytes,    5173024 total
- age   4:      20096 bytes,    5193120 total
- age   5:      20984 bytes,    5214104 total
- age   6:      17304 bytes,    5231408 total
: 141496K->5166K(153344K), 0.0260606 secs] 319704K->183507K(1031552K), 0.0263849 secs] [Times: user=0.04 sys=0.00, real=0.02 secs] 
2016-08-16T07:33:07.798+0000: 310261.768: Total time for which application threads were stopped: 0.0279021 seconds, Stopping threads took: 0.0001856 seconds
2016-08-16T07:33:23.495+0000: 310277.466: Total time for which application threads were stopped: 0.0012358 seconds, Stopping threads took: 0.0001957 seconds
2016-08-16T07:34:23.493+0000: 310337.463: Total time for which application threads were stopped: 0.0026206 seconds, Stopping threads took: 0.0019215 seconds
2016-08-16T07:35:23.493+0000: 310397.463: Total time for which application threads were stopped: 0.0021375 seconds, Stopping threads took: 0.0013970 seconds
2016-08-16T07:36:23.485+0000: 310457.455: Total time for which application threads were stopped: 0.0013075 seconds, Stopping threads took: 0.0008196 seconds
2016-08-16T07:36:58.519+0000: 310492.489: [GC (Allocation Failure) 310492.489: [ParNew
Desired survivor size 8716288 bytes, new threshold 6 (max 6)
- age   1:    5096240 bytes,    5096240 total
- age   2:      33264 bytes,    5129504 total
- age   3:      25008 bytes,    5154512 total
- age   4:      34320 bytes,    5188832 total
- age   5:      19848 bytes,    5208680 total
- age   6:      20848 bytes,    5229528 total
: 141486K->5312K(153344K), 0.0248709 secs] 319827K->183670K(1031552K), 0.0250183 secs] [Times: user=0.04 sys=0.00, real=0.03 secs] 
2016-08-16T07:36:58.544+0000: 310492.514: Total time for which application threads were stopped: 0.0258404 seconds, Stopping threads took: 0.0001104 seconds
2016-08-16T07:37:23.487+0000: 310517.458: Total time for which application threads were stopped: 0.0030146 seconds, Stopping threads took: 0.0001927 seconds
2016-08-16T07:38:23.493+0000: 310577.463: Total time for which application threads were stopped: 0.0023681 seconds, Stopping threads took: 0.0016155 seconds
2016-08-16T07:39:23.498+0000: 310637.468: Total time for which application threads were stopped: 0.0019778 seconds, Stopping threads took: 0.0003529 seconds
2016-08-16T07:40:23.493+0000: 310697.463: Total time for which application threads were stopped: 0.0019485 seconds, Stopping threads took: 0.0003506 seconds
2016-08-16T07:40:42.813+0000: 310716.784: [GC (Allocation Failure) 310716.784: [ParNew
Desired survivor size 8716288 bytes, new threshold 6 (max 6)
- age   1:    5132480 bytes,    5132480 total
- age   2:      36128 bytes,    5168608 total
- age   3:      24856 bytes,    5193464 total
- age   4:      20744 bytes,    5214208 total
- age   5:      34072 bytes,    5248280 total
- age   6:      19848 bytes,    5268128 total
: 141632K->5342K(153344K), 0.0250730 secs] 319990K->183722K(1031552K), 0.0252906 secs] [Times: user=0.04 sys=0.00, real=0.02 secs] 
2016-08-16T07:40:42.839+0000: 310716.809: Total time for which application threads were stopped: 0.0269413 seconds, Stopping threads took: 0.0001912 seconds
2016-08-16T07:41:23.497+0000: 310757.467: Total time for which application threads were stopped: 0.0041354 seconds, Stopping threads took: 0.0034662 seconds
2016-08-16T07:42:23.483+0000: 310817.453: Total time for which application threads were stopped: 0.0007221 seconds, Stopping threads took: 0.0001369 seconds
2016-08-16T07:43:23.490+0000: 310877.460: Total time for which application threads were stopped: 0.0015103 seconds, Stopping threads took: 0.0002833 seconds
2016-08-16T07:44:22.833+0000: 310936.803: [GC (Allocation Failure) 310936.803: [ParNew
Desired survivor size 8716288 bytes, new threshold 6 (max 6)
- age   1:    5107808 bytes,    5107808 total
- age   2:      31568 bytes,    5139376 total
- age   3:      25632 bytes,    5165008 total
- age   4:      20216 bytes,    5185224 total
- age   5:      20648 bytes,    5205872 total
- age   6:      33496 bytes,    5239368 total
: 141662K->5505K(153344K), 0.0198923 secs] 320042K->183905K(1031552K), 0.0200953 secs] [Times: user=0.03 sys=0.00, real=0.02 secs] 
2016-08-16T07:44:22.853+0000: 310936.823: Total time for which application threads were stopped: 0.0218511 seconds, Stopping threads took: 0.0001967 seconds
2016-08-16T07:44:23.497+0000: 310937.467: Total time for which application threads were stopped: 0.0037897 seconds, Stopping threads took: 0.0031144 seconds
2016-08-16T07:44:52.835+0000: 310966.805: Total time for which application threads were stopped: 0.0015063 seconds, Stopping threads took: 0.0001968 seconds
2016-08-16T07:44:52.836+0000: 310966.806: Total time for which application threads were stopped: 0.0010041 seconds, Stopping threads took: 0.0001439 seconds
2016-08-16T07:45:23.493+0000: 310997.463: Total time for which application threads were stopped: 0.0017404 seconds, Stopping threads took: 0.0002973 seconds
2016-08-16T07:46:23.493+0000: 311057.463: Total time for which application threads were stopped: 0.0041538 seconds, Stopping threads took: 0.0034359 seconds
2016-08-16T07:47:23.483+0000: 311117.453: Total time for which application threads were stopped: 0.0007886 seconds, Stopping threads took: 0.0001417 seconds
2016-08-16T07:48:02.851+0000: 311156.822: [GC (Allocation Failure) 311156.822: [ParNew
Desired survivor size 8716288 bytes, new threshold 6 (max 6)
- age   1:    5151480 bytes,    5151480 total
- age   2:      31080 bytes,    5182560 total
- age   3:      24368 bytes,    5206928 total
- age   4:      20888 bytes,    5227816 total
- age   5:      20216 bytes,    5248032 total
- age   6:      20560 bytes,    5268592 total
: 141825K->5252K(153344K), 0.0251458 secs] 320225K->183685K(1031552K), 0.0253823 secs] [Times: user=0.04 sys=0.00, real=0.02 secs] 
2016-08-16T07:48:02.877+0000: 311156.847: Total time for which application threads were stopped: 0.0269512 seconds, Stopping threads took: 0.0001798 seconds
2016-08-16T07:48:23.489+0000: 311177.459: Total time for which application threads were stopped: 0.0023884 seconds, Stopping threads took: 0.0017159 seconds
2016-08-16T07:49:23.489+0000: 311237.459: Total time for which application threads were stopped: 0.0031684 seconds, Stopping threads took: 0.0023862 seconds
2016-08-16T07:50:23.492+0000: 311297.462: Total time for which application threads were stopped: 0.0018823 seconds, Stopping threads took: 0.0003044 seconds
2016-08-16T07:51:23.492+0000: 311357.462: Total time for which application threads were stopped: 0.0019237 seconds, Stopping threads took: 0.0002945 seconds
2016-08-16T07:51:38.518+0000: 311372.488: [GC (Allocation Failure) 311372.489: [ParNew
Desired survivor size 8716288 bytes, new threshold 6 (max 6)
- age   1:    5120840 bytes,    5120840 total
- age   2:      34872 bytes,    5155712 total
- age   3:      21904 bytes,    5177616 total
- age   4:      20208 bytes,    5197824 total
- age   5:      20856 bytes,    5218680 total
- age   6:      20216 bytes,    5238896 total
: 141572K->5261K(153344K), 0.0165418 secs] 320005K->183715K(1031552K), 0.0166707 secs] [Times: user=0.03 sys=0.00, real=0.02 secs] 
2016-08-16T07:51:38.535+0000: 311372.505: Total time for which application threads were stopped: 0.0173949 seconds, Stopping threads took: 0.0000789 seconds
2016-08-16T07:52:23.493+0000: 311417.463: Total time for which application threads were stopped: 0.0016396 seconds, Stopping threads took: 0.0008904 seconds
2016-08-16T07:53:23.485+0000: 311477.455: Total time for which application threads were stopped: 0.0006825 seconds, Stopping threads took: 0.0001468 seconds
2016-08-16T07:54:23.485+0000: 311537.456: Total time for which application threads were stopped: 0.0006449 seconds, Stopping threads took: 0.0001169 seconds
2016-08-16T07:55:22.886+0000: 311596.857: [GC (Allocation Failure) 311596.857: [ParNew
Desired survivor size 8716288 bytes, new threshold 6 (max 6)
- age   1:    4989880 bytes,    4989880 total
- age   2:      30864 bytes,    5020744 total
- age   3:      26632 bytes,    5047376 total
- age   4:      16880 bytes,    5064256 total
- age   5:      20136 bytes,    5084392 total
- age   6:      20856 bytes,    5105248 total
: 141581K->5182K(153344K), 0.0196615 secs] 320035K->183657K(1031552K), 0.0198842 secs] [Times: user=0.04 sys=0.00, real=0.02 secs] 
2016-08-16T07:55:22.906+0000: 311596.877: Total time for which application threads were stopped: 0.0214602 seconds, Stopping threads took: 0.0002220 seconds
2016-08-16T07:55:23.493+0000: 311597.463: Total time for which application threads were stopped: 0.0041142 seconds, Stopping threads took: 0.0035362 seconds
2016-08-16T07:56:23.485+0000: 311657.455: Total time for which application threads were stopped: 0.0006726 seconds, Stopping threads took: 0.0001224 seconds
2016-08-16T07:57:23.486+0000: 311717.457: Total time for which application threads were stopped: 0.0030586 seconds, Stopping threads took: 0.0008457 seconds
2016-08-16T07:58:23.485+0000: 311777.456: Total time for which application threads were stopped: 0.0006815 seconds, Stopping threads took: 0.0001418 seconds
2016-08-16T07:59:07.901+0000: 311821.871: [GC (Allocation Failure) 311821.871: [ParNew
Desired survivor size 8716288 bytes, new threshold 6 (max 6)
- age   1:    4993200 bytes,    4993200 total
- age   2:      27352 bytes,    5020552 total
- age   3:      24864 bytes,    5045416 total
- age   4:      22296 bytes,    5067712 total
- age   5:      16880 bytes,    5084592 total
- age   6:      19960 bytes,    5104552 total
: 141502K->5167K(153344K), 0.0158589 secs] 319977K->183663K(1031552K), 0.0159893 secs] [Times: user=0.02 sys=0.00, real=0.01 secs] 
2016-08-16T07:59:07.917+0000: 311821.887: Total time for which application threads were stopped: 0.0167868 seconds, Stopping threads took: 0.0001434 seconds
2016-08-16T07:59:23.486+0000: 311837.456: Total time for which application threads were stopped: 0.0007003 seconds, Stopping threads took: 0.0001230 seconds
2016-08-16T08:00:00.035+0000: 311874.006: Total time for which application threads were stopped: 0.0006439 seconds, Stopping threads took: 0.0000922 seconds
2016-08-16T08:00:00.036+0000: 311874.006: Total time for which application threads were stopped: 0.0003401 seconds, Stopping threads took: 0.0000568 seconds
2016-08-16T08:00:00.037+0000: 311874.008: Total time for which application threads were stopped: 0.0004690 seconds, Stopping threads took: 0.0000504 seconds
2016-08-16T08:00:00.038+0000: 311874.008: Total time for which application threads were stopped: 0.0004499 seconds, Stopping threads took: 0.0000918 seconds
2016-08-16T08:00:00.039+0000: 311874.009: Total time for which application threads were stopped: 0.0004298 seconds, Stopping threads took: 0.0000201 seconds
2016-08-16T08:00:00.046+0000: 311874.017: Total time for which application threads were stopped: 0.0007583 seconds, Stopping threads took: 0.0000660 seconds
2016-08-16T08:00:00.051+0000: 311874.021: Total time for which application threads were stopped: 0.0006671 seconds, Stopping threads took: 0.0001024 seconds
2016-08-16T08:00:00.057+0000: 311874.027: Total time for which application threads were stopped: 0.0049787 seconds, Stopping threads took: 0.0043776 seconds
2016-08-16T08:00:00.058+0000: 311874.028: Total time for which application threads were stopped: 0.0004119 seconds, Stopping threads took: 0.0000568 seconds
2016-08-16T08:00:00.059+0000: 311874.029: Total time for which application threads were stopped: 0.0003635 seconds, Stopping threads took: 0.0000418 seconds
2016-08-16T08:00:23.485+0000: 311897.455: Total time for which application threads were stopped: 0.0006453 seconds, Stopping threads took: 0.0001022 seconds
2016-08-16T08:01:23.486+0000: 311957.456: Total time for which application threads were stopped: 0.0006487 seconds, Stopping threads took: 0.0001022 seconds
2016-08-16T08:01:44.754+0000: 311978.724: [GC (Allocation Failure) 311978.724: [ParNew
Desired survivor size 8716288 bytes, new threshold 6 (max 6)
- age   1:    4569288 bytes,    4569288 total
- age   2:      32384 bytes,    4601672 total
- age   3:      19648 bytes,    4621320 total
- age   4:      19960 bytes,    4641280 total
- age   5:      21896 bytes,    4663176 total
- age   6:      16584 bytes,    4679760 total
: 141487K->4696K(153344K), 0.0163954 secs] 319983K->183211K(1031552K), 0.0165310 secs] [Times: user=0.02 sys=0.00, real=0.02 secs] 
2016-08-16T08:01:44.770+0000: 311978.741: Total time for which application threads were stopped: 0.0171464 seconds, Stopping threads took: 0.0000805 seconds
2016-08-16T08:02:23.485+0000: 312017.455: Total time for which application threads were stopped: 0.0025060 seconds, Stopping threads took: 0.0020000 seconds
2016-08-16T08:03:23.485+0000: 312077.455: Total time for which application threads were stopped: 0.0030404 seconds, Stopping threads took: 0.0024944 seconds
2016-08-16T08:04:23.497+0000: 312137.467: Total time for which application threads were stopped: 0.0025205 seconds, Stopping threads took: 0.0020340 seconds
2016-08-16T08:05:23.492+0000: 312197.462: Total time for which application threads were stopped: 0.0045717 seconds, Stopping threads took: 0.0040279 seconds
2016-08-16T08:05:37.929+0000: 312211.899: [GC (Allocation Failure) 312211.899: [ParNew
Desired survivor size 8716288 bytes, new threshold 6 (max 6)
- age   1:    4884544 bytes,    4884544 total
- age   2:     114584 bytes,    4999128 total
- age   3:      20800 bytes,    5019928 total
- age   4:      15656 bytes,    5035584 total
- age   5:      19888 bytes,    5055472 total
- age   6:      21760 bytes,    5077232 total
: 141016K->5113K(153344K), 0.0167913 secs] 319531K->183645K(1031552K), 0.0169077 secs] [Times: user=0.02 sys=0.00, real=0.01 secs] 
2016-08-16T08:05:37.946+0000: 312211.916: Total time for which application threads were stopped: 0.0175820 seconds, Stopping threads took: 0.0000770 seconds
2016-08-16T08:06:23.489+0000: 312257.459: Total time for which application threads were stopped: 0.0074158 seconds, Stopping threads took: 0.0026439 seconds
2016-08-16T08:07:23.489+0000: 312317.459: Total time for which application threads were stopped: 0.0006773 seconds, Stopping threads took: 0.0001395 seconds
2016-08-16T08:08:23.493+0000: 312377.464: Total time for which application threads were stopped: 0.0019896 seconds, Stopping threads took: 0.0002938 seconds
2016-08-16T08:09:23.489+0000: 312437.459: Total time for which application threads were stopped: 0.0013353 seconds, Stopping threads took: 0.0001849 seconds
2016-08-16T08:09:27.519+0000: 312441.489: [GC (Allocation Failure) 312441.489: [ParNew
Desired survivor size 8716288 bytes, new threshold 6 (max 6)
- age   1:    5196208 bytes,    5196208 total
- age   2:      35392 bytes,    5231600 total
- age   3:     103944 bytes,    5335544 total
- age   4:      20680 bytes,    5356224 total
- age   5:      15520 bytes,    5371744 total
- age   6:      19720 bytes,    5391464 total
: 141433K->5581K(153344K), 0.0217495 secs] 319965K->184136K(1031552K), 0.0219744 secs] [Times: user=0.03 sys=0.00, real=0.03 secs] 
2016-08-16T08:09:27.541+0000: 312441.511: Total time for which application threads were stopped: 0.0234990 seconds, Stopping threads took: 0.0002015 seconds
2016-08-16T08:10:23.489+0000: 312497.459: Total time for which application threads were stopped: 0.0028370 seconds, Stopping threads took: 0.0020304 seconds
2016-08-16T08:11:23.492+0000: 312557.462: Total time for which application threads were stopped: 0.0016464 seconds, Stopping threads took: 0.0001981 seconds
2016-08-16T08:12:23.493+0000: 312617.463: Total time for which application threads were stopped: 0.0018487 seconds, Stopping threads took: 0.0002402 seconds
2016-08-16T08:13:04.564+0000: 312658.535: [GC (Allocation Failure) 312658.535: [ParNew
Desired survivor size 8716288 bytes, new threshold 6 (max 6)
- age   1:    5316544 bytes,    5316544 total
- age   2:     147776 bytes,    5464320 total
- age   3:      24720 bytes,    5489040 total
- age   4:     100560 bytes,    5589600 total
- age   5:      20416 bytes,    5610016 total
- age   6:      15456 bytes,    5625472 total
: 141901K->5792K(153344K), 0.0187289 secs] 320456K->184367K(1031552K), 0.0190431 secs] [Times: user=0.03 sys=0.00, real=0.02 secs] 
2016-08-16T08:13:04.584+0000: 312658.554: Total time for which application threads were stopped: 0.0206464 seconds, Stopping threads took: 0.0002022 seconds
2016-08-16T08:13:23.490+0000: 312677.460: Total time for which application threads were stopped: 0.0010529 seconds, Stopping threads took: 0.0001605 seconds
2016-08-16T08:14:23.485+0000: 312737.455: Total time for which application threads were stopped: 0.0009441 seconds, Stopping threads took: 0.0001528 seconds
2016-08-16T08:15:23.486+0000: 312797.457: Total time for which application threads were stopped: 0.0007132 seconds, Stopping threads took: 0.0001144 seconds
2016-08-16T08:16:23.492+0000: 312857.462: Total time for which application threads were stopped: 0.0018580 seconds, Stopping threads took: 0.0003581 seconds
2016-08-16T08:16:49.758+0000: 312883.729: [GC (Allocation Failure) 312883.729: [ParNew
Desired survivor size 8716288 bytes, new threshold 6 (max 6)
- age   1:    5112808 bytes,    5112808 total
- age   2:      33984 bytes,    5146792 total
- age   3:     142904 bytes,    5289696 total
- age   4:      20144 bytes,    5309840 total
- age   5:     100488 bytes,    5410328 total
- age   6:      20352 bytes,    5430680 total
: 142112K->5795K(153344K), 0.0175235 secs] 320687K->184386K(1031552K), 0.0176443 secs] [Times: user=0.02 sys=0.00, real=0.02 secs] 
2016-08-16T08:16:49.776+0000: 312883.746: Total time for which application threads were stopped: 0.0183121 seconds, Stopping threads took: 0.0000906 seconds
2016-08-16T08:17:23.487+0000: 312917.457: Total time for which application threads were stopped: 0.0007995 seconds, Stopping threads took: 0.0001573 seconds
2016-08-16T08:18:23.491+0000: 312977.461: Total time for which application threads were stopped: 0.0014988 seconds, Stopping threads took: 0.0002790 seconds
2016-08-16T08:19:23.494+0000: 313037.464: Total time for which application threads were stopped: 0.0019728 seconds, Stopping threads took: 0.0003551 seconds
2016-08-16T08:20:23.491+0000: 313097.461: Total time for which application threads were stopped: 0.0014945 seconds, Stopping threads took: 0.0002409 seconds
2016-08-16T08:20:33.023+0000: 313106.994: [GC (Allocation Failure) 313106.994: [ParNew
Desired survivor size 8716288 bytes, new threshold 6 (max 6)
- age   1:    5107072 bytes,    5107072 total
- age   2:      30984 bytes,    5138056 total
- age   3:      23272 bytes,    5161328 total
- age   4:     139024 bytes,    5300352 total
- age   5:      20072 bytes,    5320424 total
- age   6:     100424 bytes,    5420848 total
: 142115K->5507K(153344K), 0.0222671 secs] 320706K->184118K(1031552K), 0.0224880 secs] [Times: user=0.03 sys=0.00, real=0.02 secs] 
2016-08-16T08:20:33.046+0000: 313107.016: Total time for which application threads were stopped: 0.0240166 seconds, Stopping threads took: 0.0001833 seconds
2016-08-16T08:21:23.497+0000: 313157.467: Total time for which application threads were stopped: 0.0046485 seconds, Stopping threads took: 0.0041458 seconds
2016-08-16T08:22:22.189+0000: 313216.159: Total time for which application threads were stopped: 0.0005873 seconds, Stopping threads took: 0.0000712 seconds
2016-08-16T08:22:22.189+0000: 313216.159: Total time for which application threads were stopped: 0.0003322 seconds, Stopping threads took: 0.0000401 seconds
2016-08-16T08:22:22.190+0000: 313216.160: Total time for which application threads were stopped: 0.0003279 seconds, Stopping threads took: 0.0000570 seconds
2016-08-16T08:22:22.190+0000: 313216.160: Total time for which application threads were stopped: 0.0003193 seconds, Stopping threads took: 0.0000991 seconds
2016-08-16T08:22:22.282+0000: 313216.252: Total time for which application threads were stopped: 0.0031438 seconds, Stopping threads took: 0.0013812 seconds
2016-08-16T08:22:23.493+0000: 313217.464: Total time for which application threads were stopped: 0.0010550 seconds, Stopping threads took: 0.0002777 seconds
2016-08-16T08:23:18.036+0000: 313272.006: [GC (Allocation Failure) 313272.007: [ParNew
Desired survivor size 8716288 bytes, new threshold 6 (max 6)
- age   1:    3713088 bytes,    3713088 total
- age   2:      35512 bytes,    3748600 total
- age   3:      22616 bytes,    3771216 total
- age   4:      16648 bytes,    3787864 total
- age   5:     138664 bytes,    3926528 total
- age   6:      19704 bytes,    3946232 total
: 141827K->4180K(153344K), 0.0188147 secs] 320438K->182890K(1031552K), 0.0189998 secs] [Times: user=0.03 sys=0.00, real=0.02 secs] 
2016-08-16T08:23:18.055+0000: 313272.026: Total time for which application threads were stopped: 0.0201165 seconds, Stopping threads took: 0.0001658 seconds
2016-08-16T08:23:18.057+0000: 313272.027: Total time for which application threads were stopped: 0.0005566 seconds, Stopping threads took: 0.0000530 seconds
2016-08-16T08:23:23.497+0000: 313277.467: Total time for which application threads were stopped: 0.0035029 seconds, Stopping threads took: 0.0028723 seconds
2016-08-16T08:24:23.485+0000: 313337.455: Total time for which application threads were stopped: 0.0006714 seconds, Stopping threads took: 0.0001342 seconds
2016-08-16T08:25:23.496+0000: 313397.466: Total time for which application threads were stopped: 0.0045261 seconds, Stopping threads took: 0.0002975 seconds
2016-08-16T08:26:23.492+0000: 313457.462: Total time for which application threads were stopped: 0.0018622 seconds, Stopping threads took: 0.0002908 seconds
2016-08-16T08:26:59.519+0000: 313493.489: [GC (Allocation Failure) 313493.489: [ParNew
Desired survivor size 8716288 bytes, new threshold 6 (max 6)
- age   1:    5091408 bytes,    5091408 total
- age   2:      41616 bytes,    5133024 total
- age   3:      26424 bytes,    5159448 total
- age   4:      18960 bytes,    5178408 total
- age   5:      16512 bytes,    5194920 total
- age   6:     138592 bytes,    5333512 total
: 140500K->5305K(153344K), 0.0171665 secs] 319210K->184035K(1031552K), 0.0172789 secs] [Times: user=0.02 sys=0.00, real=0.02 secs] 
2016-08-16T08:26:59.536+0000: 313493.506: Total time for which application threads were stopped: 0.0179060 seconds, Stopping threads took: 0.0000850 seconds
2016-08-16T08:27:23.485+0000: 313517.455: Total time for which application threads were stopped: 0.0006419 seconds, Stopping threads took: 0.0001373 seconds
2016-08-16T08:28:23.493+0000: 313577.464: Total time for which application threads were stopped: 0.0023955 seconds, Stopping threads took: 0.0014802 seconds
2016-08-16T08:29:23.497+0000: 313637.467: Total time for which application threads were stopped: 0.0046293 seconds, Stopping threads took: 0.0039599 seconds
2016-08-16T08:30:23.490+0000: 313697.460: Total time for which application threads were stopped: 0.0013017 seconds, Stopping threads took: 0.0002458 seconds
2016-08-16T08:30:53.089+0000: 313727.059: [GC (Allocation Failure) 313727.059: [ParNew
Desired survivor size 8716288 bytes, new threshold 6 (max 6)
- age   1:    4990712 bytes,    4990712 total
- age   2:      36840 bytes,    5027552 total
- age   3:      34416 bytes,    5061968 total
- age   4:      20552 bytes,    5082520 total
- age   5:      18888 bytes,    5101408 total
- age   6:      16480 bytes,    5117888 total
: 141625K->5080K(153344K), 0.0171525 secs] 320355K->183946K(1031552K), 0.0172764 secs] [Times: user=0.02 sys=0.00, real=0.01 secs] 
2016-08-16T08:30:53.106+0000: 313727.076: Total time for which application threads were stopped: 0.0179205 seconds, Stopping threads took: 0.0000694 seconds
2016-08-16T08:31:23.494+0000: 313757.464: Total time for which application threads were stopped: 0.0034383 seconds, Stopping threads took: 0.0023112 seconds
2016-08-16T08:32:23.485+0000: 313817.455: Total time for which application threads were stopped: 0.0012558 seconds, Stopping threads took: 0.0006219 seconds
2016-08-16T08:33:23.493+0000: 313877.464: Total time for which application threads were stopped: 0.0007392 seconds, Stopping threads took: 0.0001234 seconds
2016-08-16T08:34:23.490+0000: 313937.460: Total time for which application threads were stopped: 0.0061050 seconds, Stopping threads took: 0.0045472 seconds
2016-08-16T08:34:42.519+0000: 313956.489: [GC (Allocation Failure) 313956.489: [ParNew
Desired survivor size 8716288 bytes, new threshold 6 (max 6)
- age   1:    5057248 bytes,    5057248 total
- age   2:      30184 bytes,    5087432 total
- age   3:      26456 bytes,    5113888 total
- age   4:      30176 bytes,    5144064 total
- age   5:      20056 bytes,    5164120 total
- age   6:      18816 bytes,    5182936 total
: 141400K->5259K(153344K), 0.0169913 secs] 320266K->184142K(1031552K), 0.0171177 secs] [Times: user=0.03 sys=0.00, real=0.02 secs] 
2016-08-16T08:34:42.536+0000: 313956.506: Total time for which application threads were stopped: 0.0177387 seconds, Stopping threads took: 0.0000858 seconds
2016-08-16T08:35:23.489+0000: 313997.459: Total time for which application threads were stopped: 0.0041991 seconds, Stopping threads took: 0.0036755 seconds
2016-08-16T08:36:23.485+0000: 314057.456: Total time for which application threads were stopped: 0.0022077 seconds, Stopping threads took: 0.0009558 seconds
2016-08-16T08:37:23.497+0000: 314117.467: Total time for which application threads were stopped: 0.0043200 seconds, Stopping threads took: 0.0036164 seconds
2016-08-16T08:38:23.486+0000: 314177.456: Total time for which application threads were stopped: 0.0006227 seconds, Stopping threads took: 0.0001094 seconds
2016-08-16T08:38:25.752+0000: 314179.722: [GC (Allocation Failure) 314179.722: [ParNew
Desired survivor size 8716288 bytes, new threshold 6 (max 6)
- age   1:    5223920 bytes,    5223920 total
- age   2:      35160 bytes,    5259080 total
- age   3:      23072 bytes,    5282152 total
- age   4:      21800 bytes,    5303952 total
- age   5:      30000 bytes,    5333952 total
- age   6:      19992 bytes,    5353944 total
: 141579K->5414K(153344K), 0.0157019 secs] 320462K->184315K(1031552K), 0.0158190 secs] [Times: user=0.02 sys=0.00, real=0.01 secs] 
2016-08-16T08:38:25.768+0000: 314179.738: Total time for which application threads were stopped: 0.0165230 seconds, Stopping threads took: 0.0000908 seconds
2016-08-16T08:39:23.489+0000: 314237.459: Total time for which application threads were stopped: 0.0034176 seconds, Stopping threads took: 0.0029056 seconds
2016-08-16T08:40:23.485+0000: 314297.455: Total time for which application threads were stopped: 0.0010038 seconds, Stopping threads took: 0.0002645 seconds
2016-08-16T08:41:23.492+0000: 314357.462: Total time for which application threads were stopped: 0.0018604 seconds, Stopping threads took: 0.0002877 seconds
2016-08-16T08:42:21.859+0000: 314415.829: [GC (Allocation Failure) 314415.830: [ParNew
Desired survivor size 8716288 bytes, new threshold 6 (max 6)
- age   1:    5009064 bytes,    5009064 total
- age   2:      36664 bytes,    5045728 total
- age   3:      25304 bytes,    5071032 total
- age   4:      19752 bytes,    5090784 total
- age   5:      21800 bytes,    5112584 total
- age   6:      29584 bytes,    5142168 total
: 141734K->5166K(153344K), 0.0211718 secs] 320635K->184088K(1031552K), 0.0213875 secs] [Times: user=0.04 sys=0.00, real=0.03 secs] 
2016-08-16T08:42:21.881+0000: 314415.851: Total time for which application threads were stopped: 0.0230516 seconds, Stopping threads took: 0.0002421 seconds
2016-08-16T08:42:23.495+0000: 314417.465: Total time for which application threads were stopped: 0.0012244 seconds, Stopping threads took: 0.0001930 seconds
2016-08-16T08:43:23.491+0000: 314477.461: Total time for which application threads were stopped: 0.0018251 seconds, Stopping threads took: 0.0003813 seconds
2016-08-16T08:44:23.485+0000: 314537.455: Total time for which application threads were stopped: 0.0012605 seconds, Stopping threads took: 0.0007383 seconds
2016-08-16T08:45:23.487+0000: 314597.457: Total time for which application threads were stopped: 0.0031644 seconds, Stopping threads took: 0.0008247 seconds
2016-08-16T08:45:57.116+0000: 314631.086: [GC (Allocation Failure) 314631.087: [ParNew
Desired survivor size 8716288 bytes, new threshold 6 (max 6)
- age   1:    5156896 bytes,    5156896 total
- age   2:      26488 bytes,    5183384 total
- age   3:      25360 bytes,    5208744 total
- age   4:      21176 bytes,    5229920 total
- age   5:      19752 bytes,    5249672 total
- age   6:      21608 bytes,    5271280 total
: 141486K->5401K(153344K), 0.0260271 secs] 320408K->184353K(1031552K), 0.0262824 secs] [Times: user=0.04 sys=0.00, real=0.03 secs] 
2016-08-16T08:45:57.143+0000: 314631.113: Total time for which application threads were stopped: 0.0277910 seconds, Stopping threads took: 0.0001739 seconds
2016-08-16T08:46:23.495+0000: 314657.465: Total time for which application threads were stopped: 0.0018147 seconds, Stopping threads took: 0.0002642 seconds
2016-08-16T08:47:23.483+0000: 314717.453: Total time for which application threads were stopped: 0.0008224 seconds, Stopping threads took: 0.0001104 seconds
2016-08-16T08:48:23.494+0000: 314777.464: Total time for which application threads were stopped: 0.0017783 seconds, Stopping threads took: 0.0003305 seconds
2016-08-16T08:49:23.493+0000: 314837.463: Total time for which application threads were stopped: 0.0029110 seconds, Stopping threads took: 0.0021063 seconds
2016-08-16T08:49:33.173+0000: 314847.143: [GC (Allocation Failure) 314847.143: [ParNew
Desired survivor size 8716288 bytes, new threshold 6 (max 6)
- age   1:    5100272 bytes,    5100272 total
- age   2:      37104 bytes,    5137376 total
- age   3:      19432 bytes,    5156808 total
- age   4:      20200 bytes,    5177008 total
- age   5:      21048 bytes,    5198056 total
- age   6:      19752 bytes,    5217808 total
: 141721K->5213K(153344K), 0.0201400 secs] 320673K->184186K(1031552K), 0.0203563 secs] [Times: user=0.03 sys=0.00, real=0.02 secs] 
2016-08-16T08:49:33.193+0000: 314847.164: Total time for which application threads were stopped: 0.0220317 seconds, Stopping threads took: 0.0001973 seconds
2016-08-16T08:50:23.493+0000: 314897.463: Total time for which application threads were stopped: 0.0041596 seconds, Stopping threads took: 0.0034533 seconds
2016-08-16T08:51:23.493+0000: 314957.463: Total time for which application threads were stopped: 0.0037972 seconds, Stopping threads took: 0.0031276 seconds
2016-08-16T08:52:23.483+0000: 315017.453: Total time for which application threads were stopped: 0.0007838 seconds, Stopping threads took: 0.0001351 seconds
2016-08-16T08:53:11.229+0000: 315065.199: [GC (Allocation Failure) 315065.199: [ParNew
Desired survivor size 8716288 bytes, new threshold 6 (max 6)
- age   1:    5110296 bytes,    5110296 total
- age   2:      31192 bytes,    5141488 total
- age   3:      26064 bytes,    5167552 total
- age   4:      15320 bytes,    5182872 total
- age   5:      20056 bytes,    5202928 total
- age   6:      20976 bytes,    5223904 total
: 141533K->5244K(153344K), 0.0177515 secs] 320506K->184237K(1031552K), 0.0178887 secs] [Times: user=0.02 sys=0.00, real=0.01 secs] 
2016-08-16T08:53:11.247+0000: 315065.217: Total time for which application threads were stopped: 0.0186026 seconds, Stopping threads took: 0.0000926 seconds
2016-08-16T08:53:23.493+0000: 315077.464: Total time for which application threads were stopped: 0.0007351 seconds, Stopping threads took: 0.0001455 seconds
2016-08-16T08:54:23.493+0000: 315137.463: Total time for which application threads were stopped: 0.0033565 seconds, Stopping threads took: 0.0026287 seconds
2016-08-16T08:55:23.492+0000: 315197.462: Total time for which application threads were stopped: 0.0018543 seconds, Stopping threads took: 0.0003024 seconds
2016-08-16T08:56:23.482+0000: 315257.453: Total time for which application threads were stopped: 0.0006771 seconds, Stopping threads took: 0.0001575 seconds
2016-08-16T08:56:48.202+0000: 315282.172: [GC (Allocation Failure) 315282.172: [ParNew
Desired survivor size 8716288 bytes, new threshold 6 (max 6)
- age   1:    4996376 bytes,    4996376 total
- age   2:      30352 bytes,    5026728 total
- age   3:      23792 bytes,    5050520 total
- age   4:      21272 bytes,    5071792 total
- age   5:      15320 bytes,    5087112 total
- age   6:      19736 bytes,    5106848 total
: 141564K->5166K(153344K), 0.0162374 secs] 320557K->184181K(1031552K), 0.0164007 secs] [Times: user=0.02 sys=0.00, real=0.01 secs] 
2016-08-16T08:56:48.218+0000: 315282.188: Total time for which application threads were stopped: 0.0171740 seconds, Stopping threads took: 0.0001085 seconds
2016-08-16T08:57:23.493+0000: 315317.464: Total time for which application threads were stopped: 0.0015598 seconds, Stopping threads took: 0.0002535 seconds
2016-08-16T08:58:23.493+0000: 315377.463: Total time for which application threads were stopped: 0.0038982 seconds, Stopping threads took: 0.0031914 seconds
2016-08-16T08:59:23.484+0000: 315437.454: Total time for which application threads were stopped: 0.0008894 seconds, Stopping threads took: 0.0001215 seconds
2016-08-16T09:00:00.037+0000: 315474.007: Total time for which application threads were stopped: 0.0037704 seconds, Stopping threads took: 0.0032107 seconds
2016-08-16T09:00:00.038+0000: 315474.008: Total time for which application threads were stopped: 0.0004138 seconds, Stopping threads took: 0.0000673 seconds
2016-08-16T09:00:00.038+0000: 315474.008: Total time for which application threads were stopped: 0.0003364 seconds, Stopping threads took: 0.0000695 seconds
2016-08-16T09:00:00.041+0000: 315474.011: Total time for which application threads were stopped: 0.0006134 seconds, Stopping threads took: 0.0001303 seconds
2016-08-16T09:00:00.042+0000: 315474.012: Total time for which application threads were stopped: 0.0003959 seconds, Stopping threads took: 0.0000549 seconds
2016-08-16T09:00:00.049+0000: 315474.019: Total time for which application threads were stopped: 0.0027203 seconds, Stopping threads took: 0.0001930 seconds
2016-08-16T09:00:00.062+0000: 315474.033: [GC (Allocation Failure) 315474.033: [ParNew
Desired survivor size 8716288 bytes, new threshold 6 (max 6)
- age   1:    5359376 bytes,    5359376 total
- age   2:      27736 bytes,    5387112 total
- age   3:      22920 bytes,    5410032 total
- age   4:      19856 bytes,    5429888 total
- age   5:      20688 bytes,    5450576 total
- age   6:      15248 bytes,    5465824 total
: 141486K->5595K(153344K), 0.0183513 secs] 320501K->184629K(1031552K), 0.0184707 secs] [Times: user=0.03 sys=0.00, real=0.02 secs] 
2016-08-16T09:00:00.081+0000: 315474.051: Total time for which application threads were stopped: 0.0192610 seconds, Stopping threads took: 0.0001195 seconds
2016-08-16T09:00:23.485+0000: 315497.455: Total time for which application threads were stopped: 0.0026477 seconds, Stopping threads took: 0.0021520 seconds
2016-08-16T09:01:23.489+0000: 315557.459: Total time for which application threads were stopped: 0.0034317 seconds, Stopping threads took: 0.0029244 seconds
2016-08-16T09:02:23.493+0000: 315617.463: Total time for which application threads were stopped: 0.0028656 seconds, Stopping threads took: 0.0021588 seconds
2016-08-16T09:02:56.778+0000: 315650.748: [GC (Allocation Failure) 315650.748: [ParNew
Desired survivor size 8716288 bytes, new threshold 6 (max 6)
- age   1:    4709192 bytes,    4709192 total
- age   2:     231240 bytes,    4940432 total
- age   3:      20248 bytes,    4960680 total
- age   4:      17032 bytes,    4977712 total
- age   5:      19856 bytes,    4997568 total
- age   6:      20520 bytes,    5018088 total
: 141915K->5314K(153344K), 0.0155138 secs] 320949K->184364K(1031552K), 0.0156379 secs] [Times: user=0.02 sys=0.00, real=0.02 secs] 
2016-08-16T09:02:56.794+0000: 315650.764: Total time for which application threads were stopped: 0.0162927 seconds, Stopping threads took: 0.0000892 seconds
2016-08-16T09:03:23.485+0000: 315677.455: Total time for which application threads were stopped: 0.0013923 seconds, Stopping threads took: 0.0007959 seconds
2016-08-16T09:04:23.489+0000: 315737.459: Total time for which application threads were stopped: 0.0033526 seconds, Stopping threads took: 0.0028145 seconds
2016-08-16T09:05:23.493+0000: 315797.463: Total time for which application threads were stopped: 0.0041528 seconds, Stopping threads took: 0.0033757 seconds
2016-08-16T09:06:23.492+0000: 315857.462: Total time for which application threads were stopped: 0.0018370 seconds, Stopping threads took: 0.0002936 seconds
2016-08-16T09:06:38.240+0000: 315872.210: [GC (Allocation Failure) 315872.212: [ParNew
Desired survivor size 8716288 bytes, new threshold 6 (max 6)
- age   1:    4969520 bytes,    4969520 total
- age   2:      65792 bytes,    5035312 total
- age   3:      70128 bytes,    5105440 total
- age   4:      20248 bytes,    5125688 total
- age   5:      17032 bytes,    5142720 total
- age   6:      19856 bytes,    5162576 total
: 141634K->5347K(153344K), 0.0257857 secs] 320684K->184417K(1031552K), 0.0271101 secs] [Times: user=0.03 sys=0.01, real=0.03 secs] 
2016-08-16T09:06:38.267+0000: 315872.237: Total time for which application threads were stopped: 0.0286071 seconds, Stopping threads took: 0.0001841 seconds
2016-08-16T09:07:23.497+0000: 315917.467: Total time for which application threads were stopped: 0.0042655 seconds, Stopping threads took: 0.0035897 seconds
2016-08-16T09:08:23.494+0000: 315977.464: Total time for which application threads were stopped: 0.0032334 seconds, Stopping threads took: 0.0016210 seconds
2016-08-16T09:09:23.493+0000: 316037.463: Total time for which application threads were stopped: 0.0015774 seconds, Stopping threads took: 0.0008194 seconds
2016-08-16T09:10:23.485+0000: 316097.456: Total time for which application threads were stopped: 0.0010165 seconds, Stopping threads took: 0.0002190 seconds
2016-08-16T09:10:33.483+0000: 316107.453: [GC (Allocation Failure) 316107.453: [ParNew
Desired survivor size 8716288 bytes, new threshold 6 (max 6)
- age   1:    5106840 bytes,    5106840 total
- age   2:      33352 bytes,    5140192 total
- age   3:      54136 bytes,    5194328 total
- age   4:      67760 bytes,    5262088 total
- age   5:      20248 bytes,    5282336 total
- age   6:      16904 bytes,    5299240 total
: 141667K->5269K(153344K), 0.0218322 secs] 320737K->184360K(1031552K), 0.0220507 secs] [Times: user=0.03 sys=0.00, real=0.02 secs] 
2016-08-16T09:10:33.505+0000: 316107.475: Total time for which application threads were stopped: 0.0236231 seconds, Stopping threads took: 0.0002031 seconds
2016-08-16T09:11:23.493+0000: 316157.464: Total time for which application threads were stopped: 0.0007238 seconds, Stopping threads took: 0.0000792 seconds
2016-08-16T09:12:23.493+0000: 316217.464: Total time for which application threads were stopped: 0.0008530 seconds, Stopping threads took: 0.0001696 seconds
2016-08-16T09:13:23.487+0000: 316277.457: Total time for which application threads were stopped: 0.0010253 seconds, Stopping threads took: 0.0001793 seconds
2016-08-16T09:14:11.518+0000: 316325.489: [GC (Allocation Failure) 316325.489: [ParNew
Desired survivor size 8716288 bytes, new threshold 6 (max 6)
- age   1:    5114896 bytes,    5114896 total
- age   2:     149696 bytes,    5264592 total
- age   3:      24704 bytes,    5289296 total
- age   4:      49008 bytes,    5338304 total
- age   5:      67760 bytes,    5406064 total
- age   6:      20008 bytes,    5426072 total
: 141589K->5469K(153344K), 0.0230011 secs] 320680K->184577K(1031552K), 0.0232369 secs] [Times: user=0.03 sys=0.00, real=0.03 secs] 
2016-08-16T09:14:11.542+0000: 316325.512: Total time for which application threads were stopped: 0.0248967 seconds, Stopping threads took: 0.0002121 seconds
2016-08-16T09:14:23.493+0000: 316337.464: Total time for which application threads were stopped: 0.0007354 seconds, Stopping threads took: 0.0001342 seconds
2016-08-16T09:15:23.490+0000: 316397.460: Total time for which application threads were stopped: 0.0018248 seconds, Stopping threads took: 0.0003286 seconds
2016-08-16T09:16:23.493+0000: 316457.463: Total time for which application threads were stopped: 0.0019733 seconds, Stopping threads took: 0.0002582 seconds
2016-08-16T09:17:23.492+0000: 316517.462: Total time for which application threads were stopped: 0.0020946 seconds, Stopping threads took: 0.0005397 seconds
2016-08-16T09:17:52.527+0000: 316546.497: [GC (Allocation Failure) 316546.497: [ParNew
Desired survivor size 8716288 bytes, new threshold 6 (max 6)
- age   1:    5067488 bytes,    5067488 total
- age   2:      29768 bytes,    5097256 total
- age   3:     141064 bytes,    5238320 total
- age   4:      20496 bytes,    5258816 total
- age   5:      48864 bytes,    5307680 total
- age   6:      67552 bytes,    5375232 total
: 141789K->5492K(153344K), 0.0161532 secs] 320897K->184620K(1031552K), 0.0162890 secs] [Times: user=0.03 sys=0.00, real=0.02 secs] 
2016-08-16T09:17:52.543+0000: 316546.513: Total time for which application threads were stopped: 0.0169024 seconds, Stopping threads took: 0.0000803 seconds
2016-08-16T09:18:23.489+0000: 316577.459: Total time for which application threads were stopped: 0.0048911 seconds, Stopping threads took: 0.0042989 seconds
2016-08-16T09:19:23.493+0000: 316637.463: Total time for which application threads were stopped: 0.0028487 seconds, Stopping threads took: 0.0021455 seconds
2016-08-16T09:20:23.493+0000: 316697.463: Total time for which application threads were stopped: 0.0055455 seconds, Stopping threads took: 0.0001830 seconds
2016-08-16T09:21:23.489+0000: 316757.459: Total time for which application threads were stopped: 0.0035731 seconds, Stopping threads took: 0.0028259 seconds
2016-08-16T09:21:37.518+0000: 316771.488: [GC (Allocation Failure) 316771.488: [ParNew
Desired survivor size 8716288 bytes, new threshold 6 (max 6)
- age   1:    5109520 bytes,    5109520 total
- age   2:      30280 bytes,    5139800 total
- age   3:      22760 bytes,    5162560 total
- age   4:     136952 bytes,    5299512 total
- age   5:      20496 bytes,    5320008 total
- age   6:      48720 bytes,    5368728 total
: 141812K->5550K(153344K), 0.0173803 secs] 320940K->184746K(1031552K), 0.0175041 secs] [Times: user=0.03 sys=0.00, real=0.02 secs] 
2016-08-16T09:21:37.536+0000: 316771.506: Total time for which application threads were stopped: 0.0181558 seconds, Stopping threads took: 0.0000924 seconds
2016-08-16T09:22:22.161+0000: 316816.131: Total time for which application threads were stopped: 0.0006536 seconds, Stopping threads took: 0.0000940 seconds
2016-08-16T09:22:22.162+0000: 316816.132: Total time for which application threads were stopped: 0.0004556 seconds, Stopping threads took: 0.0000427 seconds
2016-08-16T09:22:22.162+0000: 316816.132: Total time for which application threads were stopped: 0.0004379 seconds, Stopping threads took: 0.0000210 seconds
2016-08-16T09:22:22.163+0000: 316816.133: Total time for which application threads were stopped: 0.0004830 seconds, Stopping threads took: 0.0001322 seconds
2016-08-16T09:22:22.225+0000: 316816.195: Total time for which application threads were stopped: 0.0036282 seconds, Stopping threads took: 0.0028920 seconds
2016-08-16T09:22:23.226+0000: 316817.196: Total time for which application threads were stopped: 0.0005176 seconds, Stopping threads took: 0.0000957 seconds
2016-08-16T09:22:23.485+0000: 316817.455: Total time for which application threads were stopped: 0.0019741 seconds, Stopping threads took: 0.0014040 seconds
2016-08-16T09:23:23.492+0000: 316877.462: Total time for which application threads were stopped: 0.0019286 seconds, Stopping threads took: 0.0002825 seconds
2016-08-16T09:24:13.326+0000: 316927.296: [GC (Allocation Failure) 316927.296: [ParNew
Desired survivor size 8716288 bytes, new threshold 6 (max 6)
- age   1:    3796600 bytes,    3796600 total
- age   2:      35416 bytes,    3832016 total
- age   3:      23216 bytes,    3855232 total
- age   4:      16320 bytes,    3871552 total
- age   5:     136448 bytes,    4008000 total
- age   6:      20136 bytes,    4028136 total
: 141870K->4269K(153344K), 0.0168490 secs] 321066K->183513K(1031552K), 0.0170601 secs] [Times: user=0.03 sys=0.00, real=0.02 secs] 
2016-08-16T09:24:13.343+0000: 316927.313: Total time for which application threads were stopped: 0.0187009 seconds, Stopping threads took: 0.0002742 seconds
2016-08-16T09:24:13.345+0000: 316927.315: Total time for which application threads were stopped: 0.0004377 seconds, Stopping threads took: 0.0000336 seconds
2016-08-16T09:24:23.495+0000: 316937.465: Total time for which application threads were stopped: 0.0018360 seconds, Stopping threads took: 0.0003067 seconds
2016-08-16T09:25:23.493+0000: 316997.464: Total time for which application threads were stopped: 0.0007170 seconds, Stopping threads took: 0.0001356 seconds
2016-08-16T09:26:23.492+0000: 317057.463: Total time for which application threads were stopped: 0.0019425 seconds, Stopping threads took: 0.0002731 seconds
2016-08-16T09:27:23.493+0000: 317117.463: Total time for which application threads were stopped: 0.0028158 seconds, Stopping threads took: 0.0021046 seconds
2016-08-16T09:27:51.518+0000: 317145.488: [GC (Allocation Failure) 317145.488: [ParNew
Desired survivor size 8716288 bytes, new threshold 6 (max 6)
- age   1:    5132120 bytes,    5132120 total
- age   2:      42664 bytes,    5174784 total
- age   3:      26816 bytes,    5201600 total
- age   4:      19976 bytes,    5221576 total
- age   5:      16248 bytes,    5237824 total
- age   6:     136448 bytes,    5374272 total
: 140589K->5512K(153344K), 0.0158198 secs] 319833K->184777K(1031552K), 0.0159441 secs] [Times: user=0.02 sys=0.00, real=0.02 secs] 
2016-08-16T09:27:51.534+0000: 317145.504: Total time for which application threads were stopped: 0.0165819 seconds, Stopping threads took: 0.0000956 seconds
2016-08-16T09:28:23.493+0000: 317177.463: Total time for which application threads were stopped: 0.0020217 seconds, Stopping threads took: 0.0002747 seconds
2016-08-16T09:29:23.493+0000: 317237.463: Total time for which application threads were stopped: 0.0033517 seconds, Stopping threads took: 0.0026494 seconds
2016-08-16T09:30:23.485+0000: 317297.455: Total time for which application threads were stopped: 0.0021590 seconds, Stopping threads took: 0.0016455 seconds
2016-08-16T09:31:23.490+0000: 317357.460: Total time for which application threads were stopped: 0.0015447 seconds, Stopping threads took: 0.0002353 seconds
2016-08-16T09:31:28.105+0000: 317362.075: [GC (Allocation Failure) 317362.075: [ParNew
Desired survivor size 8716288 bytes, new threshold 6 (max 6)
- age   1:    5266576 bytes,    5266576 total
- age   2:      30608 bytes,    5297184 total
- age   3:      35152 bytes,    5332336 total
- age   4:      21168 bytes,    5353504 total
- age   5:      19976 bytes,    5373480 total
- age   6:      16248 bytes,    5389728 total
: 141832K->5601K(153344K), 0.0249688 secs] 321097K->185000K(1031552K), 0.0251641 secs] [Times: user=0.04 sys=0.00, real=0.03 secs] 
2016-08-16T09:31:28.130+0000: 317362.100: Total time for which application threads were stopped: 0.0264301 seconds, Stopping threads took: 0.0001542 seconds
2016-08-16T09:32:23.493+0000: 317417.463: Total time for which application threads were stopped: 0.0041264 seconds, Stopping threads took: 0.0034487 seconds
2016-08-16T09:33:23.489+0000: 317477.460: Total time for which application threads were stopped: 0.0026922 seconds, Stopping threads took: 0.0015978 seconds
2016-08-16T09:34:23.490+0000: 317537.460: Total time for which application threads were stopped: 0.0012938 seconds, Stopping threads took: 0.0002307 seconds
2016-08-16T09:35:20.519+0000: 317594.489: [GC (Allocation Failure) 317594.489: [ParNew
Desired survivor size 8716288 bytes, new threshold 6 (max 6)
- age   1:    5071088 bytes,    5071088 total
- age   2:      32080 bytes,    5103168 total
- age   3:      25096 bytes,    5128264 total
- age   4:      30936 bytes,    5159200 total
- age   5:      19992 bytes,    5179192 total
- age   6:      19840 bytes,    5199032 total
: 141921K->5211K(153344K), 0.0242711 secs] 321320K->184626K(1031552K), 0.0244802 secs] [Times: user=0.04 sys=0.00, real=0.03 secs] 
2016-08-16T09:35:20.543+0000: 317594.514: Total time for which application threads were stopped: 0.0257737 seconds, Stopping threads took: 0.0001605 seconds
2016-08-16T09:35:23.490+0000: 317597.461: Total time for which application threads were stopped: 0.0014108 seconds, Stopping threads took: 0.0002385 seconds
2016-08-16T09:36:23.487+0000: 317657.457: Total time for which application threads were stopped: 0.0011638 seconds, Stopping threads took: 0.0001972 seconds
2016-08-16T09:37:23.486+0000: 317717.457: Total time for which application threads were stopped: 0.0010270 seconds, Stopping threads took: 0.0001532 seconds
2016-08-16T09:38:23.493+0000: 317777.463: Total time for which application threads were stopped: 0.0030221 seconds, Stopping threads took: 0.0023063 seconds
2016-08-16T09:39:09.519+0000: 317823.489: [GC (Allocation Failure) 317823.489: [ParNew
Desired survivor size 8716288 bytes, new threshold 6 (max 6)
- age   1:    5101856 bytes,    5101856 total
- age   2:      30336 bytes,    5132192 total
- age   3:      23592 bytes,    5155784 total
- age   4:      20912 bytes,    5176696 total
- age   5:      30576 bytes,    5207272 total
- age   6:      19992 bytes,    5227264 total
: 141531K->5351K(153344K), 0.0183118 secs] 320946K->184786K(1031552K), 0.0184729 secs] [Times: user=0.02 sys=0.00, real=0.02 secs] 
2016-08-16T09:39:09.538+0000: 317823.508: Total time for which application threads were stopped: 0.0192210 seconds, Stopping threads took: 0.0000953 seconds
2016-08-16T09:39:23.490+0000: 317837.460: Total time for which application threads were stopped: 0.0056621 seconds, Stopping threads took: 0.0041346 seconds
2016-08-16T09:40:23.492+0000: 317897.462: Total time for which application threads were stopped: 0.0017881 seconds, Stopping threads took: 0.0003733 seconds
2016-08-16T09:41:23.492+0000: 317957.463: Total time for which application threads were stopped: 0.0018659 seconds, Stopping threads took: 0.0003021 seconds
2016-08-16T09:42:23.492+0000: 318017.462: Total time for which application threads were stopped: 0.0019068 seconds, Stopping threads took: 0.0002895 seconds
2016-08-16T09:43:13.408+0000: 318067.378: [GC (Allocation Failure) 318067.378: [ParNew
Desired survivor size 8716288 bytes, new threshold 6 (max 6)
- age   1:    5003504 bytes,    5003504 total
- age   2:      33232 bytes,    5036736 total
- age   3:      20264 bytes,    5057000 total
- age   4:      19928 bytes,    5076928 total
- age   5:      20912 bytes,    5097840 total
- age   6:      30160 bytes,    5128000 total
: 141671K->5022K(153344K), 0.0170976 secs] 321106K->184478K(1031552K), 0.0172108 secs] [Times: user=0.03 sys=0.00, real=0.02 secs] 
2016-08-16T09:43:13.425+0000: 318067.395: Total time for which application threads were stopped: 0.0179230 seconds, Stopping threads took: 0.0001588 seconds
2016-08-16T09:43:23.496+0000: 318077.466: Total time for which application threads were stopped: 0.0007106 seconds, Stopping threads took: 0.0001275 seconds
2016-08-16T09:44:23.493+0000: 318137.463: Total time for which application threads were stopped: 0.0020515 seconds, Stopping threads took: 0.0002887 seconds
2016-08-16T09:45:23.493+0000: 318197.463: Total time for which application threads were stopped: 0.0030884 seconds, Stopping threads took: 0.0023660 seconds
2016-08-16T09:46:23.494+0000: 318257.464: Total time for which application threads were stopped: 0.0008892 seconds, Stopping threads took: 0.0001756 seconds
2016-08-16T09:47:21.087+0000: 318315.058: [GC (Allocation Failure) 318315.058: [ParNew
Desired survivor size 8716288 bytes, new threshold 6 (max 6)
- age   1:    4991640 bytes,    4991640 total
- age   2:      37320 bytes,    5028960 total
- age   3:      24136 bytes,    5053096 total
- age   4:      16096 bytes,    5069192 total
- age   5:      19856 bytes,    5089048 total
- age   6:      20696 bytes,    5109744 total
: 141342K->5173K(153344K), 0.0158500 secs] 320798K->184659K(1031552K), 0.0159705 secs] [Times: user=0.02 sys=0.00, real=0.02 secs] 
2016-08-16T09:47:21.103+0000: 318315.074: Total time for which application threads were stopped: 0.0165911 seconds, Stopping threads took: 0.0000803 seconds
2016-08-16T09:47:23.488+0000: 318317.458: Total time for which application threads were stopped: 0.0006644 seconds, Stopping threads took: 0.0001518 seconds
2016-08-16T09:48:23.492+0000: 318377.462: Total time for which application threads were stopped: 0.0019574 seconds, Stopping threads took: 0.0002938 seconds
2016-08-16T09:49:23.493+0000: 318437.463: Total time for which application threads were stopped: 0.0019506 seconds, Stopping threads took: 0.0002961 seconds
2016-08-16T09:50:23.494+0000: 318497.464: Total time for which application threads were stopped: 0.0029803 seconds, Stopping threads took: 0.0014566 seconds
2016-08-16T09:51:21.518+0000: 318555.489: [GC (Allocation Failure) 318555.489: [ParNew
Desired survivor size 8716288 bytes, new threshold 6 (max 6)
- age   1:    5070488 bytes,    5070488 total
- age   2:      31472 bytes,    5101960 total
- age   3:      26496 bytes,    5128456 total
- age   4:      21032 bytes,    5149488 total
- age   5:      15920 bytes,    5165408 total
- age   6:      19856 bytes,    5185264 total
: 141493K->5265K(153344K), 0.0213002 secs] 320979K->184773K(1031552K), 0.0215644 secs] [Times: user=0.03 sys=0.00, real=0.02 secs] 
2016-08-16T09:51:21.540+0000: 318555.510: Total time for which application threads were stopped: 0.0231384 seconds, Stopping threads took: 0.0002003 seconds
2016-08-16T09:51:23.495+0000: 318557.465: Total time for which application threads were stopped: 0.0006903 seconds, Stopping threads took: 0.0001365 seconds
2016-08-16T09:52:23.491+0000: 318617.461: Total time for which application threads were stopped: 0.0017374 seconds, Stopping threads took: 0.0002244 seconds
2016-08-16T09:53:23.489+0000: 318677.460: Total time for which application threads were stopped: 0.0044410 seconds, Stopping threads took: 0.0033563 seconds
2016-08-16T09:54:23.494+0000: 318737.464: Total time for which application threads were stopped: 0.0010456 seconds, Stopping threads took: 0.0001701 seconds
2016-08-16T09:55:23.468+0000: 318797.439: [GC (Allocation Failure) 318797.439: [ParNew
Desired survivor size 8716288 bytes, new threshold 6 (max 6)
- age   1:    5020888 bytes,    5020888 total
- age   2:      32928 bytes,    5053816 total
- age   3:      24008 bytes,    5077824 total
- age   4:      20976 bytes,    5098800 total
- age   5:      20856 bytes,    5119656 total
- age   6:      15920 bytes,    5135576 total
: 141585K->5192K(153344K), 0.0244968 secs] 321093K->184719K(1031552K), 0.0247203 secs] [Times: user=0.04 sys=0.00, real=0.02 secs] 
2016-08-16T09:55:23.493+0000: 318797.464: Total time for which application threads were stopped: 0.0255795 seconds, Stopping threads took: 0.0000922 seconds
2016-08-16T09:55:23.503+0000: 318797.473: Total time for which application threads were stopped: 0.0006702 seconds, Stopping threads took: 0.0001412 seconds
2016-08-16T09:56:23.484+0000: 318857.454: Total time for which application threads were stopped: 0.0006900 seconds, Stopping threads took: 0.0001294 seconds
2016-08-16T09:57:23.493+0000: 318917.463: Total time for which application threads were stopped: 0.0019032 seconds, Stopping threads took: 0.0003015 seconds
2016-08-16T09:58:23.488+0000: 318977.458: Total time for which application threads were stopped: 0.0008810 seconds, Stopping threads took: 0.0001441 seconds
2016-08-16T09:59:23.485+0000: 319037.455: [GC (Allocation Failure) 319037.455: [ParNew
Desired survivor size 8716288 bytes, new threshold 6 (max 6)
- age   1:    5041696 bytes,    5041696 total
- age   2:      36320 bytes,    5078016 total
- age   3:      23344 bytes,    5101360 total
- age   4:      19816 bytes,    5121176 total
- age   5:      20760 bytes,    5141936 total
- age   6:      20856 bytes,    5162792 total
: 141512K->5206K(153344K), 0.0222688 secs] 321039K->184749K(1031552K), 0.0225037 secs] [Times: user=0.04 sys=0.00, real=0.02 secs] 
2016-08-16T09:59:23.508+0000: 319037.478: Total time for which application threads were stopped: 0.0240377 seconds, Stopping threads took: 0.0001670 seconds
2016-08-16T09:59:23.518+0000: 319037.488: Total time for which application threads were stopped: 0.0021247 seconds, Stopping threads took: 0.0001231 seconds
2016-08-16T10:00:00.044+0000: 319074.014: Total time for which application threads were stopped: 0.0058653 seconds, Stopping threads took: 0.0053052 seconds
2016-08-16T10:00:00.045+0000: 319074.015: Total time for which application threads were stopped: 0.0004423 seconds, Stopping threads took: 0.0000395 seconds
2016-08-16T10:00:00.049+0000: 319074.019: Total time for which application threads were stopped: 0.0007303 seconds, Stopping threads took: 0.0000491 seconds
2016-08-16T10:00:00.053+0000: 319074.023: Total time for which application threads were stopped: 0.0007976 seconds, Stopping threads took: 0.0000867 seconds
2016-08-16T10:00:00.096+0000: 319074.066: Total time for which application threads were stopped: 0.0046284 seconds, Stopping threads took: 0.0040240 seconds
2016-08-16T10:00:23.493+0000: 319097.463: Total time for which application threads were stopped: 0.0019671 seconds, Stopping threads took: 0.0013469 seconds
2016-08-16T10:01:23.493+0000: 319157.463: Total time for which application threads were stopped: 0.0047099 seconds, Stopping threads took: 0.0040193 seconds
2016-08-16T10:02:08.522+0000: 319202.493: [GC (Allocation Failure) 319202.493: [ParNew
Desired survivor size 8716288 bytes, new threshold 6 (max 6)
- age   1:    4580536 bytes,    4580536 total
- age   2:      37616 bytes,    4618152 total
- age   3:      27016 bytes,    4645168 total
- age   4:      20048 bytes,    4665216 total
- age   5:      19616 bytes,    4684832 total
- age   6:      20688 bytes,    4705520 total
: 141526K->4761K(153344K), 0.0179870 secs] 321069K->184326K(1031552K), 0.0181963 secs] [Times: user=0.03 sys=0.00, real=0.02 secs] 
2016-08-16T10:02:08.541+0000: 319202.511: Total time for which application threads were stopped: 0.0193196 seconds, Stopping threads took: 0.0001577 seconds
2016-08-16T10:02:23.493+0000: 319217.463: Total time for which application threads were stopped: 0.0028899 seconds, Stopping threads took: 0.0022328 seconds
2016-08-16T10:03:23.493+0000: 319277.463: Total time for which application threads were stopped: 0.0011834 seconds, Stopping threads took: 0.0002982 seconds
2016-08-16T10:04:23.485+0000: 319337.455: Total time for which application threads were stopped: 0.0007094 seconds, Stopping threads took: 0.0001315 seconds
2016-08-16T10:05:23.497+0000: 319397.467: Total time for which application threads were stopped: 0.0043523 seconds, Stopping threads took: 0.0037013 seconds
2016-08-16T10:06:00.518+0000: 319434.488: [GC (Allocation Failure) 319434.489: [ParNew
Desired survivor size 8716288 bytes, new threshold 6 (max 6)
- age   1:    5093552 bytes,    5093552 total
- age   2:     115896 bytes,    5209448 total
- age   3:      22184 bytes,    5231632 total
- age   4:      21048 bytes,    5252680 total
- age   5:      20048 bytes,    5272728 total
- age   6:      19488 bytes,    5292216 total
: 141081K->5324K(153344K), 0.0182143 secs] 320646K->184909K(1031552K), 0.0187476 secs] [Times: user=0.02 sys=0.00, real=0.02 secs] 
2016-08-16T10:06:00.537+0000: 319434.507: Total time for which application threads were stopped: 0.0194484 seconds, Stopping threads took: 0.0000934 seconds
2016-08-16T10:06:23.489+0000: 319457.459: Total time for which application threads were stopped: 0.0026090 seconds, Stopping threads took: 0.0020441 seconds
2016-08-16T10:07:23.497+0000: 319517.467: Total time for which application threads were stopped: 0.0044128 seconds, Stopping threads took: 0.0036991 seconds
2016-08-16T10:07:24.499+0000: 319518.469: Total time for which application threads were stopped: 0.0013859 seconds, Stopping threads took: 0.0002233 seconds
2016-08-16T10:08:23.486+0000: 319577.456: Total time for which application threads were stopped: 0.0024851 seconds, Stopping threads took: 0.0001778 seconds
2016-08-16T10:09:23.484+0000: 319637.455: Total time for which application threads were stopped: 0.0006886 seconds, Stopping threads took: 0.0001533 seconds
2016-08-16T10:09:58.677+0000: 319672.648: [GC (Allocation Failure) 319672.648: [ParNew
Desired survivor size 8716288 bytes, new threshold 6 (max 6)
- age   1:    5135744 bytes,    5135744 total
- age   2:      35616 bytes,    5171360 total
- age   3:     102192 bytes,    5273552 total
- age   4:      22088 bytes,    5295640 total
- age   5:      20952 bytes,    5316592 total
- age   6:      19952 bytes,    5336544 total
: 141644K->5531K(153344K), 0.0157588 secs] 321229K->185137K(1031552K), 0.0159109 secs] [Times: user=0.02 sys=0.00, real=0.02 secs] 
2016-08-16T10:09:58.693+0000: 319672.664: Total time for which application threads were stopped: 0.0169216 seconds, Stopping threads took: 0.0003005 seconds
2016-08-16T10:10:23.493+0000: 319697.464: Total time for which application threads were stopped: 0.0006315 seconds, Stopping threads took: 0.0001212 seconds
2016-08-16T10:11:23.493+0000: 319757.463: Total time for which application threads were stopped: 0.0019811 seconds, Stopping threads took: 0.0002951 seconds
2016-08-16T10:12:23.485+0000: 319817.455: Total time for which application threads were stopped: 0.0010868 seconds, Stopping threads took: 0.0005798 seconds
2016-08-16T10:12:54.492+0000: 319848.463: Total time for which application threads were stopped: 0.0014331 seconds, Stopping threads took: 0.0002241 seconds
2016-08-16T10:13:23.486+0000: 319877.456: Total time for which application threads were stopped: 0.0007559 seconds, Stopping threads took: 0.0001428 seconds
2016-08-16T10:13:53.560+0000: 319907.530: [GC (Allocation Failure) 319907.530: [ParNew
Desired survivor size 8716288 bytes, new threshold 6 (max 6)
- age   1:    4967128 bytes,    4967128 total
- age   2:     152000 bytes,    5119128 total
- age   3:      25320 bytes,    5144448 total
- age   4:      98104 bytes,    5242552 total
- age   5:      22016 bytes,    5264568 total
- age   6:      20808 bytes,    5285376 total
: 141851K->5403K(153344K), 0.0174020 secs] 321457K->185029K(1031552K), 0.0175331 secs] [Times: user=0.02 sys=0.00, real=0.02 secs] 
2016-08-16T10:13:53.578+0000: 319907.548: Total time for which application threads were stopped: 0.0182467 seconds, Stopping threads took: 0.0000930 seconds
2016-08-16T10:14:23.485+0000: 319937.455: Total time for which application threads were stopped: 0.0023068 seconds, Stopping threads took: 0.0017966 seconds
2016-08-16T10:15:23.497+0000: 319997.467: Total time for which application threads were stopped: 0.0044208 seconds, Stopping threads took: 0.0037200 seconds
2016-08-16T10:16:23.485+0000: 320057.455: Total time for which application threads were stopped: 0.0007086 seconds, Stopping threads took: 0.0001261 seconds
2016-08-16T10:17:23.482+0000: 320117.453: Total time for which application threads were stopped: 0.0006027 seconds, Stopping threads took: 0.0001190 seconds
2016-08-16T10:17:33.621+0000: 320127.591: [GC (Allocation Failure) 320127.591: [ParNew
Desired survivor size 8716288 bytes, new threshold 6 (max 6)
- age   1:    5101112 bytes,    5101112 total
- age   2:      33992 bytes,    5135104 total
- age   3:     141608 bytes,    5276712 total
- age   4:      21232 bytes,    5297944 total
- age   5:      97984 bytes,    5395928 total
- age   6:      21952 bytes,    5417880 total
: 141723K->5559K(153344K), 0.0243410 secs] 321349K->185206K(1031552K), 0.0244666 secs] [Times: user=0.04 sys=0.00, real=0.02 secs] 
2016-08-16T10:17:33.645+0000: 320127.616: Total time for which application threads were stopped: 0.0251314 seconds, Stopping threads took: 0.0000697 seconds
2016-08-16T10:18:23.497+0000: 320177.467: Total time for which application threads were stopped: 0.0037515 seconds, Stopping threads took: 0.0030194 seconds
2016-08-16T10:19:23.493+0000: 320237.464: Total time for which application threads were stopped: 0.0019322 seconds, Stopping threads took: 0.0010428 seconds
2016-08-16T10:20:23.493+0000: 320297.463: Total time for which application threads were stopped: 0.0050288 seconds, Stopping threads took: 0.0042717 seconds
2016-08-16T10:21:22.071+0000: 320356.042: [GC (Allocation Failure) 320356.042: [ParNew
Desired survivor size 8716288 bytes, new threshold 6 (max 6)
- age   1:    5120896 bytes,    5120896 total
- age   2:      34304 bytes,    5155200 total
- age   3:      25328 bytes,    5180528 total
- age   4:     137320 bytes,    5317848 total
- age   5:      21128 bytes,    5338976 total
- age   6:      97696 bytes,    5436672 total
: 141879K->5584K(153344K), 0.0233613 secs] 321526K->185253K(1031552K), 0.0236000 secs] [Times: user=0.04 sys=0.00, real=0.02 secs] 
2016-08-16T10:21:22.095+0000: 320356.065: Total time for which application threads were stopped: 0.0249925 seconds, Stopping threads took: 0.0001670 seconds
2016-08-16T10:21:23.494+0000: 320357.465: Total time for which application threads were stopped: 0.0006748 seconds, Stopping threads took: 0.0001102 seconds
2016-08-16T10:22:22.186+0000: 320416.156: Total time for which application threads were stopped: 0.0022663 seconds, Stopping threads took: 0.0001598 seconds
2016-08-16T10:22:22.187+0000: 320416.157: Total time for which application threads were stopped: 0.0010855 seconds, Stopping threads took: 0.0000320 seconds
2016-08-16T10:22:22.188+0000: 320416.158: Total time for which application threads were stopped: 0.0010270 seconds, Stopping threads took: 0.0000236 seconds
2016-08-16T10:22:22.247+0000: 320416.217: Total time for which application threads were stopped: 0.0006441 seconds, Stopping threads took: 0.0001297 seconds
2016-08-16T10:22:23.492+0000: 320417.462: Total time for which application threads were stopped: 0.0015034 seconds, Stopping threads took: 0.0002384 seconds
2016-08-16T10:23:23.491+0000: 320477.462: Total time for which application threads were stopped: 0.0015071 seconds, Stopping threads took: 0.0002387 seconds
2016-08-16T10:23:55.326+0000: 320509.296: [GC (Allocation Failure) 320509.296: [ParNew
Desired survivor size 8716288 bytes, new threshold 6 (max 6)
- age   1:    4036112 bytes,    4036112 total
- age   2:      28832 bytes,    4064944 total
- age   3:      25744 bytes,    4090688 total
- age   4:      19616 bytes,    4110304 total
- age   5:     136800 bytes,    4247104 total
- age   6:      20776 bytes,    4267880 total
: 141904K->4630K(153344K), 0.0160000 secs] 321573K->184396K(1031552K), 0.0162392 secs] [Times: user=0.03 sys=0.00, real=0.02 secs] 
2016-08-16T10:23:55.342+0000: 320509.312: Total time for which application threads were stopped: 0.0180768 seconds, Stopping threads took: 0.0003813 seconds
2016-08-16T10:23:55.343+0000: 320509.313: Total time for which application threads were stopped: 0.0005124 seconds, Stopping threads took: 0.0000598 seconds
2016-08-16T10:24:23.487+0000: 320537.458: Total time for which application threads were stopped: 0.0009530 seconds, Stopping threads took: 0.0001705 seconds
2016-08-16T10:25:23.487+0000: 320597.457: Total time for which application threads were stopped: 0.0010468 seconds, Stopping threads took: 0.0002081 seconds
2016-08-16T10:26:23.485+0000: 320657.455: Total time for which application threads were stopped: 0.0009044 seconds, Stopping threads took: 0.0002175 seconds
2016-08-16T10:27:23.491+0000: 320717.461: Total time for which application threads were stopped: 0.0075686 seconds, Stopping threads took: 0.0001523 seconds
2016-08-16T10:27:45.798+0000: 320739.769: [GC (Allocation Failure) 320739.769: [ParNew
Desired survivor size 8716288 bytes, new threshold 6 (max 6)
- age   1:    5095032 bytes,    5095032 total
- age   2:     251472 bytes,    5346504 total
- age   3:      22072 bytes,    5368576 total
- age   4:      20952 bytes,    5389528 total
- age   5:      19616 bytes,    5409144 total
- age   6:     136728 bytes,    5545872 total
: 140950K->5507K(153344K), 0.0241776 secs] 320716K->185294K(1031552K), 0.0244149 secs] [Times: user=0.04 sys=0.00, real=0.03 secs] 
2016-08-16T10:27:45.823+0000: 320739.793: Total time for which application threads were stopped: 0.0258866 seconds, Stopping threads took: 0.0001728 seconds
2016-08-16T10:28:23.485+0000: 320777.455: Total time for which application threads were stopped: 0.0007501 seconds, Stopping threads took: 0.0001430 seconds
2016-08-16T10:29:23.489+0000: 320837.459: Total time for which application threads were stopped: 0.0030424 seconds, Stopping threads took: 0.0025582 seconds
2016-08-16T10:30:23.488+0000: 320897.459: Total time for which application threads were stopped: 0.0046629 seconds, Stopping threads took: 0.0041041 seconds
2016-08-16T10:31:23.492+0000: 320957.462: Total time for which application threads were stopped: 0.0018751 seconds, Stopping threads took: 0.0003419 seconds
2016-08-16T10:31:27.517+0000: 320961.487: [GC (Allocation Failure) 320961.487: [ParNew
Desired survivor size 8716288 bytes, new threshold 6 (max 6)
- age   1:    5163592 bytes,    5163592 total
- age   2:      30504 bytes,    5194096 total
- age   3:      41128 bytes,    5235224 total
- age   4:      17184 bytes,    5252408 total
- age   5:      20520 bytes,    5272928 total
- age   6:      19584 bytes,    5292512 total
: 141827K->5402K(153344K), 0.0174384 secs] 321614K->185324K(1031552K), 0.0175680 secs] [Times: user=0.02 sys=0.00, real=0.02 secs] 
2016-08-16T10:31:27.535+0000: 320961.505: Total time for which application threads were stopped: 0.0182266 seconds, Stopping threads took: 0.0000959 seconds
2016-08-16T10:32:23.494+0000: 321017.464: Total time for which application threads were stopped: 0.0019711 seconds, Stopping threads took: 0.0003022 seconds
2016-08-16T10:33:23.493+0000: 321077.463: Total time for which application threads were stopped: 0.0014265 seconds, Stopping threads took: 0.0003543 seconds
2016-08-16T10:34:23.497+0000: 321137.467: Total time for which application threads were stopped: 0.0046249 seconds, Stopping threads took: 0.0039166 seconds
2016-08-16T10:35:23.485+0000: 321197.455: [GC (Allocation Failure) 321197.455: [ParNew
Desired survivor size 8716288 bytes, new threshold 6 (max 6)
- age   1:    5080176 bytes,    5080176 total
- age   2:      34480 bytes,    5114656 total
- age   3:      22744 bytes,    5137400 total
- age   4:      34312 bytes,    5171712 total
- age   5:      16592 bytes,    5188304 total
- age   6:      20416 bytes,    5208720 total
: 141722K->5340K(153344K), 0.0224916 secs] 321644K->185281K(1031552K), 0.0227269 secs] [Times: user=0.03 sys=0.00, real=0.02 secs] 
2016-08-16T10:35:23.507+0000: 321197.478: Total time for which application threads were stopped: 0.0243078 seconds, Stopping threads took: 0.0001951 seconds
2016-08-16T10:35:23.516+0000: 321197.486: Total time for which application threads were stopped: 0.0005310 seconds, Stopping threads took: 0.0000630 seconds
2016-08-16T10:36:23.494+0000: 321257.464: Total time for which application threads were stopped: 0.0009005 seconds, Stopping threads took: 0.0001592 seconds
2016-08-16T10:37:23.493+0000: 321317.463: Total time for which application threads were stopped: 0.0034221 seconds, Stopping threads took: 0.0027917 seconds
2016-08-16T10:38:23.485+0000: 321377.455: Total time for which application threads were stopped: 0.0006282 seconds, Stopping threads took: 0.0001045 seconds
2016-08-16T10:39:10.990+0000: 321424.961: [GC (Allocation Failure) 321424.961: [ParNew
Desired survivor size 8716288 bytes, new threshold 6 (max 6)
- age   1:    5347352 bytes,    5347352 total
- age   2:      35800 bytes,    5383152 total
- age   3:      25176 bytes,    5408328 total
- age   4:      19576 bytes,    5427904 total
- age   5:      34112 bytes,    5462016 total
- age   6:      16560 bytes,    5478576 total
: 141660K->5394K(153344K), 0.0186159 secs] 321601K->185356K(1031552K), 0.0187401 secs] [Times: user=0.02 sys=0.00, real=0.02 secs] 
2016-08-16T10:39:11.009+0000: 321424.980: Total time for which application threads were stopped: 0.0194278 seconds, Stopping threads took: 0.0001353 seconds
2016-08-16T10:39:23.497+0000: 321437.467: Total time for which application threads were stopped: 0.0014483 seconds, Stopping threads took: 0.0009811 seconds
2016-08-16T10:40:23.497+0000: 321497.467: Total time for which application threads were stopped: 0.0041014 seconds, Stopping threads took: 0.0033951 seconds
2016-08-16T10:41:23.497+0000: 321557.467: Total time for which application threads were stopped: 0.0049690 seconds, Stopping threads took: 0.0043106 seconds
2016-08-16T10:42:23.493+0000: 321617.463: Total time for which application threads were stopped: 0.0048869 seconds, Stopping threads took: 0.0041534 seconds
2016-08-16T10:42:54.298+0000: 321648.268: [GC (Allocation Failure) 321648.268: [ParNew
Desired survivor size 8716288 bytes, new threshold 6 (max 6)
- age   1:    5189448 bytes,    5189448 total
- age   2:      35232 bytes,    5224680 total
- age   3:      21824 bytes,    5246504 total
- age   4:      20152 bytes,    5266656 total
- age   5:      19504 bytes,    5286160 total
- age   6:      33712 bytes,    5319872 total
: 141714K->5581K(153344K), 0.0214291 secs] 321676K->185560K(1031552K), 0.0216794 secs] [Times: user=0.03 sys=0.00, real=0.02 secs] 
2016-08-16T10:42:54.319+0000: 321648.290: Total time for which application threads were stopped: 0.0233668 seconds, Stopping threads took: 0.0002008 seconds
2016-08-16T10:43:23.495+0000: 321677.465: Total time for which application threads were stopped: 0.0007103 seconds, Stopping threads took: 0.0001194 seconds
2016-08-16T10:44:23.493+0000: 321737.463: Total time for which application threads were stopped: 0.0020456 seconds, Stopping threads took: 0.0003088 seconds
2016-08-16T10:44:50.092+0000: 321764.062: Total time for which application threads were stopped: 0.0076940 seconds, Stopping threads took: 0.0001482 seconds
2016-08-16T10:44:53.758+0000: 321767.728: Total time for which application threads were stopped: 0.0005560 seconds, Stopping threads took: 0.0000881 seconds
2016-08-16T10:44:53.760+0000: 321767.730: Total time for which application threads were stopped: 0.0014404 seconds, Stopping threads took: 0.0000487 seconds
2016-08-16T10:44:58.759+0000: 321772.729: Total time for which application threads were stopped: 0.0014201 seconds, Stopping threads took: 0.0001974 seconds
2016-08-16T10:45:23.493+0000: 321797.463: Total time for which application threads were stopped: 0.0026946 seconds, Stopping threads took: 0.0019183 seconds
2016-08-16T10:46:23.493+0000: 321857.463: Total time for which application threads were stopped: 0.0017866 seconds, Stopping threads took: 0.0003400 seconds
2016-08-16T10:46:46.365+0000: 321880.335: [GC (Allocation Failure) 321880.335: [ParNew
Desired survivor size 8716288 bytes, new threshold 6 (max 6)
- age   1:    5251472 bytes,    5251472 total
- age   2:      30160 bytes,    5281632 total
- age   3:      23536 bytes,    5305168 total
- age   4:      18688 bytes,    5323856 total
- age   5:      20152 bytes,    5344008 total
- age   6:      19432 bytes,    5363440 total
: 141901K->5385K(153344K), 0.0252554 secs] 321880K->185397K(1031552K), 0.0254664 secs] [Times: user=0.04 sys=0.00, real=0.03 secs] 
2016-08-16T10:46:46.391+0000: 321880.361: Total time for which application threads were stopped: 0.0271460 seconds, Stopping threads took: 0.0002284 seconds
2016-08-16T10:47:23.498+0000: 321917.469: Total time for which application threads were stopped: 0.0057528 seconds, Stopping threads took: 0.0035751 seconds
2016-08-16T10:48:23.488+0000: 321977.459: Total time for which application threads were stopped: 0.0045863 seconds, Stopping threads took: 0.0040728 seconds
2016-08-16T10:49:23.497+0000: 322037.467: Total time for which application threads were stopped: 0.0043459 seconds, Stopping threads took: 0.0035652 seconds
2016-08-16T10:50:23.497+0000: 322097.467: Total time for which application threads were stopped: 0.0043780 seconds, Stopping threads took: 0.0036937 seconds
2016-08-16T10:50:42.002+0000: 322115.972: [GC (Allocation Failure) 322115.972: [ParNew
Desired survivor size 8716288 bytes, new threshold 6 (max 6)
- age   1:    5151216 bytes,    5151216 total
- age   2:      36264 bytes,    5187480 total
- age   3:      24872 bytes,    5212352 total
- age   4:      18920 bytes,    5231272 total
- age   5:      18616 bytes,    5249888 total
- age   6:      20080 bytes,    5269968 total
: 141705K->5264K(153344K), 0.0185875 secs] 321717K->185296K(1031552K), 0.0187119 secs] [Times: user=0.02 sys=0.00, real=0.02 secs] 
2016-08-16T10:50:42.021+0000: 322115.991: Total time for which application threads were stopped: 0.0194009 seconds, Stopping threads took: 0.0000822 seconds
2016-08-16T10:51:23.493+0000: 322157.463: Total time for which application threads were stopped: 0.0018772 seconds, Stopping threads took: 0.0002888 seconds
2016-08-16T10:52:23.493+0000: 322217.463: Total time for which application threads were stopped: 0.0018910 seconds, Stopping threads took: 0.0002901 seconds
2016-08-16T10:53:23.497+0000: 322277.467: Total time for which application threads were stopped: 0.0047765 seconds, Stopping threads took: 0.0039396 seconds
2016-08-16T10:54:23.497+0000: 322337.467: Total time for which application threads were stopped: 0.0041368 seconds, Stopping threads took: 0.0034286 seconds
2016-08-16T10:54:29.519+0000: 322343.489: [GC (Allocation Failure) 322343.489: [ParNew
Desired survivor size 8716288 bytes, new threshold 6 (max 6)
- age   1:    5180880 bytes,    5180880 total
- age   2:      31000 bytes,    5211880 total
- age   3:      26880 bytes,    5238760 total
- age   4:      19760 bytes,    5258520 total
- age   5:      18920 bytes,    5277440 total
- age   6:      18544 bytes,    5295984 total
: 141584K->5417K(153344K), 0.0238245 secs] 321616K->185470K(1031552K), 0.0240874 secs] [Times: user=0.04 sys=0.00, real=0.03 secs] 
2016-08-16T10:54:29.543+0000: 322343.513: Total time for which application threads were stopped: 0.0256124 seconds, Stopping threads took: 0.0002016 seconds
2016-08-16T10:55:23.494+0000: 322397.465: Total time for which application threads were stopped: 0.0009081 seconds, Stopping threads took: 0.0001666 seconds
2016-08-16T10:56:23.494+0000: 322457.464: Total time for which application threads were stopped: 0.0037934 seconds, Stopping threads took: 0.0023388 seconds
2016-08-16T10:57:23.491+0000: 322517.461: Total time for which application threads were stopped: 0.0018225 seconds, Stopping threads took: 0.0003622 seconds
2016-08-16T10:58:18.820+0000: 322572.791: [GC (Allocation Failure) 322572.791: [ParNew
Desired survivor size 8716288 bytes, new threshold 6 (max 6)
- age   1:    5004768 bytes,    5004768 total
- age   2:      34336 bytes,    5039104 total
- age   3:      23352 bytes,    5062456 total
- age   4:      22616 bytes,    5085072 total
- age   5:      19760 bytes,    5104832 total
- age   6:      18920 bytes,    5123752 total
: 141737K->5111K(153344K), 0.0204356 secs] 321790K->185182K(1031552K), 0.0207535 secs] [Times: user=0.03 sys=0.00, real=0.02 secs] 
2016-08-16T10:58:18.841+0000: 322572.812: Total time for which application threads were stopped: 0.0223811 seconds, Stopping threads took: 0.0001821 seconds
2016-08-16T10:58:22.843+0000: 322576.814: Total time for which application threads were stopped: 0.0005633 seconds, Stopping threads took: 0.0001090 seconds
2016-08-16T10:58:23.484+0000: 322577.454: Total time for which application threads were stopped: 0.0006823 seconds, Stopping threads took: 0.0001538 seconds
2016-08-16T10:59:23.491+0000: 322637.461: Total time for which application threads were stopped: 0.0017867 seconds, Stopping threads took: 0.0002768 seconds
2016-08-16T10:59:24.492+0000: 322638.462: Total time for which application threads were stopped: 0.0005121 seconds, Stopping threads took: 0.0000941 seconds
2016-08-16T11:00:00.027+0000: 322673.997: Total time for which application threads were stopped: 0.0006326 seconds, Stopping threads took: 0.0000874 seconds
2016-08-16T11:00:00.027+0000: 322673.997: Total time for which application threads were stopped: 0.0003155 seconds, Stopping threads took: 0.0000473 seconds
2016-08-16T11:00:00.028+0000: 322673.998: Total time for which application threads were stopped: 0.0004019 seconds, Stopping threads took: 0.0000378 seconds
2016-08-16T11:00:00.028+0000: 322673.998: Total time for which application threads were stopped: 0.0003162 seconds, Stopping threads took: 0.0000691 seconds
2016-08-16T11:00:00.028+0000: 322673.999: Total time for which application threads were stopped: 0.0003198 seconds, Stopping threads took: 0.0000762 seconds
2016-08-16T11:00:00.029+0000: 322673.999: Total time for which application threads were stopped: 0.0003453 seconds, Stopping threads took: 0.0000561 seconds
2016-08-16T11:00:00.034+0000: 322674.005: Total time for which application threads were stopped: 0.0016978 seconds, Stopping threads took: 0.0000494 seconds
2016-08-16T11:00:23.489+0000: 322697.459: Total time for which application threads were stopped: 0.0044121 seconds, Stopping threads took: 0.0038775 seconds
2016-08-16T11:00:56.516+0000: 322730.487: [GC (Allocation Failure) 322730.487: [ParNew
Desired survivor size 8716288 bytes, new threshold 6 (max 6)
- age   1:    4529392 bytes,    4529392 total
- age   2:      24848 bytes,    4554240 total
- age   3:      27448 bytes,    4581688 total
- age   4:      19744 bytes,    4601432 total
- age   5:      22328 bytes,    4623760 total
- age   6:      19480 bytes,    4643240 total
: 141431K->4617K(153344K), 0.0165075 secs] 321502K->184707K(1031552K), 0.0166445 secs] [Times: user=0.02 sys=0.00, real=0.02 secs] 
2016-08-16T11:00:56.533+0000: 322730.503: Total time for which application threads were stopped: 0.0172933 seconds, Stopping threads took: 0.0000684 seconds
2016-08-16T11:01:23.483+0000: 322757.453: Total time for which application threads were stopped: 0.0006449 seconds, Stopping threads took: 0.0001108 seconds
2016-08-16T11:02:23.485+0000: 322817.455: Total time for which application threads were stopped: 0.0006813 seconds, Stopping threads took: 0.0001392 seconds
2016-08-16T11:03:23.494+0000: 322877.464: Total time for which application threads were stopped: 0.0019542 seconds, Stopping threads took: 0.0003278 seconds
2016-08-16T11:04:23.497+0000: 322937.467: Total time for which application threads were stopped: 0.0043077 seconds, Stopping threads took: 0.0036100 seconds
2016-08-16T11:05:08.855+0000: 322982.825: [GC (Allocation Failure) 322982.826: [ParNew
Desired survivor size 8716288 bytes, new threshold 6 (max 6)
- age   1:    4803032 bytes,    4803032 total
- age   2:     121784 bytes,    4924816 total
- age   3:      16192 bytes,    4941008 total
- age   4:      22056 bytes,    4963064 total
- age   5:      19744 bytes,    4982808 total
- age   6:      22184 bytes,    5004992 total
: 140937K->5046K(153344K), 0.0229849 secs] 321027K->185155K(1031552K), 0.0231874 secs] [Times: user=0.03 sys=0.00, real=0.02 secs] 
2016-08-16T11:05:08.879+0000: 322982.849: Total time for which application threads were stopped: 0.0248239 seconds, Stopping threads took: 0.0002386 seconds
2016-08-16T11:05:23.493+0000: 322997.463: Total time for which application threads were stopped: 0.0018319 seconds, Stopping threads took: 0.0004112 seconds
2016-08-16T11:06:23.493+0000: 323057.463: Total time for which application threads were stopped: 0.0032906 seconds, Stopping threads took: 0.0026240 seconds
2016-08-16T11:07:23.490+0000: 323117.460: Total time for which application threads were stopped: 0.0012874 seconds, Stopping threads took: 0.0002390 seconds
2016-08-16T11:08:23.482+0000: 323177.452: Total time for which application threads were stopped: 0.0006174 seconds, Stopping threads took: 0.0001024 seconds
2016-08-16T11:09:02.182+0000: 323216.152: [GC (Allocation Failure) 323216.152: [ParNew
Desired survivor size 8716288 bytes, new threshold 6 (max 6)
- age   1:    5096744 bytes,    5096744 total
- age   2:      31272 bytes,    5128016 total
- age   3:     107000 bytes,    5235016 total
- age   4:      16192 bytes,    5251208 total
- age   5:      21952 bytes,    5273160 total
- age   6:      19744 bytes,    5292904 total
: 141366K->5368K(153344K), 0.0169112 secs] 321475K->185501K(1031552K), 0.0170322 secs] [Times: user=0.03 sys=0.00, real=0.01 secs] 
2016-08-16T11:09:02.199+0000: 323216.169: Total time for which application threads were stopped: 0.0176642 seconds, Stopping threads took: 0.0000756 seconds
2016-08-16T11:09:23.495+0000: 323237.465: Total time for which application threads were stopped: 0.0018025 seconds, Stopping threads took: 0.0002533 seconds
2016-08-16T11:10:23.491+0000: 323297.461: Total time for which application threads were stopped: 0.0018216 seconds, Stopping threads took: 0.0002957 seconds
2016-08-16T11:11:23.491+0000: 323357.461: Total time for which application threads were stopped: 0.0019111 seconds, Stopping threads took: 0.0002827 seconds
2016-08-16T11:11:54.499+0000: 323388.469: Total time for which application threads were stopped: 0.0005125 seconds, Stopping threads took: 0.0000957 seconds
2016-08-16T11:12:23.493+0000: 323417.463: Total time for which application threads were stopped: 0.0030189 seconds, Stopping threads took: 0.0023375 seconds
2016-08-16T11:12:55.680+0000: 323449.651: [GC (Allocation Failure) 323449.651: [ParNew
Desired survivor size 8716288 bytes, new threshold 6 (max 6)
- age   1:    5280184 bytes,    5280184 total
- age   2:      33072 bytes,    5313256 total
- age   3:      22648 bytes,    5335904 total
- age   4:     101472 bytes,    5437376 total
- age   5:      16160 bytes,    5453536 total
- age   6:      21720 bytes,    5475256 total
: 141688K->5443K(153344K), 0.0213748 secs] 321821K->185595K(1031552K), 0.0217184 secs] [Times: user=0.03 sys=0.00, real=0.02 secs] 
2016-08-16T11:12:55.702+0000: 323449.672: Total time for which application threads were stopped: 0.0233478 seconds, Stopping threads took: 0.0001978 seconds
2016-08-16T11:13:23.491+0000: 323477.461: Total time for which application threads were stopped: 0.0033294 seconds, Stopping threads took: 0.0024215 seconds
2016-08-16T11:14:23.492+0000: 323537.463: Total time for which application threads were stopped: 0.0018903 seconds, Stopping threads took: 0.0003003 seconds
2016-08-16T11:15:23.488+0000: 323597.458: Total time for which application threads were stopped: 0.0045218 seconds, Stopping threads took: 0.0040412 seconds
2016-08-16T11:16:23.490+0000: 323657.461: Total time for which application threads were stopped: 0.0018086 seconds, Stopping threads took: 0.0003952 seconds
2016-08-16T11:16:45.942+0000: 323679.912: [GC (Allocation Failure) 323679.912: [ParNew
Desired survivor size 8716288 bytes, new threshold 6 (max 6)
- age   1:    5098120 bytes,    5098120 total
- age   2:     155048 bytes,    5253168 total
- age   3:      23928 bytes,    5277096 total
- age   4:      19488 bytes,    5296584 total
- age   5:     101472 bytes,    5398056 total
- age   6:      16016 bytes,    5414072 total
: 141763K->5539K(153344K), 0.0200331 secs] 321915K->185713K(1031552K), 0.0202608 secs] [Times: user=0.03 sys=0.00, real=0.02 secs] 
2016-08-16T11:16:45.962+0000: 323679.932: Total time for which application threads were stopped: 0.0218612 seconds, Stopping threads took: 0.0002586 seconds
2016-08-16T11:17:23.488+0000: 323717.458: Total time for which application threads were stopped: 0.0010352 seconds, Stopping threads took: 0.0001751 seconds
2016-08-16T11:18:23.486+0000: 323777.456: Total time for which application threads were stopped: 0.0009543 seconds, Stopping threads took: 0.0001695 seconds
2016-08-16T11:19:23.482+0000: 323837.452: Total time for which application threads were stopped: 0.0006140 seconds, Stopping threads took: 0.0001117 seconds
2016-08-16T11:20:23.484+0000: 323897.455: Total time for which application threads were stopped: 0.0014930 seconds, Stopping threads took: 0.0001131 seconds
2016-08-16T11:20:28.938+0000: 323902.909: [GC (Allocation Failure) 323902.909: [ParNew
Desired survivor size 8716288 bytes, new threshold 6 (max 6)
- age   1:    5127112 bytes,    5127112 total
- age   2:      34120 bytes,    5161232 total
- age   3:     143448 bytes,    5304680 total
- age   4:      20752 bytes,    5325432 total
- age   5:      19416 bytes,    5344848 total
- age   6:     101120 bytes,    5445968 total
: 141859K->5595K(153344K), 0.0273213 secs] 322033K->185785K(1031552K), 0.0275434 secs] [Times: user=0.05 sys=0.00, real=0.03 secs] 
2016-08-16T11:20:28.966+0000: 323902.936: Total time for which application threads were stopped: 0.0290980 seconds, Stopping threads took: 0.0002214 seconds
2016-08-16T11:21:23.484+0000: 323957.455: Total time for which application threads were stopped: 0.0007535 seconds, Stopping threads took: 0.0001612 seconds
2016-08-16T11:22:22.176+0000: 324016.146: Total time for which application threads were stopped: 0.0005618 seconds, Stopping threads took: 0.0000738 seconds
2016-08-16T11:22:22.176+0000: 324016.146: Total time for which application threads were stopped: 0.0003495 seconds, Stopping threads took: 0.0000399 seconds
2016-08-16T11:22:22.177+0000: 324016.147: Total time for which application threads were stopped: 0.0003853 seconds, Stopping threads took: 0.0000529 seconds
2016-08-16T11:22:22.177+0000: 324016.147: Total time for which application threads were stopped: 0.0003334 seconds, Stopping threads took: 0.0000977 seconds
2016-08-16T11:22:22.235+0000: 324016.205: Total time for which application threads were stopped: 0.0007037 seconds, Stopping threads took: 0.0001308 seconds
2016-08-16T11:22:23.485+0000: 324017.455: Total time for which application threads were stopped: 0.0006511 seconds, Stopping threads took: 0.0001255 seconds
2016-08-16T11:22:58.981+0000: 324052.951: [GC (Allocation Failure) 324052.951: [ParNew
Desired survivor size 8716288 bytes, new threshold 6 (max 6)
- age   1:    3805336 bytes,    3805336 total
- age   2:      35176 bytes,    3840512 total
- age   3:      22720 bytes,    3863232 total
- age   4:     136856 bytes,    4000088 total
- age   5:      20248 bytes,    4020336 total
- age   6:      18816 bytes,    4039152 total
: 141915K->4320K(153344K), 0.0196611 secs] 322105K->184610K(1031552K), 0.0199477 secs] [Times: user=0.04 sys=0.00, real=0.02 secs] 
2016-08-16T11:22:59.001+0000: 324052.971: Total time for which application threads were stopped: 0.0216053 seconds, Stopping threads took: 0.0002014 seconds
2016-08-16T11:22:59.003+0000: 324052.973: Total time for which application threads were stopped: 0.0004454 seconds, Stopping threads took: 0.0000372 seconds
2016-08-16T11:23:23.489+0000: 324077.459: Total time for which application threads were stopped: 0.0042740 seconds, Stopping threads took: 0.0037454 seconds
2016-08-16T11:24:23.488+0000: 324137.459: Total time for which application threads were stopped: 0.0045676 seconds, Stopping threads took: 0.0040727 seconds
2016-08-16T11:25:23.485+0000: 324197.455: Total time for which application threads were stopped: 0.0024066 seconds, Stopping threads took: 0.0017915 seconds
2016-08-16T11:26:23.493+0000: 324257.463: Total time for which application threads were stopped: 0.0020988 seconds, Stopping threads took: 0.0003893 seconds
2016-08-16T11:26:42.934+0000: 324276.905: [GC (Allocation Failure) 324276.905: [ParNew
Desired survivor size 8716288 bytes, new threshold 6 (max 6)
- age   1:    5302584 bytes,    5302584 total
- age   2:      43056 bytes,    5345640 total
- age   3:      26560 bytes,    5372200 total
- age   4:      19520 bytes,    5391720 total
- age   5:     136752 bytes,    5528472 total
- age   6:      20032 bytes,    5548504 total
: 140640K->5503K(153344K), 0.0231439 secs] 320930K->185812K(1031552K), 0.0233827 secs] [Times: user=0.04 sys=0.00, real=0.02 secs] 
2016-08-16T11:26:42.958+0000: 324276.928: Total time for which application threads were stopped: 0.0249344 seconds, Stopping threads took: 0.0001950 seconds
2016-08-16T11:27:23.493+0000: 324317.463: Total time for which application threads were stopped: 0.0021096 seconds, Stopping threads took: 0.0003188 seconds
2016-08-16T11:28:23.492+0000: 324377.462: Total time for which application threads were stopped: 0.0019278 seconds, Stopping threads took: 0.0003290 seconds
2016-08-16T11:29:23.485+0000: 324437.455: Total time for which application threads were stopped: 0.0007074 seconds, Stopping threads took: 0.0001344 seconds
2016-08-16T11:30:23.493+0000: 324497.463: Total time for which application threads were stopped: 0.0011462 seconds, Stopping threads took: 0.0003227 seconds
2016-08-16T11:30:53.498+0000: 324527.469: [GC (Allocation Failure) 324527.469: [ParNew
Desired survivor size 8716288 bytes, new threshold 6 (max 6)
- age   1:    4847032 bytes,    4847032 total
- age   2:      36288 bytes,    4883320 total
- age   3:      36024 bytes,    4919344 total
- age   4:      21048 bytes,    4940392 total
- age   5:      19520 bytes,    4959912 total
- age   6:     136752 bytes,    5096664 total
: 141823K->5392K(153344K), 0.0201841 secs] 322132K->185721K(1031552K), 0.0203272 secs] [Times: user=0.03 sys=0.00, real=0.02 secs] 
2016-08-16T11:30:53.519+0000: 324527.489: Total time for which application threads were stopped: 0.0211789 seconds, Stopping threads took: 0.0001775 seconds
2016-08-16T11:31:23.483+0000: 324557.453: Total time for which application threads were stopped: 0.0006702 seconds, Stopping threads took: 0.0001249 seconds
2016-08-16T11:32:23.485+0000: 324617.455: Total time for which application threads were stopped: 0.0007108 seconds, Stopping threads took: 0.0001322 seconds
2016-08-16T11:33:23.493+0000: 324677.463: Total time for which application threads were stopped: 0.0017013 seconds, Stopping threads took: 0.0008929 seconds
2016-08-16T11:34:23.493+0000: 324737.463: Total time for which application threads were stopped: 0.0025302 seconds, Stopping threads took: 0.0018300 seconds
2016-08-16T11:34:43.868+0000: 324757.839: [GC (Allocation Failure) 324757.839: [ParNew
Desired survivor size 8716288 bytes, new threshold 6 (max 6)
- age   1:    5059192 bytes,    5059192 total
- age   2:      37816 bytes,    5097008 total
- age   3:      25424 bytes,    5122432 total
- age   4:      31376 bytes,    5153808 total
- age   5:      20024 bytes,    5173832 total
- age   6:      19520 bytes,    5193352 total
: 141712K->5369K(153344K), 0.0264201 secs] 322041K->185832K(1031552K), 0.0267515 secs] [Times: user=0.04 sys=0.00, real=0.02 secs] 
2016-08-16T11:34:43.895+0000: 324757.865: Total time for which application threads were stopped: 0.0283197 seconds, Stopping threads took: 0.0001994 seconds
2016-08-16T11:35:23.492+0000: 324797.462: Total time for which application threads were stopped: 0.0018772 seconds, Stopping threads took: 0.0002792 seconds
2016-08-16T11:36:23.493+0000: 324857.464: Total time for which application threads were stopped: 0.0019484 seconds, Stopping threads took: 0.0002967 seconds
2016-08-16T11:37:23.492+0000: 324917.463: Total time for which application threads were stopped: 0.0018809 seconds, Stopping threads took: 0.0003249 seconds
2016-08-16T11:38:23.493+0000: 324977.464: Total time for which application threads were stopped: 0.0015919 seconds, Stopping threads took: 0.0002964 seconds
2016-08-16T11:38:39.527+0000: 324993.497: [GC (Allocation Failure) 324993.497: [ParNew
Desired survivor size 8716288 bytes, new threshold 6 (max 6)
- age   1:    5018792 bytes,    5018792 total
- age   2:      35272 bytes,    5054064 total
- age   3:      21880 bytes,    5075944 total
- age   4:      20992 bytes,    5096936 total
- age   5:      31088 bytes,    5128024 total
- age   6:      19952 bytes,    5147976 total
: 141689K->5099K(153344K), 0.0227705 secs] 322152K->185583K(1031552K), 0.0229872 secs] [Times: user=0.04 sys=0.00, real=0.03 secs] 
2016-08-16T11:38:39.550+0000: 324993.520: Total time for which application threads were stopped: 0.0245491 seconds, Stopping threads took: 0.0002019 seconds
2016-08-16T11:39:23.495+0000: 325037.465: Total time for which application threads were stopped: 0.0053988 seconds, Stopping threads took: 0.0003022 seconds
2016-08-16T11:40:23.491+0000: 325097.461: Total time for which application threads were stopped: 0.0018880 seconds, Stopping threads took: 0.0002728 seconds
2016-08-16T11:41:23.490+0000: 325157.460: Total time for which application threads were stopped: 0.0013224 seconds, Stopping threads took: 0.0002307 seconds
2016-08-16T11:42:23.491+0000: 325217.461: Total time for which application threads were stopped: 0.0014836 seconds, Stopping threads took: 0.0002321 seconds
2016-08-16T11:42:38.614+0000: 325232.584: [GC (Allocation Failure) 325232.584: [ParNew
Desired survivor size 8716288 bytes, new threshold 6 (max 6)
- age   1:    4984304 bytes,    4984304 total
- age   2:      34648 bytes,    5018952 total
- age   3:      24680 bytes,    5043632 total
- age   4:      18704 bytes,    5062336 total
- age   5:      20960 bytes,    5083296 total
- age   6:      30688 bytes,    5113984 total
: 141419K->5285K(153344K), 0.0210345 secs] 321903K->185789K(1031552K), 0.0212696 secs] [Times: user=0.03 sys=0.00, real=0.02 secs] 
2016-08-16T11:42:38.635+0000: 325232.605: Total time for which application threads were stopped: 0.0228966 seconds, Stopping threads took: 0.0001811 seconds
2016-08-16T11:43:23.485+0000: 325277.455: Total time for which application threads were stopped: 0.0014121 seconds, Stopping threads took: 0.0008816 seconds
2016-08-16T11:44:23.489+0000: 325337.459: Total time for which application threads were stopped: 0.0045921 seconds, Stopping threads took: 0.0040640 seconds
2016-08-16T11:45:23.488+0000: 325397.459: Total time for which application threads were stopped: 0.0045817 seconds, Stopping threads took: 0.0040733 seconds
2016-08-16T11:46:17.163+0000: 325451.133: [GC (Allocation Failure) 325451.133: [ParNew
Desired survivor size 8716288 bytes, new threshold 6 (max 6)
- age   1:    5106400 bytes,    5106400 total
- age   2:      39720 bytes,    5146120 total
- age   3:      24472 bytes,    5170592 total
- age   4:      20424 bytes,    5191016 total
- age   5:      18632 bytes,    5209648 total
- age   6:      20856 bytes,    5230504 total
: 141605K->5315K(153344K), 0.0207212 secs] 322109K->185849K(1031552K), 0.0209907 secs] [Times: user=0.03 sys=0.00, real=0.02 secs] 
2016-08-16T11:46:17.184+0000: 325451.154: Total time for which application threads were stopped: 0.0225407 seconds, Stopping threads took: 0.0002043 seconds
2016-08-16T11:46:23.496+0000: 325457.466: Total time for which application threads were stopped: 0.0007593 seconds, Stopping threads took: 0.0001691 seconds
2016-08-16T11:47:23.489+0000: 325517.459: Total time for which application threads were stopped: 0.0010996 seconds, Stopping threads took: 0.0002751 seconds
2016-08-16T11:48:23.492+0000: 325577.462: Total time for which application threads were stopped: 0.0014739 seconds, Stopping threads took: 0.0002431 seconds
2016-08-16T11:49:23.484+0000: 325637.455: Total time for which application threads were stopped: 0.0006961 seconds, Stopping threads took: 0.0001526 seconds
2016-08-16T11:50:03.982+0000: 325677.952: [GC (Allocation Failure) 325677.952: [ParNew
Desired survivor size 8716288 bytes, new threshold 6 (max 6)
- age   1:    5114104 bytes,    5114104 total
- age   2:      28360 bytes,    5142464 total
- age   3:      25736 bytes,    5168200 total
- age   4:      20584 bytes,    5188784 total
- age   5:      20424 bytes,    5209208 total
- age   6:      18632 bytes,    5227840 total
: 141635K->5241K(153344K), 0.0216330 secs] 322169K->185796K(1031552K), 0.0218707 secs] [Times: user=0.04 sys=0.00, real=0.02 secs] 
2016-08-16T11:50:04.004+0000: 325677.974: Total time for which application threads were stopped: 0.0234291 seconds, Stopping threads took: 0.0002467 seconds
2016-08-16T11:50:23.483+0000: 325697.453: Total time for which application threads were stopped: 0.0006769 seconds, Stopping threads took: 0.0001374 seconds
2016-08-16T11:51:23.492+0000: 325757.462: Total time for which application threads were stopped: 0.0018578 seconds, Stopping threads took: 0.0002914 seconds
2016-08-16T11:52:23.494+0000: 325817.464: Total time for which application threads were stopped: 0.0007241 seconds, Stopping threads took: 0.0001397 seconds
2016-08-16T11:53:23.485+0000: 325877.455: Total time for which application threads were stopped: 0.0007215 seconds, Stopping threads took: 0.0001575 seconds
2016-08-16T11:53:54.153+0000: 325908.123: [GC (Allocation Failure) 325908.123: [ParNew
Desired survivor size 8716288 bytes, new threshold 6 (max 6)
- age   1:    5057600 bytes,    5057600 total
- age   2:      34736 bytes,    5092336 total
- age   3:      20480 bytes,    5112816 total
- age   4:      19960 bytes,    5132776 total
- age   5:      20584 bytes,    5153360 total
- age   6:      20320 bytes,    5173680 total
: 141561K->5230K(153344K), 0.0176920 secs] 322116K->185805K(1031552K), 0.0178147 secs] [Times: user=0.03 sys=0.00, real=0.02 secs] 
2016-08-16T11:53:54.171+0000: 325908.141: Total time for which application threads were stopped: 0.0184820 seconds, Stopping threads took: 0.0001007 seconds
2016-08-16T11:54:23.494+0000: 325937.464: Total time for which application threads were stopped: 0.0009464 seconds, Stopping threads took: 0.0001550 seconds
2016-08-16T11:55:23.490+0000: 325997.461: Total time for which application threads were stopped: 0.0018340 seconds, Stopping threads took: 0.0003070 seconds
2016-08-16T11:56:23.493+0000: 326057.464: Total time for which application threads were stopped: 0.0017310 seconds, Stopping threads took: 0.0006103 seconds
2016-08-16T11:57:23.494+0000: 326117.464: Total time for which application threads were stopped: 0.0038897 seconds, Stopping threads took: 0.0023322 seconds
2016-08-16T11:57:43.519+0000: 326137.489: [GC (Allocation Failure) 326137.489: [ParNew
Desired survivor size 8716288 bytes, new threshold 6 (max 6)
- age   1:    5114600 bytes,    5114600 total
- age   2:      31552 bytes,    5146152 total
- age   3:      25056 bytes,    5171208 total
- age   4:      17128 bytes,    5188336 total
- age   5:      19856 bytes,    5208192 total
- age   6:      20480 bytes,    5228672 total
: 141550K->5280K(153344K), 0.0214413 secs] 322125K->185875K(1031552K), 0.0216958 secs] [Times: user=0.03 sys=0.00, real=0.03 secs] 
2016-08-16T11:57:43.541+0000: 326137.511: Total time for which application threads were stopped: 0.0232045 seconds, Stopping threads took: 0.0002000 seconds
2016-08-16T11:58:23.494+0000: 326177.464: Total time for which application threads were stopped: 0.0008014 seconds, Stopping threads took: 0.0001395 seconds
2016-08-16T11:59:23.495+0000: 326237.465: Total time for which application threads were stopped: 0.0025397 seconds, Stopping threads took: 0.0003236 seconds
2016-08-16T12:00:00.036+0000: 326274.007: Total time for which application threads were stopped: 0.0046412 seconds, Stopping threads took: 0.0040731 seconds
2016-08-16T12:00:00.040+0000: 326274.011: Total time for which application threads were stopped: 0.0039234 seconds, Stopping threads took: 0.0036077 seconds
2016-08-16T12:00:00.041+0000: 326274.011: Total time for which application threads were stopped: 0.0006203 seconds, Stopping threads took: 0.0000495 seconds
2016-08-16T12:00:00.046+0000: 326274.017: Total time for which application threads were stopped: 0.0033061 seconds, Stopping threads took: 0.0029864 seconds
2016-08-16T12:00:00.047+0000: 326274.017: Total time for which application threads were stopped: 0.0003865 seconds, Stopping threads took: 0.0000790 seconds
2016-08-16T12:00:23.498+0000: 326297.468: Total time for which application threads were stopped: 0.0059769 seconds, Stopping threads took: 0.0044051 seconds
2016-08-16T12:00:31.845+0000: 326305.815: [GC (Allocation Failure) 326305.815: [ParNew
Desired survivor size 8716288 bytes, new threshold 6 (max 6)
- age   1:    4605544 bytes,    4605544 total
- age   2:      31280 bytes,    4636824 total
- age   3:      25544 bytes,    4662368 total
- age   4:      20704 bytes,    4683072 total
- age   5:      16504 bytes,    4699576 total
- age   6:      19608 bytes,    4719184 total
: 141600K->4737K(153344K), 0.0244750 secs] 322195K->185353K(1031552K), 0.0247096 secs] [Times: user=0.04 sys=0.00, real=0.03 secs] 
2016-08-16T12:00:31.870+0000: 326305.840: Total time for which application threads were stopped: 0.0262813 seconds, Stopping threads took: 0.0001765 seconds
2016-08-16T12:01:23.493+0000: 326357.463: Total time for which application threads were stopped: 0.0018069 seconds, Stopping threads took: 0.0002884 seconds
2016-08-16T12:02:23.491+0000: 326417.462: Total time for which application threads were stopped: 0.0018855 seconds, Stopping threads took: 0.0002892 seconds
2016-08-16T12:03:23.492+0000: 326477.463: Total time for which application threads were stopped: 0.0019620 seconds, Stopping threads took: 0.0003118 seconds
2016-08-16T12:04:19.208+0000: 326533.178: [GC (Allocation Failure) 326533.179: [ParNew
Desired survivor size 8716288 bytes, new threshold 6 (max 6)
- age   1:    5058952 bytes,    5058952 total
- age   2:     117736 bytes,    5176688 total
- age   3:      21544 bytes,    5198232 total
- age   4:      20528 bytes,    5218760 total
- age   5:      20600 bytes,    5239360 total
- age   6:      16384 bytes,    5255744 total
: 141057K->5306K(153344K), 0.0245489 secs] 321673K->185942K(1031552K), 0.0248940 secs] [Times: user=0.04 sys=0.00, real=0.03 secs] 
2016-08-16T12:04:19.233+0000: 326533.203: Total time for which application threads were stopped: 0.0265826 seconds, Stopping threads took: 0.0002940 seconds
2016-08-16T12:04:23.486+0000: 326537.456: Total time for which application threads were stopped: 0.0006740 seconds, Stopping threads took: 0.0001299 seconds
2016-08-16T12:05:23.485+0000: 326597.455: Total time for which application threads were stopped: 0.0007515 seconds, Stopping threads took: 0.0001333 seconds
2016-08-16T12:06:23.485+0000: 326657.456: Total time for which application threads were stopped: 0.0006482 seconds, Stopping threads took: 0.0001290 seconds
2016-08-16T12:07:23.492+0000: 326717.462: Total time for which application threads were stopped: 0.0018255 seconds, Stopping threads took: 0.0003546 seconds
2016-08-16T12:08:11.520+0000: 326765.490: [GC (Allocation Failure) 326765.490: [ParNew
Desired survivor size 8716288 bytes, new threshold 6 (max 6)
- age   1:    5007856 bytes,    5007856 total
- age   2:      31808 bytes,    5039664 total
- age   3:     105344 bytes,    5145008 total
- age   4:      20520 bytes,    5165528 total
- age   5:      20464 bytes,    5185992 total
- age   6:      20472 bytes,    5206464 total
: 141626K->5303K(153344K), 0.0232616 secs] 322262K->185956K(1031552K), 0.0234998 secs] [Times: user=0.03 sys=0.00, real=0.03 secs] 
2016-08-16T12:08:11.543+0000: 326765.514: Total time for which application threads were stopped: 0.0250191 seconds, Stopping threads took: 0.0001985 seconds
2016-08-16T12:08:23.495+0000: 326777.465: Total time for which application threads were stopped: 0.0077213 seconds, Stopping threads took: 0.0013737 seconds
2016-08-16T12:09:23.491+0000: 326837.461: Total time for which application threads were stopped: 0.0020774 seconds, Stopping threads took: 0.0004028 seconds
2016-08-16T12:10:23.489+0000: 326897.459: Total time for which application threads were stopped: 0.0033419 seconds, Stopping threads took: 0.0024305 seconds
2016-08-16T12:11:23.491+0000: 326957.462: Total time for which application threads were stopped: 0.0019367 seconds, Stopping threads took: 0.0004012 seconds
2016-08-16T12:12:15.525+0000: 327009.495: [GC (Allocation Failure) 327009.495: [ParNew
Desired survivor size 8716288 bytes, new threshold 6 (max 6)
- age   1:    4985664 bytes,    4985664 total
- age   2:      33776 bytes,    5019440 total
- age   3:      22464 bytes,    5041904 total
- age   4:     101352 bytes,    5143256 total
- age   5:      20352 bytes,    5163608 total
- age   6:      20192 bytes,    5183800 total
: 141623K->5271K(153344K), 0.0239173 secs] 322276K->185945K(1031552K), 0.0240805 secs] [Times: user=0.04 sys=0.00, real=0.03 secs] 
2016-08-16T12:12:15.549+0000: 327009.519: Total time for which application threads were stopped: 0.0255875 seconds, Stopping threads took: 0.0002337 seconds
2016-08-16T12:12:23.493+0000: 327017.463: Total time for which application threads were stopped: 0.0020701 seconds, Stopping threads took: 0.0013319 seconds
2016-08-16T12:13:23.489+0000: 327077.459: Total time for which application threads were stopped: 0.0023650 seconds, Stopping threads took: 0.0014191 seconds
2016-08-16T12:14:23.493+0000: 327137.463: Total time for which application threads were stopped: 0.0040253 seconds, Stopping threads took: 0.0033736 seconds
2016-08-16T12:15:23.493+0000: 327197.464: Total time for which application threads were stopped: 0.0025553 seconds, Stopping threads took: 0.0016945 seconds
2016-08-16T12:16:02.518+0000: 327236.489: [GC (Allocation Failure) 327236.489: [ParNew
Desired survivor size 8716288 bytes, new threshold 6 (max 6)
- age   1:    5293072 bytes,    5293072 total
- age   2:      32408 bytes,    5325480 total
- age   3:      23576 bytes,    5349056 total
- age   4:      17312 bytes,    5366368 total
- age   5:      99952 bytes,    5466320 total
- age   6:      20288 bytes,    5486608 total
: 141591K->5685K(153344K), 0.0179011 secs] 322265K->186378K(1031552K), 0.0180355 secs] [Times: user=0.02 sys=0.00, real=0.02 secs] 
2016-08-16T12:16:02.536+0000: 327236.507: Total time for which application threads were stopped: 0.0187586 seconds, Stopping threads took: 0.0001005 seconds
2016-08-16T12:16:23.493+0000: 327257.463: Total time for which application threads were stopped: 0.0014837 seconds, Stopping threads took: 0.0004192 seconds
2016-08-16T12:17:23.490+0000: 327317.460: Total time for which application threads were stopped: 0.0019123 seconds, Stopping threads took: 0.0003069 seconds
2016-08-16T12:18:23.493+0000: 327377.463: Total time for which application threads were stopped: 0.0018196 seconds, Stopping threads took: 0.0003837 seconds
2016-08-16T12:19:23.493+0000: 327437.463: Total time for which application threads were stopped: 0.0019428 seconds, Stopping threads took: 0.0011832 seconds
2016-08-16T12:19:53.597+0000: 327467.567: [GC (Allocation Failure) 327467.568: [ParNew
Desired survivor size 8716288 bytes, new threshold 6 (max 6)
- age   1:    5152360 bytes,    5152360 total
- age   2:     155360 bytes,    5307720 total
- age   3:      23576 bytes,    5331296 total
- age   4:      19912 bytes,    5351208 total
- age   5:      17312 bytes,    5368520 total
- age   6:      99368 bytes,    5467888 total
: 142005K->5585K(153344K), 0.0201764 secs] 322698K->186300K(1031552K), 0.0204925 secs] [Times: user=0.03 sys=0.00, real=0.02 secs] 
2016-08-16T12:19:53.618+0000: 327467.588: Total time for which application threads were stopped: 0.0221617 seconds, Stopping threads took: 0.0002005 seconds
2016-08-16T12:20:23.495+0000: 327497.465: Total time for which application threads were stopped: 0.0016031 seconds, Stopping threads took: 0.0003444 seconds
2016-08-16T12:21:23.485+0000: 327557.455: Total time for which application threads were stopped: 0.0006861 seconds, Stopping threads took: 0.0001298 seconds
2016-08-16T12:22:22.172+0000: 327616.142: Total time for which application threads were stopped: 0.0007681 seconds, Stopping threads took: 0.0001000 seconds
2016-08-16T12:22:22.173+0000: 327616.143: Total time for which application threads were stopped: 0.0004639 seconds, Stopping threads took: 0.0000465 seconds
2016-08-16T12:22:22.173+0000: 327616.143: Total time for which application threads were stopped: 0.0002998 seconds, Stopping threads took: 0.0000141 seconds
2016-08-16T12:22:22.237+0000: 327616.208: Total time for which application threads were stopped: 0.0031082 seconds, Stopping threads took: 0.0020030 seconds
2016-08-16T12:22:23.493+0000: 327617.463: Total time for which application threads were stopped: 0.0032796 seconds, Stopping threads took: 0.0025877 seconds
2016-08-16T12:22:34.342+0000: 327628.312: [GC (Allocation Failure) 327628.313: [ParNew
Desired survivor size 8716288 bytes, new threshold 6 (max 6)
- age   1:    3784352 bytes,    3784352 total
- age   2:      33432 bytes,    3817784 total
- age   3:     143608 bytes,    3961392 total
- age   4:      20160 bytes,    3981552 total
- age   5:      19336 bytes,    4000888 total
- age   6:      16680 bytes,    4017568 total
: 141905K->4018K(153344K), 0.0206918 secs] 322620K->184831K(1031552K), 0.0217982 secs] [Times: user=0.04 sys=0.00, real=0.02 secs] 
2016-08-16T12:22:34.364+0000: 327628.334: Total time for which application threads were stopped: 0.0237113 seconds, Stopping threads took: 0.0004722 seconds
2016-08-16T12:22:34.365+0000: 327628.335: Total time for which application threads were stopped: 0.0004791 seconds, Stopping threads took: 0.0000305 seconds
2016-08-16T12:23:23.485+0000: 327677.456: Total time for which application threads were stopped: 0.0006573 seconds, Stopping threads took: 0.0001210 seconds
2016-08-16T12:24:23.489+0000: 327737.459: Total time for which application threads were stopped: 0.0027913 seconds, Stopping threads took: 0.0019194 seconds
2016-08-16T12:25:23.493+0000: 327797.463: Total time for which application threads were stopped: 0.0020824 seconds, Stopping threads took: 0.0002955 seconds
2016-08-16T12:26:23.493+0000: 327857.463: Total time for which application threads were stopped: 0.0017684 seconds, Stopping threads took: 0.0002920 seconds
2016-08-16T12:26:39.390+0000: 327873.360: [GC (Allocation Failure) 327873.361: [ParNew
Desired survivor size 8716288 bytes, new threshold 6 (max 6)
- age   1:    4952296 bytes,    4952296 total
- age   2:      46832 bytes,    4999128 total
- age   3:      25192 bytes,    5024320 total
- age   4:     139344 bytes,    5163664 total
- age   5:      20032 bytes,    5183696 total
- age   6:      19240 bytes,    5202936 total
: 140338K->5317K(153344K), 0.0235147 secs] 321151K->186146K(1031552K), 0.0237863 secs] [Times: user=0.04 sys=0.00, real=0.02 secs] 
2016-08-16T12:26:39.414+0000: 327873.384: Total time for which application threads were stopped: 0.0253471 seconds, Stopping threads took: 0.0002082 seconds
2016-08-16T12:27:23.500+0000: 327917.471: Total time for which application threads were stopped: 0.0072645 seconds, Stopping threads took: 0.0033372 seconds
2016-08-16T12:28:23.485+0000: 327977.455: Total time for which application threads were stopped: 0.0013058 seconds, Stopping threads took: 0.0007511 seconds
2016-08-16T12:29:23.489+0000: 328037.459: Total time for which application threads were stopped: 0.0045636 seconds, Stopping threads took: 0.0040571 seconds
2016-08-16T12:30:23.485+0000: 328097.455: Total time for which application threads were stopped: 0.0006501 seconds, Stopping threads took: 0.0001032 seconds
2016-08-16T12:30:28.505+0000: 328102.475: [GC (Allocation Failure) 328102.476: [ParNew
Desired survivor size 8716288 bytes, new threshold 6 (max 6)
- age   1:    4997904 bytes,    4997904 total
- age   2:      31320 bytes,    5029224 total
- age   3:      39160 bytes,    5068384 total
- age   4:      20464 bytes,    5088848 total
- age   5:     138728 bytes,    5227576 total
- age   6:      19744 bytes,    5247320 total
: 141637K->5351K(153344K), 0.0198283 secs] 322466K->186200K(1031552K), 0.0200164 secs] [Times: user=0.03 sys=0.00, real=0.02 secs] 
2016-08-16T12:30:28.525+0000: 328102.496: Total time for which application threads were stopped: 0.0213366 seconds, Stopping threads took: 0.0002086 seconds
2016-08-16T12:31:23.486+0000: 328157.456: Total time for which application threads were stopped: 0.0007230 seconds, Stopping threads took: 0.0001419 seconds
2016-08-16T12:32:23.484+0000: 328217.454: Total time for which application threads were stopped: 0.0006822 seconds, Stopping threads took: 0.0001301 seconds
2016-08-16T12:33:23.484+0000: 328277.454: Total time for which application threads were stopped: 0.0006881 seconds, Stopping threads took: 0.0001299 seconds
2016-08-16T12:34:14.402+0000: 328328.372: [GC (Allocation Failure) 328328.373: [ParNew
Desired survivor size 8716288 bytes, new threshold 6 (max 6)
- age   1:    5025376 bytes,    5025376 total
- age   2:      31608 bytes,    5056984 total
- age   3:      23552 bytes,    5080536 total
- age   4:      34264 bytes,    5114800 total
- age   5:      19936 bytes,    5134736 total
- age   6:     138728 bytes,    5273464 total
: 141671K->5388K(153344K), 0.0207786 secs] 322520K->186257K(1031552K), 0.0210186 secs] [Times: user=0.03 sys=0.00, real=0.02 secs] 
2016-08-16T12:34:14.423+0000: 328328.394: Total time for which application threads were stopped: 0.0226257 seconds, Stopping threads took: 0.0002438 seconds
2016-08-16T12:34:23.486+0000: 328337.456: Total time for which application threads were stopped: 0.0006199 seconds, Stopping threads took: 0.0001067 seconds
2016-08-16T12:35:23.486+0000: 328397.456: Total time for which application threads were stopped: 0.0007534 seconds, Stopping threads took: 0.0001478 seconds
2016-08-16T12:36:23.491+0000: 328457.461: Total time for which application threads were stopped: 0.0018767 seconds, Stopping threads took: 0.0003581 seconds
2016-08-16T12:37:23.493+0000: 328517.463: Total time for which application threads were stopped: 0.0017972 seconds, Stopping threads took: 0.0010488 seconds
2016-08-16T12:38:09.423+0000: 328563.393: [GC (Allocation Failure) 328563.393: [ParNew
Desired survivor size 8716288 bytes, new threshold 6 (max 6)
- age   1:    4969456 bytes,    4969456 total
- age   2:      28464 bytes,    4997920 total
- age   3:      24888 bytes,    5022808 total
- age   4:      20160 bytes,    5042968 total
- age   5:      33904 bytes,    5076872 total
- age   6:      19760 bytes,    5096632 total
: 141708K->5100K(153344K), 0.0177935 secs] 322577K->186105K(1031552K), 0.0179525 secs] [Times: user=0.03 sys=0.00, real=0.02 secs] 
2016-08-16T12:38:09.441+0000: 328563.411: Total time for which application threads were stopped: 0.0186047 seconds, Stopping threads took: 0.0000760 seconds
2016-08-16T12:38:23.483+0000: 328577.453: Total time for which application threads were stopped: 0.0006420 seconds, Stopping threads took: 0.0001062 seconds
2016-08-16T12:39:23.498+0000: 328637.468: Total time for which application threads were stopped: 0.0028220 seconds, Stopping threads took: 0.0011217 seconds
2016-08-16T12:40:23.905+0000: 328697.875: Total time for which application threads were stopped: 0.0006461 seconds, Stopping threads took: 0.0001169 seconds
2016-08-16T12:41:23.485+0000: 328757.455: Total time for which application threads were stopped: 0.0006665 seconds, Stopping threads took: 0.0001292 seconds
2016-08-16T12:41:24.486+0000: 328758.456: Total time for which application threads were stopped: 0.0005302 seconds, Stopping threads took: 0.0000959 seconds
2016-08-16T12:42:04.446+0000: 328798.416: [GC (Allocation Failure) 328798.417: [ParNew
Desired survivor size 8716288 bytes, new threshold 6 (max 6)
- age   1:    5011656 bytes,    5011656 total
- age   2:      36288 bytes,    5047944 total
- age   3:      20872 bytes,    5068816 total
- age   4:      20160 bytes,    5088976 total
- age   5:      20128 bytes,    5109104 total
- age   6:      33384 bytes,    5142488 total
: 141420K->5259K(153344K), 0.0186118 secs] 322425K->186285K(1031552K), 0.0188933 secs] [Times: user=0.03 sys=0.00, real=0.02 secs] 
2016-08-16T12:42:04.465+0000: 328798.435: Total time for which application threads were stopped: 0.0204691 seconds, Stopping threads took: 0.0002019 seconds
2016-08-16T12:42:23.497+0000: 328817.467: Total time for which application threads were stopped: 0.0023982 seconds, Stopping threads took: 0.0016857 seconds
2016-08-16T12:43:23.493+0000: 328877.463: Total time for which application threads were stopped: 0.0040151 seconds, Stopping threads took: 0.0033072 seconds
2016-08-16T12:44:23.485+0000: 328937.455: Total time for which application threads were stopped: 0.0026233 seconds, Stopping threads took: 0.0021131 seconds
2016-08-16T12:45:23.493+0000: 328997.463: Total time for which application threads were stopped: 0.0042777 seconds, Stopping threads took: 0.0035303 seconds
2016-08-16T12:46:02.412+0000: 329036.382: [GC (Allocation Failure) 329036.382: [ParNew
Desired survivor size 8716288 bytes, new threshold 6 (max 6)
- age   1:    5117296 bytes,    5117296 total
- age   2:      30152 bytes,    5147448 total
- age   3:      25840 bytes,    5173288 total
- age   4:      16632 bytes,    5189920 total
- age   5:      20088 bytes,    5210008 total
- age   6:      19968 bytes,    5229976 total
: 141579K->5309K(153344K), 0.0231669 secs] 322605K->186368K(1031552K), 0.0234040 secs] [Times: user=0.03 sys=0.00, real=0.02 secs] 
2016-08-16T12:46:02.435+0000: 329036.405: Total time for which application threads were stopped: 0.0249417 seconds, Stopping threads took: 0.0002028 seconds
2016-08-16T12:46:23.493+0000: 329057.464: Total time for which application threads were stopped: 0.0008940 seconds, Stopping threads took: 0.0002380 seconds
2016-08-16T12:47:23.486+0000: 329117.456: Total time for which application threads were stopped: 0.0015941 seconds, Stopping threads took: 0.0001191 seconds
2016-08-16T12:48:23.493+0000: 329177.464: Total time for which application threads were stopped: 0.0013809 seconds, Stopping threads took: 0.0003397 seconds
2016-08-16T12:49:23.489+0000: 329237.459: Total time for which application threads were stopped: 0.0013871 seconds, Stopping threads took: 0.0002280 seconds
2016-08-16T12:50:14.497+0000: 329288.467: [GC (Allocation Failure) 329288.467: [ParNew
Desired survivor size 8716288 bytes, new threshold 6 (max 6)
- age   1:    4948184 bytes,    4948184 total
- age   2:      37360 bytes,    4985544 total
- age   3:      22976 bytes,    5008520 total
- age   4:      21152 bytes,    5029672 total
- age   5:      16632 bytes,    5046304 total
- age   6:      19944 bytes,    5066248 total
: 141629K->5141K(153344K), 0.0217624 secs] 322688K->186220K(1031552K), 0.0220105 secs] [Times: user=0.03 sys=0.00, real=0.02 secs] 
2016-08-16T12:50:14.519+0000: 329288.489: Total time for which application threads were stopped: 0.0237385 seconds, Stopping threads took: 0.0001931 seconds
2016-08-16T12:50:23.493+0000: 329297.464: Total time for which application threads were stopped: 0.0009701 seconds, Stopping threads took: 0.0002856 seconds
2016-08-16T12:51:23.493+0000: 329357.463: Total time for which application threads were stopped: 0.0025319 seconds, Stopping threads took: 0.0018270 seconds
2016-08-16T12:52:23.492+0000: 329417.463: Total time for which application threads were stopped: 0.0020106 seconds, Stopping threads took: 0.0002940 seconds
2016-08-16T12:53:23.493+0000: 329477.463: Total time for which application threads were stopped: 0.0034013 seconds, Stopping threads took: 0.0026866 seconds
2016-08-16T12:54:04.512+0000: 329518.482: [GC (Allocation Failure) 329518.482: [ParNew
Desired survivor size 8716288 bytes, new threshold 6 (max 6)
- age   1:    5074952 bytes,    5074952 total
- age   2:      30856 bytes,    5105808 total
- age   3:      25280 bytes,    5131088 total
- age   4:      19728 bytes,    5150816 total
- age   5:      21056 bytes,    5171872 total
- age   6:      16632 bytes,    5188504 total
: 141461K->5253K(153344K), 0.0172859 secs] 322540K->186353K(1031552K), 0.0174113 secs] [Times: user=0.02 sys=0.00, real=0.02 secs] 
2016-08-16T12:54:04.529+0000: 329518.500: Total time for which application threads were stopped: 0.0180707 seconds, Stopping threads took: 0.0000742 seconds
2016-08-16T12:54:23.497+0000: 329537.467: Total time for which application threads were stopped: 0.0038027 seconds, Stopping threads took: 0.0030366 seconds
2016-08-16T12:55:23.493+0000: 329597.463: Total time for which application threads were stopped: 0.0040848 seconds, Stopping threads took: 0.0034370 seconds
2016-08-16T12:56:23.484+0000: 329657.454: Total time for which application threads were stopped: 0.0006741 seconds, Stopping threads took: 0.0001296 seconds
2016-08-16T12:57:23.483+0000: 329717.454: Total time for which application threads were stopped: 0.0006143 seconds, Stopping threads took: 0.0001063 seconds
2016-08-16T12:57:44.524+0000: 329738.494: [GC (Allocation Failure) 329738.494: [ParNew
Desired survivor size 8716288 bytes, new threshold 6 (max 6)
- age   1:    5073688 bytes,    5073688 total
- age   2:      35560 bytes,    5109248 total
- age   3:      22432 bytes,    5131680 total
- age   4:      21184 bytes,    5152864 total
- age   5:      19664 bytes,    5172528 total
- age   6:      20896 bytes,    5193424 total
: 141573K->5246K(153344K), 0.0207332 secs] 322673K->186363K(1031552K), 0.0210285 secs] [Times: user=0.03 sys=0.00, real=0.02 secs] 
2016-08-16T12:57:44.545+0000: 329738.515: Total time for which application threads were stopped: 0.0228556 seconds, Stopping threads took: 0.0004550 seconds
2016-08-16T12:58:23.485+0000: 329777.455: Total time for which application threads were stopped: 0.0006550 seconds, Stopping threads took: 0.0000965 seconds
2016-08-16T12:59:23.485+0000: 329837.455: Total time for which application threads were stopped: 0.0006826 seconds, Stopping threads took: 0.0001041 seconds
2016-08-16T13:00:00.029+0000: 329873.999: Total time for which application threads were stopped: 0.0012344 seconds, Stopping threads took: 0.0005981 seconds
2016-08-16T13:00:00.029+0000: 329874.000: Total time for which application threads were stopped: 0.0003849 seconds, Stopping threads took: 0.0000769 seconds
2016-08-16T13:00:00.030+0000: 329874.000: Total time for which application threads were stopped: 0.0003333 seconds, Stopping threads took: 0.0000430 seconds
2016-08-16T13:00:00.032+0000: 329874.002: Total time for which application threads were stopped: 0.0004475 seconds, Stopping threads took: 0.0000564 seconds
2016-08-16T13:00:00.033+0000: 329874.003: Total time for which application threads were stopped: 0.0003711 seconds, Stopping threads took: 0.0000400 seconds
2016-08-16T13:00:00.042+0000: 329874.012: Total time for which application threads were stopped: 0.0019705 seconds, Stopping threads took: 0.0001427 seconds
2016-08-16T13:00:22.413+0000: 329896.383: [GC (Allocation Failure) 329896.383: [ParNew
Desired survivor size 8716288 bytes, new threshold 6 (max 6)
- age   1:    4614368 bytes,    4614368 total
- age   2:      29712 bytes,    4644080 total
- age   3:      25744 bytes,    4669824 total
- age   4:      19248 bytes,    4689072 total
- age   5:      20824 bytes,    4709896 total
- age   6:      19296 bytes,    4729192 total
: 141566K->4759K(153344K), 0.0226821 secs] 322683K->185896K(1031552K), 0.0229551 secs] [Times: user=0.03 sys=0.00, real=0.02 secs] 
2016-08-16T13:00:22.436+0000: 329896.406: Total time for which application threads were stopped: 0.0245974 seconds, Stopping threads took: 0.0001988 seconds
2016-08-16T13:00:23.490+0000: 329897.460: Total time for which application threads were stopped: 0.0006728 seconds, Stopping threads took: 0.0001520 seconds
2016-08-16T13:01:23.489+0000: 329957.459: Total time for which application threads were stopped: 0.0044851 seconds, Stopping threads took: 0.0039708 seconds
2016-08-16T13:02:23.496+0000: 330017.466: Total time for which application threads were stopped: 0.0017633 seconds, Stopping threads took: 0.0002918 seconds
2016-08-16T13:03:23.492+0000: 330077.462: Total time for which application threads were stopped: 0.0019375 seconds, Stopping threads took: 0.0003634 seconds
2016-08-16T13:04:18.519+0000: 330132.490: [GC (Allocation Failure) 330132.490: [ParNew
Desired survivor size 8716288 bytes, new threshold 6 (max 6)
- age   1:    5019392 bytes,    5019392 total
- age   2:     111624 bytes,    5131016 total
- age   3:      21304 bytes,    5152320 total
- age   4:      20848 bytes,    5173168 total
- age   5:      19248 bytes,    5192416 total
- age   6:      20664 bytes,    5213080 total
: 141079K->5265K(153344K), 0.0238782 secs] 322216K->186422K(1031552K), 0.0240621 secs] [Times: user=0.04 sys=0.00, real=0.03 secs] 
2016-08-16T13:04:18.543+0000: 330132.514: Total time for which application threads were stopped: 0.0251837 seconds, Stopping threads took: 0.0001496 seconds
2016-08-16T13:04:23.486+0000: 330137.457: Total time for which application threads were stopped: 0.0007884 seconds, Stopping threads took: 0.0001313 seconds
2016-08-16T13:05:23.489+0000: 330197.459: Total time for which application threads were stopped: 0.0019873 seconds, Stopping threads took: 0.0002824 seconds
2016-08-16T13:06:23.484+0000: 330257.454: Total time for which application threads were stopped: 0.0007397 seconds, Stopping threads took: 0.0001427 seconds
2016-08-16T13:07:23.484+0000: 330317.454: Total time for which application threads were stopped: 0.0006773 seconds, Stopping threads took: 0.0001344 seconds
2016-08-16T13:08:04.504+0000: 330358.475: [GC (Allocation Failure) 330358.475: [ParNew
Desired survivor size 8716288 bytes, new threshold 6 (max 6)
- age   1:    5091536 bytes,    5091536 total
- age   2:      35328 bytes,    5126864 total
- age   3:     102640 bytes,    5229504 total
- age   4:      20080 bytes,    5249584 total
- age   5:      20848 bytes,    5270432 total
- age   6:      19248 bytes,    5289680 total
: 141585K->5582K(153344K), 0.0155810 secs] 322742K->186760K(1031552K), 0.0156996 secs] [Times: user=0.02 sys=0.00, real=0.01 secs] 
2016-08-16T13:08:04.520+0000: 330358.490: Total time for which application threads were stopped: 0.0163649 seconds, Stopping threads took: 0.0001010 seconds
2016-08-16T13:08:23.485+0000: 330377.456: Total time for which application threads were stopped: 0.0007239 seconds, Stopping threads took: 0.0001249 seconds
2016-08-16T13:09:23.484+0000: 330437.454: Total time for which application threads were stopped: 0.0008286 seconds, Stopping threads took: 0.0001325 seconds
2016-08-16T13:10:23.493+0000: 330497.463: Total time for which application threads were stopped: 0.0032508 seconds, Stopping threads took: 0.0024928 seconds
2016-08-16T13:11:23.493+0000: 330557.464: Total time for which application threads were stopped: 0.0030344 seconds, Stopping threads took: 0.0019709 seconds
2016-08-16T13:11:49.590+0000: 330583.560: [GC (Allocation Failure) 330583.560: [ParNew
Desired survivor size 8716288 bytes, new threshold 6 (max 6)
- age   1:    5036440 bytes,    5036440 total
- age   2:      35072 bytes,    5071512 total
- age   3:      27224 bytes,    5098736 total
- age   4:      98408 bytes,    5197144 total
- age   5:      19976 bytes,    5217120 total
- age   6:      20712 bytes,    5237832 total
: 141902K->5233K(153344K), 0.0163940 secs] 323080K->186431K(1031552K), 0.0165278 secs] [Times: user=0.02 sys=0.00, real=0.01 secs] 
2016-08-16T13:11:49.607+0000: 330583.577: Total time for which application threads were stopped: 0.0171567 seconds, Stopping threads took: 0.0000721 seconds
2016-08-16T13:12:23.494+0000: 330617.464: Total time for which application threads were stopped: 0.0020218 seconds, Stopping threads took: 0.0004275 seconds
2016-08-16T13:13:23.491+0000: 330677.461: Total time for which application threads were stopped: 0.0012711 seconds, Stopping threads took: 0.0002051 seconds
2016-08-16T13:14:23.493+0000: 330737.463: Total time for which application threads were stopped: 0.0033844 seconds, Stopping threads took: 0.0026667 seconds
2016-08-16T13:15:23.493+0000: 330797.463: Total time for which application threads were stopped: 0.0034080 seconds, Stopping threads took: 0.0028268 seconds
2016-08-16T13:15:44.519+0000: 330818.489: [GC (Allocation Failure) 330818.489: [ParNew
Desired survivor size 8716288 bytes, new threshold 6 (max 6)
- age   1:    5119424 bytes,    5119424 total
- age   2:      32872 bytes,    5152296 total
- age   3:      25512 bytes,    5177808 total
- age   4:      22296 bytes,    5200104 total
- age   5:      98264 bytes,    5298368 total
- age   6:      19912 bytes,    5318280 total
: 141553K->5347K(153344K), 0.0230429 secs] 322751K->186566K(1031552K), 0.0232799 secs] [Times: user=0.04 sys=0.00, real=0.03 secs] 
2016-08-16T13:15:44.542+0000: 330818.512: Total time for which application threads were stopped: 0.0249441 seconds, Stopping threads took: 0.0002562 seconds
2016-08-16T13:16:23.497+0000: 330857.467: Total time for which application threads were stopped: 0.0049059 seconds, Stopping threads took: 0.0042472 seconds
2016-08-16T13:17:23.493+0000: 330917.464: Total time for which application threads were stopped: 0.0040808 seconds, Stopping threads took: 0.0030478 seconds
2016-08-16T13:18:23.488+0000: 330977.458: Total time for which application threads were stopped: 0.0011408 seconds, Stopping threads took: 0.0002071 seconds
2016-08-16T13:19:23.491+0000: 331037.462: Total time for which application threads were stopped: 0.0018935 seconds, Stopping threads took: 0.0002919 seconds
2016-08-16T13:19:48.302+0000: 331062.272: [GC (Allocation Failure) 331062.272: [ParNew
Desired survivor size 8716288 bytes, new threshold 6 (max 6)
- age   1:    5103688 bytes,    5103688 total
- age   2:      33088 bytes,    5136776 total
- age   3:      24304 bytes,    5161080 total
- age   4:      21208 bytes,    5182288 total
- age   5:      22192 bytes,    5204480 total
- age   6:      96864 bytes,    5301344 total
: 141667K->5493K(153344K), 0.0166677 secs] 322886K->186732K(1031552K), 0.0167973 secs] [Times: user=0.02 sys=0.00, real=0.01 secs] 
2016-08-16T13:19:48.319+0000: 331062.289: Total time for which application threads were stopped: 0.0175356 seconds, Stopping threads took: 0.0000903 seconds
2016-08-16T13:20:23.486+0000: 331097.456: Total time for which application threads were stopped: 0.0017505 seconds, Stopping threads took: 0.0001266 seconds
2016-08-16T13:21:23.484+0000: 331157.455: Total time for which application threads were stopped: 0.0006748 seconds, Stopping threads took: 0.0001509 seconds
2016-08-16T13:22:22.179+0000: 331216.149: Total time for which application threads were stopped: 0.0009505 seconds, Stopping threads took: 0.0001937 seconds
2016-08-16T13:22:22.180+0000: 331216.150: Total time for which application threads were stopped: 0.0006158 seconds, Stopping threads took: 0.0001075 seconds
2016-08-16T13:22:22.180+0000: 331216.151: Total time for which application threads were stopped: 0.0005246 seconds, Stopping threads took: 0.0000245 seconds
2016-08-16T13:22:22.181+0000: 331216.151: Total time for which application threads were stopped: 0.0006528 seconds, Stopping threads took: 0.0001716 seconds
2016-08-16T13:22:22.241+0000: 331216.211: Total time for which application threads were stopped: 0.0009124 seconds, Stopping threads took: 0.0002093 seconds
2016-08-16T13:22:23.491+0000: 331217.461: Total time for which application threads were stopped: 0.0017834 seconds, Stopping threads took: 0.0002896 seconds
2016-08-16T13:22:23.497+0000: 331217.468: [GC (Allocation Failure) 331217.468: [ParNew
Desired survivor size 8716288 bytes, new threshold 6 (max 6)
- age   1:    3800024 bytes,    3800024 total
- age   2:     154504 bytes,    3954528 total
- age   3:      23528 bytes,    3978056 total
- age   4:      19936 bytes,    3997992 total
- age   5:      20560 bytes,    4018552 total
- age   6:      21360 bytes,    4039912 total
: 141813K->4260K(153344K), 0.0188090 secs] 323052K->185595K(1031552K), 0.0189603 secs] [Times: user=0.02 sys=0.00, real=0.02 secs] 
2016-08-16T13:22:23.516+0000: 331217.487: Total time for which application threads were stopped: 0.0197879 seconds, Stopping threads took: 0.0001376 seconds
2016-08-16T13:22:23.518+0000: 331217.489: Total time for which application threads were stopped: 0.0005627 seconds, Stopping threads took: 0.0000888 seconds
2016-08-16T13:23:23.497+0000: 331277.467: Total time for which application threads were stopped: 0.0042272 seconds, Stopping threads took: 0.0036426 seconds
2016-08-16T13:24:23.493+0000: 331337.463: Total time for which application threads were stopped: 0.0029609 seconds, Stopping threads took: 0.0022775 seconds
2016-08-16T13:25:23.495+0000: 331397.465: Total time for which application threads were stopped: 0.0019468 seconds, Stopping threads took: 0.0002979 seconds
2016-08-16T13:26:23.492+0000: 331457.462: Total time for which application threads were stopped: 0.0018467 seconds, Stopping threads took: 0.0002920 seconds
2016-08-16T13:26:28.317+0000: 331462.288: [GC (Allocation Failure) 331462.288: [ParNew
Desired survivor size 8716288 bytes, new threshold 6 (max 6)
- age   1:    5123344 bytes,    5123344 total
- age   2:      51704 bytes,    5175048 total
- age   3:     143928 bytes,    5318976 total
- age   4:      20560 bytes,    5339536 total
- age   5:      19872 bytes,    5359408 total
- age   6:      20488 bytes,    5379896 total
: 140580K->5540K(153344K), 0.0237039 secs] 321915K->186897K(1031552K), 0.0239176 secs] [Times: user=0.04 sys=0.00, real=0.03 secs] 
2016-08-16T13:26:28.341+0000: 331462.312: Total time for which application threads were stopped: 0.0255938 seconds, Stopping threads took: 0.0001826 seconds
2016-08-16T13:27:23.493+0000: 331517.463: Total time for which application threads were stopped: 0.0019168 seconds, Stopping threads took: 0.0003046 seconds
2016-08-16T13:28:23.493+0000: 331577.463: Total time for which application threads were stopped: 0.0051392 seconds, Stopping threads took: 0.0043596 seconds
2016-08-16T13:29:23.492+0000: 331637.462: Total time for which application threads were stopped: 0.0018340 seconds, Stopping threads took: 0.0002828 seconds
2016-08-16T13:30:18.457+0000: 331692.428: [GC (Allocation Failure) 331692.428: [ParNew
Desired survivor size 8716288 bytes, new threshold 6 (max 6)
- age   1:    5094272 bytes,    5094272 total
- age   2:     235832 bytes,    5330104 total
- age   3:      38000 bytes,    5368104 total
- age   4:     138304 bytes,    5506408 total
- age   5:      20064 bytes,    5526472 total
- age   6:      19872 bytes,    5546344 total
: 141860K->5694K(153344K), 0.0233130 secs] 323217K->187071K(1031552K), 0.0234929 secs] [Times: user=0.04 sys=0.00, real=0.03 secs] 
2016-08-16T13:30:18.481+0000: 331692.451: Total time for which application threads were stopped: 0.0247350 seconds, Stopping threads took: 0.0002038 seconds
2016-08-16T13:30:23.483+0000: 331697.453: Total time for which application threads were stopped: 0.0005905 seconds, Stopping threads took: 0.0001014 seconds
2016-08-16T13:31:23.493+0000: 331757.464: Total time for which application threads were stopped: 0.0008784 seconds, Stopping threads took: 0.0001575 seconds
2016-08-16T13:32:23.494+0000: 331817.464: Total time for which application threads were stopped: 0.0032502 seconds, Stopping threads took: 0.0017430 seconds
2016-08-16T13:33:23.492+0000: 331877.462: Total time for which application threads were stopped: 0.0019259 seconds, Stopping threads took: 0.0003153 seconds
2016-08-16T13:34:14.709+0000: 331928.679: [GC (Allocation Failure) 331928.679: [ParNew
Desired survivor size 8716288 bytes, new threshold 6 (max 6)
- age   1:    5096824 bytes,    5096824 total
- age   2:      23192 bytes,    5120016 total
- age   3:      26992 bytes,    5147008 total
- age   4:      34264 bytes,    5181272 total
- age   5:     138048 bytes,    5319320 total
- age   6:      20032 bytes,    5339352 total
: 142014K->5404K(153344K), 0.0262204 secs] 323391K->186801K(1031552K), 0.0264646 secs] [Times: user=0.05 sys=0.00, real=0.02 secs] 
2016-08-16T13:34:14.735+0000: 331928.705: Total time for which application threads were stopped: 0.0281848 seconds, Stopping threads took: 0.0002338 seconds
2016-08-16T13:34:23.486+0000: 331937.456: Total time for which application threads were stopped: 0.0006218 seconds, Stopping threads took: 0.0001072 seconds
2016-08-16T13:35:23.497+0000: 331997.467: Total time for which application threads were stopped: 0.0045407 seconds, Stopping threads took: 0.0038275 seconds
2016-08-16T13:35:44.121+0000: 332018.091: Total time for which application threads were stopped: 0.0013806 seconds, Stopping threads took: 0.0001737 seconds
2016-08-16T13:35:44.200+0000: 332018.170: Total time for which application threads were stopped: 0.0016079 seconds, Stopping threads took: 0.0002377 seconds
2016-08-16T13:35:44.212+0000: 332018.182: Total time for which application threads were stopped: 0.0091576 seconds, Stopping threads took: 0.0001602 seconds
2016-08-16T13:35:44.218+0000: 332018.189: Total time for which application threads were stopped: 0.0005132 seconds, Stopping threads took: 0.0000751 seconds
2016-08-16T13:35:49.324+0000: 332023.294: Total time for which application threads were stopped: 0.0050723 seconds, Stopping threads took: 0.0001915 seconds
2016-08-16T13:35:49.340+0000: 332023.310: Total time for which application threads were stopped: 0.0005790 seconds, Stopping threads took: 0.0000842 seconds
2016-08-16T13:35:49.373+0000: 332023.344: [GC (Allocation Failure) 332023.344: [ParNew
Desired survivor size 8716288 bytes, new threshold 6 (max 6)
- age   1:    2706880 bytes,    2706880 total
- age   2:      37304 bytes,    2744184 total
- age   3:      19992 bytes,    2764176 total
- age   4:      20992 bytes,    2785168 total
- age   5:      32120 bytes,    2817288 total
- age   6:     137744 bytes,    2955032 total
: 141724K->3210K(153344K), 0.0136248 secs] 323121K->184627K(1031552K), 0.0137409 secs] [Times: user=0.03 sys=0.00, real=0.01 secs] 
2016-08-16T13:35:49.387+0000: 332023.357: Total time for which application threads were stopped: 0.0144569 seconds, Stopping threads took: 0.0000977 seconds
2016-08-16T13:35:49.407+0000: 332023.378: Total time for which application threads were stopped: 0.0005069 seconds, Stopping threads took: 0.0000755 seconds
2016-08-16T13:35:59.162+0000: 332033.133: [GC (Allocation Failure) 332033.133: [ParNew
Desired survivor size 8716288 bytes, new threshold 6 (max 6)
- age   1:     902192 bytes,     902192 total
- age   2:     353240 bytes,    1255432 total
- age   3:      33432 bytes,    1288864 total
- age   4:      18144 bytes,    1307008 total
- age   5:      20856 bytes,    1327864 total
- age   6:      31912 bytes,    1359776 total
: 139530K->1741K(153344K), 0.0094670 secs] 320947K->183293K(1031552K), 0.0095861 secs] [Times: user=0.02 sys=0.00, real=0.01 secs] 
2016-08-16T13:35:59.172+0000: 332033.142: Total time for which application threads were stopped: 0.0102897 seconds, Stopping threads took: 0.0000834 seconds
2016-08-16T13:36:09.150+0000: 332043.120: [GC (Allocation Failure) 332043.120: [ParNew
Desired survivor size 8716288 bytes, new threshold 6 (max 6)
- age   1:     470552 bytes,     470552 total
- age   2:      55720 bytes,     526272 total
- age   3:     334032 bytes,     860304 total
- age   4:      33368 bytes,     893672 total
- age   5:      17648 bytes,     911320 total
- age   6:      20856 bytes,     932176 total
: 138061K->1355K(153344K), 0.0076647 secs] 319613K->182939K(1031552K), 0.0077645 secs] [Times: user=0.02 sys=0.00, real=0.00 secs] 
2016-08-16T13:36:09.158+0000: 332043.128: Total time for which application threads were stopped: 0.0084710 seconds, Stopping threads took: 0.0000993 seconds
2016-08-16T13:36:19.147+0000: 332053.117: [GC (Allocation Failure) 332053.117: [ParNew
Desired survivor size 8716288 bytes, new threshold 6 (max 6)
- age   1:     562872 bytes,     562872 total
- age   2:      24144 bytes,     587016 total
- age   3:      29664 bytes,     616680 total
- age   4:     331296 bytes,     947976 total
- age   5:      33160 bytes,     981136 total
- age   6:      17648 bytes,     998784 total
: 137675K->1161K(153344K), 0.0083456 secs] 319259K->182767K(1031552K), 0.0084532 secs] [Times: user=0.01 sys=0.00, real=0.01 secs] 
2016-08-16T13:36:19.156+0000: 332053.126: Total time for which application threads were stopped: 0.0091279 seconds, Stopping threads took: 0.0000828 seconds
2016-08-16T13:36:23.493+0000: 332057.463: Total time for which application threads were stopped: 0.0044454 seconds, Stopping threads took: 0.0037825 seconds
2016-08-16T13:36:29.141+0000: 332063.112: [GC (Allocation Failure) 332063.112: [ParNew
Desired survivor size 8716288 bytes, new threshold 6 (max 6)
- age   1:     661296 bytes,     661296 total
- age   2:      22768 bytes,     684064 total
- age   3:       3568 bytes,     687632 total
- age   4:      19256 bytes,     706888 total
- age   5:     320192 bytes,    1027080 total
- age   6:      33040 bytes,    1060120 total
: 137481K->1284K(153344K), 0.0082344 secs] 319087K->182907K(1031552K), 0.0083363 secs] [Times: user=0.01 sys=0.00, real=0.01 secs] 
2016-08-16T13:36:29.150+0000: 332063.120: Total time for which application threads were stopped: 0.0090512 seconds, Stopping threads took: 0.0001016 seconds
2016-08-16T13:36:39.146+0000: 332073.117: [GC (Allocation Failure) 332073.117: [ParNew
Desired survivor size 8716288 bytes, new threshold 6 (max 6)
- age   1:     515240 bytes,     515240 total
- age   2:      48216 bytes,     563456 total
- age   3:       3568 bytes,     567024 total
- age   4:       3568 bytes,     570592 total
- age   5:      18976 bytes,     589568 total
- age   6:     318944 bytes,     908512 total
: 137604K->1151K(153344K), 0.0077813 secs] 319227K->182807K(1031552K), 0.0078851 secs] [Times: user=0.02 sys=0.00, real=0.01 secs] 
2016-08-16T13:36:39.154+0000: 332073.125: Total time for which application threads were stopped: 0.0085489 seconds, Stopping threads took: 0.0000792 seconds
2016-08-16T13:36:49.126+0000: 332083.096: [GC (Allocation Failure) 332083.096: [ParNew
Desired survivor size 8716288 bytes, new threshold 6 (max 6)
- age   1:     869920 bytes,     869920 total
- age   2:      30552 bytes,     900472 total
- age   3:      27808 bytes,     928280 total
- age   4:       3128 bytes,     931408 total
- age   5:       3440 bytes,     934848 total
- age   6:      18904 bytes,     953752 total
: 137471K->1242K(153344K), 0.0085191 secs] 319127K->183209K(1031552K), 0.0086190 secs] [Times: user=0.02 sys=0.00, real=0.01 secs] 
2016-08-16T13:36:49.134+0000: 332083.105: Total time for which application threads were stopped: 0.0092872 seconds, Stopping threads took: 0.0000769 seconds
2016-08-16T13:36:51.288+0000: 332085.259: [GC (Allocation Failure) 332085.259: [ParNew
Desired survivor size 8716288 bytes, new threshold 6 (max 6)
- age   1:     281248 bytes,     281248 total
- age   2:      33976 bytes,     315224 total
- age   3:      10152 bytes,     325376 total
- age   4:      24984 bytes,     350360 total
- age   5:       3128 bytes,     353488 total
- age   6:       3440 bytes,     356928 total
: 137562K->416K(153344K), 0.0083120 secs] 319529K->182403K(1031552K), 0.0084339 secs] [Times: user=0.02 sys=0.00, real=0.00 secs] 
2016-08-16T13:36:51.297+0000: 332085.267: Total time for which application threads were stopped: 0.0092099 seconds, Stopping threads took: 0.0001022 seconds
2016-08-16T13:36:59.167+0000: 332093.138: [GC (Allocation Failure) 332093.138: [ParNew
Desired survivor size 8716288 bytes, new threshold 6 (max 6)
- age   1:     390608 bytes,     390608 total
- age   2:      10784 bytes,     401392 total
- age   3:      10992 bytes,     412384 total
- age   4:       3536 bytes,     415920 total
- age   5:      22456 bytes,     438376 total
- age   6:       3128 bytes,     441504 total
: 136736K->472K(153344K), 0.0072305 secs] 318723K->182461K(1031552K), 0.0073279 secs] [Times: user=0.01 sys=0.00, real=0.01 secs] 
2016-08-16T13:36:59.175+0000: 332093.145: Total time for which application threads were stopped: 0.0080040 seconds, Stopping threads took: 0.0000846 seconds
2016-08-16T13:37:09.153+0000: 332103.123: [GC (Allocation Failure) 332103.123: [ParNew
Desired survivor size 8716288 bytes, new threshold 6 (max 6)
- age   1:     480888 bytes,     480888 total
- age   2:      34408 bytes,     515296 total
- age   3:       5336 bytes,     520632 total
- age   4:      10656 bytes,     531288 total
- age   5:       3504 bytes,     534792 total
- age   6:      22016 bytes,     556808 total
: 136792K->648K(153344K), 0.0070987 secs] 318781K->182641K(1031552K), 0.0071987 secs] [Times: user=0.02 sys=0.00, real=0.00 secs] 
2016-08-16T13:37:09.160+0000: 332103.130: Total time for which application threads were stopped: 0.0079022 seconds, Stopping threads took: 0.0000771 seconds
2016-08-16T13:37:19.166+0000: 332113.136: [GC (Allocation Failure) 332113.136: [ParNew
Desired survivor size 8716288 bytes, new threshold 6 (max 6)
- age   1:     515976 bytes,     515976 total
- age   2:      24120 bytes,     540096 total
- age   3:       8632 bytes,     548728 total
- age   4:       5272 bytes,     554000 total
- age   5:      10304 bytes,     564304 total
- age   6:       3504 bytes,     567808 total
: 136968K->634K(153344K), 0.0069853 secs] 318961K->182648K(1031552K), 0.0070829 secs] [Times: user=0.01 sys=0.00, real=0.01 secs] 
2016-08-16T13:37:19.173+0000: 332113.143: Total time for which application threads were stopped: 0.0077489 seconds, Stopping threads took: 0.0000841 seconds
2016-08-16T13:37:23.485+0000: 332117.455: Total time for which application threads were stopped: 0.0006287 seconds, Stopping threads took: 0.0001054 seconds
2016-08-16T13:37:24.729+0000: 332118.699: Total time for which application threads were stopped: 0.0014874 seconds, Stopping threads took: 0.0001706 seconds
2016-08-16T13:37:24.730+0000: 332118.700: Total time for which application threads were stopped: 0.0009599 seconds, Stopping threads took: 0.0001154 seconds
2016-08-16T13:37:29.170+0000: 332123.141: [GC (Allocation Failure) 332123.141: [ParNew
Desired survivor size 8716288 bytes, new threshold 6 (max 6)
- age   1:     676280 bytes,     676280 total
- age   2:      28704 bytes,     704984 total
- age   3:       3536 bytes,     708520 total
- age   4:       5352 bytes,     713872 total
- age   5:       4552 bytes,     718424 total
- age   6:       9304 bytes,     727728 total
: 136954K->786K(153344K), 0.0081431 secs] 318968K->182803K(1031552K), 0.0082432 secs] [Times: user=0.02 sys=0.00, real=0.00 secs] 
2016-08-16T13:37:29.179+0000: 332123.149: Total time for which application threads were stopped: 0.0089530 seconds, Stopping threads took: 0.0000809 seconds
2016-08-16T13:37:39.164+0000: 332133.134: [GC (Allocation Failure) 332133.134: [ParNew
Desired survivor size 8716288 bytes, new threshold 6 (max 6)
- age   1:     526032 bytes,     526032 total
- age   2:      50488 bytes,     576520 total
- age   3:       9576 bytes,     586096 total
- age   4:       3472 bytes,     589568 total
- age   5:       5280 bytes,     594848 total
- age   6:       4552 bytes,     599400 total
: 137106K->739K(153344K), 0.0082648 secs] 319123K->182766K(1031552K), 0.0083996 secs] [Times: user=0.01 sys=0.00, real=0.01 secs] 
2016-08-16T13:37:39.172+0000: 332133.143: Total time for which application threads were stopped: 0.0091896 seconds, Stopping threads took: 0.0000847 seconds
2016-08-16T13:37:49.158+0000: 332143.128: [GC (Allocation Failure) 332143.129: [ParNew
Desired survivor size 8716288 bytes, new threshold 6 (max 6)
- age   1:     896096 bytes,     896096 total
- age   2:      30624 bytes,     926720 total
- age   3:      30160 bytes,     956880 total
- age   4:       9200 bytes,     966080 total
- age   5:       3408 bytes,     969488 total
- age   6:       5064 bytes,     974552 total
: 137059K->1041K(153344K), 0.0082385 secs] 319086K->183072K(1031552K), 0.0083406 secs] [Times: user=0.01 sys=0.00, real=0.01 secs] 
2016-08-16T13:37:49.167+0000: 332143.137: Total time for which application threads were stopped: 0.0090124 seconds, Stopping threads took: 0.0000792 seconds
2016-08-16T13:37:59.148+0000: 332153.118: [GC (Allocation Failure) 332153.118: [ParNew
Desired survivor size 8716288 bytes, new threshold 6 (max 6)
- age   1:     682352 bytes,     682352 total
- age   2:      29336 bytes,     711688 total
- age   3:       4008 bytes,     715696 total
- age   4:      25040 bytes,     740736 total
- age   5:       9136 bytes,     749872 total
- age   6:       3408 bytes,     753280 total
: 137361K->788K(153344K), 0.0080166 secs] 319392K->182824K(1031552K), 0.0081207 secs] [Times: user=0.02 sys=0.00, real=0.00 secs] 
2016-08-16T13:37:59.156+0000: 332153.127: Total time for which application threads were stopped: 0.0088128 seconds, Stopping threads took: 0.0000848 seconds
2016-08-16T13:38:09.141+0000: 332163.111: [GC (Allocation Failure) 332163.111: [ParNew
Desired survivor size 8716288 bytes, new threshold 6 (max 6)
- age   1:     503120 bytes,     503120 total
- age   2:      44088 bytes,     547208 total
- age   3:      10200 bytes,     557408 total
- age   4:       3944 bytes,     561352 total
- age   5:      24968 bytes,     586320 total
- age   6:       9136 bytes,     595456 total
: 137108K->680K(153344K), 0.0074050 secs] 319144K->182719K(1031552K), 0.0075069 secs] [Times: user=0.01 sys=0.00, real=0.01 secs] 
2016-08-16T13:38:09.149+0000: 332163.119: Total time for which application threads were stopped: 0.0081875 seconds, Stopping threads took: 0.0000821 seconds
2016-08-16T13:38:19.462+0000: 332173.432: [GC (Allocation Failure) 332173.432: [ParNew
Desired survivor size 8716288 bytes, new threshold 6 (max 6)
- age   1:     523048 bytes,     523048 total
- age   2:      23920 bytes,     546968 total
- age   3:      16248 bytes,     563216 total
- age   4:       9720 bytes,     572936 total
- age   5:       3872 bytes,     576808 total
- age   6:      24968 bytes,     601776 total
: 137000K->684K(153344K), 0.0071575 secs] 319039K->182733K(1031552K), 0.0072600 secs] [Times: user=0.01 sys=0.00, real=0.01 secs] 
2016-08-16T13:38:19.470+0000: 332173.440: Total time for which application threads were stopped: 0.0079460 seconds, Stopping threads took: 0.0000793 seconds
2016-08-16T13:38:23.495+0000: 332177.465: Total time for which application threads were stopped: 0.0008055 seconds, Stopping threads took: 0.0001561 seconds
2016-08-16T13:38:29.130+0000: 332183.100: [GC (Allocation Failure) 332183.100: [ParNew
Desired survivor size 8716288 bytes, new threshold 6 (max 6)
- age   1:     661824 bytes,     661824 total
- age   2:      25464 bytes,     687288 total
- age   3:       3336 bytes,     690624 total
- age   4:      11080 bytes,     701704 total
- age   5:       8736 bytes,     710440 total
- age   6:       3440 bytes,     713880 total
: 137004K->803K(153344K), 0.0084514 secs] 319053K->182869K(1031552K), 0.0085524 secs] [Times: user=0.02 sys=0.00, real=0.00 secs] 
2016-08-16T13:38:29.139+0000: 332183.109: Total time for which application threads were stopped: 0.0092434 seconds, Stopping threads took: 0.0000823 seconds
2016-08-16T13:38:39.137+0000: 332193.107: [GC (Allocation Failure) 332193.107: [ParNew
Desired survivor size 8716288 bytes, new threshold 6 (max 6)
- age   1:     528600 bytes,     528600 total
- age   2:      49200 bytes,     577800 total
- age   3:       6312 bytes,     584112 total
- age   4:       3336 bytes,     587448 total
- age   5:      10944 bytes,     598392 total
- age   6:       8664 bytes,     607056 total
: 137123K->669K(153344K), 0.0075739 secs] 319189K->182738K(1031552K), 0.0076955 secs] [Times: user=0.01 sys=0.00, real=0.01 secs] 
2016-08-16T13:38:39.144+0000: 332193.115: Total time for which application threads were stopped: 0.0084050 seconds, Stopping threads took: 0.0000771 seconds
2016-08-16T13:38:49.115+0000: 332203.086: [GC (Allocation Failure) 332203.086: [ParNew
Desired survivor size 8716288 bytes, new threshold 6 (max 6)
- age   1:     881984 bytes,     881984 total
- age   2:      31000 bytes,     912984 total
- age   3:      28328 bytes,     941312 total
- age   4:       6080 bytes,     947392 total
- age   5:       3208 bytes,     950600 total
- age   6:      10728 bytes,     961328 total
: 136989K->1024K(153344K), 0.0076737 secs] 319058K->183101K(1031552K), 0.0077731 secs] [Times: user=0.02 sys=0.00, real=0.01 secs] 
2016-08-16T13:38:49.123+0000: 332203.093: Total time for which application threads were stopped: 0.0084555 seconds, Stopping threads took: 0.0000782 seconds
2016-08-16T13:38:49.899+0000: 332203.870: [GC (Allocation Failure) 332203.870: [ParNew
Desired survivor size 8716288 bytes, new threshold 6 (max 6)
- age   1:     242344 bytes,     242344 total
- age   2:      37512 bytes,     279856 total
- age   3:      10808 bytes,     290664 total
- age   4:      26744 bytes,     317408 total
- age   5:       5672 bytes,     323080 total
- age   6:       3208 bytes,     326288 total
: 137344K->392K(153344K), 0.0064124 secs] 319421K->182480K(1031552K), 0.0064934 secs] [Times: user=0.01 sys=0.00, real=0.01 secs] 
2016-08-16T13:38:49.906+0000: 332203.876: Total time for which application threads were stopped: 0.0071372 seconds, Stopping threads took: 0.0001475 seconds
2016-08-16T13:38:59.155+0000: 332213.125: [GC (Allocation Failure) 332213.125: [ParNew
Desired survivor size 8716288 bytes, new threshold 6 (max 6)
- age   1:     444560 bytes,     444560 total
- age   2:      11304 bytes,     455864 total
- age   3:      10496 bytes,     466360 total
- age   4:       4352 bytes,     470712 total
- age   5:      24424 bytes,     495136 total
- age   6:       5672 bytes,     500808 total
: 136712K->559K(153344K), 0.0073193 secs] 318800K->182650K(1031552K), 0.0074210 secs] [Times: user=0.02 sys=0.00, real=0.01 secs] 
2016-08-16T13:38:59.162+0000: 332213.133: Total time for which application threads were stopped: 0.0081190 seconds, Stopping threads took: 0.0000815 seconds
2016-08-16T13:39:09.149+0000: 332223.119: [GC (Allocation Failure) 332223.119: [ParNew
Desired survivor size 8716288 bytes, new threshold 6 (max 6)
- age   1:     466040 bytes,     466040 total
- age   2:      34024 bytes,     500064 total
- age   3:       5968 bytes,     506032 total
- age   4:      10096 bytes,     516128 total
- age   5:       4328 bytes,     520456 total
- age   6:      24280 bytes,     544736 total
: 136879K->681K(153344K), 0.0074935 secs] 318970K->182778K(1031552K), 0.0075946 secs] [Times: user=0.01 sys=0.00, real=0.00 secs] 
2016-08-16T13:39:09.157+0000: 332223.127: Total time for which application threads were stopped: 0.0082736 seconds, Stopping threads took: 0.0000834 seconds
2016-08-16T13:39:19.468+0000: 332233.438: [GC (Allocation Failure) 332233.438: [ParNew
Desired survivor size 8716288 bytes, new threshold 6 (max 6)
- age   1:     553448 bytes,     553448 total
- age   2:      24048 bytes,     577496 total
- age   3:       8456 bytes,     585952 total
- age   4:       5360 bytes,     591312 total
- age   5:      10000 bytes,     601312 total
- age   6:       4200 bytes,     605512 total
: 137001K->626K(153344K), 0.0075043 secs] 319098K->182747K(1031552K), 0.0076100 secs] [Times: user=0.02 sys=0.00, real=0.01 secs] 
2016-08-16T13:39:19.476+0000: 332233.446: Total time for which application threads were stopped: 0.0082761 seconds, Stopping threads took: 0.0000848 seconds
2016-08-16T13:39:23.487+0000: 332237.457: Total time for which application threads were stopped: 0.0009762 seconds, Stopping threads took: 0.0001662 seconds
2016-08-16T13:39:29.146+0000: 332243.116: [GC (Allocation Failure) 332243.116: [ParNew
Desired survivor size 8716288 bytes, new threshold 6 (max 6)
- age   1:     701736 bytes,     701736 total
- age   2:      22864 bytes,     724600 total
- age   3:       3448 bytes,     728048 total
- age   4:       4264 bytes,     732312 total
- age   5:       3536 bytes,     735848 total
- age   6:       8976 bytes,     744824 total
: 136946K->776K(153344K), 0.0079495 secs] 319067K->182900K(1031552K), 0.0080480 secs] [Times: user=0.01 sys=0.00, real=0.01 secs] 
2016-08-16T13:39:29.154+0000: 332243.124: Total time for which application threads were stopped: 0.0087314 seconds, Stopping threads took: 0.0001014 seconds
2016-08-16T13:39:39.157+0000: 332253.127: [GC (Allocation Failure) 332253.127: [ParNew
Desired survivor size 8716288 bytes, new threshold 6 (max 6)
- age   1:     539352 bytes,     539352 total
- age   2:      55680 bytes,     595032 total
- age   3:       3704 bytes,     598736 total
- age   4:       3184 bytes,     601920 total
- age   5:       4192 bytes,     606112 total
- age   6:       3536 bytes,     609648 total
: 137096K->681K(153344K), 0.0069558 secs] 319220K->182814K(1031552K), 0.0070588 secs] [Times: user=0.02 sys=0.00, real=0.01 secs] 
2016-08-16T13:39:39.164+0000: 332253.134: Total time for which application threads were stopped: 0.0077794 seconds, Stopping threads took: 0.0000833 seconds
2016-08-16T13:39:49.145+0000: 332263.115: [GC (Allocation Failure) 332263.115: [ParNew
Desired survivor size 8716288 bytes, new threshold 6 (max 6)
- age   1:     953400 bytes,     953400 total
- age   2:      30688 bytes,     984088 total
- age   3:      35448 bytes,    1019536 total
- age   4:       3672 bytes,    1023208 total
- age   5:       3184 bytes,    1026392 total
- age   6:       3912 bytes,    1030304 total
: 137001K->1133K(153344K), 0.0077202 secs] 319134K->183270K(1031552K), 0.0078213 secs] [Times: user=0.01 sys=0.00, real=0.01 secs] 
2016-08-16T13:39:49.153+0000: 332263.123: Total time for which application threads were stopped: 0.0085035 seconds, Stopping threads took: 0.0000786 seconds
2016-08-16T13:39:59.149+0000: 332273.119: [GC (Allocation Failure) 332273.119: [ParNew
Desired survivor size 8716288 bytes, new threshold 6 (max 6)
- age   1:     624528 bytes,     624528 total
- age   2:      35712 bytes,     660240 total
- age   3:       4000 bytes,     664240 total
- age   4:      28736 bytes,     692976 total
- age   5:       3328 bytes,     696304 total
- age   6:       3184 bytes,     699488 total
: 137453K->773K(153344K), 0.0077529 secs] 319590K->182914K(1031552K), 0.0078569 secs] [Times: user=0.01 sys=0.00, real=0.00 secs] 
2016-08-16T13:39:59.157+0000: 332273.127: Total time for which application threads were stopped: 0.0085590 seconds, Stopping threads took: 0.0000801 seconds
2016-08-16T13:40:09.440+0000: 332283.410: [GC (Allocation Failure) 332283.411: [ParNew
Desired survivor size 8716288 bytes, new threshold 6 (max 6)
- age   1:     479568 bytes,     479568 total
- age   2:      39504 bytes,     519072 total
- age   3:      16560 bytes,     535632 total
- age   4:       4000 bytes,     539632 total
- age   5:      28600 bytes,     568232 total
- age   6:       3328 bytes,     571560 total
: 137093K->669K(153344K), 0.0076270 secs] 319234K->182813K(1031552K), 0.0077425 secs] [Times: user=0.01 sys=0.00, real=0.00 secs] 
2016-08-16T13:40:09.448+0000: 332283.418: Total time for which application threads were stopped: 0.0084379 seconds, Stopping threads took: 0.0000824 seconds
2016-08-16T13:40:19.124+0000: 332293.094: [GC (Allocation Failure) 332293.094: [ParNew
Desired survivor size 8716288 bytes, new threshold 6 (max 6)
- age   1:     513344 bytes,     513344 total
- age   2:      24064 bytes,     537408 total
- age   3:      13824 bytes,     551232 total
- age   4:      16384 bytes,     567616 total
- age   5:       4000 bytes,     571616 total
- age   6:      28384 bytes,     600000 total
: 136989K->667K(153344K), 0.0075767 secs] 319133K->182814K(1031552K), 0.0076857 secs] [Times: user=0.02 sys=0.00, real=0.01 secs] 
2016-08-16T13:40:19.131+0000: 332293.102: Total time for which application threads were stopped: 0.0083735 seconds, Stopping threads took: 0.0000860 seconds
2016-08-16T13:40:23.485+0000: 332297.455: Total time for which application threads were stopped: 0.0008724 seconds, Stopping threads took: 0.0001664 seconds
2016-08-16T13:40:29.119+0000: 332303.089: [GC (Allocation Failure) 332303.089: [ParNew
Desired survivor size 8716288 bytes, new threshold 6 (max 6)
- age   1:     704952 bytes,     704952 total
- age   2:      28400 bytes,     733352 total
- age   3:       3440 bytes,     736792 total
- age   4:       9272 bytes,     746064 total
- age   5:      15384 bytes,     761448 total
- age   6:       3496 bytes,     764944 total
: 136987K->842K(153344K), 0.0083142 secs] 319134K->183009K(1031552K), 0.0084189 secs] [Times: user=0.02 sys=0.00, real=0.01 secs] 
2016-08-16T13:40:29.127+0000: 332303.097: Total time for which application threads were stopped: 0.0091061 seconds, Stopping threads took: 0.0000827 seconds
2016-08-16T13:40:39.171+0000: 332313.141: [GC (Allocation Failure) 332313.141: [ParNew
Desired survivor size 8716288 bytes, new threshold 6 (max 6)
- age   1:     504744 bytes,     504744 total
- age   2:      49200 bytes,     553944 total
- age   3:       9200 bytes,     563144 total
- age   4:       3376 bytes,     566520 total
- age   5:       9200 bytes,     575720 total
- age   6:      15248 bytes,     590968 total
: 137162K->675K(153344K), 0.0076799 secs] 319329K->182846K(1031552K), 0.0077837 secs] [Times: user=0.02 sys=0.00, real=0.00 secs] 
2016-08-16T13:40:39.179+0000: 332313.149: Total time for which application threads were stopped: 0.0084676 seconds, Stopping threads took: 0.0000964 seconds
2016-08-16T13:40:49.108+0000: 332323.079: [GC (Allocation Failure) 332323.079: [ParNew
Desired survivor size 8716288 bytes, new threshold 6 (max 6)
- age   1:     882504 bytes,     882504 total
- age   2:      31472 bytes,     913976 total
- age   3:      28824 bytes,     942800 total
- age   4:       8968 bytes,     951768 total
- age   5:       3304 bytes,     955072 total
- age   6:       8984 bytes,     964056 total
: 136995K->1038K(153344K), 0.0100029 secs] 319166K->183224K(1031552K), 0.0101338 secs] [Times: user=0.02 sys=0.00, real=0.00 secs] 
2016-08-16T13:40:49.119+0000: 332323.089: Total time for which application threads were stopped: 0.0109805 seconds, Stopping threads took: 0.0000927 seconds
2016-08-16T13:40:50.518+0000: 332324.489: [GC (Allocation Failure) 332324.489: [ParNew
Desired survivor size 8716288 bytes, new threshold 6 (max 6)
- age   1:     253616 bytes,     253616 total
- age   2:      42800 bytes,     296416 total
- age   3:      11160 bytes,     307576 total
- age   4:      25496 bytes,     333072 total
- age   5:       8968 bytes,     342040 total
- age   6:       3304 bytes,     345344 total
: 137358K->501K(153344K), 0.0129716 secs] 319544K->182695K(1031552K), 0.0131476 secs] [Times: user=0.02 sys=0.00, real=0.02 secs] 
2016-08-16T13:40:50.532+0000: 332324.502: Total time for which application threads were stopped: 0.0146470 seconds, Stopping threads took: 0.0002057 seconds
2016-08-16T13:40:59.168+0000: 332333.138: [GC (Allocation Failure) 332333.138: [ParNew
Desired survivor size 8716288 bytes, new threshold 6 (max 6)
- age   1:     418840 bytes,     418840 total
- age   2:       9936 bytes,     428776 total
- age   3:      10440 bytes,     439216 total
- age   4:       4264 bytes,     443480 total
- age   5:      23072 bytes,     466552 total
- age   6:       8968 bytes,     475520 total
: 136821K->522K(153344K), 0.0076425 secs] 319015K->182720K(1031552K), 0.0077433 secs] [Times: user=0.02 sys=0.00, real=0.01 secs] 
2016-08-16T13:40:59.176+0000: 332333.146: Total time for which application threads were stopped: 0.0084478 seconds, Stopping threads took: 0.0000841 seconds
2016-08-16T13:41:09.142+0000: 332343.112: [GC (Allocation Failure) 332343.112: [ParNew
Desired survivor size 8716288 bytes, new threshold 6 (max 6)
- age   1:     475128 bytes,     475128 total
- age   2:      34248 bytes,     509376 total
- age   3:       5864 bytes,     515240 total
- age   4:       9944 bytes,     525184 total
- age   5:       4264 bytes,     529448 total
- age   6:      23000 bytes,     552448 total
: 136842K->662K(153344K), 0.0074604 secs] 319040K->182869K(1031552K), 0.0075623 secs] [Times: user=0.01 sys=0.00, real=0.01 secs] 
2016-08-16T13:41:09.150+0000: 332343.120: Total time for which application threads were stopped: 0.0082500 seconds, Stopping threads took: 0.0000843 seconds
2016-08-16T13:41:19.145+0000: 332353.116: [GC (Allocation Failure) 332353.116: [ParNew
Desired survivor size 8716288 bytes, new threshold 6 (max 6)
- age   1:     513160 bytes,     513160 total
- age   2:      24056 bytes,     537216 total
- age   3:       8768 bytes,     545984 total
- age   4:       5704 bytes,     551688 total
- age   5:       9640 bytes,     561328 total
- age   6:       4264 bytes,     565592 total
: 136982K->600K(153344K), 0.0077417 secs] 319189K->182829K(1031552K), 0.0078592 secs] [Times: user=0.01 sys=0.00, real=0.01 secs] 
2016-08-16T13:41:19.153+0000: 332353.123: Total time for which application threads were stopped: 0.0085188 seconds, Stopping threads took: 0.0000816 seconds
2016-08-16T13:41:23.493+0000: 332357.463: Total time for which application threads were stopped: 0.0018658 seconds, Stopping threads took: 0.0003530 seconds
2016-08-16T13:41:29.139+0000: 332363.109: [GC (Allocation Failure) 332363.109: [ParNew
Desired survivor size 8716288 bytes, new threshold 6 (max 6)
- age   1:     645528 bytes,     645528 total
- age   2:      27240 bytes,     672768 total
- age   3:       3360 bytes,     676128 total
- age   4:       5328 bytes,     681456 total
- age   5:       4808 bytes,     686264 total
- age   6:       8624 bytes,     694888 total
: 136920K->761K(153344K), 0.0077310 secs] 319149K->182994K(1031552K), 0.0078416 secs] [Times: user=0.01 sys=0.00, real=0.01 secs] 
2016-08-16T13:41:29.147+0000: 332363.117: Total time for which application threads were stopped: 0.0085181 seconds, Stopping threads took: 0.0000821 seconds
2016-08-16T13:41:39.128+0000: 332373.099: [GC (Allocation Failure) 332373.099: [ParNew
Desired survivor size 8716288 bytes, new threshold 6 (max 6)
- age   1:     525976 bytes,     525976 total
- age   2:      48248 bytes,     574224 total
- age   3:       8000 bytes,     582224 total
- age   4:       3232 bytes,     585456 total
- age   5:       5184 bytes,     590640 total
- age   6:       4808 bytes,     595448 total
: 137081K->587K(153344K), 0.0075412 secs] 319314K->182828K(1031552K), 0.0076765 secs] [Times: user=0.01 sys=0.00, real=0.00 secs] 
2016-08-16T13:41:39.136+0000: 332373.106: Total time for which application threads were stopped: 0.0083604 seconds, Stopping threads took: 0.0000816 seconds
2016-08-16T13:41:49.122+0000: 332383.093: [GC (Allocation Failure) 332383.093: [ParNew
Desired survivor size 8716288 bytes, new threshold 6 (max 6)
- age   1:     868520 bytes,     868520 total
- age   2:      31072 bytes,     899592 total
- age   3:      27904 bytes,     927496 total
- age   4:       7944 bytes,     935440 total
- age   5:       3168 bytes,     938608 total
- age   6:       4904 bytes,     943512 total
: 136907K->1070K(153344K), 0.0078024 secs] 319148K->183316K(1031552K), 0.0078995 secs] [Times: user=0.01 sys=0.01, real=0.01 secs] 
2016-08-16T13:41:49.130+0000: 332383.101: Total time for which application threads were stopped: 0.0085581 seconds, Stopping threads took: 0.0000786 seconds
2016-08-16T13:41:59.487+0000: 332393.458: [GC (Allocation Failure) 332393.458: [ParNew
Desired survivor size 8716288 bytes, new threshold 6 (max 6)
- age   1:     550680 bytes,     550680 total
- age   2:      28968 bytes,     579648 total
- age   3:       4352 bytes,     584000 total
- age   4:      22896 bytes,     606896 total
- age   5:       7944 bytes,     614840 total
- age   6:       3168 bytes,     618008 total
: 137390K->655K(153344K), 0.0075208 secs] 319636K->182906K(1031552K), 0.0076390 secs] [Times: user=0.01 sys=0.00, real=0.01 secs] 
2016-08-16T13:41:59.495+0000: 332393.465: Total time for which application threads were stopped: 0.0083521 seconds, Stopping threads took: 0.0001079 seconds
2016-08-16T13:42:09.394+0000: 332403.364: [GC (Allocation Failure) 332403.364: [ParNew
Desired survivor size 8716288 bytes, new threshold 6 (max 6)
- age   1:     486360 bytes,     486360 total
- age   2:      37800 bytes,     524160 total
- age   3:       9296 bytes,     533456 total
- age   4:       4288 bytes,     537744 total
- age   5:      22824 bytes,     560568 total
- age   6:       7944 bytes,     568512 total
: 136975K->609K(153344K), 0.0070693 secs] 319226K->182864K(1031552K), 0.0071784 secs] [Times: user=0.02 sys=0.00, real=0.01 secs] 
2016-08-16T13:42:09.401+0000: 332403.371: Total time for which application threads were stopped: 0.0078564 seconds, Stopping threads took: 0.0000815 seconds
2016-08-16T13:42:19.126+0000: 332413.096: [GC (Allocation Failure) 332413.096: [ParNew
Desired survivor size 8716288 bytes, new threshold 6 (max 6)
- age   1:     510648 bytes,     510648 total
- age   2:      24176 bytes,     534824 total
- age   3:      12280 bytes,     547104 total
- age   4:       9264 bytes,     556368 total
- age   5:       4288 bytes,     560656 total
- age   6:      22824 bytes,     583480 total
: 136929K->649K(153344K), 0.0074190 secs] 319184K->182911K(1031552K), 0.0075146 secs] [Times: user=0.01 sys=0.00, real=0.01 secs] 
2016-08-16T13:42:19.134+0000: 332413.104: Total time for which application threads were stopped: 0.0081993 seconds, Stopping threads took: 0.0000810 seconds
2016-08-16T13:42:23.485+0000: 332417.455: Total time for which application threads were stopped: 0.0006835 seconds, Stopping threads took: 0.0001248 seconds
2016-08-16T13:42:29.431+0000: 332423.402: [GC (Allocation Failure) 332423.402: [ParNew
Desired survivor size 8716288 bytes, new threshold 6 (max 6)
- age   1:     702416 bytes,     702416 total
- age   2:      22424 bytes,     724840 total
- age   3:       3552 bytes,     728392 total
- age   4:       7032 bytes,     735424 total
- age   5:       8320 bytes,     743744 total
- age   6:       3568 bytes,     747312 total
: 136969K->811K(153344K), 0.0083450 secs] 319231K->183087K(1031552K), 0.0084459 secs] [Times: user=0.02 sys=0.00, real=0.00 secs] 
2016-08-16T13:42:29.440+0000: 332423.410: Total time for which application threads were stopped: 0.0091291 seconds, Stopping threads took: 0.0000815 seconds
2016-08-16T13:42:39.196+0000: 332433.166: [GC (Allocation Failure) 332433.166: [ParNew
Desired survivor size 8716288 bytes, new threshold 6 (max 6)
- age   1:     510504 bytes,     510504 total
- age   2:      48936 bytes,     559440 total
- age   3:       3352 bytes,     562792 total
- age   4:       3552 bytes,     566344 total
- age   5:       6824 bytes,     573168 total
- age   6:       8176 bytes,     581344 total
: 137131K->645K(153344K), 0.0074164 secs] 319407K->182925K(1031552K), 0.0075140 secs] [Times: user=0.02 sys=0.00, real=0.01 secs] 
2016-08-16T13:42:39.203+0000: 332433.174: Total time for which application threads were stopped: 0.0082014 seconds, Stopping threads took: 0.0000840 seconds
2016-08-16T13:42:49.537+0000: 332443.507: [GC (Allocation Failure) 332443.507: [ParNew
Desired survivor size 8716288 bytes, new threshold 6 (max 6)
- age   1:     873344 bytes,     873344 total
- age   2:      30008 bytes,     903352 total
- age   3:      28152 bytes,     931504 total
- age   4:       3296 bytes,     934800 total
- age   5:       3552 bytes,     938352 total
- age   6:       6512 bytes,     944864 total
: 136965K->1011K(153344K), 0.0079950 secs] 319245K->183296K(1031552K), 0.0080931 secs] [Times: user=0.01 sys=0.00, real=0.01 secs] 
2016-08-16T13:42:49.545+0000: 332443.515: Total time for which application threads were stopped: 0.0087940 seconds, Stopping threads took: 0.0001154 seconds
2016-08-16T13:42:54.753+0000: 332448.724: [GC (Allocation Failure) 332448.724: [ParNew
Desired survivor size 8716288 bytes, new threshold 6 (max 6)
- age   1:     485808 bytes,     485808 total
- age   2:      29344 bytes,     515152 total
- age   3:       3896 bytes,     519048 total
- age   4:      22984 bytes,     542032 total
- age   5:       3232 bytes,     545264 total
- age   6:       3552 bytes,     548816 total
: 137331K->588K(153344K), 0.0144032 secs] 319616K->182879K(1031552K), 0.0146292 secs] [Times: user=0.02 sys=0.00, real=0.02 secs] 
2016-08-16T13:42:54.768+0000: 332448.739: Total time for which application threads were stopped: 0.0163395 seconds, Stopping threads took: 0.0003133 seconds
2016-08-16T13:42:59.137+0000: 332453.107: [GC (Allocation Failure) 332453.107: [ParNew
Desired survivor size 8716288 bytes, new threshold 6 (max 6)
- age   1:     250320 bytes,     250320 total
- age   2:      28672 bytes,     278992 total
- age   3:      10360 bytes,     289352 total
- age   4:       3896 bytes,     293248 total
- age   5:      22816 bytes,     316064 total
- age   6:       3232 bytes,     319296 total
: 136908K->383K(153344K), 0.0065767 secs] 319199K->182678K(1031552K), 0.0066591 secs] [Times: user=0.01 sys=0.00, real=0.01 secs] 
2016-08-16T13:42:59.144+0000: 332453.114: Total time for which application threads were stopped: 0.0073343 seconds, Stopping threads took: 0.0000781 seconds
2016-08-16T13:43:09.313+0000: 332463.283: [GC (Allocation Failure) 332463.283: [ParNew
Desired survivor size 8716288 bytes, new threshold 6 (max 6)
- age   1:     436000 bytes,     436000 total
- age   2:      20848 bytes,     456848 total
- age   3:      24008 bytes,     480856 total
- age   4:      10232 bytes,     491088 total
- age   5:       3896 bytes,     494984 total
- age   6:      22816 bytes,     517800 total
: 136703K->603K(153344K), 0.0071572 secs] 318998K->182901K(1031552K), 0.0072547 secs] [Times: user=0.01 sys=0.00, real=0.01 secs] 
2016-08-16T13:43:09.321+0000: 332463.291: Total time for which application threads were stopped: 0.0079339 seconds, Stopping threads took: 0.0000809 seconds
2016-08-16T13:43:19.360+0000: 332473.330: [GC (Allocation Failure) 332473.330: [ParNew
Desired survivor size 8716288 bytes, new threshold 6 (max 6)
- age   1:     527312 bytes,     527312 total
- age   2:      23624 bytes,     550936 total
- age   3:       3448 bytes,     554384 total
- age   4:      17640 bytes,     572024 total
- age   5:       9816 bytes,     581840 total
- age   6:       3872 bytes,     585712 total
: 136923K->650K(153344K), 0.0073934 secs] 319221K->182971K(1031552K), 0.0074918 secs] [Times: user=0.01 sys=0.00, real=0.01 secs] 
2016-08-16T13:43:19.367+0000: 332473.338: Total time for which application threads were stopped: 0.0081887 seconds, Stopping threads took: 0.0000882 seconds
2016-08-16T13:43:23.493+0000: 332477.463: Total time for which application threads were stopped: 0.0017116 seconds, Stopping threads took: 0.0002928 seconds
2016-08-16T13:43:29.176+0000: 332483.147: [GC (Allocation Failure) 332483.147: [ParNew
Desired survivor size 8716288 bytes, new threshold 6 (max 6)
- age   1:     697776 bytes,     697776 total
- age   2:      28544 bytes,     726320 total
- age   3:       3264 bytes,     729584 total
- age   4:       2304 bytes,     731888 total
- age   5:      12440 bytes,     744328 total
- age   6:       8584 bytes,     752912 total
: 136970K->864K(153344K), 0.0077029 secs] 319291K->183188K(1031552K), 0.0078068 secs] [Times: user=0.01 sys=0.00, real=0.01 secs] 
2016-08-16T13:43:29.184+0000: 332483.154: Total time for which application threads were stopped: 0.0085559 seconds, Stopping threads took: 0.0000834 seconds
2016-08-16T13:43:39.208+0000: 332493.178: [GC (Allocation Failure) 332493.178: [ParNew
Desired survivor size 8716288 bytes, new threshold 6 (max 6)
- age   1:     525256 bytes,     525256 total
- age   2:      48864 bytes,     574120 total
- age   3:       9384 bytes,     583504 total
- age   4:       3200 bytes,     586704 total
- age   5:       2304 bytes,     589008 total
- age   6:      12368 bytes,     601376 total
: 137184K->600K(153344K), 0.0074754 secs] 319508K->182933K(1031552K), 0.0075887 secs] [Times: user=0.02 sys=0.00, real=0.01 secs] 
2016-08-16T13:43:39.216+0000: 332493.186: Total time for which application threads were stopped: 0.0082656 seconds, Stopping threads took: 0.0000833 seconds
2016-08-16T13:43:49.116+0000: 332503.086: [GC (Allocation Failure) 332503.086: [ParNew
Desired survivor size 8716288 bytes, new threshold 6 (max 6)
- age   1:     868888 bytes,     868888 total
- age   2:      31048 bytes,     899936 total
- age   3:      28216 bytes,     928152 total
- age   4:       9352 bytes,     937504 total
- age   5:       3200 bytes,     940704 total
- age   6:       2304 bytes,     943008 total
: 136920K->1003K(153344K), 0.0071926 secs] 319253K->183348K(1031552K), 0.0072951 secs] [Times: user=0.01 sys=0.00, real=0.01 secs] 
2016-08-16T13:43:49.123+0000: 332503.094: Total time for which application threads were stopped: 0.0079769 seconds, Stopping threads took: 0.0000772 seconds
2016-08-16T13:43:59.271+0000: 332513.241: [GC (Allocation Failure) 332513.241: [ParNew
Desired survivor size 8716288 bytes, new threshold 6 (max 6)
- age   1:     621344 bytes,     621344 total
- age   2:      29056 bytes,     650400 total
- age   3:       4192 bytes,     654592 total
- age   4:      23056 bytes,     677648 total
- age   5:       8944 bytes,     686592 total
- age   6:       3128 bytes,     689720 total
: 137323K->750K(153344K), 0.0071250 secs] 319668K->183097K(1031552K), 0.0072330 secs] [Times: user=0.01 sys=0.00, real=0.00 secs] 
2016-08-16T13:43:59.278+0000: 332513.248: Total time for which application threads were stopped: 0.0079151 seconds, Stopping threads took: 0.0000974 seconds
2016-08-16T13:44:09.151+0000: 332523.121: [GC (Allocation Failure) 332523.121: [ParNew
Desired survivor size 8716288 bytes, new threshold 6 (max 6)
- age   1:     475728 bytes,     475728 total
- age   2:      39176 bytes,     514904 total
- age   3:       9944 bytes,     524848 total
- age   4:       4168 bytes,     529016 total
- age   5:      22984 bytes,     552000 total
- age   6:       8944 bytes,     560944 total
: 137070K->655K(153344K), 0.0072363 secs] 319417K->183005K(1031552K), 0.0073344 secs] [Times: user=0.02 sys=0.00, real=0.00 secs] 
2016-08-16T13:44:09.158+0000: 332523.128: Total time for which application threads were stopped: 0.0080006 seconds, Stopping threads took: 0.0000818 seconds
2016-08-16T13:44:19.355+0000: 332533.325: [GC (Allocation Failure) 332533.325: [ParNew
Desired survivor size 8716288 bytes, new threshold 6 (max 6)
- age   1:     510144 bytes,     510144 total
- age   2:      23992 bytes,     534136 total
- age   3:      13632 bytes,     547768 total
- age   4:       9824 bytes,     557592 total
- age   5:       4168 bytes,     561760 total
- age   6:      22912 bytes,     584672 total
: 136975K->662K(153344K), 0.0071760 secs] 319325K->183020K(1031552K), 0.0072678 secs] [Times: user=0.02 sys=0.00, real=0.01 secs] 
2016-08-16T13:44:19.362+0000: 332533.332: Total time for which application threads were stopped: 0.0079693 seconds, Stopping threads took: 0.0000777 seconds
2016-08-16T13:44:23.493+0000: 332537.463: Total time for which application threads were stopped: 0.0019269 seconds, Stopping threads took: 0.0012853 seconds
2016-08-16T13:44:29.383+0000: 332543.354: [GC (Allocation Failure) 332543.354: [ParNew
Desired survivor size 8716288 bytes, new threshold 6 (max 6)
- age   1:     674128 bytes,     674128 total
- age   2:      24128 bytes,     698256 total
- age   3:       3440 bytes,     701696 total
- age   4:       8032 bytes,     709728 total
- age   5:       8592 bytes,     718320 total
- age   6:       3736 bytes,     722056 total
: 136982K->803K(153344K), 0.0083556 secs] 319340K->183177K(1031552K), 0.0084605 secs] [Times: user=0.01 sys=0.00, real=0.01 secs] 
2016-08-16T13:44:29.392+0000: 332543.362: Total time for which application threads were stopped: 0.0091835 seconds, Stopping threads took: 0.0000891 seconds
2016-08-16T13:44:39.208+0000: 332553.178: [GC (Allocation Failure) 332553.178: [ParNew
Desired survivor size 8716288 bytes, new threshold 6 (max 6)
- age   1:     541096 bytes,     541096 total
- age   2:      52784 bytes,     593880 total
- age   3:       5088 bytes,     598968 total
- age   4:       3440 bytes,     602408 total
- age   5:       7832 bytes,     610240 total
- age   6:       8528 bytes,     618768 total
: 137123K->680K(153344K), 0.0069335 secs] 319497K->183058K(1031552K), 0.0070424 secs] [Times: user=0.01 sys=0.00, real=0.01 secs] 
2016-08-16T13:44:39.215+0000: 332553.185: Total time for which application threads were stopped: 0.0077070 seconds, Stopping threads took: 0.0000821 seconds
2016-08-16T13:44:49.238+0000: 332563.208: [GC (Allocation Failure) 332563.208: [ParNew
Desired survivor size 8716288 bytes, new threshold 6 (max 6)
- age   1:     945384 bytes,     945384 total
- age   2:      30528 bytes,     975912 total
- age   3:      31992 bytes,    1007904 total
- age   4:       4936 bytes,    1012840 total
- age   5:       3368 bytes,    1016208 total
- age   6:       7544 bytes,    1023752 total
: 137000K->1094K(153344K), 0.0075438 secs] 319378K->183479K(1031552K), 0.0076494 secs] [Times: user=0.01 sys=0.00, real=0.01 secs] 
2016-08-16T13:44:49.245+0000: 332563.216: Total time for which application threads were stopped: 0.0083227 seconds, Stopping threads took: 0.0000774 seconds
2016-08-16T13:44:54.780+0000: 332568.750: [GC (Allocation Failure) 332568.750: [ParNew
Desired survivor size 8716288 bytes, new threshold 6 (max 6)
- age   1:     443472 bytes,     443472 total
- age   2:      36256 bytes,     479728 total
- age   3:       3880 bytes,     483608 total
- age   4:      27752 bytes,     511360 total
- age   5:       4936 bytes,     516296 total
- age   6:       3368 bytes,     519664 total
: 137414K->649K(153344K), 0.0119031 secs] 319799K->183042K(1031552K), 0.0121640 secs] [Times: user=0.03 sys=0.00, real=0.02 secs] 
2016-08-16T13:44:54.792+0000: 332568.763: Total time for which application threads were stopped: 0.0137135 seconds, Stopping threads took: 0.0002442 seconds
2016-08-16T13:44:59.231+0000: 332573.201: [GC (Allocation Failure) 332573.201: [ParNew
Desired survivor size 8716288 bytes, new threshold 6 (max 6)
- age   1:     254320 bytes,     254320 total
- age   2:      23104 bytes,     277424 total
- age   3:      16808 bytes,     294232 total
- age   4:       3880 bytes,     298112 total
- age   5:      27584 bytes,     325696 total
- age   6:       4936 bytes,     330632 total
: 136969K->370K(153344K), 0.0061646 secs] 319362K->182766K(1031552K), 0.0062565 secs] [Times: user=0.01 sys=0.00, real=0.00 secs] 
2016-08-16T13:44:59.237+0000: 332573.208: Total time for which application threads were stopped: 0.0068494 seconds, Stopping threads took: 0.0000794 seconds
2016-08-16T13:45:09.342+0000: 332583.312: [GC (Allocation Failure) 332583.312: [ParNew
Desired survivor size 8716288 bytes, new threshold 6 (max 6)
- age   1:     423632 bytes,     423632 total
- age   2:      20816 bytes,     444448 total
- age   3:      18376 bytes,     462824 total
- age   4:      16776 bytes,     479600 total
- age   5:       3816 bytes,     483416 total
- age   6:      27512 bytes,     510928 total
: 136690K->583K(153344K), 0.0073251 secs] 319086K->182984K(1031552K), 0.0074218 secs] [Times: user=0.02 sys=0.00, real=0.01 secs] 
2016-08-16T13:45:09.349+0000: 332583.320: Total time for which application threads were stopped: 0.0080984 seconds, Stopping threads took: 0.0000818 seconds
2016-08-16T13:45:19.372+0000: 332593.342: [GC (Allocation Failure) 332593.342: [ParNew
Desired survivor size 8716288 bytes, new threshold 6 (max 6)
- age   1:     494600 bytes,     494600 total
- age   2:      23128 bytes,     517728 total
- age   3:       3488 bytes,     521216 total
- age   4:      12008 bytes,     533224 total
- age   5:      16576 bytes,     549800 total
- age   6:       3816 bytes,     553616 total
: 136903K->629K(153344K), 0.0074094 secs] 319304K->183058K(1031552K), 0.0075196 secs] [Times: user=0.02 sys=0.00, real=0.00 secs] 
2016-08-16T13:45:19.380+0000: 332593.350: Total time for which application threads were stopped: 0.0082037 seconds, Stopping threads took: 0.0000839 seconds
2016-08-16T13:45:23.493+0000: 332597.463: Total time for which application threads were stopped: 0.0012745 seconds, Stopping threads took: 0.0003076 seconds
2016-08-16T13:45:29.226+0000: 332603.196: [GC (Allocation Failure) 332603.196: [ParNew
Desired survivor size 8716288 bytes, new threshold 6 (max 6)
- age   1:     652288 bytes,     652288 total
- age   2:      22912 bytes,     675200 total
- age   3:       2712 bytes,     677912 total
- age   4:       2344 bytes,     680256 total
- age   5:       6712 bytes,     686968 total
- age   6:      15304 bytes,     702272 total
: 136949K->747K(153344K), 0.0081996 secs] 319378K->183178K(1031552K), 0.0083065 secs] [Times: user=0.02 sys=0.00, real=0.01 secs] 
2016-08-16T13:45:29.234+0000: 332603.204: Total time for which application threads were stopped: 0.0089885 seconds, Stopping threads took: 0.0000829 seconds
2016-08-16T13:45:39.228+0000: 332613.198: [GC (Allocation Failure) 332613.198: [ParNew
Desired survivor size 8716288 bytes, new threshold 6 (max 6)
- age   1:     505576 bytes,     505576 total
- age   2:      47704 bytes,     553280 total
- age   3:       3784 bytes,     557064 total
- age   4:       2576 bytes,     559640 total
- age   5:       2344 bytes,     561984 total
- age   6:       6640 bytes,     568624 total
: 137067K->632K(153344K), 0.0073616 secs] 319498K->183078K(1031552K), 0.0074599 secs] [Times: user=0.01 sys=0.00, real=0.01 secs] 
2016-08-16T13:45:39.236+0000: 332613.206: Total time for which application threads were stopped: 0.0081363 seconds, Stopping threads took: 0.0000859 seconds
2016-08-16T13:45:49.112+0000: 332623.083: [GC (Allocation Failure) 332623.083: [ParNew
Desired survivor size 8716288 bytes, new threshold 6 (max 6)
- age   1:     806736 bytes,     806736 total
- age   2:      30536 bytes,     837272 total
- age   3:      27336 bytes,     864608 total
- age   4:       3720 bytes,     868328 total
- age   5:       2576 bytes,     870904 total
- age   6:       2344 bytes,     873248 total
: 136952K->942K(153344K), 0.0080852 secs] 319398K->183395K(1031552K), 0.0081946 secs] [Times: user=0.01 sys=0.00, real=0.01 secs] 
2016-08-16T13:45:49.121+0000: 332623.091: Total time for which application threads were stopped: 0.0089396 seconds, Stopping threads took: 0.0000816 seconds
2016-08-16T13:45:50.991+0000: 332624.961: Total time for which application threads were stopped: 0.0069751 seconds, Stopping threads took: 0.0002203 seconds
2016-08-16T13:45:59.238+0000: 332633.209: [GC (Allocation Failure) 332633.209: [ParNew
Desired survivor size 8716288 bytes, new threshold 6 (max 6)
- age   1:     633200 bytes,     633200 total
- age   2:      28968 bytes,     662168 total
- age   3:       4152 bytes,     666320 total
- age   4:      22208 bytes,     688528 total
- age   5:       3656 bytes,     692184 total
- age   6:       2512 bytes,     694696 total
: 137262K->751K(153344K), 0.0082089 secs] 319715K->183206K(1031552K), 0.0083082 secs] [Times: user=0.01 sys=0.00, real=0.01 secs] 
2016-08-16T13:45:59.247+0000: 332633.217: Total time for which application threads were stopped: 0.0089823 seconds, Stopping threads took: 0.0000763 seconds
2016-08-16T13:46:09.329+0000: 332643.300: [GC (Allocation Failure) 332643.300: [ParNew
Desired survivor size 8716288 bytes, new threshold 6 (max 6)
- age   1:     469456 bytes,     469456 total
- age   2:      38880 bytes,     508336 total
- age   3:       9952 bytes,     518288 total
- age   4:       4088 bytes,     522376 total
- age   5:      22064 bytes,     544440 total
- age   6:       3656 bytes,     548096 total
: 137071K->636K(153344K), 0.0074534 secs] 319526K->183093K(1031552K), 0.0075535 secs] [Times: user=0.01 sys=0.00, real=0.00 secs] 
2016-08-16T13:46:09.337+0000: 332643.307: Total time for which application threads were stopped: 0.0082276 seconds, Stopping threads took: 0.0000825 seconds
2016-08-16T13:46:19.356+0000: 332653.326: [GC (Allocation Failure) 332653.326: [ParNew
Desired survivor size 8716288 bytes, new threshold 6 (max 6)
- age   1:     497984 bytes,     497984 total
- age   2:      24112 bytes,     522096 total
- age   3:      13208 bytes,     535304 total
- age   4:       9920 bytes,     545224 total
- age   5:       4088 bytes,     549312 total
- age   6:      21904 bytes,     571216 total
: 136956K->623K(153344K), 0.0080771 secs] 319413K->183084K(1031552K), 0.0081879 secs] [Times: user=0.01 sys=0.00, real=0.01 secs] 
2016-08-16T13:46:19.364+0000: 332653.334: Total time for which application threads were stopped: 0.0088310 seconds, Stopping threads took: 0.0000710 seconds
2016-08-16T13:46:23.492+0000: 332657.462: Total time for which application threads were stopped: 0.0018307 seconds, Stopping threads took: 0.0004438 seconds
2016-08-16T13:46:29.385+0000: 332663.355: [GC (Allocation Failure) 332663.355: [ParNew
Desired survivor size 8716288 bytes, new threshold 6 (max 6)
- age   1:     685464 bytes,     685464 total
- age   2:      28616 bytes,     714080 total
- age   3:       3368 bytes,     717448 total
- age   4:       8928 bytes,     726376 total
- age   5:       8832 bytes,     735208 total
- age   6:       3496 bytes,     738704 total
: 136943K->787K(153344K), 0.0080830 secs] 319404K->183262K(1031552K), 0.0082072 secs] [Times: user=0.02 sys=0.00, real=0.01 secs] 
2016-08-16T13:46:29.393+0000: 332663.363: Total time for which application threads were stopped: 0.0089393 seconds, Stopping threads took: 0.0000874 seconds
2016-08-16T13:46:39.328+0000: 332673.299: [GC (Allocation Failure) 332673.299: [ParNew
Desired survivor size 8716288 bytes, new threshold 6 (max 6)
- age   1:     499200 bytes,     499200 total
- age   2:      56792 bytes,     555992 total
- age   3:       9488 bytes,     565480 total
- age   4:       3368 bytes,     568848 total
- age   5:       8856 bytes,     577704 total
- age   6:       8696 bytes,     586400 total
: 137107K->660K(153344K), 0.0073669 secs] 319582K->183139K(1031552K), 0.0074816 secs] [Times: user=0.01 sys=0.00, real=0.00 secs] 
2016-08-16T13:46:39.336+0000: 332673.306: Total time for which application threads were stopped: 0.0081615 seconds, Stopping threads took: 0.0000827 seconds
2016-08-16T13:46:49.501+0000: 332683.472: [GC (Allocation Failure) 332683.472: [ParNew
Desired survivor size 8716288 bytes, new threshold 6 (max 6)
- age   1:     877256 bytes,     877256 total
- age   2:      30040 bytes,     907296 total
- age   3:      36096 bytes,     943392 total
- age   4:       9456 bytes,     952848 total
- age   5:       3368 bytes,     956216 total
- age   6:       8400 bytes,     964616 total
: 136980K->1017K(153344K), 0.0078962 secs] 319459K->183505K(1031552K), 0.0079969 secs] [Times: user=0.01 sys=0.00, real=0.01 secs] 
2016-08-16T13:46:49.510+0000: 332683.480: Total time for which application threads were stopped: 0.0088155 seconds, Stopping threads took: 0.0000806 seconds
2016-08-16T13:46:59.266+0000: 332693.237: [GC (Allocation Failure) 332693.237: [ParNew
Desired survivor size 8716288 bytes, new threshold 6 (max 6)
- age   1:     622040 bytes,     622040 total
- age   2:      29216 bytes,     651256 total
- age   3:       3992 bytes,     655248 total
- age   4:      30016 bytes,     685264 total
- age   5:       9328 bytes,     694592 total
- age   6:       3368 bytes,     697960 total
: 137337K->776K(153344K), 0.0099223 secs] 319825K->183271K(1031552K), 0.0100373 secs] [Times: user=0.01 sys=0.00, real=0.01 secs] 
2016-08-16T13:46:59.277+0000: 332693.247: Total time for which application threads were stopped: 0.0107529 seconds, Stopping threads took: 0.0000953 seconds
2016-08-16T13:47:01.404+0000: 332695.374: [GC (Allocation Failure) 332695.374: [ParNew
Desired survivor size 8716288 bytes, new threshold 6 (max 6)
- age   1:     216304 bytes,     216304 total
- age   2:      43728 bytes,     260032 total
- age   3:       9904 bytes,     269936 total
- age   4:       3968 bytes,     273904 total
- age   5:      29944 bytes,     303848 total
- age   6:       9328 bytes,     313176 total
: 137096K->396K(153344K), 0.0131727 secs] 319591K->182895K(1031552K), 0.0133781 secs] [Times: user=0.03 sys=0.00, real=0.01 secs] 
2016-08-16T13:47:01.417+0000: 332695.387: Total time for which application threads were stopped: 0.0149295 seconds, Stopping threads took: 0.0002041 seconds
2016-08-16T13:47:09.359+0000: 332703.330: [GC (Allocation Failure) 332703.330: [ParNew
Desired survivor size 8716288 bytes, new threshold 6 (max 6)
- age   1:     273840 bytes,     273840 total
- age   2:       7416 bytes,     281256 total
- age   3:      19792 bytes,     301048 total
- age   4:       9816 bytes,     310864 total
- age   5:       3968 bytes,     314832 total
- age   6:      29728 bytes,     344560 total
: 136716K->382K(153344K), 0.0065997 secs] 319215K->182890K(1031552K), 0.0066928 secs] [Times: user=0.01 sys=0.00, real=0.01 secs] 
2016-08-16T13:47:09.366+0000: 332703.336: Total time for which application threads were stopped: 0.0073615 seconds, Stopping threads took: 0.0000855 seconds
2016-08-16T13:47:19.328+0000: 332713.298: [GC (Allocation Failure) 332713.298: [ParNew
Desired survivor size 8716288 bytes, new threshold 6 (max 6)
- age   1:     509472 bytes,     509472 total
- age   2:      21368 bytes,     530840 total
- age   3:       3192 bytes,     534032 total
- age   4:      13048 bytes,     547080 total
- age   5:       9736 bytes,     556816 total
- age   6:       3832 bytes,     560648 total
: 136702K->591K(153344K), 0.0077740 secs] 319210K->183129K(1031552K), 0.0078713 secs] [Times: user=0.02 sys=0.00, real=0.01 secs] 
2016-08-16T13:47:19.336+0000: 332713.306: Total time for which application threads were stopped: 0.0085374 seconds, Stopping threads took: 0.0000783 seconds
2016-08-16T13:47:23.491+0000: 332717.461: Total time for which application threads were stopped: 0.0018417 seconds, Stopping threads took: 0.0004694 seconds
2016-08-16T13:47:29.406+0000: 332723.377: [GC (Allocation Failure) 332723.377: [ParNew
Desired survivor size 8716288 bytes, new threshold 6 (max 6)
- age   1:     667184 bytes,     667184 total
- age   2:      25120 bytes,     692304 total
- age   3:       1432 bytes,     693736 total
- age   4:       2912 bytes,     696648 total
- age   5:       9048 bytes,     705696 total
- age   6:       8448 bytes,     714144 total
: 136911K->801K(153344K), 0.0084214 secs] 319449K->183342K(1031552K), 0.0085284 secs] [Times: user=0.01 sys=0.00, real=0.01 secs] 
2016-08-16T13:47:29.415+0000: 332723.385: Total time for which application threads were stopped: 0.0092470 seconds, Stopping threads took: 0.0001041 seconds
2016-08-16T13:47:39.396+0000: 332733.366: [GC (Allocation Failure) 332733.366: [ParNew
Desired survivor size 8716288 bytes, new threshold 6 (max 6)
- age   1:     501872 bytes,     501872 total
- age   2:      49640 bytes,     551512 total
- age   3:       5848 bytes,     557360 total
- age   4:       1368 bytes,     558728 total
- age   5:       2912 bytes,     561640 total
- age   6:       8976 bytes,     570616 total
: 137121K->643K(153344K), 0.0075044 secs] 319662K->183192K(1031552K), 0.0076024 secs] [Times: user=0.01 sys=0.00, real=0.01 secs] 
2016-08-16T13:47:39.403+0000: 332733.374: Total time for which application threads were stopped: 0.0082826 seconds, Stopping threads took: 0.0000809 seconds
2016-08-16T13:47:49.113+0000: 332743.083: [GC (Allocation Failure) 332743.083: [ParNew
Desired survivor size 8716288 bytes, new threshold 6 (max 6)
- age   1:     864952 bytes,     864952 total
- age   2:      30528 bytes,     895480 total
- age   3:      29312 bytes,     924792 total
- age   4:       5816 bytes,     930608 total
- age   5:       1160 bytes,     931768 total
- age   6:       2912 bytes,     934680 total
: 136963K->1008K(153344K), 0.0082703 secs] 319512K->183566K(1031552K), 0.0083696 secs] [Times: user=0.01 sys=0.00, real=0.01 secs] 
2016-08-16T13:47:49.121+0000: 332743.092: Total time for which application threads were stopped: 0.0090857 seconds, Stopping threads took: 0.0001217 seconds
2016-08-16T13:47:59.371+0000: 332753.341: [GC (Allocation Failure) 332753.341: [ParNew
Desired survivor size 8716288 bytes, new threshold 6 (max 6)
- age   1:     666440 bytes,     666440 total
- age   2:      28920 bytes,     695360 total
- age   3:       4344 bytes,     699704 total
- age   4:      24344 bytes,     724048 total
- age   5:       5816 bytes,     729864 total
- age   6:       1160 bytes,     731024 total
: 137328K->875K(153344K), 0.0079735 secs] 319886K->183435K(1031552K), 0.0080898 secs] [Times: user=0.02 sys=0.00, real=0.00 secs] 
2016-08-16T13:47:59.379+0000: 332753.349: Total time for which application threads were stopped: 0.0087651 seconds, Stopping threads took: 0.0000794 seconds
2016-08-16T13:48:09.410+0000: 332763.380: [GC (Allocation Failure) 332763.380: [ParNew
Desired survivor size 8716288 bytes, new threshold 6 (max 6)
- age   1:     472248 bytes,     472248 total
- age   2:      44528 bytes,     516776 total
- age   3:       9776 bytes,     526552 total
- age   4:       4344 bytes,     530896 total
- age   5:      24200 bytes,     555096 total
- age   6:       5816 bytes,     560912 total
: 137195K->598K(153344K), 0.0074064 secs] 319755K->183159K(1031552K), 0.0075055 secs] [Times: user=0.01 sys=0.00, real=0.00 secs] 
2016-08-16T13:48:09.418+0000: 332763.388: Total time for which application threads were stopped: 0.0081918 seconds, Stopping threads took: 0.0000993 seconds
2016-08-16T13:48:19.382+0000: 332773.352: [GC (Allocation Failure) 332773.352: [ParNew
Desired survivor size 8716288 bytes, new threshold 6 (max 6)
- age   1:     520520 bytes,     520520 total
- age   2:      24416 bytes,     544936 total
- age   3:      19032 bytes,     563968 total
- age   4:       9744 bytes,     573712 total
- age   5:       4280 bytes,     577992 total
- age   6:      24064 bytes,     602056 total
: 136918K->706K(153344K), 0.0073816 secs] 319479K->183273K(1031552K), 0.0074815 secs] [Times: user=0.02 sys=0.00, real=0.01 secs] 
2016-08-16T13:48:19.389+0000: 332773.359: Total time for which application threads were stopped: 0.0081627 seconds, Stopping threads took: 0.0000823 seconds
2016-08-16T13:48:23.493+0000: 332777.463: Total time for which application threads were stopped: 0.0015906 seconds, Stopping threads took: 0.0009094 seconds
2016-08-16T13:48:29.327+0000: 332783.298: [GC (Allocation Failure) 332783.298: [ParNew
Desired survivor size 8716288 bytes, new threshold 6 (max 6)
- age   1:     666040 bytes,     666040 total
- age   2:      22440 bytes,     688480 total
- age   3:       3744 bytes,     692224 total
- age   4:      10424 bytes,     702648 total
- age   5:       9016 bytes,     711664 total
- age   6:       3968 bytes,     715632 total
: 137026K->788K(153344K), 0.0080045 secs] 319593K->183371K(1031552K), 0.0081080 secs] [Times: user=0.01 sys=0.00, real=0.01 secs] 
2016-08-16T13:48:29.336+0000: 332783.306: Total time for which application threads were stopped: 0.0087833 seconds, Stopping threads took: 0.0000847 seconds
2016-08-16T13:48:39.440+0000: 332793.410: [GC (Allocation Failure) 332793.410: [ParNew
Desired survivor size 8716288 bytes, new threshold 6 (max 6)
- age   1:     512664 bytes,     512664 total
- age   2:      47192 bytes,     559856 total
- age   3:       3240 bytes,     563096 total
- age   4:       3744 bytes,     566840 total
- age   5:      10288 bytes,     577128 total
- age   6:       9016 bytes,     586144 total
: 137108K->666K(153344K), 0.0077207 secs] 319691K->183252K(1031552K), 0.0078256 secs] [Times: user=0.02 sys=0.00, real=0.01 secs] 
2016-08-16T13:48:39.448+0000: 332793.418: Total time for which application threads were stopped: 0.0085314 seconds, Stopping threads took: 0.0000981 seconds
2016-08-16T13:48:49.523+0000: 332803.494: [GC (Allocation Failure) 332803.494: [ParNew
Desired survivor size 8716288 bytes, new threshold 6 (max 6)
- age   1:     861984 bytes,     861984 total
- age   2:      30256 bytes,     892240 total
- age   3:      26872 bytes,     919112 total
- age   4:       3208 bytes,     922320 total
- age   5:       3680 bytes,     926000 total
- age   6:       9800 bytes,     935800 total
: 136986K->1008K(153344K), 0.0078573 secs] 319572K->183600K(1031552K), 0.0079690 secs] [Times: user=0.01 sys=0.00, real=0.01 secs] 
2016-08-16T13:48:49.532+0000: 332803.502: Total time for which application threads were stopped: 0.0086620 seconds, Stopping threads took: 0.0001049 seconds
2016-08-16T13:48:59.339+0000: 332813.309: [GC (Allocation Failure) 332813.309: [ParNew
Desired survivor size 8716288 bytes, new threshold 6 (max 6)
- age   1:     508728 bytes,     508728 total
- age   2:      28992 bytes,     537720 total
- age   3:       3968 bytes,     541688 total
- age   4:      22112 bytes,     563800 total
- age   5:       3144 bytes,     566944 total
- age   6:       3680 bytes,     570624 total
: 137328K->671K(153344K), 0.0077387 secs] 319920K->183273K(1031552K), 0.0078456 secs] [Times: user=0.01 sys=0.00, real=0.01 secs] 
2016-08-16T13:48:59.347+0000: 332813.317: Total time for which application threads were stopped: 0.0085659 seconds, Stopping threads took: 0.0000833 seconds
2016-08-16T13:49:09.350+0000: 332823.320: [GC (Allocation Failure) 332823.320: [ParNew
Desired survivor size 8716288 bytes, new threshold 6 (max 6)
- age   1:     593800 bytes,     593800 total
- age   2:      38216 bytes,     632016 total
- age   3:       9208 bytes,     641224 total
- age   4:       3896 bytes,     645120 total
- age   5:      21968 bytes,     667088 total
- age   6:       3144 bytes,     670232 total
: 136991K->703K(153344K), 0.0118410 secs] 319593K->183309K(1031552K), 0.0120318 secs] [Times: user=0.02 sys=0.01, real=0.01 secs] 
2016-08-16T13:49:09.362+0000: 332823.332: Total time for which application threads were stopped: 0.0135930 seconds, Stopping threads took: 0.0002258 seconds
2016-08-16T13:49:09.436+0000: 332823.406: [GC (Allocation Failure) 332823.406: [ParNew
Desired survivor size 8716288 bytes, new threshold 6 (max 6)
- age   1:     195112 bytes,     195112 total
- age   2:      20688 bytes,     215800 total
- age   3:      19056 bytes,     234856 total
- age   4:       9144 bytes,     244000 total
- age   5:       3896 bytes,     247896 total
- age   6:      21968 bytes,     269864 total
: 137023K->395K(153344K), 0.0086232 secs] 319629K->183004K(1031552K), 0.0087199 secs] [Times: user=0.02 sys=0.00, real=0.01 secs] 
2016-08-16T13:49:09.445+0000: 332823.415: Total time for which application threads were stopped: 0.0093246 seconds, Stopping threads took: 0.0000774 seconds
2016-08-16T13:49:19.437+0000: 332833.407: [GC (Allocation Failure) 332833.407: [ParNew
Desired survivor size 8716288 bytes, new threshold 6 (max 6)
- age   1:     406864 bytes,     406864 total
- age   2:      19392 bytes,     426256 total
- age   3:       4768 bytes,     431024 total
- age   4:      12136 bytes,     443160 total
- age   5:       8984 bytes,     452144 total
- age   6:       3896 bytes,     456040 total
: 136715K->516K(153344K), 0.0070966 secs] 319324K->183148K(1031552K), 0.0072064 secs] [Times: user=0.01 sys=0.00, real=0.01 secs] 
2016-08-16T13:49:19.444+0000: 332833.414: Total time for which application threads were stopped: 0.0079243 seconds, Stopping threads took: 0.0000854 seconds
2016-08-16T13:49:23.495+0000: 332837.465: Total time for which application threads were stopped: 0.0007639 seconds, Stopping threads took: 0.0001489 seconds
2016-08-16T13:49:29.561+0000: 332843.531: [GC (Allocation Failure) 332843.531: [ParNew
Desired survivor size 8716288 bytes, new threshold 6 (max 6)
- age   1:     648224 bytes,     648224 total
- age   2:      27520 bytes,     675744 total
- age   3:       2040 bytes,     677784 total
- age   4:       3168 bytes,     680952 total
- age   5:       9000 bytes,     689952 total
- age   6:       8416 bytes,     698368 total
: 136836K->716K(153344K), 0.0072720 secs] 319468K->183350K(1031552K), 0.0073911 secs] [Times: user=0.01 sys=0.00, real=0.01 secs] 
2016-08-16T13:49:29.569+0000: 332843.539: Total time for which application threads were stopped: 0.0080791 seconds, Stopping threads took: 0.0001008 seconds
2016-08-16T13:49:39.355+0000: 332853.325: [GC (Allocation Failure) 332853.325: [ParNew
Desired survivor size 8716288 bytes, new threshold 6 (max 6)
- age   1:     463896 bytes,     463896 total
- age   2:      48160 bytes,     512056 total
- age   3:       8392 bytes,     520448 total
- age   4:       2040 bytes,     522488 total
- age   5:       3144 bytes,     525632 total
- age   6:       8928 bytes,     534560 total
: 137036K->603K(153344K), 0.0071893 secs] 319670K->183246K(1031552K), 0.0072992 secs] [Times: user=0.01 sys=0.00, real=0.01 secs] 
2016-08-16T13:49:39.362+0000: 332853.332: Total time for which application threads were stopped: 0.0079781 seconds, Stopping threads took: 0.0000836 seconds
2016-08-16T13:49:41.555+0000: 332855.526: Total time for which application threads were stopped: 0.0005202 seconds, Stopping threads took: 0.0000775 seconds
2016-08-16T13:49:49.125+0000: 332863.096: [GC (Allocation Failure) 332863.096: [ParNew
Desired survivor size 8716288 bytes, new threshold 6 (max 6)
- age   1:     947056 bytes,     947056 total
- age   2:      29896 bytes,     976952 total
- age   3:      26440 bytes,    1003392 total
- age   4:       8016 bytes,    1011408 total
- age   5:       1912 bytes,    1013320 total
- age   6:       3072 bytes,    1016392 total
: 136923K->1128K(153344K), 0.0079066 secs] 319566K->183779K(1031552K), 0.0080082 secs] [Times: user=0.01 sys=0.00, real=0.01 secs] 
2016-08-16T13:49:49.133+0000: 332863.104: Total time for which application threads were stopped: 0.0086737 seconds, Stopping threads took: 0.0000821 seconds
2016-08-16T13:49:59.382+0000: 332873.352: [GC (Allocation Failure) 332873.352: [ParNew
Desired survivor size 8716288 bytes, new threshold 6 (max 6)
- age   1:     574056 bytes,     574056 total
- age   2:      44560 bytes,     618616 total
- age   3:       3880 bytes,     622496 total
- age   4:      21464 bytes,     643960 total
- age   5:       8016 bytes,     651976 total
- age   6:       1912 bytes,     653888 total
: 137448K->678K(153344K), 0.0076685 secs] 320099K->183332K(1031552K), 0.0077804 secs] [Times: user=0.02 sys=0.00, real=0.01 secs] 
2016-08-16T13:49:59.390+0000: 332873.360: Total time for which application threads were stopped: 0.0084964 seconds, Stopping threads took: 0.0000848 seconds
2016-08-16T13:50:09.523+0000: 332883.493: [GC (Allocation Failure) 332883.493: [ParNew
Desired survivor size 8716288 bytes, new threshold 6 (max 6)
- age   1:     425936 bytes,     425936 total
- age   2:      38680 bytes,     464616 total
- age   3:      25384 bytes,     490000 total
- age   4:       3880 bytes,     493880 total
- age   5:      21392 bytes,     515272 total
- age   6:       8016 bytes,     523288 total
: 136998K->577K(153344K), 0.0071826 secs] 319652K->183233K(1031552K), 0.0072876 secs] [Times: user=0.02 sys=0.00, real=0.01 secs] 
2016-08-16T13:50:09.531+0000: 332883.501: Total time for which application threads were stopped: 0.0079505 seconds, Stopping threads took: 0.0000818 seconds
2016-08-16T13:50:18.833+0000: 332892.803: [GC (Allocation Failure) 332892.803: [ParNew
Desired survivor size 8716288 bytes, new threshold 6 (max 6)
- age   1:     423744 bytes,     423744 total
- age   2:      27096 bytes,     450840 total
- age   3:      13160 bytes,     464000 total
- age   4:      25280 bytes,     489280 total
- age   5:       3880 bytes,     493160 total
- age   6:      21320 bytes,     514480 total
: 136897K->649K(153344K), 0.0063858 secs] 319553K->183313K(1031552K), 0.0064918 secs] [Times: user=0.01 sys=0.00, real=0.00 secs] 
2016-08-16T13:50:18.839+0000: 332892.810: Total time for which application threads were stopped: 0.0071906 seconds, Stopping threads took: 0.0000852 seconds
2016-08-16T13:50:23.494+0000: 332897.464: Total time for which application threads were stopped: 0.0007536 seconds, Stopping threads took: 0.0001457 seconds
2016-08-16T13:50:29.341+0000: 332903.311: [GC (Allocation Failure) 332903.311: [ParNew
Desired survivor size 8716288 bytes, new threshold 6 (max 6)
- age   1:     663768 bytes,     663768 total
- age   2:      23664 bytes,     687432 total
- age   3:       5056 bytes,     692488 total
- age   4:       9424 bytes,     701912 total
- age   5:      22200 bytes,     724112 total
- age   6:       3288 bytes,     727400 total
: 136969K->748K(153344K), 0.0084495 secs] 319633K->183427K(1031552K), 0.0085800 secs] [Times: user=0.02 sys=0.01, real=0.01 secs] 
2016-08-16T13:50:29.350+0000: 332903.320: Total time for which application threads were stopped: 0.0093063 seconds, Stopping threads took: 0.0000845 seconds
2016-08-16T13:50:39.333+0000: 332913.303: [GC (Allocation Failure) 332913.304: [ParNew
Desired survivor size 8716288 bytes, new threshold 6 (max 6)
- age   1:     446824 bytes,     446824 total
- age   2:      48888 bytes,     495712 total
- age   3:       4600 bytes,     500312 total
- age   4:       5056 bytes,     505368 total
- age   5:       9224 bytes,     514592 total
- age   6:      22128 bytes,     536720 total
: 137068K->599K(153344K), 0.0072197 secs] 319747K->183281K(1031552K), 0.0073177 secs] [Times: user=0.02 sys=0.00, real=0.01 secs] 
2016-08-16T13:50:39.341+0000: 332913.311: Total time for which application threads were stopped: 0.0079847 seconds, Stopping threads took: 0.0000861 seconds
2016-08-16T13:50:49.505+0000: 332923.475: [GC (Allocation Failure) 332923.475: [ParNew
Desired survivor size 8716288 bytes, new threshold 6 (max 6)
- age   1:     853864 bytes,     853864 total
- age   2:      30104 bytes,     883968 total
- age   3:      27320 bytes,     911288 total
- age   4:       4568 bytes,     915856 total
- age   5:       5056 bytes,     920912 total
- age   6:       8936 bytes,     929848 total
: 136919K->996K(153344K), 0.0079657 secs] 319601K->183699K(1031552K), 0.0080665 secs] [Times: user=0.02 sys=0.00, real=0.01 secs] 
2016-08-16T13:50:49.513+0000: 332923.483: Total time for which application threads were stopped: 0.0087567 seconds, Stopping threads took: 0.0000839 seconds
2016-08-16T13:50:59.341+0000: 332933.312: [GC (Allocation Failure) 332933.312: [ParNew
Desired survivor size 8716288 bytes, new threshold 6 (max 6)
- age   1:     533640 bytes,     533640 total
- age   2:      29440 bytes,     563080 total
- age   3:       4352 bytes,     567432 total
- age   4:      23168 bytes,     590600 total
- age   5:       4568 bytes,     595168 total
- age   6:       5056 bytes,     600224 total
: 137316K->701K(153344K), 0.0077314 secs] 320019K->183413K(1031552K), 0.0078276 secs] [Times: user=0.01 sys=0.00, real=0.01 secs] 
2016-08-16T13:50:59.349+0000: 332933.320: Total time for which application threads were stopped: 0.0084978 seconds, Stopping threads took: 0.0000822 seconds
2016-08-16T13:51:09.335+0000: 332943.305: [GC (Allocation Failure) 332943.305: [ParNew
Desired survivor size 8716288 bytes, new threshold 6 (max 6)
- age   1:     402048 bytes,     402048 total
- age   2:      39376 bytes,     441424 total
- age   3:      10272 bytes,     451696 total
- age   4:       4288 bytes,     455984 total
- age   5:      23096 bytes,     479080 total
- age   6:       4568 bytes,     483648 total
: 137021K->540K(153344K), 0.0068087 secs] 319733K->183257K(1031552K), 0.0069084 secs] [Times: user=0.01 sys=0.00, real=0.01 secs] 
2016-08-16T13:51:09.342+0000: 332943.312: Total time for which application threads were stopped: 0.0075590 seconds, Stopping threads took: 0.0000770 seconds
2016-08-16T13:51:18.816+0000: 332952.786: [GC (Allocation Failure) 332952.786: [ParNew
Desired survivor size 8716288 bytes, new threshold 6 (max 6)
- age   1:     480568 bytes,     480568 total
- age   2:      22840 bytes,     503408 total
- age   3:      12352 bytes,     515760 total
- age   4:       9584 bytes,     525344 total
- age   5:       4224 bytes,     529568 total
- age   6:      22888 bytes,     552456 total
: 136860K->646K(153344K), 0.0073366 secs] 319577K->183368K(1031552K), 0.0074459 secs] [Times: user=0.02 sys=0.00, real=0.01 secs] 
2016-08-16T13:51:18.824+0000: 332952.794: Total time for which application threads were stopped: 0.0081025 seconds, Stopping threads took: 0.0000770 seconds
2016-08-16T13:51:21.726+0000: 332955.696: [GC (Allocation Failure) 332955.696: [ParNew
Desired survivor size 8716288 bytes, new threshold 6 (max 6)
- age   1:     288936 bytes,     288936 total
- age   2:      31040 bytes,     319976 total
- age   3:       3640 bytes,     323616 total
- age   4:      10480 bytes,     334096 total
- age   5:       9584 bytes,     343680 total
- age   6:       4224 bytes,     347904 total
: 136966K->410K(153344K), 0.0084461 secs] 319688K->183155K(1031552K), 0.0086687 secs] [Times: user=0.01 sys=0.00, real=0.01 secs] 
2016-08-16T13:51:21.734+0000: 332955.705: Total time for which application threads were stopped: 0.0123897 seconds, Stopping threads took: 0.0023929 seconds
2016-08-16T13:51:23.495+0000: 332957.466: Total time for which application threads were stopped: 0.0018152 seconds, Stopping threads took: 0.0002970 seconds
2016-08-16T13:51:29.575+0000: 332963.546: [GC (Allocation Failure) 332963.546: [ParNew
Desired survivor size 8716288 bytes, new threshold 6 (max 6)
- age   1:     475016 bytes,     475016 total
- age   2:       8152 bytes,     483168 total
- age   3:       3888 bytes,     487056 total
- age   4:       3280 bytes,     490336 total
- age   5:       7424 bytes,     497760 total
- age   6:       8128 bytes,     505888 total
: 136730K->558K(153344K), 0.0076195 secs] 319475K->183305K(1031552K), 0.0077229 secs] [Times: user=0.01 sys=0.00, real=0.01 secs] 
2016-08-16T13:51:29.583+0000: 332963.553: Total time for which application threads were stopped: 0.0084080 seconds, Stopping threads took: 0.0000826 seconds
2016-08-16T13:51:39.375+0000: 332973.346: [GC (Allocation Failure) 332973.346: [ParNew
Desired survivor size 8716288 bytes, new threshold 6 (max 6)
- age   1:     498704 bytes,     498704 total
- age   2:      44672 bytes,     543376 total
- age   3:       4088 bytes,     547464 total
- age   4:       3528 bytes,     550992 total
- age   5:       3280 bytes,     554272 total
- age   6:       7352 bytes,     561624 total
: 136878K->634K(153344K), 0.0079771 secs] 319625K->183389K(1031552K), 0.0080791 secs] [Times: user=0.01 sys=0.00, real=0.01 secs] 
2016-08-16T13:51:39.383+0000: 332973.354: Total time for which application threads were stopped: 0.0087051 seconds, Stopping threads took: 0.0000708 seconds
2016-08-16T13:51:49.103+0000: 332983.073: [GC (Allocation Failure) 332983.073: [ParNew
Desired survivor size 8716288 bytes, new threshold 6 (max 6)
- age   1:     864704 bytes,     864704 total
- age   2:      30272 bytes,     894976 total
- age   3:      24408 bytes,     919384 total
- age   4:       4032 bytes,     923416 total
- age   5:       3496 bytes,     926912 total
- age   6:       3280 bytes,     930192 total
: 136954K->1060K(153344K), 0.0072182 secs] 319709K->183823K(1031552K), 0.0073217 secs] [Times: user=0.01 sys=0.00, real=0.01 secs] 
2016-08-16T13:51:49.110+0000: 332983.080: Total time for which application threads were stopped: 0.0080037 seconds, Stopping threads took: 0.0000814 seconds
2016-08-16T13:51:59.377+0000: 332993.347: [GC (Allocation Failure) 332993.347: [ParNew
Desired survivor size 8716288 bytes, new threshold 6 (max 6)
- age   1:     604896 bytes,     604896 total
- age   2:      28672 bytes,     633568 total
- age   3:       3960 bytes,     637528 total
- age   4:      20160 bytes,     657688 total
- age   5:       3168 bytes,     660856 total
- age   6:       3368 bytes,     664224 total
: 137380K->698K(153344K), 0.0074307 secs] 320143K->183464K(1031552K), 0.0075298 secs] [Times: user=0.02 sys=0.00, real=0.01 secs] 
2016-08-16T13:51:59.385+0000: 332993.355: Total time for which application threads were stopped: 0.0082144 seconds, Stopping threads took: 0.0000839 seconds
2016-08-16T13:52:09.543+0000: 333003.513: [GC (Allocation Failure) 333003.513: [ParNew
Desired survivor size 8716288 bytes, new threshold 6 (max 6)
- age   1:     424984 bytes,     424984 total
- age   2:      40696 bytes,     465680 total
- age   3:       9520 bytes,     475200 total
- age   4:       3960 bytes,     479160 total
- age   5:      20088 bytes,     499248 total
- age   6:       3168 bytes,     502416 total
: 137018K->546K(153344K), 0.0070125 secs] 319784K->183315K(1031552K), 0.0071304 secs] [Times: user=0.02 sys=0.00, real=0.01 secs] 
2016-08-16T13:52:09.550+0000: 333003.520: Total time for which application threads were stopped: 0.0078156 seconds, Stopping threads took: 0.0000980 seconds
2016-08-16T13:52:19.360+0000: 333013.331: [GC (Allocation Failure) 333013.331: [ParNew
Desired survivor size 8716288 bytes, new threshold 6 (max 6)
- age   1:     472880 bytes,     472880 total
- age   2:      26800 bytes,     499680 total
- age   3:      13176 bytes,     512856 total
- age   4:       9288 bytes,     522144 total
- age   5:       3960 bytes,     526104 total
- age   6:      19872 bytes,     545976 total
: 136866K->607K(153344K), 0.0071152 secs] 319635K->183379K(1031552K), 0.0072252 secs] [Times: user=0.02 sys=0.00, real=0.00 secs] 
2016-08-16T13:52:19.368+0000: 333013.338: Total time for which application threads were stopped: 0.0079576 seconds, Stopping threads took: 0.0000825 seconds
2016-08-16T13:52:23.495+0000: 333017.465: Total time for which application threads were stopped: 0.0019000 seconds, Stopping threads took: 0.0003541 seconds
2016-08-16T13:52:29.307+0000: 333023.277: [GC (Allocation Failure) 333023.278: [ParNew
Desired survivor size 8716288 bytes, new threshold 6 (max 6)
- age   1:     620360 bytes,     620360 total
- age   2:      26424 bytes,     646784 total
- age   3:       7152 bytes,     653936 total
- age   4:       9416 bytes,     663352 total
- age   5:       8480 bytes,     671832 total
- age   6:       3152 bytes,     674984 total
: 136927K->813K(153344K), 0.0081202 secs] 319699K->183597K(1031552K), 0.0082193 secs] [Times: user=0.01 sys=0.00, real=0.01 secs] 
2016-08-16T13:52:29.316+0000: 333023.286: Total time for which application threads were stopped: 0.0088451 seconds, Stopping threads took: 0.0000723 seconds
2016-08-16T13:52:39.362+0000: 333033.332: [GC (Allocation Failure) 333033.332: [ParNew
Desired survivor size 8716288 bytes, new threshold 6 (max 6)
- age   1:     516368 bytes,     516368 total
- age   2:      47192 bytes,     563560 total
- age   3:       6200 bytes,     569760 total
- age   4:       7088 bytes,     576848 total
- age   5:       9344 bytes,     586192 total
- age   6:       8416 bytes,     594608 total
: 137133K->657K(153344K), 0.0073690 secs] 319917K->183445K(1031552K), 0.0074756 secs] [Times: user=0.01 sys=0.00, real=0.01 secs] 
2016-08-16T13:52:39.370+0000: 333033.340: Total time for which application threads were stopped: 0.0081629 seconds, Stopping threads took: 0.0000823 seconds
2016-08-16T13:52:49.519+0000: 333043.489: [GC (Allocation Failure) 333043.489: [ParNew
Desired survivor size 8716288 bytes, new threshold 6 (max 6)
- age   1:     837232 bytes,     837232 total
- age   2:      30968 bytes,     868200 total
- age   3:      27176 bytes,     895376 total
- age   4:       6168 bytes,     901544 total
- age   5:       7088 bytes,     908632 total
- age   6:       8992 bytes,     917624 total
: 136977K->1051K(153344K), 0.0089919 secs] 319765K->183846K(1031552K), 0.0090980 secs] [Times: user=0.02 sys=0.00, real=0.01 secs] 
2016-08-16T13:52:49.528+0000: 333043.498: Total time for which application threads were stopped: 0.0097332 seconds, Stopping threads took: 0.0000727 seconds
2016-08-16T13:52:59.142+0000: 333053.113: [GC (Allocation Failure) 333053.113: [ParNew
Desired survivor size 8716288 bytes, new threshold 6 (max 6)
- age   1:     588592 bytes,     588592 total
- age   2:      29416 bytes,     618008 total
- age   3:       4552 bytes,     622560 total
- age   4:      22960 bytes,     645520 total
- age   5:       6168 bytes,     651688 total
- age   6:       7088 bytes,     658776 total
: 137371K->679K(153344K), 0.0087021 secs] 320166K->183483K(1031552K), 0.0088241 secs] [Times: user=0.02 sys=0.00, real=0.01 secs] 
2016-08-16T13:52:59.151+0000: 333053.122: Total time for which application threads were stopped: 0.0096204 seconds, Stopping threads took: 0.0001234 seconds
2016-08-16T13:53:09.352+0000: 333063.322: [GC (Allocation Failure) 333063.322: [ParNew
Desired survivor size 8716288 bytes, new threshold 6 (max 6)
- age   1:     438032 bytes,     438032 total
- age   2:      43336 bytes,     481368 total
- age   3:       9600 bytes,     490968 total
- age   4:       4472 bytes,     495440 total
- age   5:      22888 bytes,     518328 total
- age   6:       6168 bytes,     524496 total
: 136999K->594K(153344K), 0.0073395 secs] 319803K->183406K(1031552K), 0.0074485 secs] [Times: user=0.01 sys=0.00, real=0.00 secs] 
2016-08-16T13:53:09.359+0000: 333063.330: Total time for which application threads were stopped: 0.0081266 seconds, Stopping threads took: 0.0000853 seconds
2016-08-16T13:53:18.823+0000: 333072.793: [GC (Allocation Failure) 333072.793: [ParNew
Desired survivor size 8716288 bytes, new threshold 6 (max 6)
- age   1:     436920 bytes,     436920 total
- age   2:      25488 bytes,     462408 total
- age   3:      17816 bytes,     480224 total
- age   4:       9480 bytes,     489704 total
- age   5:       4472 bytes,     494176 total
- age   6:      22816 bytes,     516992 total
: 136914K->597K(153344K), 0.0075360 secs] 319726K->183414K(1031552K), 0.0076335 secs] [Times: user=0.02 sys=0.00, real=0.01 secs] 
2016-08-16T13:53:18.831+0000: 333072.801: Total time for which application threads were stopped: 0.0082862 seconds, Stopping threads took: 0.0000705 seconds
2016-08-16T13:53:23.495+0000: 333077.465: Total time for which application threads were stopped: 0.0018099 seconds, Stopping threads took: 0.0002966 seconds
2016-08-16T13:53:29.554+0000: 333083.524: [GC (Allocation Failure) 333083.524: [ParNew
Desired survivor size 8716288 bytes, new threshold 6 (max 6)
- age   1:     628704 bytes,     628704 total
- age   2:      25000 bytes,     653704 total
- age   3:       4768 bytes,     658472 total
- age   4:      12248 bytes,     670720 total
- age   5:       8688 bytes,     679408 total
- age   6:       3320 bytes,     682728 total
: 136917K->746K(153344K), 0.0078560 secs] 319734K->183579K(1031552K), 0.0079513 secs] [Times: user=0.01 sys=0.00, real=0.01 secs] 
2016-08-16T13:53:29.562+0000: 333083.532: Total time for which application threads were stopped: 0.0086299 seconds, Stopping threads took: 0.0000777 seconds
2016-08-16T13:53:36.187+0000: 333090.157: [GC (Allocation Failure) 333090.157: [ParNew
Desired survivor size 8716288 bytes, new threshold 6 (max 6)
- age   1:     323232 bytes,     323232 total
- age   2:      55600 bytes,     378832 total
- age   3:       5544 bytes,     384376 total
- age   4:       4768 bytes,     389144 total
- age   5:      12104 bytes,     401248 total
- age   6:       8552 bytes,     409800 total
: 137066K->536K(153344K), 0.0109976 secs] 319899K->183372K(1031552K), 0.0112108 secs] [Times: user=0.02 sys=0.00, real=0.01 secs] 
2016-08-16T13:53:36.198+0000: 333090.168: Total time for which application threads were stopped: 0.0127356 seconds, Stopping threads took: 0.0001980 seconds
2016-08-16T13:53:39.131+0000: 333093.102: [GC (Allocation Failure) 333093.102: [ParNew
Desired survivor size 8716288 bytes, new threshold 6 (max 6)
- age   1:     242872 bytes,     242872 total
- age   2:      21296 bytes,     264168 total
- age   3:      36384 bytes,     300552 total
- age   4:       5448 bytes,     306000 total
- age   5:       4768 bytes,     310768 total
- age   6:      12104 bytes,     322872 total
: 136856K->344K(153344K), 0.0128556 secs] 319692K->183188K(1031552K), 0.0130397 secs] [Times: user=0.02 sys=0.00, real=0.01 secs] 
2016-08-16T13:53:39.144+0000: 333093.115: Total time for which application threads were stopped: 0.0146443 seconds, Stopping threads took: 0.0001955 seconds
2016-08-16T13:53:49.532+0000: 333103.502: [GC (Allocation Failure) 333103.502: [ParNew
Desired survivor size 8716288 bytes, new threshold 6 (max 6)
- age   1:     766472 bytes,     766472 total
- age   2:      22536 bytes,     789008 total
- age   3:      10920 bytes,     799928 total
- age   4:      34408 bytes,     834336 total
- age   5:       5272 bytes,     839608 total
- age   6:       4256 bytes,     843864 total
: 136664K->851K(153344K), 0.0080527 secs] 319508K->183707K(1031552K), 0.0081653 secs] [Times: user=0.01 sys=0.00, real=0.00 secs] 
2016-08-16T13:53:49.540+0000: 333103.510: Total time for which application threads were stopped: 0.0088552 seconds, Stopping threads took: 0.0000811 seconds
2016-08-16T13:53:59.405+0000: 333113.375: [GC (Allocation Failure) 333113.375: [ParNew
Desired survivor size 8716288 bytes, new threshold 6 (max 6)
- age   1:     600512 bytes,     600512 total
- age   2:      27392 bytes,     627904 total
- age   3:       2504 bytes,     630408 total
- age   4:       4296 bytes,     634704 total
- age   5:      28816 bytes,     663520 total
- age   6:       5272 bytes,     668792 total
: 137171K->717K(153344K), 0.0074939 secs] 320027K->183577K(1031552K), 0.0076091 secs] [Times: user=0.01 sys=0.00, real=0.01 secs] 
2016-08-16T13:53:59.412+0000: 333113.383: Total time for which application threads were stopped: 0.0083609 seconds, Stopping threads took: 0.0000798 seconds
2016-08-16T13:54:09.372+0000: 333123.343: [GC (Allocation Failure) 333123.343: [ParNew
Desired survivor size 8716288 bytes, new threshold 6 (max 6)
- age   1:     475560 bytes,     475560 total
- age   2:      38640 bytes,     514200 total
- age   3:       8288 bytes,     522488 total
- age   4:       2440 bytes,     524928 total
- age   5:       4232 bytes,     529160 total
- age   6:      28672 bytes,     557832 total
: 137037K->648K(153344K), 0.0069292 secs] 319897K->183513K(1031552K), 0.0070308 secs] [Times: user=0.01 sys=0.00, real=0.00 secs] 
2016-08-16T13:54:09.379+0000: 333123.350: Total time for which application threads were stopped: 0.0077401 seconds, Stopping threads took: 0.0000769 seconds
2016-08-16T13:54:19.378+0000: 333133.348: [GC (Allocation Failure) 333133.348: [ParNew
Desired survivor size 8716288 bytes, new threshold 6 (max 6)
- age   1:     509240 bytes,     509240 total
- age   2:      23976 bytes,     533216 total
- age   3:      13280 bytes,     546496 total
- age   4:       8056 bytes,     554552 total
- age   5:       2440 bytes,     556992 total
- age   6:       4232 bytes,     561224 total
: 136968K->635K(153344K), 0.0074974 secs] 319833K->183529K(1031552K), 0.0075959 secs] [Times: user=0.02 sys=0.00, real=0.01 secs] 
2016-08-16T13:54:19.385+0000: 333133.356: Total time for which application threads were stopped: 0.0082859 seconds, Stopping threads took: 0.0000843 seconds
2016-08-16T13:54:23.494+0000: 333137.464: Total time for which application threads were stopped: 0.0045029 seconds, Stopping threads took: 0.0002023 seconds
2016-08-16T13:54:29.587+0000: 333143.557: [GC (Allocation Failure) 333143.557: [ParNew
Desired survivor size 8716288 bytes, new threshold 6 (max 6)
- age   1:     678632 bytes,     678632 total
- age   2:      22648 bytes,     701280 total
- age   3:       3352 bytes,     704632 total
- age   4:       7312 bytes,     711944 total
- age   5:       6968 bytes,     718912 total
- age   6:       2296 bytes,     721208 total
: 136955K->767K(153344K), 0.0081334 secs] 319849K->183664K(1031552K), 0.0082341 secs] [Times: user=0.01 sys=0.00, real=0.01 secs] 
2016-08-16T13:54:29.595+0000: 333143.566: Total time for which application threads were stopped: 0.0088993 seconds, Stopping threads took: 0.0000793 seconds
2016-08-16T13:54:39.568+0000: 333153.538: [GC (Allocation Failure) 333153.538: [ParNew
Desired survivor size 8716288 bytes, new threshold 6 (max 6)
- age   1:     489048 bytes,     489048 total
- age   2:      46392 bytes,     535440 total
- age   3:       3448 bytes,     538888 total
- age   4:       3352 bytes,     542240 total
- age   5:       7240 bytes,     549480 total
- age   6:       6968 bytes,     556448 total
: 137087K->554K(153344K), 0.0069221 secs] 319984K->183454K(1031552K), 0.0070318 secs] [Times: user=0.01 sys=0.01, real=0.01 secs] 
2016-08-16T13:54:39.575+0000: 333153.545: Total time for which application threads were stopped: 0.0077256 seconds, Stopping threads took: 0.0001072 seconds
2016-08-16T13:54:49.499+0000: 333163.469: [GC (Allocation Failure) 333163.469: [ParNew
Desired survivor size 8716288 bytes, new threshold 6 (max 6)
- age   1:     919704 bytes,     919704 total
- age   2:      31856 bytes,     951560 total
- age   3:      25720 bytes,     977280 total
- age   4:       3288 bytes,     980568 total
- age   5:       3224 bytes,     983792 total
- age   6:       7024 bytes,     990816 total
: 136874K->1016K(153344K), 0.0079768 secs] 319774K->183919K(1031552K), 0.0080942 secs] [Times: user=0.02 sys=0.00, real=0.01 secs] 
2016-08-16T13:54:49.507+0000: 333163.477: Total time for which application threads were stopped: 0.0087988 seconds, Stopping threads took: 0.0000883 seconds
2016-08-16T13:54:59.348+0000: 333173.318: [GC (Allocation Failure) 333173.318: [ParNew
Desired survivor size 8716288 bytes, new threshold 6 (max 6)
- age   1:     595952 bytes,     595952 total
- age   2:      33728 bytes,     629680 total
- age   3:       4648 bytes,     634328 total
- age   4:      21664 bytes,     655992 total
- age   5:       3152 bytes,     659144 total
- age   6:       3128 bytes,     662272 total
: 137336K->732K(153344K), 0.0078264 secs] 320239K->183642K(1031552K), 0.0079552 secs] [Times: user=0.01 sys=0.00, real=0.01 secs] 
2016-08-16T13:54:59.356+0000: 333173.326: Total time for which application threads were stopped: 0.0086763 seconds, Stopping threads took: 0.0000851 seconds
2016-08-16T13:55:09.318+0000: 333183.289: [GC (Allocation Failure) 333183.289: [ParNew
Desired survivor size 8716288 bytes, new threshold 6 (max 6)
- age   1:     437304 bytes,     437304 total
- age   2:      38816 bytes,     476120 total
- age   3:      14496 bytes,     490616 total
- age   4:       4648 bytes,     495264 total
- age   5:      21520 bytes,     516784 total
- age   6:       3152 bytes,     519936 total
: 137052K->611K(153344K), 0.0071466 secs] 319962K->183524K(1031552K), 0.0072619 secs] [Times: user=0.01 sys=0.00, real=0.01 secs] 
2016-08-16T13:55:09.326+0000: 333183.296: Total time for which application threads were stopped: 0.0079408 seconds, Stopping threads took: 0.0000834 seconds
2016-08-16T13:55:19.337+0000: 333193.307: [GC (Allocation Failure) 333193.307: [ParNew
Desired survivor size 8716288 bytes, new threshold 6 (max 6)
- age   1:     431520 bytes,     431520 total
- age   2:      30040 bytes,     461560 total
- age   3:      13360 bytes,     474920 total
- age   4:      14464 bytes,     489384 total
- age   5:       4504 bytes,     493888 total
- age   6:      21448 bytes,     515336 total
: 136931K->602K(153344K), 0.0071442 secs] 319844K->183519K(1031552K), 0.0072390 secs] [Times: user=0.01 sys=0.00, real=0.01 secs] 
2016-08-16T13:55:19.344+0000: 333193.315: Total time for which application threads were stopped: 0.0079032 seconds, Stopping threads took: 0.0000824 seconds
2016-08-16T13:55:23.489+0000: 333197.459: Total time for which application threads were stopped: 0.0042681 seconds, Stopping threads took: 0.0038125 seconds
2016-08-16T13:55:29.556+0000: 333203.526: [GC (Allocation Failure) 333203.526: [ParNew
Desired survivor size 8716288 bytes, new threshold 6 (max 6)
- age   1:     662416 bytes,     662416 total
- age   2:      22464 bytes,     684880 total
- age   3:       9096 bytes,     693976 total
- age   4:       9608 bytes,     703584 total
- age   5:      13536 bytes,     717120 total
- age   6:       3152 bytes,     720272 total
: 136922K->779K(153344K), 0.0079027 secs] 319839K->183710K(1031552K), 0.0080048 secs] [Times: user=0.02 sys=0.00, real=0.01 secs] 
2016-08-16T13:55:29.564+0000: 333203.534: Total time for which application threads were stopped: 0.0087083 seconds, Stopping threads took: 0.0000810 seconds
2016-08-16T13:55:39.543+0000: 333213.513: [GC (Allocation Failure) 333213.513: [ParNew
Desired survivor size 8716288 bytes, new threshold 6 (max 6)
- age   1:     455264 bytes,     455264 total
- age   2:      47296 bytes,     502560 total
- age   3:       3400 bytes,     505960 total
- age   4:       9024 bytes,     514984 total
- age   5:       9408 bytes,     524392 total
- age   6:      13536 bytes,     537928 total
: 137099K->616K(153344K), 0.0074340 secs] 320030K->183550K(1031552K), 0.0075314 secs] [Times: user=0.02 sys=0.00, real=0.01 secs] 
2016-08-16T13:55:39.550+0000: 333213.520: Total time for which application threads were stopped: 0.0083467 seconds, Stopping threads took: 0.0001127 seconds
2016-08-16T13:55:39.860+0000: 333213.830: [GC (Allocation Failure) 333213.830: [ParNew
Desired survivor size 8716288 bytes, new threshold 6 (max 6)
- age   1:     222176 bytes,     222176 total
- age   2:      36264 bytes,     258440 total
- age   3:      26768 bytes,     285208 total
- age   4:       3400 bytes,     288608 total
- age   5:       9024 bytes,     297632 total
- age   6:       9408 bytes,     307040 total
: 136936K->358K(153344K), 0.0063245 secs] 319870K->183306K(1031552K), 0.0064141 secs] [Times: user=0.01 sys=0.01, real=0.01 secs] 
2016-08-16T13:55:39.867+0000: 333213.837: Total time for which application threads were stopped: 0.0070242 seconds, Stopping threads took: 0.0000816 seconds
2016-08-16T13:55:49.096+0000: 333223.067: [GC (Allocation Failure) 333223.067: [ParNew
Desired survivor size 8716288 bytes, new threshold 6 (max 6)
- age   1:     705848 bytes,     705848 total
- age   2:       8104 bytes,     713952 total
- age   3:      11304 bytes,     725256 total
- age   4:      25680 bytes,     750936 total
- age   5:       3368 bytes,     754304 total
- age   6:       9024 bytes,     763328 total
: 136678K->813K(153344K), 0.0069991 secs] 319626K->183769K(1031552K), 0.0071174 secs] [Times: user=0.01 sys=0.00, real=0.01 secs] 
2016-08-16T13:55:49.104+0000: 333223.074: Total time for which application threads were stopped: 0.0078197 seconds, Stopping threads took: 0.0000825 seconds
2016-08-16T13:55:52.999+0000: 333226.969: Total time for which application threads were stopped: 0.0114815 seconds, Stopping threads took: 0.0001776 seconds
2016-08-16T13:55:59.413+0000: 333233.383: [GC (Allocation Failure) 333233.383: [ParNew
Desired survivor size 8716288 bytes, new threshold 6 (max 6)
- age   1:     636504 bytes,     636504 total
- age   2:      27128 bytes,     663632 total
- age   3:       3608 bytes,     667240 total
- age   4:       4240 bytes,     671480 total
- age   5:      21352 bytes,     692832 total
- age   6:       3296 bytes,     696128 total
: 137133K->739K(153344K), 0.0074301 secs] 320089K->183705K(1031552K), 0.0075648 secs] [Times: user=0.01 sys=0.00, real=0.01 secs] 
2016-08-16T13:55:59.421+0000: 333233.391: Total time for which application threads were stopped: 0.0082951 seconds, Stopping threads took: 0.0000861 seconds
2016-08-16T13:56:09.357+0000: 333243.328: [GC (Allocation Failure) 333243.328: [ParNew
Desired survivor size 8716288 bytes, new threshold 6 (max 6)
- age   1:     457168 bytes,     457168 total
- age   2:      38656 bytes,     495824 total
- age   3:       7984 bytes,     503808 total
- age   4:       3608 bytes,     507416 total
- age   5:       4208 bytes,     511624 total
- age   6:      21280 bytes,     532904 total
: 137059K->535K(153344K), 0.0070773 secs] 320025K->183504K(1031552K), 0.0071804 secs] [Times: user=0.01 sys=0.00, real=0.01 secs] 
2016-08-16T13:56:09.365+0000: 333243.335: Total time for which application threads were stopped: 0.0078576 seconds, Stopping threads took: 0.0000820 seconds
2016-08-16T13:56:19.355+0000: 333253.325: [GC (Allocation Failure) 333253.325: [ParNew
Desired survivor size 8716288 bytes, new threshold 6 (max 6)
- age   1:     476320 bytes,     476320 total
- age   2:      27688 bytes,     504008 total
- age   3:      13200 bytes,     517208 total
- age   4:       7888 bytes,     525096 total
- age   5:       3608 bytes,     528704 total
- age   6:       4080 bytes,     532784 total
: 136855K->613K(153344K), 0.0072728 secs] 319824K->183603K(1031552K), 0.0073677 secs] [Times: user=0.02 sys=0.00, real=0.01 secs] 
2016-08-16T13:56:19.362+0000: 333253.333: Total time for which application threads were stopped: 0.0080444 seconds, Stopping threads took: 0.0000830 seconds
2016-08-16T13:56:23.493+0000: 333257.463: Total time for which application threads were stopped: 0.0041687 seconds, Stopping threads took: 0.0034577 seconds
2016-08-16T13:56:29.366+0000: 333263.336: [GC (Allocation Failure) 333263.336: [ParNew
Desired survivor size 8716288 bytes, new threshold 6 (max 6)
- age   1:     660704 bytes,     660704 total
- age   2:      22768 bytes,     683472 total
- age   3:       6800 bytes,     690272 total
- age   4:       9440 bytes,     699712 total
- age   5:       6872 bytes,     706584 total
- age   6:       3176 bytes,     709760 total
: 136933K->754K(153344K), 0.0072864 secs] 319923K->183747K(1031552K), 0.0074004 secs] [Times: user=0.02 sys=0.00, real=0.01 secs] 
2016-08-16T13:56:29.374+0000: 333263.344: Total time for which application threads were stopped: 0.0080638 seconds, Stopping threads took: 0.0000706 seconds
2016-08-16T13:56:39.392+0000: 333273.362: [GC (Allocation Failure) 333273.362: [ParNew
Desired survivor size 8716288 bytes, new threshold 6 (max 6)
- age   1:     476416 bytes,     476416 total
- age   2:      48080 bytes,     524496 total
- age   3:       3704 bytes,     528200 total
- age   4:       6800 bytes,     535000 total
- age   5:       9296 bytes,     544296 total
- age   6:       6808 bytes,     551104 total
: 137074K->607K(153344K), 0.0071555 secs] 320067K->183603K(1031552K), 0.0072472 secs] [Times: user=0.02 sys=0.00, real=0.00 secs] 
2016-08-16T13:56:39.399+0000: 333273.370: Total time for which application threads were stopped: 0.0079095 seconds, Stopping threads took: 0.0000790 seconds
2016-08-16T13:56:40.401+0000: 333274.371: Total time for which application threads were stopped: 0.0010508 seconds, Stopping threads took: 0.0001690 seconds
2016-08-16T13:56:49.242+0000: 333283.212: [GC (Allocation Failure) 333283.212: [ParNew
Desired survivor size 8716288 bytes, new threshold 6 (max 6)
- age   1:     899712 bytes,     899712 total
- age   2:      30056 bytes,     929768 total
- age   3:      27696 bytes,     957464 total
- age   4:       3672 bytes,     961136 total
- age   5:       6800 bytes,     967936 total
- age   6:       9008 bytes,     976944 total
: 136927K->997K(153344K), 0.0079050 secs] 319923K->183999K(1031552K), 0.0080123 secs] [Times: user=0.02 sys=0.00, real=0.01 secs] 
2016-08-16T13:56:49.250+0000: 333283.220: Total time for which application threads were stopped: 0.0086880 seconds, Stopping threads took: 0.0000832 seconds
2016-08-16T13:56:59.459+0000: 333293.430: [GC (Allocation Failure) 333293.430: [ParNew
Desired survivor size 8716288 bytes, new threshold 6 (max 6)
- age   1:     579696 bytes,     579696 total
- age   2:      28616 bytes,     608312 total
- age   3:       3872 bytes,     612184 total
- age   4:      22544 bytes,     634728 total
- age   5:       3480 bytes,     638208 total
- age   6:       6696 bytes,     644904 total
: 137317K->746K(153344K), 0.0071641 secs] 320319K->183757K(1031552K), 0.0072657 secs] [Times: user=0.01 sys=0.00, real=0.01 secs] 
2016-08-16T13:56:59.467+0000: 333293.437: Total time for which application threads were stopped: 0.0079484 seconds, Stopping threads took: 0.0000855 seconds
2016-08-16T13:57:09.527+0000: 333303.497: [GC (Allocation Failure) 333303.497: [ParNew
Desired survivor size 8716288 bytes, new threshold 6 (max 6)
- age   1:     431544 bytes,     431544 total
- age   2:      38744 bytes,     470288 total
- age   3:       9512 bytes,     479800 total
- age   4:       3872 bytes,     483672 total
- age   5:      22472 bytes,     506144 total
- age   6:       3416 bytes,     509560 total
: 137066K->564K(153344K), 0.0067138 secs] 320077K->183581K(1031552K), 0.0068101 secs] [Times: user=0.01 sys=0.00, real=0.01 secs] 
2016-08-16T13:57:09.534+0000: 333303.504: Total time for which application threads were stopped: 0.0074762 seconds, Stopping threads took: 0.0000829 seconds
2016-08-16T13:57:19.327+0000: 333313.298: [GC (Allocation Failure) 333313.298: [ParNew
Desired survivor size 8716288 bytes, new threshold 6 (max 6)
- age   1:     479432 bytes,     479432 total
- age   2:      23464 bytes,     502896 total
- age   3:      13296 bytes,     516192 total
- age   4:       9416 bytes,     525608 total
- age   5:       3848 bytes,     529456 total
- age   6:      22472 bytes,     551928 total
: 136884K->662K(153344K), 0.0072494 secs] 319901K->183683K(1031552K), 0.0073600 secs] [Times: user=0.01 sys=0.00, real=0.01 secs] 
2016-08-16T13:57:19.335+0000: 333313.305: Total time for which application threads were stopped: 0.0080355 seconds, Stopping threads took: 0.0000805 seconds
2016-08-16T13:57:23.493+0000: 333317.463: Total time for which application threads were stopped: 0.0008969 seconds, Stopping threads took: 0.0002849 seconds
2016-08-16T13:57:29.238+0000: 333323.208: [GC (Allocation Failure) 333323.208: [ParNew
Desired survivor size 8716288 bytes, new threshold 6 (max 6)
- age   1:     679848 bytes,     679848 total
- age   2:      22648 bytes,     702496 total
- age   3:       3128 bytes,     705624 total
- age   4:       7656 bytes,     713280 total
- age   5:       8624 bytes,     721904 total
- age   6:       3344 bytes,     725248 total
: 136982K->755K(153344K), 0.0077856 secs] 320003K->183790K(1031552K), 0.0078863 secs] [Times: user=0.02 sys=0.00, real=0.01 secs] 
2016-08-16T13:57:29.246+0000: 333323.216: Total time for which application threads were stopped: 0.0085171 seconds, Stopping threads took: 0.0000717 seconds
2016-08-16T13:57:39.337+0000: 333333.307: [GC (Allocation Failure) 333333.307: [ParNew
Desired survivor size 8716288 bytes, new threshold 6 (max 6)
- age   1:     513752 bytes,     513752 total
- age   2:      46920 bytes,     560672 total
- age   3:       3432 bytes,     564104 total
- age   4:       3064 bytes,     567168 total
- age   5:       7520 bytes,     574688 total
- age   6:       8552 bytes,     583240 total
: 137075K->624K(153344K), 0.0076409 secs] 320110K->183662K(1031552K), 0.0077363 secs] [Times: user=0.01 sys=0.00, real=0.01 secs] 
2016-08-16T13:57:39.345+0000: 333333.315: Total time for which application threads were stopped: 0.0084002 seconds, Stopping threads took: 0.0000784 seconds
2016-08-16T13:57:41.094+0000: 333335.065: [GC (Allocation Failure) 333335.065: [ParNew
Desired survivor size 8716288 bytes, new threshold 6 (max 6)
- age   1:     644808 bytes,     644808 total
- age   2:      33600 bytes,     678408 total
- age   3:      26800 bytes,     705208 total
- age   4:       3408 bytes,     708616 total
- age   5:       3064 bytes,     711680 total
- age   6:       7240 bytes,     718920 total
: 136944K->725K(153344K), 0.0074371 secs] 319982K->183771K(1031552K), 0.0075300 secs] [Times: user=0.01 sys=0.00, real=0.01 secs] 
2016-08-16T13:57:41.102+0000: 333335.072: Total time for which application threads were stopped: 0.0081553 seconds, Stopping threads took: 0.0000753 seconds
2016-08-16T13:57:49.520+0000: 333343.490: [GC (Allocation Failure) 333343.490: [ParNew
Desired survivor size 8716288 bytes, new threshold 6 (max 6)
- age   1:     345128 bytes,     345128 total
- age   2:       8424 bytes,     353552 total
- age   3:      12392 bytes,     365944 total
- age   4:      26448 bytes,     392392 total
- age   5:       3304 bytes,     395696 total
- age   6:       3064 bytes,     398760 total
: 137045K->439K(153344K), 0.0075308 secs] 320091K->183493K(1031552K), 0.0076305 secs] [Times: user=0.01 sys=0.00, real=0.01 secs] 
2016-08-16T13:57:49.528+0000: 333343.498: Total time for which application threads were stopped: 0.0083049 seconds, Stopping threads took: 0.0000850 seconds
2016-08-16T13:57:59.368+0000: 333353.339: [GC (Allocation Failure) 333353.339: [ParNew
Desired survivor size 8716288 bytes, new threshold 6 (max 6)
- age   1:     640944 bytes,     640944 total
- age   2:      23768 bytes,     664712 total
- age   3:       6032 bytes,     670744 total
- age   4:       4488 bytes,     675232 total
- age   5:      21400 bytes,     696632 total
- age   6:       3304 bytes,     699936 total
: 136759K->808K(153344K), 0.0080593 secs] 319813K->183864K(1031552K), 0.0081670 secs] [Times: user=0.01 sys=0.00, real=0.00 secs] 
2016-08-16T13:57:59.377+0000: 333353.347: Total time for which application threads were stopped: 0.0088528 seconds, Stopping threads took: 0.0000835 seconds
2016-08-16T13:58:09.374+0000: 333363.345: [GC (Allocation Failure) 333363.345: [ParNew
Desired survivor size 8716288 bytes, new threshold 6 (max 6)
- age   1:     445008 bytes,     445008 total
- age   2:      50200 bytes,     495208 total
- age   3:       4752 bytes,     499960 total
- age   4:       6032 bytes,     505992 total
- age   5:       4424 bytes,     510416 total
- age   6:      21120 bytes,     531536 total
: 137128K->569K(153344K), 0.0076560 secs] 320184K->183628K(1031552K), 0.0077679 secs] [Times: user=0.01 sys=0.00, real=0.01 secs] 
2016-08-16T13:58:09.382+0000: 333363.352: Total time for which application threads were stopped: 0.0084556 seconds, Stopping threads took: 0.0000799 seconds
2016-08-16T13:58:19.369+0000: 333373.339: [GC (Allocation Failure) 333373.339: [ParNew
Desired survivor size 8716288 bytes, new threshold 6 (max 6)
- age   1:     526648 bytes,     526648 total
- age   2:      24672 bytes,     551320 total
- age   3:      24488 bytes,     575808 total
- age   4:       4648 bytes,     580456 total
- age   5:       6032 bytes,     586488 total
- age   6:       4424 bytes,     590912 total
: 136889K->643K(153344K), 0.0074637 secs] 319948K->183724K(1031552K), 0.0075565 secs] [Times: user=0.01 sys=0.00, real=0.00 secs] 
2016-08-16T13:58:19.376+0000: 333373.346: Total time for which application threads were stopped: 0.0082736 seconds, Stopping threads took: 0.0000797 seconds
2016-08-16T13:58:23.494+0000: 333377.464: Total time for which application threads were stopped: 0.0007185 seconds, Stopping threads took: 0.0001353 seconds
2016-08-16T13:58:29.353+0000: 333383.324: [GC (Allocation Failure) 333383.324: [ParNew
Desired survivor size 8716288 bytes, new threshold 6 (max 6)
- age   1:     669544 bytes,     669544 total
- age   2:      22712 bytes,     692256 total
- age   3:       3896 bytes,     696152 total
- age   4:      18472 bytes,     714624 total
- age   5:       4168 bytes,     718792 total
- age   6:       5528 bytes,     724320 total
: 136963K->765K(153344K), 0.0075251 secs] 320044K->183849K(1031552K), 0.0076246 secs] [Times: user=0.02 sys=0.00, real=0.01 secs] 
2016-08-16T13:58:29.361+0000: 333383.331: Total time for which application threads were stopped: 0.0082998 seconds, Stopping threads took: 0.0000821 seconds
2016-08-16T13:58:39.363+0000: 333393.334: [GC (Allocation Failure) 333393.334: [ParNew
Desired survivor size 8716288 bytes, new threshold 6 (max 6)
- age   1:     527256 bytes,     527256 total
- age   2:      47848 bytes,     575104 total
- age   3:       3728 bytes,     578832 total
- age   4:       3896 bytes,     582728 total
- age   5:      18400 bytes,     601128 total
- age   6:       4040 bytes,     605168 total
: 137085K->666K(153344K), 0.0074817 secs] 320169K->183755K(1031552K), 0.0075840 secs] [Times: user=0.02 sys=0.00, real=0.01 secs] 
2016-08-16T13:58:39.371+0000: 333393.341: Total time for which application threads were stopped: 0.0082510 seconds, Stopping threads took: 0.0000793 seconds
2016-08-16T13:58:49.239+0000: 333403.209: [GC (Allocation Failure) 333403.209: [ParNew
Desired survivor size 8716288 bytes, new threshold 6 (max 6)
- age   1:     890200 bytes,     890200 total
- age   2:      30624 bytes,     920824 total
- age   3:      27352 bytes,     948176 total
- age   4:       3632 bytes,     951808 total
- age   5:       3896 bytes,     955704 total
- age   6:      18112 bytes,     973816 total
: 136986K->1087K(153344K), 0.0093450 secs] 320075K->184181K(1031552K), 0.0095036 secs] [Times: user=0.02 sys=0.00, real=0.02 secs] 
2016-08-16T13:58:49.248+0000: 333403.219: Total time for which application threads were stopped: 0.0104173 seconds, Stopping threads took: 0.0000814 seconds
2016-08-16T13:58:59.328+0000: 333413.298: [GC (Allocation Failure) 333413.298: [ParNew
Desired survivor size 8716288 bytes, new threshold 6 (max 6)
- age   1:     631184 bytes,     631184 total
- age   2:      28384 bytes,     659568 total
- age   3:       3920 bytes,     663488 total
- age   4:      22192 bytes,     685680 total
- age   5:       3568 bytes,     689248 total
- age   6:       3832 bytes,     693080 total
: 137407K->690K(153344K), 0.0085554 secs] 320501K->183802K(1031552K), 0.0086884 secs] [Times: user=0.01 sys=0.00, real=0.01 secs] 
2016-08-16T13:58:59.337+0000: 333413.307: Total time for which application threads were stopped: 0.0093444 seconds, Stopping threads took: 0.0000775 seconds
2016-08-16T13:59:09.348+0000: 333423.318: [GC (Allocation Failure) 333423.318: [ParNew
Desired survivor size 8716288 bytes, new threshold 6 (max 6)
- age   1:     427400 bytes,     427400 total
- age   2:      38872 bytes,     466272 total
- age   3:       9032 bytes,     475304 total
- age   4:       3856 bytes,     479160 total
- age   5:      22048 bytes,     501208 total
- age   6:       3496 bytes,     504704 total
: 137010K->627K(153344K), 0.0071696 secs] 320122K->183742K(1031552K), 0.0072735 secs] [Times: user=0.01 sys=0.00, real=0.01 secs] 
2016-08-16T13:59:09.355+0000: 333423.325: Total time for which application threads were stopped: 0.0079931 seconds, Stopping threads took: 0.0000899 seconds
2016-08-16T13:59:19.487+0000: 333433.458: [GC (Allocation Failure) 333433.458: [ParNew
Desired survivor size 8716288 bytes, new threshold 6 (max 6)
- age   1:     512328 bytes,     512328 total
- age   2:      26552 bytes,     538880 total
- age   3:      13480 bytes,     552360 total
- age   4:       8848 bytes,     561208 total
- age   5:       3856 bytes,     565064 total
- age   6:      21984 bytes,     587048 total
: 136947K->658K(153344K), 0.0072844 secs] 320062K->183777K(1031552K), 0.0073783 secs] [Times: user=0.01 sys=0.00, real=0.01 secs] 
2016-08-16T13:59:19.495+0000: 333433.465: Total time for which application threads were stopped: 0.0080435 seconds, Stopping threads took: 0.0000788 seconds
2016-08-16T13:59:23.490+0000: 333437.460: Total time for which application threads were stopped: 0.0011157 seconds, Stopping threads took: 0.0002201 seconds
2016-08-16T13:59:29.379+0000: 333443.349: [GC (Allocation Failure) 333443.349: [ParNew
Desired survivor size 8716288 bytes, new threshold 6 (max 6)
- age   1:     665848 bytes,     665848 total
- age   2:      22432 bytes,     688280 total
- age   3:       6160 bytes,     694440 total
- age   4:       9440 bytes,     703880 total
- age   5:       7896 bytes,     711776 total
- age   6:       2912 bytes,     714688 total
: 136978K->774K(153344K), 0.0076356 secs] 320097K->183907K(1031552K), 0.0077476 secs] [Times: user=0.02 sys=0.00, real=0.01 secs] 
2016-08-16T13:59:29.387+0000: 333443.357: Total time for which application threads were stopped: 0.0084233 seconds, Stopping threads took: 0.0000838 seconds
2016-08-16T13:59:39.292+0000: 333453.262: [GC (Allocation Failure) 333453.262: [ParNew
Desired survivor size 8716288 bytes, new threshold 6 (max 6)
- age   1:     533088 bytes,     533088 total
- age   2:      48728 bytes,     581816 total
- age   3:       3240 bytes,     585056 total
- age   4:       6160 bytes,     591216 total
- age   5:       9368 bytes,     600584 total
- age   6:       7896 bytes,     608480 total
: 137094K->718K(153344K), 0.0069247 secs] 320227K->183854K(1031552K), 0.0070255 secs] [Times: user=0.01 sys=0.00, real=0.00 secs] 
2016-08-16T13:59:39.299+0000: 333453.269: Total time for which application threads were stopped: 0.0077487 seconds, Stopping threads took: 0.0001282 seconds
2016-08-16T13:59:43.048+0000: 333457.018: [GC (Allocation Failure) 333457.018: [ParNew
Desired survivor size 8716288 bytes, new threshold 6 (max 6)
- age   1:     713024 bytes,     713024 total
- age   2:      30856 bytes,     743880 total
- age   3:      27976 bytes,     771856 total
- age   4:       3072 bytes,     774928 total
- age   5:       6096 bytes,     781024 total
- age   6:       9152 bytes,     790176 total
: 137038K->917K(153344K), 0.0123410 secs] 320174K->184061K(1031552K), 0.0125298 secs] [Times: user=0.02 sys=0.00, real=0.02 secs] 
2016-08-16T13:59:43.060+0000: 333457.031: Total time for which application threads were stopped: 0.0140404 seconds, Stopping threads took: 0.0001976 seconds
2016-08-16T13:59:49.084+0000: 333463.054: [GC (Allocation Failure) 333463.054: [ParNew
Desired survivor size 8716288 bytes, new threshold 6 (max 6)
- age   1:     269344 bytes,     269344 total
- age   2:      18680 bytes,     288024 total
- age   3:      12048 bytes,     300072 total
- age   4:      27808 bytes,     327880 total
- age   5:       3072 bytes,     330952 total
- age   6:       6096 bytes,     337048 total
: 137237K->350K(153344K), 0.0062306 secs] 320381K->183503K(1031552K), 0.0063220 secs] [Times: user=0.01 sys=0.00, real=0.01 secs] 
2016-08-16T13:59:49.090+0000: 333463.060: Total time for which application threads were stopped: 0.0069438 seconds, Stopping threads took: 0.0000822 seconds
2016-08-16T13:59:59.370+0000: 333473.340: [GC (Allocation Failure) 333473.340: [ParNew
Desired survivor size 8716288 bytes, new threshold 6 (max 6)
- age   1:     582848 bytes,     582848 total
- age   2:      10808 bytes,     593656 total
- age   3:      11912 bytes,     605568 total
- age   4:       4496 bytes,     610064 total
- age   5:      22976 bytes,     633040 total
- age   6:       3072 bytes,     636112 total
: 136670K->669K(153344K), 0.0081361 secs] 319823K->183828K(1031552K), 0.0082382 secs] [Times: user=0.01 sys=0.00, real=0.00 secs] 
2016-08-16T13:59:59.378+0000: 333473.349: Total time for which application threads were stopped: 0.0089247 seconds, Stopping threads took: 0.0000823 seconds
2016-08-16T14:00:00.034+0000: 333474.004: Total time for which application threads were stopped: 0.0005742 seconds, Stopping threads took: 0.0000814 seconds
2016-08-16T14:00:00.034+0000: 333474.004: Total time for which application threads were stopped: 0.0003342 seconds, Stopping threads took: 0.0000441 seconds
2016-08-16T14:00:00.035+0000: 333474.005: Total time for which application threads were stopped: 0.0002883 seconds, Stopping threads took: 0.0000209 seconds
2016-08-16T14:00:00.036+0000: 333474.006: Total time for which application threads were stopped: 0.0004115 seconds, Stopping threads took: 0.0000322 seconds
2016-08-16T14:00:00.040+0000: 333474.010: Total time for which application threads were stopped: 0.0038842 seconds, Stopping threads took: 0.0035949 seconds
2016-08-16T14:00:00.041+0000: 333474.011: Total time for which application threads were stopped: 0.0005256 seconds, Stopping threads took: 0.0000604 seconds
2016-08-16T14:00:00.050+0000: 333474.020: Total time for which application threads were stopped: 0.0010340 seconds, Stopping threads took: 0.0001744 seconds
2016-08-16T14:00:00.057+0000: 333474.027: Total time for which application threads were stopped: 0.0053050 seconds, Stopping threads took: 0.0047112 seconds
2016-08-16T14:00:00.058+0000: 333474.028: Total time for which application threads were stopped: 0.0006963 seconds, Stopping threads took: 0.0001079 seconds
2016-08-16T14:00:09.355+0000: 333483.325: [GC (Allocation Failure) 333483.325: [ParNew
Desired survivor size 8716288 bytes, new threshold 6 (max 6)
- age   1:    1571424 bytes,    1571424 total
- age   2:      35752 bytes,    1607176 total
- age   3:       4720 bytes,    1611896 total
- age   4:      10784 bytes,    1622680 total
- age   5:       3480 bytes,    1626160 total
- age   6:      13968 bytes,    1640128 total
: 136989K->1668K(153344K), 0.0107720 secs] 320148K->184829K(1031552K), 0.0108856 secs] [Times: user=0.02 sys=0.00, real=0.01 secs] 
2016-08-16T14:00:09.366+0000: 333483.336: Total time for which application threads were stopped: 0.0115783 seconds, Stopping threads took: 0.0000815 seconds
2016-08-16T14:00:19.335+0000: 333493.305: [GC (Allocation Failure) 333493.305: [ParNew
Desired survivor size 8716288 bytes, new threshold 6 (max 6)
- age   1:     536560 bytes,     536560 total
- age   2:     171832 bytes,     708392 total
- age   3:       9704 bytes,     718096 total
- age   4:       4544 bytes,     722640 total
- age   5:      10720 bytes,     733360 total
- age   6:       3480 bytes,     736840 total
: 137988K->854K(153344K), 0.0077237 secs] 321149K->184029K(1031552K), 0.0078282 secs] [Times: user=0.02 sys=0.00, real=0.01 secs] 
2016-08-16T14:00:19.343+0000: 333493.313: Total time for which application threads were stopped: 0.0085209 seconds, Stopping threads took: 0.0000852 seconds
2016-08-16T14:00:23.490+0000: 333497.460: Total time for which application threads were stopped: 0.0011212 seconds, Stopping threads took: 0.0002337 seconds
2016-08-16T14:00:29.333+0000: 333503.304: [GC (Allocation Failure) 333503.304: [ParNew
Desired survivor size 8716288 bytes, new threshold 6 (max 6)
- age   1:     720320 bytes,     720320 total
- age   2:      22920 bytes,     743240 total
- age   3:     135072 bytes,     878312 total
- age   4:       5872 bytes,     884184 total
- age   5:       4400 bytes,     888584 total
- age   6:      10720 bytes,     899304 total
: 137174K->1008K(153344K), 0.0078728 secs] 320349K->184187K(1031552K), 0.0079870 secs] [Times: user=0.02 sys=0.00, real=0.01 secs] 
2016-08-16T14:00:29.341+0000: 333503.312: Total time for which application threads were stopped: 0.0086622 seconds, Stopping threads took: 0.0000819 seconds
2016-08-16T14:00:35.344+0000: 333509.314: Total time for which application threads were stopped: 0.0009832 seconds, Stopping threads took: 0.0001688 seconds
2016-08-16T14:00:39.366+0000: 333513.336: [GC (Allocation Failure) 333513.336: [ParNew
Desired survivor size 8716288 bytes, new threshold 6 (max 6)
- age   1:     522776 bytes,     522776 total
- age   2:      52280 bytes,     575056 total
- age   3:       3816 bytes,     578872 total
- age   4:     133440 bytes,     712312 total
- age   5:       5608 bytes,     717920 total
- age   6:       4400 bytes,     722320 total
: 137328K->856K(153344K), 0.0077239 secs] 320507K->184045K(1031552K), 0.0078211 secs] [Times: user=0.02 sys=0.00, real=0.01 secs] 
2016-08-16T14:00:39.374+0000: 333513.344: Total time for which application threads were stopped: 0.0085046 seconds, Stopping threads took: 0.0000841 seconds
2016-08-16T14:00:49.993+0000: 333523.964: [GC (Allocation Failure) 333523.964: [ParNew
Desired survivor size 8716288 bytes, new threshold 6 (max 6)
- age   1:     901888 bytes,     901888 total
- age   2:      30576 bytes,     932464 total
- age   3:      32128 bytes,     964592 total
- age   4:       3624 bytes,     968216 total
- age   5:     133080 bytes,    1101296 total
- age   6:       5320 bytes,    1106616 total
: 137176K->1233K(153344K), 0.0081141 secs] 320365K->184424K(1031552K), 0.0082116 secs] [Times: user=0.02 sys=0.00, real=0.01 secs] 
2016-08-16T14:00:50.002+0000: 333523.972: Total time for which application threads were stopped: 0.0089502 seconds, Stopping threads took: 0.0000840 seconds
2016-08-16T14:00:59.112+0000: 333533.082: [GC (Allocation Failure) 333533.082: [ParNew
Desired survivor size 8716288 bytes, new threshold 6 (max 6)
- age   1:     564168 bytes,     564168 total
- age   2:      29024 bytes,     593192 total
- age   3:       3896 bytes,     597088 total
- age   4:      25656 bytes,     622744 total
- age   5:       3560 bytes,     626304 total
- age   6:     132576 bytes,     758880 total
: 137553K->899K(153344K), 0.0079921 secs] 320744K->184095K(1031552K), 0.0081124 secs] [Times: user=0.01 sys=0.00, real=0.01 secs] 
2016-08-16T14:00:59.120+0000: 333533.091: Total time for which application threads were stopped: 0.0087687 seconds, Stopping threads took: 0.0000778 seconds
2016-08-16T14:01:09.338+0000: 333543.308: [GC (Allocation Failure) 333543.308: [ParNew
Desired survivor size 8716288 bytes, new threshold 6 (max 6)
- age   1:     474464 bytes,     474464 total
- age   2:      36904 bytes,     511368 total
- age   3:       9944 bytes,     521312 total
- age   4:       3872 bytes,     525184 total
- age   5:      25584 bytes,     550768 total
- age   6:       3560 bytes,     554328 total
: 137219K->691K(153344K), 0.0075608 secs] 320415K->184020K(1031552K), 0.0076519 secs] [Times: user=0.02 sys=0.00, real=0.01 secs] 
2016-08-16T14:01:09.346+0000: 333543.316: Total time for which application threads were stopped: 0.0082971 seconds, Stopping threads took: 0.0000923 seconds
2016-08-16T14:01:09.519+0000: 333543.489: [GC (Allocation Failure) 333543.489: [ParNew
Desired survivor size 8716288 bytes, new threshold 6 (max 6)
- age   1:     190544 bytes,     190544 total
- age   2:      32576 bytes,     223120 total
- age   3:      17768 bytes,     240888 total
- age   4:       9880 bytes,     250768 total
- age   5:       3872 bytes,     254640 total
- age   6:      25584 bytes,     280224 total
: 137011K->369K(153344K), 0.0062206 secs] 320340K->183702K(1031552K), 0.0063194 secs] [Times: user=0.01 sys=0.00, real=0.01 secs] 
2016-08-16T14:01:09.525+0000: 333543.495: Total time for which application threads were stopped: 0.0069119 seconds, Stopping threads took: 0.0000772 seconds
2016-08-16T14:01:19.461+0000: 333553.432: [GC (Allocation Failure) 333553.432: [ParNew
Desired survivor size 8716288 bytes, new threshold 6 (max 6)
- age   1:     366616 bytes,     366616 total
- age   2:       5016 bytes,     371632 total
- age   3:       5512 bytes,     377144 total
- age   4:      11320 bytes,     388464 total
- age   5:       9784 bytes,     398248 total
- age   6:       3872 bytes,     402120 total
: 136689K->436K(153344K), 0.0070188 secs] 320022K->183794K(1031552K), 0.0071204 secs] [Times: user=0.01 sys=0.00, real=0.01 secs] 
2016-08-16T14:01:19.469+0000: 333553.439: Total time for which application threads were stopped: 0.0077978 seconds, Stopping threads took: 0.0000845 seconds
2016-08-16T14:01:23.487+0000: 333557.457: Total time for which application threads were stopped: 0.0013061 seconds, Stopping threads took: 0.0001930 seconds
2016-08-16T14:01:29.496+0000: 333563.467: [GC (Allocation Failure) 333563.467: [ParNew
Desired survivor size 8716288 bytes, new threshold 6 (max 6)
- age   1:     687712 bytes,     687712 total
- age   2:      20976 bytes,     708688 total
- age   3:       2848 bytes,     711536 total
- age   4:       3800 bytes,     715336 total
- age   5:       5392 bytes,     720728 total
- age   6:       8648 bytes,     729376 total
: 136756K->772K(153344K), 0.0075177 secs] 320114K->184133K(1031552K), 0.0076209 secs] [Times: user=0.01 sys=0.00, real=0.01 secs] 
2016-08-16T14:01:29.504+0000: 333563.474: Total time for which application threads were stopped: 0.0083209 seconds, Stopping threads took: 0.0000834 seconds
2016-08-16T14:01:39.435+0000: 333573.406: [GC (Allocation Failure) 333573.406: [ParNew
Desired survivor size 8716288 bytes, new threshold 6 (max 6)
- age   1:     531000 bytes,     531000 total
- age   2:      48936 bytes,     579936 total
- age   3:       1936 bytes,     581872 total
- age   4:       2696 bytes,     584568 total
- age   5:       3768 bytes,     588336 total
- age   6:       5320 bytes,     593656 total
: 137092K->652K(153344K), 0.0071713 secs] 320453K->184021K(1031552K), 0.0072767 secs] [Times: user=0.01 sys=0.00, real=0.01 secs] 
2016-08-16T14:01:39.443+0000: 333573.413: Total time for which application threads were stopped: 0.0079575 seconds, Stopping threads took: 0.0000838 seconds
2016-08-16T14:01:49.067+0000: 333583.037: [GC (Allocation Failure) 333583.038: [ParNew
Desired survivor size 8716288 bytes, new threshold 6 (max 6)
- age   1:     899248 bytes,     899248 total
- age   2:      30536 bytes,     929784 total
- age   3:      28496 bytes,     958280 total
- age   4:       1704 bytes,     959984 total
- age   5:       2624 bytes,     962608 total
- age   6:       3704 bytes,     966312 total
: 136972K->1019K(153344K), 0.0079334 secs] 320341K->184393K(1031552K), 0.0080499 secs] [Times: user=0.02 sys=0.00, real=0.01 secs] 
2016-08-16T14:01:49.075+0000: 333583.046: Total time for which application threads were stopped: 0.0087236 seconds, Stopping threads took: 0.0000838 seconds
2016-08-16T14:01:59.322+0000: 333593.292: [GC (Allocation Failure) 333593.292: [ParNew
Desired survivor size 8716288 bytes, new threshold 6 (max 6)
- age   1:     616752 bytes,     616752 total
- age   2:      30368 bytes,     647120 total
- age   3:       3848 bytes,     650968 total
- age   4:      25736 bytes,     676704 total
- age   5:       1704 bytes,     678408 total
- age   6:       2624 bytes,     681032 total
: 137339K->745K(153344K), 0.0093689 secs] 320713K->184123K(1031552K), 0.0094746 secs] [Times: user=0.02 sys=0.00, real=0.01 secs] 
2016-08-16T14:01:59.332+0000: 333593.302: Total time for which application threads were stopped: 0.0101209 seconds, Stopping threads took: 0.0000693 seconds
2016-08-16T14:02:09.190+0000: 333603.161: [GC (Allocation Failure) 333603.161: [ParNew
Desired survivor size 8716288 bytes, new threshold 6 (max 6)
- age   1:     470256 bytes,     470256 total
- age   2:      40280 bytes,     510536 total
- age   3:      11352 bytes,     521888 total
- age   4:       3720 bytes,     525608 total
- age   5:      25488 bytes,     551096 total
- age   6:       1704 bytes,     552800 total
: 137065K->628K(153344K), 0.0071821 secs] 320443K->184009K(1031552K), 0.0072734 secs] [Times: user=0.01 sys=0.00, real=0.00 secs] 
2016-08-16T14:02:09.198+0000: 333603.168: Total time for which application threads were stopped: 0.0081009 seconds, Stopping threads took: 0.0001172 seconds
2016-08-16T14:02:19.413+0000: 333613.383: [GC (Allocation Failure) 333613.383: [ParNew
Desired survivor size 8716288 bytes, new threshold 6 (max 6)
- age   1:     539360 bytes,     539360 total
- age   2:      23552 bytes,     562912 total
- age   3:      14360 bytes,     577272 total
- age   4:      11320 bytes,     588592 total
- age   5:       3648 bytes,     592240 total
- age   6:      25488 bytes,     617728 total
: 136948K->670K(153344K), 0.0078348 secs] 320329K->184052K(1031552K), 0.0079410 secs] [Times: user=0.02 sys=0.00, real=0.01 secs] 
2016-08-16T14:02:19.421+0000: 333613.391: Total time for which application threads were stopped: 0.0086079 seconds, Stopping threads took: 0.0000748 seconds
2016-08-16T14:02:23.486+0000: 333617.457: Total time for which application threads were stopped: 0.0007278 seconds, Stopping threads took: 0.0001382 seconds
2016-08-16T14:02:29.481+0000: 333623.451: [GC (Allocation Failure) 333623.451: [ParNew
Desired survivor size 8716288 bytes, new threshold 6 (max 6)
- age   1:     703032 bytes,     703032 total
- age   2:      23592 bytes,     726624 total
- age   3:       3056 bytes,     729680 total
- age   4:       8560 bytes,     738240 total
- age   5:      10464 bytes,     748704 total
- age   6:       3288 bytes,     751992 total
: 136990K->812K(153344K), 0.0079392 secs] 320372K->184212K(1031552K), 0.0080464 secs] [Times: user=0.02 sys=0.00, real=0.01 secs] 
2016-08-16T14:02:29.489+0000: 333623.459: Total time for which application threads were stopped: 0.0087506 seconds, Stopping threads took: 0.0000844 seconds
2016-08-16T14:02:39.189+0000: 333633.159: [GC (Allocation Failure) 333633.159: [ParNew
Desired survivor size 8716288 bytes, new threshold 6 (max 6)
- age   1:     504480 bytes,     504480 total
- age   2:      48784 bytes,     553264 total
- age   3:       4376 bytes,     557640 total
- age   4:       3056 bytes,     560696 total
- age   5:       8488 bytes,     569184 total
- age   6:      10336 bytes,     579520 total
: 137132K->665K(153344K), 0.0075178 secs] 320532K->184068K(1031552K), 0.0076185 secs] [Times: user=0.01 sys=0.00, real=0.00 secs] 
2016-08-16T14:02:39.197+0000: 333633.167: Total time for which application threads were stopped: 0.0083358 seconds, Stopping threads took: 0.0001019 seconds
2016-08-16T14:02:49.192+0000: 333643.162: [GC (Allocation Failure) 333643.162: [ParNew
Desired survivor size 8716288 bytes, new threshold 6 (max 6)
- age   1:     897288 bytes,     897288 total
- age   2:      30696 bytes,     927984 total
- age   3:      28336 bytes,     956320 total
- age   4:       4320 bytes,     960640 total
- age   5:       3056 bytes,     963696 total
- age   6:       8200 bytes,     971896 total
: 136985K->1039K(153344K), 0.0078852 secs] 320388K->184452K(1031552K), 0.0079957 secs] [Times: user=0.01 sys=0.00, real=0.00 secs] 
2016-08-16T14:02:49.200+0000: 333643.170: Total time for which application threads were stopped: 0.0086555 seconds, Stopping threads took: 0.0000845 seconds
2016-08-16T14:02:59.394+0000: 333653.364: [GC (Allocation Failure) 333653.364: [ParNew
Desired survivor size 8716288 bytes, new threshold 6 (max 6)
- age   1:     650512 bytes,     650512 total
- age   2:      28640 bytes,     679152 total
- age   3:       4048 bytes,     683200 total
- age   4:      23152 bytes,     706352 total
- age   5:       4192 bytes,     710544 total
- age   6:       3056 bytes,     713600 total
: 137359K->704K(153344K), 0.0081532 secs] 320772K->184125K(1031552K), 0.0083080 secs] [Times: user=0.02 sys=0.00, real=0.01 secs] 
2016-08-16T14:02:59.402+0000: 333653.373: Total time for which application threads were stopped: 0.0091375 seconds, Stopping threads took: 0.0000966 seconds
2016-08-16T14:03:09.153+0000: 333663.124: [GC (Allocation Failure) 333663.124: [ParNew
Desired survivor size 8716288 bytes, new threshold 6 (max 6)
- age   1:     629624 bytes,     629624 total
- age   2:      44112 bytes,     673736 total
- age   3:       9472 bytes,     683208 total
- age   4:       4048 bytes,     687256 total
- age   5:      23080 bytes,     710336 total
- age   6:       4192 bytes,     714528 total
: 137024K->815K(153344K), 0.0140477 secs] 320445K->184239K(1031552K), 0.0142322 secs] [Times: user=0.03 sys=0.00, real=0.01 secs] 
2016-08-16T14:03:09.168+0000: 333663.138: Total time for which application threads were stopped: 0.0158790 seconds, Stopping threads took: 0.0002110 seconds
2016-08-16T14:03:09.258+0000: 333663.229: [GC (Allocation Failure) 333663.229: [ParNew
Desired survivor size 8716288 bytes, new threshold 6 (max 6)
- age   1:     178264 bytes,     178264 total
- age   2:      23080 bytes,     201344 total
- age   3:      25016 bytes,     226360 total
- age   4:       9472 bytes,     235832 total
- age   5:       4048 bytes,     239880 total
- age   6:      23080 bytes,     262960 total
: 137135K->408K(153344K), 0.0094030 secs] 320559K->183836K(1031552K), 0.0096122 secs] [Times: user=0.02 sys=0.00, real=0.02 secs] 
2016-08-16T14:03:09.268+0000: 333663.239: Total time for which application threads were stopped: 0.0112943 seconds, Stopping threads took: 0.0001964 seconds
2016-08-16T14:03:19.514+0000: 333673.484: [GC (Allocation Failure) 333673.485: [ParNew
Desired survivor size 8716288 bytes, new threshold 6 (max 6)
- age   1:     426968 bytes,     426968 total
- age   2:      18360 bytes,     445328 total
- age   3:       4784 bytes,     450112 total
- age   4:      18472 bytes,     468584 total
- age   5:       9312 bytes,     477896 total
- age   6:       4048 bytes,     481944 total
: 136728K->498K(153344K), 0.0073939 secs] 320156K->183949K(1031552K), 0.0074988 secs] [Times: user=0.02 sys=0.00, real=0.01 secs] 
2016-08-16T14:03:19.522+0000: 333673.492: Total time for which application threads were stopped: 0.0081903 seconds, Stopping threads took: 0.0001118 seconds
2016-08-16T14:03:23.486+0000: 333677.456: Total time for which application threads were stopped: 0.0022165 seconds, Stopping threads took: 0.0001273 seconds
2016-08-16T14:03:29.531+0000: 333683.502: [GC (Allocation Failure) 333683.502: [ParNew
Desired survivor size 8716288 bytes, new threshold 6 (max 6)
- age   1:     677128 bytes,     677128 total
- age   2:      21480 bytes,     698608 total
- age   3:       1504 bytes,     700112 total
- age   4:       3168 bytes,     703280 total
- age   5:      10440 bytes,     713720 total
- age   6:       8384 bytes,     722104 total
: 136818K->755K(153344K), 0.0081339 secs] 320269K->184209K(1031552K), 0.0082316 secs] [Times: user=0.01 sys=0.00, real=0.00 secs] 
2016-08-16T14:03:29.540+0000: 333683.510: Total time for which application threads were stopped: 0.0089131 seconds, Stopping threads took: 0.0000942 seconds
2016-08-16T14:03:39.435+0000: 333693.405: [GC (Allocation Failure) 333693.405: [ParNew
Desired survivor size 8716288 bytes, new threshold 6 (max 6)
- age   1:     523648 bytes,     523648 total
- age   2:      48760 bytes,     572408 total
- age   3:       2416 bytes,     574824 total
- age   4:       1440 bytes,     576264 total
- age   5:       3168 bytes,     579432 total
- age   6:      10368 bytes,     589800 total
: 137075K->642K(153344K), 0.0074618 secs] 320529K->184105K(1031552K), 0.0075648 secs] [Times: user=0.01 sys=0.00, real=0.01 secs] 
2016-08-16T14:03:39.443+0000: 333693.413: Total time for which application threads were stopped: 0.0082367 seconds, Stopping threads took: 0.0000845 seconds
2016-08-16T14:03:49.068+0000: 333703.039: [GC (Allocation Failure) 333703.039: [ParNew
Desired survivor size 8716288 bytes, new threshold 6 (max 6)
- age   1:     877288 bytes,     877288 total
- age   2:      30928 bytes,     908216 total
- age   3:      28168 bytes,     936384 total
- age   4:       2256 bytes,     938640 total
- age   5:       1440 bytes,     940080 total
- age   6:       3168 bytes,     943248 total
: 136962K->998K(153344K), 0.0081108 secs] 320425K->184470K(1031552K), 0.0082405 secs] [Times: user=0.01 sys=0.00, real=0.00 secs] 
2016-08-16T14:03:49.077+0000: 333703.047: Total time for which application threads were stopped: 0.0089839 seconds, Stopping threads took: 0.0000832 seconds
2016-08-16T14:03:59.203+0000: 333713.173: [GC (Allocation Failure) 333713.173: [ParNew
Desired survivor size 8716288 bytes, new threshold 6 (max 6)
- age   1:     643576 bytes,     643576 total
- age   2:      35896 bytes,     679472 total
- age   3:       4096 bytes,     683568 total
- age   4:      25408 bytes,     708976 total
- age   5:       2192 bytes,     711168 total
- age   6:       1440 bytes,     712608 total
: 137318K->754K(153344K), 0.0081364 secs] 320790K->184230K(1031552K), 0.0082350 secs] [Times: user=0.01 sys=0.00, real=0.01 secs] 
2016-08-16T14:03:59.211+0000: 333713.181: Total time for which application threads were stopped: 0.0088946 seconds, Stopping threads took: 0.0000764 seconds
2016-08-16T14:04:09.448+0000: 333723.418: [GC (Allocation Failure) 333723.418: [ParNew
Desired survivor size 8716288 bytes, new threshold 6 (max 6)
- age   1:     471008 bytes,     471008 total
- age   2:      38112 bytes,     509120 total
- age   3:      16616 bytes,     525736 total
- age   4:       4096 bytes,     529832 total
- age   5:      25192 bytes,     555024 total
- age   6:       2192 bytes,     557216 total
: 137074K->647K(153344K), 0.0071910 secs] 320550K->184124K(1031552K), 0.0072864 secs] [Times: user=0.01 sys=0.00, real=0.01 secs] 
2016-08-16T14:04:09.455+0000: 333723.426: Total time for which application threads were stopped: 0.0079576 seconds, Stopping threads took: 0.0000801 seconds
2016-08-16T14:04:19.421+0000: 333733.391: [GC (Allocation Failure) 333733.392: [ParNew
Desired survivor size 8716288 bytes, new threshold 6 (max 6)
- age   1:     484408 bytes,     484408 total
- age   2:      23984 bytes,     508392 total
- age   3:      12496 bytes,     520888 total
- age   4:      16456 bytes,     537344 total
- age   5:       4096 bytes,     541440 total
- age   6:      25192 bytes,     566632 total
: 136967K->709K(153344K), 0.0074766 secs] 320444K->184189K(1031552K), 0.0075805 secs] [Times: user=0.02 sys=0.00, real=0.01 secs] 
2016-08-16T14:04:19.429+0000: 333733.399: Total time for which application threads were stopped: 0.0082820 seconds, Stopping threads took: 0.0000850 seconds
2016-08-16T14:04:23.486+0000: 333737.456: Total time for which application threads were stopped: 0.0006484 seconds, Stopping threads took: 0.0001278 seconds
2016-08-16T14:04:29.468+0000: 333743.438: [GC (Allocation Failure) 333743.438: [ParNew
Desired survivor size 8716288 bytes, new threshold 6 (max 6)
- age   1:     681768 bytes,     681768 total
- age   2:      22488 bytes,     704256 total
- age   3:       3376 bytes,     707632 total
- age   4:       6960 bytes,     714592 total
- age   5:      15528 bytes,     730120 total
- age   6:       3664 bytes,     733784 total
: 137029K->775K(153344K), 0.0085113 secs] 320509K->184272K(1031552K), 0.0086264 secs] [Times: user=0.01 sys=0.00, real=0.01 secs] 
2016-08-16T14:04:29.476+0000: 333743.447: Total time for which application threads were stopped: 0.0093002 seconds, Stopping threads took: 0.0000746 seconds
2016-08-16T14:04:39.469+0000: 333753.439: [GC (Allocation Failure) 333753.439: [ParNew
Desired survivor size 8716288 bytes, new threshold 6 (max 6)
- age   1:     508328 bytes,     508328 total
- age   2:      47392 bytes,     555720 total
- age   3:       3360 bytes,     559080 total
- age   4:       3248 bytes,     562328 total
- age   5:       6888 bytes,     569216 total
- age   6:      15528 bytes,     584744 total
: 137095K->701K(153344K), 0.0080324 secs] 320592K->184201K(1031552K), 0.0081502 secs] [Times: user=0.01 sys=0.00, real=0.00 secs] 
2016-08-16T14:04:39.477+0000: 333753.447: Total time for which application threads were stopped: 0.0087970 seconds, Stopping threads took: 0.0000683 seconds
2016-08-16T14:04:49.190+0000: 333763.161: [GC (Allocation Failure) 333763.161: [ParNew
Desired survivor size 8716288 bytes, new threshold 6 (max 6)
- age   1:     941560 bytes,     941560 total
- age   2:      29592 bytes,     971152 total
- age   3:      27136 bytes,     998288 total
- age   4:       3328 bytes,    1001616 total
- age   5:       3184 bytes,    1004800 total
- age   6:       6400 bytes,    1011200 total
: 137021K->1034K(153344K), 0.0082522 secs] 320521K->184549K(1031552K), 0.0083599 secs] [Times: user=0.01 sys=0.00, real=0.00 secs] 
2016-08-16T14:04:49.199+0000: 333763.169: Total time for which application threads were stopped: 0.0090746 seconds, Stopping threads took: 0.0000977 seconds
2016-08-16T14:04:59.425+0000: 333773.395: [GC (Allocation Failure) 333773.395: [ParNew
Desired survivor size 8716288 bytes, new threshold 6 (max 6)
- age   1:     620344 bytes,     620344 total
- age   2:      39816 bytes,     660160 total
- age   3:       3728 bytes,     663888 total
- age   4:      24432 bytes,     688320 total
- age   5:       3328 bytes,     691648 total
- age   6:       3112 bytes,     694760 total
: 137354K->805K(153344K), 0.0083875 secs] 320869K->184326K(1031552K), 0.0085126 secs] [Times: user=0.02 sys=0.00, real=0.01 secs] 
2016-08-16T14:04:59.433+0000: 333773.404: Total time for which application threads were stopped: 0.0092957 seconds, Stopping threads took: 0.0000911 seconds
2016-08-16T14:05:09.351+0000: 333783.321: [GC (Allocation Failure) 333783.321: [ParNew
Desired survivor size 8716288 bytes, new threshold 6 (max 6)
- age   1:     440368 bytes,     440368 total
- age   2:      39120 bytes,     479488 total
- age   3:      20384 bytes,     499872 total
- age   4:       3728 bytes,     503600 total
- age   5:      24296 bytes,     527896 total
- age   6:       3328 bytes,     531224 total
: 137125K->544K(153344K), 0.0072211 secs] 320646K->184068K(1031552K), 0.0073128 secs] [Times: user=0.01 sys=0.00, real=0.00 secs] 
2016-08-16T14:05:09.358+0000: 333783.328: Total time for which application threads were stopped: 0.0079388 seconds, Stopping threads took: 0.0000744 seconds
2016-08-16T14:05:10.519+0000: 333784.490: [GC (Allocation Failure) 333784.490: [ParNew
Desired survivor size 8716288 bytes, new threshold 6 (max 6)
- age   1:     248080 bytes,     248080 total
- age   2:      26024 bytes,     274104 total
- age   3:      19912 bytes,     294016 total
- age   4:      20160 bytes,     314176 total
- age   5:       3728 bytes,     317904 total
- age   6:      24232 bytes,     342136 total
: 136864K->461K(153344K), 0.0106298 secs] 320388K->183989K(1031552K), 0.0108208 secs] [Times: user=0.02 sys=0.00, real=0.02 secs] 
2016-08-16T14:05:10.530+0000: 333784.501: Total time for which application threads were stopped: 0.0123674 seconds, Stopping threads took: 0.0001990 seconds
2016-08-16T14:05:19.212+0000: 333793.183: [GC (Allocation Failure) 333793.183: [ParNew
Desired survivor size 8716288 bytes, new threshold 6 (max 6)
- age   1:     335976 bytes,     335976 total
- age   2:      10040 bytes,     346016 total
- age   3:       4776 bytes,     350792 total
- age   4:      13456 bytes,     364248 total
- age   5:      19984 bytes,     384232 total
- age   6:       3728 bytes,     387960 total
: 136781K->437K(153344K), 0.0067877 secs] 320309K->183989K(1031552K), 0.0069537 secs] [Times: user=0.02 sys=0.01, real=0.00 secs] 
2016-08-16T14:05:19.219+0000: 333793.190: Total time for which application threads were stopped: 0.0077278 seconds, Stopping threads took: 0.0001622 seconds
2016-08-16T14:05:23.486+0000: 333797.456: Total time for which application threads were stopped: 0.0006266 seconds, Stopping threads took: 0.0001106 seconds
2016-08-16T14:05:29.502+0000: 333803.472: [GC (Allocation Failure) 333803.472: [ParNew
Desired survivor size 8716288 bytes, new threshold 6 (max 6)
- age   1:     658856 bytes,     658856 total
- age   2:      20808 bytes,     679664 total
- age   3:       3320 bytes,     682984 total
- age   4:       3440 bytes,     686424 total
- age   5:       7664 bytes,     694088 total
- age   6:      19192 bytes,     713280 total
: 136757K->737K(153344K), 0.0086999 secs] 320309K->184292K(1031552K), 0.0088345 secs] [Times: user=0.01 sys=0.00, real=0.01 secs] 
2016-08-16T14:05:29.511+0000: 333803.481: Total time for which application threads were stopped: 0.0096089 seconds, Stopping threads took: 0.0001171 seconds
2016-08-16T14:05:39.437+0000: 333813.407: [GC (Allocation Failure) 333813.407: [ParNew
Desired survivor size 8716288 bytes, new threshold 6 (max 6)
- age   1:     536904 bytes,     536904 total
- age   2:      48112 bytes,     585016 total
- age   3:       1768 bytes,     586784 total
- age   4:       3296 bytes,     590080 total
- age   5:       3440 bytes,     593520 total
- age   6:       7464 bytes,     600984 total
: 137057K->660K(153344K), 0.0083797 secs] 320612K->184235K(1031552K), 0.0084816 secs] [Times: user=0.02 sys=0.00, real=0.01 secs] 
2016-08-16T14:05:39.446+0000: 333813.416: Total time for which application threads were stopped: 0.0091670 seconds, Stopping threads took: 0.0000712 seconds
2016-08-16T14:05:49.065+0000: 333823.035: [GC (Allocation Failure) 333823.035: [ParNew
Desired survivor size 8716288 bytes, new threshold 6 (max 6)
- age   1:     911672 bytes,     911672 total
- age   2:      30696 bytes,     942368 total
- age   3:      27712 bytes,     970080 total
- age   4:       1592 bytes,     971672 total
- age   5:       3296 bytes,     974968 total
- age   6:       3440 bytes,     978408 total
: 136980K->1099K(153344K), 0.0086322 secs] 320555K->184680K(1031552K), 0.0087460 secs] [Times: user=0.02 sys=0.00, real=0.01 secs] 
2016-08-16T14:05:49.074+0000: 333823.044: Total time for which application threads were stopped: 0.0094351 seconds, Stopping threads took: 0.0000973 seconds
2016-08-16T14:05:54.346+0000: 333828.317: Total time for which application threads were stopped: 0.0057766 seconds, Stopping threads took: 0.0001776 seconds
2016-08-16T14:05:59.373+0000: 333833.344: [GC (Allocation Failure) 333833.344: [ParNew
Desired survivor size 8716288 bytes, new threshold 6 (max 6)
- age   1:     611480 bytes,     611480 total
- age   2:      28168 bytes,     639648 total
- age   3:       3768 bytes,     643416 total
- age   4:      22824 bytes,     666240 total
- age   5:       1592 bytes,     667832 total
- age   6:       3296 bytes,     671128 total
: 137419K->696K(153344K), 0.0076206 secs] 321000K->184281K(1031552K), 0.0077222 secs] [Times: user=0.01 sys=0.00, real=0.01 secs] 
2016-08-16T14:05:59.381+0000: 333833.352: Total time for which application threads were stopped: 0.0083988 seconds, Stopping threads took: 0.0000822 seconds
2016-08-16T14:06:09.476+0000: 333843.446: [GC (Allocation Failure) 333843.446: [ParNew
Desired survivor size 8716288 bytes, new threshold 6 (max 6)
- age   1:     495144 bytes,     495144 total
- age   2:      38200 bytes,     533344 total
- age   3:       9072 bytes,     542416 total
- age   4:       3576 bytes,     545992 total
- age   5:      22464 bytes,     568456 total
- age   6:       1456 bytes,     569912 total
: 137016K->620K(153344K), 0.0073878 secs] 320601K->184208K(1031552K), 0.0075006 secs] [Times: user=0.01 sys=0.00, real=0.01 secs] 
2016-08-16T14:06:09.483+0000: 333843.453: Total time for which application threads were stopped: 0.0081902 seconds, Stopping threads took: 0.0001092 seconds
2016-08-16T14:06:19.478+0000: 333853.448: [GC (Allocation Failure) 333853.448: [ParNew
Desired survivor size 8716288 bytes, new threshold 6 (max 6)
- age   1:     507760 bytes,     507760 total
- age   2:      23992 bytes,     531752 total
- age   3:      12744 bytes,     544496 total
- age   4:       9040 bytes,     553536 total
- age   5:       3504 bytes,     557040 total
- age   6:      22256 bytes,     579296 total
: 136940K->639K(153344K), 0.0073494 secs] 320528K->184228K(1031552K), 0.0074621 secs] [Times: user=0.02 sys=0.00, real=0.01 secs] 
2016-08-16T14:06:19.486+0000: 333853.456: Total time for which application threads were stopped: 0.0081250 seconds, Stopping threads took: 0.0000841 seconds
2016-08-16T14:06:23.493+0000: 333857.464: Total time for which application threads were stopped: 0.0009106 seconds, Stopping threads took: 0.0001545 seconds
2016-08-16T14:06:29.465+0000: 333863.435: [GC (Allocation Failure) 333863.435: [ParNew
Desired survivor size 8716288 bytes, new threshold 6 (max 6)
- age   1:     684176 bytes,     684176 total
- age   2:      22976 bytes,     707152 total
- age   3:       3344 bytes,     710496 total
- age   4:       7328 bytes,     717824 total
- age   5:       8008 bytes,     725832 total
- age   6:       3072 bytes,     728904 total
: 136959K->808K(153344K), 0.0078838 secs] 320548K->184411K(1031552K), 0.0080074 secs] [Times: user=0.01 sys=0.00, real=0.01 secs] 
2016-08-16T14:06:29.473+0000: 333863.444: Total time for which application threads were stopped: 0.0086939 seconds, Stopping threads took: 0.0000986 seconds
2016-08-16T14:06:39.466+0000: 333873.436: [GC (Allocation Failure) 333873.436: [ParNew
Desired survivor size 8716288 bytes, new threshold 6 (max 6)
- age   1:     534416 bytes,     534416 total
- age   2:      48032 bytes,     582448 total
- age   3:       3904 bytes,     586352 total
- age   4:       3280 bytes,     589632 total
- age   5:       7192 bytes,     596824 total
- age   6:       7936 bytes,     604760 total
: 137128K->664K(153344K), 0.0073631 secs] 320731K->184270K(1031552K), 0.0074690 secs] [Times: user=0.01 sys=0.00, real=0.01 secs] 
2016-08-16T14:06:39.474+0000: 333873.444: Total time for which application threads were stopped: 0.0081616 seconds, Stopping threads took: 0.0001037 seconds
2016-08-16T14:06:49.179+0000: 333883.149: [GC (Allocation Failure) 333883.149: [ParNew
Desired survivor size 8716288 bytes, new threshold 6 (max 6)
- age   1:     896768 bytes,     896768 total
- age   2:      34752 bytes,     931520 total
- age   3:      27576 bytes,     959096 total
- age   4:       3872 bytes,     962968 total
- age   5:       3280 bytes,     966248 total
- age   6:       6904 bytes,     973152 total
: 136984K->1022K(153344K), 0.0085317 secs] 320590K->184636K(1031552K), 0.0086350 secs] [Times: user=0.02 sys=0.00, real=0.01 secs] 
2016-08-16T14:06:49.188+0000: 333883.158: Total time for which application threads were stopped: 0.0092640 seconds, Stopping threads took: 0.0000701 seconds
2016-08-16T14:06:59.448+0000: 333893.418: [GC (Allocation Failure) 333893.418: [ParNew
Desired survivor size 8716288 bytes, new threshold 6 (max 6)
- age   1:     621240 bytes,     621240 total
- age   2:      31320 bytes,     652560 total
- age   3:       8168 bytes,     660728 total
- age   4:      24880 bytes,     685608 total
- age   5:       3744 bytes,     689352 total
- age   6:       3216 bytes,     692568 total
: 137342K->794K(153344K), 0.0072021 secs] 320956K->184415K(1031552K), 0.0073012 secs] [Times: user=0.01 sys=0.00, real=0.01 secs] 
2016-08-16T14:06:59.455+0000: 333893.425: Total time for which application threads were stopped: 0.0079676 seconds, Stopping threads took: 0.0000848 seconds
2016-08-16T14:07:09.440+0000: 333903.410: [GC (Allocation Failure) 333903.410: [ParNew
Desired survivor size 8716288 bytes, new threshold 6 (max 6)
- age   1:     463216 bytes,     463216 total
- age   2:      38072 bytes,     501288 total
- age   3:      12120 bytes,     513408 total
- age   4:       8168 bytes,     521576 total
- age   5:      24664 bytes,     546240 total
- age   6:       3744 bytes,     549984 total
: 137114K->585K(153344K), 0.0082595 secs] 320735K->184209K(1031552K), 0.0083646 secs] [Times: user=0.01 sys=0.00, real=0.01 secs] 
2016-08-16T14:07:09.448+0000: 333903.418: Total time for which application threads were stopped: 0.0091173 seconds, Stopping threads took: 0.0001152 seconds
2016-08-16T14:07:09.923+0000: 333903.893: [GC (Allocation Failure) 333903.893: [ParNew
Desired survivor size 8716288 bytes, new threshold 6 (max 6)
- age   1:     190816 bytes,     190816 total
- age   2:      37504 bytes,     228320 total
- age   3:      19064 bytes,     247384 total
- age   4:      12120 bytes,     259504 total
- age   5:       8168 bytes,     267672 total
- age   6:      24664 bytes,     292336 total
: 136905K->327K(153344K), 0.0122637 secs] 320529K->183954K(1031552K), 0.0124239 secs] [Times: user=0.02 sys=0.00, real=0.01 secs] 
2016-08-16T14:07:09.935+0000: 333903.906: Total time for which application threads were stopped: 0.0135164 seconds, Stopping threads took: 0.0001517 seconds
2016-08-16T14:07:19.496+0000: 333913.466: [GC (Allocation Failure) 333913.466: [ParNew
Desired survivor size 8716288 bytes, new threshold 6 (max 6)
- age   1:     374336 bytes,     374336 total
- age   2:       7840 bytes,     382176 total
- age   3:       5120 bytes,     387296 total
- age   4:      12656 bytes,     399952 total
- age   5:      11816 bytes,     411768 total
- age   6:       8168 bytes,     419936 total
: 136647K->516K(153344K), 0.0068221 secs] 320274K->184168K(1031552K), 0.0069610 secs] [Times: user=0.01 sys=0.00, real=0.01 secs] 
2016-08-16T14:07:19.503+0000: 333913.473: Total time for which application threads were stopped: 0.0076395 seconds, Stopping threads took: 0.0000862 seconds
2016-08-16T14:07:23.485+0000: 333917.455: Total time for which application threads were stopped: 0.0006230 seconds, Stopping threads took: 0.0000968 seconds
2016-08-16T14:07:29.542+0000: 333923.513: [GC (Allocation Failure) 333923.513: [ParNew
Desired survivor size 8716288 bytes, new threshold 6 (max 6)
- age   1:     730328 bytes,     730328 total
- age   2:      20808 bytes,     751136 total
- age   3:       3368 bytes,     754504 total
- age   4:       3136 bytes,     757640 total
- age   5:       6984 bytes,     764624 total
- age   6:      10968 bytes,     775592 total
: 136836K->791K(153344K), 0.0081350 secs] 320488K->184450K(1031552K), 0.0082378 secs] [Times: user=0.02 sys=0.00, real=0.01 secs] 
2016-08-16T14:07:29.551+0000: 333923.521: Total time for which application threads were stopped: 0.0089378 seconds, Stopping threads took: 0.0000837 seconds
2016-08-16T14:07:39.205+0000: 333933.176: [GC (Allocation Failure) 333933.176: [ParNew
Desired survivor size 8716288 bytes, new threshold 6 (max 6)
- age   1:     518680 bytes,     518680 total
- age   2:      56160 bytes,     574840 total
- age   3:       1696 bytes,     576536 total
- age   4:       3296 bytes,     579832 total
- age   5:       3056 bytes,     582888 total
- age   6:       6784 bytes,     589672 total
: 137111K->628K(153344K), 0.0072863 secs] 320770K->184298K(1031552K), 0.0073905 secs] [Times: user=0.01 sys=0.00, real=0.01 secs] 
2016-08-16T14:07:39.213+0000: 333933.183: Total time for which application threads were stopped: 0.0080960 seconds, Stopping threads took: 0.0000848 seconds
2016-08-16T14:07:49.054+0000: 333943.024: [GC (Allocation Failure) 333943.025: [ParNew
Desired survivor size 8716288 bytes, new threshold 6 (max 6)
- age   1:     915104 bytes,     915104 total
- age   2:      30664 bytes,     945768 total
- age   3:      35792 bytes,     981560 total
- age   4:       1536 bytes,     983096 total
- age   5:       3296 bytes,     986392 total
- age   6:       2928 bytes,     989320 total
: 136948K->1031K(153344K), 0.0086273 secs] 320618K->184707K(1031552K), 0.0087337 secs] [Times: user=0.02 sys=0.00, real=0.01 secs] 
2016-08-16T14:07:49.063+0000: 333943.033: Total time for which application threads were stopped: 0.0093615 seconds, Stopping threads took: 0.0000717 seconds
2016-08-16T14:07:59.452+0000: 333953.422: [GC (Allocation Failure) 333953.422: [ParNew
Desired survivor size 8716288 bytes, new threshold 6 (max 6)
- age   1:     648200 bytes,     648200 total
- age   2:      35168 bytes,     683368 total
- age   3:       3880 bytes,     687248 total
- age   4:      31608 bytes,     718856 total
- age   5:       1536 bytes,     720392 total
- age   6:       3296 bytes,     723688 total
: 137351K->782K(153344K), 0.0078658 secs] 321027K->184461K(1031552K), 0.0079868 secs] [Times: user=0.00 sys=0.00, real=0.00 secs] 
2016-08-16T14:07:59.460+0000: 333953.430: Total time for which application threads were stopped: 0.0086407 seconds, Stopping threads took: 0.0000810 seconds
2016-08-16T14:08:09.101+0000: 333963.072: [GC (Allocation Failure) 333963.072: [ParNew
Desired survivor size 8716288 bytes, new threshold 6 (max 6)
- age   1:     475560 bytes,     475560 total
- age   2:      44888 bytes,     520448 total
- age   3:      16056 bytes,     536504 total
- age   4:       3672 bytes,     540176 total
- age   5:      31464 bytes,     571640 total
- age   6:       1536 bytes,     573176 total
: 137102K->680K(153344K), 0.0073608 secs] 320781K->184362K(1031552K), 0.0074568 secs] [Times: user=0.01 sys=0.00, real=0.01 secs] 
2016-08-16T14:08:09.109+0000: 333963.079: Total time for which application threads were stopped: 0.0081253 seconds, Stopping threads took: 0.0000764 seconds
2016-08-16T14:08:19.046+0000: 333973.016: [GC (Allocation Failure) 333973.016: [ParNew
Desired survivor size 8716288 bytes, new threshold 6 (max 6)
- age   1:     536432 bytes,     536432 total
- age   2:      23984 bytes,     560416 total
- age   3:      19360 bytes,     579776 total
- age   4:      15824 bytes,     595600 total
- age   5:       3672 bytes,     599272 total
- age   6:      31304 bytes,     630576 total
: 137000K->698K(153344K), 0.0076641 secs] 320682K->184382K(1031552K), 0.0077618 secs] [Times: user=0.01 sys=0.00, real=0.01 secs] 
2016-08-16T14:08:19.054+0000: 333973.024: Total time for which application threads were stopped: 0.0084367 seconds, Stopping threads took: 0.0000854 seconds
2016-08-16T14:08:23.486+0000: 333977.457: Total time for which application threads were stopped: 0.0007232 seconds, Stopping threads took: 0.0001365 seconds
2016-08-16T14:08:29.450+0000: 333983.420: [GC (Allocation Failure) 333983.420: [ParNew
Desired survivor size 8716288 bytes, new threshold 6 (max 6)
- age   1:     658232 bytes,     658232 total
- age   2:      22720 bytes,     680952 total
- age   3:       3352 bytes,     684304 total
- age   4:      11544 bytes,     695848 total
- age   5:      14824 bytes,     710672 total
- age   6:       3232 bytes,     713904 total
: 137018K->791K(153344K), 0.0079781 secs] 320702K->184499K(1031552K), 0.0080791 secs] [Times: user=0.01 sys=0.00, real=0.00 secs] 
2016-08-16T14:08:29.458+0000: 333983.428: Total time for which application threads were stopped: 0.0087642 seconds, Stopping threads took: 0.0000837 seconds
2016-08-16T14:08:39.465+0000: 333993.435: [GC (Allocation Failure) 333993.435: [ParNew
Desired survivor size 8716288 bytes, new threshold 6 (max 6)
- age   1:     518104 bytes,     518104 total
- age   2:      46304 bytes,     564408 total
- age   3:       3560 bytes,     567968 total
- age   4:       3352 bytes,     571320 total
- age   5:      11328 bytes,     582648 total
- age   6:      14696 bytes,     597344 total
: 137111K->667K(153344K), 0.0075744 secs] 320819K->184378K(1031552K), 0.0076891 secs] [Times: user=0.02 sys=0.00, real=0.01 secs] 
2016-08-16T14:08:39.473+0000: 333993.443: Total time for which application threads were stopped: 0.0084679 seconds, Stopping threads took: 0.0001331 seconds
2016-08-16T14:08:49.455+0000: 334003.426: [GC (Allocation Failure) 334003.426: [ParNew
Desired survivor size 8716288 bytes, new threshold 6 (max 6)
- age   1:     866248 bytes,     866248 total
- age   2:      31560 bytes,     897808 total
- age   3:      25912 bytes,     923720 total
- age   4:       3392 bytes,     927112 total
- age   5:       3352 bytes,     930464 total
- age   6:      11040 bytes,     941504 total
: 136987K->1011K(153344K), 0.0072323 secs] 320698K->184733K(1031552K), 0.0073811 secs] [Times: user=0.00 sys=0.00, real=0.01 secs] 
2016-08-16T14:08:49.463+0000: 334003.433: Total time for which application threads were stopped: 0.0080656 seconds, Stopping threads took: 0.0000844 seconds
2016-08-16T14:08:59.030+0000: 334013.000: [GC (Allocation Failure) 334013.000: [ParNew
Desired survivor size 8716288 bytes, new threshold 6 (max 6)
- age   1:     608152 bytes,     608152 total
- age   2:      28296 bytes,     636448 total
- age   3:       4488 bytes,     640936 total
- age   4:      21592 bytes,     662528 total
- age   5:       3328 bytes,     665856 total
- age   6:       3352 bytes,     669208 total
: 137331K->748K(153344K), 0.0076724 secs] 321053K->184481K(1031552K), 0.0077970 secs] [Times: user=0.01 sys=0.00, real=0.00 secs] 
2016-08-16T14:08:59.037+0000: 334013.008: Total time for which application threads were stopped: 0.0085066 seconds, Stopping threads took: 0.0000823 seconds
2016-08-16T14:09:09.456+0000: 334023.426: [GC (Allocation Failure) 334023.426: [ParNew
Desired survivor size 8716288 bytes, new threshold 6 (max 6)
- age   1:     434408 bytes,     434408 total
- age   2:      38560 bytes,     472968 total
- age   3:       9192 bytes,     482160 total
- age   4:       4488 bytes,     486648 total
- age   5:      21304 bytes,     507952 total
- age   6:       3264 bytes,     511216 total
: 137068K->613K(153344K), 0.0071563 secs] 320801K->184350K(1031552K), 0.0072471 secs] [Times: user=0.02 sys=0.00, real=0.01 secs] 
2016-08-16T14:09:09.463+0000: 334023.433: Total time for which application threads were stopped: 0.0078639 seconds, Stopping threads took: 0.0000748 seconds
2016-08-16T14:09:11.518+0000: 334025.488: [GC (Allocation Failure) 334025.488: [ParNew
Desired survivor size 8716288 bytes, new threshold 6 (max 6)
- age   1:     228632 bytes,     228632 total
- age   2:      29048 bytes,     257680 total
- age   3:      19520 bytes,     277200 total
- age   4:       9128 bytes,     286328 total
- age   5:       4488 bytes,     290816 total
- age   6:      21232 bytes,     312048 total
: 136933K->359K(153344K), 0.0134550 secs] 320670K->184099K(1031552K), 0.0136319 secs] [Times: user=0.03 sys=0.00, real=0.02 secs] 
2016-08-16T14:09:11.531+0000: 334025.502: Total time for which application threads were stopped: 0.0152614 seconds, Stopping threads took: 0.0002061 seconds
2016-08-16T14:09:19.485+0000: 334033.455: [GC (Allocation Failure) 334033.455: [ParNew
Desired survivor size 8716288 bytes, new threshold 6 (max 6)
- age   1:     268800 bytes,     268800 total
- age   2:       4016 bytes,     272816 total
- age   3:       6400 bytes,     279216 total
- age   4:      13096 bytes,     292312 total
- age   5:       9096 bytes,     301408 total
- age   6:       4488 bytes,     305896 total
: 136679K->353K(153344K), 0.0064105 secs] 320419K->184114K(1031552K), 0.0064913 secs] [Times: user=0.01 sys=0.00, real=0.01 secs] 
2016-08-16T14:09:19.492+0000: 334033.462: Total time for which application threads were stopped: 0.0070829 seconds, Stopping threads took: 0.0000779 seconds
2016-08-16T14:09:23.497+0000: 334037.467: Total time for which application threads were stopped: 0.0041887 seconds, Stopping threads took: 0.0035459 seconds
2016-08-16T14:09:29.478+0000: 334043.448: [GC (Allocation Failure) 334043.448: [ParNew
Desired survivor size 8716288 bytes, new threshold 6 (max 6)
- age   1:     600784 bytes,     600784 total
- age   2:       7392 bytes,     608176 total
- age   3:       3000 bytes,     611176 total
- age   4:       4216 bytes,     615392 total
- age   5:       7568 bytes,     622960 total
- age   6:       8096 bytes,     631056 total
: 136673K->643K(153344K), 0.0082722 secs] 320434K->184407K(1031552K), 0.0083819 secs] [Times: user=0.01 sys=0.00, real=0.01 secs] 
2016-08-16T14:09:29.486+0000: 334043.457: Total time for which application threads were stopped: 0.0090739 seconds, Stopping threads took: 0.0000962 seconds
2016-08-16T14:09:39.437+0000: 334053.407: [GC (Allocation Failure) 334053.407: [ParNew
Desired survivor size 8716288 bytes, new threshold 6 (max 6)
- age   1:     468696 bytes,     468696 total
- age   2:      47984 bytes,     516680 total
- age   3:       2072 bytes,     518752 total
- age   4:       2968 bytes,     521720 total
- age   5:       4216 bytes,     525936 total
- age   6:       7336 bytes,     533272 total
: 136963K->578K(153344K), 0.0075705 secs] 320727K->184350K(1031552K), 0.0076856 secs] [Times: user=0.01 sys=0.00, real=0.01 secs] 
2016-08-16T14:09:39.445+0000: 334053.415: Total time for which application threads were stopped: 0.0083615 seconds, Stopping threads took: 0.0000892 seconds
2016-08-16T14:09:49.189+0000: 334063.160: [GC (Allocation Failure) 334063.160: [ParNew
Desired survivor size 8716288 bytes, new threshold 6 (max 6)
- age   1:     916752 bytes,     916752 total
- age   2:      31736 bytes,     948488 total
- age   3:      26768 bytes,     975256 total
- age   4:       2040 bytes,     977296 total
- age   5:       2680 bytes,     979976 total
- age   6:       4216 bytes,     984192 total
: 136898K->1083K(153344K), 0.0077659 secs] 320670K->184862K(1031552K), 0.0078728 secs] [Times: user=0.01 sys=0.00, real=0.00 secs] 
2016-08-16T14:09:49.197+0000: 334063.168: Total time for which application threads were stopped: 0.0085457 seconds, Stopping threads took: 0.0000801 seconds
2016-08-16T14:09:59.477+0000: 334073.447: [GC (Allocation Failure) 334073.448: [ParNew
Desired survivor size 8716288 bytes, new threshold 6 (max 6)
- age   1:     600768 bytes,     600768 total
- age   2:      38160 bytes,     638928 total
- age   3:       6184 bytes,     645112 total
- age   4:      23808 bytes,     668920 total
- age   5:       2040 bytes,     670960 total
- age   6:       2680 bytes,     673640 total
: 137403K->743K(153344K), 0.0079481 secs] 321182K->184526K(1031552K), 0.0080495 secs] [Times: user=0.02 sys=0.00, real=0.01 secs] 
2016-08-16T14:09:59.485+0000: 334073.456: Total time for which application threads were stopped: 0.0087434 seconds, Stopping threads took: 0.0000838 seconds
2016-08-16T14:10:09.446+0000: 334083.416: [GC (Allocation Failure) 334083.416: [ParNew
Desired survivor size 8716288 bytes, new threshold 6 (max 6)
- age   1:     487752 bytes,     487752 total
- age   2:      38480 bytes,     526232 total
- age   3:      19120 bytes,     545352 total
- age   4:       6120 bytes,     551472 total
- age   5:      23672 bytes,     575144 total
- age   6:       1968 bytes,     577112 total
: 137063K->660K(153344K), 0.0079049 secs] 320846K->184446K(1031552K), 0.0080067 secs] [Times: user=0.01 sys=0.00, real=0.01 secs] 
2016-08-16T14:10:09.454+0000: 334083.424: Total time for which application threads were stopped: 0.0086269 seconds, Stopping threads took: 0.0000690 seconds
2016-08-16T14:10:19.146+0000: 334093.116: [GC (Allocation Failure) 334093.116: [ParNew
Desired survivor size 8716288 bytes, new threshold 6 (max 6)
- age   1:     462672 bytes,     462672 total
- age   2:      24056 bytes,     486728 total
- age   3:      12888 bytes,     499616 total
- age   4:      19088 bytes,     518704 total
- age   5:       6120 bytes,     524824 total
- age   6:      23528 bytes,     548352 total
: 136980K->633K(153344K), 0.0068024 secs] 320766K->184421K(1031552K), 0.0069026 secs] [Times: user=0.02 sys=0.00, real=0.01 secs] 
2016-08-16T14:10:19.153+0000: 334093.123: Total time for which application threads were stopped: 0.0075671 seconds, Stopping threads took: 0.0000731 seconds
2016-08-16T14:10:23.494+0000: 334097.464: Total time for which application threads were stopped: 0.0010121 seconds, Stopping threads took: 0.0001818 seconds
2016-08-16T14:10:29.396+0000: 334103.367: [GC (Allocation Failure) 334103.367: [ParNew
Desired survivor size 8716288 bytes, new threshold 6 (max 6)
- age   1:     705048 bytes,     705048 total
- age   2:      22552 bytes,     727600 total
- age   3:       3520 bytes,     731120 total
- age   4:       7056 bytes,     738176 total
- age   5:      18448 bytes,     756624 total
- age   6:       5760 bytes,     762384 total
: 136953K->814K(153344K), 0.0075913 secs] 320741K->184618K(1031552K), 0.0076947 secs] [Times: user=0.01 sys=0.00, real=0.01 secs] 
2016-08-16T14:10:29.404+0000: 334103.374: Total time for which application threads were stopped: 0.0084703 seconds, Stopping threads took: 0.0001007 seconds
2016-08-16T14:10:39.453+0000: 334113.424: [GC (Allocation Failure) 334113.424: [ParNew
Desired survivor size 8716288 bytes, new threshold 6 (max 6)
- age   1:     540752 bytes,     540752 total
- age   2:      47024 bytes,     587776 total
- age   3:       3376 bytes,     591152 total
- age   4:       3432 bytes,     594584 total
- age   5:       6984 bytes,     601568 total
- age   6:      18248 bytes,     619816 total
: 137134K->690K(153344K), 0.0073105 secs] 320938K->184499K(1031552K), 0.0074238 secs] [Times: user=0.02 sys=0.00, real=0.01 secs] 
2016-08-16T14:10:39.461+0000: 334113.431: Total time for which application threads were stopped: 0.0081035 seconds, Stopping threads took: 0.0000783 seconds
2016-08-16T14:10:49.168+0000: 334123.138: [GC (Allocation Failure) 334123.138: [ParNew
Desired survivor size 8716288 bytes, new threshold 6 (max 6)
- age   1:     895448 bytes,     895448 total
- age   2:      33096 bytes,     928544 total
- age   3:      26632 bytes,     955176 total
- age   4:       3344 bytes,     958520 total
- age   5:       3360 bytes,     961880 total
- age   6:       6632 bytes,     968512 total
: 137010K->1038K(153344K), 0.0078859 secs] 320819K->184866K(1031552K), 0.0080004 secs] [Times: user=0.01 sys=0.00, real=0.01 secs] 
2016-08-16T14:10:49.176+0000: 334123.146: Total time for which application threads were stopped: 0.0086828 seconds, Stopping threads took: 0.0000841 seconds
2016-08-16T14:10:59.384+0000: 334133.354: [GC (Allocation Failure) 334133.354: [ParNew
Desired survivor size 8716288 bytes, new threshold 6 (max 6)
- age   1:     593888 bytes,     593888 total
- age   2:      30976 bytes,     624864 total
- age   3:       6192 bytes,     631056 total
- age   4:      23920 bytes,     654976 total
- age   5:       3344 bytes,     658320 total
- age   6:       3360 bytes,     661680 total
: 137358K->750K(153344K), 0.0078388 secs] 321186K->184583K(1031552K), 0.0079478 secs] [Times: user=0.01 sys=0.00, real=0.01 secs] 
2016-08-16T14:10:59.392+0000: 334133.362: Total time for which application threads were stopped: 0.0087032 seconds, Stopping threads took: 0.0000999 seconds
2016-08-16T14:11:09.035+0000: 334143.005: [GC (Allocation Failure) 334143.005: [ParNew
Desired survivor size 8716288 bytes, new threshold 6 (max 6)
- age   1:     502984 bytes,     502984 total
- age   2:      38336 bytes,     541320 total
- age   3:      11832 bytes,     553152 total
- age   4:       6064 bytes,     559216 total
- age   5:      23712 bytes,     582928 total
- age   6:       3200 bytes,     586128 total
: 137070K->673K(153344K), 0.0074577 secs] 320903K->184510K(1031552K), 0.0075591 secs] [Times: user=0.02 sys=0.00, real=0.01 secs] 
2016-08-16T14:11:09.042+0000: 334143.013: Total time for which application threads were stopped: 0.0082351 seconds, Stopping threads took: 0.0000820 seconds
2016-08-16T14:11:18.520+0000: 334152.490: [GC (Allocation Failure) 334152.490: [ParNew
Desired survivor size 8716288 bytes, new threshold 6 (max 6)
- age   1:     461472 bytes,     461472 total
- age   2:      24760 bytes,     486232 total
- age   3:      13040 bytes,     499272 total
- age   4:      11736 bytes,     511008 total
- age   5:       6064 bytes,     517072 total
- age   6:      23576 bytes,     540648 total
: 136993K->572K(153344K), 0.0118476 secs] 320830K->184412K(1031552K), 0.0120915 secs] [Times: user=0.02 sys=0.00, real=0.02 secs] 
2016-08-16T14:11:18.532+0000: 334152.502: Total time for which application threads were stopped: 0.0136145 seconds, Stopping threads took: 0.0002002 seconds
2016-08-16T14:11:19.249+0000: 334153.219: [GC (Allocation Failure) 334153.220: [ParNew
Desired survivor size 8716288 bytes, new threshold 6 (max 6)
- age   1:     191072 bytes,     191072 total
- age   2:      30720 bytes,     221792 total
- age   3:       5712 bytes,     227504 total
- age   4:      13040 bytes,     240544 total
- age   5:      11664 bytes,     252208 total
- age   6:       6064 bytes,     258272 total
: 136892K->270K(153344K), 0.0115011 secs] 320732K->184133K(1031552K), 0.0116750 secs] [Times: user=0.02 sys=0.00, real=0.01 secs] 
2016-08-16T14:11:19.261+0000: 334153.231: Total time for which application threads were stopped: 0.0133508 seconds, Stopping threads took: 0.0001972 seconds
2016-08-16T14:11:23.485+0000: 334157.456: Total time for which application threads were stopped: 0.0006317 seconds, Stopping threads took: 0.0001100 seconds
2016-08-16T14:11:29.441+0000: 334163.411: [GC (Allocation Failure) 334163.411: [ParNew
Desired survivor size 8716288 bytes, new threshold 6 (max 6)
- age   1:     606112 bytes,     606112 total
- age   2:      18848 bytes,     624960 total
- age   3:       3440 bytes,     628400 total
- age   4:       3984 bytes,     632384 total
- age   5:       7648 bytes,     640032 total
- age   6:      10920 bytes,     650952 total
: 136590K->720K(153344K), 0.0077919 secs] 320453K->184590K(1031552K), 0.0079015 secs] [Times: user=0.02 sys=0.00, real=0.01 secs] 
2016-08-16T14:11:29.449+0000: 334163.419: Total time for which application threads were stopped: 0.0086213 seconds, Stopping threads took: 0.0001003 seconds
2016-08-16T14:11:39.415+0000: 334173.385: [GC (Allocation Failure) 334173.385: [ParNew
Desired survivor size 8716288 bytes, new threshold 6 (max 6)
- age   1:     544120 bytes,     544120 total
- age   2:      46864 bytes,     590984 total
- age   3:       2216 bytes,     593200 total
- age   4:       3384 bytes,     596584 total
- age   5:       3984 bytes,     600568 total
- age   6:       7512 bytes,     608080 total
: 137040K->671K(153344K), 0.0075506 secs] 320910K->184551K(1031552K), 0.0076515 secs] [Times: user=0.01 sys=0.00, real=0.01 secs] 
2016-08-16T14:11:39.422+0000: 334173.393: Total time for which application threads were stopped: 0.0083214 seconds, Stopping threads took: 0.0000787 seconds
2016-08-16T14:11:49.046+0000: 334183.016: [GC (Allocation Failure) 334183.016: [ParNew
Desired survivor size 8716288 bytes, new threshold 6 (max 6)
- age   1:     920032 bytes,     920032 total
- age   2:      30480 bytes,     950512 total
- age   3:      26536 bytes,     977048 total
- age   4:       2216 bytes,     979264 total
- age   5:       3352 bytes,     982616 total
- age   6:       3984 bytes,     986600 total
: 136991K->1025K(153344K), 0.0075874 secs] 320871K->184912K(1031552K), 0.0077056 secs] [Times: user=0.02 sys=0.00, real=0.01 secs] 
2016-08-16T14:11:49.054+0000: 334183.024: Total time for which application threads were stopped: 0.0084022 seconds, Stopping threads took: 0.0000849 seconds
2016-08-16T14:11:59.425+0000: 334193.395: [GC (Allocation Failure) 334193.395: [ParNew
Desired survivor size 8716288 bytes, new threshold 6 (max 6)
- age   1:     630312 bytes,     630312 total
- age   2:      28832 bytes,     659144 total
- age   3:       3800 bytes,     662944 total
- age   4:      21528 bytes,     684472 total
- age   5:       2152 bytes,     686624 total
- age   6:       3224 bytes,     689848 total
: 137345K->767K(153344K), 0.0071017 secs] 321232K->184658K(1031552K), 0.0072086 secs] [Times: user=0.01 sys=0.00, real=0.01 secs] 
2016-08-16T14:11:59.432+0000: 334193.402: Total time for which application threads were stopped: 0.0079114 seconds, Stopping threads took: 0.0001000 seconds
2016-08-16T14:12:09.115+0000: 334203.086: [GC (Allocation Failure) 334203.086: [ParNew
Desired survivor size 8716288 bytes, new threshold 6 (max 6)
- age   1:     443360 bytes,     443360 total
- age   2:      38264 bytes,     481624 total
- age   3:       9640 bytes,     491264 total
- age   4:       3800 bytes,     495064 total
- age   5:      21456 bytes,     516520 total
- age   6:       2152 bytes,     518672 total
: 137087K->607K(153344K), 0.0073369 secs] 320978K->184501K(1031552K), 0.0074339 secs] [Times: user=0.02 sys=0.00, real=0.01 secs] 
2016-08-16T14:12:09.123+0000: 334203.093: Total time for which application threads were stopped: 0.0081003 seconds, Stopping threads took: 0.0000793 seconds
2016-08-16T14:12:19.411+0000: 334213.382: [GC (Allocation Failure) 334213.382: [ParNew
Desired survivor size 8716288 bytes, new threshold 6 (max 6)
- age   1:     501440 bytes,     501440 total
- age   2:      24584 bytes,     526024 total
- age   3:      12792 bytes,     538816 total
- age   4:       9480 bytes,     548296 total
- age   5:       3800 bytes,     552096 total
- age   6:      21456 bytes,     573552 total
: 136927K->589K(153344K), 0.0069751 secs] 320821K->184485K(1031552K), 0.0071103 secs] [Times: user=0.01 sys=0.00, real=0.00 secs] 
2016-08-16T14:12:19.419+0000: 334213.389: Total time for which application threads were stopped: 0.0078449 seconds, Stopping threads took: 0.0001101 seconds
2016-08-16T14:12:23.495+0000: 334217.465: Total time for which application threads were stopped: 0.0019329 seconds, Stopping threads took: 0.0003070 seconds
2016-08-16T14:12:29.411+0000: 334223.381: [GC (Allocation Failure) 334223.381: [ParNew
Desired survivor size 8716288 bytes, new threshold 6 (max 6)
- age   1:     626040 bytes,     626040 total
- age   2:      22336 bytes,     648376 total
- age   3:       4520 bytes,     652896 total
- age   4:       7216 bytes,     660112 total
- age   5:       8448 bytes,     668560 total
- age   6:       3224 bytes,     671784 total
: 136909K->711K(153344K), 0.0081188 secs] 320805K->184619K(1031552K), 0.0082322 secs] [Times: user=0.02 sys=0.00, real=0.00 secs] 
2016-08-16T14:12:29.419+0000: 334223.390: Total time for which application threads were stopped: 0.0089341 seconds, Stopping threads took: 0.0000973 seconds
2016-08-16T14:12:39.452+0000: 334233.423: [GC (Allocation Failure) 334233.423: [ParNew
Desired survivor size 8716288 bytes, new threshold 6 (max 6)
- age   1:     556168 bytes,     556168 total
- age   2:      49304 bytes,     605472 total
- age   3:       3248 bytes,     608720 total
- age   4:       4232 bytes,     612952 total
- age   5:       7016 bytes,     619968 total
- age   6:       8384 bytes,     628352 total
: 137031K->744K(153344K), 0.0068500 secs] 320939K->184656K(1031552K), 0.0069467 secs] [Times: user=0.01 sys=0.00, real=0.00 secs] 
2016-08-16T14:12:39.459+0000: 334233.430: Total time for which application threads were stopped: 0.0076121 seconds, Stopping threads took: 0.0000853 seconds
2016-08-16T14:12:49.387+0000: 334243.357: [GC (Allocation Failure) 334243.357: [ParNew
Desired survivor size 8716288 bytes, new threshold 6 (max 6)
- age   1:     911736 bytes,     911736 total
- age   2:      36664 bytes,     948400 total
- age   3:      29048 bytes,     977448 total
- age   4:       3152 bytes,     980600 total
- age   5:       4168 bytes,     984768 total
- age   6:       6600 bytes,     991368 total
: 137064K->1002K(153344K), 0.0087681 secs] 320976K->184922K(1031552K), 0.0089109 secs] [Times: user=0.02 sys=0.00, real=0.01 secs] 
2016-08-16T14:12:49.396+0000: 334243.366: Total time for which application threads were stopped: 0.0097520 seconds, Stopping threads took: 0.0000735 seconds
2016-08-16T14:12:59.411+0000: 334253.381: [GC (Allocation Failure) 334253.381: [ParNew
Desired survivor size 8716288 bytes, new threshold 6 (max 6)
- age   1:     638024 bytes,     638024 total
- age   2:      28424 bytes,     666448 total
- age   3:       9840 bytes,     676288 total
- age   4:      27104 bytes,     703392 total
- age   5:       3152 bytes,     706544 total
- age   6:       4168 bytes,     710712 total
: 137322K->855K(153344K), 0.0077600 secs] 321242K->184781K(1031552K), 0.0078714 secs] [Times: user=0.02 sys=0.00, real=0.00 secs] 
2016-08-16T14:12:59.419+0000: 334253.389: Total time for which application threads were stopped: 0.0085374 seconds, Stopping threads took: 0.0000742 seconds
2016-08-16T14:13:09.505+0000: 334263.475: [GC (Allocation Failure) 334263.476: [ParNew
Desired survivor size 8716288 bytes, new threshold 6 (max 6)
- age   1:     506360 bytes,     506360 total
- age   2:      43568 bytes,     549928 total
- age   3:       9352 bytes,     559280 total
- age   4:       9768 bytes,     569048 total
- age   5:      26960 bytes,     596008 total
- age   6:       3152 bytes,     599160 total
: 137175K->637K(153344K), 0.0079597 secs] 321101K->184567K(1031552K), 0.0080551 secs] [Times: user=0.02 sys=0.00, real=0.01 secs] 
2016-08-16T14:13:09.513+0000: 334263.484: Total time for which application threads were stopped: 0.0086545 seconds, Stopping threads took: 0.0000615 seconds
2016-08-16T14:13:14.966+0000: 334268.936: [GC (Allocation Failure) 334268.936: [ParNew
Desired survivor size 8716288 bytes, new threshold 6 (max 6)
- age   1:     316168 bytes,     316168 total
- age   2:      25144 bytes,     341312 total
- age   3:      18064 bytes,     359376 total
- age   4:       9192 bytes,     368568 total
- age   5:       9768 bytes,     378336 total
- age   6:      26960 bytes,     405296 total
: 136957K->501K(153344K), 0.0106951 secs] 320887K->184435K(1031552K), 0.0109071 secs] [Times: user=0.02 sys=0.00, real=0.01 secs] 
2016-08-16T14:13:14.977+0000: 334268.947: Total time for which application threads were stopped: 0.0125113 seconds, Stopping threads took: 0.0003211 seconds
2016-08-16T14:13:19.474+0000: 334273.444: [GC (Allocation Failure) 334273.444: [ParNew
Desired survivor size 8716288 bytes, new threshold 6 (max 6)
- age   1:     254968 bytes,     254968 total
- age   2:      15576 bytes,     270544 total
- age   3:       5264 bytes,     275808 total
- age   4:      18064 bytes,     293872 total
- age   5:       9128 bytes,     303000 total
- age   6:       9768 bytes,     312768 total
: 136821K->350K(153344K), 0.0066715 secs] 320755K->184311K(1031552K), 0.0067633 secs] [Times: user=0.02 sys=0.00, real=0.01 secs] 
2016-08-16T14:13:19.481+0000: 334273.451: Total time for which application threads were stopped: 0.0073906 seconds, Stopping threads took: 0.0000778 seconds
2016-08-16T14:13:23.486+0000: 334277.456: Total time for which application threads were stopped: 0.0010692 seconds, Stopping threads took: 0.0001893 seconds
2016-08-16T14:13:29.275+0000: 334283.245: [GC (Allocation Failure) 334283.246: [ParNew
Desired survivor size 8716288 bytes, new threshold 6 (max 6)
- age   1:     602216 bytes,     602216 total
- age   2:      19416 bytes,     621632 total
- age   3:       3248 bytes,     624880 total
- age   4:       3528 bytes,     628408 total
- age   5:      10512 bytes,     638920 total
- age   6:       8488 bytes,     647408 total
: 136670K->710K(153344K), 0.0079800 secs] 320631K->184679K(1031552K), 0.0080826 secs] [Times: user=0.01 sys=0.00, real=0.01 secs] 
2016-08-16T14:13:29.283+0000: 334283.254: Total time for which application threads were stopped: 0.0087572 seconds, Stopping threads took: 0.0000811 seconds
2016-08-16T14:13:39.433+0000: 334293.403: [GC (Allocation Failure) 334293.403: [ParNew
Desired survivor size 8716288 bytes, new threshold 6 (max 6)
- age   1:     515592 bytes,     515592 total
- age   2:      47616 bytes,     563208 total
- age   3:       2264 bytes,     565472 total
- age   4:       3192 bytes,     568664 total
- age   5:       3528 bytes,     572192 total
- age   6:      10440 bytes,     582632 total
: 137030K->622K(153344K), 0.0084317 secs] 320999K->184599K(1031552K), 0.0085355 secs] [Times: user=0.01 sys=0.00, real=0.01 secs] 
2016-08-16T14:13:39.442+0000: 334293.412: Total time for which application threads were stopped: 0.0092624 seconds, Stopping threads took: 0.0000839 seconds
2016-08-16T14:13:49.458+0000: 334303.429: [GC (Allocation Failure) 334303.429: [ParNew
Desired survivor size 8716288 bytes, new threshold 6 (max 6)
- age   1:     937952 bytes,     937952 total
- age   2:      33096 bytes,     971048 total
- age   3:      27256 bytes,     998304 total
- age   4:       2200 bytes,    1000504 total
- age   5:       3088 bytes,    1003592 total
- age   6:       3528 bytes,    1007120 total
: 136942K->1036K(153344K), 0.0079558 secs] 320919K->185023K(1031552K), 0.0080597 secs] [Times: user=0.02 sys=0.00, real=0.01 secs] 
2016-08-16T14:13:49.467+0000: 334303.437: Total time for which application threads were stopped: 0.0087345 seconds, Stopping threads took: 0.0000840 seconds
2016-08-16T14:13:59.514+0000: 334313.485: [GC (Allocation Failure) 334313.485: [ParNew
Desired survivor size 8716288 bytes, new threshold 6 (max 6)
- age   1:     644648 bytes,     644648 total
- age   2:      29056 bytes,     673704 total
- age   3:       6384 bytes,     680088 total
- age   4:      24496 bytes,     704584 total
- age   5:       2200 bytes,     706784 total
- age   6:       3016 bytes,     709800 total
: 137356K->771K(153344K), 0.0073474 secs] 321343K->184762K(1031552K), 0.0074613 secs] [Times: user=0.01 sys=0.00, real=0.01 secs] 
2016-08-16T14:13:59.522+0000: 334313.492: Total time for which application threads were stopped: 0.0081453 seconds, Stopping threads took: 0.0000811 seconds
2016-08-16T14:14:09.450+0000: 334323.420: [GC (Allocation Failure) 334323.420: [ParNew
Desired survivor size 8716288 bytes, new threshold 6 (max 6)
- age   1:     481976 bytes,     481976 total
- age   2:      38592 bytes,     520568 total
- age   3:       9840 bytes,     530408 total
- age   4:       6296 bytes,     536704 total
- age   5:      24352 bytes,     561056 total
- age   6:       2136 bytes,     563192 total
: 137091K->671K(153344K), 0.0071799 secs] 321082K->184665K(1031552K), 0.0072826 secs] [Times: user=0.02 sys=0.00, real=0.00 secs] 
2016-08-16T14:14:09.458+0000: 334323.428: Total time for which application threads were stopped: 0.0079261 seconds, Stopping threads took: 0.0000620 seconds
2016-08-16T14:14:19.345+0000: 334333.316: [GC (Allocation Failure) 334333.316: [ParNew
Desired survivor size 8716288 bytes, new threshold 6 (max 6)
- age   1:     515136 bytes,     515136 total
- age   2:      24296 bytes,     539432 total
- age   3:      13192 bytes,     552624 total
- age   4:       9680 bytes,     562304 total
- age   5:       6296 bytes,     568600 total
- age   6:      24280 bytes,     592880 total
: 136991K->615K(153344K), 0.0074975 secs] 320985K->184610K(1031552K), 0.0076007 secs] [Times: user=0.01 sys=0.00, real=0.01 secs] 
2016-08-16T14:14:19.353+0000: 334333.323: Total time for which application threads were stopped: 0.0082722 seconds, Stopping threads took: 0.0000820 seconds
2016-08-16T14:14:23.493+0000: 334337.464: Total time for which application threads were stopped: 0.0033142 seconds, Stopping threads took: 0.0023338 seconds
2016-08-16T14:14:29.448+0000: 334343.418: [GC (Allocation Failure) 334343.419: [ParNew
Desired survivor size 8716288 bytes, new threshold 6 (max 6)
- age   1:     704456 bytes,     704456 total
- age   2:      22632 bytes,     727088 total
- age   3:       3760 bytes,     730848 total
- age   4:       7496 bytes,     738344 total
- age   5:       8680 bytes,     747024 total
- age   6:       5656 bytes,     752680 total
: 136935K->791K(153344K), 0.0079520 secs] 320930K->184803K(1031552K), 0.0080500 secs] [Times: user=0.01 sys=0.00, real=0.00 secs] 
2016-08-16T14:14:29.456+0000: 334343.427: Total time for which application threads were stopped: 0.0087496 seconds, Stopping threads took: 0.0000842 seconds
2016-08-16T14:14:39.451+0000: 334353.421: [GC (Allocation Failure) 334353.421: [ParNew
Desired survivor size 8716288 bytes, new threshold 6 (max 6)
- age   1:     525272 bytes,     525272 total
- age   2:      55840 bytes,     581112 total
- age   3:       3336 bytes,     584448 total
- age   4:       3552 bytes,     588000 total
- age   5:       7424 bytes,     595424 total
- age   6:       8680 bytes,     604104 total
: 137111K->678K(153344K), 0.0075350 secs] 321123K->184695K(1031552K), 0.0076511 secs] [Times: user=0.02 sys=0.00, real=0.00 secs] 
2016-08-16T14:14:39.459+0000: 334353.429: Total time for which application threads were stopped: 0.0083580 seconds, Stopping threads took: 0.0000878 seconds
2016-08-16T14:14:49.358+0000: 334363.328: [GC (Allocation Failure) 334363.328: [ParNew
Desired survivor size 8716288 bytes, new threshold 6 (max 6)
- age   1:     951912 bytes,     951912 total
- age   2:      30200 bytes,     982112 total
- age   3:      35352 bytes,    1017464 total
- age   4:       3096 bytes,    1020560 total
- age   5:       3352 bytes,    1023912 total
- age   6:       7072 bytes,    1030984 total
: 136998K->1147K(153344K), 0.0074251 secs] 321015K->185170K(1031552K), 0.0075309 secs] [Times: user=0.02 sys=0.00, real=0.01 secs] 
2016-08-16T14:14:49.366+0000: 334363.336: Total time for which application threads were stopped: 0.0081974 seconds, Stopping threads took: 0.0000837 seconds
2016-08-16T14:14:59.446+0000: 334373.416: [GC (Allocation Failure) 334373.416: [ParNew
Desired survivor size 8716288 bytes, new threshold 6 (max 6)
- age   1:     629856 bytes,     629856 total
- age   2:      34816 bytes,     664672 total
- age   3:       3832 bytes,     668504 total
- age   4:      29160 bytes,     697664 total
- age   5:       3096 bytes,     700760 total
- age   6:       3352 bytes,     704112 total
: 137467K->733K(153344K), 0.0075902 secs] 321490K->184763K(1031552K), 0.0077066 secs] [Times: user=0.02 sys=0.00, real=0.01 secs] 
2016-08-16T14:14:59.454+0000: 334373.424: Total time for which application threads were stopped: 0.0083898 seconds, Stopping threads took: 0.0000814 seconds
2016-08-16T14:15:09.139+0000: 334383.110: [GC (Allocation Failure) 334383.110: [ParNew
Desired survivor size 8716288 bytes, new threshold 6 (max 6)
- age   1:     465336 bytes,     465336 total
- age   2:      38800 bytes,     504136 total
- age   3:      15600 bytes,     519736 total
- age   4:       3832 bytes,     523568 total
- age   5:      29088 bytes,     552656 total
- age   6:       3096 bytes,     555752 total
: 137053K->564K(153344K), 0.0087397 secs] 321083K->184597K(1031552K), 0.0088406 secs] [Times: user=0.02 sys=0.00, real=0.02 secs] 
2016-08-16T14:15:09.148+0000: 334383.119: Total time for which application threads were stopped: 0.0094955 seconds, Stopping threads took: 0.0000716 seconds
2016-08-16T14:15:09.976+0000: 334383.946: [GC (Allocation Failure) 334383.946: [ParNew
Desired survivor size 8716288 bytes, new threshold 6 (max 6)
- age   1:     202248 bytes,     202248 total
- age   2:      35504 bytes,     237752 total
- age   3:      19616 bytes,     257368 total
- age   4:      15600 bytes,     272968 total
- age   5:       3760 bytes,     276728 total
- age   6:      29088 bytes,     305816 total
: 136884K->408K(153344K), 0.0090731 secs] 320917K->184444K(1031552K), 0.0092341 secs] [Times: user=0.02 sys=0.00, real=0.01 secs] 
2016-08-16T14:15:09.985+0000: 334383.955: Total time for which application threads were stopped: 0.0106617 seconds, Stopping threads took: 0.0001574 seconds
2016-08-16T14:15:19.486+0000: 334393.456: [GC (Allocation Failure) 334393.456: [ParNew
Desired survivor size 8716288 bytes, new threshold 6 (max 6)
- age   1:     382632 bytes,     382632 total
- age   2:       7096 bytes,     389728 total
- age   3:       5072 bytes,     394800 total
- age   4:      13232 bytes,     408032 total
- age   5:      15368 bytes,     423400 total
- age   6:       3760 bytes,     427160 total
: 136728K->477K(153344K), 0.0065438 secs] 320764K->184543K(1031552K), 0.0066423 secs] [Times: user=0.02 sys=0.00, real=0.01 secs] 
2016-08-16T14:15:19.493+0000: 334393.463: Total time for which application threads were stopped: 0.0073041 seconds, Stopping threads took: 0.0000824 seconds
2016-08-16T14:15:23.493+0000: 334397.463: Total time for which application threads were stopped: 0.0019065 seconds, Stopping threads took: 0.0002597 seconds
2016-08-16T14:15:29.421+0000: 334403.391: [GC (Allocation Failure) 334403.391: [ParNew
Desired survivor size 8716288 bytes, new threshold 6 (max 6)
- age   1:     704792 bytes,     704792 total
- age   2:      21080 bytes,     725872 total
- age   3:       2800 bytes,     728672 total
- age   4:       3272 bytes,     731944 total
- age   5:       9488 bytes,     741432 total
- age   6:      14296 bytes,     755728 total
: 136797K->816K(153344K), 0.0078296 secs] 320863K->184885K(1031552K), 0.0079285 secs] [Times: user=0.01 sys=0.00, real=0.01 secs] 
2016-08-16T14:15:29.429+0000: 334403.399: Total time for which application threads were stopped: 0.0086496 seconds, Stopping threads took: 0.0001252 seconds
2016-08-16T14:15:39.399+0000: 334413.369: [GC (Allocation Failure) 334413.369: [ParNew
Desired survivor size 8716288 bytes, new threshold 6 (max 6)
- age   1:     536920 bytes,     536920 total
- age   2:      57480 bytes,     594400 total
- age   3:       2040 bytes,     596440 total
- age   4:       2800 bytes,     599240 total
- age   5:       3272 bytes,     602512 total
- age   6:       9416 bytes,     611928 total
: 137136K->680K(153344K), 0.0076229 secs] 321205K->184763K(1031552K), 0.0077300 secs] [Times: user=0.02 sys=0.00, real=0.01 secs] 
2016-08-16T14:15:39.407+0000: 334413.377: Total time for which application threads were stopped: 0.0084133 seconds, Stopping threads took: 0.0000867 seconds
2016-08-16T14:15:49.439+0000: 334423.409: [GC (Allocation Failure) 334423.409: [ParNew
Desired survivor size 8716288 bytes, new threshold 6 (max 6)
- age   1:     896944 bytes,     896944 total
- age   2:      30504 bytes,     927448 total
- age   3:      37072 bytes,     964520 total
- age   4:       1848 bytes,     966368 total
- age   5:       2800 bytes,     969168 total
- age   6:       3128 bytes,     972296 total
: 137000K->1024K(153344K), 0.0077821 secs] 321083K->185115K(1031552K), 0.0078852 secs] [Times: user=0.01 sys=0.00, real=0.01 secs] 
2016-08-16T14:15:49.447+0000: 334423.417: Total time for which application threads were stopped: 0.0086090 seconds, Stopping threads took: 0.0000840 seconds
2016-08-16T14:15:55.413+0000: 334429.383: Total time for which application threads were stopped: 0.0132368 seconds, Stopping threads took: 0.0002058 seconds
2016-08-16T14:15:59.393+0000: 334433.364: [GC (Allocation Failure) 334433.364: [ParNew
Desired survivor size 8716288 bytes, new threshold 6 (max 6)
- age   1:     645192 bytes,     645192 total
- age   2:      29024 bytes,     674216 total
- age   3:       3760 bytes,     677976 total
- age   4:      32224 bytes,     710200 total
- age   5:       1848 bytes,     712048 total
- age   6:       2800 bytes,     714848 total
: 137344K->785K(153344K), 0.0083744 secs] 321435K->184880K(1031552K), 0.0084726 secs] [Times: user=0.02 sys=0.00, real=0.01 secs] 
2016-08-16T14:15:59.402+0000: 334433.372: Total time for which application threads were stopped: 0.0091459 seconds, Stopping threads took: 0.0000812 seconds
2016-08-16T14:16:09.451+0000: 334443.421: [GC (Allocation Failure) 334443.421: [ParNew
Desired survivor size 8716288 bytes, new threshold 6 (max 6)
- age   1:     436904 bytes,     436904 total
- age   2:      38456 bytes,     475360 total
- age   3:       9832 bytes,     485192 total
- age   4:       3696 bytes,     488888 total
- age   5:      32152 bytes,     521040 total
- age   6:       1848 bytes,     522888 total
: 137105K->549K(153344K), 0.0083467 secs] 321200K->184647K(1031552K), 0.0084619 secs] [Times: user=0.01 sys=0.00, real=0.00 secs] 
2016-08-16T14:16:09.459+0000: 334443.429: Total time for which application threads were stopped: 0.0091353 seconds, Stopping threads took: 0.0000769 seconds
2016-08-16T14:16:19.370+0000: 334453.340: [GC (Allocation Failure) 334453.340: [ParNew
Desired survivor size 8716288 bytes, new threshold 6 (max 6)
- age   1:     457000 bytes,     457000 total
- age   2:      24416 bytes,     481416 total
- age   3:      13064 bytes,     494480 total
- age   4:       9736 bytes,     504216 total
- age   5:       3696 bytes,     507912 total
- age   6:      32088 bytes,     540000 total
: 136869K->583K(153344K), 0.0073065 secs] 320967K->184683K(1031552K), 0.0074037 secs] [Times: user=0.01 sys=0.00, real=0.00 secs] 
2016-08-16T14:16:19.377+0000: 334453.348: Total time for which application threads were stopped: 0.0080817 seconds, Stopping threads took: 0.0000974 seconds
2016-08-16T14:16:23.494+0000: 334457.464: Total time for which application threads were stopped: 0.0010250 seconds, Stopping threads took: 0.0001941 seconds
2016-08-16T14:16:29.420+0000: 334463.390: [GC (Allocation Failure) 334463.390: [ParNew
Desired survivor size 8716288 bytes, new threshold 6 (max 6)
- age   1:     685776 bytes,     685776 total
- age   2:      22472 bytes,     708248 total
- age   3:       3456 bytes,     711704 total
- age   4:       7128 bytes,     718832 total
- age   5:       8888 bytes,     727720 total
- age   6:       3192 bytes,     730912 total
: 136903K->806K(153344K), 0.0078041 secs] 321003K->184929K(1031552K), 0.0079099 secs] [Times: user=0.02 sys=0.00, real=0.00 secs] 
2016-08-16T14:16:29.428+0000: 334463.398: Total time for which application threads were stopped: 0.0086140 seconds, Stopping threads took: 0.0000878 seconds
2016-08-16T14:16:39.142+0000: 334473.112: [GC (Allocation Failure) 334473.112: [ParNew
Desired survivor size 8716288 bytes, new threshold 6 (max 6)
- age   1:     749744 bytes,     749744 total
- age   2:      54560 bytes,     804304 total
- age   3:       3432 bytes,     807736 total
- age   4:       3432 bytes,     811168 total
- age   5:       7056 bytes,     818224 total
- age   6:       8752 bytes,     826976 total
: 137126K->864K(153344K), 0.0074536 secs] 321249K->184990K(1031552K), 0.0075532 secs] [Times: user=0.02 sys=0.00, real=0.01 secs] 
2016-08-16T14:16:39.150+0000: 334473.120: Total time for which application threads were stopped: 0.0083053 seconds, Stopping threads took: 0.0001437 seconds
2016-08-16T14:16:49.012+0000: 334482.982: [GC (Allocation Failure) 334482.982: [ParNew
Desired survivor size 8716288 bytes, new threshold 6 (max 6)
- age   1:     914720 bytes,     914720 total
- age   2:      31192 bytes,     945912 total
- age   3:      33560 bytes,     979472 total
- age   4:       3400 bytes,     982872 total
- age   5:       3368 bytes,     986240 total
- age   6:       6568 bytes,     992808 total
: 137184K->1106K(153344K), 0.0084082 secs] 321310K->185241K(1031552K), 0.0085196 secs] [Times: user=0.02 sys=0.00, real=0.01 secs] 
2016-08-16T14:16:49.021+0000: 334482.991: Total time for which application threads were stopped: 0.0092377 seconds, Stopping threads took: 0.0000994 seconds
2016-08-16T14:16:59.425+0000: 334493.395: [GC (Allocation Failure) 334493.395: [ParNew
Desired survivor size 8716288 bytes, new threshold 6 (max 6)
- age   1:     607624 bytes,     607624 total
- age   2:      28248 bytes,     635872 total
- age   3:       3832 bytes,     639704 total
- age   4:      30880 bytes,     670584 total
- age   5:       3272 bytes,     673856 total
- age   6:       3304 bytes,     677160 total
: 137426K->726K(153344K), 0.0089823 secs] 321561K->184867K(1031552K), 0.0095426 secs] [Times: user=0.02 sys=0.00, real=0.01 secs] 
2016-08-16T14:16:59.434+0000: 334493.404: Total time for which application threads were stopped: 0.0102212 seconds, Stopping threads took: 0.0000712 seconds
2016-08-16T14:17:09.025+0000: 334502.995: [GC (Allocation Failure) 334502.995: [ParNew
Desired survivor size 8716288 bytes, new threshold 6 (max 6)
- age   1:     475280 bytes,     475280 total
- age   2:      38568 bytes,     513848 total
- age   3:       9016 bytes,     522864 total
- age   4:       3832 bytes,     526696 total
- age   5:      30664 bytes,     557360 total
- age   6:       3272 bytes,     560632 total
: 137046K->613K(153344K), 0.0083917 secs] 321187K->184757K(1031552K), 0.0084921 secs] [Times: user=0.01 sys=0.00, real=0.01 secs] 
2016-08-16T14:17:09.033+0000: 334503.004: Total time for which application threads were stopped: 0.0109535 seconds, Stopping threads took: 0.0018115 seconds
2016-08-16T14:17:10.603+0000: 334504.573: [GC (Allocation Failure) 334504.573: [ParNew
Desired survivor size 8716288 bytes, new threshold 6 (max 6)
- age   1:     209416 bytes,     209416 total
- age   2:      35344 bytes,     244760 total
- age   3:      19488 bytes,     264248 total
- age   4:       8952 bytes,     273200 total
- age   5:       3832 bytes,     277032 total
- age   6:      30448 bytes,     307480 total
: 136933K->445K(153344K), 0.0154661 secs] 321077K->184593K(1031552K), 0.0156509 secs] [Times: user=0.03 sys=0.00, real=0.01 secs] 
2016-08-16T14:17:10.619+0000: 334504.589: Total time for which application threads were stopped: 0.0172715 seconds, Stopping threads took: 0.0002187 seconds
2016-08-16T14:17:19.534+0000: 334513.505: [GC (Allocation Failure) 334513.505: [ParNew
Desired survivor size 8716288 bytes, new threshold 6 (max 6)
- age   1:     328696 bytes,     328696 total
- age   2:       7504 bytes,     336200 total
- age   3:       5456 bytes,     341656 total
- age   4:      13104 bytes,     354760 total
- age   5:       8856 bytes,     363616 total
- age   6:       3832 bytes,     367448 total
: 136765K->391K(153344K), 0.0067267 secs] 320913K->184569K(1031552K), 0.0068324 secs] [Times: user=0.02 sys=0.00, real=0.01 secs] 
2016-08-16T14:17:19.541+0000: 334513.512: Total time for which application threads were stopped: 0.0075047 seconds, Stopping threads took: 0.0000833 seconds
2016-08-16T14:17:23.485+0000: 334517.455: Total time for which application threads were stopped: 0.0021231 seconds, Stopping threads took: 0.0016360 seconds
2016-08-16T14:17:29.428+0000: 334523.398: [GC (Allocation Failure) 334523.398: [ParNew
Desired survivor size 8716288 bytes, new threshold 6 (max 6)
- age   1:     679976 bytes,     679976 total
- age   2:      20776 bytes,     700752 total
- age   3:       3008 bytes,     703760 total
- age   4:       3568 bytes,     707328 total
- age   5:       7216 bytes,     714544 total
- age   6:       7832 bytes,     722376 total
: 136711K->737K(153344K), 0.0081702 secs] 320889K->184918K(1031552K), 0.0082779 secs] [Times: user=0.02 sys=0.00, real=0.01 secs] 
2016-08-16T14:17:29.436+0000: 334523.407: Total time for which application threads were stopped: 0.0089834 seconds, Stopping threads took: 0.0000850 seconds
2016-08-16T14:17:39.517+0000: 334533.488: [GC (Allocation Failure) 334533.488: [ParNew
Desired survivor size 8716288 bytes, new threshold 6 (max 6)
- age   1:     547824 bytes,     547824 total
- age   2:      47872 bytes,     595696 total
- age   3:       1736 bytes,     597432 total
- age   4:       2976 bytes,     600408 total
- age   5:       3504 bytes,     603912 total
- age   6:       7016 bytes,     610928 total
: 137057K->724K(153344K), 0.0077119 secs] 321238K->184913K(1031552K), 0.0078243 secs] [Times: user=0.01 sys=0.00, real=0.01 secs] 
2016-08-16T14:17:39.525+0000: 334533.496: Total time for which application threads were stopped: 0.0085060 seconds, Stopping threads took: 0.0000784 seconds
2016-08-16T14:17:49.032+0000: 334543.003: [GC (Allocation Failure) 334543.003: [ParNew
Desired survivor size 8716288 bytes, new threshold 6 (max 6)
- age   1:     923424 bytes,     923424 total
- age   2:      30656 bytes,     954080 total
- age   3:      27480 bytes,     981560 total
- age   4:       1704 bytes,     983264 total
- age   5:       2976 bytes,     986240 total
- age   6:       3440 bytes,     989680 total
: 137044K->1040K(153344K), 0.0079088 secs] 321233K->185236K(1031552K), 0.0080112 secs] [Times: user=0.02 sys=0.00, real=0.01 secs] 
2016-08-16T14:17:49.041+0000: 334543.011: Total time for which application threads were stopped: 0.0087331 seconds, Stopping threads took: 0.0000861 seconds
2016-08-16T14:17:59.444+0000: 334553.414: [GC (Allocation Failure) 334553.414: [ParNew
Desired survivor size 8716288 bytes, new threshold 6 (max 6)
- age   1:     657632 bytes,     657632 total
- age   2:      29344 bytes,     686976 total
- age   3:       3952 bytes,     690928 total
- age   4:      22616 bytes,     713544 total
- age   5:       1704 bytes,     715248 total
- age   6:       2976 bytes,     718224 total
: 137360K->840K(153344K), 0.0081982 secs] 321556K->185039K(1031552K), 0.0083350 secs] [Times: user=0.02 sys=0.00, real=0.01 secs] 
2016-08-16T14:17:59.452+0000: 334553.423: Total time for which application threads were stopped: 0.0090054 seconds, Stopping threads took: 0.0000818 seconds
2016-08-16T14:18:09.507+0000: 334563.478: [GC (Allocation Failure) 334563.478: [ParNew
Desired survivor size 8716288 bytes, new threshold 6 (max 6)
- age   1:     470664 bytes,     470664 total
- age   2:      44136 bytes,     514800 total
- age   3:      10184 bytes,     524984 total
- age   4:       3888 bytes,     528872 total
- age   5:      22256 bytes,     551128 total
- age   6:       1640 bytes,     552768 total
: 137160K->581K(153344K), 0.0087843 secs] 321359K->184783K(1031552K), 0.0088915 secs] [Times: user=0.02 sys=0.00, real=0.01 secs] 
2016-08-16T14:18:09.516+0000: 334563.487: Total time for which application threads were stopped: 0.0095042 seconds, Stopping threads took: 0.0000696 seconds
2016-08-16T14:18:19.245+0000: 334573.215: [GC (Allocation Failure) 334573.215: [ParNew
Desired survivor size 8716288 bytes, new threshold 6 (max 6)
- age   1:     538112 bytes,     538112 total
- age   2:      23864 bytes,     561976 total
- age   3:      18464 bytes,     580440 total
- age   4:       9944 bytes,     590384 total
- age   5:       3888 bytes,     594272 total
- age   6:      22184 bytes,     616456 total
: 136901K->703K(153344K), 0.0075365 secs] 321103K->184906K(1031552K), 0.0076536 secs] [Times: user=0.01 sys=0.00, real=0.01 secs] 
2016-08-16T14:18:19.253+0000: 334573.223: Total time for which application threads were stopped: 0.0083812 seconds, Stopping threads took: 0.0000820 seconds
2016-08-16T14:18:23.485+0000: 334577.455: Total time for which application threads were stopped: 0.0006941 seconds, Stopping threads took: 0.0001133 seconds
2016-08-16T14:18:29.435+0000: 334583.405: [GC (Allocation Failure) 334583.405: [ParNew
Desired survivor size 8716288 bytes, new threshold 6 (max 6)
- age   1:     712608 bytes,     712608 total
- age   2:      23600 bytes,     736208 total
- age   3:       3184 bytes,     739392 total
- age   4:      12424 bytes,     751816 total
- age   5:       8544 bytes,     760360 total
- age   6:       3392 bytes,     763752 total
: 137023K->837K(153344K), 0.0080565 secs] 321226K->185054K(1031552K), 0.0081575 secs] [Times: user=0.01 sys=0.00, real=0.01 secs] 
2016-08-16T14:18:29.443+0000: 334583.413: Total time for which application threads were stopped: 0.0088318 seconds, Stopping threads took: 0.0000807 seconds
2016-08-16T14:18:39.406+0000: 334593.376: [GC (Allocation Failure) 334593.376: [ParNew
Desired survivor size 8716288 bytes, new threshold 6 (max 6)
- age   1:     516008 bytes,     516008 total
- age   2:      53872 bytes,     569880 total
- age   3:       4536 bytes,     574416 total
- age   4:       3184 bytes,     577600 total
- age   5:      12352 bytes,     589952 total
- age   6:       8416 bytes,     598368 total
: 137157K->681K(153344K), 0.0082578 secs] 321374K->184901K(1031552K), 0.0083571 secs] [Times: user=0.02 sys=0.00, real=0.01 secs] 
2016-08-16T14:18:39.414+0000: 334593.384: Total time for which application threads were stopped: 0.0089816 seconds, Stopping threads took: 0.0000716 seconds
2016-08-16T14:18:49.371+0000: 334603.341: [GC (Allocation Failure) 334603.341: [ParNew
Desired survivor size 8716288 bytes, new threshold 6 (max 6)
- age   1:     918744 bytes,     918744 total
- age   2:      30896 bytes,     949640 total
- age   3:      33536 bytes,     983176 total
- age   4:       4376 bytes,     987552 total
- age   5:       3120 bytes,     990672 total
- age   6:      12064 bytes,    1002736 total
: 137001K->1052K(153344K), 0.0078195 secs] 321221K->185281K(1031552K), 0.0079166 secs] [Times: user=0.02 sys=0.00, real=0.00 secs] 
2016-08-16T14:18:49.379+0000: 334603.349: Total time for which application threads were stopped: 0.0085739 seconds, Stopping threads took: 0.0000794 seconds
2016-08-16T14:18:59.424+0000: 334613.394: [GC (Allocation Failure) 334613.394: [ParNew
Desired survivor size 8716288 bytes, new threshold 6 (max 6)
- age   1:     613440 bytes,     613440 total
- age   2:      29560 bytes,     643000 total
- age   3:       3648 bytes,     646648 total
- age   4:      28672 bytes,     675320 total
- age   5:       4376 bytes,     679696 total
- age   6:       3120 bytes,     682816 total
: 137372K->791K(153344K), 0.0076536 secs] 321601K->185031K(1031552K), 0.0077593 secs] [Times: user=0.01 sys=0.00, real=0.01 secs] 
2016-08-16T14:18:59.432+0000: 334613.402: Total time for which application threads were stopped: 0.0084449 seconds, Stopping threads took: 0.0000982 seconds
2016-08-16T14:19:05.724+0000: 334619.694: [GC (Allocation Failure) 334619.694: [ParNew
Desired survivor size 8716288 bytes, new threshold 6 (max 6)
- age   1:     333224 bytes,     333224 total
- age   2:      38840 bytes,     372064 total
- age   3:      10272 bytes,     382336 total
- age   4:       3648 bytes,     385984 total
- age   5:      28528 bytes,     414512 total
- age   6:       4312 bytes,     418824 total
: 137111K->453K(153344K), 0.0089567 secs] 321351K->184697K(1031552K), 0.0091528 secs] [Times: user=0.01 sys=0.00, real=0.01 secs] 
2016-08-16T14:19:05.733+0000: 334619.703: Total time for which application threads were stopped: 0.0108594 seconds, Stopping threads took: 0.0003752 seconds
2016-08-16T14:19:09.529+0000: 334623.499: [GC (Allocation Failure) 334623.499: [ParNew
Desired survivor size 8716288 bytes, new threshold 6 (max 6)
- age   1:     218488 bytes,     218488 total
- age   2:      10624 bytes,     229112 total
- age   3:      19392 bytes,     248504 total
- age   4:      10272 bytes,     258776 total
- age   5:       3648 bytes,     262424 total
- age   6:      28384 bytes,     290808 total
: 136773K->350K(153344K), 0.0063678 secs] 321017K->184598K(1031552K), 0.0064489 secs] [Times: user=0.01 sys=0.00, real=0.00 secs] 
2016-08-16T14:19:09.535+0000: 334623.505: Total time for which application threads were stopped: 0.0071098 seconds, Stopping threads took: 0.0001157 seconds
2016-08-16T14:19:19.403+0000: 334633.373: [GC (Allocation Failure) 334633.373: [ParNew
Desired survivor size 8716288 bytes, new threshold 6 (max 6)
- age   1:     414048 bytes,     414048 total
- age   2:       3912 bytes,     417960 total
- age   3:       3592 bytes,     421552 total
- age   4:      13008 bytes,     434560 total
- age   5:      10104 bytes,     444664 total
- age   6:       3648 bytes,     448312 total
: 136670K->523K(153344K), 0.0072446 secs] 320918K->184799K(1031552K), 0.0073400 secs] [Times: user=0.01 sys=0.00, real=0.01 secs] 
2016-08-16T14:19:19.411+0000: 334633.381: Total time for which application threads were stopped: 0.0080064 seconds, Stopping threads took: 0.0000828 seconds
2016-08-16T14:19:23.497+0000: 334637.467: Total time for which application threads were stopped: 0.0018614 seconds, Stopping threads took: 0.0002880 seconds
2016-08-16T14:19:29.490+0000: 334643.460: [GC (Allocation Failure) 334643.460: [ParNew
Desired survivor size 8716288 bytes, new threshold 6 (max 6)
- age   1:     668072 bytes,     668072 total
- age   2:      21568 bytes,     689640 total
- age   3:       2520 bytes,     692160 total
- age   4:       3112 bytes,     695272 total
- age   5:       8512 bytes,     703784 total
- age   6:       9384 bytes,     713168 total
: 136843K->776K(153344K), 0.0079353 secs] 321119K->185055K(1031552K), 0.0080417 secs] [Times: user=0.01 sys=0.00, real=0.00 secs] 
2016-08-16T14:19:29.498+0000: 334643.468: Total time for which application threads were stopped: 0.0087320 seconds, Stopping threads took: 0.0000850 seconds
2016-08-16T14:19:39.410+0000: 334653.380: [GC (Allocation Failure) 334653.380: [ParNew
Desired survivor size 8716288 bytes, new threshold 6 (max 6)
- age   1:     509672 bytes,     509672 total
- age   2:      52264 bytes,     561936 total
- age   3:       2416 bytes,     564352 total
- age   4:       2472 bytes,     566824 total
- age   5:       3112 bytes,     569936 total
- age   6:       8440 bytes,     578376 total
: 137096K->722K(153344K), 0.0069135 secs] 321375K->185011K(1031552K), 0.0070306 secs] [Times: user=0.01 sys=0.00, real=0.00 secs] 
2016-08-16T14:19:39.417+0000: 334653.387: Total time for which application threads were stopped: 0.0077160 seconds, Stopping threads took: 0.0000842 seconds
2016-08-16T14:19:49.030+0000: 334663.000: [GC (Allocation Failure) 334663.000: [ParNew
Desired survivor size 8716288 bytes, new threshold 6 (max 6)
- age   1:     940736 bytes,     940736 total
- age   2:      30664 bytes,     971400 total
- age   3:      31552 bytes,    1002952 total
- age   4:       2320 bytes,    1005272 total
- age   5:       2408 bytes,    1007680 total
- age   6:       3040 bytes,    1010720 total
: 137042K->1029K(153344K), 0.0074565 secs] 321331K->185326K(1031552K), 0.0075651 secs] [Times: user=0.01 sys=0.00, real=0.00 secs] 
2016-08-16T14:19:49.037+0000: 334663.008: Total time for which application threads were stopped: 0.0082344 seconds, Stopping threads took: 0.0000847 seconds
2016-08-16T14:19:59.441+0000: 334673.411: [GC (Allocation Failure) 334673.411: [ParNew
Desired survivor size 8716288 bytes, new threshold 6 (max 6)
- age   1:     598960 bytes,     598960 total
- age   2:      35352 bytes,     634312 total
- age   3:       4584 bytes,     638896 total
- age   4:      28072 bytes,     666968 total
- age   5:       2320 bytes,     669288 total
- age   6:       2408 bytes,     671696 total
: 137349K->786K(153344K), 0.0074901 secs] 321646K->185085K(1031552K), 0.0075853 secs] [Times: user=0.01 sys=0.00, real=0.01 secs] 
2016-08-16T14:19:59.448+0000: 334673.419: Total time for which application threads were stopped: 0.0082977 seconds, Stopping threads took: 0.0001087 seconds
2016-08-16T14:20:09.364+0000: 334683.334: [GC (Allocation Failure) 334683.335: [ParNew
Desired survivor size 8716288 bytes, new threshold 6 (max 6)
- age   1:     425272 bytes,     425272 total
- age   2:      41832 bytes,     467104 total
- age   3:      16240 bytes,     483344 total
- age   4:       4584 bytes,     487928 total
- age   5:      28000 bytes,     515928 total
- age   6:       2320 bytes,     518248 total
: 137106K->601K(153344K), 0.0071834 secs] 321405K->184903K(1031552K), 0.0077425 secs] [Times: user=0.01 sys=0.00, real=0.01 secs] 
2016-08-16T14:20:09.372+0000: 334683.342: Total time for which application threads were stopped: 0.0084516 seconds, Stopping threads took: 0.0000744 seconds
2016-08-16T14:20:19.513+0000: 334693.483: [GC (Allocation Failure) 334693.483: [ParNew
Desired survivor size 8716288 bytes, new threshold 6 (max 6)
- age   1:     490136 bytes,     490136 total
- age   2:      22856 bytes,     512992 total
- age   3:      14216 bytes,     527208 total
- age   4:      16096 bytes,     543304 total
- age   5:       4584 bytes,     547888 total
- age   6:      28000 bytes,     575888 total
: 136921K->695K(153344K), 0.0070985 secs] 321223K->184999K(1031552K), 0.0072091 secs] [Times: user=0.01 sys=0.00, real=0.01 secs] 
2016-08-16T14:20:19.520+0000: 334693.491: Total time for which application threads were stopped: 0.0079589 seconds, Stopping threads took: 0.0000844 seconds
2016-08-16T14:20:23.485+0000: 334697.455: Total time for which application threads were stopped: 0.0021060 seconds, Stopping threads took: 0.0016087 seconds
2016-08-16T14:20:29.461+0000: 334703.431: [GC (Allocation Failure) 334703.431: [ParNew
Desired survivor size 8716288 bytes, new threshold 6 (max 6)
- age   1:     617592 bytes,     617592 total
- age   2:      23928 bytes,     641520 total
- age   3:       3352 bytes,     644872 total
- age   4:       8456 bytes,     653328 total
- age   5:      15000 bytes,     668328 total
- age   6:       3504 bytes,     671832 total
: 137015K->704K(153344K), 0.0077282 secs] 321319K->185028K(1031552K), 0.0078543 secs] [Times: user=0.01 sys=0.00, real=0.01 secs] 
2016-08-16T14:20:29.469+0000: 334703.439: Total time for which application threads were stopped: 0.0085659 seconds, Stopping threads took: 0.0000937 seconds
2016-08-16T14:20:39.367+0000: 334713.338: [GC (Allocation Failure) 334713.338: [ParNew
Desired survivor size 8716288 bytes, new threshold 6 (max 6)
- age   1:     453264 bytes,     453264 total
- age   2:      46960 bytes,     500224 total
- age   3:       4248 bytes,     504472 total
- age   4:       3352 bytes,     507824 total
- age   5:       8384 bytes,     516208 total
- age   6:      14872 bytes,     531080 total
: 137024K->580K(153344K), 0.0075930 secs] 321348K->184908K(1031552K), 0.0082064 secs] [Times: user=0.02 sys=0.00, real=0.01 secs] 
2016-08-16T14:20:39.376+0000: 334713.346: Total time for which application threads were stopped: 0.0089007 seconds, Stopping threads took: 0.0000887 seconds
2016-08-16T14:20:49.368+0000: 334723.338: [GC (Allocation Failure) 334723.339: [ParNew
Desired survivor size 8716288 bytes, new threshold 6 (max 6)
- age   1:     873832 bytes,     873832 total
- age   2:      29912 bytes,     903744 total
- age   3:      25848 bytes,     929592 total
- age   4:       3720 bytes,     933312 total
- age   5:       3352 bytes,     936664 total
- age   6:       8032 bytes,     944696 total
: 136900K->987K(153344K), 0.0082235 secs] 321228K->185327K(1031552K), 0.0083462 secs] [Times: user=0.01 sys=0.00, real=0.00 secs] 
2016-08-16T14:20:49.377+0000: 334723.347: Total time for which application threads were stopped: 0.0091056 seconds, Stopping threads took: 0.0000885 seconds
2016-08-16T14:20:59.438+0000: 334733.408: [GC (Allocation Failure) 334733.408: [ParNew
Desired survivor size 8716288 bytes, new threshold 6 (max 6)
- age   1:     616528 bytes,     616528 total
- age   2:      28760 bytes,     645288 total
- age   3:       4048 bytes,     649336 total
- age   4:      21632 bytes,     670968 total
- age   5:       3568 bytes,     674536 total
- age   6:       3352 bytes,     677888 total
: 137307K->688K(153344K), 0.0073097 secs] 321647K->185036K(1031552K), 0.0074055 secs] [Times: user=0.01 sys=0.00, real=0.01 secs] 
2016-08-16T14:20:59.445+0000: 334733.415: Total time for which application threads were stopped: 0.0081385 seconds, Stopping threads took: 0.0000822 seconds
2016-08-16T14:21:09.491+0000: 334743.461: [GC (Allocation Failure) 334743.461: [ParNew
Desired survivor size 8716288 bytes, new threshold 6 (max 6)
- age   1:     458800 bytes,     458800 total
- age   2:      38448 bytes,     497248 total
- age   3:       9608 bytes,     506856 total
- age   4:       3936 bytes,     510792 total
- age   5:      21560 bytes,     532352 total
- age   6:       3568 bytes,     535920 total
: 137008K->613K(153344K), 0.0071332 secs] 321356K->184964K(1031552K), 0.0072276 secs] [Times: user=0.01 sys=0.00, real=0.00 secs] 
2016-08-16T14:21:09.498+0000: 334743.468: Total time for which application threads were stopped: 0.0078804 seconds, Stopping threads took: 0.0000782 seconds
2016-08-16T14:21:13.087+0000: 334747.057: [GC (Allocation Failure) 334747.057: [ParNew
Desired survivor size 8716288 bytes, new threshold 6 (max 6)
- age   1:     286264 bytes,     286264 total
- age   2:      27048 bytes,     313312 total
- age   3:      19432 bytes,     332744 total
- age   4:       9512 bytes,     342256 total
- age   5:       3936 bytes,     346192 total
- age   6:      21496 bytes,     367688 total
: 136933K->408K(153344K), 0.0159902 secs] 321284K->184763K(1031552K), 0.0161669 secs] [Times: user=0.03 sys=0.00, real=0.02 secs] 
2016-08-16T14:21:13.103+0000: 334747.073: Total time for which application threads were stopped: 0.0176800 seconds, Stopping threads took: 0.0002140 seconds
2016-08-16T14:21:19.504+0000: 334753.474: [GC (Allocation Failure) 334753.474: [ParNew
Desired survivor size 8716288 bytes, new threshold 6 (max 6)
- age   1:     285136 bytes,     285136 total
- age   2:      12544 bytes,     297680 total
- age   3:       8024 bytes,     305704 total
- age   4:      13080 bytes,     318784 total
- age   5:       9296 bytes,     328080 total
- age   6:       3936 bytes,     332016 total
: 136728K->386K(153344K), 0.0066642 secs] 321083K->184762K(1031552K), 0.0067664 secs] [Times: user=0.01 sys=0.00, real=0.01 secs] 
2016-08-16T14:21:19.511+0000: 334753.481: Total time for which application threads were stopped: 0.0074057 seconds, Stopping threads took: 0.0000784 seconds
2016-08-16T14:21:23.485+0000: 334757.455: Total time for which application threads were stopped: 0.0006666 seconds, Stopping threads took: 0.0001239 seconds
2016-08-16T14:21:29.406+0000: 334763.376: [GC (Allocation Failure) 334763.376: [ParNew
Desired survivor size 8716288 bytes, new threshold 6 (max 6)
- age   1:     785696 bytes,     785696 total
- age   2:      22392 bytes,     808088 total
- age   3:       6288 bytes,     814376 total
- age   4:       6928 bytes,     821304 total
- age   5:       9392 bytes,     830696 total
- age   6:       8200 bytes,     838896 total
: 136706K->891K(153344K), 0.0094494 secs] 321082K->185270K(1031552K), 0.0095594 secs] [Times: user=0.02 sys=0.00, real=0.01 secs] 
2016-08-16T14:21:29.416+0000: 334763.386: Total time for which application threads were stopped: 0.0102271 seconds, Stopping threads took: 0.0000820 seconds
2016-08-16T14:21:39.232+0000: 334773.202: [GC (Allocation Failure) 334773.202: [ParNew
Desired survivor size 8716288 bytes, new threshold 6 (max 6)
- age   1:     508224 bytes,     508224 total
- age   2:     174296 bytes,     682520 total
- age   3:       2096 bytes,     684616 total
- age   4:       6256 bytes,     690872 total
- age   5:       6904 bytes,     697776 total
- age   6:       9256 bytes,     707032 total
: 137211K->779K(153344K), 0.0073707 secs] 321590K->185166K(1031552K), 0.0074803 secs] [Times: user=0.01 sys=0.00, real=0.00 secs] 
2016-08-16T14:21:39.240+0000: 334773.210: Total time for which application threads were stopped: 0.0081605 seconds, Stopping threads took: 0.0000856 seconds
2016-08-16T14:21:49.056+0000: 334783.026: [GC (Allocation Failure) 334783.026: [ParNew
Desired survivor size 8716288 bytes, new threshold 6 (max 6)
- age   1:     901752 bytes,     901752 total
- age   2:      30680 bytes,     932432 total
- age   3:     153848 bytes,    1086280 total
- age   4:       2064 bytes,    1088344 total
- age   5:       6184 bytes,    1094528 total
- age   6:       6904 bytes,    1101432 total
: 137099K->1194K(153344K), 0.0082260 secs] 321486K->185590K(1031552K), 0.0083447 secs] [Times: user=0.02 sys=0.00, real=0.01 secs] 
2016-08-16T14:21:49.064+0000: 334783.034: Total time for which application threads were stopped: 0.0090409 seconds, Stopping threads took: 0.0000829 seconds
2016-08-16T14:21:59.514+0000: 334793.484: [GC (Allocation Failure) 334793.484: [ParNew
Desired survivor size 8716288 bytes, new threshold 6 (max 6)
- age   1:     604256 bytes,     604256 total
- age   2:      29080 bytes,     633336 total
- age   3:       3928 bytes,     637264 total
- age   4:     147784 bytes,     785048 total
- age   5:       1768 bytes,     786816 total
- age   6:       6056 bytes,     792872 total
: 137514K->923K(153344K), 0.0083020 secs] 321910K->185326K(1031552K), 0.0084091 secs] [Times: user=0.02 sys=0.00, real=0.01 secs] 
2016-08-16T14:21:59.523+0000: 334793.493: Total time for which application threads were stopped: 0.0090808 seconds, Stopping threads took: 0.0000794 seconds
2016-08-16T14:22:09.329+0000: 334803.299: [GC (Allocation Failure) 334803.299: [ParNew
Desired survivor size 8716288 bytes, new threshold 6 (max 6)
- age   1:     446104 bytes,     446104 total
- age   2:      38392 bytes,     484496 total
- age   3:      10040 bytes,     494536 total
- age   4:       3864 bytes,     498400 total
- age   5:     147712 bytes,     646112 total
- age   6:       1768 bytes,     647880 total
: 137243K->794K(153344K), 0.0076753 secs] 321646K->185203K(1031552K), 0.0077911 secs] [Times: user=0.01 sys=0.00, real=0.00 secs] 
2016-08-16T14:22:09.337+0000: 334803.307: Total time for which application threads were stopped: 0.0084738 seconds, Stopping threads took: 0.0000788 seconds
2016-08-16T14:22:19.382+0000: 334813.352: [GC (Allocation Failure) 334813.352: [ParNew
Desired survivor size 8716288 bytes, new threshold 6 (max 6)
- age   1:     464432 bytes,     464432 total
- age   2:      24304 bytes,     488736 total
- age   3:      12888 bytes,     501624 total
- age   4:       9976 bytes,     511600 total
- age   5:       3792 bytes,     515392 total
- age   6:     147576 bytes,     662968 total
: 137114K->768K(153344K), 0.0069701 secs] 321523K->185179K(1031552K), 0.0070664 secs] [Times: user=0.01 sys=0.00, real=0.01 secs] 
2016-08-16T14:22:19.389+0000: 334813.359: Total time for which application threads were stopped: 0.0077355 seconds, Stopping threads took: 0.0000778 seconds
2016-08-16T14:22:22.176+0000: 334816.146: Total time for which application threads were stopped: 0.0007597 seconds, Stopping threads took: 0.0000924 seconds
2016-08-16T14:22:22.177+0000: 334816.147: Total time for which application threads were stopped: 0.0005164 seconds, Stopping threads took: 0.0000447 seconds
2016-08-16T14:22:22.181+0000: 334816.152: Total time for which application threads were stopped: 0.0044906 seconds, Stopping threads took: 0.0037918 seconds
2016-08-16T14:22:22.182+0000: 334816.153: Total time for which application threads were stopped: 0.0005915 seconds, Stopping threads took: 0.0000574 seconds
2016-08-16T14:22:22.240+0000: 334816.211: Total time for which application threads were stopped: 0.0006700 seconds, Stopping threads took: 0.0001361 seconds
2016-08-16T14:22:23.493+0000: 334817.463: Total time for which application threads were stopped: 0.0036355 seconds, Stopping threads took: 0.0002614 seconds
2016-08-16T14:22:29.472+0000: 334823.442: [GC (Allocation Failure) 334823.442: [ParNew
Desired survivor size 8716288 bytes, new threshold 6 (max 6)
- age   1:     913464 bytes,     913464 total
- age   2:      24728 bytes,     938192 total
- age   3:       4232 bytes,     942424 total
- age   4:       8872 bytes,     951296 total
- age   5:       8760 bytes,     960056 total
- age   6:       3056 bytes,     963112 total
: 137088K->1146K(153344K), 0.0093502 secs] 321499K->185693K(1031552K), 0.0094685 secs] [Times: user=0.02 sys=0.00, real=0.01 secs] 
2016-08-16T14:22:29.481+0000: 334823.451: Total time for which application threads were stopped: 0.0101774 seconds, Stopping threads took: 0.0000829 seconds
2016-08-16T14:22:29.482+0000: 334823.452: Total time for which application threads were stopped: 0.0006269 seconds, Stopping threads took: 0.0000608 seconds
2016-08-16T14:22:39.361+0000: 334833.332: [GC (Allocation Failure) 334833.332: [ParNew
Desired survivor size 8716288 bytes, new threshold 6 (max 6)
- age   1:     477912 bytes,     477912 total
- age   2:      78984 bytes,     556896 total
- age   3:       5512 bytes,     562408 total
- age   4:       4232 bytes,     566640 total
- age   5:       8672 bytes,     575312 total
- age   6:       8688 bytes,     584000 total
: 137466K->630K(153344K), 0.0126938 secs] 322013K->185179K(1031552K), 0.0129038 secs] [Times: user=0.02 sys=0.00, real=0.01 secs] 
2016-08-16T14:22:39.374+0000: 334833.345: Total time for which application threads were stopped: 0.0145572 seconds, Stopping threads took: 0.0001680 seconds
2016-08-16T14:22:40.015+0000: 334833.985: [GC (Allocation Failure) 334833.985: [ParNew
Desired survivor size 8716288 bytes, new threshold 6 (max 6)
- age   1:     199528 bytes,     199528 total
- age   2:      50456 bytes,     249984 total
- age   3:      59840 bytes,     309824 total
- age   4:       5512 bytes,     315336 total
- age   5:       4232 bytes,     319568 total
- age   6:       8608 bytes,     328176 total
: 136950K->428K(153344K), 0.0156518 secs] 321499K->184987K(1031552K), 0.0158231 secs] [Times: user=0.04 sys=0.00, real=0.02 secs] 
2016-08-16T14:22:40.031+0000: 334834.001: Total time for which application threads were stopped: 0.0173223 seconds, Stopping threads took: 0.0002061 seconds
2016-08-16T14:22:49.031+0000: 334843.001: [GC (Allocation Failure) 334843.001: [ParNew
Desired survivor size 8716288 bytes, new threshold 6 (max 6)
- age   1:     732640 bytes,     732640 total
- age   2:       6808 bytes,     739448 total
- age   3:      12088 bytes,     751536 total
- age   4:      58000 bytes,     809536 total
- age   5:       5480 bytes,     815016 total
- age   6:       4168 bytes,     819184 total
: 136748K->880K(153344K), 0.0074584 secs] 321307K->185446K(1031552K), 0.0075713 secs] [Times: user=0.02 sys=0.00, real=0.00 secs] 
2016-08-16T14:22:49.039+0000: 334843.009: Total time for which application threads were stopped: 0.0082551 seconds, Stopping threads took: 0.0000852 seconds
2016-08-16T14:22:59.121+0000: 334853.091: [GC (Allocation Failure) 334853.091: [ParNew
Desired survivor size 8716288 bytes, new threshold 6 (max 6)
- age   1:     623080 bytes,     623080 total
- age   2:      27136 bytes,     650216 total
- age   3:       2968 bytes,     653184 total
- age   4:       4704 bytes,     657888 total
- age   5:      53112 bytes,     711000 total
- age   6:       5480 bytes,     716480 total
: 137200K->761K(153344K), 0.0075951 secs] 321766K->185332K(1031552K), 0.0076961 secs] [Times: user=0.01 sys=0.00, real=0.01 secs] 
2016-08-16T14:22:59.129+0000: 334853.099: Total time for which application threads were stopped: 0.0084067 seconds, Stopping threads took: 0.0000908 seconds
2016-08-16T14:23:09.329+0000: 334863.299: [GC (Allocation Failure) 334863.299: [ParNew
Desired survivor size 8716288 bytes, new threshold 6 (max 6)
- age   1:     477448 bytes,     477448 total
- age   2:      43856 bytes,     521304 total
- age   3:       7848 bytes,     529152 total
- age   4:       2904 bytes,     532056 total
- age   5:       4704 bytes,     536760 total
- age   6:      52896 bytes,     589656 total
: 137081K->668K(153344K), 0.0078285 secs] 321652K->185244K(1031552K), 0.0079637 secs] [Times: user=0.02 sys=0.00, real=0.00 secs] 
2016-08-16T14:23:09.337+0000: 334863.307: Total time for which application threads were stopped: 0.0086128 seconds, Stopping threads took: 0.0000709 seconds
2016-08-16T14:23:19.501+0000: 334873.471: [GC (Allocation Failure) 334873.471: [ParNew
Desired survivor size 8716288 bytes, new threshold 6 (max 6)
- age   1:     471912 bytes,     471912 total
- age   2:      24440 bytes,     496352 total
- age   3:      18352 bytes,     514704 total
- age   4:       7688 bytes,     522392 total
- age   5:       2904 bytes,     525296 total
- age   6:       4704 bytes,     530000 total
: 136988K->565K(153344K), 0.0069949 secs] 321564K->185193K(1031552K), 0.0070917 secs] [Times: user=0.01 sys=0.00, real=0.00 secs] 
2016-08-16T14:23:19.508+0000: 334873.478: Total time for which application threads were stopped: 0.0078032 seconds, Stopping threads took: 0.0000836 seconds
2016-08-16T14:23:23.495+0000: 334877.465: Total time for which application threads were stopped: 0.0011566 seconds, Stopping threads took: 0.0002944 seconds
2016-08-16T14:23:29.481+0000: 334883.451: [GC (Allocation Failure) 334883.451: [ParNew
Desired survivor size 8716288 bytes, new threshold 6 (max 6)
- age   1:     632720 bytes,     632720 total
- age   2:      22832 bytes,     655552 total
- age   3:       3920 bytes,     659472 total
- age   4:      10400 bytes,     669872 total
- age   5:       6880 bytes,     676752 total
- age   6:       2760 bytes,     679512 total
: 136885K->748K(153344K), 0.0088045 secs] 321513K->185380K(1031552K), 0.0089152 secs] [Times: user=0.02 sys=0.00, real=0.01 secs] 
2016-08-16T14:23:29.490+0000: 334883.460: Total time for which application threads were stopped: 0.0095980 seconds, Stopping threads took: 0.0000715 seconds
2016-08-16T14:23:39.511+0000: 334893.481: [GC (Allocation Failure) 334893.481: [ParNew
Desired survivor size 8716288 bytes, new threshold 6 (max 6)
- age   1:     523392 bytes,     523392 total
- age   2:      46136 bytes,     569528 total
- age   3:       3760 bytes,     573288 total
- age   4:       3920 bytes,     577208 total
- age   5:      10328 bytes,     587536 total
- age   6:       6808 bytes,     594344 total
: 137068K->655K(153344K), 0.0079139 secs] 321700K->185289K(1031552K), 0.0080095 secs] [Times: user=0.01 sys=0.00, real=0.00 secs] 
2016-08-16T14:23:39.519+0000: 334893.489: Total time for which application threads were stopped: 0.0086970 seconds, Stopping threads took: 0.0000910 seconds
2016-08-16T14:23:49.381+0000: 334903.351: [GC (Allocation Failure) 334903.351: [ParNew
Desired survivor size 8716288 bytes, new threshold 6 (max 6)
- age   1:     879656 bytes,     879656 total
- age   2:      30840 bytes,     910496 total
- age   3:      25816 bytes,     936312 total
- age   4:       3640 bytes,     939952 total
- age   5:       3792 bytes,     943744 total
- age   6:       9976 bytes,     953720 total
: 136975K->1075K(153344K), 0.0079691 secs] 321609K->185713K(1031552K), 0.0080697 secs] [Times: user=0.01 sys=0.00, real=0.01 secs] 
2016-08-16T14:23:49.389+0000: 334903.359: Total time for which application threads were stopped: 0.0088358 seconds, Stopping threads took: 0.0000841 seconds
2016-08-16T14:23:59.301+0000: 334913.272: [GC (Allocation Failure) 334913.272: [ParNew
Desired survivor size 8716288 bytes, new threshold 6 (max 6)
- age   1:     616664 bytes,     616664 total
- age   2:      29560 bytes,     646224 total
- age   3:       4328 bytes,     650552 total
- age   4:      21744 bytes,     672296 total
- age   5:       3640 bytes,     675936 total
- age   6:       3720 bytes,     679656 total
: 137395K->724K(153344K), 0.0078391 secs] 322033K->185372K(1031552K), 0.0079472 secs] [Times: user=0.02 sys=0.00, real=0.01 secs] 
2016-08-16T14:23:59.310+0000: 334913.280: Total time for which application threads were stopped: 0.0087146 seconds, Stopping threads took: 0.0001098 seconds
2016-08-16T14:24:09.236+0000: 334923.207: [GC (Allocation Failure) 334923.207: [ParNew
Desired survivor size 8716288 bytes, new threshold 6 (max 6)
- age   1:     488200 bytes,     488200 total
- age   2:      37664 bytes,     525864 total
- age   3:      10328 bytes,     536192 total
- age   4:       4328 bytes,     540520 total
- age   5:      21672 bytes,     562192 total
- age   6:       3576 bytes,     565768 total
: 137044K->694K(153344K), 0.0078144 secs] 321692K->185346K(1031552K), 0.0079225 secs] [Times: user=0.01 sys=0.00, real=0.01 secs] 
2016-08-16T14:24:09.244+0000: 334923.215: Total time for which application threads were stopped: 0.0086655 seconds, Stopping threads took: 0.0000874 seconds
2016-08-16T14:24:19.132+0000: 334933.103: [GC (Allocation Failure) 334933.103: [ParNew
Desired survivor size 8716288 bytes, new threshold 6 (max 6)
- age   1:     508208 bytes,     508208 total
- age   2:      29464 bytes,     537672 total
- age   3:      12200 bytes,     549872 total
- age   4:      10232 bytes,     560104 total
- age   5:       4264 bytes,     564368 total
- age   6:      21608 bytes,     585976 total
: 137014K->649K(153344K), 0.0073118 secs] 321666K->185305K(1031552K), 0.0074095 secs] [Times: user=0.01 sys=0.00, real=0.00 secs] 
2016-08-16T14:24:19.140+0000: 334933.110: Total time for which application threads were stopped: 0.0081012 seconds, Stopping threads took: 0.0000815 seconds
2016-08-16T14:24:23.490+0000: 334937.460: Total time for which application threads were stopped: 0.0012663 seconds, Stopping threads took: 0.0002033 seconds
2016-08-16T14:24:29.258+0000: 334943.228: [GC (Allocation Failure) 334943.228: [ParNew
Desired survivor size 8716288 bytes, new threshold 6 (max 6)
- age   1:     679144 bytes,     679144 total
- age   2:      23368 bytes,     702512 total
- age   3:       8936 bytes,     711448 total
- age   4:       9280 bytes,     720728 total
- age   5:       8976 bytes,     729704 total
- age   6:       3184 bytes,     732888 total
: 136969K->838K(153344K), 0.0076200 secs] 321625K->185508K(1031552K), 0.0077180 secs] [Times: user=0.01 sys=0.00, real=0.01 secs] 
2016-08-16T14:24:29.266+0000: 334943.236: Total time for which application threads were stopped: 0.0083579 seconds, Stopping threads took: 0.0000787 seconds
2016-08-16T14:24:38.996+0000: 334952.966: [GC (Allocation Failure) 334952.966: [ParNew
Desired survivor size 8716288 bytes, new threshold 6 (max 6)
- age   1:     514872 bytes,     514872 total
- age   2:      47168 bytes,     562040 total
- age   3:       4240 bytes,     566280 total
- age   4:       8872 bytes,     575152 total
- age   5:       9208 bytes,     584360 total
- age   6:       8976 bytes,     593336 total
: 137158K->662K(153344K), 0.0074207 secs] 321828K->185335K(1031552K), 0.0075278 secs] [Times: user=0.01 sys=0.01, real=0.01 secs] 
2016-08-16T14:24:39.004+0000: 334952.974: Total time for which application threads were stopped: 0.0081587 seconds, Stopping threads took: 0.0000749 seconds
2016-08-16T14:24:40.976+0000: 334954.947: [GC (Allocation Failure) 334954.947: [ParNew
Desired survivor size 8716288 bytes, new threshold 6 (max 6)
- age   1:     575232 bytes,     575232 total
- age   2:      35592 bytes,     610824 total
- age   3:      26768 bytes,     637592 total
- age   4:       4176 bytes,     641768 total
- age   5:       8728 bytes,     650496 total
- age   6:       8920 bytes,     659416 total
: 136982K->752K(153344K), 0.0086792 secs] 321655K->185434K(1031552K), 0.0087805 secs] [Times: user=0.01 sys=0.00, real=0.01 secs] 
2016-08-16T14:24:40.985+0000: 334954.956: Total time for which application threads were stopped: 0.0094829 seconds, Stopping threads took: 0.0000817 seconds
2016-08-16T14:24:49.158+0000: 334963.129: [GC (Allocation Failure) 334963.129: [ParNew
Desired survivor size 8716288 bytes, new threshold 6 (max 6)
- age   1:     411592 bytes,     411592 total
- age   2:      13192 bytes,     424784 total
- age   3:      12016 bytes,     436800 total
- age   4:      26472 bytes,     463272 total
- age   5:       4144 bytes,     467416 total
- age   6:       8600 bytes,     476016 total
: 137072K->518K(153344K), 0.0072010 secs] 321754K->185209K(1031552K), 0.0073118 secs] [Times: user=0.02 sys=0.00, real=0.01 secs] 
2016-08-16T14:24:49.166+0000: 334963.136: Total time for which application threads were stopped: 0.0080175 seconds, Stopping threads took: 0.0001034 seconds
2016-08-16T14:24:59.166+0000: 334973.137: [GC (Allocation Failure) 334973.137: [ParNew
Desired survivor size 8716288 bytes, new threshold 6 (max 6)
- age   1:     607008 bytes,     607008 total
- age   2:      28432 bytes,     635440 total
- age   3:       6728 bytes,     642168 total
- age   4:       4144 bytes,     646312 total
- age   5:      22184 bytes,     668496 total
- age   6:       4144 bytes,     672640 total
: 136838K->746K(153344K), 0.0079444 secs] 321529K->185444K(1031552K), 0.0080435 secs] [Times: user=0.01 sys=0.00, real=0.01 secs] 
2016-08-16T14:24:59.174+0000: 334973.145: Total time for which application threads were stopped: 0.0087402 seconds, Stopping threads took: 0.0000832 seconds
2016-08-16T14:25:09.143+0000: 334983.113: [GC (Allocation Failure) 334983.113: [ParNew
Desired survivor size 8716288 bytes, new threshold 6 (max 6)
- age   1:     484488 bytes,     484488 total
- age   2:      40952 bytes,     525440 total
- age   3:       9256 bytes,     534696 total
- age   4:       6728 bytes,     541424 total
- age   5:       4112 bytes,     545536 total
- age   6:      21976 bytes,     567512 total
: 137066K->566K(153344K), 0.0072693 secs] 321764K->185269K(1031552K), 0.0073733 secs] [Times: user=0.01 sys=0.00, real=0.01 secs] 
2016-08-16T14:25:09.151+0000: 334983.121: Total time for which application threads were stopped: 0.0080430 seconds, Stopping threads took: 0.0000834 seconds
2016-08-16T14:25:19.146+0000: 334993.116: [GC (Allocation Failure) 334993.116: [ParNew
Desired survivor size 8716288 bytes, new threshold 6 (max 6)
- age   1:     538152 bytes,     538152 total
- age   2:      25168 bytes,     563320 total
- age   3:      15368 bytes,     578688 total
- age   4:       9160 bytes,     587848 total
- age   5:       6664 bytes,     594512 total
- age   6:       4112 bytes,     598624 total
: 136886K->677K(153344K), 0.0077151 secs] 321589K->185402K(1031552K), 0.0078299 secs] [Times: user=0.01 sys=0.00, real=0.01 secs] 
2016-08-16T14:25:19.154+0000: 334993.124: Total time for which application threads were stopped: 0.0085155 seconds, Stopping threads took: 0.0000812 seconds
2016-08-16T14:25:23.489+0000: 334997.459: Total time for which application threads were stopped: 0.0046009 seconds, Stopping threads took: 0.0041132 seconds
2016-08-16T14:25:29.279+0000: 335003.249: [GC (Allocation Failure) 335003.249: [ParNew
Desired survivor size 8716288 bytes, new threshold 6 (max 6)
- age   1:     676472 bytes,     676472 total
- age   2:      22816 bytes,     699288 total
- age   3:       3880 bytes,     703168 total
- age   4:      12232 bytes,     715400 total
- age   5:       8880 bytes,     724280 total
- age   6:       5856 bytes,     730136 total
: 136997K->782K(153344K), 0.0076112 secs] 321722K->185511K(1031552K), 0.0077082 secs] [Times: user=0.02 sys=0.00, real=0.01 secs] 
2016-08-16T14:25:29.287+0000: 335003.257: Total time for which application threads were stopped: 0.0083745 seconds, Stopping threads took: 0.0000782 seconds
2016-08-16T14:25:39.137+0000: 335013.107: [GC (Allocation Failure) 335013.107: [ParNew
Desired survivor size 8716288 bytes, new threshold 6 (max 6)
- age   1:     531824 bytes,     531824 total
- age   2:      47936 bytes,     579760 total
- age   3:       3712 bytes,     583472 total
- age   4:       3792 bytes,     587264 total
- age   5:      12088 bytes,     599352 total
- age   6:       8816 bytes,     608168 total
: 137102K->662K(153344K), 0.0075204 secs] 321831K->185396K(1031552K), 0.0076178 secs] [Times: user=0.01 sys=0.00, real=0.01 secs] 
2016-08-16T14:25:39.144+0000: 335013.115: Total time for which application threads were stopped: 0.0082997 seconds, Stopping threads took: 0.0000689 seconds
2016-08-16T14:25:49.212+0000: 335023.182: [GC (Allocation Failure) 335023.182: [ParNew
Desired survivor size 8716288 bytes, new threshold 6 (max 6)
- age   1:     937104 bytes,     937104 total
- age   2:      31152 bytes,     968256 total
- age   3:      27512 bytes,     995768 total
- age   4:       3480 bytes,     999248 total
- age   5:       3792 bytes,    1003040 total
- age   6:      11800 bytes,    1014840 total
: 136982K->1147K(153344K), 0.0080213 secs] 321716K->185890K(1031552K), 0.0081216 secs] [Times: user=0.02 sys=0.00, real=0.00 secs] 
2016-08-16T14:25:49.220+0000: 335023.190: Total time for which application threads were stopped: 0.0088135 seconds, Stopping threads took: 0.0000976 seconds
2016-08-16T14:25:56.505+0000: 335030.475: Total time for which application threads were stopped: 0.0029522 seconds, Stopping threads took: 0.0000655 seconds
2016-08-16T14:25:59.085+0000: 335033.055: [GC (Allocation Failure) 335033.055: [ParNew
Desired survivor size 8716288 bytes, new threshold 6 (max 6)
- age   1:     628480 bytes,     628480 total
- age   2:      28544 bytes,     657024 total
- age   3:       4384 bytes,     661408 total
- age   4:      23080 bytes,     684488 total
- age   5:       3480 bytes,     687968 total
- age   6:       3664 bytes,     691632 total
: 137467K->732K(153344K), 0.0078722 secs] 322210K->185486K(1031552K), 0.0079700 secs] [Times: user=0.01 sys=0.00, real=0.01 secs] 
2016-08-16T14:25:59.093+0000: 335033.063: Total time for which application threads were stopped: 0.0086530 seconds, Stopping threads took: 0.0000834 seconds
2016-08-16T14:26:09.120+0000: 335043.090: [GC (Allocation Failure) 335043.090: [ParNew
Desired survivor size 8716288 bytes, new threshold 6 (max 6)
- age   1:     484096 bytes,     484096 total
- age   2:      38072 bytes,     522168 total
- age   3:       9504 bytes,     531672 total
- age   4:       4320 bytes,     535992 total
- age   5:      22936 bytes,     558928 total
- age   6:       3480 bytes,     562408 total
: 137052K->620K(153344K), 0.0072717 secs] 321806K->185378K(1031552K), 0.0073762 secs] [Times: user=0.01 sys=0.00, real=0.01 secs] 
2016-08-16T14:26:09.127+0000: 335043.097: Total time for which application threads were stopped: 0.0080504 seconds, Stopping threads took: 0.0000784 seconds
2016-08-16T14:26:19.124+0000: 335053.094: [GC (Allocation Failure) 335053.094: [ParNew
Desired survivor size 8716288 bytes, new threshold 6 (max 6)
- age   1:     535296 bytes,     535296 total
- age   2:      23600 bytes,     558896 total
- age   3:      12512 bytes,     571408 total
- age   4:       9472 bytes,     580880 total
- age   5:       4320 bytes,     585200 total
- age   6:      22720 bytes,     607920 total
: 136940K->755K(153344K), 0.0075476 secs] 321698K->185516K(1031552K), 0.0076415 secs] [Times: user=0.01 sys=0.00, real=0.01 secs] 
2016-08-16T14:26:19.132+0000: 335053.102: Total time for which application threads were stopped: 0.0083192 seconds, Stopping threads took: 0.0000984 seconds
2016-08-16T14:26:23.494+0000: 335057.464: Total time for which application threads were stopped: 0.0008663 seconds, Stopping threads took: 0.0001697 seconds
2016-08-16T14:26:29.136+0000: 335063.107: [GC (Allocation Failure) 335063.107: [ParNew
Desired survivor size 8716288 bytes, new threshold 6 (max 6)
- age   1:     624368 bytes,     624368 total
- age   2:      22560 bytes,     646928 total
- age   3:       3024 bytes,     649952 total
- age   4:       7576 bytes,     657528 total
- age   5:       8408 bytes,     665936 total
- age   6:       3600 bytes,     669536 total
: 137075K->716K(153344K), 0.0079431 secs] 321836K->185491K(1031552K), 0.0080415 secs] [Times: user=0.01 sys=0.00, real=0.01 secs] 
2016-08-16T14:26:29.145+0000: 335063.115: Total time for which application threads were stopped: 0.0087456 seconds, Stopping threads took: 0.0000797 seconds
2016-08-16T14:26:39.119+0000: 335073.089: [GC (Allocation Failure) 335073.090: [ParNew
Desired survivor size 8716288 bytes, new threshold 6 (max 6)
- age   1:     513568 bytes,     513568 total
- age   2:      46920 bytes,     560488 total
- age   3:       3448 bytes,     563936 total
- age   4:       3024 bytes,     566960 total
- age   5:       7440 bytes,     574400 total
- age   6:       8280 bytes,     582680 total
: 137036K->700K(153344K), 0.0071766 secs] 321811K->185479K(1031552K), 0.0072912 secs] [Times: user=0.02 sys=0.00, real=0.01 secs] 
2016-08-16T14:26:39.127+0000: 335073.097: Total time for which application threads were stopped: 0.0079817 seconds, Stopping threads took: 0.0000800 seconds
2016-08-16T14:26:41.162+0000: 335075.133: [GC (Allocation Failure) 335075.133: [ParNew
Desired survivor size 8716288 bytes, new threshold 6 (max 6)
- age   1:     621720 bytes,     621720 total
- age   2:      33584 bytes,     655304 total
- age   3:      26752 bytes,     682056 total
- age   4:       3448 bytes,     685504 total
- age   5:       3024 bytes,     688528 total
- age   6:       7224 bytes,     695752 total
: 137020K->723K(153344K), 0.0070095 secs] 321799K->185510K(1031552K), 0.0071008 secs] [Times: user=0.02 sys=0.00, real=0.01 secs] 
2016-08-16T14:26:41.170+0000: 335075.140: Total time for which application threads were stopped: 0.0077144 seconds, Stopping threads took: 0.0000758 seconds
2016-08-16T14:26:49.508+0000: 335083.478: [GC (Allocation Failure) 335083.478: [ParNew
Desired survivor size 8716288 bytes, new threshold 6 (max 6)
- age   1:     506816 bytes,     506816 total
- age   2:     164632 bytes,     671448 total
- age   3:      11864 bytes,     683312 total
- age   4:      26376 bytes,     709688 total
- age   5:       3352 bytes,     713040 total
- age   6:       2960 bytes,     716000 total
: 137043K->848K(153344K), 0.0077417 secs] 321830K->185642K(1031552K), 0.0078514 secs] [Times: user=0.02 sys=0.00, real=0.01 secs] 
2016-08-16T14:26:49.516+0000: 335083.486: Total time for which application threads were stopped: 0.0085289 seconds, Stopping threads took: 0.0000808 seconds
2016-08-16T14:26:59.064+0000: 335093.034: [GC (Allocation Failure) 335093.034: [ParNew
Desired survivor size 8716288 bytes, new threshold 6 (max 6)
- age   1:     589496 bytes,     589496 total
- age   2:      31360 bytes,     620856 total
- age   3:       5112 bytes,     625968 total
- age   4:       3912 bytes,     629880 total
- age   5:      23952 bytes,     653832 total
- age   6:       3288 bytes,     657120 total
: 137168K->747K(153344K), 0.0078769 secs] 321962K->185545K(1031552K), 0.0079719 secs] [Times: user=0.02 sys=0.00, real=0.01 secs] 
2016-08-16T14:26:59.072+0000: 335093.042: Total time for which application threads were stopped: 0.0086516 seconds, Stopping threads took: 0.0000822 seconds
2016-08-16T14:27:09.130+0000: 335103.100: [GC (Allocation Failure) 335103.101: [ParNew
Desired survivor size 8716288 bytes, new threshold 6 (max 6)
- age   1:     463048 bytes,     463048 total
- age   2:      40240 bytes,     503288 total
- age   3:      12320 bytes,     515608 total
- age   4:       4984 bytes,     520592 total
- age   5:       3912 bytes,     524504 total
- age   6:      23880 bytes,     548384 total
: 137067K->627K(153344K), 0.0072060 secs] 321865K->185428K(1031552K), 0.0073183 secs] [Times: user=0.01 sys=0.00, real=0.00 secs] 
2016-08-16T14:27:09.138+0000: 335103.108: Total time for which application threads were stopped: 0.0079966 seconds, Stopping threads took: 0.0000827 seconds
2016-08-16T14:27:19.131+0000: 335113.101: [GC (Allocation Failure) 335113.101: [ParNew
Desired survivor size 8716288 bytes, new threshold 6 (max 6)
- age   1:     533464 bytes,     533464 total
- age   2:      23944 bytes,     557408 total
- age   3:      14664 bytes,     572072 total
- age   4:      12088 bytes,     584160 total
- age   5:       4984 bytes,     589144 total
- age   6:       3912 bytes,     593056 total
: 136947K->592K(153344K), 0.0082500 secs] 321748K->185417K(1031552K), 0.0083536 secs] [Times: user=0.02 sys=0.00, real=0.00 secs] 
2016-08-16T14:27:19.139+0000: 335113.109: Total time for which application threads were stopped: 0.0089829 seconds, Stopping threads took: 0.0000728 seconds
2016-08-16T14:27:23.493+0000: 335117.464: Total time for which application threads were stopped: 0.0007608 seconds, Stopping threads took: 0.0001263 seconds
2016-08-16T14:27:29.012+0000: 335122.982: [GC (Allocation Failure) 335122.982: [ParNew
Desired survivor size 8716288 bytes, new threshold 6 (max 6)
- age   1:     695408 bytes,     695408 total
- age   2:      22544 bytes,     717952 total
- age   3:       3200 bytes,     721152 total
- age   4:       9232 bytes,     730384 total
- age   5:      11744 bytes,     742128 total
- age   6:       4104 bytes,     746232 total
: 136912K->864K(153344K), 0.0081179 secs] 321737K->185691K(1031552K), 0.0082478 secs] [Times: user=0.01 sys=0.00, real=0.01 secs] 
2016-08-16T14:27:29.020+0000: 335122.991: Total time for which application threads were stopped: 0.0089412 seconds, Stopping threads took: 0.0000849 seconds
2016-08-16T14:27:39.115+0000: 335133.085: [GC (Allocation Failure) 335133.085: [ParNew
Desired survivor size 8716288 bytes, new threshold 6 (max 6)
- age   1:     526880 bytes,     526880 total
- age   2:      48328 bytes,     575208 total
- age   3:       3392 bytes,     578600 total
- age   4:       3200 bytes,     581800 total
- age   5:       9160 bytes,     590960 total
- age   6:      11744 bytes,     602704 total
: 137184K->671K(153344K), 0.0087957 secs] 322011K->185502K(1031552K), 0.0088984 secs] [Times: user=0.02 sys=0.00, real=0.01 secs] 
2016-08-16T14:27:39.124+0000: 335133.094: Total time for which application threads were stopped: 0.0095465 seconds, Stopping threads took: 0.0000693 seconds
2016-08-16T14:27:49.130+0000: 335143.100: [GC (Allocation Failure) 335143.100: [ParNew
Desired survivor size 8716288 bytes, new threshold 6 (max 6)
- age   1:     890912 bytes,     890912 total
- age   2:      30776 bytes,     921688 total
- age   3:      28032 bytes,     949720 total
- age   4:       3168 bytes,     952888 total
- age   5:       3072 bytes,     955960 total
- age   6:       8872 bytes,     964832 total
: 136991K->1008K(153344K), 0.0073643 secs] 321822K->185850K(1031552K), 0.0074715 secs] [Times: user=0.01 sys=0.00, real=0.00 secs] 
2016-08-16T14:27:49.138+0000: 335143.108: Total time for which application threads were stopped: 0.0081512 seconds, Stopping threads took: 0.0000827 seconds
2016-08-16T14:27:59.024+0000: 335152.994: [GC (Allocation Failure) 335152.994: [ParNew
Desired survivor size 8716288 bytes, new threshold 6 (max 6)
- age   1:     657776 bytes,     657776 total
- age   2:      29088 bytes,     686864 total
- age   3:       3896 bytes,     690760 total
- age   4:      23520 bytes,     714280 total
- age   5:       3168 bytes,     717448 total
- age   6:       3072 bytes,     720520 total
: 137328K->786K(153344K), 0.0090796 secs] 322170K->185637K(1031552K), 0.0092015 secs] [Times: user=0.01 sys=0.01, real=0.01 secs] 
2016-08-16T14:27:59.033+0000: 335153.004: Total time for which application threads were stopped: 0.0098922 seconds, Stopping threads took: 0.0000850 seconds
2016-08-16T14:28:09.129+0000: 335163.099: [GC (Allocation Failure) 335163.099: [ParNew
Desired survivor size 8716288 bytes, new threshold 6 (max 6)
- age   1:     473968 bytes,     473968 total
- age   2:      47464 bytes,     521432 total
- age   3:       9424 bytes,     530856 total
- age   4:       3832 bytes,     534688 total
- age   5:      23232 bytes,     557920 total
- age   6:       3168 bytes,     561088 total
: 137106K->634K(153344K), 0.0074885 secs] 321957K->185489K(1031552K), 0.0075898 secs] [Times: user=0.01 sys=0.00, real=0.00 secs] 
2016-08-16T14:28:09.137+0000: 335163.107: Total time for which application threads were stopped: 0.0082619 seconds, Stopping threads took: 0.0000816 seconds
2016-08-16T14:28:19.191+0000: 335173.161: [GC (Allocation Failure) 335173.161: [ParNew
Desired survivor size 8716288 bytes, new threshold 6 (max 6)
- age   1:     540208 bytes,     540208 total
- age   2:      25456 bytes,     565664 total
- age   3:      21832 bytes,     587496 total
- age   4:       9304 bytes,     596800 total
- age   5:       3832 bytes,     600632 total
- age   6:      23160 bytes,     623792 total
: 136954K->677K(153344K), 0.0070277 secs] 321809K->185535K(1031552K), 0.0071366 secs] [Times: user=0.01 sys=0.00, real=0.00 secs] 
2016-08-16T14:28:19.198+0000: 335173.168: Total time for which application threads were stopped: 0.0078025 seconds, Stopping threads took: 0.0000825 seconds
2016-08-16T14:28:23.485+0000: 335177.455: Total time for which application threads were stopped: 0.0006861 seconds, Stopping threads took: 0.0001443 seconds
2016-08-16T14:28:29.112+0000: 335183.083: [GC (Allocation Failure) 335183.083: [ParNew
Desired survivor size 8716288 bytes, new threshold 6 (max 6)
- age   1:     664632 bytes,     664632 total
- age   2:      23072 bytes,     687704 total
- age   3:       4216 bytes,     691920 total
- age   4:      16368 bytes,     708288 total
- age   5:       8384 bytes,     716672 total
- age   6:       3328 bytes,     720000 total
: 136997K->812K(153344K), 0.0085966 secs] 321855K->185685K(1031552K), 0.0087157 secs] [Times: user=0.01 sys=0.00, real=0.01 secs] 
2016-08-16T14:28:29.121+0000: 335183.091: Total time for which application threads were stopped: 0.0093655 seconds, Stopping threads took: 0.0000732 seconds
2016-08-16T14:28:39.118+0000: 335193.088: [GC (Allocation Failure) 335193.088: [ParNew
Desired survivor size 8716288 bytes, new threshold 6 (max 6)
- age   1:     507560 bytes,     507560 total
- age   2:      56056 bytes,     563616 total
- age   3:       4032 bytes,     567648 total
- age   4:       4216 bytes,     571864 total
- age   5:      16232 bytes,     588096 total
- age   6:       8320 bytes,     596416 total
: 137132K->660K(153344K), 0.0072244 secs] 322005K->185537K(1031552K), 0.0073235 secs] [Times: user=0.02 sys=0.00, real=0.01 secs] 
2016-08-16T14:28:39.125+0000: 335193.096: Total time for which application threads were stopped: 0.0080141 seconds, Stopping threads took: 0.0000791 seconds
2016-08-16T14:28:41.141+0000: 335195.111: [GC (Allocation Failure) 335195.111: [ParNew
Desired survivor size 8716288 bytes, new threshold 6 (max 6)
- age   1:     568152 bytes,     568152 total
- age   2:      33384 bytes,     601536 total
- age   3:      35448 bytes,     636984 total
- age   4:       4032 bytes,     641016 total
- age   5:       4216 bytes,     645232 total
- age   6:      16016 bytes,     661248 total
: 136980K->741K(153344K), 0.0076993 secs] 321857K->185625K(1031552K), 0.0077964 secs] [Times: user=0.02 sys=0.00, real=0.01 secs] 
2016-08-16T14:28:41.149+0000: 335195.119: Total time for which application threads were stopped: 0.0083622 seconds, Stopping threads took: 0.0000649 seconds
2016-08-16T14:28:49.148+0000: 335203.118: [GC (Allocation Failure) 335203.118: [ParNew
Desired survivor size 8716288 bytes, new threshold 6 (max 6)
- age   1:     496424 bytes,     496424 total
- age   2:     159376 bytes,     655800 total
- age   3:      12136 bytes,     667936 total
- age   4:      35208 bytes,     703144 total
- age   5:       3872 bytes,     707016 total
- age   6:       4152 bytes,     711168 total
: 137061K->843K(153344K), 0.0075811 secs] 321945K->185743K(1031552K), 0.0076860 secs] [Times: user=0.02 sys=0.00, real=0.01 secs] 
2016-08-16T14:28:49.156+0000: 335203.126: Total time for which application threads were stopped: 0.0083925 seconds, Stopping threads took: 0.0000833 seconds
2016-08-16T14:28:59.140+0000: 335213.111: [GC (Allocation Failure) 335213.111: [ParNew
Desired survivor size 8716288 bytes, new threshold 6 (max 6)
- age   1:     609880 bytes,     609880 total
- age   2:      25464 bytes,     635344 total
- age   3:       4520 bytes,     639864 total
- age   4:       4224 bytes,     644088 total
- age   5:      29616 bytes,     673704 total
- age   6:       3808 bytes,     677512 total
: 137163K->762K(153344K), 0.0079527 secs] 322063K->185667K(1031552K), 0.0080517 secs] [Times: user=0.02 sys=0.00, real=0.01 secs] 
2016-08-16T14:28:59.149+0000: 335213.119: Total time for which application threads were stopped: 0.0087559 seconds, Stopping threads took: 0.0000807 seconds
2016-08-16T14:29:09.401+0000: 335223.372: [GC (Allocation Failure) 335223.372: [ParNew
Desired survivor size 8716288 bytes, new threshold 6 (max 6)
- age   1:     459448 bytes,     459448 total
- age   2:      37704 bytes,     497152 total
- age   3:       6320 bytes,     503472 total
- age   4:       4520 bytes,     507992 total
- age   5:       4224 bytes,     512216 total
- age   6:      29472 bytes,     541688 total
: 137082K->611K(153344K), 0.0072540 secs] 321987K->185519K(1031552K), 0.0073705 secs] [Times: user=0.01 sys=0.00, real=0.01 secs] 
2016-08-16T14:29:09.409+0000: 335223.379: Total time for which application threads were stopped: 0.0080376 seconds, Stopping threads took: 0.0000814 seconds
2016-08-16T14:29:19.136+0000: 335233.106: [GC (Allocation Failure) 335233.106: [ParNew
Desired survivor size 8716288 bytes, new threshold 6 (max 6)
- age   1:     471696 bytes,     471696 total
- age   2:      23536 bytes,     495232 total
- age   3:      12136 bytes,     507368 total
- age   4:       6160 bytes,     513528 total
- age   5:       4424 bytes,     517952 total
- age   6:       4224 bytes,     522176 total
: 136931K->628K(153344K), 0.0074280 secs] 321839K->185566K(1031552K), 0.0075275 secs] [Times: user=0.02 sys=0.00, real=0.01 secs] 
2016-08-16T14:29:19.143+0000: 335233.113: Total time for which application threads were stopped: 0.0082230 seconds, Stopping threads took: 0.0000796 seconds
2016-08-16T14:29:23.493+0000: 335237.463: Total time for which application threads were stopped: 0.0019857 seconds, Stopping threads took: 0.0003348 seconds
2016-08-16T14:29:29.482+0000: 335243.452: [GC (Allocation Failure) 335243.452: [ParNew
Desired survivor size 8716288 bytes, new threshold 6 (max 6)
- age   1:     655160 bytes,     655160 total
- age   2:      22832 bytes,     677992 total
- age   3:       3424 bytes,     681416 total
- age   4:       6960 bytes,     688376 total
- age   5:       5664 bytes,     694040 total
- age   6:       3848 bytes,     697888 total
: 136948K->707K(153344K), 0.0086161 secs] 321886K->185648K(1031552K), 0.0087194 secs] [Times: user=0.02 sys=0.00, real=0.01 secs] 
2016-08-16T14:29:29.491+0000: 335243.461: Total time for which application threads were stopped: 0.0093769 seconds, Stopping threads took: 0.0000755 seconds
2016-08-16T14:29:39.138+0000: 335253.109: [GC (Allocation Failure) 335253.109: [ParNew
Desired survivor size 8716288 bytes, new threshold 6 (max 6)
- age   1:     518536 bytes,     518536 total
- age   2:      46944 bytes,     565480 total
- age   3:       3600 bytes,     569080 total
- age   4:       3336 bytes,     572416 total
- age   5:       6888 bytes,     579304 total
- age   6:       5664 bytes,     584968 total
: 137027K->621K(153344K), 0.0082956 secs] 321968K->185566K(1031552K), 0.0084000 secs] [Times: user=0.01 sys=0.00, real=0.01 secs] 
2016-08-16T14:29:39.147+0000: 335253.117: Total time for which application threads were stopped: 0.0090299 seconds, Stopping threads took: 0.0000696 seconds
2016-08-16T14:29:41.191+0000: 335255.162: Total time for which application threads were stopped: 0.0005960 seconds, Stopping threads took: 0.0000874 seconds
2016-08-16T14:29:48.987+0000: 335262.957: [GC (Allocation Failure) 335262.957: [ParNew
Desired survivor size 8716288 bytes, new threshold 6 (max 6)
- age   1:     969760 bytes,     969760 total
- age   2:      30344 bytes,    1000104 total
- age   3:      25280 bytes,    1025384 total
- age   4:       3440 bytes,    1028824 total
- age   5:       3200 bytes,    1032024 total
- age   6:       6536 bytes,    1038560 total
: 136941K->1059K(153344K), 0.0078810 secs] 321886K->186007K(1031552K), 0.0079807 secs] [Times: user=0.02 sys=0.00, real=0.01 secs] 
2016-08-16T14:29:48.995+0000: 335262.965: Total time for which application threads were stopped: 0.0086529 seconds, Stopping threads took: 0.0000835 seconds
2016-08-16T14:29:59.122+0000: 335273.092: [GC (Allocation Failure) 335273.092: [ParNew
Desired survivor size 8716288 bytes, new threshold 6 (max 6)
- age   1:     612960 bytes,     612960 total
- age   2:      53072 bytes,     666032 total
- age   3:       3848 bytes,     669880 total
- age   4:      23096 bytes,     692976 total
- age   5:       3440 bytes,     696416 total
- age   6:       3200 bytes,     699616 total
: 137379K->763K(153344K), 0.0068718 secs] 322327K->185717K(1031552K), 0.0069889 secs] [Times: user=0.01 sys=0.00, real=0.01 secs] 
2016-08-16T14:29:59.129+0000: 335273.099: Total time for which application threads were stopped: 0.0076575 seconds, Stopping threads took: 0.0000812 seconds
2016-08-16T14:30:09.130+0000: 335283.100: [GC (Allocation Failure) 335283.100: [ParNew
Desired survivor size 8716288 bytes, new threshold 6 (max 6)
- age   1:     461560 bytes,     461560 total
- age   2:      38376 bytes,     499936 total
- age   3:      33984 bytes,     533920 total
- age   4:       3688 bytes,     537608 total
- age   5:      22952 bytes,     560560 total
- age   6:       3440 bytes,     564000 total
: 137083K->666K(153344K), 0.0071150 secs] 322037K->185623K(1031552K), 0.0072153 secs] [Times: user=0.01 sys=0.00, real=0.00 secs] 
2016-08-16T14:30:09.137+0000: 335283.108: Total time for which application threads were stopped: 0.0078958 seconds, Stopping threads took: 0.0000805 seconds
2016-08-16T14:30:19.228+0000: 335293.199: [GC (Allocation Failure) 335293.199: [ParNew
Desired survivor size 8716288 bytes, new threshold 6 (max 6)
- age   1:     505048 bytes,     505048 total
- age   2:      24256 bytes,     529304 total
- age   3:      12480 bytes,     541784 total
- age   4:      33728 bytes,     575512 total
- age   5:       3688 bytes,     579200 total
- age   6:      22880 bytes,     602080 total
: 136986K->685K(153344K), 0.0071022 secs] 321943K->185646K(1031552K), 0.0071967 secs] [Times: user=0.01 sys=0.00, real=0.00 secs] 
2016-08-16T14:30:19.236+0000: 335293.206: Total time for which application threads were stopped: 0.0078737 seconds, Stopping threads took: 0.0000833 seconds
2016-08-16T14:30:23.490+0000: 335297.460: Total time for which application threads were stopped: 0.0057067 seconds, Stopping threads took: 0.0041823 seconds
2016-08-16T14:30:29.113+0000: 335303.084: [GC (Allocation Failure) 335303.084: [ParNew
Desired survivor size 8716288 bytes, new threshold 6 (max 6)
- age   1:     686656 bytes,     686656 total
- age   2:      22624 bytes,     709280 total
- age   3:       3576 bytes,     712856 total
- age   4:       6808 bytes,     719664 total
- age   5:      30568 bytes,     750232 total
- age   6:       3184 bytes,     753416 total
: 137005K->823K(153344K), 0.0081029 secs] 321966K->185800K(1031552K), 0.0082116 secs] [Times: user=0.01 sys=0.00, real=0.01 secs] 
2016-08-16T14:30:29.122+0000: 335303.092: Total time for which application threads were stopped: 0.0089018 seconds, Stopping threads took: 0.0000820 seconds
2016-08-16T14:30:39.085+0000: 335313.055: [GC (Allocation Failure) 335313.055: [ParNew
Desired survivor size 8716288 bytes, new threshold 6 (max 6)
- age   1:     501432 bytes,     501432 total
- age   2:      48864 bytes,     550296 total
- age   3:       3584 bytes,     553880 total
- age   4:       3576 bytes,     557456 total
- age   5:       6672 bytes,     564128 total
- age   6:      30424 bytes,     594552 total
: 137143K->681K(153344K), 0.0070660 secs] 322120K->185661K(1031552K), 0.0071750 secs] [Times: user=0.01 sys=0.00, real=0.01 secs] 
2016-08-16T14:30:39.092+0000: 335313.062: Total time for which application threads were stopped: 0.0079241 seconds, Stopping threads took: 0.0001034 seconds
2016-08-16T14:30:41.273+0000: 335315.243: [GC (Allocation Failure) 335315.243: [ParNew
Desired survivor size 8716288 bytes, new threshold 6 (max 6)
- age   1:     701888 bytes,     701888 total
- age   2:      33136 bytes,     735024 total
- age   3:      28728 bytes,     763752 total
- age   4:       3584 bytes,     767336 total
- age   5:       3416 bytes,     770752 total
- age   6:       6384 bytes,     777136 total
: 137001K->795K(153344K), 0.0070248 secs] 321981K->185805K(1031552K), 0.0071136 secs] [Times: user=0.01 sys=0.00, real=0.00 secs] 
2016-08-16T14:30:41.280+0000: 335315.250: Total time for which application threads were stopped: 0.0097002 seconds, Stopping threads took: 0.0020361 seconds
2016-08-16T14:30:49.256+0000: 335323.226: [GC (Allocation Failure) 335323.226: [ParNew
Desired survivor size 8716288 bytes, new threshold 6 (max 6)
- age   1:     369184 bytes,     369184 total
- age   2:       8032 bytes,     377216 total
- age   3:      11736 bytes,     388952 total
- age   4:      28552 bytes,     417504 total
- age   5:       3424 bytes,     420928 total
- age   6:       3288 bytes,     424216 total
: 137115K->482K(153344K), 0.0074812 secs] 322125K->185499K(1031552K), 0.0075876 secs] [Times: user=0.01 sys=0.00, real=0.01 secs] 
2016-08-16T14:30:49.263+0000: 335323.234: Total time for which application threads were stopped: 0.0082840 seconds, Stopping threads took: 0.0000818 seconds
2016-08-16T14:30:59.142+0000: 335333.113: [GC (Allocation Failure) 335333.113: [ParNew
Desired survivor size 8716288 bytes, new threshold 6 (max 6)
- age   1:     604928 bytes,     604928 total
- age   2:      28848 bytes,     633776 total
- age   3:       5904 bytes,     639680 total
- age   4:       3960 bytes,     643640 total
- age   5:      26224 bytes,     669864 total
- age   6:       3296 bytes,     673160 total
: 136802K->724K(153344K), 0.0080340 secs] 321819K->185744K(1031552K), 0.0081348 secs] [Times: user=0.02 sys=0.00, real=0.01 secs] 
2016-08-16T14:30:59.151+0000: 335333.121: Total time for which application threads were stopped: 0.0088185 seconds, Stopping threads took: 0.0000840 seconds
2016-08-16T14:31:09.141+0000: 335343.112: [GC (Allocation Failure) 335343.112: [ParNew
Desired survivor size 8716288 bytes, new threshold 6 (max 6)
- age   1:     471488 bytes,     471488 total
- age   2:      39168 bytes,     510656 total
- age   3:       9808 bytes,     520464 total
- age   4:       5776 bytes,     526240 total
- age   5:       3832 bytes,     530072 total
- age   6:      26080 bytes,     556152 total
: 137044K->634K(153344K), 0.0072491 secs] 322064K->185657K(1031552K), 0.0073462 secs] [Times: user=0.01 sys=0.00, real=0.01 secs] 
2016-08-16T14:31:09.149+0000: 335343.119: Total time for which application threads were stopped: 0.0080365 seconds, Stopping threads took: 0.0000836 seconds
2016-08-16T14:31:19.240+0000: 335353.210: [GC (Allocation Failure) 335353.210: [ParNew
Desired survivor size 8716288 bytes, new threshold 6 (max 6)
- age   1:     488248 bytes,     488248 total
- age   2:      23688 bytes,     511936 total
- age   3:      13488 bytes,     525424 total
- age   4:       9776 bytes,     535200 total
- age   5:       5776 bytes,     540976 total
- age   6:       3832 bytes,     544808 total
: 136954K->642K(153344K), 0.0073578 secs] 321977K->185690K(1031552K), 0.0074634 secs] [Times: user=0.02 sys=0.00, real=0.01 secs] 
2016-08-16T14:31:19.247+0000: 335353.217: Total time for which application threads were stopped: 0.0081495 seconds, Stopping threads took: 0.0000734 seconds
2016-08-16T14:31:23.493+0000: 335357.464: Total time for which application threads were stopped: 0.0008154 seconds, Stopping threads took: 0.0001587 seconds
2016-08-16T14:31:29.493+0000: 335363.463: [GC (Allocation Failure) 335363.463: [ParNew
Desired survivor size 8716288 bytes, new threshold 6 (max 6)
- age   1:     656088 bytes,     656088 total
- age   2:      22552 bytes,     678640 total
- age   3:       3176 bytes,     681816 total
- age   4:       8256 bytes,     690072 total
- age   5:       9288 bytes,     699360 total
- age   6:       5184 bytes,     704544 total
: 136962K->722K(153344K), 0.0079779 secs] 322010K->185775K(1031552K), 0.0080799 secs] [Times: user=0.02 sys=0.00, real=0.01 secs] 
2016-08-16T14:31:29.501+0000: 335363.471: Total time for which application threads were stopped: 0.0088207 seconds, Stopping threads took: 0.0001204 seconds
2016-08-16T14:31:39.128+0000: 335373.099: [GC (Allocation Failure) 335373.099: [ParNew
Desired survivor size 8716288 bytes, new threshold 6 (max 6)
- age   1:     516152 bytes,     516152 total
- age   2:      47384 bytes,     563536 total
- age   3:       3464 bytes,     567000 total
- age   4:       3176 bytes,     570176 total
- age   5:       8120 bytes,     578296 total
- age   6:       9224 bytes,     587520 total
: 137042K->681K(153344K), 0.0078121 secs] 322095K->185738K(1031552K), 0.0079227 secs] [Times: user=0.01 sys=0.00, real=0.00 secs] 
2016-08-16T14:31:39.136+0000: 335373.107: Total time for which application threads were stopped: 0.0086389 seconds, Stopping threads took: 0.0000834 seconds
2016-08-16T14:31:48.997+0000: 335382.968: [GC (Allocation Failure) 335382.968: [ParNew
Desired survivor size 8716288 bytes, new threshold 6 (max 6)
- age   1:     920088 bytes,     920088 total
- age   2:      30664 bytes,     950752 total
- age   3:      26872 bytes,     977624 total
- age   4:       3304 bytes,     980928 total
- age   5:       3024 bytes,     983952 total
- age   6:       7728 bytes,     991680 total
: 137001K->1045K(153344K), 0.0074803 secs] 322058K->186111K(1031552K), 0.0076015 secs] [Times: user=0.02 sys=0.00, real=0.01 secs] 
2016-08-16T14:31:49.005+0000: 335382.975: Total time for which application threads were stopped: 0.0084152 seconds, Stopping threads took: 0.0000930 seconds
2016-08-16T14:31:59.032+0000: 335393.002: [GC (Allocation Failure) 335393.002: [ParNew
Desired survivor size 8716288 bytes, new threshold 6 (max 6)
- age   1:     638512 bytes,     638512 total
- age   2:      29344 bytes,     667856 total
- age   3:       4016 bytes,     671872 total
- age   4:      22648 bytes,     694520 total
- age   5:       3176 bytes,     697696 total
- age   6:       2952 bytes,     700648 total
: 137365K->775K(153344K), 0.0074209 secs] 322431K->185848K(1031552K), 0.0075158 secs] [Times: user=0.01 sys=0.00, real=0.00 secs] 
2016-08-16T14:31:59.040+0000: 335393.010: Total time for which application threads were stopped: 0.0081755 seconds, Stopping threads took: 0.0000696 seconds
2016-08-16T14:32:09.151+0000: 335403.121: [GC (Allocation Failure) 335403.121: [ParNew
Desired survivor size 8716288 bytes, new threshold 6 (max 6)
- age   1:     488872 bytes,     488872 total
- age   2:      37560 bytes,     526432 total
- age   3:      10240 bytes,     536672 total
- age   4:       3864 bytes,     540536 total
- age   5:      22576 bytes,     563112 total
- age   6:       3176 bytes,     566288 total
: 137095K->655K(153344K), 0.0075043 secs] 322168K->185732K(1031552K), 0.0076046 secs] [Times: user=0.01 sys=0.00, real=0.00 secs] 
2016-08-16T14:32:09.159+0000: 335403.129: Total time for which application threads were stopped: 0.0083199 seconds, Stopping threads took: 0.0000993 seconds
2016-08-16T14:32:19.097+0000: 335413.067: [GC (Allocation Failure) 335413.067: [ParNew
Desired survivor size 8716288 bytes, new threshold 6 (max 6)
- age   1:     525184 bytes,     525184 total
- age   2:      23912 bytes,     549096 total
- age   3:      11936 bytes,     561032 total
- age   4:      10144 bytes,     571176 total
- age   5:       3864 bytes,     575040 total
- age   6:      22504 bytes,     597544 total
: 136975K->668K(153344K), 0.0071460 secs] 322052K->185748K(1031552K), 0.0072533 secs] [Times: user=0.02 sys=0.00, real=0.01 secs] 
2016-08-16T14:32:19.104+0000: 335413.074: Total time for which application threads were stopped: 0.0078843 seconds, Stopping threads took: 0.0000684 seconds
2016-08-16T14:32:23.493+0000: 335417.464: Total time for which application threads were stopped: 0.0015933 seconds, Stopping threads took: 0.0003432 seconds
2016-08-16T14:32:29.343+0000: 335423.313: [GC (Allocation Failure) 335423.313: [ParNew
Desired survivor size 8716288 bytes, new threshold 6 (max 6)
- age   1:     685696 bytes,     685696 total
- age   2:      22544 bytes,     708240 total
- age   3:       3296 bytes,     711536 total
- age   4:       6528 bytes,     718064 total
- age   5:       9120 bytes,     727184 total
- age   6:       3360 bytes,     730544 total
: 136988K->791K(153344K), 0.0077203 secs] 322068K->185884K(1031552K), 0.0078216 secs] [Times: user=0.01 sys=0.00, real=0.01 secs] 
2016-08-16T14:32:29.351+0000: 335423.321: Total time for which application threads were stopped: 0.0085296 seconds, Stopping threads took: 0.0000834 seconds
2016-08-16T14:32:39.088+0000: 335433.058: [GC (Allocation Failure) 335433.058: [ParNew
Desired survivor size 8716288 bytes, new threshold 6 (max 6)
- age   1:     538952 bytes,     538952 total
- age   2:      55552 bytes,     594504 total
- age   3:       3392 bytes,     597896 total
- age   4:       3232 bytes,     601128 total
- age   5:       6456 bytes,     607584 total
- age   6:       9056 bytes,     616640 total
: 137111K->670K(153344K), 0.0081682 secs] 322204K->185767K(1031552K), 0.0082761 secs] [Times: user=0.02 sys=0.00, real=0.01 secs] 
2016-08-16T14:32:39.096+0000: 335433.066: Total time for which application threads were stopped: 0.0090423 seconds, Stopping threads took: 0.0001016 seconds
2016-08-16T14:32:41.270+0000: 335435.240: [GC (Allocation Failure) 335435.240: [ParNew
Desired survivor size 8716288 bytes, new threshold 6 (max 6)
- age   1:     598840 bytes,     598840 total
- age   2:      44664 bytes,     643504 total
- age   3:      35424 bytes,     678928 total
- age   4:       3392 bytes,     682320 total
- age   5:       3232 bytes,     685552 total
- age   6:       6176 bytes,     691728 total
: 136990K->728K(153344K), 0.0084199 secs] 322087K->185833K(1031552K), 0.0085258 secs] [Times: user=0.01 sys=0.01, real=0.00 secs] 
2016-08-16T14:32:41.279+0000: 335435.249: Total time for which application threads were stopped: 0.0093017 seconds, Stopping threads took: 0.0001485 seconds
2016-08-16T14:32:49.135+0000: 335443.105: [GC (Allocation Failure) 335443.106: [ParNew
Desired survivor size 8716288 bytes, new threshold 6 (max 6)
- age   1:     353496 bytes,     353496 total
- age   2:      11576 bytes,     365072 total
- age   3:      12984 bytes,     378056 total
- age   4:      35120 bytes,     413176 total
- age   5:       3232 bytes,     416408 total
- age   6:       3168 bytes,     419576 total
: 137048K->469K(153344K), 0.0075173 secs] 322153K->185581K(1031552K), 0.0076177 secs] [Times: user=0.01 sys=0.00, real=0.01 secs] 
2016-08-16T14:32:49.143+0000: 335443.113: Total time for which application threads were stopped: 0.0082921 seconds, Stopping threads took: 0.0000854 seconds
2016-08-16T14:32:59.292+0000: 335453.262: [GC (Allocation Failure) 335453.263: [ParNew
Desired survivor size 8716288 bytes, new threshold 6 (max 6)
- age   1:     632064 bytes,     632064 total
- age   2:      23856 bytes,     655920 total
- age   3:       5648 bytes,     661568 total
- age   4:       5008 bytes,     666576 total
- age   5:      32640 bytes,     699216 total
- age   6:       3232 bytes,     702448 total
: 136789K->814K(153344K), 0.0072816 secs] 321901K->185929K(1031552K), 0.0073817 secs] [Times: user=0.01 sys=0.00, real=0.00 secs] 
2016-08-16T14:32:59.300+0000: 335453.270: Total time for which application threads were stopped: 0.0080801 seconds, Stopping threads took: 0.0000783 seconds
2016-08-16T14:33:09.246+0000: 335463.216: [GC (Allocation Failure) 335463.216: [ParNew
Desired survivor size 8716288 bytes, new threshold 6 (max 6)
- age   1:     430200 bytes,     430200 total
- age   2:      44112 bytes,     474312 total
- age   3:       4712 bytes,     479024 total
- age   4:       5576 bytes,     484600 total
- age   5:       5008 bytes,     489608 total
- age   6:      32568 bytes,     522176 total
: 137134K->569K(153344K), 0.0076943 secs] 322249K->185687K(1031552K), 0.0078010 secs] [Times: user=0.01 sys=0.00, real=0.01 secs] 
2016-08-16T14:33:09.254+0000: 335463.224: Total time for which application threads were stopped: 0.0085852 seconds, Stopping threads took: 0.0001259 seconds
2016-08-16T14:33:19.114+0000: 335473.084: [GC (Allocation Failure) 335473.084: [ParNew
Desired survivor size 8716288 bytes, new threshold 6 (max 6)
- age   1:     502496 bytes,     502496 total
- age   2:      23824 bytes,     526320 total
- age   3:      18560 bytes,     544880 total
- age   4:       4616 bytes,     549496 total
- age   5:       5416 bytes,     554912 total
- age   6:       5008 bytes,     559920 total
: 136889K->672K(153344K), 0.0073951 secs] 322007K->185822K(1031552K), 0.0075073 secs] [Times: user=0.02 sys=0.00, real=0.01 secs] 
2016-08-16T14:33:19.121+0000: 335473.092: Total time for which application threads were stopped: 0.0081761 seconds, Stopping threads took: 0.0000809 seconds
2016-08-16T14:33:23.492+0000: 335477.463: Total time for which application threads were stopped: 0.0018779 seconds, Stopping threads took: 0.0003028 seconds
2016-08-16T14:33:29.206+0000: 335483.176: [GC (Allocation Failure) 335483.176: [ParNew
Desired survivor size 8716288 bytes, new threshold 6 (max 6)
- age   1:     613760 bytes,     613760 total
- age   2:      23536 bytes,     637296 total
- age   3:       3464 bytes,     640760 total
- age   4:      11088 bytes,     651848 total
- age   5:       4040 bytes,     655888 total
- age   6:       4624 bytes,     660512 total
: 136992K->693K(153344K), 0.0076404 secs] 322142K->185847K(1031552K), 0.0077377 secs] [Times: user=0.01 sys=0.00, real=0.01 secs] 
2016-08-16T14:33:29.213+0000: 335483.184: Total time for which application threads were stopped: 0.0084151 seconds, Stopping threads took: 0.0000811 seconds
2016-08-16T14:33:39.229+0000: 335493.199: [GC (Allocation Failure) 335493.199: [ParNew
Desired survivor size 8716288 bytes, new threshold 6 (max 6)
- age   1:     473752 bytes,     473752 total
- age   2:      49216 bytes,     522968 total
- age   3:       3336 bytes,     526304 total
- age   4:       3464 bytes,     529768 total
- age   5:      11016 bytes,     540784 total
- age   6:       4040 bytes,     544824 total
: 137013K->646K(153344K), 0.0074608 secs] 322167K->185805K(1031552K), 0.0075793 secs] [Times: user=0.02 sys=0.00, real=0.00 secs] 
2016-08-16T14:33:39.237+0000: 335493.207: Total time for which application threads were stopped: 0.0083169 seconds, Stopping threads took: 0.0000820 seconds
2016-08-16T14:33:48.986+0000: 335502.956: [GC (Allocation Failure) 335502.956: [ParNew
Desired survivor size 8716288 bytes, new threshold 6 (max 6)
- age   1:     860584 bytes,     860584 total
- age   2:      31288 bytes,     891872 total
- age   3:      28840 bytes,     920712 total
- age   4:       3240 bytes,     923952 total
- age   5:       3240 bytes,     927192 total
- age   6:      10592 bytes,     937784 total
: 136966K->1036K(153344K), 0.0077351 secs] 322125K->186199K(1031552K), 0.0078396 secs] [Times: user=0.02 sys=0.00, real=0.01 secs] 
2016-08-16T14:33:48.994+0000: 335502.964: Total time for which application threads were stopped: 0.0085321 seconds, Stopping threads took: 0.0000817 seconds
2016-08-16T14:33:58.993+0000: 335512.964: [GC (Allocation Failure) 335512.964: [ParNew
Desired survivor size 8716288 bytes, new threshold 6 (max 6)
- age   1:     583920 bytes,     583920 total
- age   2:      29248 bytes,     613168 total
- age   3:       4656 bytes,     617824 total
- age   4:      26920 bytes,     644744 total
- age   5:       3240 bytes,     647984 total
- age   6:       3176 bytes,     651160 total
: 137356K->740K(153344K), 0.0077028 secs] 322519K->185913K(1031552K), 0.0078012 secs] [Times: user=0.01 sys=0.00, real=0.01 secs] 
2016-08-16T14:33:59.001+0000: 335512.971: Total time for which application threads were stopped: 0.0084969 seconds, Stopping threads took: 0.0001060 seconds
2016-08-16T14:34:09.107+0000: 335523.077: [GC (Allocation Failure) 335523.077: [ParNew
Desired survivor size 8716288 bytes, new threshold 6 (max 6)
- age   1:     448712 bytes,     448712 total
- age   2:      38048 bytes,     486760 total
- age   3:      10208 bytes,     496968 total
- age   4:       4480 bytes,     501448 total
- age   5:      26704 bytes,     528152 total
- age   6:       3240 bytes,     531392 total
: 137060K->538K(153344K), 0.0069948 secs] 322233K->185715K(1031552K), 0.0070924 secs] [Times: user=0.01 sys=0.00, real=0.01 secs] 
2016-08-16T14:34:09.114+0000: 335523.085: Total time for which application threads were stopped: 0.0077862 seconds, Stopping threads took: 0.0001035 seconds
2016-08-16T14:34:18.981+0000: 335532.951: [GC (Allocation Failure) 335532.951: [ParNew
Desired survivor size 8716288 bytes, new threshold 6 (max 6)
- age   1:     559544 bytes,     559544 total
- age   2:      23928 bytes,     583472 total
- age   3:      12480 bytes,     595952 total
- age   4:      10048 bytes,     606000 total
- age   5:       4408 bytes,     610408 total
- age   6:      26704 bytes,     637112 total
: 136858K->752K(153344K), 0.0072631 secs] 322035K->185931K(1031552K), 0.0073936 secs] [Times: user=0.01 sys=0.00, real=0.01 secs] 
2016-08-16T14:34:18.989+0000: 335532.959: Total time for which application threads were stopped: 0.0080782 seconds, Stopping threads took: 0.0000833 seconds
2016-08-16T14:34:23.491+0000: 335537.461: Total time for which application threads were stopped: 0.0014782 seconds, Stopping threads took: 0.0002356 seconds
2016-08-16T14:34:28.985+0000: 335542.956: [GC (Allocation Failure) 335542.956: [ParNew
Desired survivor size 8716288 bytes, new threshold 6 (max 6)
- age   1:     696248 bytes,     696248 total
- age   2:      22904 bytes,     719152 total
- age   3:       3392 bytes,     722544 total
- age   4:       7320 bytes,     729864 total
- age   5:       8840 bytes,     738704 total
- age   6:       3472 bytes,     742176 total
: 137072K->774K(153344K), 0.0080212 secs] 322251K->185972K(1031552K), 0.0081395 secs] [Times: user=0.01 sys=0.00, real=0.01 secs] 
2016-08-16T14:34:28.994+0000: 335542.964: Total time for which application threads were stopped: 0.0088051 seconds, Stopping threads took: 0.0000804 seconds
2016-08-16T14:34:39.091+0000: 335553.062: [GC (Allocation Failure) 335553.062: [ParNew
Desired survivor size 8716288 bytes, new threshold 6 (max 6)
- age   1:     522752 bytes,     522752 total
- age   2:      47264 bytes,     570016 total
- age   3:       3840 bytes,     573856 total
- age   4:       3392 bytes,     577248 total
- age   5:       7160 bytes,     584408 total
- age   6:       8840 bytes,     593248 total
: 137094K->727K(153344K), 0.0073871 secs] 322292K->185929K(1031552K), 0.0074842 secs] [Times: user=0.02 sys=0.00, real=0.00 secs] 
2016-08-16T14:34:39.099+0000: 335553.069: Total time for which application threads were stopped: 0.0081567 seconds, Stopping threads took: 0.0000799 seconds
2016-08-16T14:34:45.113+0000: 335559.083: [GC (Allocation Failure) 335559.083: [ParNew
Desired survivor size 8716288 bytes, new threshold 6 (max 6)
- age   1:     761512 bytes,     761512 total
- age   2:      30616 bytes,     792128 total
- age   3:      26992 bytes,     819120 total
- age   4:       3744 bytes,     822864 total
- age   5:       3392 bytes,     826256 total
- age   6:       6944 bytes,     833200 total
: 137047K->848K(153344K), 0.0088591 secs] 322249K->186059K(1031552K), 0.0090378 secs] [Times: user=0.01 sys=0.00, real=0.01 secs] 
2016-08-16T14:34:45.122+0000: 335559.092: Total time for which application threads were stopped: 0.0106806 seconds, Stopping threads took: 0.0001973 seconds
2016-08-16T14:34:49.294+0000: 335563.264: [GC (Allocation Failure) 335563.264: [ParNew
Desired survivor size 8716288 bytes, new threshold 6 (max 6)
- age   1:     291608 bytes,     291608 total
- age   2:      19360 bytes,     310968 total
- age   3:      11520 bytes,     322488 total
- age   4:      26768 bytes,     349256 total
- age   5:       3680 bytes,     352936 total
- age   6:       3392 bytes,     356328 total
: 137168K->445K(153344K), 0.0064987 secs] 322379K->185663K(1031552K), 0.0065873 secs] [Times: user=0.01 sys=0.00, real=0.01 secs] 
2016-08-16T14:34:49.301+0000: 335563.271: Total time for which application threads were stopped: 0.0071966 seconds, Stopping threads took: 0.0000772 seconds
2016-08-16T14:34:58.991+0000: 335572.962: [GC (Allocation Failure) 335572.962: [ParNew
Desired survivor size 8716288 bytes, new threshold 6 (max 6)
- age   1:     562344 bytes,     562344 total
- age   2:      25480 bytes,     587824 total
- age   3:      11520 bytes,     599344 total
- age   4:       3992 bytes,     603336 total
- age   5:      22184 bytes,     625520 total
- age   6:       3616 bytes,     629136 total
: 136765K->647K(153344K), 0.0077710 secs] 321983K->185868K(1031552K), 0.0078806 secs] [Times: user=0.02 sys=0.00, real=0.00 secs] 
2016-08-16T14:34:58.999+0000: 335572.970: Total time for which application threads were stopped: 0.0085568 seconds, Stopping threads took: 0.0000845 seconds
2016-08-16T14:35:09.123+0000: 335583.094: [GC (Allocation Failure) 335583.094: [ParNew
Desired survivor size 8716288 bytes, new threshold 6 (max 6)
- age   1:     485856 bytes,     485856 total
- age   2:      38104 bytes,     523960 total
- age   3:       5144 bytes,     529104 total
- age   4:      11360 bytes,     540464 total
- age   5:       3928 bytes,     544392 total
- age   6:      22112 bytes,     566504 total
: 136967K->618K(153344K), 0.0065581 secs] 322188K->185843K(1031552K), 0.0066549 secs] [Times: user=0.01 sys=0.00, real=0.01 secs] 
2016-08-16T14:35:09.130+0000: 335583.100: Total time for which application threads were stopped: 0.0073221 seconds, Stopping threads took: 0.0000814 seconds
2016-08-16T14:35:19.227+0000: 335593.197: [GC (Allocation Failure) 335593.197: [ParNew
Desired survivor size 8716288 bytes, new threshold 6 (max 6)
- age   1:     534440 bytes,     534440 total
- age   2:      23976 bytes,     558416 total
- age   3:      12648 bytes,     571064 total
- age   4:       5080 bytes,     576144 total
- age   5:      11264 bytes,     587408 total
- age   6:       3928 bytes,     591336 total
: 136938K->652K(153344K), 0.0077237 secs] 322163K->185898K(1031552K), 0.0078264 secs] [Times: user=0.02 sys=0.00, real=0.01 secs] 
2016-08-16T14:35:19.235+0000: 335593.205: Total time for which application threads were stopped: 0.0084982 seconds, Stopping threads took: 0.0000841 seconds
2016-08-16T14:35:23.493+0000: 335597.463: Total time for which application threads were stopped: 0.0027110 seconds, Stopping threads took: 0.0021183 seconds
2016-08-16T14:35:28.991+0000: 335602.961: [GC (Allocation Failure) 335602.961: [ParNew
Desired survivor size 8716288 bytes, new threshold 6 (max 6)
- age   1:     706344 bytes,     706344 total
- age   2:      22520 bytes,     728864 total
- age   3:       3528 bytes,     732392 total
- age   4:       9376 bytes,     741768 total
- age   5:       4792 bytes,     746560 total
- age   6:      10544 bytes,     757104 total
: 136972K->877K(153344K), 0.0076799 secs] 322218K->186127K(1031552K), 0.0077791 secs] [Times: user=0.01 sys=0.00, real=0.00 secs] 
2016-08-16T14:35:28.998+0000: 335602.969: Total time for which application threads were stopped: 0.0084424 seconds, Stopping threads took: 0.0000650 seconds
2016-08-16T14:35:39.235+0000: 335613.206: [GC (Allocation Failure) 335613.206: [ParNew
Desired survivor size 8716288 bytes, new threshold 6 (max 6)
- age   1:     513672 bytes,     513672 total
- age   2:      65336 bytes,     579008 total
- age   3:       3304 bytes,     582312 total
- age   4:       3528 bytes,     585840 total
- age   5:       9240 bytes,     595080 total
- age   6:       4792 bytes,     599872 total
: 137197K->680K(153344K), 0.0078380 secs] 322447K->185940K(1031552K), 0.0079386 secs] [Times: user=0.01 sys=0.00, real=0.01 secs] 
2016-08-16T14:35:39.243+0000: 335613.214: Total time for which application threads were stopped: 0.0085992 seconds, Stopping threads took: 0.0000798 seconds
2016-08-16T14:35:49.081+0000: 335623.052: [GC (Allocation Failure) 335623.052: [ParNew
Desired survivor size 8716288 bytes, new threshold 6 (max 6)
- age   1:     902392 bytes,     902392 total
- age   2:      30768 bytes,     933160 total
- age   3:      45048 bytes,     978208 total
- age   4:       3272 bytes,     981480 total
- age   5:       3328 bytes,     984808 total
- age   6:       8816 bytes,     993624 total
: 137000K->1081K(153344K), 0.0080370 secs] 322260K->186346K(1031552K), 0.0081358 secs] [Times: user=0.01 sys=0.00, real=0.01 secs] 
2016-08-16T14:35:49.090+0000: 335623.060: Total time for which application threads were stopped: 0.0088094 seconds, Stopping threads took: 0.0000832 seconds
2016-08-16T14:35:59.110+0000: 335633.081: [GC (Allocation Failure) 335633.081: [ParNew
Desired survivor size 8716288 bytes, new threshold 6 (max 6)
- age   1:     546584 bytes,     546584 total
- age   2:      32312 bytes,     578896 total
- age   3:       5128 bytes,     584024 total
- age   4:      40832 bytes,     624856 total
- age   5:       3144 bytes,     628000 total
- age   6:       3328 bytes,     631328 total
: 137401K->714K(153344K), 0.0075593 secs] 322666K->185987K(1031552K), 0.0076647 secs] [Times: user=0.01 sys=0.00, real=0.00 secs] 
2016-08-16T14:35:59.118+0000: 335633.088: Total time for which application threads were stopped: 0.0083316 seconds, Stopping threads took: 0.0000829 seconds
2016-08-16T14:35:59.178+0000: 335633.148: Total time for which application threads were stopped: 0.0022677 seconds, Stopping threads took: 0.0000786 seconds
2016-08-16T14:36:09.100+0000: 335643.070: [GC (Allocation Failure) 335643.070: [ParNew
Desired survivor size 8716288 bytes, new threshold 6 (max 6)
- age   1:     512216 bytes,     512216 total
- age   2:      34272 bytes,     546488 total
- age   3:       9864 bytes,     556352 total
- age   4:       3840 bytes,     560192 total
- age   5:      39272 bytes,     599464 total
- age   6:       3144 bytes,     602608 total
: 137034K->596K(153344K), 0.0074785 secs] 322307K->185873K(1031552K), 0.0075871 secs] [Times: user=0.02 sys=0.00, real=0.01 secs] 
2016-08-16T14:36:09.108+0000: 335643.078: Total time for which application threads were stopped: 0.0082683 seconds, Stopping threads took: 0.0000819 seconds
2016-08-16T14:36:19.243+0000: 335653.213: [GC (Allocation Failure) 335653.213: [ParNew
Desired survivor size 8716288 bytes, new threshold 6 (max 6)
- age   1:     517808 bytes,     517808 total
- age   2:      26848 bytes,     544656 total
- age   3:       9080 bytes,     553736 total
- age   4:       9640 bytes,     563376 total
- age   5:       3776 bytes,     567152 total
- age   6:      39056 bytes,     606208 total
: 136916K->673K(153344K), 0.0071422 secs] 322193K->185953K(1031552K), 0.0072597 secs] [Times: user=0.01 sys=0.00, real=0.01 secs] 
2016-08-16T14:36:19.250+0000: 335653.221: Total time for which application threads were stopped: 0.0079914 seconds, Stopping threads took: 0.0000861 seconds
2016-08-16T14:36:23.492+0000: 335657.463: Total time for which application threads were stopped: 0.0019837 seconds, Stopping threads took: 0.0003526 seconds
2016-08-16T14:36:29.141+0000: 335663.111: [GC (Allocation Failure) 335663.111: [ParNew
Desired survivor size 8716288 bytes, new threshold 6 (max 6)
- age   1:     618032 bytes,     618032 total
- age   2:      23608 bytes,     641640 total
- age   3:       7168 bytes,     648808 total
- age   4:       5728 bytes,     654536 total
- age   5:       8720 bytes,     663256 total
- age   6:       3344 bytes,     666600 total
: 136993K->763K(153344K), 0.0077692 secs] 322273K->186073K(1031552K), 0.0078707 secs] [Times: user=0.01 sys=0.00, real=0.01 secs] 
2016-08-16T14:36:29.149+0000: 335663.119: Total time for which application threads were stopped: 0.0085746 seconds, Stopping threads took: 0.0000856 seconds
2016-08-16T14:36:39.102+0000: 335673.073: [GC (Allocation Failure) 335673.073: [ParNew
Desired survivor size 8716288 bytes, new threshold 6 (max 6)
- age   1:     588544 bytes,     588544 total
- age   2:      49776 bytes,     638320 total
- age   3:       3448 bytes,     641768 total
- age   4:       4368 bytes,     646136 total
- age   5:       5656 bytes,     651792 total
- age   6:       8720 bytes,     660512 total
: 137083K->677K(153344K), 0.0082202 secs] 322393K->185990K(1031552K), 0.0083140 secs] [Times: user=0.02 sys=0.00, real=0.01 secs] 
2016-08-16T14:36:39.111+0000: 335673.081: Total time for which application threads were stopped: 0.0089187 seconds, Stopping threads took: 0.0000666 seconds
2016-08-16T14:36:41.441+0000: 335675.412: [GC (Allocation Failure) 335675.412: [ParNew
Desired survivor size 8716288 bytes, new threshold 6 (max 6)
- age   1:     577920 bytes,     577920 total
- age   2:      38784 bytes,     616704 total
- age   3:      29808 bytes,     646512 total
- age   4:       3384 bytes,     649896 total
- age   5:       4368 bytes,     654264 total
- age   6:       5512 bytes,     659776 total
: 136997K->769K(153344K), 0.0084274 secs] 322310K->186092K(1031552K), 0.0086100 secs] [Times: user=0.01 sys=0.00, real=0.01 secs] 
2016-08-16T14:36:41.450+0000: 335675.420: Total time for which application threads were stopped: 0.0128289 seconds, Stopping threads took: 0.0029552 seconds
2016-08-16T14:36:49.496+0000: 335683.467: [GC (Allocation Failure) 335683.467: [ParNew
Desired survivor size 8716288 bytes, new threshold 6 (max 6)
- age   1:     339968 bytes,     339968 total
- age   2:       7328 bytes,     347296 total
- age   3:      16792 bytes,     364088 total
- age   4:      29568 bytes,     393656 total
- age   5:       3224 bytes,     396880 total
- age   6:       4240 bytes,     401120 total
: 137089K->439K(153344K), 0.0066690 secs] 322412K->185767K(1031552K), 0.0067765 secs] [Times: user=0.01 sys=0.00, real=0.01 secs] 
2016-08-16T14:36:49.503+0000: 335683.473: Total time for which application threads were stopped: 0.0074655 seconds, Stopping threads took: 0.0000831 seconds
2016-08-16T14:36:59.232+0000: 335693.202: [GC (Allocation Failure) 335693.203: [ParNew
Desired survivor size 8716288 bytes, new threshold 6 (max 6)
- age   1:     574040 bytes,     574040 total
- age   2:      27712 bytes,     601752 total
- age   3:       5232 bytes,     606984 total
- age   4:       9784 bytes,     616768 total
- age   5:      27392 bytes,     644160 total
- age   6:       3224 bytes,     647384 total
: 136759K->719K(153344K), 0.0074845 secs] 322087K->186051K(1031552K), 0.0075891 secs] [Times: user=0.01 sys=0.00, real=0.00 secs] 
2016-08-16T14:36:59.240+0000: 335693.210: Total time for which application threads were stopped: 0.0082835 seconds, Stopping threads took: 0.0000821 seconds
2016-08-16T14:37:09.112+0000: 335703.082: [GC (Allocation Failure) 335703.082: [ParNew
Desired survivor size 8716288 bytes, new threshold 6 (max 6)
- age   1:     533208 bytes,     533208 total
- age   2:      35144 bytes,     568352 total
- age   3:       5384 bytes,     573736 total
- age   4:       4952 bytes,     578688 total
- age   5:       8304 bytes,     586992 total
- age   6:      27320 bytes,     614312 total
: 137039K->683K(153344K), 0.0067569 secs] 322371K->186018K(1031552K), 0.0068622 secs] [Times: user=0.02 sys=0.00, real=0.00 secs] 
2016-08-16T14:37:09.119+0000: 335703.089: Total time for which application threads were stopped: 0.0075660 seconds, Stopping threads took: 0.0000871 seconds
2016-08-16T14:37:19.097+0000: 335713.067: [GC (Allocation Failure) 335713.067: [ParNew
Desired survivor size 8716288 bytes, new threshold 6 (max 6)
- age   1:     490032 bytes,     490032 total
- age   2:      25960 bytes,     515992 total
- age   3:       9856 bytes,     525848 total
- age   4:       5352 bytes,     531200 total
- age   5:       4880 bytes,     536080 total
- age   6:       8232 bytes,     544312 total
: 137003K->569K(153344K), 0.0074509 secs] 322338K->185931K(1031552K), 0.0075488 secs] [Times: user=0.02 sys=0.00, real=0.01 secs] 
2016-08-16T14:37:19.105+0000: 335713.075: Total time for which application threads were stopped: 0.0082404 seconds, Stopping threads took: 0.0000831 seconds
2016-08-16T14:37:23.491+0000: 335717.462: Total time for which application threads were stopped: 0.0017797 seconds, Stopping threads took: 0.0003314 seconds
2016-08-16T14:37:29.109+0000: 335723.079: [GC (Allocation Failure) 335723.079: [ParNew
Desired survivor size 8716288 bytes, new threshold 6 (max 6)
- age   1:     634848 bytes,     634848 total
- age   2:      24088 bytes,     658936 total
- age   3:       6312 bytes,     665248 total
- age   4:       6096 bytes,     671344 total
- age   5:       4992 bytes,     676336 total
- age   6:       4472 bytes,     680808 total
: 136889K->737K(153344K), 0.0078508 secs] 322251K->186106K(1031552K), 0.0079634 secs] [Times: user=0.01 sys=0.00, real=0.00 secs] 
2016-08-16T14:37:29.117+0000: 335723.087: Total time for which application threads were stopped: 0.0087000 seconds, Stopping threads took: 0.0001099 seconds
2016-08-16T14:37:39.105+0000: 335733.075: [GC (Allocation Failure) 335733.075: [ParNew
Desired survivor size 8716288 bytes, new threshold 6 (max 6)
- age   1:     564776 bytes,     564776 total
- age   2:      44640 bytes,     609416 total
- age   3:       3848 bytes,     613264 total
- age   4:       3776 bytes,     617040 total
- age   5:       6024 bytes,     623064 total
- age   6:       4800 bytes,     627864 total
: 137057K->684K(153344K), 0.0072490 secs] 322426K->186058K(1031552K), 0.0073599 secs] [Times: user=0.02 sys=0.00, real=0.01 secs] 
2016-08-16T14:37:39.112+0000: 335733.082: Total time for which application threads were stopped: 0.0080643 seconds, Stopping threads took: 0.0000790 seconds
2016-08-16T14:37:48.975+0000: 335742.945: [GC (Allocation Failure) 335742.945: [ParNew
Desired survivor size 8716288 bytes, new threshold 6 (max 6)
- age   1:     937576 bytes,     937576 total
- age   2:      33312 bytes,     970888 total
- age   3:      24336 bytes,     995224 total
- age   4:       3592 bytes,     998816 total
- age   5:       3776 bytes,    1002592 total
- age   6:       5736 bytes,    1008328 total
: 137004K->1101K(153344K), 0.0081171 secs] 322378K->186477K(1031552K), 0.0082200 secs] [Times: user=0.01 sys=0.00, real=0.01 secs] 
2016-08-16T14:37:48.984+0000: 335742.954: Total time for which application threads were stopped: 0.0089125 seconds, Stopping threads took: 0.0000836 seconds
2016-08-16T14:37:59.092+0000: 335753.063: [GC (Allocation Failure) 335753.063: [ParNew
Desired survivor size 8716288 bytes, new threshold 6 (max 6)
- age   1:     809600 bytes,     809600 total
- age   2:      32144 bytes,     841744 total
- age   3:       7736 bytes,     849480 total
- age   4:      21432 bytes,     870912 total
- age   5:       3592 bytes,     874504 total
- age   6:       3776 bytes,     878280 total
: 137421K->957K(153344K), 0.0079233 secs] 322797K->186339K(1031552K), 0.0080426 secs] [Times: user=0.01 sys=0.00, real=0.01 secs] 
2016-08-16T14:37:59.101+0000: 335753.071: Total time for which application threads were stopped: 0.0088677 seconds, Stopping threads took: 0.0002134 seconds
2016-08-16T14:38:09.104+0000: 335763.074: [GC (Allocation Failure) 335763.074: [ParNew
Desired survivor size 8716288 bytes, new threshold 6 (max 6)
- age   1:     526528 bytes,     526528 total
- age   2:      41800 bytes,     568328 total
- age   3:       9512 bytes,     577840 total
- age   4:       5200 bytes,     583040 total
- age   5:      21288 bytes,     604328 total
- age   6:       3520 bytes,     607848 total
: 137277K->759K(153344K), 0.0077173 secs] 322659K->186145K(1031552K), 0.0078159 secs] [Times: user=0.01 sys=0.00, real=0.01 secs] 
2016-08-16T14:38:09.112+0000: 335763.082: Total time for which application threads were stopped: 0.0085162 seconds, Stopping threads took: 0.0000834 seconds
2016-08-16T14:38:19.026+0000: 335772.996: [GC (Allocation Failure) 335772.996: [ParNew
Desired survivor size 8716288 bytes, new threshold 6 (max 6)
- age   1:     535888 bytes,     535888 total
- age   2:      25760 bytes,     561648 total
- age   3:      15640 bytes,     577288 total
- age   4:       9416 bytes,     586704 total
- age   5:       5136 bytes,     591840 total
- age   6:      21288 bytes,     613128 total
: 137079K->694K(153344K), 0.0075487 secs] 322465K->186083K(1031552K), 0.0076500 secs] [Times: user=0.02 sys=0.00, real=0.01 secs] 
2016-08-16T14:38:19.034+0000: 335773.004: Total time for which application threads were stopped: 0.0083202 seconds, Stopping threads took: 0.0000798 seconds
2016-08-16T14:38:23.487+0000: 335777.457: Total time for which application threads were stopped: 0.0012041 seconds, Stopping threads took: 0.0001865 seconds
2016-08-16T14:38:29.398+0000: 335783.368: [GC (Allocation Failure) 335783.369: [ParNew
Desired survivor size 8716288 bytes, new threshold 6 (max 6)
- age   1:     683384 bytes,     683384 total
- age   2:      22440 bytes,     705824 total
- age   3:       3496 bytes,     709320 total
- age   4:       9936 bytes,     719256 total
- age   5:       8696 bytes,     727952 total
- age   6:       4344 bytes,     732296 total
: 137014K->805K(153344K), 0.0074786 secs] 322403K->186207K(1031552K), 0.0076007 secs] [Times: user=0.02 sys=0.00, real=0.01 secs] 
2016-08-16T14:38:29.406+0000: 335783.376: Total time for which application threads were stopped: 0.0082926 seconds, Stopping threads took: 0.0000698 seconds
2016-08-16T14:38:39.095+0000: 335793.065: [GC (Allocation Failure) 335793.065: [ParNew
Desired survivor size 8716288 bytes, new threshold 6 (max 6)
- age   1:     505808 bytes,     505808 total
- age   2:      55760 bytes,     561568 total
- age   3:       3576 bytes,     565144 total
- age   4:       3496 bytes,     568640 total
- age   5:       9800 bytes,     578440 total
- age   6:       8568 bytes,     587008 total
: 137125K->645K(153344K), 0.0071313 secs] 322527K->186051K(1031552K), 0.0072337 secs] [Times: user=0.02 sys=0.00, real=0.01 secs] 
2016-08-16T14:38:39.102+0000: 335793.072: Total time for which application threads were stopped: 0.0079458 seconds, Stopping threads took: 0.0000844 seconds
2016-08-16T14:38:41.274+0000: 335795.244: [GC (Allocation Failure) 335795.244: [ParNew
Desired survivor size 8716288 bytes, new threshold 6 (max 6)
- age   1:     646136 bytes,     646136 total
- age   2:      36480 bytes,     682616 total
- age   3:      35128 bytes,     717744 total
- age   4:       3512 bytes,     721256 total
- age   5:       3496 bytes,     724752 total
- age   6:       9584 bytes,     734336 total
: 136965K->804K(153344K), 0.0067928 secs] 322371K->186218K(1031552K), 0.0068807 secs] [Times: user=0.01 sys=0.00, real=0.01 secs] 
2016-08-16T14:38:41.281+0000: 335795.251: Total time for which application threads were stopped: 0.0074986 seconds, Stopping threads took: 0.0000780 seconds
2016-08-16T14:38:49.114+0000: 335803.084: [GC (Allocation Failure) 335803.084: [ParNew
Desired survivor size 8716288 bytes, new threshold 6 (max 6)
- age   1:     375448 bytes,     375448 total
- age   2:       7456 bytes,     382904 total
- age   3:      11936 bytes,     394840 total
- age   4:      34720 bytes,     429560 total
- age   5:       3352 bytes,     432912 total
- age   6:       3496 bytes,     436408 total
: 137124K->522K(153344K), 0.0070836 secs] 322538K->185946K(1031552K), 0.0071905 secs] [Times: user=0.02 sys=0.00, real=0.01 secs] 
2016-08-16T14:38:49.121+0000: 335803.091: Total time for which application threads were stopped: 0.0078626 seconds, Stopping threads took: 0.0000820 seconds
2016-08-16T14:38:59.115+0000: 335813.085: [GC (Allocation Failure) 335813.085: [ParNew
Desired survivor size 8716288 bytes, new threshold 6 (max 6)
- age   1:     531424 bytes,     531424 total
- age   2:      27584 bytes,     559008 total
- age   3:       6072 bytes,     565080 total
- age   4:       5280 bytes,     570360 total
- age   5:      32808 bytes,     603168 total
- age   6:       3352 bytes,     606520 total
: 136842K->673K(153344K), 0.0074790 secs] 322266K->186101K(1031552K), 0.0075887 secs] [Times: user=0.01 sys=0.00, real=0.01 secs] 
2016-08-16T14:38:59.123+0000: 335813.093: Total time for which application threads were stopped: 0.0082524 seconds, Stopping threads took: 0.0000831 seconds
2016-08-16T14:39:09.220+0000: 335823.190: [GC (Allocation Failure) 335823.190: [ParNew
Desired survivor size 8716288 bytes, new threshold 6 (max 6)
- age   1:     487632 bytes,     487632 total
- age   2:      35120 bytes,     522752 total
- age   3:       5176 bytes,     527928 total
- age   4:       5872 bytes,     533800 total
- age   5:       4064 bytes,     537864 total
- age   6:      31528 bytes,     569392 total
: 136993K->570K(153344K), 0.0070233 secs] 322421K->186001K(1031552K), 0.0071233 secs] [Times: user=0.01 sys=0.00, real=0.01 secs] 
2016-08-16T14:39:09.227+0000: 335823.197: Total time for which application threads were stopped: 0.0078033 seconds, Stopping threads took: 0.0000849 seconds
2016-08-16T14:39:19.097+0000: 335833.068: [GC (Allocation Failure) 335833.068: [ParNew
Desired survivor size 8716288 bytes, new threshold 6 (max 6)
- age   1:     520200 bytes,     520200 total
- age   2:      25864 bytes,     546064 total
- age   3:       9632 bytes,     555696 total
- age   4:       5016 bytes,     560712 total
- age   5:       5872 bytes,     566584 total
- age   6:       3936 bytes,     570520 total
: 136890K->579K(153344K), 0.0073590 secs] 322321K->186040K(1031552K), 0.0074672 secs] [Times: user=0.01 sys=0.00, real=0.01 secs] 
2016-08-16T14:39:19.105+0000: 335833.075: Total time for which application threads were stopped: 0.0081449 seconds, Stopping threads took: 0.0000813 seconds
2016-08-16T14:39:23.486+0000: 335837.456: Total time for which application threads were stopped: 0.0008434 seconds, Stopping threads took: 0.0001459 seconds
2016-08-16T14:39:29.217+0000: 335843.187: [GC (Allocation Failure) 335843.187: [ParNew
Desired survivor size 8716288 bytes, new threshold 6 (max 6)
- age   1:     629872 bytes,     629872 total
- age   2:      23552 bytes,     653424 total
- age   3:       6080 bytes,     659504 total
- age   4:       6256 bytes,     665760 total
- age   5:       4664 bytes,     670424 total
- age   6:       5584 bytes,     676008 total
: 136899K->800K(153344K), 0.0075626 secs] 322360K->186265K(1031552K), 0.0076676 secs] [Times: user=0.01 sys=0.00, real=0.01 secs] 
2016-08-16T14:39:29.225+0000: 335843.195: Total time for which application threads were stopped: 0.0083777 seconds, Stopping threads took: 0.0000829 seconds
2016-08-16T14:39:39.098+0000: 335853.068: [GC (Allocation Failure) 335853.068: [ParNew
Desired survivor size 8716288 bytes, new threshold 6 (max 6)
- age   1:     584168 bytes,     584168 total
- age   2:      49032 bytes,     633200 total
- age   3:       3008 bytes,     636208 total
- age   4:       4040 bytes,     640248 total
- age   5:       6120 bytes,     646368 total
- age   6:       4664 bytes,     651032 total
: 137120K->649K(153344K), 0.0072625 secs] 322585K->186119K(1031552K), 0.0073609 secs] [Times: user=0.01 sys=0.00, real=0.01 secs] 
2016-08-16T14:39:39.105+0000: 335853.075: Total time for which application threads were stopped: 0.0080184 seconds, Stopping threads took: 0.0000766 seconds
2016-08-16T14:39:41.258+0000: 335855.228: Total time for which application threads were stopped: 0.0005177 seconds, Stopping threads took: 0.0000769 seconds
2016-08-16T14:39:49.106+0000: 335863.076: [GC (Allocation Failure) 335863.076: [ParNew
Desired survivor size 8716288 bytes, new threshold 6 (max 6)
- age   1:    1014192 bytes,    1014192 total
- age   2:      34608 bytes,    1048800 total
- age   3:      27672 bytes,    1076472 total
- age   4:       2912 bytes,    1079384 total
- age   5:       3976 bytes,    1083360 total
- age   6:       5832 bytes,    1089192 total
: 136969K->1156K(153344K), 0.0075991 secs] 322439K->186630K(1031552K), 0.0077166 secs] [Times: user=0.01 sys=0.00, real=0.01 secs] 
2016-08-16T14:39:49.114+0000: 335863.084: Total time for which application threads were stopped: 0.0084529 seconds, Stopping threads took: 0.0000850 seconds
2016-08-16T14:39:59.093+0000: 335873.064: [GC (Allocation Failure) 335873.064: [ParNew
Desired survivor size 8716288 bytes, new threshold 6 (max 6)
- age   1:     588248 bytes,     588248 total
- age   2:      47616 bytes,     635864 total
- age   3:       9104 bytes,     644968 total
- age   4:      25512 bytes,     670480 total
- age   5:       2912 bytes,     673392 total
- age   6:       3976 bytes,     677368 total
: 137476K->747K(153344K), 0.0076695 secs] 322950K->186227K(1031552K), 0.0077680 secs] [Times: user=0.01 sys=0.00, real=0.01 secs] 
2016-08-16T14:39:59.101+0000: 335873.072: Total time for which application threads were stopped: 0.0085115 seconds, Stopping threads took: 0.0001220 seconds
2016-08-16T14:40:09.093+0000: 335883.064: [GC (Allocation Failure) 335883.064: [ParNew
Desired survivor size 8716288 bytes, new threshold 6 (max 6)
- age   1:     517480 bytes,     517480 total
- age   2:      35456 bytes,     552936 total
- age   3:      24800 bytes,     577736 total
- age   4:       7752 bytes,     585488 total
- age   5:      25296 bytes,     610784 total
- age   6:       2912 bytes,     613696 total
: 137067K->730K(153344K), 0.0072847 secs] 322547K->186214K(1031552K), 0.0073955 secs] [Times: user=0.01 sys=0.00, real=0.01 secs] 
2016-08-16T14:40:09.101+0000: 335883.071: Total time for which application threads were stopped: 0.0080733 seconds, Stopping threads took: 0.0000799 seconds
2016-08-16T14:40:19.217+0000: 335893.188: [GC (Allocation Failure) 335893.188: [ParNew
Desired survivor size 8716288 bytes, new threshold 6 (max 6)
- age   1:     508888 bytes,     508888 total
- age   2:      26696 bytes,     535584 total
- age   3:      10088 bytes,     545672 total
- age   4:      24432 bytes,     570104 total
- age   5:       7752 bytes,     577856 total
- age   6:      25296 bytes,     603152 total
: 137050K->638K(153344K), 0.0084031 secs] 322534K->186126K(1031552K), 0.0085021 secs] [Times: user=0.02 sys=0.00, real=0.01 secs] 
2016-08-16T14:40:19.226+0000: 335893.196: Total time for which application threads were stopped: 0.0091344 seconds, Stopping threads took: 0.0000717 seconds
2016-08-16T14:40:23.499+0000: 335897.469: Total time for which application threads were stopped: 0.0077130 seconds, Stopping threads took: 0.0003223 seconds
2016-08-16T14:40:29.088+0000: 335903.058: [GC (Allocation Failure) 335903.058: [ParNew
Desired survivor size 8716288 bytes, new threshold 6 (max 6)
- age   1:     629768 bytes,     629768 total
- age   2:      24216 bytes,     653984 total
- age   3:       6752 bytes,     660736 total
- age   4:       6472 bytes,     667208 total
- age   5:      21560 bytes,     688768 total
- age   6:       7176 bytes,     695944 total
: 136958K->755K(153344K), 0.0085784 secs] 322446K->186261K(1031552K), 0.0086849 secs] [Times: user=0.02 sys=0.00, real=0.01 secs] 
2016-08-16T14:40:29.097+0000: 335903.067: Total time for which application threads were stopped: 0.0093225 seconds, Stopping threads took: 0.0000744 seconds
2016-08-16T14:40:39.450+0000: 335913.421: [GC (Allocation Failure) 335913.421: [ParNew
Desired survivor size 8716288 bytes, new threshold 6 (max 6)
- age   1:     572960 bytes,     572960 total
- age   2:      45568 bytes,     618528 total
- age   3:       3544 bytes,     622072 total
- age   4:       4216 bytes,     626288 total
- age   5:       6336 bytes,     632624 total
- age   6:      21560 bytes,     654184 total
: 137075K->722K(153344K), 0.0090716 secs] 322581K->186234K(1031552K), 0.0092185 secs] [Times: user=0.02 sys=0.00, real=0.00 secs] 
2016-08-16T14:40:39.460+0000: 335913.430: Total time for which application threads were stopped: 0.0102372 seconds, Stopping threads took: 0.0001217 seconds
2016-08-16T14:40:41.505+0000: 335915.475: [GC (Allocation Failure) 335915.475: [ParNew
Desired survivor size 8716288 bytes, new threshold 6 (max 6)
- age   1:     589040 bytes,     589040 total
- age   2:      39152 bytes,     628192 total
- age   3:      25544 bytes,     653736 total
- age   4:       3544 bytes,     657280 total
- age   5:       4152 bytes,     661432 total
- age   6:       6120 bytes,     667552 total
: 137042K->725K(153344K), 0.0147567 secs] 322554K->186259K(1031552K), 0.0149488 secs] [Times: user=0.03 sys=0.00, real=0.01 secs] 
2016-08-16T14:40:41.520+0000: 335915.490: Total time for which application threads were stopped: 0.0166143 seconds, Stopping threads took: 0.0002169 seconds
2016-08-16T14:40:49.105+0000: 335923.075: [GC (Allocation Failure) 335923.075: [ParNew
Desired survivor size 8716288 bytes, new threshold 6 (max 6)
- age   1:     377664 bytes,     377664 total
- age   2:      10232 bytes,     387896 total
- age   3:      14200 bytes,     402096 total
- age   4:      25184 bytes,     427280 total
- age   5:       3512 bytes,     430792 total
- age   6:       4024 bytes,     434816 total
: 137045K->444K(153344K), 0.0077410 secs] 322579K->185984K(1031552K), 0.0078391 secs] [Times: user=0.02 sys=0.00, real=0.01 secs] 
2016-08-16T14:40:49.113+0000: 335923.083: Total time for which application threads were stopped: 0.0084628 seconds, Stopping threads took: 0.0000719 seconds
2016-08-16T14:40:59.104+0000: 335933.074: [GC (Allocation Failure) 335933.074: [ParNew
Desired survivor size 8716288 bytes, new threshold 6 (max 6)
- age   1:     564448 bytes,     564448 total
- age   2:      27608 bytes,     592056 total
- age   3:       5296 bytes,     597352 total
- age   4:       7440 bytes,     604792 total
- age   5:      22160 bytes,     626952 total
- age   6:       3440 bytes,     630392 total
: 136764K->711K(153344K), 0.0067801 secs] 322304K->186255K(1031552K), 0.0068926 secs] [Times: user=0.02 sys=0.00, real=0.01 secs] 
2016-08-16T14:40:59.111+0000: 335933.081: Total time for which application threads were stopped: 0.0075620 seconds, Stopping threads took: 0.0000833 seconds
2016-08-16T14:41:09.219+0000: 335943.190: [GC (Allocation Failure) 335943.190: [ParNew
Desired survivor size 8716288 bytes, new threshold 6 (max 6)
- age   1:     517000 bytes,     517000 total
- age   2:      35360 bytes,     552360 total
- age   3:       5200 bytes,     557560 total
- age   4:       5088 bytes,     562648 total
- age   5:       4808 bytes,     567456 total
- age   6:      22088 bytes,     589544 total
: 137031K->595K(153344K), 0.0072145 secs] 322575K->186142K(1031552K), 0.0073173 secs] [Times: user=0.01 sys=0.00, real=0.01 secs] 
2016-08-16T14:41:09.227+0000: 335943.197: Total time for which application threads were stopped: 0.0080081 seconds, Stopping threads took: 0.0000828 seconds
2016-08-16T14:41:19.100+0000: 335953.071: [GC (Allocation Failure) 335953.071: [ParNew
Desired survivor size 8716288 bytes, new threshold 6 (max 6)
- age   1:     534432 bytes,     534432 total
- age   2:      26440 bytes,     560872 total
- age   3:       9880 bytes,     570752 total
- age   4:       4976 bytes,     575728 total
- age   5:       4944 bytes,     580672 total
- age   6:       4808 bytes,     585480 total
: 136915K->655K(153344K), 0.0071923 secs] 322462K->186224K(1031552K), 0.0073076 secs] [Times: user=0.01 sys=0.01, real=0.00 secs] 
2016-08-16T14:41:19.108+0000: 335953.078: Total time for which application threads were stopped: 0.0080342 seconds, Stopping threads took: 0.0001024 seconds
2016-08-16T14:41:23.486+0000: 335957.456: Total time for which application threads were stopped: 0.0010840 seconds, Stopping threads took: 0.0001872 seconds
2016-08-16T14:41:29.221+0000: 335963.191: [GC (Allocation Failure) 335963.191: [ParNew
Desired survivor size 8716288 bytes, new threshold 6 (max 6)
- age   1:     646424 bytes,     646424 total
- age   2:      25192 bytes,     671616 total
- age   3:       6408 bytes,     678024 total
- age   4:       7088 bytes,     685112 total
- age   5:       4272 bytes,     689384 total
- age   6:       4480 bytes,     693864 total
: 136975K->728K(153344K), 0.0076467 secs] 322544K->186302K(1031552K), 0.0077437 secs] [Times: user=0.01 sys=0.00, real=0.01 secs] 
2016-08-16T14:41:29.229+0000: 335963.199: Total time for which application threads were stopped: 0.0084067 seconds, Stopping threads took: 0.0000798 seconds
2016-08-16T14:41:30.231+0000: 335964.201: Total time for which application threads were stopped: 0.0013886 seconds, Stopping threads took: 0.0002277 seconds
2016-08-16T14:41:39.224+0000: 335973.194: [GC (Allocation Failure) 335973.194: [ParNew
Desired survivor size 8716288 bytes, new threshold 6 (max 6)
- age   1:     528448 bytes,     528448 total
- age   2:      50400 bytes,     578848 total
- age   3:       4808 bytes,     583656 total
- age   4:       5128 bytes,     588784 total
- age   5:       7016 bytes,     595800 total
- age   6:       4272 bytes,     600072 total
: 137048K->597K(153344K), 0.0076252 secs] 322622K->186174K(1031552K), 0.0077417 secs] [Times: user=0.01 sys=0.00, real=0.01 secs] 
2016-08-16T14:41:39.232+0000: 335973.202: Total time for which application threads were stopped: 0.0084464 seconds, Stopping threads took: 0.0000840 seconds
2016-08-16T14:41:48.962+0000: 335982.932: [GC (Allocation Failure) 335982.932: [ParNew
Desired survivor size 8716288 bytes, new threshold 6 (max 6)
- age   1:     911824 bytes,     911824 total
- age   2:      32040 bytes,     943864 total
- age   3:      30320 bytes,     974184 total
- age   4:       4584 bytes,     978768 total
- age   5:       5000 bytes,     983768 total
- age   6:       6728 bytes,     990496 total
: 136917K->1099K(153344K), 0.0077754 secs] 322494K->186680K(1031552K), 0.0078930 secs] [Times: user=0.01 sys=0.00, real=0.01 secs] 
2016-08-16T14:41:48.970+0000: 335982.940: Total time for which application threads were stopped: 0.0085902 seconds, Stopping threads took: 0.0000823 seconds
2016-08-16T14:41:59.085+0000: 335993.055: [GC (Allocation Failure) 335993.055: [ParNew
Desired survivor size 8716288 bytes, new threshold 6 (max 6)
- age   1:     597176 bytes,     597176 total
- age   2:      32592 bytes,     629768 total
- age   3:       6472 bytes,     636240 total
- age   4:      27416 bytes,     663656 total
- age   5:       4584 bytes,     668240 total
- age   6:       5000 bytes,     673240 total
: 137419K->689K(153344K), 0.0074252 secs] 323000K->186277K(1031552K), 0.0075250 secs] [Times: user=0.02 sys=0.00, real=0.01 secs] 
2016-08-16T14:41:59.092+0000: 335993.063: Total time for which application threads were stopped: 0.0082407 seconds, Stopping threads took: 0.0000952 seconds
2016-08-16T14:42:09.093+0000: 336003.063: [GC (Allocation Failure) 336003.063: [ParNew
Desired survivor size 8716288 bytes, new threshold 6 (max 6)
- age   1:     540912 bytes,     540912 total
- age   2:      35192 bytes,     576104 total
- age   3:       9880 bytes,     585984 total
- age   4:       4296 bytes,     590280 total
- age   5:      27200 bytes,     617480 total
- age   6:       4584 bytes,     622064 total
: 137009K->688K(153344K), 0.0076749 secs] 322597K->186281K(1031552K), 0.0077848 secs] [Times: user=0.01 sys=0.00, real=0.01 secs] 
2016-08-16T14:42:09.101+0000: 336003.071: Total time for which application threads were stopped: 0.0085073 seconds, Stopping threads took: 0.0000970 seconds
2016-08-16T14:42:19.061+0000: 336013.031: [GC (Allocation Failure) 336013.031: [ParNew
Desired survivor size 8716288 bytes, new threshold 6 (max 6)
- age   1:     553280 bytes,     553280 total
- age   2:      26664 bytes,     579944 total
- age   3:       9664 bytes,     589608 total
- age   4:       9720 bytes,     599328 total
- age   5:       4296 bytes,     603624 total
- age   6:      27200 bytes,     630824 total
: 137008K->767K(153344K), 0.0068244 secs] 322601K->186365K(1031552K), 0.0069233 secs] [Times: user=0.01 sys=0.01, real=0.00 secs] 
2016-08-16T14:42:19.068+0000: 336013.038: Total time for which application threads were stopped: 0.0076132 seconds, Stopping threads took: 0.0000845 seconds
2016-08-16T14:42:23.494+0000: 336017.464: Total time for which application threads were stopped: 0.0007705 seconds, Stopping threads took: 0.0001571 seconds
2016-08-16T14:42:29.266+0000: 336023.236: [GC (Allocation Failure) 336023.236: [ParNew
Desired survivor size 8716288 bytes, new threshold 6 (max 6)
- age   1:     639920 bytes,     639920 total
- age   2:      23960 bytes,     663880 total
- age   3:       6736 bytes,     670616 total
- age   4:       6336 bytes,     676952 total
- age   5:       9216 bytes,     686168 total
- age   6:       3576 bytes,     689744 total
: 137087K->703K(153344K), 0.0080272 secs] 322685K->186319K(1031552K), 0.0081347 secs] [Times: user=0.01 sys=0.00, real=0.01 secs] 
2016-08-16T14:42:29.274+0000: 336023.244: Total time for which application threads were stopped: 0.0088410 seconds, Stopping threads took: 0.0000856 seconds
2016-08-16T14:42:39.193+0000: 336033.163: [GC (Allocation Failure) 336033.163: [ParNew
Desired survivor size 8716288 bytes, new threshold 6 (max 6)
- age   1:     540544 bytes,     540544 total
- age   2:      58704 bytes,     599248 total
- age   3:       3616 bytes,     602864 total
- age   4:       5456 bytes,     608320 total
- age   5:       6264 bytes,     614584 total
- age   6:       9152 bytes,     623736 total
: 137023K->680K(153344K), 0.0077098 secs] 322639K->186299K(1031552K), 0.0078110 secs] [Times: user=0.01 sys=0.00, real=0.01 secs] 
2016-08-16T14:42:39.201+0000: 336033.171: Total time for which application threads were stopped: 0.0085034 seconds, Stopping threads took: 0.0000807 seconds
2016-08-16T14:42:41.296+0000: 336035.266: [GC (Allocation Failure) 336035.266: [ParNew
Desired survivor size 8716288 bytes, new threshold 6 (max 6)
- age   1:     648088 bytes,     648088 total
- age   2:      44200 bytes,     692288 total
- age   3:      38776 bytes,     731064 total
- age   4:       3552 bytes,     734616 total
- age   5:       5240 bytes,     739856 total
- age   6:       6048 bytes,     745904 total
: 137000K->873K(153344K), 0.0067427 secs] 322619K->186501K(1031552K), 0.0068457 secs] [Times: user=0.01 sys=0.00, real=0.01 secs] 
2016-08-16T14:42:41.303+0000: 336035.273: Total time for which application threads were stopped: 0.0075563 seconds, Stopping threads took: 0.0001602 seconds
2016-08-16T14:42:48.981+0000: 336042.951: [GC (Allocation Failure) 336042.951: [ParNew
Desired survivor size 8716288 bytes, new threshold 6 (max 6)
- age   1:     371904 bytes,     371904 total
- age   2:       8816 bytes,     380720 total
- age   3:      15040 bytes,     395760 total
- age   4:      38320 bytes,     434080 total
- age   5:       3520 bytes,     437600 total
- age   6:       5168 bytes,     442768 total
: 137193K->497K(153344K), 0.0070830 secs] 322821K->186132K(1031552K), 0.0071869 secs] [Times: user=0.01 sys=0.00, real=0.01 secs] 
2016-08-16T14:42:48.988+0000: 336042.959: Total time for which application threads were stopped: 0.0078466 seconds, Stopping threads took: 0.0000853 seconds
2016-08-16T14:42:59.233+0000: 336053.204: [GC (Allocation Failure) 336053.204: [ParNew
Desired survivor size 8716288 bytes, new threshold 6 (max 6)
- age   1:     586792 bytes,     586792 total
- age   2:      27280 bytes,     614072 total
- age   3:       6192 bytes,     620264 total
- age   4:       7912 bytes,     628176 total
- age   5:      34856 bytes,     663032 total
- age   6:       3456 bytes,     666488 total
: 136817K->684K(153344K), 0.0134209 secs] 322452K->186323K(1031552K), 0.0135313 secs] [Times: user=0.03 sys=0.00, real=0.01 secs] 
2016-08-16T14:42:59.247+0000: 336053.217: Total time for which application threads were stopped: 0.0141753 seconds, Stopping threads took: 0.0000767 seconds
2016-08-16T14:43:00.248+0000: 336054.219: Total time for which application threads were stopped: 0.0010671 seconds, Stopping threads took: 0.0001906 seconds
2016-08-16T14:43:09.108+0000: 336063.078: [GC (Allocation Failure) 336063.078: [ParNew
Desired survivor size 8716288 bytes, new threshold 6 (max 6)
- age   1:     547248 bytes,     547248 total
- age   2:      40984 bytes,     588232 total
- age   3:       5472 bytes,     593704 total
- age   4:       5800 bytes,     599504 total
- age   5:       5800 bytes,     605304 total
- age   6:      34784 bytes,     640088 total
: 137004K->790K(153344K), 0.0071296 secs] 322643K->186433K(1031552K), 0.0072303 secs] [Times: user=0.02 sys=0.00, real=0.01 secs] 
2016-08-16T14:43:09.115+0000: 336063.085: Total time for which application threads were stopped: 0.0079267 seconds, Stopping threads took: 0.0001068 seconds
2016-08-16T14:43:19.227+0000: 336073.198: [GC (Allocation Failure) 336073.198: [ParNew
Desired survivor size 8716288 bytes, new threshold 6 (max 6)
- age   1:     509792 bytes,     509792 total
- age   2:      26752 bytes,     536544 total
- age   3:      15528 bytes,     552072 total
- age   4:       5304 bytes,     557376 total
- age   5:       5800 bytes,     563176 total
- age   6:       5736 bytes,     568912 total
: 137110K->634K(153344K), 0.0081881 secs] 322753K->186312K(1031552K), 0.0082865 secs] [Times: user=0.01 sys=0.00, real=0.01 secs] 
2016-08-16T14:43:19.236+0000: 336073.206: Total time for which application threads were stopped: 0.0089133 seconds, Stopping threads took: 0.0000717 seconds
2016-08-16T14:43:23.492+0000: 336077.462: Total time for which application threads were stopped: 0.0017887 seconds, Stopping threads took: 0.0003582 seconds
2016-08-16T14:43:29.096+0000: 336083.067: [GC (Allocation Failure) 336083.067: [ParNew
Desired survivor size 8716288 bytes, new threshold 6 (max 6)
- age   1:     639744 bytes,     639744 total
- age   2:      24144 bytes,     663888 total
- age   3:       6696 bytes,     670584 total
- age   4:       9672 bytes,     680256 total
- age   5:       4592 bytes,     684848 total
- age   6:       5368 bytes,     690216 total
: 136954K->732K(153344K), 0.0078546 secs] 322632K->186414K(1031552K), 0.0079885 secs] [Times: user=0.01 sys=0.00, real=0.01 secs] 
2016-08-16T14:43:29.105+0000: 336083.075: Total time for which application threads were stopped: 0.0086862 seconds, Stopping threads took: 0.0000697 seconds
2016-08-16T14:43:39.211+0000: 336093.181: [GC (Allocation Failure) 336093.181: [ParNew
Desired survivor size 8716288 bytes, new threshold 6 (max 6)
- age   1:     586120 bytes,     586120 total
- age   2:      44688 bytes,     630808 total
- age   3:       3840 bytes,     634648 total
- age   4:       4088 bytes,     638736 total
- age   5:       9472 bytes,     648208 total
- age   6:       4592 bytes,     652800 total
: 137052K->767K(153344K), 0.0075905 secs] 322734K->186454K(1031552K), 0.0076930 secs] [Times: user=0.02 sys=0.00, real=0.00 secs] 
2016-08-16T14:43:39.218+0000: 336093.189: Total time for which application threads were stopped: 0.0083913 seconds, Stopping threads took: 0.0000949 seconds
2016-08-16T14:43:49.092+0000: 336103.062: [GC (Allocation Failure) 336103.062: [ParNew
Desired survivor size 8716288 bytes, new threshold 6 (max 6)
- age   1:     875624 bytes,     875624 total
- age   2:      33032 bytes,     908656 total
- age   3:      24648 bytes,     933304 total
- age   4:       3552 bytes,     936856 total
- age   5:       4024 bytes,     940880 total
- age   6:       9184 bytes,     950064 total
: 137087K->959K(153344K), 0.0078003 secs] 322774K->186648K(1031552K), 0.0079026 secs] [Times: user=0.01 sys=0.00, real=0.00 secs] 
2016-08-16T14:43:49.100+0000: 336103.070: Total time for which application threads were stopped: 0.0086088 seconds, Stopping threads took: 0.0000822 seconds
2016-08-16T14:43:58.950+0000: 336112.920: [GC (Allocation Failure) 336112.920: [ParNew
Desired survivor size 8716288 bytes, new threshold 6 (max 6)
- age   1:     575848 bytes,     575848 total
- age   2:      32288 bytes,     608136 total
- age   3:       7432 bytes,     615568 total
- age   4:      21752 bytes,     637320 total
- age   5:       3408 bytes,     640728 total
- age   6:       3720 bytes,     644448 total
: 137279K->686K(153344K), 0.0083909 secs] 322968K->186384K(1031552K), 0.0085163 secs] [Times: user=0.02 sys=0.00, real=0.00 secs] 
2016-08-16T14:43:58.958+0000: 336112.928: Total time for which application threads were stopped: 0.0091886 seconds, Stopping threads took: 0.0001011 seconds
2016-08-16T14:44:09.082+0000: 336123.052: [GC (Allocation Failure) 336123.052: [ParNew
Desired survivor size 8716288 bytes, new threshold 6 (max 6)
- age   1:     720840 bytes,     720840 total
- age   2:      35928 bytes,     756768 total
- age   3:       9544 bytes,     766312 total
- age   4:       4760 bytes,     771072 total
- age   5:      21608 bytes,     792680 total
- age   6:       3408 bytes,     796088 total
: 137006K->843K(153344K), 0.0076096 secs] 322704K->186545K(1031552K), 0.0077039 secs] [Times: user=0.01 sys=0.00, real=0.01 secs] 
2016-08-16T14:44:09.090+0000: 336123.060: Total time for which application threads were stopped: 0.0084685 seconds, Stopping threads took: 0.0001596 seconds
2016-08-16T14:44:19.096+0000: 336133.066: [GC (Allocation Failure) 336133.066: [ParNew
Desired survivor size 8716288 bytes, new threshold 6 (max 6)
- age   1:     536560 bytes,     536560 total
- age   2:      26984 bytes,     563544 total
- age   3:      10536 bytes,     574080 total
- age   4:       9336 bytes,     583416 total
- age   5:       4600 bytes,     588016 total
- age   6:      21608 bytes,     609624 total
: 137163K->888K(153344K), 0.0073339 secs] 322865K->186593K(1031552K), 0.0074337 secs] [Times: user=0.01 sys=0.00, real=0.01 secs] 
2016-08-16T14:44:19.103+0000: 336133.074: Total time for which application threads were stopped: 0.0081321 seconds, Stopping threads took: 0.0000890 seconds
2016-08-16T14:44:23.492+0000: 336137.463: Total time for which application threads were stopped: 0.0019611 seconds, Stopping threads took: 0.0002923 seconds
2016-08-16T14:44:29.114+0000: 336143.084: [GC (Allocation Failure) 336143.084: [ParNew
Desired survivor size 8716288 bytes, new threshold 6 (max 6)
- age   1:     626312 bytes,     626312 total
- age   2:      28376 bytes,     654688 total
- age   3:       6736 bytes,     661424 total
- age   4:       7456 bytes,     668880 total
- age   5:       8480 bytes,     677360 total
- age   6:       3592 bytes,     680952 total
: 137208K->733K(153344K), 0.0075226 secs] 322913K->186452K(1031552K), 0.0076403 secs] [Times: user=0.01 sys=0.00, real=0.01 secs] 
2016-08-16T14:44:29.121+0000: 336143.092: Total time for which application threads were stopped: 0.0083571 seconds, Stopping threads took: 0.0000837 seconds
2016-08-16T14:44:39.063+0000: 336153.034: [GC (Allocation Failure) 336153.034: [ParNew
Desired survivor size 8716288 bytes, new threshold 6 (max 6)
- age   1:     568648 bytes,     568648 total
- age   2:      46592 bytes,     615240 total
- age   3:       7864 bytes,     623104 total
- age   4:       5456 bytes,     628560 total
- age   5:       7320 bytes,     635880 total
- age   6:       8480 bytes,     644360 total
: 137053K->704K(153344K), 0.0069362 secs] 322772K->186427K(1031552K), 0.0070351 secs] [Times: user=0.01 sys=0.00, real=0.01 secs] 
2016-08-16T14:44:39.071+0000: 336153.041: Total time for which application threads were stopped: 0.0076897 seconds, Stopping threads took: 0.0000783 seconds
2016-08-16T14:44:41.225+0000: 336155.196: [GC (Allocation Failure) 336155.196: [ParNew
Desired survivor size 8716288 bytes, new threshold 6 (max 6)
- age   1:     732928 bytes,     732928 total
- age   2:      38648 bytes,     771576 total
- age   3:      26488 bytes,     798064 total
- age   4:       7864 bytes,     805928 total
- age   5:       5392 bytes,     811320 total
- age   6:       7104 bytes,     818424 total
: 137024K->839K(153344K), 0.0069932 secs] 322747K->186570K(1031552K), 0.0070773 secs] [Times: user=0.01 sys=0.00, real=0.01 secs] 
2016-08-16T14:44:41.233+0000: 336155.203: Total time for which application threads were stopped: 0.0077114 seconds, Stopping threads took: 0.0001197 seconds
2016-08-16T14:44:49.233+0000: 336163.203: [GC (Allocation Failure) 336163.203: [ParNew
Desired survivor size 8716288 bytes, new threshold 6 (max 6)
- age   1:     400432 bytes,     400432 total
- age   2:      15568 bytes,     416000 total
- age   3:      13864 bytes,     429864 total
- age   4:      26216 bytes,     456080 total
- age   5:       7832 bytes,     463912 total
- age   6:       5264 bytes,     469176 total
: 137159K->508K(153344K), 0.0073498 secs] 322890K->186246K(1031552K), 0.0074477 secs] [Times: user=0.01 sys=0.00, real=0.01 secs] 
2016-08-16T14:44:49.241+0000: 336163.211: Total time for which application threads were stopped: 0.0081593 seconds, Stopping threads took: 0.0000940 seconds
2016-08-16T14:44:59.098+0000: 336173.068: [GC (Allocation Failure) 336173.068: [ParNew
Desired survivor size 8716288 bytes, new threshold 6 (max 6)
- age   1:     576344 bytes,     576344 total
- age   2:      28880 bytes,     605224 total
- age   3:      10912 bytes,     616136 total
- age   4:       7408 bytes,     623544 total
- age   5:      23328 bytes,     646872 total
- age   6:       7832 bytes,     654704 total
: 136828K->771K(153344K), 0.0079488 secs] 322566K->186514K(1031552K), 0.0080579 secs] [Times: user=0.02 sys=0.00, real=0.01 secs] 
2016-08-16T14:44:59.106+0000: 336173.076: Total time for which application threads were stopped: 0.0087564 seconds, Stopping threads took: 0.0000807 seconds
2016-08-16T14:45:09.083+0000: 336183.053: [GC (Allocation Failure) 336183.053: [ParNew
Desired survivor size 8716288 bytes, new threshold 6 (max 6)
- age   1:     531152 bytes,     531152 total
- age   2:      35088 bytes,     566240 total
- age   3:       6408 bytes,     572648 total
- age   4:      10704 bytes,     583352 total
- age   5:       4752 bytes,     588104 total
- age   6:      23184 bytes,     611288 total
: 137091K->652K(153344K), 0.0076152 secs] 322834K->186403K(1031552K), 0.0077332 secs] [Times: user=0.02 sys=0.00, real=0.01 secs] 
2016-08-16T14:45:09.090+0000: 336183.061: Total time for which application threads were stopped: 0.0084218 seconds, Stopping threads took: 0.0000822 seconds
2016-08-16T14:45:19.081+0000: 336193.051: [GC (Allocation Failure) 336193.051: [ParNew
Desired survivor size 8716288 bytes, new threshold 6 (max 6)
- age   1:     533280 bytes,     533280 total
- age   2:      26144 bytes,     559424 total
- age   3:       9728 bytes,     569152 total
- age   4:       6312 bytes,     575464 total
- age   5:      10704 bytes,     586168 total
- age   6:       4752 bytes,     590920 total
: 136972K->706K(153344K), 0.0076670 secs] 322723K->186480K(1031552K), 0.0077663 secs] [Times: user=0.01 sys=0.00, real=0.01 secs] 
2016-08-16T14:45:19.089+0000: 336193.059: Total time for which application threads were stopped: 0.0084938 seconds, Stopping threads took: 0.0001068 seconds
2016-08-16T14:45:23.492+0000: 336197.462: Total time for which application threads were stopped: 0.0017697 seconds, Stopping threads took: 0.0003482 seconds
2016-08-16T14:45:29.065+0000: 336203.035: [GC (Allocation Failure) 336203.035: [ParNew
Desired survivor size 8716288 bytes, new threshold 6 (max 6)
- age   1:     640760 bytes,     640760 total
- age   2:      26312 bytes,     667072 total
- age   3:       6432 bytes,     673504 total
- age   4:       7240 bytes,     680744 total
- age   5:       5680 bytes,     686424 total
- age   6:      10128 bytes,     696552 total
: 137026K->748K(153344K), 0.0079293 secs] 322800K->186526K(1031552K), 0.0080263 secs] [Times: user=0.02 sys=0.00, real=0.01 secs] 
2016-08-16T14:45:29.073+0000: 336203.043: Total time for which application threads were stopped: 0.0088291 seconds, Stopping threads took: 0.0000681 seconds
2016-08-16T14:45:39.083+0000: 336213.054: [GC (Allocation Failure) 336213.054: [ParNew
Desired survivor size 8716288 bytes, new threshold 6 (max 6)
- age   1:     601096 bytes,     601096 total
- age   2:      46184 bytes,     647280 total
- age   3:       6080 bytes,     653360 total
- age   4:       5216 bytes,     658576 total
- age   5:       7040 bytes,     665616 total
- age   6:       5616 bytes,     671232 total
: 137068K->788K(153344K), 0.0076294 secs] 322846K->186576K(1031552K), 0.0077278 secs] [Times: user=0.02 sys=0.00, real=0.01 secs] 
2016-08-16T14:45:39.091+0000: 336213.061: Total time for which application threads were stopped: 0.0083979 seconds, Stopping threads took: 0.0000942 seconds
2016-08-16T14:45:49.154+0000: 336223.124: [GC (Allocation Failure) 336223.124: [ParNew
Desired survivor size 8716288 bytes, new threshold 6 (max 6)
- age   1:     904912 bytes,     904912 total
- age   2:      33784 bytes,     938696 total
- age   3:      25872 bytes,     964568 total
- age   4:       5760 bytes,     970328 total
- age   5:       5088 bytes,     975416 total
- age   6:       6824 bytes,     982240 total
: 137108K->1028K(153344K), 0.0076466 secs] 322896K->186822K(1031552K), 0.0077483 secs] [Times: user=0.01 sys=0.00, real=0.01 secs] 
2016-08-16T14:45:49.162+0000: 336223.132: Total time for which application threads were stopped: 0.0084252 seconds, Stopping threads took: 0.0000826 seconds
2016-08-16T14:45:59.289+0000: 336233.259: [GC (Allocation Failure) 336233.259: [ParNew
Desired survivor size 8716288 bytes, new threshold 6 (max 6)
- age   1:     548544 bytes,     548544 total
- age   2:      33560 bytes,     582104 total
- age   3:       8208 bytes,     590312 total
- age   4:      23112 bytes,     613424 total
- age   5:       5760 bytes,     619184 total
- age   6:       5016 bytes,     624200 total
: 137348K->682K(153344K), 0.0078609 secs] 323142K->186482K(1031552K), 0.0079614 secs] [Times: user=0.02 sys=0.00, real=0.00 secs] 
2016-08-16T14:45:59.297+0000: 336233.267: Total time for which application threads were stopped: 0.0086680 seconds, Stopping threads took: 0.0000817 seconds
2016-08-16T14:46:00.968+0000: 336234.938: Total time for which application threads were stopped: 0.0023801 seconds, Stopping threads took: 0.0000853 seconds
2016-08-16T14:46:09.331+0000: 336243.301: [GC (Allocation Failure) 336243.302: [ParNew
Desired survivor size 8716288 bytes, new threshold 6 (max 6)
- age   1:     507096 bytes,     507096 total
- age   2:      35264 bytes,     542360 total
- age   3:      10832 bytes,     553192 total
- age   4:       5472 bytes,     558664 total
- age   5:      23040 bytes,     581704 total
- age   6:       5760 bytes,     587464 total
: 137002K->595K(153344K), 0.0078086 secs] 322802K->186400K(1031552K), 0.0079250 secs] [Times: user=0.02 sys=0.00, real=0.00 secs] 
2016-08-16T14:46:09.339+0000: 336243.309: Total time for which application threads were stopped: 0.0086169 seconds, Stopping threads took: 0.0000833 seconds
2016-08-16T14:46:16.725+0000: 336250.695: Total time for which application threads were stopped: 0.0006494 seconds, Stopping threads took: 0.0000888 seconds
2016-08-16T14:46:16.726+0000: 336250.696: Total time for which application threads were stopped: 0.0003392 seconds, Stopping threads took: 0.0000512 seconds
2016-08-16T14:46:17.089+0000: 336251.059: [GC (Allocation Failure) 336251.059: [ParNew
Desired survivor size 8716288 bytes, new threshold 6 (max 6)
- age   1:    1198024 bytes,    1198024 total
- age   2:      25656 bytes,    1223680 total
- age   3:       9576 bytes,    1233256 total
- age   4:      10232 bytes,    1243488 total
- age   5:       5344 bytes,    1248832 total
- age   6:      21888 bytes,    1270720 total
: 136915K->1362K(153344K), 0.0136790 secs] 322720K->187173K(1031552K), 0.0138290 secs] [Times: user=0.03 sys=0.00, real=0.01 secs] 
2016-08-16T14:46:17.103+0000: 336251.073: Total time for which application threads were stopped: 0.0149814 seconds, Stopping threads took: 0.0001541 seconds
2016-08-16T14:46:18.737+0000: 336252.707: Total time for which application threads were stopped: 0.0010863 seconds, Stopping threads took: 0.0001193 seconds
2016-08-16T14:46:19.146+0000: 336253.116: [GC (Allocation Failure) 336253.116: [ParNew
Desired survivor size 8716288 bytes, new threshold 6 (max 6)
- age   1:    3904232 bytes,    3904232 total
- age   2:     108864 bytes,    4013096 total
- age   3:       3560 bytes,    4016656 total
- age   4:       6520 bytes,    4023176 total
- age   5:       7088 bytes,    4030264 total
- age   6:       2352 bytes,    4032616 total
: 137682K->4071K(153344K), 0.0136871 secs] 323493K->189901K(1031552K), 0.0137991 secs] [Times: user=0.02 sys=0.00, real=0.01 secs] 
2016-08-16T14:46:19.159+0000: 336253.130: Total time for which application threads were stopped: 0.0144365 seconds, Stopping threads took: 0.0000680 seconds
2016-08-16T14:46:19.162+0000: 336253.133: Total time for which application threads were stopped: 0.0006870 seconds, Stopping threads took: 0.0000862 seconds
2016-08-16T14:46:19.163+0000: 336253.133: Total time for which application threads were stopped: 0.0003821 seconds, Stopping threads took: 0.0000603 seconds
2016-08-16T14:46:19.385+0000: 336253.355: [GC (Allocation Failure) 336253.355: [ParNew
Desired survivor size 8716288 bytes, new threshold 6 (max 6)
- age   1:     690480 bytes,     690480 total
- age   2:     324552 bytes,    1015032 total
- age   3:      97240 bytes,    1112272 total
- age   4:       3560 bytes,    1115832 total
- age   5:       6520 bytes,    1122352 total
- age   6:       7088 bytes,    1129440 total
: 140391K->1430K(153344K), 0.0090911 secs] 326221K->187263K(1031552K), 0.0092069 secs] [Times: user=0.02 sys=0.00, real=0.01 secs] 
2016-08-16T14:46:19.394+0000: 336253.364: Total time for which application threads were stopped: 0.0099835 seconds, Stopping threads took: 0.0000881 seconds
2016-08-16T14:46:20.395+0000: 336254.365: Total time for which application threads were stopped: 0.0005576 seconds, Stopping threads took: 0.0000910 seconds
2016-08-16T14:46:23.397+0000: 336257.367: Total time for which application threads were stopped: 0.0013024 seconds, Stopping threads took: 0.0002277 seconds
2016-08-16T14:46:23.486+0000: 336257.456: Total time for which application threads were stopped: 0.0008056 seconds, Stopping threads took: 0.0002771 seconds
2016-08-16T14:46:23.640+0000: 336257.610: [GC (Allocation Failure) 336257.610: [ParNew
Desired survivor size 8716288 bytes, new threshold 6 (max 6)
- age   1:    6524800 bytes,    6524800 total
- age   2:      44824 bytes,    6569624 total
- age   3:     290368 bytes,    6859992 total
- age   4:      84760 bytes,    6944752 total
- age   5:       3456 bytes,    6948208 total
- age   6:       3784 bytes,    6951992 total
: 137750K->6971K(153344K), 0.0172569 secs] 323583K->192810K(1031552K), 0.0173771 secs] [Times: user=0.03 sys=0.00, real=0.01 secs] 
2016-08-16T14:46:23.658+0000: 336257.628: Total time for which application threads were stopped: 0.0180550 seconds, Stopping threads took: 0.0000787 seconds
2016-08-16T14:46:23.661+0000: 336257.631: Total time for which application threads were stopped: 0.0008016 seconds, Stopping threads took: 0.0001068 seconds
2016-08-16T14:46:23.661+0000: 336257.632: Total time for which application threads were stopped: 0.0003919 seconds, Stopping threads took: 0.0000336 seconds
2016-08-16T14:46:23.662+0000: 336257.632: Total time for which application threads were stopped: 0.0003469 seconds, Stopping threads took: 0.0000205 seconds
2016-08-16T14:46:23.742+0000: 336257.713: [GC (Allocation Failure) 336257.713: [ParNew
Desired survivor size 8716288 bytes, new threshold 6 (max 6)
- age   1:     364624 bytes,     364624 total
- age   2:     154264 bytes,     518888 total
- age   3:       4672 bytes,     523560 total
- age   4:     282912 bytes,     806472 total
- age   5:      84760 bytes,     891232 total
- age   6:       3456 bytes,     894688 total
: 143291K->1404K(153344K), 0.0085708 secs] 329130K->187246K(1031552K), 0.0086661 secs] [Times: user=0.01 sys=0.00, real=0.01 secs] 
2016-08-16T14:46:23.751+0000: 336257.721: Total time for which application threads were stopped: 0.0093126 seconds, Stopping threads took: 0.0000756 seconds
2016-08-16T14:46:23.830+0000: 336257.800: [GC (Allocation Failure) 336257.800: [ParNew
Desired survivor size 8716288 bytes, new threshold 6 (max 6)
- age   1:     346760 bytes,     346760 total
- age   2:      21344 bytes,     368104 total
- age   3:     132720 bytes,     500824 total
- age   4:       4672 bytes,     505496 total
- age   5:     282768 bytes,     788264 total
- age   6:      84760 bytes,     873024 total
: 137724K->1043K(153344K), 0.0068520 secs] 323566K->186889K(1031552K), 0.0069352 secs] [Times: user=0.02 sys=0.00, real=0.00 secs] 
2016-08-16T14:46:23.837+0000: 336257.807: Total time for which application threads were stopped: 0.0075304 seconds, Stopping threads took: 0.0000758 seconds
2016-08-16T14:46:29.076+0000: 336263.046: [GC (Allocation Failure) 336263.046: [ParNew
Desired survivor size 8716288 bytes, new threshold 6 (max 6)
- age   1:     765144 bytes,     765144 total
- age   2:      39616 bytes,     804760 total
- age   3:       4944 bytes,     809704 total
- age   4:     120912 bytes,     930616 total
- age   5:       4672 bytes,     935288 total
- age   6:     282520 bytes,    1217808 total
: 137363K->1520K(153344K), 0.0080734 secs] 323209K->187450K(1031552K), 0.0081763 secs] [Times: user=0.01 sys=0.00, real=0.01 secs] 
2016-08-16T14:46:29.084+0000: 336263.054: Total time for which application threads were stopped: 0.0088643 seconds, Stopping threads took: 0.0000827 seconds
2016-08-16T14:46:33.087+0000: 336267.057: Total time for which application threads were stopped: 0.0014591 seconds, Stopping threads took: 0.0001875 seconds
2016-08-16T14:46:34.088+0000: 336268.059: Total time for which application threads were stopped: 0.0015478 seconds, Stopping threads took: 0.0002274 seconds
2016-08-16T14:46:39.062+0000: 336273.032: [GC (Allocation Failure) 336273.032: [ParNew
Desired survivor size 8716288 bytes, new threshold 6 (max 6)
- age   1:    2824440 bytes,    2824440 total
- age   2:      31800 bytes,    2856240 total
- age   3:       4752 bytes,    2860992 total
- age   4:       4880 bytes,    2865872 total
- age   5:     112336 bytes,    2978208 total
- age   6:       4536 bytes,    2982744 total
: 137840K->3236K(153344K), 0.0119094 secs] 323770K->189443K(1031552K), 0.0120378 secs] [Times: user=0.02 sys=0.00, real=0.01 secs] 
2016-08-16T14:46:39.074+0000: 336273.045: Total time for which application threads were stopped: 0.0127718 seconds, Stopping threads took: 0.0000830 seconds
2016-08-16T14:46:49.174+0000: 336283.144: [GC (Allocation Failure) 336283.144: [ParNew
Desired survivor size 8716288 bytes, new threshold 6 (max 6)
- age   1:    1138712 bytes,    1138712 total
- age   2:      40968 bytes,    1179680 total
- age   3:      11992 bytes,    1191672 total
- age   4:       4224 bytes,    1195896 total
- age   5:       4776 bytes,    1200672 total
- age   6:     110216 bytes,    1310888 total
: 139556K->1462K(153344K), 0.0096141 secs] 325763K->187673K(1031552K), 0.0097173 secs] [Times: user=0.02 sys=0.00, real=0.01 secs] 
2016-08-16T14:46:49.184+0000: 336283.154: Total time for which application threads were stopped: 0.0103425 seconds, Stopping threads took: 0.0000647 seconds
2016-08-16T14:46:51.885+0000: 336285.856: [GC (Allocation Failure) 336285.856: [ParNew
Desired survivor size 8716288 bytes, new threshold 6 (max 6)
- age   1:     272352 bytes,     272352 total
- age   2:      43672 bytes,     316024 total
- age   3:      22128 bytes,     338152 total
- age   4:      11864 bytes,     350016 total
- age   5:       4152 bytes,     354168 total
- age   6:       4672 bytes,     358840 total
: 137782K->538K(153344K), 0.0067495 secs] 323993K->186860K(1031552K), 0.0068539 secs] [Times: user=0.01 sys=0.00, real=0.01 secs] 
2016-08-16T14:46:51.892+0000: 336285.863: Total time for which application threads were stopped: 0.0074635 seconds, Stopping threads took: 0.0000804 seconds
2016-08-16T14:46:59.129+0000: 336293.099: [GC (Allocation Failure) 336293.099: [ParNew
Desired survivor size 8716288 bytes, new threshold 6 (max 6)
- age   1:     394864 bytes,     394864 total
- age   2:       4776 bytes,     399640 total
- age   3:      21200 bytes,     420840 total
- age   4:      15448 bytes,     436288 total
- age   5:      11552 bytes,     447840 total
- age   6:       4008 bytes,     451848 total
: 136858K->513K(153344K), 0.0070550 secs] 323180K->186839K(1031552K), 0.0071529 secs] [Times: user=0.01 sys=0.00, real=0.00 secs] 
2016-08-16T14:46:59.136+0000: 336293.107: Total time for which application threads were stopped: 0.0078785 seconds, Stopping threads took: 0.0000821 seconds
2016-08-16T14:47:09.096+0000: 336303.066: [GC (Allocation Failure) 336303.066: [ParNew
Desired survivor size 8716288 bytes, new threshold 6 (max 6)
- age   1:     560560 bytes,     560560 total
- age   2:      35368 bytes,     595928 total
- age   3:       3656 bytes,     599584 total
- age   4:      17264 bytes,     616848 total
- age   5:      12856 bytes,     629704 total
- age   6:      11552 bytes,     641256 total
: 136833K->697K(153344K), 0.0080365 secs] 323159K->187027K(1031552K), 0.0081414 secs] [Times: user=0.02 sys=0.00, real=0.01 secs] 
2016-08-16T14:47:09.104+0000: 336303.074: Total time for which application threads were stopped: 0.0087795 seconds, Stopping threads took: 0.0000704 seconds
2016-08-16T14:47:19.095+0000: 336313.066: [GC (Allocation Failure) 336313.066: [ParNew
Desired survivor size 8716288 bytes, new threshold 6 (max 6)
- age   1:     543072 bytes,     543072 total
- age   2:      27656 bytes,     570728 total
- age   3:      10008 bytes,     580736 total
- age   4:       3600 bytes,     584336 total
- age   5:      16560 bytes,     600896 total
- age   6:      12856 bytes,     613752 total
: 137017K->674K(153344K), 0.0073186 secs] 323347K->187014K(1031552K), 0.0074186 secs] [Times: user=0.01 sys=0.00, real=0.01 secs] 
2016-08-16T14:47:19.103+0000: 336313.073: Total time for which application threads were stopped: 0.0081155 seconds, Stopping threads took: 0.0000866 seconds
2016-08-16T14:47:23.485+0000: 336317.455: Total time for which application threads were stopped: 0.0006177 seconds, Stopping threads took: 0.0001132 seconds
2016-08-16T14:47:29.061+0000: 336323.031: [GC (Allocation Failure) 336323.031: [ParNew
Desired survivor size 8716288 bytes, new threshold 6 (max 6)
- age   1:    1044256 bytes,    1044256 total
- age   2:      23816 bytes,    1068072 total
- age   3:       6696 bytes,    1074768 total
- age   4:       5424 bytes,    1080192 total
- age   5:       3064 bytes,    1083256 total
- age   6:      14472 bytes,    1097728 total
: 136994K->1143K(153344K), 0.0087817 secs] 323334K->187496K(1031552K), 0.0088953 secs] [Times: user=0.02 sys=0.00, real=0.01 secs] 
2016-08-16T14:47:29.070+0000: 336323.040: Total time for which application threads were stopped: 0.0097047 seconds, Stopping threads took: 0.0001672 seconds
2016-08-16T14:47:39.090+0000: 336333.060: [GC (Allocation Failure) 336333.060: [ParNew
Desired survivor size 8716288 bytes, new threshold 6 (max 6)
- age   1:     610448 bytes,     610448 total
- age   2:      51800 bytes,     662248 total
- age   3:       3680 bytes,     665928 total
- age   4:       4104 bytes,     670032 total
- age   5:       5288 bytes,     675320 total
- age   6:       2936 bytes,     678256 total
: 137463K->770K(153344K), 0.0078026 secs] 323816K->187137K(1031552K), 0.0079072 secs] [Times: user=0.01 sys=0.00, real=0.00 secs] 
2016-08-16T14:47:39.098+0000: 336333.068: Total time for which application threads were stopped: 0.0085699 seconds, Stopping threads took: 0.0000778 seconds
2016-08-16T14:47:46.101+0000: 336340.072: Total time for which application threads were stopped: 0.0015975 seconds, Stopping threads took: 0.0002191 seconds
2016-08-16T14:47:49.077+0000: 336343.047: [GC (Allocation Failure) 336343.047: [ParNew
Desired survivor size 8716288 bytes, new threshold 6 (max 6)
- age   1:     901776 bytes,     901776 total
- age   2:      34520 bytes,     936296 total
- age   3:      31360 bytes,     967656 total
- age   4:       3584 bytes,     971240 total
- age   5:       3848 bytes,     975088 total
- age   6:       5096 bytes,     980184 total
: 137090K->1032K(153344K), 0.0077755 secs] 323457K->187402K(1031552K), 0.0078763 secs] [Times: user=0.01 sys=0.00, real=0.01 secs] 
2016-08-16T14:47:49.085+0000: 336343.055: Total time for which application threads were stopped: 0.0085875 seconds, Stopping threads took: 0.0000831 seconds
2016-08-16T14:47:59.210+0000: 336353.180: [GC (Allocation Failure) 336353.180: [ParNew
Desired survivor size 8716288 bytes, new threshold 6 (max 6)
- age   1:     634064 bytes,     634064 total
- age   2:      38504 bytes,     672568 total
- age   3:       7736 bytes,     680304 total
- age   4:      28832 bytes,     709136 total
- age   5:       3512 bytes,     712648 total
- age   6:       3848 bytes,     716496 total
: 137352K->778K(153344K), 0.0079730 secs] 323722K->187153K(1031552K), 0.0080725 secs] [Times: user=0.01 sys=0.00, real=0.00 secs] 
2016-08-16T14:47:59.218+0000: 336353.188: Total time for which application threads were stopped: 0.0087679 seconds, Stopping threads took: 0.0000987 seconds
2016-08-16T14:48:09.272+0000: 336363.242: [GC (Allocation Failure) 336363.242: [ParNew
Desired survivor size 8716288 bytes, new threshold 6 (max 6)
- age   1:     525464 bytes,     525464 total
- age   2:      44888 bytes,     570352 total
- age   3:      16536 bytes,     586888 total
- age   4:       6400 bytes,     593288 total
- age   5:      28688 bytes,     621976 total
- age   6:       3512 bytes,     625488 total
: 137098K->614K(153344K), 0.0073167 secs] 323473K->186993K(1031552K), 0.0074138 secs] [Times: user=0.01 sys=0.00, real=0.00 secs] 
2016-08-16T14:48:09.279+0000: 336363.249: Total time for which application threads were stopped: 0.0080763 seconds, Stopping threads took: 0.0000944 seconds
2016-08-16T14:48:19.191+0000: 336373.162: [GC (Allocation Failure) 336373.162: [ParNew
Desired survivor size 8716288 bytes, new threshold 6 (max 6)
- age   1:     568248 bytes,     568248 total
- age   2:      27576 bytes,     595824 total
- age   3:      17816 bytes,     613640 total
- age   4:      16352 bytes,     629992 total
- age   5:       6272 bytes,     636264 total
- age   6:      28624 bytes,     664888 total
: 136934K->827K(153344K), 0.0080554 secs] 323313K->187210K(1031552K), 0.0081736 secs] [Times: user=0.02 sys=0.00, real=0.00 secs] 
2016-08-16T14:48:19.200+0000: 336373.170: Total time for which application threads were stopped: 0.0088703 seconds, Stopping threads took: 0.0000841 seconds
2016-08-16T14:48:23.491+0000: 336377.461: Total time for which application threads were stopped: 0.0018568 seconds, Stopping threads took: 0.0003058 seconds
2016-08-16T14:48:26.960+0000: 336380.930: [GC (Allocation Failure) 336380.931: [ParNew
Desired survivor size 8716288 bytes, new threshold 6 (max 6)
- age   1:    1127400 bytes,    1127400 total
- age   2:      24672 bytes,    1152072 total
- age   3:       6792 bytes,    1158864 total
- age   4:      10800 bytes,    1169664 total
- age   5:      14992 bytes,    1184656 total
- age   6:       5560 bytes,    1190216 total
: 137147K->1257K(153344K), 0.0088727 secs] 323530K->187660K(1031552K), 0.0089721 secs] [Times: user=0.01 sys=0.00, real=0.01 secs] 
2016-08-16T14:48:26.969+0000: 336380.940: Total time for which application threads were stopped: 0.0096117 seconds, Stopping threads took: 0.0001151 seconds
2016-08-16T14:48:29.121+0000: 336383.091: [GC (Allocation Failure) 336383.091: [ParNew
Desired survivor size 8716288 bytes, new threshold 6 (max 6)
- age   1:     231152 bytes,     231152 total
- age   2:     163792 bytes,     394944 total
- age   3:       5768 bytes,     400712 total
- age   4:       6728 bytes,     407440 total
- age   5:      10696 bytes,     418136 total
- age   6:      14928 bytes,     433064 total
: 137577K->571K(153344K), 0.0071293 secs] 323980K->186979K(1031552K), 0.0072098 secs] [Times: user=0.01 sys=0.00, real=0.00 secs] 
2016-08-16T14:48:29.128+0000: 336383.098: Total time for which application threads were stopped: 0.0078504 seconds, Stopping threads took: 0.0001259 seconds
2016-08-16T14:48:39.106+0000: 336393.076: [GC (Allocation Failure) 336393.076: [ParNew
Desired survivor size 8716288 bytes, new threshold 6 (max 6)
- age   1:     506424 bytes,     506424 total
- age   2:      11080 bytes,     517504 total
- age   3:     139968 bytes,     657472 total
- age   4:       4592 bytes,     662064 total
- age   5:       4264 bytes,     666328 total
- age   6:      10568 bytes,     676896 total
: 136891K->741K(153344K), 0.0075690 secs] 323299K->187165K(1031552K), 0.0076725 secs] [Times: user=0.02 sys=0.00, real=0.01 secs] 
2016-08-16T14:48:39.113+0000: 336393.084: Total time for which application threads were stopped: 0.0083588 seconds, Stopping threads took: 0.0000819 seconds
2016-08-16T14:48:49.074+0000: 336403.045: [GC (Allocation Failure) 336403.045: [ParNew
Desired survivor size 8716288 bytes, new threshold 6 (max 6)
- age   1:     942384 bytes,     942384 total
- age   2:      33144 bytes,     975528 total
- age   3:       5672 bytes,     981200 total
- age   4:     138952 bytes,    1120152 total
- age   5:       4432 bytes,    1124584 total
- age   6:       4128 bytes,    1128712 total
: 137061K->1143K(153344K), 0.0084685 secs] 323485K->187577K(1031552K), 0.0085739 secs] [Times: user=0.02 sys=0.00, real=0.01 secs] 
2016-08-16T14:48:49.083+0000: 336403.053: Total time for which application threads were stopped: 0.0092553 seconds, Stopping threads took: 0.0000819 seconds
2016-08-16T14:48:59.083+0000: 336413.053: [GC (Allocation Failure) 336413.053: [ParNew
Desired survivor size 8716288 bytes, new threshold 6 (max 6)
- age   1:     634200 bytes,     634200 total
- age   2:      31928 bytes,     666128 total
- age   3:       6464 bytes,     672592 total
- age   4:       4672 bytes,     677264 total
- age   5:     135272 bytes,     812536 total
- age   6:       3912 bytes,     816448 total
: 137463K->903K(153344K), 0.0075187 secs] 323897K->187341K(1031552K), 0.0076210 secs] [Times: user=0.01 sys=0.00, real=0.01 secs] 
2016-08-16T14:48:59.091+0000: 336413.061: Total time for which application threads were stopped: 0.0083098 seconds, Stopping threads took: 0.0000859 seconds
2016-08-16T14:49:09.202+0000: 336423.173: [GC (Allocation Failure) 336423.173: [ParNew
Desired survivor size 8716288 bytes, new threshold 6 (max 6)
- age   1:     528768 bytes,     528768 total
- age   2:      39216 bytes,     567984 total
- age   3:       9416 bytes,     577400 total
- age   4:       3872 bytes,     581272 total
- age   5:       4544 bytes,     585816 total
- age   6:     134864 bytes,     720680 total
: 137223K->707K(153344K), 0.0074770 secs] 323661K->187149K(1031552K), 0.0075916 secs] [Times: user=0.02 sys=0.00, real=0.01 secs] 
2016-08-16T14:49:09.210+0000: 336423.180: Total time for which application threads were stopped: 0.0082707 seconds, Stopping threads took: 0.0000802 seconds
2016-08-16T14:49:19.073+0000: 336433.044: [GC (Allocation Failure) 336433.044: [ParNew
Desired survivor size 8716288 bytes, new threshold 6 (max 6)
- age   1:     549488 bytes,     549488 total
- age   2:      27984 bytes,     577472 total
- age   3:      13560 bytes,     591032 total
- age   4:       9384 bytes,     600416 total
- age   5:       3784 bytes,     604200 total
- age   6:       4472 bytes,     608672 total
: 137027K->686K(153344K), 0.0074302 secs] 323469K->187260K(1031552K), 0.0075277 secs] [Times: user=0.02 sys=0.00, real=0.01 secs] 
2016-08-16T14:49:19.081+0000: 336433.051: Total time for which application threads were stopped: 0.0081920 seconds, Stopping threads took: 0.0000774 seconds
2016-08-16T14:49:23.494+0000: 336437.464: Total time for which application threads were stopped: 0.0018723 seconds, Stopping threads took: 0.0003357 seconds
2016-08-16T14:49:29.074+0000: 336443.045: [GC (Allocation Failure) 336443.045: [ParNew
Desired survivor size 8716288 bytes, new threshold 6 (max 6)
- age   1:    1109776 bytes,    1109776 total
- age   2:      31160 bytes,    1140936 total
- age   3:       6984 bytes,    1147920 total
- age   4:       9280 bytes,    1157200 total
- age   5:       8128 bytes,    1165328 total
- age   6:       3352 bytes,    1168680 total
: 137006K->1275K(153344K), 0.0080963 secs] 323580K->187851K(1031552K), 0.0082029 secs] [Times: user=0.01 sys=0.00, real=0.01 secs] 
2016-08-16T14:49:29.083+0000: 336443.053: Total time for which application threads were stopped: 0.0088806 seconds, Stopping threads took: 0.0000852 seconds
2016-08-16T14:49:30.085+0000: 336444.055: Total time for which application threads were stopped: 0.0015842 seconds, Stopping threads took: 0.0002288 seconds
2016-08-16T14:49:39.051+0000: 336453.022: [GC (Allocation Failure) 336453.022: [ParNew
Desired survivor size 8716288 bytes, new threshold 6 (max 6)
- age   1:     598248 bytes,     598248 total
- age   2:      58744 bytes,     656992 total
- age   3:      11176 bytes,     668168 total
- age   4:       5840 bytes,     674008 total
- age   5:       9072 bytes,     683080 total
- age   6:       8000 bytes,     691080 total
: 137595K->782K(153344K), 0.0072619 secs] 324171K->187361K(1031552K), 0.0073648 secs] [Times: user=0.01 sys=0.00, real=0.00 secs] 
2016-08-16T14:49:39.059+0000: 336453.029: Total time for which application threads were stopped: 0.0080113 seconds, Stopping threads took: 0.0000811 seconds
2016-08-16T14:49:48.921+0000: 336462.891: [GC (Allocation Failure) 336462.891: [ParNew
Desired survivor size 8716288 bytes, new threshold 6 (max 6)
- age   1:     943312 bytes,     943312 total
- age   2:      34184 bytes,     977496 total
- age   3:      37920 bytes,    1015416 total
- age   4:      10848 bytes,    1026264 total
- age   5:       5776 bytes,    1032040 total
- age   6:       9072 bytes,    1041112 total
: 137102K->1115K(153344K), 0.0082838 secs] 323681K->187702K(1031552K), 0.0083914 secs] [Times: user=0.02 sys=0.00, real=0.01 secs] 
2016-08-16T14:49:48.929+0000: 336462.899: Total time for which application threads were stopped: 0.0091374 seconds, Stopping threads took: 0.0000819 seconds
2016-08-16T14:49:59.318+0000: 336473.289: [GC (Allocation Failure) 336473.289: [ParNew
Desired survivor size 8716288 bytes, new threshold 6 (max 6)
- age   1:     585784 bytes,     585784 total
- age   2:      37264 bytes,     623048 total
- age   3:       7488 bytes,     630536 total
- age   4:      32760 bytes,     663296 total
- age   5:      10784 bytes,     674080 total
- age   6:       5776 bytes,     679856 total
: 137435K->772K(153344K), 0.0077979 secs] 324022K->187367K(1031552K), 0.0079021 secs] [Times: user=0.01 sys=0.00, real=0.01 secs] 
2016-08-16T14:49:59.326+0000: 336473.297: Total time for which application threads were stopped: 0.0085493 seconds, Stopping threads took: 0.0000752 seconds
2016-08-16T14:50:02.046+0000: 336476.016: [GC (Allocation Failure) 336476.016: [ParNew
Desired survivor size 8716288 bytes, new threshold 6 (max 6)
- age   1:     297296 bytes,     297296 total
- age   2:      41792 bytes,     339088 total
- age   3:      15456 bytes,     354544 total
- age   4:       4960 bytes,     359504 total
- age   5:      32560 bytes,     392064 total
- age   6:      10784 bytes,     402848 total
: 137092K->465K(153344K), 0.0094243 secs] 323687K->187066K(1031552K), 0.0095973 secs] [Times: user=0.02 sys=0.00, real=0.01 secs] 
2016-08-16T14:50:02.056+0000: 336476.026: Total time for which application threads were stopped: 0.0111263 seconds, Stopping threads took: 0.0002289 seconds
2016-08-16T14:50:09.191+0000: 336483.161: [GC (Allocation Failure) 336483.161: [ParNew
Desired survivor size 8716288 bytes, new threshold 6 (max 6)
- age   1:     297648 bytes,     297648 total
- age   2:      11624 bytes,     309272 total
- age   3:      19432 bytes,     328704 total
- age   4:      15392 bytes,     344096 total
- age   5:       4744 bytes,     348840 total
- age   6:      32488 bytes,     381328 total
: 136785K->423K(153344K), 0.0069353 secs] 323386K->187035K(1031552K), 0.0070351 secs] [Times: user=0.02 sys=0.00, real=0.00 secs] 
2016-08-16T14:50:09.198+0000: 336483.168: Total time for which application threads were stopped: 0.0077269 seconds, Stopping threads took: 0.0000844 seconds
2016-08-16T14:50:19.021+0000: 336492.991: [GC (Allocation Failure) 336492.991: [ParNew
Desired survivor size 8716288 bytes, new threshold 6 (max 6)
- age   1:     505920 bytes,     505920 total
- age   2:      21920 bytes,     527840 total
- age   3:       5952 bytes,     533792 total
- age   4:      12784 bytes,     546576 total
- age   5:      15152 bytes,     561728 total
- age   6:       4672 bytes,     566400 total
: 136743K->645K(153344K), 0.0075143 secs] 323355K->187289K(1031552K), 0.0076126 secs] [Times: user=0.01 sys=0.00, real=0.01 secs] 
2016-08-16T14:50:19.029+0000: 336492.999: Total time for which application threads were stopped: 0.0082995 seconds, Stopping threads took: 0.0000810 seconds
2016-08-16T14:50:23.489+0000: 336497.459: Total time for which application threads were stopped: 0.0010277 seconds, Stopping threads took: 0.0001552 seconds
2016-08-16T14:50:29.111+0000: 336503.081: [GC (Allocation Failure) 336503.081: [ParNew
Desired survivor size 8716288 bytes, new threshold 6 (max 6)
- age   1:    1095152 bytes,    1095152 total
- age   2:      26960 bytes,    1122112 total
- age   3:       2400 bytes,    1124512 total
- age   4:       5336 bytes,    1129848 total
- age   5:       7720 bytes,    1137568 total
- age   6:      14328 bytes,    1151896 total
: 136965K->1230K(153344K), 0.0084727 secs] 323609K->187878K(1031552K), 0.0085749 secs] [Times: user=0.02 sys=0.00, real=0.00 secs] 
2016-08-16T14:50:29.120+0000: 336503.090: Total time for which application threads were stopped: 0.0092685 seconds, Stopping threads took: 0.0000826 seconds
2016-08-16T14:50:39.048+0000: 336513.018: [GC (Allocation Failure) 336513.018: [ParNew
Desired survivor size 8716288 bytes, new threshold 6 (max 6)
- age   1:     592472 bytes,     592472 total
- age   2:      51960 bytes,     644432 total
- age   3:       7360 bytes,     651792 total
- age   4:       1648 bytes,     653440 total
- age   5:       5184 bytes,     658624 total
- age   6:       7648 bytes,     666272 total
: 137550K->772K(153344K), 0.0077891 secs] 324198K->187434K(1031552K), 0.0078969 secs] [Times: user=0.02 sys=0.00, real=0.01 secs] 
2016-08-16T14:50:39.056+0000: 336513.026: Total time for which application threads were stopped: 0.0085954 seconds, Stopping threads took: 0.0000916 seconds
2016-08-16T14:50:49.203+0000: 336523.173: [GC (Allocation Failure) 336523.173: [ParNew
Desired survivor size 8716288 bytes, new threshold 6 (max 6)
- age   1:     942552 bytes,     942552 total
- age   2:      34632 bytes,     977184 total
- age   3:      31560 bytes,    1008744 total
- age   4:       7264 bytes,    1016008 total
- age   5:       1648 bytes,    1017656 total
- age   6:       5048 bytes,    1022704 total
: 137092K->1072K(153344K), 0.0081879 secs] 323754K->187742K(1031552K), 0.0083054 secs] [Times: user=0.01 sys=0.00, real=0.01 secs] 
2016-08-16T14:50:49.211+0000: 336523.181: Total time for which application threads were stopped: 0.0090045 seconds, Stopping threads took: 0.0000858 seconds
2016-08-16T14:50:59.059+0000: 336533.029: [GC (Allocation Failure) 336533.029: [ParNew
Desired survivor size 8716288 bytes, new threshold 6 (max 6)
- age   1:     621776 bytes,     621776 total
- age   2:      32800 bytes,     654576 total
- age   3:       7888 bytes,     662464 total
- age   4:      27496 bytes,     689960 total
- age   5:       7264 bytes,     697224 total
- age   6:       1648 bytes,     698872 total
: 137392K->853K(153344K), 0.0079544 secs] 324062K->187527K(1031552K), 0.0080611 secs] [Times: user=0.01 sys=0.00, real=0.01 secs] 
2016-08-16T14:50:59.067+0000: 336533.037: Total time for which application threads were stopped: 0.0087630 seconds, Stopping threads took: 0.0000834 seconds
2016-08-16T14:51:09.200+0000: 336543.170: [GC (Allocation Failure) 336543.170: [ParNew
Desired survivor size 8716288 bytes, new threshold 6 (max 6)
- age   1:     565480 bytes,     565480 total
- age   2:      38696 bytes,     604176 total
- age   3:      10200 bytes,     614376 total
- age   4:       5360 bytes,     619736 total
- age   5:      27360 bytes,     647096 total
- age   6:       7264 bytes,     654360 total
: 137173K->684K(153344K), 0.0083440 secs] 323847K->187361K(1031552K), 0.0084589 secs] [Times: user=0.01 sys=0.00, real=0.01 secs] 
2016-08-16T14:51:09.208+0000: 336543.178: Total time for which application threads were stopped: 0.0092082 seconds, Stopping threads took: 0.0000883 seconds
2016-08-16T14:51:19.056+0000: 336553.026: [GC (Allocation Failure) 336553.026: [ParNew
Desired survivor size 8716288 bytes, new threshold 6 (max 6)
- age   1:     552376 bytes,     552376 total
- age   2:      27648 bytes,     580024 total
- age   3:      13088 bytes,     593112 total
- age   4:       9912 bytes,     603024 total
- age   5:       5088 bytes,     608112 total
- age   6:      27360 bytes,     635472 total
: 137004K->773K(153344K), 0.0077135 secs] 323681K->187457K(1031552K), 0.0078115 secs] [Times: user=0.01 sys=0.00, real=0.01 secs] 
2016-08-16T14:51:19.064+0000: 336553.034: Total time for which application threads were stopped: 0.0085194 seconds, Stopping threads took: 0.0000842 seconds
2016-08-16T14:51:19.437+0000: 336553.408: Total time for which application threads were stopped: 0.0057733 seconds, Stopping threads took: 0.0001918 seconds
2016-08-16T14:51:23.493+0000: 336557.464: Total time for which application threads were stopped: 0.0008517 seconds, Stopping threads took: 0.0001715 seconds
2016-08-16T14:51:29.112+0000: 336563.082: [GC (Allocation Failure) 336563.082: [ParNew
Desired survivor size 8716288 bytes, new threshold 6 (max 6)
- age   1:    1193016 bytes,    1193016 total
- age   2:      24168 bytes,    1217184 total
- age   3:       6912 bytes,    1224096 total
- age   4:       7272 bytes,    1231368 total
- age   5:       8624 bytes,    1239992 total
- age   6:       4016 bytes,    1244008 total
: 137093K->1244K(153344K), 0.0088163 secs] 323777K->187946K(1031552K), 0.0089171 secs] [Times: user=0.02 sys=0.00, real=0.01 secs] 
2016-08-16T14:51:29.121+0000: 336563.091: Total time for which application threads were stopped: 0.0096119 seconds, Stopping threads took: 0.0000812 seconds
2016-08-16T14:51:34.501+0000: 336568.471: [GC (Allocation Failure) 336568.471: [ParNew
Desired survivor size 8716288 bytes, new threshold 6 (max 6)
- age   1:     563832 bytes,     563832 total
- age   2:      62616 bytes,     626448 total
- age   3:       3488 bytes,     629936 total
- age   4:       4384 bytes,     634320 total
- age   5:       7088 bytes,     641408 total
- age   6:       8624 bytes,     650032 total
: 137564K->773K(153344K), 0.0072477 secs] 324266K->187479K(1031552K), 0.0073922 secs] [Times: user=0.01 sys=0.00, real=0.01 secs] 
2016-08-16T14:51:34.508+0000: 336568.479: Total time for which application threads were stopped: 0.0081243 seconds, Stopping threads took: 0.0000831 seconds
2016-08-16T14:51:39.443+0000: 336573.413: [GC (Allocation Failure) 336573.413: [ParNew
Desired survivor size 8716288 bytes, new threshold 6 (max 6)
- age   1:     295984 bytes,     295984 total
- age   2:      13936 bytes,     309920 total
- age   3:      37280 bytes,     347200 total
- age   4:       3464 bytes,     350664 total
- age   5:       4384 bytes,     355048 total
- age   6:       7088 bytes,     362136 total
: 137093K->486K(153344K), 0.0066375 secs] 323799K->187201K(1031552K), 0.0067268 secs] [Times: user=0.01 sys=0.00, real=0.01 secs] 
2016-08-16T14:51:39.450+0000: 336573.420: Total time for which application threads were stopped: 0.0073509 seconds, Stopping threads took: 0.0000794 seconds
2016-08-16T14:51:48.943+0000: 336582.914: [GC (Allocation Failure) 336582.914: [ParNew
Desired survivor size 8716288 bytes, new threshold 6 (max 6)
- age   1:     859712 bytes,     859712 total
- age   2:      28280 bytes,     887992 total
- age   3:       7216 bytes,     895208 total
- age   4:      35488 bytes,     930696 total
- age   5:       3168 bytes,     933864 total
- age   6:       4256 bytes,     938120 total
: 136806K->976K(153344K), 0.0082641 secs] 323521K->187697K(1031552K), 0.0083684 secs] [Times: user=0.01 sys=0.00, real=0.01 secs] 
2016-08-16T14:51:48.952+0000: 336582.922: Total time for which application threads were stopped: 0.0090559 seconds, Stopping threads took: 0.0000845 seconds
2016-08-16T14:51:59.077+0000: 336593.047: [GC (Allocation Failure) 336593.047: [ParNew
Desired survivor size 8716288 bytes, new threshold 6 (max 6)
- age   1:     620704 bytes,     620704 total
- age   2:      39432 bytes,     660136 total
- age   3:       1584 bytes,     661720 total
- age   4:       6320 bytes,     668040 total
- age   5:      32216 bytes,     700256 total
- age   6:       3104 bytes,     703360 total
: 137296K->758K(153344K), 0.0082582 secs] 324017K->187484K(1031552K), 0.0083608 secs] [Times: user=0.01 sys=0.00, real=0.01 secs] 
2016-08-16T14:51:59.085+0000: 336593.055: Total time for which application threads were stopped: 0.0090153 seconds, Stopping threads took: 0.0000731 seconds
2016-08-16T14:52:09.065+0000: 336603.035: [GC (Allocation Failure) 336603.035: [ParNew
Desired survivor size 8716288 bytes, new threshold 6 (max 6)
- age   1:     559976 bytes,     559976 total
- age   2:      38008 bytes,     597984 total
- age   3:      17088 bytes,     615072 total
- age   4:       1584 bytes,     616656 total
- age   5:       5672 bytes,     622328 total
- age   6:      32144 bytes,     654472 total
: 137078K->816K(153344K), 0.0077523 secs] 323804K->187545K(1031552K), 0.0078621 secs] [Times: user=0.01 sys=0.00, real=0.01 secs] 
2016-08-16T14:52:09.073+0000: 336603.043: Total time for which application threads were stopped: 0.0085747 seconds, Stopping threads took: 0.0000732 seconds
2016-08-16T14:52:19.057+0000: 336613.027: [GC (Allocation Failure) 336613.027: [ParNew
Desired survivor size 8716288 bytes, new threshold 6 (max 6)
- age   1:     521024 bytes,     521024 total
- age   2:      26672 bytes,     547696 total
- age   3:      12464 bytes,     560160 total
- age   4:      16920 bytes,     577080 total
- age   5:       1584 bytes,     578664 total
- age   6:       5672 bytes,     584336 total
: 137136K->597K(153344K), 0.0076924 secs] 323865K->187358K(1031552K), 0.0077902 secs] [Times: user=0.02 sys=0.00, real=0.01 secs] 
2016-08-16T14:52:19.065+0000: 336613.035: Total time for which application threads were stopped: 0.0084663 seconds, Stopping threads took: 0.0000900 seconds
2016-08-16T14:52:23.497+0000: 336617.467: Total time for which application threads were stopped: 0.0039871 seconds, Stopping threads took: 0.0033953 seconds
2016-08-16T14:52:28.935+0000: 336622.906: [GC (Allocation Failure) 336622.906: [ParNew
Desired survivor size 8716288 bytes, new threshold 6 (max 6)
- age   1:    1013088 bytes,    1013088 total
- age   2:      24688 bytes,    1037776 total
- age   3:       6672 bytes,    1044448 total
- age   4:       6792 bytes,    1051240 total
- age   5:      15720 bytes,    1066960 total
- age   6:       1440 bytes,    1068400 total
: 136917K->1142K(153344K), 0.0083608 secs] 323678K->187907K(1031552K), 0.0084767 secs] [Times: user=0.01 sys=0.00, real=0.01 secs] 
2016-08-16T14:52:28.944+0000: 336622.914: Total time for which application threads were stopped: 0.0091725 seconds, Stopping threads took: 0.0000839 seconds
2016-08-16T14:52:39.131+0000: 336633.102: [GC (Allocation Failure) 336633.102: [ParNew
Desired survivor size 8716288 bytes, new threshold 6 (max 6)
- age   1:     567088 bytes,     567088 total
- age   2:      48648 bytes,     615736 total
- age   3:       3784 bytes,     619520 total
- age   4:       4736 bytes,     624256 total
- age   5:       6720 bytes,     630976 total
- age   6:      15720 bytes,     646696 total
: 137462K->722K(153344K), 0.0083871 secs] 324227K->187489K(1031552K), 0.0084942 secs] [Times: user=0.01 sys=0.00, real=0.00 secs] 
2016-08-16T14:52:39.140+0000: 336633.110: Total time for which application threads were stopped: 0.0091394 seconds, Stopping threads took: 0.0000714 seconds
2016-08-16T14:52:49.361+0000: 336643.331: [GC (Allocation Failure) 336643.331: [ParNew
Desired survivor size 8716288 bytes, new threshold 6 (max 6)
- age   1:     898816 bytes,     898816 total
- age   2:      33872 bytes,     932688 total
- age   3:      28144 bytes,     960832 total
- age   4:       3688 bytes,     964520 total
- age   5:       4672 bytes,     969192 total
- age   6:       6648 bytes,     975840 total
: 137042K->1031K(153344K), 0.0079475 secs] 323809K->187812K(1031552K), 0.0080539 secs] [Times: user=0.02 sys=0.00, real=0.01 secs] 
2016-08-16T14:52:49.369+0000: 336643.339: Total time for which application threads were stopped: 0.0087716 seconds, Stopping threads took: 0.0000830 seconds
2016-08-16T14:52:59.053+0000: 336653.024: [GC (Allocation Failure) 336653.024: [ParNew
Desired survivor size 8716288 bytes, new threshold 6 (max 6)
- age   1:     683432 bytes,     683432 total
- age   2:      35648 bytes,     719080 total
- age   3:       7176 bytes,     726256 total
- age   4:      24920 bytes,     751176 total
- age   5:       3688 bytes,     754864 total
- age   6:       4672 bytes,     759536 total
: 137351K->821K(153344K), 0.0075978 secs] 324132K->187609K(1031552K), 0.0076969 secs] [Times: user=0.01 sys=0.00, real=0.01 secs] 
2016-08-16T14:52:59.061+0000: 336653.031: Total time for which application threads were stopped: 0.0083784 seconds, Stopping threads took: 0.0000811 seconds
2016-08-16T14:53:09.406+0000: 336663.376: [GC (Allocation Failure) 336663.376: [ParNew
Desired survivor size 8716288 bytes, new threshold 6 (max 6)
- age   1:     485656 bytes,     485656 total
- age   2:      47240 bytes,     532896 total
- age   3:      14096 bytes,     546992 total
- age   4:       6528 bytes,     553520 total
- age   5:      24568 bytes,     578088 total
- age   6:       3560 bytes,     581648 total
: 137141K->599K(153344K), 0.0076227 secs] 323929K->187392K(1031552K), 0.0077203 secs] [Times: user=0.02 sys=0.00, real=0.01 secs] 
2016-08-16T14:53:09.414+0000: 336663.384: Total time for which application threads were stopped: 0.0084208 seconds, Stopping threads took: 0.0000804 seconds
2016-08-16T14:53:15.518+0000: 336669.488: [GC (Allocation Failure) 336669.488: [ParNew
Desired survivor size 8716288 bytes, new threshold 6 (max 6)
- age   1:     371032 bytes,     371032 total
- age   2:      26768 bytes,     397800 total
- age   3:      21544 bytes,     419344 total
- age   4:      13992 bytes,     433336 total
- age   5:       6464 bytes,     439800 total
- age   6:      24568 bytes,     464368 total
: 136919K->573K(153344K), 0.0111879 secs] 323712K->187369K(1031552K), 0.0113796 secs] [Times: user=0.02 sys=0.00, real=0.02 secs] 
2016-08-16T14:53:15.529+0000: 336669.499: Total time for which application threads were stopped: 0.0129775 seconds, Stopping threads took: 0.0001990 seconds
2016-08-16T14:53:19.288+0000: 336673.258: [GC (Allocation Failure) 336673.258: [ParNew
Desired survivor size 8716288 bytes, new threshold 6 (max 6)
- age   1:     597056 bytes,     597056 total
- age   2:      26408 bytes,     623464 total
- age   3:       7640 bytes,     631104 total
- age   4:      20696 bytes,     651800 total
- age   5:      13920 bytes,     665720 total
- age   6:       6464 bytes,     672184 total
: 136893K->686K(153344K), 0.0073592 secs] 323689K->187507K(1031552K), 0.0074547 secs] [Times: user=0.01 sys=0.00, real=0.01 secs] 
2016-08-16T14:53:19.295+0000: 336673.265: Total time for which application threads were stopped: 0.0081355 seconds, Stopping threads took: 0.0000813 seconds
2016-08-16T14:53:23.492+0000: 336677.462: Total time for which application threads were stopped: 0.0017650 seconds, Stopping threads took: 0.0003205 seconds
2016-08-16T14:53:29.191+0000: 336683.161: [GC (Allocation Failure) 336683.161: [ParNew
Desired survivor size 8716288 bytes, new threshold 6 (max 6)
- age   1:     677896 bytes,     677896 total
- age   2:      23568 bytes,     701464 total
- age   3:       4144 bytes,     705608 total
- age   4:       6312 bytes,     711920 total
- age   5:      14056 bytes,     725976 total
- age   6:      13200 bytes,     739176 total
: 137006K->832K(153344K), 0.0078094 secs] 323827K->187658K(1031552K), 0.0079180 secs] [Times: user=0.01 sys=0.00, real=0.00 secs] 
2016-08-16T14:53:29.199+0000: 336683.169: Total time for which application threads were stopped: 0.0086054 seconds, Stopping threads took: 0.0000842 seconds
2016-08-16T14:53:39.068+0000: 336693.038: [GC (Allocation Failure) 336693.038: [ParNew
Desired survivor size 8716288 bytes, new threshold 6 (max 6)
- age   1:     624808 bytes,     624808 total
- age   2:      52184 bytes,     676992 total
- age   3:       4496 bytes,     681488 total
- age   4:       3504 bytes,     684992 total
- age   5:       4152 bytes,     689144 total
- age   6:      13984 bytes,     703128 total
: 137152K->844K(153344K), 0.0083186 secs] 323978K->187683K(1031552K), 0.0084216 secs] [Times: user=0.02 sys=0.00, real=0.01 secs] 
2016-08-16T14:53:39.076+0000: 336693.047: Total time for which application threads were stopped: 0.0091043 seconds, Stopping threads took: 0.0000815 seconds
2016-08-16T14:53:49.088+0000: 336703.058: [GC (Allocation Failure) 336703.058: [ParNew
Desired survivor size 8716288 bytes, new threshold 6 (max 6)
- age   1:     934272 bytes,     934272 total
- age   2:      34384 bytes,     968656 total
- age   3:      31656 bytes,    1000312 total
- age   4:       4424 bytes,    1004736 total
- age   5:       3408 bytes,    1008144 total
- age   6:       4088 bytes,    1012232 total
: 137164K->1024K(153344K), 0.0085297 secs] 324003K->187876K(1031552K), 0.0086575 secs] [Times: user=0.02 sys=0.00, real=0.01 secs] 
2016-08-16T14:53:49.097+0000: 336703.067: Total time for which application threads were stopped: 0.0093450 seconds, Stopping threads took: 0.0000824 seconds
2016-08-16T14:53:59.212+0000: 336713.182: [GC (Allocation Failure) 336713.182: [ParNew
Desired survivor size 8716288 bytes, new threshold 6 (max 6)
- age   1:     624168 bytes,     624168 total
- age   2:      32392 bytes,     656560 total
- age   3:       7728 bytes,     664288 total
- age   4:      26392 bytes,     690680 total
- age   5:       4424 bytes,     695104 total
- age   6:       3344 bytes,     698448 total
: 137344K->764K(153344K), 0.0077065 secs] 324196K->187620K(1031552K), 0.0078034 secs] [Times: user=0.01 sys=0.00, real=0.00 secs] 
2016-08-16T14:53:59.220+0000: 336713.190: Total time for which application threads were stopped: 0.0085320 seconds, Stopping threads took: 0.0001266 seconds
2016-08-16T14:54:09.052+0000: 336723.022: [GC (Allocation Failure) 336723.022: [ParNew
Desired survivor size 8716288 bytes, new threshold 6 (max 6)
- age   1:     534888 bytes,     534888 total
- age   2:      38640 bytes,     573528 total
- age   3:      10256 bytes,     583784 total
- age   4:       5168 bytes,     588952 total
- age   5:      25984 bytes,     614936 total
- age   6:       4424 bytes,     619360 total
: 137084K->701K(153344K), 0.0073646 secs] 323940K->187561K(1031552K), 0.0074933 secs] [Times: user=0.02 sys=0.00, real=0.00 secs] 
2016-08-16T14:54:09.059+0000: 336723.029: Total time for which application threads were stopped: 0.0081619 seconds, Stopping threads took: 0.0000835 seconds
2016-08-16T14:54:18.920+0000: 336732.890: [GC (Allocation Failure) 336732.890: [ParNew
Desired survivor size 8716288 bytes, new threshold 6 (max 6)
- age   1:     529664 bytes,     529664 total
- age   2:      28032 bytes,     557696 total
- age   3:      12928 bytes,     570624 total
- age   4:      10032 bytes,     580656 total
- age   5:       5040 bytes,     585696 total
- age   6:      25984 bytes,     611680 total
: 137021K->745K(153344K), 0.0071745 secs] 323881K->187609K(1031552K), 0.0072748 secs] [Times: user=0.01 sys=0.00, real=0.01 secs] 
2016-08-16T14:54:18.927+0000: 336732.897: Total time for which application threads were stopped: 0.0079508 seconds, Stopping threads took: 0.0000843 seconds
2016-08-16T14:54:23.490+0000: 336737.460: Total time for which application threads were stopped: 0.0011661 seconds, Stopping threads took: 0.0002283 seconds
2016-08-16T14:54:29.056+0000: 336743.027: [GC (Allocation Failure) 336743.027: [ParNew
Desired survivor size 8716288 bytes, new threshold 6 (max 6)
- age   1:    1053808 bytes,    1053808 total
- age   2:      28688 bytes,    1082496 total
- age   3:       7048 bytes,    1089544 total
- age   4:       7504 bytes,    1097048 total
- age   5:       8832 bytes,    1105880 total
- age   6:       4256 bytes,    1110136 total
: 137065K->1175K(153344K), 0.0081673 secs] 323929K->188058K(1031552K), 0.0082673 secs] [Times: user=0.01 sys=0.00, real=0.01 secs] 
2016-08-16T14:54:29.065+0000: 336743.035: Total time for which application threads were stopped: 0.0089818 seconds, Stopping threads took: 0.0000783 seconds
2016-08-16T14:54:39.049+0000: 336753.020: [GC (Allocation Failure) 336753.020: [ParNew
Desired survivor size 8716288 bytes, new threshold 6 (max 6)
- age   1:     553816 bytes,     553816 total
- age   2:      54024 bytes,     607840 total
- age   3:       8528 bytes,     616368 total
- age   4:       5712 bytes,     622080 total
- age   5:       7432 bytes,     629512 total
- age   6:       8832 bytes,     638344 total
: 137495K->704K(153344K), 0.0078301 secs] 324378K->187591K(1031552K), 0.0079358 secs] [Times: user=0.01 sys=0.00, real=0.00 secs] 
2016-08-16T14:54:39.058+0000: 336753.028: Total time for which application threads were stopped: 0.0086142 seconds, Stopping threads took: 0.0000785 seconds
2016-08-16T14:54:45.230+0000: 336759.200: [GC (Allocation Failure) 336759.200: [ParNew
Desired survivor size 8716288 bytes, new threshold 6 (max 6)
- age   1:     756144 bytes,     756144 total
- age   2:      33856 bytes,     790000 total
- age   3:      33352 bytes,     823352 total
- age   4:       8496 bytes,     831848 total
- age   5:       5584 bytes,     837432 total
- age   6:       7288 bytes,     844720 total
: 137024K->937K(153344K), 0.0127526 secs] 323911K->187832K(1031552K), 0.0129583 secs] [Times: user=0.02 sys=0.00, real=0.01 secs] 
2016-08-16T14:54:45.243+0000: 336759.213: Total time for which application threads were stopped: 0.0146958 seconds, Stopping threads took: 0.0001933 seconds
2016-08-16T14:54:49.334+0000: 336763.304: [GC (Allocation Failure) 336763.304: [ParNew
Desired survivor size 8716288 bytes, new threshold 6 (max 6)
- age   1:     284680 bytes,     284680 total
- age   2:      20256 bytes,     304936 total
- age   3:      14808 bytes,     319744 total
- age   4:      33280 bytes,     353024 total
- age   5:       8368 bytes,     361392 total
- age   6:       5456 bytes,     366848 total
: 137257K->392K(153344K), 0.0069686 secs] 324152K->187294K(1031552K), 0.0070617 secs] [Times: user=0.01 sys=0.00, real=0.01 secs] 
2016-08-16T14:54:49.341+0000: 336763.311: Total time for which application threads were stopped: 0.0076901 seconds, Stopping threads took: 0.0000921 seconds
2016-08-16T14:54:59.418+0000: 336773.388: [GC (Allocation Failure) 336773.388: [ParNew
Desired survivor size 8716288 bytes, new threshold 6 (max 6)
- age   1:     545392 bytes,     545392 total
- age   2:      28168 bytes,     573560 total
- age   3:      12336 bytes,     585896 total
- age   4:       7504 bytes,     593400 total
- age   5:      28536 bytes,     621936 total
- age   6:       8240 bytes,     630176 total
: 136712K->712K(153344K), 0.0080317 secs] 323614K->187619K(1031552K), 0.0081287 secs] [Times: user=0.02 sys=0.00, real=0.01 secs] 
2016-08-16T14:54:59.426+0000: 336773.397: Total time for which application threads were stopped: 0.0088398 seconds, Stopping threads took: 0.0000817 seconds
2016-08-16T14:55:09.058+0000: 336783.028: [GC (Allocation Failure) 336783.028: [ParNew
Desired survivor size 8716288 bytes, new threshold 6 (max 6)
- age   1:     491128 bytes,     491128 total
- age   2:      37520 bytes,     528648 total
- age   3:       5680 bytes,     534328 total
- age   4:      11592 bytes,     545920 total
- age   5:       5576 bytes,     551496 total
- age   6:      28464 bytes,     579960 total
: 137032K->583K(153344K), 0.0076729 secs] 323939K->187498K(1031552K), 0.0077742 secs] [Times: user=0.01 sys=0.00, real=0.01 secs] 
2016-08-16T14:55:09.066+0000: 336783.036: Total time for which application threads were stopped: 0.0084511 seconds, Stopping threads took: 0.0000836 seconds
2016-08-16T14:55:19.425+0000: 336793.396: [GC (Allocation Failure) 336793.396: [ParNew
Desired survivor size 8716288 bytes, new threshold 6 (max 6)
- age   1:     811584 bytes,     811584 total
- age   2:      27064 bytes,     838648 total
- age   3:      11432 bytes,     850080 total
- age   4:       5656 bytes,     855736 total
- age   5:      11208 bytes,     866944 total
- age   6:       5512 bytes,     872456 total
: 136903K->942K(153344K), 0.0078095 secs] 323818K->187886K(1031552K), 0.0079092 secs] [Times: user=0.02 sys=0.00, real=0.01 secs] 
2016-08-16T14:55:19.433+0000: 336793.404: Total time for which application threads were stopped: 0.0085960 seconds, Stopping threads took: 0.0000832 seconds
2016-08-16T14:55:23.495+0000: 336797.465: Total time for which application threads were stopped: 0.0019072 seconds, Stopping threads took: 0.0003145 seconds
2016-08-16T14:55:29.414+0000: 336803.385: [GC (Allocation Failure) 336803.385: [ParNew
Desired survivor size 8716288 bytes, new threshold 6 (max 6)
- age   1:     700784 bytes,     700784 total
- age   2:      27544 bytes,     728328 total
- age   3:       6160 bytes,     734488 total
- age   4:       6976 bytes,     741464 total
- age   5:       5160 bytes,     746624 total
- age   6:      10200 bytes,     756824 total
: 137262K->811K(153344K), 0.0085314 secs] 324206K->187760K(1031552K), 0.0086355 secs] [Times: user=0.02 sys=0.00, real=0.01 secs] 
2016-08-16T14:55:29.423+0000: 336803.393: Total time for which application threads were stopped: 0.0092678 seconds, Stopping threads took: 0.0000687 seconds
2016-08-16T14:55:39.413+0000: 336813.384: [GC (Allocation Failure) 336813.384: [ParNew
Desired survivor size 8716288 bytes, new threshold 6 (max 6)
- age   1:     500360 bytes,     500360 total
- age   2:      50352 bytes,     550712 total
- age   3:       8144 bytes,     558856 total
- age   4:       5576 bytes,     564432 total
- age   5:       6776 bytes,     571208 total
- age   6:       5096 bytes,     576304 total
: 137131K->656K(153344K), 0.0070962 secs] 324080K->187615K(1031552K), 0.0072081 secs] [Times: user=0.02 sys=0.00, real=0.01 secs] 
2016-08-16T14:55:39.421+0000: 336813.391: Total time for which application threads were stopped: 0.0080134 seconds, Stopping threads took: 0.0000896 seconds
2016-08-16T14:55:48.920+0000: 336822.890: [GC (Allocation Failure) 336822.890: [ParNew
Desired survivor size 8716288 bytes, new threshold 6 (max 6)
- age   1:     900448 bytes,     900448 total
- age   2:      33184 bytes,     933632 total
- age   3:      28256 bytes,     961888 total
- age   4:       7928 bytes,     969816 total
- age   5:       5512 bytes,     975328 total
- age   6:       6632 bytes,     981960 total
: 136976K->1012K(153344K), 0.0079985 secs] 323935K->187975K(1031552K), 0.0081098 secs] [Times: user=0.01 sys=0.00, real=0.01 secs] 
2016-08-16T14:55:48.928+0000: 336822.899: Total time for which application threads were stopped: 0.0088325 seconds, Stopping threads took: 0.0001094 seconds
2016-08-16T14:55:59.225+0000: 336833.195: [GC (Allocation Failure) 336833.195: [ParNew
Desired survivor size 8716288 bytes, new threshold 6 (max 6)
- age   1:     546968 bytes,     546968 total
- age   2:      32464 bytes,     579432 total
- age   3:       7256 bytes,     586688 total
- age   4:      25264 bytes,     611952 total
- age   5:       7928 bytes,     619880 total
- age   6:       5512 bytes,     625392 total
: 137332K->737K(153344K), 0.0078803 secs] 324295K->187708K(1031552K), 0.0079866 secs] [Times: user=0.01 sys=0.00, real=0.01 secs] 
2016-08-16T14:55:59.233+0000: 336833.203: Total time for which application threads were stopped: 0.0086709 seconds, Stopping threads took: 0.0000826 seconds
2016-08-16T14:56:09.035+0000: 336843.006: [GC (Allocation Failure) 336843.006: [ParNew
Desired survivor size 8716288 bytes, new threshold 6 (max 6)
- age   1:     533224 bytes,     533224 total
- age   2:      37112 bytes,     570336 total
- age   3:       9776 bytes,     580112 total
- age   4:       5784 bytes,     585896 total
- age   5:      25192 bytes,     611088 total
- age   6:       7928 bytes,     619016 total
: 137057K->650K(153344K), 0.0074958 secs] 324028K->187626K(1031552K), 0.0075923 secs] [Times: user=0.02 sys=0.00, real=0.01 secs] 
2016-08-16T14:56:09.043+0000: 336843.013: Total time for which application threads were stopped: 0.0083261 seconds, Stopping threads took: 0.0001073 seconds
2016-08-16T14:56:19.191+0000: 336853.161: [GC (Allocation Failure) 336853.161: [ParNew
Desired survivor size 8716288 bytes, new threshold 6 (max 6)
- age   1:     504456 bytes,     504456 total
- age   2:      26664 bytes,     531120 total
- age   3:      11624 bytes,     542744 total
- age   4:       9600 bytes,     552344 total
- age   5:       5656 bytes,     558000 total
- age   6:      25056 bytes,     583056 total
: 136970K->639K(153344K), 0.0072992 secs] 323946K->187623K(1031552K), 0.0073986 secs] [Times: user=0.02 sys=0.00, real=0.00 secs] 
2016-08-16T14:56:19.198+0000: 336853.169: Total time for which application threads were stopped: 0.0080910 seconds, Stopping threads took: 0.0000801 seconds
2016-08-16T14:56:23.493+0000: 336857.464: Total time for which application threads were stopped: 0.0008385 seconds, Stopping threads took: 0.0001600 seconds
2016-08-16T14:56:29.387+0000: 336863.358: [GC (Allocation Failure) 336863.358: [ParNew
Desired survivor size 8716288 bytes, new threshold 6 (max 6)
- age   1:    1118216 bytes,    1118216 total
- age   2:      24752 bytes,    1142968 total
- age   3:       6408 bytes,    1149376 total
- age   4:       6848 bytes,    1156224 total
- age   5:       8232 bytes,    1164456 total
- age   6:       4792 bytes,    1169248 total
: 136959K->1202K(153344K), 0.0085489 secs] 323943K->188203K(1031552K), 0.0086638 secs] [Times: user=0.01 sys=0.01, real=0.01 secs] 
2016-08-16T14:56:29.396+0000: 336863.367: Total time for which application threads were stopped: 0.0093442 seconds, Stopping threads took: 0.0000776 seconds
2016-08-16T14:56:32.347+0000: 336866.317: [GC (Allocation Failure) 336866.318: [ParNew
Desired survivor size 8716288 bytes, new threshold 6 (max 6)
- age   1:     266648 bytes,     266648 total
- age   2:      65544 bytes,     332192 total
- age   3:       5256 bytes,     337448 total
- age   4:       6344 bytes,     343792 total
- age   5:       6664 bytes,     350456 total
- age   6:       8232 bytes,     358688 total
: 137522K->518K(153344K), 0.0087967 secs] 324523K->187524K(1031552K), 0.0090094 secs] [Times: user=0.02 sys=0.00, real=0.01 secs] 
2016-08-16T14:56:32.356+0000: 336866.327: Total time for which application threads were stopped: 0.0105856 seconds, Stopping threads took: 0.0002046 seconds
2016-08-16T14:56:32.989+0000: 336866.959: Total time for which application threads were stopped: 0.0018351 seconds, Stopping threads took: 0.0000629 seconds
2016-08-16T14:56:38.951+0000: 336872.922: [GC (Allocation Failure) 336872.922: [ParNew
Desired survivor size 8716288 bytes, new threshold 6 (max 6)
- age   1:     338376 bytes,     338376 total
- age   2:       7376 bytes,     345752 total
- age   3:      37488 bytes,     383240 total
- age   4:       3600 bytes,     386840 total
- age   5:       4440 bytes,     391280 total
- age   6:       6664 bytes,     397944 total
: 136838K->420K(153344K), 0.0069081 secs] 323844K->187433K(1031552K), 0.0070187 secs] [Times: user=0.01 sys=0.00, real=0.00 secs] 
2016-08-16T14:56:38.958+0000: 336872.929: Total time for which application threads were stopped: 0.0076836 seconds, Stopping threads took: 0.0000821 seconds
2016-08-16T14:56:49.071+0000: 336883.042: [GC (Allocation Failure) 336883.042: [ParNew
Desired survivor size 8716288 bytes, new threshold 6 (max 6)
- age   1:     925904 bytes,     925904 total
- age   2:      29640 bytes,     955544 total
- age   3:       5552 bytes,     961096 total
- age   4:      35784 bytes,     996880 total
- age   5:       3216 bytes,    1000096 total
- age   6:       4240 bytes,    1004336 total
: 136740K->1064K(153344K), 0.0081136 secs] 323753K->188084K(1031552K), 0.0082132 secs] [Times: user=0.01 sys=0.00, real=0.00 secs] 
2016-08-16T14:56:49.080+0000: 336883.050: Total time for which application threads were stopped: 0.0088883 seconds, Stopping threads took: 0.0000823 seconds
2016-08-16T14:56:59.053+0000: 336893.023: [GC (Allocation Failure) 336893.023: [ParNew
Desired survivor size 8716288 bytes, new threshold 6 (max 6)
- age   1:     591416 bytes,     591416 total
- age   2:      40512 bytes,     631928 total
- age   3:       4032 bytes,     635960 total
- age   4:       4464 bytes,     640424 total
- age   5:      33392 bytes,     673816 total
- age   6:       3216 bytes,     677032 total
: 137384K->736K(153344K), 0.0076718 secs] 324404K->187760K(1031552K), 0.0077757 secs] [Times: user=0.01 sys=0.00, real=0.01 secs] 
2016-08-16T14:56:59.061+0000: 336893.031: Total time for which application threads were stopped: 0.0084659 seconds, Stopping threads took: 0.0000843 seconds
2016-08-16T14:57:09.055+0000: 336903.025: [GC (Allocation Failure) 336903.025: [ParNew
Desired survivor size 8716288 bytes, new threshold 6 (max 6)
- age   1:     498800 bytes,     498800 total
- age   2:      39080 bytes,     537880 total
- age   3:      18368 bytes,     556248 total
- age   4:       3944 bytes,     560192 total
- age   5:       4464 bytes,     564656 total
- age   6:      33112 bytes,     597768 total
: 137056K->683K(153344K), 0.0087300 secs] 324080K->187711K(1031552K), 0.0088464 secs] [Times: user=0.01 sys=0.00, real=0.01 secs] 
2016-08-16T14:57:09.064+0000: 336903.034: Total time for which application threads were stopped: 0.0094925 seconds, Stopping threads took: 0.0000734 seconds
2016-08-16T14:57:10.065+0000: 336904.035: Total time for which application threads were stopped: 0.0007545 seconds, Stopping threads took: 0.0001264 seconds
2016-08-16T14:57:19.046+0000: 336913.016: [GC (Allocation Failure) 336913.016: [ParNew
Desired survivor size 8716288 bytes, new threshold 6 (max 6)
- age   1:     494272 bytes,     494272 total
- age   2:      26008 bytes,     520280 total
- age   3:      13392 bytes,     533672 total
- age   4:      18336 bytes,     552008 total
- age   5:       3944 bytes,     555952 total
- age   6:       4392 bytes,     560344 total
: 137003K->581K(153344K), 0.0080624 secs] 324031K->187641K(1031552K), 0.0081909 secs] [Times: user=0.02 sys=0.00, real=0.01 secs] 
2016-08-16T14:57:19.054+0000: 336913.025: Total time for which application threads were stopped: 0.0089884 seconds, Stopping threads took: 0.0001190 seconds
2016-08-16T14:57:23.499+0000: 336917.469: Total time for which application threads were stopped: 0.0058226 seconds, Stopping threads took: 0.0032315 seconds
2016-08-16T14:57:29.172+0000: 336923.142: [GC (Allocation Failure) 336923.142: [ParNew
Desired survivor size 8716288 bytes, new threshold 6 (max 6)
- age   1:    1039312 bytes,    1039312 total
- age   2:      23592 bytes,    1062904 total
- age   3:       6072 bytes,    1068976 total
- age   4:       7040 bytes,    1076016 total
- age   5:      16992 bytes,    1093008 total
- age   6:       3656 bytes,    1096664 total
: 136901K->1204K(153344K), 0.0090418 secs] 323961K->188267K(1031552K), 0.0091593 secs] [Times: user=0.01 sys=0.00, real=0.01 secs] 
2016-08-16T14:57:29.181+0000: 336923.151: Total time for which application threads were stopped: 0.0098041 seconds, Stopping threads took: 0.0000754 seconds
2016-08-16T14:57:39.043+0000: 336933.013: [GC (Allocation Failure) 336933.014: [ParNew
Desired survivor size 8716288 bytes, new threshold 6 (max 6)
- age   1:     553472 bytes,     553472 total
- age   2:      50400 bytes,     603872 total
- age   3:       3584 bytes,     607456 total
- age   4:       4168 bytes,     611624 total
- age   5:       6968 bytes,     618592 total
- age   6:      16864 bytes,     635456 total
: 137524K->660K(153344K), 0.0081993 secs] 324587K->187727K(1031552K), 0.0083516 secs] [Times: user=0.02 sys=0.00, real=0.01 secs] 
2016-08-16T14:57:39.052+0000: 336933.022: Total time for which application threads were stopped: 0.0091373 seconds, Stopping threads took: 0.0001067 seconds
2016-08-16T14:57:48.917+0000: 336942.888: [GC (Allocation Failure) 336942.888: [ParNew
Desired survivor size 8716288 bytes, new threshold 6 (max 6)
- age   1:     854000 bytes,     854000 total
- age   2:      33000 bytes,     887000 total
- age   3:      29984 bytes,     916984 total
- age   4:       3488 bytes,     920472 total
- age   5:       4168 bytes,     924640 total
- age   6:       6968 bytes,     931608 total
: 136980K->980K(153344K), 0.0084310 secs] 324047K->188063K(1031552K), 0.0085368 secs] [Times: user=0.02 sys=0.00, real=0.01 secs] 
2016-08-16T14:57:48.926+0000: 336942.896: Total time for which application threads were stopped: 0.0092181 seconds, Stopping threads took: 0.0000810 seconds
2016-08-16T14:57:59.036+0000: 336953.006: [GC (Allocation Failure) 336953.006: [ParNew
Desired survivor size 8716288 bytes, new threshold 6 (max 6)
- age   1:     688824 bytes,     688824 total
- age   2:      33960 bytes,     722784 total
- age   3:       6632 bytes,     729416 total
- age   4:      25880 bytes,     755296 total
- age   5:       3360 bytes,     758656 total
- age   6:       4096 bytes,     762752 total
: 137300K->811K(153344K), 0.0091324 secs] 324383K->187901K(1031552K), 0.0092492 secs] [Times: user=0.02 sys=0.00, real=0.01 secs] 
2016-08-16T14:57:59.045+0000: 336953.015: Total time for which application threads were stopped: 0.0100093 seconds, Stopping threads took: 0.0000977 seconds
2016-08-16T14:58:09.046+0000: 336963.016: [GC (Allocation Failure) 336963.016: [ParNew
Desired survivor size 8716288 bytes, new threshold 6 (max 6)
- age   1:     525400 bytes,     525400 total
- age   2:      46888 bytes,     572288 total
- age   3:      12880 bytes,     585168 total
- age   4:       5984 bytes,     591152 total
- age   5:      25664 bytes,     616816 total
- age   6:       3168 bytes,     619984 total
: 137131K->711K(153344K), 0.0074596 secs] 324221K->187805K(1031552K), 0.0075646 secs] [Times: user=0.01 sys=0.00, real=0.01 secs] 
2016-08-16T14:58:09.054+0000: 336963.024: Total time for which application threads were stopped: 0.0082806 seconds, Stopping threads took: 0.0000847 seconds
2016-08-16T14:58:15.248+0000: 336969.219: [GC (Allocation Failure) 336969.219: [ParNew
Desired survivor size 8716288 bytes, new threshold 6 (max 6)
- age   1:     375824 bytes,     375824 total
- age   2:      27480 bytes,     403304 total
- age   3:      21360 bytes,     424664 total
- age   4:      12848 bytes,     437512 total
- age   5:       5984 bytes,     443496 total
- age   6:      25592 bytes,     469088 total
: 137031K->574K(153344K), 0.0150963 secs] 324125K->187672K(1031552K), 0.0153481 secs] [Times: user=0.03 sys=0.00, real=0.01 secs] 
2016-08-16T14:58:15.264+0000: 336969.234: Total time for which application threads were stopped: 0.0170251 seconds, Stopping threads took: 0.0002032 seconds
2016-08-16T14:58:22.542+0000: 336976.513: [GC (Allocation Failure) 336976.513: [ParNew
Desired survivor size 8716288 bytes, new threshold 6 (max 6)
- age   1:     715968 bytes,     715968 total
- age   2:      14408 bytes,     730376 total
- age   3:       7144 bytes,     737520 total
- age   4:      18728 bytes,     756248 total
- age   5:      12704 bytes,     768952 total
- age   6:       5912 bytes,     774864 total
: 136894K->825K(153344K), 0.0086691 secs] 323992K->187947K(1031552K), 0.0087796 secs] [Times: user=0.02 sys=0.00, real=0.01 secs] 
2016-08-16T14:58:22.551+0000: 336976.522: Total time for which application threads were stopped: 0.0094193 seconds, Stopping threads took: 0.0000708 seconds
2016-08-16T14:58:23.494+0000: 336977.465: Total time for which application threads were stopped: 0.0018331 seconds, Stopping threads took: 0.0002927 seconds
2016-08-16T14:58:29.245+0000: 336983.216: [GC (Allocation Failure) 336983.216: [ParNew
Desired survivor size 8716288 bytes, new threshold 6 (max 6)
- age   1:     539168 bytes,     539168 total
- age   2:      28424 bytes,     567592 total
- age   3:       3888 bytes,     571480 total
- age   4:       6600 bytes,     578080 total
- age   5:      13448 bytes,     591528 total
- age   6:      12208 bytes,     603736 total
: 137145K->711K(153344K), 0.0074925 secs] 324267K->187839K(1031552K), 0.0075914 secs] [Times: user=0.02 sys=0.00, real=0.01 secs] 
2016-08-16T14:58:29.253+0000: 336983.223: Total time for which application threads were stopped: 0.0082871 seconds, Stopping threads took: 0.0000966 seconds
2016-08-16T14:58:39.048+0000: 336993.018: [GC (Allocation Failure) 336993.018: [ParNew
Desired survivor size 8716288 bytes, new threshold 6 (max 6)
- age   1:     593664 bytes,     593664 total
- age   2:      45288 bytes,     638952 total
- age   3:       7944 bytes,     646896 total
- age   4:       3248 bytes,     650144 total
- age   5:       4632 bytes,     654776 total
- age   6:      13048 bytes,     667824 total
: 137031K->733K(153344K), 0.0076338 secs] 324159K->187872K(1031552K), 0.0077361 secs] [Times: user=0.01 sys=0.00, real=0.01 secs] 
2016-08-16T14:58:39.055+0000: 336993.026: Total time for which application threads were stopped: 0.0084256 seconds, Stopping threads took: 0.0000838 seconds
2016-08-16T14:58:49.036+0000: 337003.006: [GC (Allocation Failure) 337003.006: [ParNew
Desired survivor size 8716288 bytes, new threshold 6 (max 6)
- age   1:     924552 bytes,     924552 total
- age   2:      33600 bytes,     958152 total
- age   3:      24960 bytes,     983112 total
- age   4:       7640 bytes,     990752 total
- age   5:       3152 bytes,     993904 total
- age   6:       4632 bytes,     998536 total
: 137053K->1066K(153344K), 0.0078161 secs] 324192K->188218K(1031552K), 0.0079225 secs] [Times: user=0.00 sys=0.00, real=0.01 secs] 
2016-08-16T14:58:49.044+0000: 337003.014: Total time for which application threads were stopped: 0.0086027 seconds, Stopping threads took: 0.0000838 seconds
2016-08-16T14:58:59.177+0000: 337013.147: [GC (Allocation Failure) 337013.147: [ParNew
Desired survivor size 8716288 bytes, new threshold 6 (max 6)
- age   1:     631448 bytes,     631448 total
- age   2:      32184 bytes,     663632 total
- age   3:       6472 bytes,     670104 total
- age   4:      21552 bytes,     691656 total
- age   5:       5696 bytes,     697352 total
- age   6:       3152 bytes,     700504 total
: 137386K->784K(153344K), 0.0086097 secs] 324538K->187941K(1031552K), 0.0087120 secs] [Times: user=0.02 sys=0.00, real=0.01 secs] 
2016-08-16T14:58:59.185+0000: 337013.156: Total time for which application threads were stopped: 0.0094118 seconds, Stopping threads took: 0.0000711 seconds
2016-08-16T14:59:09.003+0000: 337022.973: [GC (Allocation Failure) 337022.973: [ParNew
Desired survivor size 8716288 bytes, new threshold 6 (max 6)
- age   1:     496112 bytes,     496112 total
- age   2:      38784 bytes,     534896 total
- age   3:       9808 bytes,     544704 total
- age   4:       4568 bytes,     549272 total
- age   5:      21272 bytes,     570544 total
- age   6:       5560 bytes,     576104 total
: 137104K->664K(153344K), 0.0074441 secs] 324261K->187824K(1031552K), 0.0075555 secs] [Times: user=0.02 sys=0.00, real=0.01 secs] 
2016-08-16T14:59:09.011+0000: 337022.981: Total time for which application threads were stopped: 0.0082292 seconds, Stopping threads took: 0.0000818 seconds
2016-08-16T14:59:19.398+0000: 337033.368: [GC (Allocation Failure) 337033.368: [ParNew
Desired survivor size 8716288 bytes, new threshold 6 (max 6)
- age   1:     883376 bytes,     883376 total
- age   2:      26232 bytes,     909608 total
- age   3:      12696 bytes,     922304 total
- age   4:       9496 bytes,     931800 total
- age   5:       4568 bytes,     936368 total
- age   6:      21056 bytes,     957424 total
: 136984K->998K(153344K), 0.0085226 secs] 324144K->188163K(1031552K), 0.0086256 secs] [Times: user=0.02 sys=0.00, real=0.01 secs] 
2016-08-16T14:59:19.407+0000: 337033.377: Total time for which application threads were stopped: 0.0092994 seconds, Stopping threads took: 0.0000786 seconds
2016-08-16T14:59:23.493+0000: 337037.463: Total time for which application threads were stopped: 0.0009286 seconds, Stopping threads took: 0.0002774 seconds
2016-08-16T14:59:29.405+0000: 337043.375: [GC (Allocation Failure) 337043.375: [ParNew
Desired survivor size 8716288 bytes, new threshold 6 (max 6)
- age   1:     661024 bytes,     661024 total
- age   2:      25504 bytes,     686528 total
- age   3:       6072 bytes,     692600 total
- age   4:       8080 bytes,     700680 total
- age   5:       8776 bytes,     709456 total
- age   6:       3992 bytes,     713448 total
: 137318K->800K(153344K), 0.0084105 secs] 324483K->187977K(1031552K), 0.0085103 secs] [Times: user=0.01 sys=0.00, real=0.01 secs] 
2016-08-16T14:59:29.414+0000: 337043.384: Total time for which application threads were stopped: 0.0091849 seconds, Stopping threads took: 0.0000820 seconds
2016-08-16T14:59:38.907+0000: 337052.877: [GC (Allocation Failure) 337052.877: [ParNew
Desired survivor size 8716288 bytes, new threshold 6 (max 6)
- age   1:     547464 bytes,     547464 total
- age   2:      58512 bytes,     605976 total
- age   3:       5904 bytes,     611880 total
- age   4:       5360 bytes,     617240 total
- age   5:       7920 bytes,     625160 total
- age   6:       8648 bytes,     633808 total
: 137120K->717K(153344K), 0.0078064 secs] 324297K->187899K(1031552K), 0.0079063 secs] [Times: user=0.02 sys=0.00, real=0.01 secs] 
2016-08-16T14:59:38.915+0000: 337052.885: Total time for which application threads were stopped: 0.0085955 seconds, Stopping threads took: 0.0000819 seconds
2016-08-16T14:59:49.181+0000: 337063.151: [GC (Allocation Failure) 337063.151: [ParNew
Desired survivor size 8716288 bytes, new threshold 6 (max 6)
- age   1:    1135760 bytes,    1135760 total
- age   2:      33720 bytes,    1169480 total
- age   3:      37968 bytes,    1207448 total
- age   4:       5512 bytes,    1212960 total
- age   5:       5296 bytes,    1218256 total
- age   6:       7528 bytes,    1225784 total
: 137037K->1282K(153344K), 0.0101503 secs] 324219K->188471K(1031552K), 0.0103331 secs] [Times: user=0.02 sys=0.00, real=0.01 secs] 
2016-08-16T14:59:49.191+0000: 337063.162: Total time for which application threads were stopped: 0.0120114 seconds, Stopping threads took: 0.0002341 seconds
2016-08-16T14:59:49.285+0000: 337063.255: [GC (Allocation Failure) 337063.255: [ParNew
Desired survivor size 8716288 bytes, new threshold 6 (max 6)
- age   1:     188784 bytes,     188784 total
- age   2:      39880 bytes,     228664 total
- age   3:      14688 bytes,     243352 total
- age   4:      37968 bytes,     281320 total
- age   5:       5512 bytes,     286832 total
- age   6:       5296 bytes,     292128 total
: 137602K->447K(153344K), 0.0097435 secs] 324791K->187643K(1031552K), 0.0098444 secs] [Times: user=0.02 sys=0.00, real=0.01 secs] 
2016-08-16T14:59:49.295+0000: 337063.265: Total time for which application threads were stopped: 0.0104814 seconds, Stopping threads took: 0.0000748 seconds
2016-08-16T14:59:59.407+0000: 337073.378: [GC (Allocation Failure) 337073.378: [ParNew
Desired survivor size 8716288 bytes, new threshold 6 (max 6)
- age   1:     493080 bytes,     493080 total
- age   2:      19104 bytes,     512184 total
- age   3:      18304 bytes,     530488 total
- age   4:       6624 bytes,     537112 total
- age   5:      34848 bytes,     571960 total
- age   6:       5512 bytes,     577472 total
: 136767K->650K(153344K), 0.0083802 secs] 323963K->187852K(1031552K), 0.0084965 secs] [Times: user=0.01 sys=0.00, real=0.01 secs] 
2016-08-16T14:59:59.416+0000: 337073.386: Total time for which application threads were stopped: 0.0092507 seconds, Stopping threads took: 0.0000958 seconds
2016-08-16T15:00:00.036+0000: 337074.007: Total time for which application threads were stopped: 0.0046635 seconds, Stopping threads took: 0.0040504 seconds
2016-08-16T15:00:00.037+0000: 337074.007: Total time for which application threads were stopped: 0.0004681 seconds, Stopping threads took: 0.0000545 seconds
2016-08-16T15:00:00.037+0000: 337074.008: Total time for which application threads were stopped: 0.0003431 seconds, Stopping threads took: 0.0000284 seconds
2016-08-16T15:00:00.038+0000: 337074.008: Total time for which application threads were stopped: 0.0003704 seconds, Stopping threads took: 0.0000441 seconds
2016-08-16T15:00:00.044+0000: 337074.014: Total time for which application threads were stopped: 0.0007219 seconds, Stopping threads took: 0.0001954 seconds
2016-08-16T15:00:00.047+0000: 337074.017: Total time for which application threads were stopped: 0.0006094 seconds, Stopping threads took: 0.0001652 seconds
2016-08-16T15:00:00.052+0000: 337074.022: Total time for which application threads were stopped: 0.0005970 seconds, Stopping threads took: 0.0001171 seconds
2016-08-16T15:00:01.052+0000: 337075.023: Total time for which application threads were stopped: 0.0005210 seconds, Stopping threads took: 0.0000883 seconds
2016-08-16T15:00:09.165+0000: 337083.135: [GC (Allocation Failure) 337083.135: [ParNew
Desired survivor size 8716288 bytes, new threshold 6 (max 6)
- age   1:    1623152 bytes,    1623152 total
- age   2:      37632 bytes,    1660784 total
- age   3:       2120 bytes,    1662904 total
- age   4:      14072 bytes,    1676976 total
- age   5:       5448 bytes,    1682424 total
- age   6:      27096 bytes,    1709520 total
: 136970K->1741K(153344K), 0.0108151 secs] 324172K->188948K(1031552K), 0.0109336 secs] [Times: user=0.02 sys=0.00, real=0.01 secs] 
2016-08-16T15:00:09.176+0000: 337083.146: Total time for which application threads were stopped: 0.0115604 seconds, Stopping threads took: 0.0000690 seconds
2016-08-16T15:00:19.033+0000: 337093.003: [GC (Allocation Failure) 337093.003: [ParNew
Desired survivor size 8716288 bytes, new threshold 6 (max 6)
- age   1:     511952 bytes,     511952 total
- age   2:     192408 bytes,     704360 total
- age   3:      11728 bytes,     716088 total
- age   4:       2120 bytes,     718208 total
- age   5:      13912 bytes,     732120 total
- age   6:       5448 bytes,     737568 total
: 138061K->861K(153344K), 0.0084757 secs] 325268K->188095K(1031552K), 0.0085799 secs] [Times: user=0.02 sys=0.00, real=0.01 secs] 
2016-08-16T15:00:19.041+0000: 337093.012: Total time for which application threads were stopped: 0.0092207 seconds, Stopping threads took: 0.0000740 seconds
2016-08-16T15:00:23.494+0000: 337097.465: Total time for which application threads were stopped: 0.0015220 seconds, Stopping threads took: 0.0002460 seconds
2016-08-16T15:00:29.397+0000: 337103.367: [GC (Allocation Failure) 337103.367: [ParNew
Desired survivor size 8716288 bytes, new threshold 6 (max 6)
- age   1:    1029440 bytes,    1029440 total
- age   2:      23592 bytes,    1053032 total
- age   3:     156968 bytes,    1210000 total
- age   4:       9736 bytes,    1219736 total
- age   5:       2120 bytes,    1221856 total
- age   6:      13696 bytes,    1235552 total
: 137181K->1348K(153344K), 0.0089420 secs] 324415K->188586K(1031552K), 0.0090619 secs] [Times: user=0.02 sys=0.00, real=0.01 secs] 
2016-08-16T15:00:29.406+0000: 337103.376: Total time for which application threads were stopped: 0.0097620 seconds, Stopping threads took: 0.0001014 seconds
2016-08-16T15:00:38.910+0000: 337112.880: [GC (Allocation Failure) 337112.880: [ParNew
Desired survivor size 8716288 bytes, new threshold 6 (max 6)
- age   1:     562224 bytes,     562224 total
- age   2:      48080 bytes,     610304 total
- age   3:       3832 bytes,     614136 total
- age   4:     154176 bytes,     768312 total
- age   5:       9576 bytes,     777888 total
- age   6:       2056 bytes,     779944 total
: 137668K->944K(153344K), 0.0079267 secs] 324906K->188196K(1031552K), 0.0080250 secs] [Times: user=0.02 sys=0.00, real=0.00 secs] 
2016-08-16T15:00:38.918+0000: 337112.888: Total time for which application threads were stopped: 0.0086836 seconds, Stopping threads took: 0.0000840 seconds
2016-08-16T15:00:48.894+0000: 337122.864: [GC (Allocation Failure) 337122.864: [ParNew
Desired survivor size 8716288 bytes, new threshold 6 (max 6)
- age   1:     913552 bytes,     913552 total
- age   2:      34008 bytes,     947560 total
- age   3:      27696 bytes,     975256 total
- age   4:       3544 bytes,     978800 total
- age   5:     153440 bytes,    1132240 total
- age   6:       9304 bytes,    1141544 total
: 137264K->1255K(153344K), 0.0083839 secs] 324516K->188509K(1031552K), 0.0084883 secs] [Times: user=0.01 sys=0.00, real=0.01 secs] 
2016-08-16T15:00:48.903+0000: 337122.873: Total time for which application threads were stopped: 0.0092040 seconds, Stopping threads took: 0.0001162 seconds
2016-08-16T15:00:57.517+0000: 337131.487: [GC (Allocation Failure) 337131.487: [ParNew
Desired survivor size 8716288 bytes, new threshold 6 (max 6)
- age   1:     693024 bytes,     693024 total
- age   2:      32384 bytes,     725408 total
- age   3:       7232 bytes,     732640 total
- age   4:      23608 bytes,     756248 total
- age   5:       3544 bytes,     759792 total
- age   6:     152944 bytes,     912736 total
: 137575K->1074K(153344K), 0.0120347 secs] 324829K->188338K(1031552K), 0.0122238 secs] [Times: user=0.03 sys=0.00, real=0.02 secs] 
2016-08-16T15:00:57.529+0000: 337131.500: Total time for which application threads were stopped: 0.0139405 seconds, Stopping threads took: 0.0001980 seconds
2016-08-16T15:00:59.081+0000: 337133.051: [GC (Allocation Failure) 337133.051: [ParNew
Desired survivor size 8716288 bytes, new threshold 6 (max 6)
- age   1:     213112 bytes,     213112 total
- age   2:      26088 bytes,     239200 total
- age   3:      13312 bytes,     252512 total
- age   4:       7168 bytes,     259680 total
- age   5:      23504 bytes,     283184 total
- age   6:       3544 bytes,     286728 total
: 137394K->604K(153344K), 0.0071125 secs] 324658K->188021K(1031552K), 0.0072035 secs] [Times: user=0.01 sys=0.00, real=0.00 secs] 
2016-08-16T15:00:59.088+0000: 337133.058: Total time for which application threads were stopped: 0.0078434 seconds, Stopping threads took: 0.0000825 seconds
2016-08-16T15:01:08.926+0000: 337142.897: [GC (Allocation Failure) 337142.897: [ParNew
Desired survivor size 8716288 bytes, new threshold 6 (max 6)
- age   1:     494888 bytes,     494888 total
- age   2:       7248 bytes,     502136 total
- age   3:      16800 bytes,     518936 total
- age   4:      10120 bytes,     529056 total
- age   5:       5376 bytes,     534432 total
- age   6:      23504 bytes,     557936 total
: 136924K->651K(153344K), 0.0070763 secs] 324341K->188071K(1031552K), 0.0071765 secs] [Times: user=0.02 sys=0.00, real=0.01 secs] 
2016-08-16T15:01:08.934+0000: 337142.904: Total time for which application threads were stopped: 0.0078864 seconds, Stopping threads took: 0.0000980 seconds
2016-08-16T15:01:19.044+0000: 337153.015: [GC (Allocation Failure) 337153.015: [ParNew
Desired survivor size 8716288 bytes, new threshold 6 (max 6)
- age   1:     517728 bytes,     517728 total
- age   2:      26872 bytes,     544600 total
- age   3:       2800 bytes,     547400 total
- age   4:      10424 bytes,     557824 total
- age   5:      10024 bytes,     567848 total
- age   6:       5376 bytes,     573224 total
: 136971K->640K(153344K), 0.0075413 secs] 324391K->188083K(1031552K), 0.0076559 secs] [Times: user=0.02 sys=0.00, real=0.01 secs] 
2016-08-16T15:01:19.052+0000: 337153.022: Total time for which application threads were stopped: 0.0083469 seconds, Stopping threads took: 0.0000823 seconds
2016-08-16T15:01:23.495+0000: 337157.465: Total time for which application threads were stopped: 0.0018205 seconds, Stopping threads took: 0.0002810 seconds
2016-08-16T15:01:29.033+0000: 337163.003: [GC (Allocation Failure) 337163.003: [ParNew
Desired survivor size 8716288 bytes, new threshold 6 (max 6)
- age   1:    1153456 bytes,    1153456 total
- age   2:      28104 bytes,    1181560 total
- age   3:       5440 bytes,    1187000 total
- age   4:       1496 bytes,    1188496 total
- age   5:       6368 bytes,    1194864 total
- age   6:       8408 bytes,    1203272 total
: 136960K->1287K(153344K), 0.0087353 secs] 324403K->188734K(1031552K), 0.0088502 secs] [Times: user=0.01 sys=0.00, real=0.01 secs] 
2016-08-16T15:01:29.042+0000: 337163.012: Total time for which application threads were stopped: 0.0095699 seconds, Stopping threads took: 0.0001036 seconds
2016-08-16T15:01:39.032+0000: 337173.002: [GC (Allocation Failure) 337173.002: [ParNew
Desired survivor size 8716288 bytes, new threshold 6 (max 6)
- age   1:     546656 bytes,     546656 total
- age   2:      56816 bytes,     603472 total
- age   3:       7440 bytes,     610912 total
- age   4:       4480 bytes,     615392 total
- age   5:       1496 bytes,     616888 total
- age   6:       6184 bytes,     623072 total
: 137607K->717K(153344K), 0.0082969 secs] 325054K->188172K(1031552K), 0.0083969 secs] [Times: user=0.02 sys=0.00, real=0.01 secs] 
2016-08-16T15:01:39.041+0000: 337173.011: Total time for which application threads were stopped: 0.0090734 seconds, Stopping threads took: 0.0000815 seconds
2016-08-16T15:01:49.189+0000: 337183.160: [GC (Allocation Failure) 337183.160: [ParNew
Desired survivor size 8716288 bytes, new threshold 6 (max 6)
- age   1:     927624 bytes,     927624 total
- age   2:      34048 bytes,     961672 total
- age   3:      36096 bytes,     997768 total
- age   4:       7280 bytes,    1005048 total
- age   5:       4416 bytes,    1009464 total
- age   6:       1496 bytes,    1010960 total
: 137037K->1119K(153344K), 0.0075856 secs] 324492K->188580K(1031552K), 0.0076932 secs] [Times: user=0.01 sys=0.00, real=0.00 secs] 
2016-08-16T15:01:49.197+0000: 337183.167: Total time for which application threads were stopped: 0.0083700 seconds, Stopping threads took: 0.0000849 seconds
2016-08-16T15:01:51.057+0000: 337185.027: Total time for which application threads were stopped: 0.0072594 seconds, Stopping threads took: 0.0002106 seconds
2016-08-16T15:01:59.035+0000: 337193.006: [GC (Allocation Failure) 337193.006: [ParNew
Desired survivor size 8716288 bytes, new threshold 6 (max 6)
- age   1:     819896 bytes,     819896 total
- age   2:      32864 bytes,     852760 total
- age   3:       7128 bytes,     859888 total
- age   4:      32504 bytes,     892392 total
- age   5:       7088 bytes,     899480 total
- age   6:       4288 bytes,     903768 total
: 137439K->1005K(153344K), 0.0078945 secs] 324900K->188468K(1031552K), 0.0079918 secs] [Times: user=0.01 sys=0.00, real=0.01 secs] 
2016-08-16T15:01:59.044+0000: 337193.014: Total time for which application threads were stopped: 0.0087422 seconds, Stopping threads took: 0.0001453 seconds
2016-08-16T15:02:09.187+0000: 337203.157: [GC (Allocation Failure) 337203.157: [ParNew
Desired survivor size 8716288 bytes, new threshold 6 (max 6)
- age   1:     550472 bytes,     550472 total
- age   2:      39136 bytes,     589608 total
- age   3:      10240 bytes,     599848 total
- age   4:       4904 bytes,     604752 total
- age   5:      32288 bytes,     637040 total
- age   6:       7088 bytes,     644128 total
: 137325K->769K(153344K), 0.0086394 secs] 324788K->188236K(1031552K), 0.0087510 secs] [Times: user=0.01 sys=0.00, real=0.01 secs] 
2016-08-16T15:02:09.196+0000: 337203.166: Total time for which application threads were stopped: 0.0093850 seconds, Stopping threads took: 0.0000716 seconds
2016-08-16T15:02:19.174+0000: 337213.144: [GC (Allocation Failure) 337213.145: [ParNew
Desired survivor size 8716288 bytes, new threshold 6 (max 6)
- age   1:     529040 bytes,     529040 total
- age   2:      26776 bytes,     555816 total
- age   3:      12832 bytes,     568648 total
- age   4:      10016 bytes,     578664 total
- age   5:       4904 bytes,     583568 total
- age   6:      32216 bytes,     615784 total
: 137089K->660K(153344K), 0.0073815 secs] 324556K->188134K(1031552K), 0.0074840 secs] [Times: user=0.02 sys=0.00, real=0.01 secs] 
2016-08-16T15:02:19.182+0000: 337213.152: Total time for which application threads were stopped: 0.0081793 seconds, Stopping threads took: 0.0000813 seconds
2016-08-16T15:02:23.497+0000: 337217.467: Total time for which application threads were stopped: 0.0042164 seconds, Stopping threads took: 0.0035495 seconds
2016-08-16T15:02:28.993+0000: 337222.963: [GC (Allocation Failure) 337222.963: [ParNew
Desired survivor size 8716288 bytes, new threshold 6 (max 6)
- age   1:    1053824 bytes,    1053824 total
- age   2:      24192 bytes,    1078016 total
- age   3:       5664 bytes,    1083680 total
- age   4:       6944 bytes,    1090624 total
- age   5:       9016 bytes,    1099640 total
- age   6:       4256 bytes,    1103896 total
: 136980K->1151K(153344K), 0.0094705 secs] 324454K->188648K(1031552K), 0.0095795 secs] [Times: user=0.02 sys=0.00, real=0.01 secs] 
2016-08-16T15:02:29.002+0000: 337222.973: Total time for which application threads were stopped: 0.0103698 seconds, Stopping threads took: 0.0000869 seconds
2016-08-16T15:02:34.513+0000: 337228.483: [GC (Allocation Failure) 337228.483: [ParNew
Desired survivor size 8716288 bytes, new threshold 6 (max 6)
- age   1:     471280 bytes,     471280 total
- age   2:      63592 bytes,     534872 total
- age   3:       3952 bytes,     538824 total
- age   4:       4672 bytes,     543496 total
- age   5:       6800 bytes,     550296 total
- age   6:       8888 bytes,     559184 total
: 137471K->672K(153344K), 0.0131344 secs] 324968K->188174K(1031552K), 0.0133685 secs] [Times: user=0.03 sys=0.00, real=0.01 secs] 
2016-08-16T15:02:34.526+0000: 337228.497: Total time for which application threads were stopped: 0.0152108 seconds, Stopping threads took: 0.0001820 seconds
2016-08-16T15:02:38.955+0000: 337232.926: [GC (Allocation Failure) 337232.926: [ParNew
Desired survivor size 8716288 bytes, new threshold 6 (max 6)
- age   1:     283544 bytes,     283544 total
- age   2:      16376 bytes,     299920 total
- age   3:      38344 bytes,     338264 total
- age   4:       3928 bytes,     342192 total
- age   5:       4672 bytes,     346864 total
- age   6:       6800 bytes,     353664 total
: 136992K->410K(153344K), 0.0061203 secs] 324494K->187920K(1031552K), 0.0062033 secs] [Times: user=0.01 sys=0.00, real=0.01 secs] 
2016-08-16T15:02:38.962+0000: 337232.932: Total time for which application threads were stopped: 0.0068267 seconds, Stopping threads took: 0.0000762 seconds
2016-08-16T15:02:48.911+0000: 337242.881: [GC (Allocation Failure) 337242.881: [ParNew
Desired survivor size 8716288 bytes, new threshold 6 (max 6)
- age   1:     820488 bytes,     820488 total
- age   2:      26304 bytes,     846792 total
- age   3:       8104 bytes,     854896 total
- age   4:      36648 bytes,     891544 total
- age   5:       3768 bytes,     895312 total
- age   6:       4608 bytes,     899920 total
: 136730K->959K(153344K), 0.0075480 secs] 324240K->188476K(1031552K), 0.0076533 secs] [Times: user=0.02 sys=0.00, real=0.00 secs] 
2016-08-16T15:02:48.919+0000: 337242.889: Total time for which application threads were stopped: 0.0083323 seconds, Stopping threads took: 0.0000842 seconds
2016-08-16T15:02:59.226+0000: 337253.196: [GC (Allocation Failure) 337253.196: [ParNew
Desired survivor size 8716288 bytes, new threshold 6 (max 6)
- age   1:     635072 bytes,     635072 total
- age   2:      30992 bytes,     666064 total
- age   3:       2720 bytes,     668784 total
- age   4:       6832 bytes,     675616 total
- age   5:      34416 bytes,     710032 total
- age   6:       3768 bytes,     713800 total
: 137279K->778K(153344K), 0.0076079 secs] 324796K->188299K(1031552K), 0.0077224 secs] [Times: user=0.01 sys=0.00, real=0.01 secs] 
2016-08-16T15:02:59.234+0000: 337253.204: Total time for which application threads were stopped: 0.0084665 seconds, Stopping threads took: 0.0000990 seconds
2016-08-16T15:03:08.927+0000: 337262.897: [GC (Allocation Failure) 337262.897: [ParNew
Desired survivor size 8716288 bytes, new threshold 6 (max 6)
- age   1:     493776 bytes,     493776 total
- age   2:      44312 bytes,     538088 total
- age   3:       8984 bytes,     547072 total
- age   4:       2584 bytes,     549656 total
- age   5:       5200 bytes,     554856 total
- age   6:      33840 bytes,     588696 total
: 137098K->671K(153344K), 0.0069616 secs] 324619K->188196K(1031552K), 0.0070900 secs] [Times: user=0.01 sys=0.00, real=0.01 secs] 
2016-08-16T15:03:08.934+0000: 337262.904: Total time for which application threads were stopped: 0.0078100 seconds, Stopping threads took: 0.0000825 seconds
2016-08-16T15:03:19.105+0000: 337273.076: [GC (Allocation Failure) 337273.076: [ParNew
Desired survivor size 8716288 bytes, new threshold 6 (max 6)
- age   1:     514272 bytes,     514272 total
- age   2:      28264 bytes,     542536 total
- age   3:      18920 bytes,     561456 total
- age   4:       8696 bytes,     570152 total
- age   5:       2584 bytes,     572736 total
- age   6:       5168 bytes,     577904 total
: 136991K->681K(153344K), 0.0075718 secs] 324516K->188240K(1031552K), 0.0076744 secs] [Times: user=0.01 sys=0.00, real=0.01 secs] 
2016-08-16T15:03:19.113+0000: 337273.083: Total time for which application threads were stopped: 0.0083445 seconds, Stopping threads took: 0.0000825 seconds
2016-08-16T15:03:23.498+0000: 337277.468: Total time for which application threads were stopped: 0.0058930 seconds, Stopping threads took: 0.0043260 seconds
2016-08-16T15:03:29.038+0000: 337283.008: [GC (Allocation Failure) 337283.008: [ParNew
Desired survivor size 8716288 bytes, new threshold 6 (max 6)
- age   1:     658880 bytes,     658880 total
- age   2:      24944 bytes,     683824 total
- age   3:       7872 bytes,     691696 total
- age   4:      11832 bytes,     703528 total
- age   5:       7392 bytes,     710920 total
- age   6:       2440 bytes,     713360 total
: 137001K->737K(153344K), 0.0072545 secs] 324560K->188300K(1031552K), 0.0073505 secs] [Times: user=0.01 sys=0.00, real=0.01 secs] 
2016-08-16T15:03:29.045+0000: 337283.015: Total time for which application threads were stopped: 0.0080109 seconds, Stopping threads took: 0.0000753 seconds
2016-08-16T15:03:39.171+0000: 337293.141: [GC (Allocation Failure) 337293.141: [ParNew
Desired survivor size 8716288 bytes, new threshold 6 (max 6)
- age   1:     575392 bytes,     575392 total
- age   2:      54248 bytes,     629640 total
- age   3:       4456 bytes,     634096 total
- age   4:       6456 bytes,     640552 total
- age   5:      11688 bytes,     652240 total
- age   6:       7304 bytes,     659544 total
: 137057K->772K(153344K), 0.0078466 secs] 324620K->188338K(1031552K), 0.0079498 secs] [Times: user=0.01 sys=0.00, real=0.00 secs] 
2016-08-16T15:03:39.179+0000: 337293.149: Total time for which application threads were stopped: 0.0086601 seconds, Stopping threads took: 0.0000865 seconds
2016-08-16T15:03:49.032+0000: 337303.002: [GC (Allocation Failure) 337303.003: [ParNew
Desired survivor size 8716288 bytes, new threshold 6 (max 6)
- age   1:     914488 bytes,     914488 total
- age   2:      32864 bytes,     947352 total
- age   3:      34016 bytes,     981368 total
- age   4:       4264 bytes,     985632 total
- age   5:       6200 bytes,     991832 total
- age   6:      11248 bytes,    1003080 total
: 137092K->1047K(153344K), 0.0101832 secs] 324658K->188617K(1031552K), 0.0103120 secs] [Times: user=0.02 sys=0.00, real=0.01 secs] 
2016-08-16T15:03:49.043+0000: 337303.013: Total time for which application threads were stopped: 0.0110473 seconds, Stopping threads took: 0.0000846 seconds
2016-08-16T15:03:52.045+0000: 337306.015: Total time for which application threads were stopped: 0.0014770 seconds, Stopping threads took: 0.0002306 seconds
2016-08-16T15:03:52.101+0000: 337306.071: Total time for which application threads were stopped: 0.0013010 seconds, Stopping threads took: 0.0001485 seconds
2016-08-16T15:03:54.103+0000: 337308.073: Total time for which application threads were stopped: 0.0014674 seconds, Stopping threads took: 0.0002879 seconds
2016-08-16T15:03:59.023+0000: 337312.993: [GC (Allocation Failure) 337312.993: [ParNew
Desired survivor size 8716288 bytes, new threshold 6 (max 6)
- age   1:     653688 bytes,     653688 total
- age   2:      34624 bytes,     688312 total
- age   3:       7256 bytes,     695568 total
- age   4:      27288 bytes,     722856 total
- age   5:       4120 bytes,     726976 total
- age   6:       5912 bytes,     732888 total
: 137367K->781K(153344K), 0.0078281 secs] 324937K->188362K(1031552K), 0.0079340 secs] [Times: user=0.02 sys=0.00, real=0.01 secs] 
2016-08-16T15:03:59.031+0000: 337313.001: Total time for which application threads were stopped: 0.0086304 seconds, Stopping threads took: 0.0000837 seconds
2016-08-16T15:04:00.033+0000: 337314.003: Total time for which application threads were stopped: 0.0014751 seconds, Stopping threads took: 0.0001941 seconds
2016-08-16T15:04:08.994+0000: 337322.965: [GC (Allocation Failure) 337322.965: [ParNew
Desired survivor size 8716288 bytes, new threshold 6 (max 6)
- age   1:     516184 bytes,     516184 total
- age   2:      67360 bytes,     583544 total
- age   3:      12008 bytes,     595552 total
- age   4:       5144 bytes,     600696 total
- age   5:      27144 bytes,     627840 total
- age   6:       4120 bytes,     631960 total
: 137101K->739K(153344K), 0.0078365 secs] 324682K->188326K(1031552K), 0.0079415 secs] [Times: user=0.01 sys=0.00, real=0.01 secs] 
2016-08-16T15:04:09.002+0000: 337322.973: Total time for which application threads were stopped: 0.0086389 seconds, Stopping threads took: 0.0000972 seconds
2016-08-16T15:04:10.004+0000: 337323.974: Total time for which application threads were stopped: 0.0014783 seconds, Stopping threads took: 0.0002264 seconds
2016-08-16T15:04:19.041+0000: 337333.011: [GC (Allocation Failure) 337333.012: [ParNew
Desired survivor size 8716288 bytes, new threshold 6 (max 6)
- age   1:     520496 bytes,     520496 total
- age   2:      26032 bytes,     546528 total
- age   3:      41616 bytes,     588144 total
- age   4:      11752 bytes,     599896 total
- age   5:       5144 bytes,     605040 total
- age   6:      27000 bytes,     632040 total
: 137059K->691K(153344K), 0.0073484 secs] 324646K->188282K(1031552K), 0.0078107 secs] [Times: user=0.01 sys=0.00, real=0.01 secs] 
2016-08-16T15:04:19.049+0000: 337333.019: Total time for which application threads were stopped: 0.0085229 seconds, Stopping threads took: 0.0000629 seconds
2016-08-16T15:04:20.051+0000: 337334.021: Total time for which application threads were stopped: 0.0014577 seconds, Stopping threads took: 0.0002389 seconds
2016-08-16T15:04:23.493+0000: 337337.463: Total time for which application threads were stopped: 0.0017255 seconds, Stopping threads took: 0.0004109 seconds
2016-08-16T15:04:24.495+0000: 337338.465: Total time for which application threads were stopped: 0.0014840 seconds, Stopping threads took: 0.0002399 seconds
2016-08-16T15:04:27.708+0000: 337341.679: [GC (Allocation Failure) 337341.679: [ParNew
Desired survivor size 8716288 bytes, new threshold 6 (max 6)
- age   1:     711280 bytes,     711280 total
- age   2:      24264 bytes,     735544 total
- age   3:       6144 bytes,     741688 total
- age   4:      34944 bytes,     776632 total
- age   5:      11192 bytes,     787824 total
- age   6:       4712 bytes,     792536 total
: 137011K->947K(153344K), 0.0124636 secs] 324602K->188559K(1031552K), 0.0126701 secs] [Times: user=0.02 sys=0.00, real=0.01 secs] 
2016-08-16T15:04:27.721+0000: 337341.692: Total time for which application threads were stopped: 0.0144019 seconds, Stopping threads took: 0.0002001 seconds
2016-08-16T15:04:29.145+0000: 337343.115: [GC (Allocation Failure) 337343.115: [ParNew
Desired survivor size 8716288 bytes, new threshold 6 (max 6)
- age   1:     208440 bytes,     208440 total
- age   2:     247008 bytes,     455448 total
- age   3:       5256 bytes,     460704 total
- age   4:       6144 bytes,     466848 total
- age   5:      34704 bytes,     501552 total
- age   6:      11128 bytes,     512680 total
: 137267K->637K(153344K), 0.0100800 secs] 324879K->188254K(1031552K), 0.0102083 secs] [Times: user=0.01 sys=0.00, real=0.01 secs] 
2016-08-16T15:04:29.155+0000: 337343.126: Total time for which application threads were stopped: 0.0111199 seconds, Stopping threads took: 0.0001105 seconds
2016-08-16T15:04:39.048+0000: 337353.018: [GC (Allocation Failure) 337353.018: [ParNew
Desired survivor size 8716288 bytes, new threshold 6 (max 6)
- age   1:     478592 bytes,     478592 total
- age   2:       9224 bytes,     487816 total
- age   3:      33904 bytes,     521720 total
- age   4:       4032 bytes,     525752 total
- age   5:       5488 bytes,     531240 total
- age   6:      34576 bytes,     565816 total
: 136957K->687K(153344K), 0.0072101 secs] 324574K->188315K(1031552K), 0.0073382 secs] [Times: user=0.01 sys=0.00, real=0.01 secs] 
2016-08-16T15:04:39.055+0000: 337353.025: Total time for which application threads were stopped: 0.0080027 seconds, Stopping threads took: 0.0000822 seconds
2016-08-16T15:04:49.181+0000: 337363.151: [GC (Allocation Failure) 337363.151: [ParNew
Desired survivor size 8716288 bytes, new threshold 6 (max 6)
- age   1:     968000 bytes,     968000 total
- age   2:      30136 bytes,     998136 total
- age   3:       4576 bytes,    1002712 total
- age   4:      32384 bytes,    1035096 total
- age   5:       3936 bytes,    1039032 total
- age   6:       5224 bytes,    1044256 total
: 137007K->1138K(153344K), 0.0088378 secs] 324635K->188800K(1031552K), 0.0089670 secs] [Times: user=0.02 sys=0.00, real=0.01 secs] 
2016-08-16T15:04:49.190+0000: 337363.160: Total time for which application threads were stopped: 0.0097050 seconds, Stopping threads took: 0.0001177 seconds
2016-08-16T15:04:58.917+0000: 337372.887: [GC (Allocation Failure) 337372.887: [ParNew
Desired survivor size 8716288 bytes, new threshold 6 (max 6)
- age   1:     561328 bytes,     561328 total
- age   2:      38216 bytes,     599544 total
- age   3:       4696 bytes,     604240 total
- age   4:       4184 bytes,     608424 total
- age   5:      29944 bytes,     638368 total
- age   6:       3912 bytes,     642280 total
: 137458K->696K(153344K), 0.0079019 secs] 325120K->188363K(1031552K), 0.0080046 secs] [Times: user=0.01 sys=0.00, real=0.01 secs] 
2016-08-16T15:04:58.925+0000: 337372.896: Total time for which application threads were stopped: 0.0086940 seconds, Stopping threads took: 0.0000828 seconds
2016-08-16T15:05:08.915+0000: 337382.885: [GC (Allocation Failure) 337382.885: [ParNew
Desired survivor size 8716288 bytes, new threshold 6 (max 6)
- age   1:     496376 bytes,     496376 total
- age   2:      35784 bytes,     532160 total
- age   3:      15464 bytes,     547624 total
- age   4:       2584 bytes,     550208 total
- age   5:       4184 bytes,     554392 total
- age   6:      29872 bytes,     584264 total
: 137016K->705K(153344K), 0.0075236 secs] 324683K->188376K(1031552K), 0.0076239 secs] [Times: user=0.01 sys=0.00, real=0.01 secs] 
2016-08-16T15:05:08.923+0000: 337382.893: Total time for which application threads were stopped: 0.0083020 seconds, Stopping threads took: 0.0000834 seconds
2016-08-16T15:05:19.014+0000: 337392.984: [GC (Allocation Failure) 337392.984: [ParNew
Desired survivor size 8716288 bytes, new threshold 6 (max 6)
- age   1:     501320 bytes,     501320 total
- age   2:      25904 bytes,     527224 total
- age   3:      10352 bytes,     537576 total
- age   4:      15136 bytes,     552712 total
- age   5:       2584 bytes,     555296 total
- age   6:       4184 bytes,     559480 total
: 137025K->610K(153344K), 0.0075984 secs] 324696K->188311K(1031552K), 0.0077161 secs] [Times: user=0.02 sys=0.00, real=0.01 secs] 
2016-08-16T15:05:19.022+0000: 337392.992: Total time for which application threads were stopped: 0.0084028 seconds, Stopping threads took: 0.0000831 seconds
2016-08-16T15:05:23.491+0000: 337397.461: Total time for which application threads were stopped: 0.0069119 seconds, Stopping threads took: 0.0040815 seconds
2016-08-16T15:05:28.909+0000: 337402.879: [GC (Allocation Failure) 337402.879: [ParNew
Desired survivor size 8716288 bytes, new threshold 6 (max 6)
- age   1:     625840 bytes,     625840 total
- age   2:      26200 bytes,     652040 total
- age   3:       5824 bytes,     657864 total
- age   4:       7568 bytes,     665432 total
- age   5:      14056 bytes,     679488 total
- age   6:       2368 bytes,     681856 total
: 136930K->769K(153344K), 0.0070742 secs] 324631K->188471K(1031552K), 0.0071754 secs] [Times: user=0.01 sys=0.00, real=0.00 secs] 
2016-08-16T15:05:28.916+0000: 337402.886: Total time for which application threads were stopped: 0.0078951 seconds, Stopping threads took: 0.0000830 seconds
2016-08-16T15:05:38.922+0000: 337412.892: [GC (Allocation Failure) 337412.892: [ParNew
Desired survivor size 8716288 bytes, new threshold 6 (max 6)
- age   1:     561584 bytes,     561584 total
- age   2:      45920 bytes,     607504 total
- age   3:       5920 bytes,     613424 total
- age   4:       5168 bytes,     618592 total
- age   5:       7432 bytes,     626024 total
- age   6:      14056 bytes,     640080 total
: 137089K->702K(153344K), 0.0075767 secs] 324791K->188407K(1031552K), 0.0076737 secs] [Times: user=0.01 sys=0.00, real=0.01 secs] 
2016-08-16T15:05:38.930+0000: 337412.900: Total time for which application threads were stopped: 0.0083509 seconds, Stopping threads took: 0.0000839 seconds
2016-08-16T15:05:48.909+0000: 337422.879: [GC (Allocation Failure) 337422.879: [ParNew
Desired survivor size 8716288 bytes, new threshold 6 (max 6)
- age   1:     892944 bytes,     892944 total
- age   2:      32712 bytes,     925656 total
- age   3:      25768 bytes,     951424 total
- age   4:       5696 bytes,     957120 total
- age   5:       5104 bytes,     962224 total
- age   6:       7080 bytes,     969304 total
: 137022K->1032K(153344K), 0.0083524 secs] 324727K->188750K(1031552K), 0.0084660 secs] [Times: user=0.01 sys=0.00, real=0.00 secs] 
2016-08-16T15:05:48.917+0000: 337422.887: Total time for which application threads were stopped: 0.0092250 seconds, Stopping threads took: 0.0001204 seconds
2016-08-16T15:05:58.903+0000: 337432.873: [GC (Allocation Failure) 337432.873: [ParNew
Desired survivor size 8716288 bytes, new threshold 6 (max 6)
- age   1:     535312 bytes,     535312 total
- age   2:      32040 bytes,     567352 total
- age   3:       7272 bytes,     574624 total
- age   4:      22768 bytes,     597392 total
- age   5:       5568 bytes,     602960 total
- age   6:       4968 bytes,     607928 total
: 137352K->678K(153344K), 0.0083206 secs] 325070K->188404K(1031552K), 0.0084265 secs] [Times: user=0.02 sys=0.00, real=0.01 secs] 
2016-08-16T15:05:58.912+0000: 337432.882: Total time for which application threads were stopped: 0.0091166 seconds, Stopping threads took: 0.0000822 seconds
2016-08-16T15:06:09.022+0000: 337442.992: [GC (Allocation Failure) 337442.992: [ParNew
Desired survivor size 8716288 bytes, new threshold 6 (max 6)
- age   1:     535232 bytes,     535232 total
- age   2:      35808 bytes,     571040 total
- age   3:       9824 bytes,     580864 total
- age   4:       5088 bytes,     585952 total
- age   5:      22696 bytes,     608648 total
- age   6:       5568 bytes,     614216 total
: 136998K->711K(153344K), 0.0076287 secs] 324724K->188441K(1031552K), 0.0077312 secs] [Times: user=0.02 sys=0.00, real=0.01 secs] 
2016-08-16T15:06:09.030+0000: 337443.000: Total time for which application threads were stopped: 0.0084257 seconds, Stopping threads took: 0.0000824 seconds
2016-08-16T15:06:19.237+0000: 337453.207: [GC (Allocation Failure) 337453.207: [ParNew
Desired survivor size 8716288 bytes, new threshold 6 (max 6)
- age   1:     453440 bytes,     453440 total
- age   2:      25848 bytes,     479288 total
- age   3:      10392 bytes,     489680 total
- age   4:       9664 bytes,     499344 total
- age   5:       5024 bytes,     504368 total
- age   6:      22624 bytes,     526992 total
: 137031K->575K(153344K), 0.0071758 secs] 324761K->188311K(1031552K), 0.0073073 secs] [Times: user=0.00 sys=0.00, real=0.01 secs] 
2016-08-16T15:06:19.244+0000: 337453.215: Total time for which application threads were stopped: 0.0081522 seconds, Stopping threads took: 0.0000845 seconds
2016-08-16T15:06:23.493+0000: 337457.463: Total time for which application threads were stopped: 0.0016212 seconds, Stopping threads took: 0.0003048 seconds
2016-08-16T15:06:27.791+0000: 337461.761: [GC (Allocation Failure) 337461.761: [ParNew
Desired survivor size 8716288 bytes, new threshold 6 (max 6)
- age   1:     720280 bytes,     720280 total
- age   2:      23736 bytes,     744016 total
- age   3:       6400 bytes,     750416 total
- age   4:       6416 bytes,     756832 total
- age   5:       8512 bytes,     765344 total
- age   6:       4024 bytes,     769368 total
: 136895K->804K(153344K), 0.0112984 secs] 324631K->188554K(1031552K), 0.0114580 secs] [Times: user=0.02 sys=0.00, real=0.01 secs] 
2016-08-16T15:06:27.802+0000: 337461.772: Total time for which application threads were stopped: 0.0127589 seconds, Stopping threads took: 0.0001662 seconds
2016-08-16T15:06:28.917+0000: 337462.887: [GC (Allocation Failure) 337462.887: [ParNew
Desired survivor size 8716288 bytes, new threshold 6 (max 6)
- age   1:     212784 bytes,     212784 total
- age   2:      38248 bytes,     251032 total
- age   3:       4712 bytes,     255744 total
- age   4:       6400 bytes,     262144 total
- age   5:       6312 bytes,     268456 total
- age   6:       8512 bytes,     276968 total
: 137124K->439K(153344K), 0.0061783 secs] 324874K->188193K(1031552K), 0.0062600 secs] [Times: user=0.01 sys=0.00, real=0.01 secs] 
2016-08-16T15:06:28.923+0000: 337462.893: Total time for which application threads were stopped: 0.0076759 seconds, Stopping threads took: 0.0008891 seconds
2016-08-16T15:06:38.926+0000: 337472.896: [GC (Allocation Failure) 337472.896: [ParNew
Desired survivor size 8716288 bytes, new threshold 6 (max 6)
- age   1:     447768 bytes,     447768 total
- age   2:       9168 bytes,     456936 total
- age   3:      22368 bytes,     479304 total
- age   4:       3504 bytes,     482808 total
- age   5:       4400 bytes,     487208 total
- age   6:       6312 bytes,     493520 total
: 136759K->563K(153344K), 0.0070676 secs] 324513K->188326K(1031552K), 0.0071608 secs] [Times: user=0.01 sys=0.00, real=0.01 secs] 
2016-08-16T15:06:38.933+0000: 337472.903: Total time for which application threads were stopped: 0.0078394 seconds, Stopping threads took: 0.0000679 seconds
2016-08-16T15:06:49.055+0000: 337483.025: [GC (Allocation Failure) 337483.025: [ParNew
Desired survivor size 8716288 bytes, new threshold 6 (max 6)
- age   1:     885736 bytes,     885736 total
- age   2:      30352 bytes,     916088 total
- age   3:       4696 bytes,     920784 total
- age   4:      21776 bytes,     942560 total
- age   5:       3320 bytes,     945880 total
- age   6:       4208 bytes,     950088 total
: 136883K->1015K(153344K), 0.0087952 secs] 324646K->188784K(1031552K), 0.0089013 secs] [Times: user=0.02 sys=0.00, real=0.01 secs] 
2016-08-16T15:06:49.064+0000: 337483.034: Total time for which application threads were stopped: 0.0095344 seconds, Stopping threads took: 0.0000735 seconds
2016-08-16T15:06:59.242+0000: 337493.212: [GC (Allocation Failure) 337493.213: [ParNew
Desired survivor size 8716288 bytes, new threshold 6 (max 6)
- age   1:     519808 bytes,     519808 total
- age   2:      31840 bytes,     551648 total
- age   3:       4808 bytes,     556456 total
- age   4:       4160 bytes,     560616 total
- age   5:      19624 bytes,     580240 total
- age   6:       3256 bytes,     583496 total
: 137335K->661K(153344K), 0.0073378 secs] 325104K->188433K(1031552K), 0.0074549 secs] [Times: user=0.01 sys=0.00, real=0.01 secs] 
2016-08-16T15:06:59.250+0000: 337493.220: Total time for which application threads were stopped: 0.0081330 seconds, Stopping threads took: 0.0000838 seconds
2016-08-16T15:07:09.166+0000: 337503.137: [GC (Allocation Failure) 337503.137: [ParNew
Desired survivor size 8716288 bytes, new threshold 6 (max 6)
- age   1:     499200 bytes,     499200 total
- age   2:      42456 bytes,     541656 total
- age   3:       9776 bytes,     551432 total
- age   4:       3232 bytes,     554664 total
- age   5:       4160 bytes,     558824 total
- age   6:      19480 bytes,     578304 total
: 136981K->639K(153344K), 0.0089411 secs] 324753K->188415K(1031552K), 0.0090837 secs] [Times: user=0.02 sys=0.00, real=0.01 secs] 
2016-08-16T15:07:09.176+0000: 337503.146: Total time for which application threads were stopped: 0.0099914 seconds, Stopping threads took: 0.0000981 seconds
2016-08-16T15:07:18.644+0000: 337512.615: [GC (Allocation Failure) 337512.615: [ParNew
Desired survivor size 8716288 bytes, new threshold 6 (max 6)
- age   1:     437728 bytes,     437728 total
- age   2:      25912 bytes,     463640 total
- age   3:      10200 bytes,     473840 total
- age   4:       9680 bytes,     483520 total
- age   5:       3232 bytes,     486752 total
- age   6:       4160 bytes,     490912 total
: 136959K->586K(153344K), 0.0077814 secs] 324735K->188381K(1031552K), 0.0079103 secs] [Times: user=0.01 sys=0.00, real=0.01 secs] 
2016-08-16T15:07:18.652+0000: 337512.623: Total time for which application threads were stopped: 0.0086113 seconds, Stopping threads took: 0.0000829 seconds
2016-08-16T15:07:23.494+0000: 337517.464: Total time for which application threads were stopped: 0.0019157 seconds, Stopping threads took: 0.0003906 seconds
2016-08-16T15:07:28.888+0000: 337522.858: [GC (Allocation Failure) 337522.858: [ParNew
Desired survivor size 8716288 bytes, new threshold 6 (max 6)
- age   1:     586360 bytes,     586360 total
- age   2:      27368 bytes,     613728 total
- age   3:       5240 bytes,     618968 total
- age   4:       7400 bytes,     626368 total
- age   5:       8896 bytes,     635264 total
- age   6:       2736 bytes,     638000 total
: 136906K->705K(153344K), 0.0077214 secs] 324701K->188502K(1031552K), 0.0078261 secs] [Times: user=0.02 sys=0.00, real=0.00 secs] 
2016-08-16T15:07:28.896+0000: 337522.866: Total time for which application threads were stopped: 0.0085182 seconds, Stopping threads took: 0.0000994 seconds
2016-08-16T15:07:38.906+0000: 337532.876: [GC (Allocation Failure) 337532.877: [ParNew
Desired survivor size 8716288 bytes, new threshold 6 (max 6)
- age   1:     580640 bytes,     580640 total
- age   2:      45592 bytes,     626232 total
- age   3:       8144 bytes,     634376 total
- age   4:       5144 bytes,     639520 total
- age   5:       7328 bytes,     646848 total
- age   6:       8768 bytes,     655616 total
: 137025K->737K(153344K), 0.0077064 secs] 324822K->188537K(1031552K), 0.0078071 secs] [Times: user=0.01 sys=0.00, real=0.01 secs] 
2016-08-16T15:07:38.914+0000: 337532.884: Total time for which application threads were stopped: 0.0084960 seconds, Stopping threads took: 0.0000837 seconds
2016-08-16T15:07:48.903+0000: 337542.873: [GC (Allocation Failure) 337542.873: [ParNew
Desired survivor size 8716288 bytes, new threshold 6 (max 6)
- age   1:     926920 bytes,     926920 total
- age   2:      33768 bytes,     960688 total
- age   3:      25432 bytes,     986120 total
- age   4:       7984 bytes,     994104 total
- age   5:       5080 bytes,     999184 total
- age   6:       6896 bytes,    1006080 total
: 137057K->1120K(153344K), 0.0082269 secs] 324857K->188928K(1031552K), 0.0083303 secs] [Times: user=0.01 sys=0.00, real=0.01 secs] 
2016-08-16T15:07:48.912+0000: 337542.882: Total time for which application threads were stopped: 0.0090305 seconds, Stopping threads took: 0.0000827 seconds
2016-08-16T15:07:58.890+0000: 337552.861: [GC (Allocation Failure) 337552.861: [ParNew
Desired survivor size 8716288 bytes, new threshold 6 (max 6)
- age   1:     600008 bytes,     600008 total
- age   2:      32008 bytes,     632016 total
- age   3:       7952 bytes,     639968 total
- age   4:      22576 bytes,     662544 total
- age   5:       7984 bytes,     670528 total
- age   6:       5016 bytes,     675544 total
: 137440K->708K(153344K), 0.0080493 secs] 325248K->188523K(1031552K), 0.0081548 secs] [Times: user=0.01 sys=0.00, real=0.00 secs] 
2016-08-16T15:07:58.899+0000: 337552.869: Total time for which application threads were stopped: 0.0088664 seconds, Stopping threads took: 0.0001021 seconds
2016-08-16T15:08:08.903+0000: 337562.873: [GC (Allocation Failure) 337562.873: [ParNew
Desired survivor size 8716288 bytes, new threshold 6 (max 6)
- age   1:     519824 bytes,     519824 total
- age   2:      41264 bytes,     561088 total
- age   3:       9656 bytes,     570744 total
- age   4:       5864 bytes,     576608 total
- age   5:      22432 bytes,     599040 total
- age   6:       7984 bytes,     607024 total
: 137028K->676K(153344K), 0.0076691 secs] 324843K->188496K(1031552K), 0.0077633 secs] [Times: user=0.02 sys=0.00, real=0.01 secs] 
2016-08-16T15:08:08.911+0000: 337562.881: Total time for which application threads were stopped: 0.0084501 seconds, Stopping threads took: 0.0000838 seconds
2016-08-16T15:08:18.894+0000: 337572.865: [GC (Allocation Failure) 337572.865: [ParNew
Desired survivor size 8716288 bytes, new threshold 6 (max 6)
- age   1:     499128 bytes,     499128 total
- age   2:      25576 bytes,     524704 total
- age   3:      15416 bytes,     540120 total
- age   4:       9560 bytes,     549680 total
- age   5:       5736 bytes,     555416 total
- age   6:      22432 bytes,     577848 total
: 136996K->638K(153344K), 0.0082196 secs] 324816K->188465K(1031552K), 0.0083186 secs] [Times: user=0.02 sys=0.00, real=0.01 secs] 
2016-08-16T15:08:18.903+0000: 337572.873: Total time for which application threads were stopped: 0.0089332 seconds, Stopping threads took: 0.0000705 seconds
2016-08-16T15:08:23.493+0000: 337577.463: Total time for which application threads were stopped: 0.0014566 seconds, Stopping threads took: 0.0002760 seconds
2016-08-16T15:08:27.870+0000: 337581.840: [GC (Allocation Failure) 337581.841: [ParNew
Desired survivor size 8716288 bytes, new threshold 6 (max 6)
- age   1:     698080 bytes,     698080 total
- age   2:      25648 bytes,     723728 total
- age   3:       6008 bytes,     729736 total
- age   4:      10320 bytes,     740056 total
- age   5:       8712 bytes,     748768 total
- age   6:       4304 bytes,     753072 total
: 136958K->757K(153344K), 0.0124966 secs] 324785K->188599K(1031552K), 0.0127121 secs] [Times: user=0.02 sys=0.00, real=0.01 secs] 
2016-08-16T15:08:27.883+0000: 337581.853: Total time for which application threads were stopped: 0.0145246 seconds, Stopping threads took: 0.0003969 seconds
2016-08-16T15:08:28.973+0000: 337582.943: [GC (Allocation Failure) 337582.943: [ParNew
Desired survivor size 8716288 bytes, new threshold 6 (max 6)
- age   1:     211816 bytes,     211816 total
- age   2:     240680 bytes,     452496 total
- age   3:       6616 bytes,     459112 total
- age   4:       6008 bytes,     465120 total
- age   5:      10216 bytes,     475336 total
- age   6:       8648 bytes,     483984 total
: 137077K->592K(153344K), 0.0063582 secs] 324919K->188439K(1031552K), 0.0064454 secs] [Times: user=0.01 sys=0.00, real=0.00 secs] 
2016-08-16T15:08:28.979+0000: 337582.949: Total time for which application threads were stopped: 0.0070923 seconds, Stopping threads took: 0.0000799 seconds
2016-08-16T15:08:38.919+0000: 337592.889: [GC (Allocation Failure) 337592.889: [ParNew
Desired survivor size 8716288 bytes, new threshold 6 (max 6)
- age   1:     487328 bytes,     487328 total
- age   2:       9128 bytes,     496456 total
- age   3:      24544 bytes,     521000 total
- age   4:       5304 bytes,     526304 total
- age   5:       5352 bytes,     531656 total
- age   6:      10216 bytes,     541872 total
: 136912K->667K(153344K), 0.0076261 secs] 324759K->188523K(1031552K), 0.0077390 secs] [Times: user=0.01 sys=0.00, real=0.01 secs] 
2016-08-16T15:08:38.927+0000: 337592.897: Total time for which application threads were stopped: 0.0085442 seconds, Stopping threads took: 0.0001143 seconds
2016-08-16T15:08:48.918+0000: 337602.889: [GC (Allocation Failure) 337602.889: [ParNew
Desired survivor size 8716288 bytes, new threshold 6 (max 6)
- age   1:     931840 bytes,     931840 total
- age   2:      30592 bytes,     962432 total
- age   3:       4696 bytes,     967128 total
- age   4:      23000 bytes,     990128 total
- age   5:       5056 bytes,     995184 total
- age   6:       5224 bytes,    1000408 total
: 136987K->1066K(153344K), 0.0078187 secs] 324843K->188931K(1031552K), 0.0079189 secs] [Times: user=0.02 sys=0.00, real=0.01 secs] 
2016-08-16T15:08:48.927+0000: 337602.897: Total time for which application threads were stopped: 0.0085981 seconds, Stopping threads took: 0.0000831 seconds
2016-08-16T15:08:58.914+0000: 337612.884: [GC (Allocation Failure) 337612.884: [ParNew
Desired survivor size 8716288 bytes, new threshold 6 (max 6)
- age   1:     559472 bytes,     559472 total
- age   2:      32312 bytes,     591784 total
- age   3:       5192 bytes,     596976 total
- age   4:       4088 bytes,     601064 total
- age   5:      20800 bytes,     621864 total
- age   6:       4992 bytes,     626856 total
: 137386K->681K(153344K), 0.0073193 secs] 325251K->188552K(1031552K), 0.0074230 secs] [Times: user=0.01 sys=0.00, real=0.01 secs] 
2016-08-16T15:08:58.921+0000: 337612.892: Total time for which application threads were stopped: 0.0081038 seconds, Stopping threads took: 0.0000857 seconds
2016-08-16T15:09:08.875+0000: 337622.845: Total time for which application threads were stopped: 0.0020546 seconds, Stopping threads took: 0.0000901 seconds
2016-08-16T15:09:08.875+0000: 337622.846: Total time for which application threads were stopped: 0.0003140 seconds, Stopping threads took: 0.0000377 seconds
2016-08-16T15:09:08.880+0000: 337622.850: Total time for which application threads were stopped: 0.0038179 seconds, Stopping threads took: 0.0034396 seconds
2016-08-16T15:09:08.910+0000: 337622.880: [GC (Allocation Failure) 337622.880: [ParNew
Desired survivor size 8716288 bytes, new threshold 6 (max 6)
- age   1:     529584 bytes,     529584 total
- age   2:      35656 bytes,     565240 total
- age   3:       9536 bytes,     574776 total
- age   4:       3080 bytes,     577856 total
- age   5:       4088 bytes,     581944 total
- age   6:      20728 bytes,     602672 total
: 137001K->687K(153344K), 0.0073620 secs] 324872K->188562K(1031552K), 0.0074581 secs] [Times: user=0.02 sys=0.00, real=0.00 secs] 
2016-08-16T15:09:08.917+0000: 337622.887: Total time for which application threads were stopped: 0.0081205 seconds, Stopping threads took: 0.0000684 seconds
2016-08-16T15:09:18.895+0000: 337632.865: [GC (Allocation Failure) 337632.865: [ParNew
Desired survivor size 8716288 bytes, new threshold 6 (max 6)
- age   1:     495096 bytes,     495096 total
- age   2:      28984 bytes,     524080 total
- age   3:      10288 bytes,     534368 total
- age   4:       9376 bytes,     543744 total
- age   5:       2952 bytes,     546696 total
- age   6:       4088 bytes,     550784 total
: 137007K->642K(153344K), 0.0073321 secs] 324882K->188538K(1031552K), 0.0074285 secs] [Times: user=0.02 sys=0.00, real=0.01 secs] 
2016-08-16T15:09:18.902+0000: 337632.872: Total time for which application threads were stopped: 0.0080933 seconds, Stopping threads took: 0.0000815 seconds
2016-08-16T15:09:23.493+0000: 337637.463: Total time for which application threads were stopped: 0.0025524 seconds, Stopping threads took: 0.0017936 seconds
2016-08-16T15:09:28.893+0000: 337642.864: [GC (Allocation Failure) 337642.864: [ParNew
Desired survivor size 8716288 bytes, new threshold 6 (max 6)
- age   1:     643856 bytes,     643856 total
- age   2:      23792 bytes,     667648 total
- age   3:       9536 bytes,     677184 total
- age   4:       6824 bytes,     684008 total
- age   5:       8432 bytes,     692440 total
- age   6:       2608 bytes,     695048 total
: 136962K->693K(153344K), 0.0079300 secs] 324858K->188591K(1031552K), 0.0080594 secs] [Times: user=0.01 sys=0.00, real=0.01 secs] 
2016-08-16T15:09:28.902+0000: 337642.872: Total time for which application threads were stopped: 0.0087846 seconds, Stopping threads took: 0.0000993 seconds
2016-08-16T15:09:38.892+0000: 337652.862: [GC (Allocation Failure) 337652.862: [ParNew
Desired survivor size 8716288 bytes, new threshold 6 (max 6)
- age   1:     550808 bytes,     550808 total
- age   2:      44816 bytes,     595624 total
- age   3:       3400 bytes,     599024 total
- age   4:       7432 bytes,     606456 total
- age   5:       6752 bytes,     613208 total
- age   6:       8432 bytes,     621640 total
: 137013K->737K(153344K), 0.0077793 secs] 324911K->188637K(1031552K), 0.0078814 secs] [Times: user=0.02 sys=0.00, real=0.00 secs] 
2016-08-16T15:09:38.900+0000: 337652.870: Total time for which application threads were stopped: 0.0085556 seconds, Stopping threads took: 0.0000799 seconds
2016-08-16T15:09:48.876+0000: 337662.846: [GC (Allocation Failure) 337662.846: [ParNew
Desired survivor size 8716288 bytes, new threshold 6 (max 6)
- age   1:     949312 bytes,     949312 total
- age   2:      32360 bytes,     981672 total
- age   3:      24592 bytes,    1006264 total
- age   4:       3232 bytes,    1009496 total
- age   5:       7256 bytes,    1016752 total
- age   6:       6272 bytes,    1023024 total
: 137057K->1076K(153344K), 0.0084193 secs] 324957K->188982K(1031552K), 0.0085209 secs] [Times: user=0.02 sys=0.00, real=0.01 secs] 
2016-08-16T15:09:48.885+0000: 337662.855: Total time for which application threads were stopped: 0.0092299 seconds, Stopping threads took: 0.0000849 seconds
2016-08-16T15:09:58.901+0000: 337672.871: [GC (Allocation Failure) 337672.871: [ParNew
Desired survivor size 8716288 bytes, new threshold 6 (max 6)
- age   1:     549888 bytes,     549888 total
- age   2:      37664 bytes,     587552 total
- age   3:       6880 bytes,     594432 total
- age   4:      21792 bytes,     616224 total
- age   5:       3232 bytes,     619456 total
- age   6:       7256 bytes,     626712 total
: 137396K->690K(153344K), 0.0076451 secs] 325302K->188602K(1031552K), 0.0077435 secs] [Times: user=0.01 sys=0.00, real=0.01 secs] 
2016-08-16T15:09:58.909+0000: 337672.879: Total time for which application threads were stopped: 0.0084673 seconds, Stopping threads took: 0.0001015 seconds
2016-08-16T15:10:08.872+0000: 337682.842: [GC (Allocation Failure) 337682.842: [ParNew
Desired survivor size 8716288 bytes, new threshold 6 (max 6)
- age   1:     520112 bytes,     520112 total
- age   2:      35808 bytes,     555920 total
- age   3:      15136 bytes,     571056 total
- age   4:       4768 bytes,     575824 total
- age   5:      21648 bytes,     597472 total
- age   6:       3168 bytes,     600640 total
: 137010K->680K(153344K), 0.0074919 secs] 324922K->188599K(1031552K), 0.0075928 secs] [Times: user=0.01 sys=0.00, real=0.00 secs] 
2016-08-16T15:10:08.880+0000: 337682.850: Total time for which application threads were stopped: 0.0083415 seconds, Stopping threads took: 0.0000824 seconds
2016-08-16T15:10:18.898+0000: 337692.868: [GC (Allocation Failure) 337692.868: [ParNew
Desired survivor size 8716288 bytes, new threshold 6 (max 6)
- age   1:     675328 bytes,     675328 total
- age   2:      31728 bytes,     707056 total
- age   3:      10216 bytes,     717272 total
- age   4:      15040 bytes,     732312 total
- age   5:       4768 bytes,     737080 total
- age   6:      21504 bytes,     758584 total
: 137000K->802K(153344K), 0.0078989 secs] 324919K->188724K(1031552K), 0.0079959 secs] [Times: user=0.01 sys=0.00, real=0.01 secs] 
2016-08-16T15:10:18.906+0000: 337692.876: Total time for which application threads were stopped: 0.0086539 seconds, Stopping threads took: 0.0001071 seconds
2016-08-16T15:10:23.493+0000: 337697.463: Total time for which application threads were stopped: 0.0013134 seconds, Stopping threads took: 0.0002754 seconds
2016-08-16T15:10:25.315+0000: 337699.285: [GC (Allocation Failure) 337699.285: [ParNew
Desired survivor size 8716288 bytes, new threshold 6 (max 6)
- age   1:     500424 bytes,     500424 total
- age   2:      25336 bytes,     525760 total
- age   3:      12432 bytes,     538192 total
- age   4:       7752 bytes,     545944 total
- age   5:      14136 bytes,     560080 total
- age   6:       4192 bytes,     564272 total
: 137122K->733K(153344K), 0.0082215 secs] 325044K->188669K(1031552K), 0.0083458 secs] [Times: user=0.02 sys=0.00, real=0.01 secs] 
2016-08-16T15:10:25.323+0000: 337699.294: Total time for which application threads were stopped: 0.0090288 seconds, Stopping threads took: 0.0000934 seconds
2016-08-16T15:10:28.910+0000: 337702.880: [GC (Allocation Failure) 337702.880: [ParNew
Desired survivor size 8716288 bytes, new threshold 6 (max 6)
- age   1:     262288 bytes,     262288 total
- age   2:      40280 bytes,     302568 total
- age   3:       5704 bytes,     308272 total
- age   4:      12272 bytes,     320544 total
- age   5:       7648 bytes,     328192 total
- age   6:      14136 bytes,     342328 total
: 137053K->425K(153344K), 0.0065623 secs] 324989K->188365K(1031552K), 0.0066478 secs] [Times: user=0.01 sys=0.00, real=0.00 secs] 
2016-08-16T15:10:28.917+0000: 337702.887: Total time for which application threads were stopped: 0.0073016 seconds, Stopping threads took: 0.0000777 seconds
2016-08-16T15:10:34.644+0000: 337708.614: Total time for which application threads were stopped: 0.0020821 seconds, Stopping threads took: 0.0000768 seconds
2016-08-16T15:10:39.202+0000: 337713.172: [GC (Allocation Failure) 337713.172: [ParNew
Desired survivor size 8716288 bytes, new threshold 6 (max 6)
- age   1:     498464 bytes,     498464 total
- age   2:      22784 bytes,     521248 total
- age   3:      27432 bytes,     548680 total
- age   4:       4304 bytes,     552984 total
- age   5:      11552 bytes,     564536 total
- age   6:       7576 bytes,     572112 total
: 136745K->692K(153344K), 0.0074462 secs] 324685K->188647K(1031552K), 0.0075476 secs] [Times: user=0.01 sys=0.00, real=0.01 secs] 
2016-08-16T15:10:39.209+0000: 337713.180: Total time for which application threads were stopped: 0.0082221 seconds, Stopping threads took: 0.0000806 seconds
2016-08-16T15:10:48.899+0000: 337722.870: [GC (Allocation Failure) 337722.870: [ParNew
Desired survivor size 8716288 bytes, new threshold 6 (max 6)
- age   1:     923952 bytes,     923952 total
- age   2:      30928 bytes,     954880 total
- age   3:       5112 bytes,     959992 total
- age   4:      26704 bytes,     986696 total
- age   5:       4080 bytes,     990776 total
- age   6:      11488 bytes,    1002264 total
: 137012K->998K(153344K), 0.0080583 secs] 324967K->188959K(1031552K), 0.0081625 secs] [Times: user=0.01 sys=0.00, real=0.01 secs] 
2016-08-16T15:10:48.908+0000: 337722.878: Total time for which application threads were stopped: 0.0088394 seconds, Stopping threads took: 0.0000837 seconds
2016-08-16T15:10:58.907+0000: 337732.877: [GC (Allocation Failure) 337732.877: [ParNew
Desired survivor size 8716288 bytes, new threshold 6 (max 6)
- age   1:     531112 bytes,     531112 total
- age   2:      33160 bytes,     564272 total
- age   3:       5432 bytes,     569704 total
- age   4:       4576 bytes,     574280 total
- age   5:      24400 bytes,     598680 total
- age   6:       3984 bytes,     602664 total
: 137318K->675K(153344K), 0.0075703 secs] 325279K->188648K(1031552K), 0.0076706 secs] [Times: user=0.01 sys=0.00, real=0.01 secs] 
2016-08-16T15:10:58.914+0000: 337732.885: Total time for which application threads were stopped: 0.0083518 seconds, Stopping threads took: 0.0000825 seconds
2016-08-16T15:11:08.914+0000: 337742.885: [GC (Allocation Failure) 337742.885: [ParNew
Desired survivor size 8716288 bytes, new threshold 6 (max 6)
- age   1:     510840 bytes,     510840 total
- age   2:      35720 bytes,     546560 total
- age   3:      10400 bytes,     556960 total
- age   4:       3880 bytes,     560840 total
- age   5:       4504 bytes,     565344 total
- age   6:      24328 bytes,     589672 total
: 136995K->590K(153344K), 0.0069727 secs] 324968K->188566K(1031552K), 0.0070858 secs] [Times: user=0.01 sys=0.00, real=0.01 secs] 
2016-08-16T15:11:08.922+0000: 337742.892: Total time for which application threads were stopped: 0.0077652 seconds, Stopping threads took: 0.0000821 seconds
2016-08-16T15:11:18.885+0000: 337752.855: [GC (Allocation Failure) 337752.855: [ParNew
Desired survivor size 8716288 bytes, new threshold 6 (max 6)
- age   1:     482032 bytes,     482032 total
- age   2:      25984 bytes,     508016 total
- age   3:      10216 bytes,     518232 total
- age   4:      10256 bytes,     528488 total
- age   5:       3816 bytes,     532304 total
- age   6:       4504 bytes,     536808 total
: 136910K->618K(153344K), 0.0074215 secs] 324886K->188619K(1031552K), 0.0075184 secs] [Times: user=0.01 sys=0.00, real=0.01 secs] 
2016-08-16T15:11:18.892+0000: 337752.863: Total time for which application threads were stopped: 0.0082156 seconds, Stopping threads took: 0.0000880 seconds
2016-08-16T15:11:19.894+0000: 337753.864: Total time for which application threads were stopped: 0.0013481 seconds, Stopping threads took: 0.0002271 seconds
2016-08-16T15:11:23.493+0000: 337757.463: Total time for which application threads were stopped: 0.0015889 seconds, Stopping threads took: 0.0002877 seconds
2016-08-16T15:11:28.895+0000: 337762.865: [GC (Allocation Failure) 337762.865: [ParNew
Desired survivor size 8716288 bytes, new threshold 6 (max 6)
- age   1:     629720 bytes,     629720 total
- age   2:      28576 bytes,     658296 total
- age   3:       6072 bytes,     664368 total
- age   4:       7320 bytes,     671688 total
- age   5:       9176 bytes,     680864 total
- age   6:       3528 bytes,     684392 total
: 136938K->713K(153344K), 0.0075296 secs] 324939K->188716K(1031552K), 0.0076292 secs] [Times: user=0.01 sys=0.00, real=0.01 secs] 
2016-08-16T15:11:28.902+0000: 337762.873: Total time for which application threads were stopped: 0.0083195 seconds, Stopping threads took: 0.0000829 seconds
2016-08-16T15:11:38.876+0000: 337772.847: [GC (Allocation Failure) 337772.847: [ParNew
Desired survivor size 8716288 bytes, new threshold 6 (max 6)
- age   1:     571912 bytes,     571912 total
- age   2:      45576 bytes,     617488 total
- age   3:       8264 bytes,     625752 total
- age   4:       5288 bytes,     631040 total
- age   5:       7216 bytes,     638256 total
- age   6:       9048 bytes,     647304 total
: 137033K->693K(153344K), 0.0072962 secs] 325036K->188699K(1031552K), 0.0073995 secs] [Times: user=0.01 sys=0.00, real=0.01 secs] 
2016-08-16T15:11:38.884+0000: 337772.854: Total time for which application threads were stopped: 0.0081127 seconds, Stopping threads took: 0.0000827 seconds
2016-08-16T15:11:48.892+0000: 337782.863: [GC (Allocation Failure) 337782.863: [ParNew
Desired survivor size 8716288 bytes, new threshold 6 (max 6)
- age   1:     904568 bytes,     904568 total
- age   2:      32960 bytes,     937528 total
- age   3:      25328 bytes,     962856 total
- age   4:       8144 bytes,     971000 total
- age   5:       5288 bytes,     976288 total
- age   6:       6872 bytes,     983160 total
: 137013K->1041K(153344K), 0.0077047 secs] 325019K->189055K(1031552K), 0.0078127 secs] [Times: user=0.01 sys=0.00, real=0.01 secs] 
2016-08-16T15:11:48.900+0000: 337782.871: Total time for which application threads were stopped: 0.0086010 seconds, Stopping threads took: 0.0000953 seconds
2016-08-16T15:11:59.022+0000: 337792.993: [GC (Allocation Failure) 337792.993: [ParNew
Desired survivor size 8716288 bytes, new threshold 6 (max 6)
- age   1:     570408 bytes,     570408 total
- age   2:      32632 bytes,     603040 total
- age   3:       7328 bytes,     610368 total
- age   4:      22496 bytes,     632864 total
- age   5:       8144 bytes,     641008 total
- age   6:       5288 bytes,     646296 total
: 137361K->713K(153344K), 0.0089689 secs] 325375K->188735K(1031552K), 0.0090904 secs] [Times: user=0.02 sys=0.00, real=0.01 secs] 
2016-08-16T15:11:59.032+0000: 337793.002: Total time for which application threads were stopped: 0.0097873 seconds, Stopping threads took: 0.0000769 seconds
2016-08-16T15:12:08.894+0000: 337802.864: [GC (Allocation Failure) 337802.864: [ParNew
Desired survivor size 8716288 bytes, new threshold 6 (max 6)
- age   1:     505264 bytes,     505264 total
- age   2:      35784 bytes,     541048 total
- age   3:       9488 bytes,     550536 total
- age   4:       5152 bytes,     555688 total
- age   5:      22288 bytes,     577976 total
- age   6:       8144 bytes,     586120 total
: 137033K->603K(153344K), 0.0071333 secs] 325055K->188630K(1031552K), 0.0072347 secs] [Times: user=0.01 sys=0.00, real=0.01 secs] 
2016-08-16T15:12:08.901+0000: 337802.872: Total time for which application threads were stopped: 0.0078943 seconds, Stopping threads took: 0.0000785 seconds
2016-08-16T15:12:10.339+0000: 337804.309: Total time for which application threads were stopped: 0.0017638 seconds, Stopping threads took: 0.0003290 seconds
2016-08-16T15:12:10.341+0000: 337804.312: Total time for which application threads were stopped: 0.0011460 seconds, Stopping threads took: 0.0001207 seconds
2016-08-16T15:12:18.894+0000: 337812.864: [GC (Allocation Failure) 337812.864: [ParNew
Desired survivor size 8716288 bytes, new threshold 6 (max 6)
- age   1:     489984 bytes,     489984 total
- age   2:      25968 bytes,     515952 total
- age   3:      10416 bytes,     526368 total
- age   4:       9392 bytes,     535760 total
- age   5:       5016 bytes,     540776 total
- age   6:      22224 bytes,     563000 total
: 136923K->626K(153344K), 0.0071128 secs] 324950K->188661K(1031552K), 0.0072093 secs] [Times: user=0.01 sys=0.00, real=0.01 secs] 
2016-08-16T15:12:18.901+0000: 337812.872: Total time for which application threads were stopped: 0.0079680 seconds, Stopping threads took: 0.0000803 seconds
2016-08-16T15:12:23.480+0000: 337817.451: [GC (Allocation Failure) 337817.451: [ParNew
Desired survivor size 8716288 bytes, new threshold 6 (max 6)
- age   1:     352248 bytes,     352248 total
- age   2:      30552 bytes,     382800 total
- age   3:       6432 bytes,     389232 total
- age   4:       9608 bytes,     398840 total
- age   5:       8752 bytes,     407592 total
- age   6:       4656 bytes,     412248 total
: 136946K->532K(153344K), 0.0132884 secs] 324981K->188585K(1031552K), 0.0133869 secs] [Times: user=0.02 sys=0.00, real=0.01 secs] 
2016-08-16T15:12:23.494+0000: 337817.464: Total time for which application threads were stopped: 0.0140656 seconds, Stopping threads took: 0.0000851 seconds
2016-08-16T15:12:23.502+0000: 337817.472: Total time for which application threads were stopped: 0.0005968 seconds, Stopping threads took: 0.0000904 seconds
2016-08-16T15:12:29.124+0000: 337823.094: [GC (Allocation Failure) 337823.094: [ParNew
Desired survivor size 8716288 bytes, new threshold 6 (max 6)
- age   1:     363056 bytes,     363056 total
- age   2:      22624 bytes,     385680 total
- age   3:       5176 bytes,     390856 total
- age   4:       6056 bytes,     396912 total
- age   5:       7016 bytes,     403928 total
- age   6:       8536 bytes,     412464 total
: 136852K->460K(153344K), 0.0071302 secs] 324905K->188517K(1031552K), 0.0072380 secs] [Times: user=0.01 sys=0.00, real=0.01 secs] 
2016-08-16T15:12:29.131+0000: 337823.102: Total time for which application threads were stopped: 0.0079395 seconds, Stopping threads took: 0.0000858 seconds
2016-08-16T15:12:38.922+0000: 337832.892: [GC (Allocation Failure) 337832.892: [ParNew
Desired survivor size 8716288 bytes, new threshold 6 (max 6)
- age   1:     575912 bytes,     575912 total
- age   2:      36912 bytes,     612824 total
- age   3:      10080 bytes,     622904 total
- age   4:       3688 bytes,     626592 total
- age   5:       4080 bytes,     630672 total
- age   6:       6816 bytes,     637488 total
: 136780K->720K(153344K), 0.0080471 secs] 324837K->188785K(1031552K), 0.0081647 secs] [Times: user=0.02 sys=0.00, real=0.01 secs] 
2016-08-16T15:12:38.930+0000: 337832.900: Total time for which application threads were stopped: 0.0088486 seconds, Stopping threads took: 0.0000850 seconds
2016-08-16T15:12:49.251+0000: 337843.221: [GC (Allocation Failure) 337843.221: [ParNew
Desired survivor size 8716288 bytes, new threshold 6 (max 6)
- age   1:     903648 bytes,     903648 total
- age   2:      32408 bytes,     936056 total
- age   3:      16992 bytes,     953048 total
- age   4:       9776 bytes,     962824 total
- age   5:       3592 bytes,     966416 total
- age   6:       3824 bytes,     970240 total
: 137040K->1028K(153344K), 0.0076173 secs] 325105K->189100K(1031552K), 0.0077193 secs] [Times: user=0.02 sys=0.00, real=0.00 secs] 
2016-08-16T15:12:49.259+0000: 337843.229: Total time for which application threads were stopped: 0.0083888 seconds, Stopping threads took: 0.0000806 seconds
2016-08-16T15:12:58.895+0000: 337852.865: [GC (Allocation Failure) 337852.865: [ParNew
Desired survivor size 8716288 bytes, new threshold 6 (max 6)
- age   1:     575432 bytes,     575432 total
- age   2:      32808 bytes,     608240 total
- age   3:       6832 bytes,     615072 total
- age   4:      14800 bytes,     629872 total
- age   5:       8920 bytes,     638792 total
- age   6:       3592 bytes,     642384 total
: 137348K->700K(153344K), 0.0076096 secs] 325420K->188776K(1031552K), 0.0077133 secs] [Times: user=0.02 sys=0.00, real=0.01 secs] 
2016-08-16T15:12:58.903+0000: 337852.873: Total time for which application threads were stopped: 0.0084011 seconds, Stopping threads took: 0.0000804 seconds
2016-08-16T15:13:09.225+0000: 337863.195: [GC (Allocation Failure) 337863.195: [ParNew
Desired survivor size 8716288 bytes, new threshold 6 (max 6)
- age   1:     528456 bytes,     528456 total
- age   2:      41224 bytes,     569680 total
- age   3:      10200 bytes,     579880 total
- age   4:       4584 bytes,     584464 total
- age   5:      14656 bytes,     599120 total
- age   6:       8920 bytes,     608040 total
: 137020K->690K(153344K), 0.0078455 secs] 325096K->188769K(1031552K), 0.0079521 secs] [Times: user=0.02 sys=0.00, real=0.01 secs] 
2016-08-16T15:13:09.233+0000: 337863.203: Total time for which application threads were stopped: 0.0086732 seconds, Stopping threads took: 0.0000828 seconds
2016-08-16T15:13:18.907+0000: 337872.877: [GC (Allocation Failure) 337872.877: [ParNew
Desired survivor size 8716288 bytes, new threshold 6 (max 6)
- age   1:     504632 bytes,     504632 total
- age   2:      25960 bytes,     530592 total
- age   3:      15640 bytes,     546232 total
- age   4:      10168 bytes,     556400 total
- age   5:       4520 bytes,     560920 total
- age   6:      14656 bytes,     575576 total
: 137010K->660K(153344K), 0.0074480 secs] 325089K->188748K(1031552K), 0.0075443 secs] [Times: user=0.01 sys=0.00, real=0.01 secs] 
2016-08-16T15:13:18.914+0000: 337872.885: Total time for which application threads were stopped: 0.0082225 seconds, Stopping threads took: 0.0000806 seconds
2016-08-16T15:13:23.494+0000: 337877.464: Total time for which application threads were stopped: 0.0007791 seconds, Stopping threads took: 0.0001515 seconds
2016-08-16T15:13:28.898+0000: 337882.869: [GC (Allocation Failure) 337882.869: [ParNew
Desired survivor size 8716288 bytes, new threshold 6 (max 6)
- age   1:     601520 bytes,     601520 total
- age   2:      29344 bytes,     630864 total
- age   3:       6296 bytes,     637160 total
- age   4:      10592 bytes,     647752 total
- age   5:       9392 bytes,     657144 total
- age   6:       3872 bytes,     661016 total
: 136980K->797K(153344K), 0.0084350 secs] 325068K->188894K(1031552K), 0.0085364 secs] [Times: user=0.01 sys=0.00, real=0.01 secs] 
2016-08-16T15:13:28.907+0000: 337882.877: Total time for which application threads were stopped: 0.0091626 seconds, Stopping threads took: 0.0000702 seconds
2016-08-16T15:13:38.890+0000: 337892.860: [GC (Allocation Failure) 337892.860: [ParNew
Desired survivor size 8716288 bytes, new threshold 6 (max 6)
- age   1:     567024 bytes,     567024 total
- age   2:      45264 bytes,     612288 total
- age   3:       9000 bytes,     621288 total
- age   4:       5576 bytes,     626864 total
- age   5:      10456 bytes,     637320 total
- age   6:       9200 bytes,     646520 total
: 137117K->657K(153344K), 0.0075700 secs] 325214K->188758K(1031552K), 0.0076893 secs] [Times: user=0.01 sys=0.00, real=0.00 secs] 
2016-08-16T15:13:38.898+0000: 337892.868: Total time for which application threads were stopped: 0.0083831 seconds, Stopping threads took: 0.0000830 seconds
2016-08-16T15:13:48.886+0000: 337902.857: [GC (Allocation Failure) 337902.857: [ParNew
Desired survivor size 8716288 bytes, new threshold 6 (max 6)
- age   1:     893672 bytes,     893672 total
- age   2:      32880 bytes,     926552 total
- age   3:      25224 bytes,     951776 total
- age   4:       8768 bytes,     960544 total
- age   5:       5512 bytes,     966056 total
- age   6:      10168 bytes,     976224 total
: 136977K->1103K(153344K), 0.0080807 secs] 325078K->189211K(1031552K), 0.0081858 secs] [Times: user=0.01 sys=0.00, real=0.01 secs] 
2016-08-16T15:13:48.895+0000: 337902.865: Total time for which application threads were stopped: 0.0088785 seconds, Stopping threads took: 0.0000809 seconds
2016-08-16T15:13:58.889+0000: 337912.860: [GC (Allocation Failure) 337912.860: [ParNew
Desired survivor size 8716288 bytes, new threshold 6 (max 6)
- age   1:     551136 bytes,     551136 total
- age   2:      32552 bytes,     583688 total
- age   3:       7320 bytes,     591008 total
- age   4:      22352 bytes,     613360 total
- age   5:       8768 bytes,     622128 total
- age   6:       5512 bytes,     627640 total
: 137423K->662K(153344K), 0.0079231 secs] 325531K->188780K(1031552K), 0.0080379 secs] [Times: user=0.02 sys=0.00, real=0.00 secs] 
2016-08-16T15:13:58.898+0000: 337912.868: Total time for which application threads were stopped: 0.0087421 seconds, Stopping threads took: 0.0000842 seconds
2016-08-16T15:14:09.105+0000: 337923.075: [GC (Allocation Failure) 337923.075: [ParNew
Desired survivor size 8716288 bytes, new threshold 6 (max 6)
- age   1:     456912 bytes,     456912 total
- age   2:      35544 bytes,     492456 total
- age   3:       9936 bytes,     502392 total
- age   4:       5208 bytes,     507600 total
- age   5:      22144 bytes,     529744 total
- age   6:       8768 bytes,     538512 total
: 136982K->612K(153344K), 0.0073031 secs] 325100K->188736K(1031552K), 0.0074004 secs] [Times: user=0.02 sys=0.00, real=0.01 secs] 
2016-08-16T15:14:09.113+0000: 337923.083: Total time for which application threads were stopped: 0.0080946 seconds, Stopping threads took: 0.0000999 seconds
2016-08-16T15:14:18.862+0000: 337932.832: [GC (Allocation Failure) 337932.832: [ParNew
Desired survivor size 8716288 bytes, new threshold 6 (max 6)
- age   1:     535720 bytes,     535720 total
- age   2:      25232 bytes,     560952 total
- age   3:      10000 bytes,     570952 total
- age   4:       9840 bytes,     580792 total
- age   5:       5208 bytes,     586000 total
- age   6:      22080 bytes,     608080 total
: 136932K->715K(153344K), 0.0072869 secs] 325056K->188847K(1031552K), 0.0073829 secs] [Times: user=0.01 sys=0.00, real=0.01 secs] 
2016-08-16T15:14:18.869+0000: 337932.840: Total time for which application threads were stopped: 0.0080392 seconds, Stopping threads took: 0.0000773 seconds
2016-08-16T15:14:23.486+0000: 337937.456: [GC (Allocation Failure) 337937.456: [ParNew
Desired survivor size 8716288 bytes, new threshold 6 (max 6)
- age   1:     372928 bytes,     372928 total
- age   2:      30240 bytes,     403168 total
- age   3:       5776 bytes,     408944 total
- age   4:       9440 bytes,     418384 total
- age   5:       9104 bytes,     427488 total
- age   6:       4712 bytes,     432200 total
: 137035K->509K(153344K), 0.0075527 secs] 325167K->188659K(1031552K), 0.0076632 secs] [Times: user=0.01 sys=0.00, real=0.01 secs] 
2016-08-16T15:14:23.493+0000: 337937.464: Total time for which application threads were stopped: 0.0083631 seconds, Stopping threads took: 0.0000905 seconds
2016-08-16T15:14:23.496+0000: 337937.466: Total time for which application threads were stopped: 0.0005160 seconds, Stopping threads took: 0.0000387 seconds
2016-08-16T15:14:28.976+0000: 337942.947: [GC (Allocation Failure) 337942.947: [ParNew
Desired survivor size 8716288 bytes, new threshold 6 (max 6)
- age   1:     336432 bytes,     336432 total
- age   2:      38136 bytes,     374568 total
- age   3:       5264 bytes,     379832 total
- age   4:       5416 bytes,     385248 total
- age   5:       6488 bytes,     391736 total
- age   6:       8816 bytes,     400552 total
: 136829K->419K(153344K), 0.0067099 secs] 324979K->188574K(1031552K), 0.0068172 secs] [Times: user=0.01 sys=0.00, real=0.01 secs] 
2016-08-16T15:14:28.983+0000: 337942.954: Total time for which application threads were stopped: 0.0075579 seconds, Stopping threads took: 0.0000834 seconds
2016-08-16T15:14:39.225+0000: 337953.196: [GC (Allocation Failure) 337953.196: [ParNew
Desired survivor size 8716288 bytes, new threshold 6 (max 6)
- age   1:     530568 bytes,     530568 total
- age   2:      37648 bytes,     568216 total
- age   3:      16640 bytes,     584856 total
- age   4:       3440 bytes,     588296 total
- age   5:       5320 bytes,     593616 total
- age   6:       6352 bytes,     599968 total
: 136739K->673K(153344K), 0.0074777 secs] 324894K->188836K(1031552K), 0.0075841 secs] [Times: user=0.02 sys=0.00, real=0.01 secs] 
2016-08-16T15:14:39.233+0000: 337953.203: Total time for which application threads were stopped: 0.0082765 seconds, Stopping threads took: 0.0000827 seconds
2016-08-16T15:14:48.885+0000: 337962.855: [GC (Allocation Failure) 337962.855: [ParNew
Desired survivor size 8716288 bytes, new threshold 6 (max 6)
- age   1:     978968 bytes,     978968 total
- age   2:      32160 bytes,    1011128 total
- age   3:      17784 bytes,    1028912 total
- age   4:      16216 bytes,    1045128 total
- age   5:       3408 bytes,    1048536 total
- age   6:       5192 bytes,    1053728 total
: 136993K->1090K(153344K), 0.0087921 secs] 325156K->189260K(1031552K), 0.0088958 secs] [Times: user=0.01 sys=0.00, real=0.01 secs] 
2016-08-16T15:14:48.894+0000: 337962.864: Total time for which application threads were stopped: 0.0095589 seconds, Stopping threads took: 0.0000743 seconds
2016-08-16T15:14:58.891+0000: 337972.861: [GC (Allocation Failure) 337972.861: [ParNew
Desired survivor size 8716288 bytes, new threshold 6 (max 6)
- age   1:     549144 bytes,     549144 total
- age   2:      37896 bytes,     587040 total
- age   3:       6528 bytes,     593568 total
- age   4:      15392 bytes,     608960 total
- age   5:      15800 bytes,     624760 total
- age   6:       3344 bytes,     628104 total
: 137410K->715K(153344K), 0.0080573 secs] 325580K->188889K(1031552K), 0.0081644 secs] [Times: user=0.01 sys=0.00, real=0.00 secs] 
2016-08-16T15:14:58.899+0000: 337972.869: Total time for which application threads were stopped: 0.0088637 seconds, Stopping threads took: 0.0000837 seconds
2016-08-16T15:15:08.881+0000: 337982.851: [GC (Allocation Failure) 337982.851: [ParNew
Desired survivor size 8716288 bytes, new threshold 6 (max 6)
- age   1:     491200 bytes,     491200 total
- age   2:      35720 bytes,     526920 total
- age   3:      15248 bytes,     542168 total
- age   4:       5040 bytes,     547208 total
- age   5:      15248 bytes,     562456 total
- age   6:      15800 bytes,     578256 total
: 137035K->664K(153344K), 0.0075416 secs] 325209K->188841K(1031552K), 0.0076449 secs] [Times: user=0.01 sys=0.00, real=0.01 secs] 
2016-08-16T15:15:08.889+0000: 337982.859: Total time for which application threads were stopped: 0.0083667 seconds, Stopping threads took: 0.0001178 seconds
2016-08-16T15:15:18.889+0000: 337992.860: [GC (Allocation Failure) 337992.860: [ParNew
Desired survivor size 8716288 bytes, new threshold 6 (max 6)
- age   1:     497040 bytes,     497040 total
- age   2:      25552 bytes,     522592 total
- age   3:      10288 bytes,     532880 total
- age   4:      15088 bytes,     547968 total
- age   5:       5040 bytes,     553008 total
- age   6:      15176 bytes,     568184 total
: 136984K->562K(153344K), 0.0075999 secs] 325161K->188756K(1031552K), 0.0077206 secs] [Times: user=0.01 sys=0.00, real=0.00 secs] 
2016-08-16T15:15:18.897+0000: 337992.867: Total time for which application threads were stopped: 0.0084457 seconds, Stopping threads took: 0.0001025 seconds
2016-08-16T15:15:23.492+0000: 337997.463: Total time for which application threads were stopped: 0.0017878 seconds, Stopping threads took: 0.0002517 seconds
2016-08-16T15:15:28.900+0000: 338002.870: [GC (Allocation Failure) 338002.870: [ParNew
Desired survivor size 8716288 bytes, new threshold 6 (max 6)
- age   1:     620416 bytes,     620416 total
- age   2:      23032 bytes,     643448 total
- age   3:       5920 bytes,     649368 total
- age   4:       6656 bytes,     656024 total
- age   5:      14032 bytes,     670056 total
- age   6:       4232 bytes,     674288 total
: 136882K->810K(153344K), 0.0080571 secs] 325076K->189012K(1031552K), 0.0081645 secs] [Times: user=0.01 sys=0.00, real=0.01 secs] 
2016-08-16T15:15:28.908+0000: 338002.878: Total time for which application threads were stopped: 0.0088529 seconds, Stopping threads took: 0.0000832 seconds
2016-08-16T15:15:38.878+0000: 338012.849: [GC (Allocation Failure) 338012.849: [ParNew
Desired survivor size 8716288 bytes, new threshold 6 (max 6)
- age   1:     571544 bytes,     571544 total
- age   2:      43760 bytes,     615304 total
- age   3:       3232 bytes,     618536 total
- age   4:       3880 bytes,     622416 total
- age   5:       6584 bytes,     629000 total
- age   6:      13896 bytes,     642896 total
: 137130K->654K(153344K), 0.0075098 secs] 325332K->188861K(1031552K), 0.0076070 secs] [Times: user=0.01 sys=0.00, real=0.01 secs] 
2016-08-16T15:15:38.886+0000: 338012.856: Total time for which application threads were stopped: 0.0082833 seconds, Stopping threads took: 0.0000831 seconds
2016-08-16T15:15:48.861+0000: 338022.831: [GC (Allocation Failure) 338022.831: [ParNew
Desired survivor size 8716288 bytes, new threshold 6 (max 6)
- age   1:     835480 bytes,     835480 total
- age   2:      33968 bytes,     869448 total
- age   3:      23640 bytes,     893088 total
- age   4:       3128 bytes,     896216 total
- age   5:       3880 bytes,     900096 total
- age   6:       6368 bytes,     906464 total
: 136974K->976K(153344K), 0.0073359 secs] 325181K->189193K(1031552K), 0.0074403 secs] [Times: user=0.02 sys=0.00, real=0.01 secs] 
2016-08-16T15:15:48.869+0000: 338022.839: Total time for which application threads were stopped: 0.0081242 seconds, Stopping threads took: 0.0000840 seconds
2016-08-16T15:15:58.886+0000: 338032.856: [GC (Allocation Failure) 338032.856: [ParNew
Desired survivor size 8716288 bytes, new threshold 6 (max 6)
- age   1:     515480 bytes,     515480 total
- age   2:      30872 bytes,     546352 total
- age   3:       7864 bytes,     554216 total
- age   4:      20888 bytes,     575104 total
- age   5:       3064 bytes,     578168 total
- age   6:       3880 bytes,     582048 total
: 137296K->654K(153344K), 0.0078395 secs] 325513K->188877K(1031552K), 0.0079443 secs] [Times: user=0.01 sys=0.00, real=0.01 secs] 
2016-08-16T15:15:58.894+0000: 338032.864: Total time for which application threads were stopped: 0.0086282 seconds, Stopping threads took: 0.0000857 seconds
2016-08-16T15:16:09.050+0000: 338043.020: [GC (Allocation Failure) 338043.020: [ParNew
Desired survivor size 8716288 bytes, new threshold 6 (max 6)
- age   1:     424944 bytes,     424944 total
- age   2:      37496 bytes,     462440 total
- age   3:       9712 bytes,     472152 total
- age   4:       5688 bytes,     477840 total
- age   5:      20680 bytes,     498520 total
- age   6:       3064 bytes,     501584 total
: 136974K->584K(153344K), 0.0071384 secs] 325197K->188811K(1031552K), 0.0072392 secs] [Times: user=0.01 sys=0.00, real=0.00 secs] 
2016-08-16T15:16:09.057+0000: 338043.027: Total time for which application threads were stopped: 0.0079395 seconds, Stopping threads took: 0.0000815 seconds
2016-08-16T15:16:18.852+0000: 338052.823: [GC (Allocation Failure) 338052.823: [ParNew
Desired survivor size 8716288 bytes, new threshold 6 (max 6)
- age   1:     501448 bytes,     501448 total
- age   2:      24920 bytes,     526368 total
- age   3:       9992 bytes,     536360 total
- age   4:       9680 bytes,     546040 total
- age   5:       5688 bytes,     551728 total
- age   6:      20400 bytes,     572128 total
: 136904K->671K(153344K), 0.0072611 secs] 325131K->188901K(1031552K), 0.0073676 secs] [Times: user=0.01 sys=0.00, real=0.00 secs] 
2016-08-16T15:16:18.860+0000: 338052.830: Total time for which application threads were stopped: 0.0080607 seconds, Stopping threads took: 0.0000790 seconds
2016-08-16T15:16:23.493+0000: 338057.463: Total time for which application threads were stopped: 0.0006177 seconds, Stopping threads took: 0.0001212 seconds
2016-08-16T15:16:28.165+0000: 338062.136: [GC (Allocation Failure) 338062.136: [ParNew
Desired survivor size 8716288 bytes, new threshold 6 (max 6)
- age   1:     477008 bytes,     477008 total
- age   2:      30296 bytes,     507304 total
- age   3:       5376 bytes,     512680 total
- age   4:       7488 bytes,     520168 total
- age   5:       8512 bytes,     528680 total
- age   6:       4248 bytes,     532928 total
: 136991K->663K(153344K), 0.0117601 secs] 325221K->188906K(1031552K), 0.0119614 secs] [Times: user=0.02 sys=0.00, real=0.01 secs] 
2016-08-16T15:16:28.178+0000: 338062.148: Total time for which application threads were stopped: 0.0135309 seconds, Stopping threads took: 0.0002089 seconds
2016-08-16T15:16:28.953+0000: 338062.923: [GC (Allocation Failure) 338062.923: [ParNew
Desired survivor size 8716288 bytes, new threshold 6 (max 6)
- age   1:     210664 bytes,     210664 total
- age   2:      39808 bytes,     250472 total
- age   3:      11288 bytes,     261760 total
- age   4:       5376 bytes,     267136 total
- age   5:       7280 bytes,     274416 total
- age   6:       8512 bytes,     282928 total
: 136983K->321K(153344K), 0.0064630 secs] 325226K->188569K(1031552K), 0.0065503 secs] [Times: user=0.01 sys=0.00, real=0.00 secs] 
2016-08-16T15:16:28.960+0000: 338062.930: Total time for which application threads were stopped: 0.0071814 seconds, Stopping threads took: 0.0000799 seconds
2016-08-16T15:16:39.228+0000: 338073.199: [GC (Allocation Failure) 338073.199: [ParNew
Desired survivor size 8716288 bytes, new threshold 6 (max 6)
- age   1:     399672 bytes,     399672 total
- age   2:      22224 bytes,     421896 total
- age   3:      22632 bytes,     444528 total
- age   4:       9944 bytes,     454472 total
- age   5:       5280 bytes,     459752 total
- age   6:       7280 bytes,     467032 total
: 136641K->533K(153344K), 0.0070766 secs] 324889K->188789K(1031552K), 0.0071966 secs] [Times: user=0.01 sys=0.00, real=0.00 secs] 
2016-08-16T15:16:39.236+0000: 338073.206: Total time for which application threads were stopped: 0.0078738 seconds, Stopping threads took: 0.0000779 seconds
2016-08-16T15:16:49.312+0000: 338083.282: [GC (Allocation Failure) 338083.282: [ParNew
Desired survivor size 8716288 bytes, new threshold 6 (max 6)
- age   1:     877992 bytes,     877992 total
- age   2:      30904 bytes,     908896 total
- age   3:       4616 bytes,     913512 total
- age   4:      21536 bytes,     935048 total
- age   5:       9080 bytes,     944128 total
- age   6:       5152 bytes,     949280 total
: 136853K->978K(153344K), 0.0077467 secs] 325109K->189241K(1031552K), 0.0078506 secs] [Times: user=0.00 sys=0.01, real=0.00 secs] 
2016-08-16T15:16:49.320+0000: 338083.290: Total time for which application threads were stopped: 0.0085397 seconds, Stopping threads took: 0.0000833 seconds
2016-08-16T15:16:59.116+0000: 338093.087: [GC (Allocation Failure) 338093.087: [ParNew
Desired survivor size 8716288 bytes, new threshold 6 (max 6)
- age   1:     486728 bytes,     486728 total
- age   2:      32704 bytes,     519432 total
- age   3:       5200 bytes,     524632 total
- age   4:       4152 bytes,     528784 total
- age   5:      19192 bytes,     547976 total
- age   6:       9080 bytes,     557056 total
: 137298K->613K(153344K), 0.0072610 secs] 325561K->188881K(1031552K), 0.0073840 secs] [Times: user=0.01 sys=0.01, real=0.01 secs] 
2016-08-16T15:16:59.124+0000: 338093.094: Total time for which application threads were stopped: 0.0081076 seconds, Stopping threads took: 0.0000988 seconds
2016-08-16T15:17:09.221+0000: 338103.191: [GC (Allocation Failure) 338103.191: [ParNew
Desired survivor size 8716288 bytes, new threshold 6 (max 6)
- age   1:     448256 bytes,     448256 total
- age   2:      36384 bytes,     484640 total
- age   3:      10848 bytes,     495488 total
- age   4:       3576 bytes,     499064 total
- age   5:       4152 bytes,     503216 total
- age   6:      19048 bytes,     522264 total
: 136933K->535K(153344K), 0.0072287 secs] 325201K->188813K(1031552K), 0.0073308 secs] [Times: user=0.01 sys=0.00, real=0.01 secs] 
2016-08-16T15:17:09.228+0000: 338103.199: Total time for which application threads were stopped: 0.0080365 seconds, Stopping threads took: 0.0000847 seconds
2016-08-16T15:17:18.888+0000: 338112.859: [GC (Allocation Failure) 338112.859: [ParNew
Desired survivor size 8716288 bytes, new threshold 6 (max 6)
- age   1:     522192 bytes,     522192 total
- age   2:      25296 bytes,     547488 total
- age   3:       9416 bytes,     556904 total
- age   4:      10088 bytes,     566992 total
- age   5:       3512 bytes,     570504 total
- age   6:       3920 bytes,     574424 total
: 136855K->643K(153344K), 0.0076837 secs] 325133K->188939K(1031552K), 0.0077946 secs] [Times: user=0.02 sys=0.00, real=0.00 secs] 
2016-08-16T15:17:18.896+0000: 338112.867: Total time for which application threads were stopped: 0.0085304 seconds, Stopping threads took: 0.0000804 seconds
2016-08-16T15:17:23.497+0000: 338117.467: Total time for which application threads were stopped: 0.0043749 seconds, Stopping threads took: 0.0036454 seconds
2016-08-16T15:17:28.886+0000: 338122.856: [GC (Allocation Failure) 338122.856: [ParNew
Desired survivor size 8716288 bytes, new threshold 6 (max 6)
- age   1:     615776 bytes,     615776 total
- age   2:      25664 bytes,     641440 total
- age   3:       5392 bytes,     646832 total
- age   4:       6712 bytes,     653544 total
- age   5:       8728 bytes,     662272 total
- age   6:       3008 bytes,     665280 total
: 136963K->707K(153344K), 0.0078289 secs] 325259K->189005K(1031552K), 0.0079240 secs] [Times: user=0.02 sys=0.00, real=0.01 secs] 
2016-08-16T15:17:28.894+0000: 338122.864: Total time for which application threads were stopped: 0.0086080 seconds, Stopping threads took: 0.0000779 seconds
2016-08-16T15:17:39.263+0000: 338133.233: [GC (Allocation Failure) 338133.233: [ParNew
Desired survivor size 8716288 bytes, new threshold 6 (max 6)
- age   1:     563168 bytes,     563168 total
- age   2:      52424 bytes,     615592 total
- age   3:       5336 bytes,     620928 total
- age   4:       5296 bytes,     626224 total
- age   5:       6512 bytes,     632736 total
- age   6:       8592 bytes,     641328 total
: 137027K->756K(153344K), 0.0077111 secs] 325325K->189057K(1031552K), 0.0078076 secs] [Times: user=0.01 sys=0.00, real=0.01 secs] 
2016-08-16T15:17:39.271+0000: 338133.241: Total time for which application threads were stopped: 0.0084786 seconds, Stopping threads took: 0.0000831 seconds
2016-08-16T15:17:41.273+0000: 338135.243: Total time for which application threads were stopped: 0.0015608 seconds, Stopping threads took: 0.0002302 seconds
2016-08-16T15:17:48.992+0000: 338142.963: [GC (Allocation Failure) 338142.963: [ParNew
Desired survivor size 8716288 bytes, new threshold 6 (max 6)
- age   1:     880288 bytes,     880288 total
- age   2:      32768 bytes,     913056 total
- age   3:      32520 bytes,     945576 total
- age   4:       5040 bytes,     950616 total
- age   5:       5296 bytes,     955912 total
- age   6:       6224 bytes,     962136 total
: 137076K->963K(153344K), 0.0080952 secs] 325377K->189272K(1031552K), 0.0082026 secs] [Times: user=0.02 sys=0.01, real=0.01 secs] 
2016-08-16T15:17:49.001+0000: 338142.971: Total time for which application threads were stopped: 0.0089431 seconds, Stopping threads took: 0.0000864 seconds
2016-08-16T15:17:58.866+0000: 338152.837: [GC (Allocation Failure) 338152.837: [ParNew
Desired survivor size 8716288 bytes, new threshold 6 (max 6)
- age   1:     549776 bytes,     549776 total
- age   2:      31248 bytes,     581024 total
- age   3:       7264 bytes,     588288 total
- age   4:      29608 bytes,     617896 total
- age   5:       5040 bytes,     622936 total
- age   6:       5296 bytes,     628232 total
: 137283K->694K(153344K), 0.0080764 secs] 325592K->189009K(1031552K), 0.0082043 secs] [Times: user=0.02 sys=0.00, real=0.01 secs] 
2016-08-16T15:17:58.875+0000: 338152.845: Total time for which application threads were stopped: 0.0089643 seconds, Stopping threads took: 0.0000946 seconds
2016-08-16T15:18:09.297+0000: 338163.267: [GC (Allocation Failure) 338163.267: [ParNew
Desired survivor size 8716288 bytes, new threshold 6 (max 6)
- age   1:     431592 bytes,     431592 total
- age   2:      40904 bytes,     472496 total
- age   3:       9848 bytes,     482344 total
- age   4:       5560 bytes,     487904 total
- age   5:      29472 bytes,     517376 total
- age   6:       5040 bytes,     522416 total
: 137014K->620K(153344K), 0.0076098 secs] 325329K->188940K(1031552K), 0.0077124 secs] [Times: user=0.01 sys=0.00, real=0.01 secs] 
2016-08-16T15:18:09.305+0000: 338163.275: Total time for which application threads were stopped: 0.0084109 seconds, Stopping threads took: 0.0000832 seconds
2016-08-16T15:18:18.870+0000: 338172.840: [GC (Allocation Failure) 338172.840: [ParNew
Desired survivor size 8716288 bytes, new threshold 6 (max 6)
- age   1:     481008 bytes,     481008 total
- age   2:      25048 bytes,     506056 total
- age   3:      13680 bytes,     519736 total
- age   4:       9744 bytes,     529480 total
- age   5:       5496 bytes,     534976 total
- age   6:      29336 bytes,     564312 total
: 136940K->598K(153344K), 0.0078980 secs] 325260K->188923K(1031552K), 0.0080063 secs] [Times: user=0.02 sys=0.00, real=0.00 secs] 
2016-08-16T15:18:18.878+0000: 338172.848: Total time for which application threads were stopped: 0.0086932 seconds, Stopping threads took: 0.0000812 seconds
2016-08-16T15:18:23.495+0000: 338177.465: Total time for which application threads were stopped: 0.0018053 seconds, Stopping threads took: 0.0002959 seconds
2016-08-16T15:18:28.856+0000: 338182.826: [GC (Allocation Failure) 338182.826: [ParNew
Desired survivor size 8716288 bytes, new threshold 6 (max 6)
- age   1:     558824 bytes,     558824 total
- age   2:      24408 bytes,     583232 total
- age   3:       5368 bytes,     588600 total
- age   4:      10376 bytes,     598976 total
- age   5:       8952 bytes,     607928 total
- age   6:       4704 bytes,     612632 total
: 136918K->736K(153344K), 0.0072811 secs] 325243K->189082K(1031552K), 0.0073782 secs] [Times: user=0.02 sys=0.00, real=0.01 secs] 
2016-08-16T15:18:28.863+0000: 338182.833: Total time for which application threads were stopped: 0.0080297 seconds, Stopping threads took: 0.0000757 seconds
2016-08-16T15:18:34.522+0000: 338188.493: [GC (Allocation Failure) 338188.493: [ParNew
Desired survivor size 8716288 bytes, new threshold 6 (max 6)
- age   1:     521160 bytes,     521160 total
- age   2:      50904 bytes,     572064 total
- age   3:       4104 bytes,     576168 total
- age   4:       5296 bytes,     581464 total
- age   5:      10104 bytes,     591568 total
- age   6:       8880 bytes,     600448 total
: 137056K->617K(153344K), 0.0113024 secs] 325402K->188967K(1031552K), 0.0115118 secs] [Times: user=0.02 sys=0.00, real=0.01 secs] 
2016-08-16T15:18:34.534+0000: 338188.504: Total time for which application threads were stopped: 0.0130255 seconds, Stopping threads took: 0.0002262 seconds
2016-08-16T15:18:39.358+0000: 338193.328: [GC (Allocation Failure) 338193.328: [ParNew
Desired survivor size 8716288 bytes, new threshold 6 (max 6)
- age   1:     327400 bytes,     327400 total
- age   2:       9928 bytes,     337328 total
- age   3:      25168 bytes,     362496 total
- age   4:       3440 bytes,     365936 total
- age   5:       3880 bytes,     369816 total
- age   6:      10104 bytes,     379920 total
: 136937K->607K(153344K), 0.0067362 secs] 325287K->188967K(1031552K), 0.0068707 secs] [Times: user=0.01 sys=0.00, real=0.01 secs] 
2016-08-16T15:18:39.365+0000: 338193.335: Total time for which application threads were stopped: 0.0075135 seconds, Stopping threads took: 0.0000756 seconds
2016-08-16T15:18:48.899+0000: 338202.869: [GC (Allocation Failure) 338202.869: [ParNew
Desired survivor size 8716288 bytes, new threshold 6 (max 6)
- age   1:     854024 bytes,     854024 total
- age   2:      30872 bytes,     884896 total
- age   3:       4624 bytes,     889520 total
- age   4:      23592 bytes,     913112 total
- age   5:       3144 bytes,     916256 total
- age   6:       3752 bytes,     920008 total
: 136927K->970K(153344K), 0.0076281 secs] 325287K->189339K(1031552K), 0.0077340 secs] [Times: user=0.01 sys=0.00, real=0.01 secs] 
2016-08-16T15:18:48.907+0000: 338202.877: Total time for which application threads were stopped: 0.0084195 seconds, Stopping threads took: 0.0000823 seconds
2016-08-16T15:18:58.904+0000: 338212.874: [GC (Allocation Failure) 338212.874: [ParNew
Desired survivor size 8716288 bytes, new threshold 6 (max 6)
- age   1:     578224 bytes,     578224 total
- age   2:      31240 bytes,     609464 total
- age   3:       4168 bytes,     613632 total
- age   4:       4272 bytes,     617904 total
- age   5:      21072 bytes,     638976 total
- age   6:       3144 bytes,     642120 total
: 137290K->750K(153344K), 0.0087698 secs] 325659K->189122K(1031552K), 0.0088737 secs] [Times: user=0.02 sys=0.00, real=0.01 secs] 
2016-08-16T15:18:58.913+0000: 338212.883: Total time for which application threads were stopped: 0.0095563 seconds, Stopping threads took: 0.0000816 seconds
2016-08-16T15:19:08.874+0000: 338222.844: [GC (Allocation Failure) 338222.844: [ParNew
Desired survivor size 8716288 bytes, new threshold 6 (max 6)
- age   1:     527216 bytes,     527216 total
- age   2:      35808 bytes,     563024 total
- age   3:       9392 bytes,     572416 total
- age   4:       2584 bytes,     575000 total
- age   5:       4200 bytes,     579200 total
- age   6:      20928 bytes,     600128 total
: 137070K->633K(153344K), 0.0096041 secs] 325442K->189009K(1031552K), 0.0097390 secs] [Times: user=0.02 sys=0.00, real=0.01 secs] 
2016-08-16T15:19:08.884+0000: 338222.854: Total time for which application threads were stopped: 0.0106503 seconds, Stopping threads took: 0.0001150 seconds
2016-08-16T15:19:18.879+0000: 338232.850: [GC (Allocation Failure) 338232.850: [ParNew
Desired survivor size 8716288 bytes, new threshold 6 (max 6)
- age   1:     561552 bytes,     561552 total
- age   2:      25488 bytes,     587040 total
- age   3:      10168 bytes,     597208 total
- age   4:       9224 bytes,     606432 total
- age   5:       2584 bytes,     609016 total
- age   6:       4200 bytes,     613216 total
: 136953K->675K(153344K), 0.0075602 secs] 325329K->189071K(1031552K), 0.0076805 secs] [Times: user=0.01 sys=0.00, real=0.01 secs] 
2016-08-16T15:19:18.887+0000: 338232.857: Total time for which application threads were stopped: 0.0083935 seconds, Stopping threads took: 0.0000888 seconds
2016-08-16T15:19:23.484+0000: 338237.454: Total time for which application threads were stopped: 0.0006607 seconds, Stopping threads took: 0.0001137 seconds
2016-08-16T15:19:28.860+0000: 338242.830: [GC (Allocation Failure) 338242.830: [ParNew
Desired survivor size 8716288 bytes, new threshold 6 (max 6)
- age   1:     661512 bytes,     661512 total
- age   2:      30056 bytes,     691568 total
- age   3:       5848 bytes,     697416 total
- age   4:       7432 bytes,     704848 total
- age   5:       8384 bytes,     713232 total
- age   6:       2072 bytes,     715304 total
: 136995K->829K(153344K), 0.0068347 secs] 325391K->189228K(1031552K), 0.0069289 secs] [Times: user=0.01 sys=0.00, real=0.01 secs] 
2016-08-16T15:19:28.867+0000: 338242.837: Total time for which application threads were stopped: 0.0075597 seconds, Stopping threads took: 0.0000660 seconds
2016-08-16T15:19:38.859+0000: 338252.830: [GC (Allocation Failure) 338252.830: [ParNew
Desired survivor size 8716288 bytes, new threshold 6 (max 6)
- age   1:     615576 bytes,     615576 total
- age   2:      45200 bytes,     660776 total
- age   3:       9696 bytes,     670472 total
- age   4:       5128 bytes,     675600 total
- age   5:       7288 bytes,     682888 total
- age   6:       8256 bytes,     691144 total
: 137149K->729K(153344K), 0.0071093 secs] 325548K->189131K(1031552K), 0.0072202 secs] [Times: user=0.02 sys=0.00, real=0.01 secs] 
2016-08-16T15:19:38.867+0000: 338252.837: Total time for which application threads were stopped: 0.0079030 seconds, Stopping threads took: 0.0000813 seconds
2016-08-16T15:19:40.993+0000: 338254.963: Total time for which application threads were stopped: 0.0007855 seconds, Stopping threads took: 0.0001749 seconds
2016-08-16T15:19:48.874+0000: 338262.844: [GC (Allocation Failure) 338262.844: [ParNew
Desired survivor size 8716288 bytes, new threshold 6 (max 6)
- age   1:    1021872 bytes,    1021872 total
- age   2:      32368 bytes,    1054240 total
- age   3:      23896 bytes,    1078136 total
- age   4:       9488 bytes,    1087624 total
- age   5:       4992 bytes,    1092616 total
- age   6:       7072 bytes,    1099688 total
: 137049K->1122K(153344K), 0.0085166 secs] 325451K->189531K(1031552K), 0.0086559 secs] [Times: user=0.02 sys=0.00, real=0.01 secs] 
2016-08-16T15:19:48.883+0000: 338262.853: Total time for which application threads were stopped: 0.0094206 seconds, Stopping threads took: 0.0000777 seconds
2016-08-16T15:19:58.865+0000: 338272.835: [GC (Allocation Failure) 338272.835: [ParNew
Desired survivor size 8716288 bytes, new threshold 6 (max 6)
- age   1:     620016 bytes,     620016 total
- age   2:      47016 bytes,     667032 total
- age   3:       6760 bytes,     673792 total
- age   4:      21160 bytes,     694952 total
- age   5:       9488 bytes,     704440 total
- age   6:       4992 bytes,     709432 total
: 137442K->874K(153344K), 0.0089720 secs] 325851K->189290K(1031552K), 0.0090750 secs] [Times: user=0.01 sys=0.00, real=0.01 secs] 
2016-08-16T15:19:58.874+0000: 338272.844: Total time for which application threads were stopped: 0.0097335 seconds, Stopping threads took: 0.0000703 seconds
2016-08-16T15:20:08.864+0000: 338282.834: [GC (Allocation Failure) 338282.834: [ParNew
Desired survivor size 8716288 bytes, new threshold 6 (max 6)
- age   1:     536848 bytes,     536848 total
- age   2:      35952 bytes,     572800 total
- age   3:      24768 bytes,     597568 total
- age   4:       4648 bytes,     602216 total
- age   5:      20960 bytes,     623176 total
- age   6:       9488 bytes,     632664 total
: 137194K->705K(153344K), 0.0085967 secs] 325610K->189125K(1031552K), 0.0086998 secs] [Times: user=0.01 sys=0.00, real=0.01 secs] 
2016-08-16T15:20:08.872+0000: 338282.843: Total time for which application threads were stopped: 0.0093389 seconds, Stopping threads took: 0.0000735 seconds
2016-08-16T15:20:19.096+0000: 338293.066: [GC (Allocation Failure) 338293.066: [ParNew
Desired survivor size 8716288 bytes, new threshold 6 (max 6)
- age   1:     551928 bytes,     551928 total
- age   2:      26240 bytes,     578168 total
- age   3:      10432 bytes,     588600 total
- age   4:      24736 bytes,     613336 total
- age   5:       4648 bytes,     617984 total
- age   6:      20896 bytes,     638880 total
: 137025K->680K(153344K), 0.0073448 secs] 325445K->189110K(1031552K), 0.0074458 secs] [Times: user=0.01 sys=0.00, real=0.01 secs] 
2016-08-16T15:20:19.103+0000: 338293.073: Total time for which application threads were stopped: 0.0080908 seconds, Stopping threads took: 0.0000773 seconds
2016-08-16T15:20:20.377+0000: 338294.347: [GC (Allocation Failure) 338294.347: [ParNew
Desired survivor size 8716288 bytes, new threshold 6 (max 6)
- age   1:     211992 bytes,     211992 total
- age   2:      39464 bytes,     251456 total
- age   3:       7232 bytes,     258688 total
- age   4:      10432 bytes,     269120 total
- age   5:      24736 bytes,     293856 total
- age   6:       4648 bytes,     298504 total
: 137000K->356K(153344K), 0.0226945 secs] 325430K->188807K(1031552K), 0.0228224 secs] [Times: user=0.02 sys=0.00, real=0.02 secs] 
2016-08-16T15:20:20.400+0000: 338294.370: Total time for which application threads were stopped: 0.0236478 seconds, Stopping threads took: 0.0001300 seconds
2016-08-16T15:20:23.483+0000: 338297.453: Total time for which application threads were stopped: 0.0006730 seconds, Stopping threads took: 0.0001317 seconds
2016-08-16T15:20:28.871+0000: 338302.841: [GC (Allocation Failure) 338302.841: [ParNew
Desired survivor size 8716288 bytes, new threshold 6 (max 6)
- age   1:     507048 bytes,     507048 total
- age   2:       7608 bytes,     514656 total
- age   3:      10832 bytes,     525488 total
- age   4:       6184 bytes,     531672 total
- age   5:       7776 bytes,     539448 total
- age   6:      21880 bytes,     561328 total
: 136676K->613K(153344K), 0.0073042 secs] 325127K->189068K(1031552K), 0.0074003 secs] [Times: user=0.02 sys=0.00, real=0.00 secs] 
2016-08-16T15:20:28.879+0000: 338302.849: Total time for which application threads were stopped: 0.0080803 seconds, Stopping threads took: 0.0000841 seconds
2016-08-16T15:20:35.878+0000: 338309.848: Total time for which application threads were stopped: 0.0023075 seconds, Stopping threads took: 0.0000759 seconds
2016-08-16T15:20:38.890+0000: 338312.860: [GC (Allocation Failure) 338312.861: [ParNew
Desired survivor size 8716288 bytes, new threshold 6 (max 6)
- age   1:     601504 bytes,     601504 total
- age   2:      43920 bytes,     645424 total
- age   3:       3296 bytes,     648720 total
- age   4:       9352 bytes,     658072 total
- age   5:       5528 bytes,     663600 total
- age   6:       7576 bytes,     671176 total
: 136933K->727K(153344K), 0.0076472 secs] 325388K->189204K(1031552K), 0.0077473 secs] [Times: user=0.01 sys=0.00, real=0.00 secs] 
2016-08-16T15:20:38.898+0000: 338312.868: Total time for which application threads were stopped: 0.0084414 seconds, Stopping threads took: 0.0000815 seconds
2016-08-16T15:20:48.868+0000: 338322.838: [GC (Allocation Failure) 338322.838: [ParNew
Desired survivor size 8716288 bytes, new threshold 6 (max 6)
- age   1:     936616 bytes,     936616 total
- age   2:      32816 bytes,     969432 total
- age   3:      23904 bytes,     993336 total
- age   4:       3144 bytes,     996480 total
- age   5:       9128 bytes,    1005608 total
- age   6:       5336 bytes,    1010944 total
: 137047K->1084K(153344K), 0.0080774 secs] 325524K->189568K(1031552K), 0.0081849 secs] [Times: user=0.01 sys=0.00, real=0.01 secs] 
2016-08-16T15:20:48.876+0000: 338322.846: Total time for which application threads were stopped: 0.0088733 seconds, Stopping threads took: 0.0000852 seconds
2016-08-16T15:20:58.859+0000: 338332.829: [GC (Allocation Failure) 338332.829: [ParNew
Desired survivor size 8716288 bytes, new threshold 6 (max 6)
- age   1:     605528 bytes,     605528 total
- age   2:      32504 bytes,     638032 total
- age   3:       7312 bytes,     645344 total
- age   4:      21168 bytes,     666512 total
- age   5:       3144 bytes,     669656 total
- age   6:       9128 bytes,     678784 total
: 137404K->746K(153344K), 0.0086495 secs] 325888K->189235K(1031552K), 0.0087810 secs] [Times: user=0.01 sys=0.00, real=0.01 secs] 
2016-08-16T15:20:58.868+0000: 338332.838: Total time for which application threads were stopped: 0.0096494 seconds, Stopping threads took: 0.0000934 seconds
2016-08-16T15:21:08.945+0000: 338342.916: [GC (Allocation Failure) 338342.916: [ParNew
Desired survivor size 8716288 bytes, new threshold 6 (max 6)
- age   1:     559336 bytes,     559336 total
- age   2:      35240 bytes,     594576 total
- age   3:      10152 bytes,     604728 total
- age   4:       5200 bytes,     609928 total
- age   5:      20880 bytes,     630808 total
- age   6:       3144 bytes,     633952 total
: 137066K->733K(153344K), 0.0067485 secs] 325555K->189231K(1031552K), 0.0068607 secs] [Times: user=0.01 sys=0.00, real=0.01 secs] 
2016-08-16T15:21:08.952+0000: 338342.923: Total time for which application threads were stopped: 0.0076535 seconds, Stopping threads took: 0.0001069 seconds
2016-08-16T15:21:09.953+0000: 338343.923: Total time for which application threads were stopped: 0.0005981 seconds, Stopping threads took: 0.0001183 seconds
2016-08-16T15:21:18.852+0000: 338352.823: [GC (Allocation Failure) 338352.823: [ParNew
Desired survivor size 8716288 bytes, new threshold 6 (max 6)
- age   1:     565592 bytes,     565592 total
- age   2:      25744 bytes,     591336 total
- age   3:       9736 bytes,     601072 total
- age   4:       9992 bytes,     611064 total
- age   5:       5136 bytes,     616200 total
- age   6:      20736 bytes,     636936 total
: 137053K->696K(153344K), 0.0072853 secs] 325551K->189198K(1031552K), 0.0074032 secs] [Times: user=0.01 sys=0.00, real=0.00 secs] 
2016-08-16T15:21:18.860+0000: 338352.830: Total time for which application threads were stopped: 0.0080956 seconds, Stopping threads took: 0.0000818 seconds
2016-08-16T15:21:19.862+0000: 338353.832: Total time for which application threads were stopped: 0.0015106 seconds, Stopping threads took: 0.0002956 seconds
2016-08-16T15:21:23.484+0000: 338357.455: Total time for which application threads were stopped: 0.0006922 seconds, Stopping threads took: 0.0001563 seconds
2016-08-16T15:21:28.861+0000: 338362.832: [GC (Allocation Failure) 338362.832: [ParNew
Desired survivor size 8716288 bytes, new threshold 6 (max 6)
- age   1:     831936 bytes,     831936 total
- age   2:      23728 bytes,     855664 total
- age   3:       6152 bytes,     861816 total
- age   4:       6288 bytes,     868104 total
- age   5:       9064 bytes,     877168 total
- age   6:       4352 bytes,     881520 total
: 137016K->896K(153344K), 0.0073835 secs] 325518K->189410K(1031552K), 0.0074882 secs] [Times: user=0.01 sys=0.00, real=0.01 secs] 
2016-08-16T15:21:28.869+0000: 338362.839: Total time for which application threads were stopped: 0.0082067 seconds, Stopping threads took: 0.0001204 seconds
2016-08-16T15:21:38.845+0000: 338372.815: [GC (Allocation Failure) 338372.815: [ParNew
Desired survivor size 8716288 bytes, new threshold 6 (max 6)
- age   1:     595336 bytes,     595336 total
- age   2:      45568 bytes,     640904 total
- age   3:       3296 bytes,     644200 total
- age   4:       4088 bytes,     648288 total
- age   5:       6152 bytes,     654440 total
- age   6:       9000 bytes,     663440 total
: 137216K->788K(153344K), 0.0079329 secs] 325730K->189306K(1031552K), 0.0080320 secs] [Times: user=0.01 sys=0.00, real=0.01 secs] 
2016-08-16T15:21:38.853+0000: 338372.823: Total time for which application threads were stopped: 0.0086938 seconds, Stopping threads took: 0.0000729 seconds
2016-08-16T15:21:48.863+0000: 338382.833: [GC (Allocation Failure) 338382.833: [ParNew
Desired survivor size 8716288 bytes, new threshold 6 (max 6)
- age   1:     932128 bytes,     932128 total
- age   2:      31408 bytes,     963536 total
- age   3:      25296 bytes,     988832 total
- age   4:       3200 bytes,     992032 total
- age   5:       3960 bytes,     995992 total
- age   6:       5800 bytes,    1001792 total
: 137108K->1007K(153344K), 0.0077018 secs] 325626K->189531K(1031552K), 0.0078085 secs] [Times: user=0.02 sys=0.00, real=0.01 secs] 
2016-08-16T15:21:48.871+0000: 338382.841: Total time for which application threads were stopped: 0.0084901 seconds, Stopping threads took: 0.0000830 seconds
2016-08-16T15:21:58.852+0000: 338392.822: [GC (Allocation Failure) 338392.823: [ParNew
Desired survivor size 8716288 bytes, new threshold 6 (max 6)
- age   1:     554240 bytes,     554240 total
- age   2:      32112 bytes,     586352 total
- age   3:       5752 bytes,     592104 total
- age   4:      22424 bytes,     614528 total
- age   5:       3200 bytes,     617728 total
- age   6:       3960 bytes,     621688 total
: 137327K->702K(153344K), 0.0074080 secs] 325851K->189232K(1031552K), 0.0075136 secs] [Times: user=0.01 sys=0.00, real=0.00 secs] 
2016-08-16T15:21:58.860+0000: 338392.830: Total time for which application threads were stopped: 0.0082979 seconds, Stopping threads took: 0.0001041 seconds
2016-08-16T15:22:09.319+0000: 338403.289: [GC (Allocation Failure) 338403.290: [ParNew
Desired survivor size 8716288 bytes, new threshold 6 (max 6)
- age   1:     620656 bytes,     620656 total
- age   2:      35224 bytes,     655880 total
- age   3:       9648 bytes,     665528 total
- age   4:       3712 bytes,     669240 total
- age   5:      22144 bytes,     691384 total
- age   6:       3128 bytes,     694512 total
: 137022K->721K(153344K), 0.0156599 secs] 325552K->189255K(1031552K), 0.0158823 secs] [Times: user=0.04 sys=0.00, real=0.02 secs] 
2016-08-16T15:22:09.335+0000: 338403.305: Total time for which application threads were stopped: 0.0174263 seconds, Stopping threads took: 0.0002105 seconds
2016-08-16T15:22:09.420+0000: 338403.390: [GC (Allocation Failure) 338403.390: [ParNew
Desired survivor size 8716288 bytes, new threshold 6 (max 6)
- age   1:     182064 bytes,     182064 total
- age   2:      18472 bytes,     200536 total
- age   3:      16176 bytes,     216712 total
- age   4:       9648 bytes,     226360 total
- age   5:       3712 bytes,     230072 total
- age   6:      22080 bytes,     252152 total
: 137041K->400K(153344K), 0.0111029 secs] 325575K->188936K(1031552K), 0.0111990 secs] [Times: user=0.03 sys=0.00, real=0.02 secs] 
2016-08-16T15:22:09.431+0000: 338403.401: Total time for which application threads were stopped: 0.0118246 seconds, Stopping threads took: 0.0000661 seconds
2016-08-16T15:22:18.864+0000: 338412.834: [GC (Allocation Failure) 338412.834: [ParNew
Desired survivor size 8716288 bytes, new threshold 6 (max 6)
- age   1:     419640 bytes,     419640 total
- age   2:      18520 bytes,     438160 total
- age   3:       6144 bytes,     444304 total
- age   4:       9664 bytes,     453968 total
- age   5:       9616 bytes,     463584 total
- age   6:       3712 bytes,     467296 total
: 136720K->528K(153344K), 0.0065523 secs] 325256K->189087K(1031552K), 0.0066502 secs] [Times: user=0.01 sys=0.00, real=0.01 secs] 
2016-08-16T15:22:18.871+0000: 338412.841: Total time for which application threads were stopped: 0.0073250 seconds, Stopping threads took: 0.0000811 seconds
2016-08-16T15:22:22.171+0000: 338416.142: Total time for which application threads were stopped: 0.0016451 seconds, Stopping threads took: 0.0001629 seconds
2016-08-16T15:22:22.173+0000: 338416.143: Total time for which application threads were stopped: 0.0004788 seconds, Stopping threads took: 0.0001866 seconds
2016-08-16T15:22:22.173+0000: 338416.143: Total time for which application threads were stopped: 0.0003083 seconds, Stopping threads took: 0.0000190 seconds
2016-08-16T15:22:22.237+0000: 338416.207: Total time for which application threads were stopped: 0.0015734 seconds, Stopping threads took: 0.0008733 seconds
2016-08-16T15:22:23.485+0000: 338417.455: Total time for which application threads were stopped: 0.0018113 seconds, Stopping threads took: 0.0012685 seconds
2016-08-16T15:22:28.850+0000: 338422.821: [GC (Allocation Failure) 338422.821: [ParNew
Desired survivor size 8716288 bytes, new threshold 6 (max 6)
- age   1:     863176 bytes,     863176 total
- age   2:      28432 bytes,     891608 total
- age   3:       1840 bytes,     893448 total
- age   4:       5464 bytes,     898912 total
- age   5:       6792 bytes,     905704 total
- age   6:       8448 bytes,     914152 total
: 136848K->970K(153344K), 0.0081576 secs] 325407K->189531K(1031552K), 0.0082611 secs] [Times: user=0.02 sys=0.00, real=0.00 secs] 
2016-08-16T15:22:28.859+0000: 338422.829: Total time for which application threads were stopped: 0.0089375 seconds, Stopping threads took: 0.0000908 seconds
2016-08-16T15:22:28.861+0000: 338422.831: Total time for which application threads were stopped: 0.0018668 seconds, Stopping threads took: 0.0012601 seconds
2016-08-16T15:22:39.339+0000: 338433.309: [GC (Allocation Failure) 338433.309: [ParNew
Desired survivor size 8716288 bytes, new threshold 6 (max 6)
- age   1:     515088 bytes,     515088 total
- age   2:      77728 bytes,     592816 total
- age   3:       8184 bytes,     601000 total
- age   4:       1640 bytes,     602640 total
- age   5:       5368 bytes,     608008 total
- age   6:       6696 bytes,     614704 total
: 137290K->671K(153344K), 0.0068885 secs] 325851K->189241K(1031552K), 0.0070072 secs] [Times: user=0.02 sys=0.00, real=0.01 secs] 
2016-08-16T15:22:39.346+0000: 338433.316: Total time for which application threads were stopped: 0.0077244 seconds, Stopping threads took: 0.0000826 seconds
2016-08-16T15:22:48.847+0000: 338442.818: [GC (Allocation Failure) 338442.818: [ParNew
Desired survivor size 8716288 bytes, new threshold 6 (max 6)
- age   1:     927960 bytes,     927960 total
- age   2:      31976 bytes,     959936 total
- age   3:      56504 bytes,    1016440 total
- age   4:       8088 bytes,    1024528 total
- age   5:       1640 bytes,    1026168 total
- age   6:       5240 bytes,    1031408 total
: 136991K->1196K(153344K), 0.0083370 secs] 325561K->189772K(1031552K), 0.0084426 secs] [Times: user=0.02 sys=0.00, real=0.01 secs] 
2016-08-16T15:22:48.856+0000: 338442.826: Total time for which application threads were stopped: 0.0091521 seconds, Stopping threads took: 0.0000825 seconds
2016-08-16T15:22:58.855+0000: 338452.825: [GC (Allocation Failure) 338452.825: [ParNew
Desired survivor size 8716288 bytes, new threshold 6 (max 6)
- age   1:     705680 bytes,     705680 total
- age   2:      32512 bytes,     738192 total
- age   3:       6312 bytes,     744504 total
- age   4:      52992 bytes,     797496 total
- age   5:       7960 bytes,     805456 total
- age   6:       1640 bytes,     807096 total
: 137516K->852K(153344K), 0.0089985 secs] 326092K->189434K(1031552K), 0.0091036 secs] [Times: user=0.01 sys=0.00, real=0.01 secs] 
2016-08-16T15:22:58.864+0000: 338452.835: Total time for which application threads were stopped: 0.0097256 seconds, Stopping threads took: 0.0000695 seconds
2016-08-16T15:23:09.317+0000: 338463.287: [GC (Allocation Failure) 338463.287: [ParNew
Desired survivor size 8716288 bytes, new threshold 6 (max 6)
- age   1:     485728 bytes,     485728 total
- age   2:     156384 bytes,     642112 total
- age   3:      10224 bytes,     652336 total
- age   4:       4760 bytes,     657096 total
- age   5:      52760 bytes,     709856 total
- age   6:       7960 bytes,     717816 total
: 137172K->799K(153344K), 0.0077701 secs] 325754K->189382K(1031552K), 0.0078662 secs] [Times: user=0.01 sys=0.00, real=0.01 secs] 
2016-08-16T15:23:09.325+0000: 338463.295: Total time for which application threads were stopped: 0.0087049 seconds, Stopping threads took: 0.0000826 seconds
2016-08-16T15:23:18.835+0000: 338472.805: [GC (Allocation Failure) 338472.805: [ParNew
Desired survivor size 8716288 bytes, new threshold 6 (max 6)
- age   1:     521744 bytes,     521744 total
- age   2:      25080 bytes,     546824 total
- age   3:     130840 bytes,     677664 total
- age   4:      10128 bytes,     687792 total
- age   5:       4760 bytes,     692552 total
- age   6:      52544 bytes,     745096 total
: 137119K->869K(153344K), 0.0081159 secs] 325702K->189460K(1031552K), 0.0082161 secs] [Times: user=0.01 sys=0.00, real=0.01 secs] 
2016-08-16T15:23:18.843+0000: 338472.813: Total time for which application threads were stopped: 0.0088911 seconds, Stopping threads took: 0.0000817 seconds
2016-08-16T15:23:23.501+0000: 338477.471: Total time for which application threads were stopped: 0.0115089 seconds, Stopping threads took: 0.0002436 seconds
2016-08-16T15:23:28.950+0000: 338482.920: [GC (Allocation Failure) 338482.920: [ParNew
Desired survivor size 8716288 bytes, new threshold 6 (max 6)
- age   1:     611632 bytes,     611632 total
- age   2:      23712 bytes,     635344 total
- age   3:       5520 bytes,     640864 total
- age   4:     127048 bytes,     767912 total
- age   5:       8760 bytes,     776672 total
- age   6:       4184 bytes,     780856 total
: 137189K->954K(153344K), 0.0081810 secs] 325780K->189588K(1031552K), 0.0083357 secs] [Times: user=0.01 sys=0.00, real=0.00 secs] 
2016-08-16T15:23:28.958+0000: 338482.929: Total time for which application threads were stopped: 0.0090413 seconds, Stopping threads took: 0.0000781 seconds
2016-08-16T15:23:35.390+0000: 338489.360: [GC (Allocation Failure) 338489.360: [ParNew
Desired survivor size 8716288 bytes, new threshold 6 (max 6)
- age   1:     340720 bytes,     340720 total
- age   2:      52376 bytes,     393096 total
- age   3:       4624 bytes,     397720 total
- age   4:       5520 bytes,     403240 total
- age   5:     126904 bytes,     530144 total
- age   6:       8632 bytes,     538776 total
: 137274K->566K(153344K), 0.0110493 secs] 325908K->189203K(1031552K), 0.0112469 secs] [Times: user=0.02 sys=0.00, real=0.01 secs] 
2016-08-16T15:23:35.401+0000: 338489.372: Total time for which application threads were stopped: 0.0127666 seconds, Stopping threads took: 0.0002014 seconds
2016-08-16T15:23:38.891+0000: 338492.861: [GC (Allocation Failure) 338492.861: [ParNew
Desired survivor size 8716288 bytes, new threshold 6 (max 6)
- age   1:     295240 bytes,     295240 total
- age   2:      16024 bytes,     311264 total
- age   3:      31288 bytes,     342552 total
- age   4:       3368 bytes,     345920 total
- age   5:       5424 bytes,     351344 total
- age   6:     126904 bytes,     478248 total
: 136886K->554K(153344K), 0.0067923 secs] 325523K->189200K(1031552K), 0.0068793 secs] [Times: user=0.01 sys=0.00, real=0.00 secs] 
2016-08-16T15:23:38.898+0000: 338492.868: Total time for which application threads were stopped: 0.0075091 seconds, Stopping threads took: 0.0000770 seconds
2016-08-16T15:23:48.868+0000: 338502.839: [GC (Allocation Failure) 338502.839: [ParNew
Desired survivor size 8716288 bytes, new threshold 6 (max 6)
- age   1:     826424 bytes,     826424 total
- age   2:      26168 bytes,     852592 total
- age   3:      10592 bytes,     863184 total
- age   4:      30088 bytes,     893272 total
- age   5:       3208 bytes,     896480 total
- age   6:       5424 bytes,     901904 total
: 136874K->1062K(153344K), 0.0079466 secs] 325520K->189832K(1031552K), 0.0080511 secs] [Times: user=0.02 sys=0.00, real=0.00 secs] 
2016-08-16T15:23:48.877+0000: 338502.847: Total time for which application threads were stopped: 0.0087813 seconds, Stopping threads took: 0.0000765 seconds
2016-08-16T15:23:58.901+0000: 338512.871: [GC (Allocation Failure) 338512.871: [ParNew
Desired survivor size 8716288 bytes, new threshold 6 (max 6)
- age   1:     528576 bytes,     528576 total
- age   2:      30648 bytes,     559224 total
- age   3:       5720 bytes,     564944 total
- age   4:       4280 bytes,     569224 total
- age   5:      27944 bytes,     597168 total
- age   6:       3144 bytes,     600312 total
: 137382K->670K(153344K), 0.0070681 secs] 326152K->189445K(1031552K), 0.0071750 secs] [Times: user=0.01 sys=0.00, real=0.01 secs] 
2016-08-16T15:23:58.908+0000: 338512.879: Total time for which application threads were stopped: 0.0078983 seconds, Stopping threads took: 0.0001209 seconds
2016-08-16T15:24:09.250+0000: 338523.221: [GC (Allocation Failure) 338523.221: [ParNew
Desired survivor size 8716288 bytes, new threshold 6 (max 6)
- age   1:     528208 bytes,     528208 total
- age   2:      35496 bytes,     563704 total
- age   3:       9000 bytes,     572704 total
- age   4:       3352 bytes,     576056 total
- age   5:       4248 bytes,     580304 total
- age   6:      27592 bytes,     607896 total
: 136990K->675K(153344K), 0.0071128 secs] 325765K->189454K(1031552K), 0.0072127 secs] [Times: user=0.01 sys=0.00, real=0.00 secs] 
2016-08-16T15:24:09.258+0000: 338523.228: Total time for which application threads were stopped: 0.0079486 seconds, Stopping threads took: 0.0000794 seconds
2016-08-16T15:24:18.981+0000: 338532.951: [GC (Allocation Failure) 338532.951: [ParNew
Desired survivor size 8716288 bytes, new threshold 6 (max 6)
- age   1:     536208 bytes,     536208 total
- age   2:      25888 bytes,     562096 total
- age   3:      10120 bytes,     572216 total
- age   4:       8904 bytes,     581120 total
- age   5:       3288 bytes,     584408 total
- age   6:       4248 bytes,     588656 total
: 136995K->665K(153344K), 0.0069904 secs] 325774K->189471K(1031552K), 0.0071103 secs] [Times: user=0.01 sys=0.00, real=0.00 secs] 
2016-08-16T15:24:18.988+0000: 338532.958: Total time for which application threads were stopped: 0.0078373 seconds, Stopping threads took: 0.0000797 seconds
2016-08-16T15:24:23.485+0000: 338537.455: Total time for which application threads were stopped: 0.0013177 seconds, Stopping threads took: 0.0006449 seconds
2016-08-16T15:24:28.851+0000: 338542.821: [GC (Allocation Failure) 338542.821: [ParNew
Desired survivor size 8716288 bytes, new threshold 6 (max 6)
- age   1:     623664 bytes,     623664 total
- age   2:      23688 bytes,     647352 total
- age   3:       5960 bytes,     653312 total
- age   4:       6928 bytes,     660240 total
- age   5:       8096 bytes,     668336 total
- age   6:       2768 bytes,     671104 total
: 136985K->725K(153344K), 0.0085545 secs] 325791K->189534K(1031552K), 0.0086622 secs] [Times: user=0.01 sys=0.00, real=0.00 secs] 
2016-08-16T15:24:28.860+0000: 338542.830: Total time for which application threads were stopped: 0.0093147 seconds, Stopping threads took: 0.0000734 seconds
2016-08-16T15:24:39.338+0000: 338553.308: [GC (Allocation Failure) 338553.308: [ParNew
Desired survivor size 8716288 bytes, new threshold 6 (max 6)
- age   1:     519712 bytes,     519712 total
- age   2:      52864 bytes,     572576 total
- age   3:       3432 bytes,     576008 total
- age   4:       3984 bytes,     579992 total
- age   5:       6728 bytes,     586720 total
- age   6:       8032 bytes,     594752 total
: 137045K->639K(153344K), 0.0074478 secs] 325854K->189451K(1031552K), 0.0075511 secs] [Times: user=0.01 sys=0.00, real=0.01 secs] 
2016-08-16T15:24:39.345+0000: 338553.315: Total time for which application threads were stopped: 0.0082456 seconds, Stopping threads took: 0.0000826 seconds
2016-08-16T15:24:41.203+0000: 338555.173: Total time for which application threads were stopped: 0.0004987 seconds, Stopping threads took: 0.0000736 seconds
2016-08-16T15:24:48.846+0000: 338562.816: [GC (Allocation Failure) 338562.816: [ParNew
Desired survivor size 8716288 bytes, new threshold 6 (max 6)
- age   1:    1019888 bytes,    1019888 total
- age   2:      32000 bytes,    1051888 total
- age   3:      31040 bytes,    1082928 total
- age   4:       3200 bytes,    1086128 total
- age   5:       3856 bytes,    1089984 total
- age   6:       6512 bytes,    1096496 total
: 136959K->1201K(153344K), 0.0100505 secs] 325771K->190018K(1031552K), 0.0102459 secs] [Times: user=0.02 sys=0.00, real=0.01 secs] 
2016-08-16T15:24:48.856+0000: 338562.826: Total time for which application threads were stopped: 0.0119562 seconds, Stopping threads took: 0.0001997 seconds
2016-08-16T15:24:58.846+0000: 338572.816: [GC (Allocation Failure) 338572.816: [ParNew
Desired survivor size 8716288 bytes, new threshold 6 (max 6)
- age   1:     566312 bytes,     566312 total
- age   2:      47096 bytes,     613408 total
- age   3:       6448 bytes,     619856 total
- age   4:      28096 bytes,     647952 total
- age   5:       3136 bytes,     651088 total
- age   6:       3728 bytes,     654816 total
: 137521K->757K(153344K), 0.0075214 secs] 326338K->189580K(1031552K), 0.0076280 secs] [Times: user=0.01 sys=0.00, real=0.01 secs] 
2016-08-16T15:24:58.854+0000: 338572.824: Total time for which application threads were stopped: 0.0083191 seconds, Stopping threads took: 0.0000793 seconds
2016-08-16T15:25:08.829+0000: 338582.800: [GC (Allocation Failure) 338582.800: [ParNew
Desired survivor size 8716288 bytes, new threshold 6 (max 6)
- age   1:     494312 bytes,     494312 total
- age   2:      35552 bytes,     529864 total
- age   3:      24688 bytes,     554552 total
- age   4:       5032 bytes,     559584 total
- age   5:      27952 bytes,     587536 total
- age   6:       3136 bytes,     590672 total
: 137077K->703K(153344K), 0.0072944 secs] 325900K->189530K(1031552K), 0.0073979 secs] [Times: user=0.01 sys=0.00, real=0.00 secs] 
2016-08-16T15:25:08.837+0000: 338582.807: Total time for which application threads were stopped: 0.0081242 seconds, Stopping threads took: 0.0001072 seconds
2016-08-16T15:25:18.841+0000: 338592.811: [GC (Allocation Failure) 338592.811: [ParNew
Desired survivor size 8716288 bytes, new threshold 6 (max 6)
- age   1:     468432 bytes,     468432 total
- age   2:      32432 bytes,     500864 total
- age   3:      10064 bytes,     510928 total
- age   4:      24504 bytes,     535432 total
- age   5:       5032 bytes,     540464 total
- age   6:      27880 bytes,     568344 total
: 137023K->598K(153344K), 0.0074589 secs] 325850K->189429K(1031552K), 0.0075749 secs] [Times: user=0.01 sys=0.00, real=0.01 secs] 
2016-08-16T15:25:18.848+0000: 338592.819: Total time for which application threads were stopped: 0.0082996 seconds, Stopping threads took: 0.0000863 seconds
2016-08-16T15:25:23.482+0000: 338597.453: Total time for which application threads were stopped: 0.0005793 seconds, Stopping threads took: 0.0001056 seconds
2016-08-16T15:25:28.830+0000: 338602.800: [GC (Allocation Failure) 338602.800: [ParNew
Desired survivor size 8716288 bytes, new threshold 6 (max 6)
- age   1:     618288 bytes,     618288 total
- age   2:      24216 bytes,     642504 total
- age   3:      12040 bytes,     654544 total
- age   4:       7160 bytes,     661704 total
- age   5:      21016 bytes,     682720 total
- age   6:       4384 bytes,     687104 total
: 136918K->739K(153344K), 0.0111160 secs] 325749K->189590K(1031552K), 0.0113287 secs] [Times: user=0.02 sys=0.00, real=0.01 secs] 
2016-08-16T15:25:28.841+0000: 338602.812: Total time for which application threads were stopped: 0.0129340 seconds, Stopping threads took: 0.0001194 seconds
2016-08-16T15:25:31.598+0000: 338605.569: [GC (Allocation Failure) 338605.569: [ParNew
Desired survivor size 8716288 bytes, new threshold 6 (max 6)
- age   1:     226584 bytes,     226584 total
- age   2:      58824 bytes,     285408 total
- age   3:       5200 bytes,     290608 total
- age   4:      12040 bytes,     302648 total
- age   5:       7088 bytes,     309736 total
- age   6:      20752 bytes,     330488 total
: 137059K->464K(153344K), 0.0105560 secs] 325910K->189320K(1031552K), 0.0107635 secs] [Times: user=0.02 sys=0.00, real=0.02 secs] 
2016-08-16T15:25:31.609+0000: 338605.579: Total time for which application threads were stopped: 0.0123479 seconds, Stopping threads took: 0.0002586 seconds
2016-08-16T15:25:39.267+0000: 338613.237: [GC (Allocation Failure) 338613.237: [ParNew
Desired survivor size 8716288 bytes, new threshold 6 (max 6)
- age   1:     382176 bytes,     382176 total
- age   2:       7760 bytes,     389936 total
- age   3:      27216 bytes,     417152 total
- age   4:       4496 bytes,     421648 total
- age   5:      11384 bytes,     433032 total
- age   6:       7088 bytes,     440120 total
: 136784K->492K(153344K), 0.0079298 secs] 325640K->189369K(1031552K), 0.0080318 secs] [Times: user=0.02 sys=0.00, real=0.01 secs] 
2016-08-16T15:25:39.275+0000: 338613.246: Total time for which application threads were stopped: 0.0086633 seconds, Stopping threads took: 0.0000709 seconds
2016-08-16T15:25:48.858+0000: 338622.828: [GC (Allocation Failure) 338622.828: [ParNew
Desired survivor size 8716288 bytes, new threshold 6 (max 6)
- age   1:     927032 bytes,     927032 total
- age   2:      29568 bytes,     956600 total
- age   3:       3760 bytes,     960360 total
- age   4:      26080 bytes,     986440 total
- age   5:       4376 bytes,     990816 total
- age   6:      11312 bytes,    1002128 total
: 136812K->1067K(153344K), 0.0081584 secs] 325689K->189951K(1031552K), 0.0082641 secs] [Times: user=0.01 sys=0.00, real=0.01 secs] 
2016-08-16T15:25:48.866+0000: 338622.836: Total time for which application threads were stopped: 0.0089362 seconds, Stopping threads took: 0.0000797 seconds
2016-08-16T15:25:58.876+0000: 338632.846: [GC (Allocation Failure) 338632.846: [ParNew
Desired survivor size 8716288 bytes, new threshold 6 (max 6)
- age   1:     594224 bytes,     594224 total
- age   2:      31200 bytes,     625424 total
- age   3:       4112 bytes,     629536 total
- age   4:       3688 bytes,     633224 total
- age   5:      23176 bytes,     656400 total
- age   6:       4312 bytes,     660712 total
: 137387K->732K(153344K), 0.0073004 secs] 326271K->189627K(1031552K), 0.0074186 secs] [Times: user=0.01 sys=0.00, real=0.01 secs] 
2016-08-16T15:25:58.883+0000: 338632.854: Total time for which application threads were stopped: 0.0081326 seconds, Stopping threads took: 0.0000817 seconds
2016-08-16T15:26:09.349+0000: 338643.319: [GC (Allocation Failure) 338643.319: [ParNew
Desired survivor size 8716288 bytes, new threshold 6 (max 6)
- age   1:     495784 bytes,     495784 total
- age   2:      35960 bytes,     531744 total
- age   3:       9504 bytes,     541248 total
- age   4:       2496 bytes,     543744 total
- age   5:       3656 bytes,     547400 total
- age   6:      23040 bytes,     570440 total
: 137052K->582K(153344K), 0.0077223 secs] 325947K->189480K(1031552K), 0.0078244 secs] [Times: user=0.01 sys=0.00, real=0.00 secs] 
2016-08-16T15:26:09.357+0000: 338643.327: Total time for which application threads were stopped: 0.0085616 seconds, Stopping threads took: 0.0001273 seconds
2016-08-16T15:26:18.843+0000: 338652.813: [GC (Allocation Failure) 338652.813: [ParNew
Desired survivor size 8716288 bytes, new threshold 6 (max 6)
- age   1:     510584 bytes,     510584 total
- age   2:      26584 bytes,     537168 total
- age   3:      10480 bytes,     547648 total
- age   4:       9472 bytes,     557120 total
- age   5:       2432 bytes,     559552 total
- age   6:       3592 bytes,     563144 total
: 136902K->654K(153344K), 0.0084811 secs] 325800K->189576K(1031552K), 0.0086198 secs] [Times: user=0.01 sys=0.00, real=0.01 secs] 
2016-08-16T15:26:18.852+0000: 338652.822: Total time for which application threads were stopped: 0.0095956 seconds, Stopping threads took: 0.0001231 seconds
2016-08-16T15:26:23.490+0000: 338657.460: Total time for which application threads were stopped: 0.0007487 seconds, Stopping threads took: 0.0001538 seconds
2016-08-16T15:26:28.852+0000: 338662.822: [GC (Allocation Failure) 338662.822: [ParNew
Desired survivor size 8716288 bytes, new threshold 6 (max 6)
- age   1:     637976 bytes,     637976 total
- age   2:      24624 bytes,     662600 total
- age   3:       7112 bytes,     669712 total
- age   4:       7608 bytes,     677320 total
- age   5:       8624 bytes,     685944 total
- age   6:       2216 bytes,     688160 total
: 136974K->738K(153344K), 0.0076421 secs] 325896K->189662K(1031552K), 0.0077484 secs] [Times: user=0.02 sys=0.00, real=0.00 secs] 
2016-08-16T15:26:28.860+0000: 338662.830: Total time for which application threads were stopped: 0.0084220 seconds, Stopping threads took: 0.0000782 seconds
2016-08-16T15:26:38.868+0000: 338672.838: [GC (Allocation Failure) 338672.838: [ParNew
Desired survivor size 8716288 bytes, new threshold 6 (max 6)
- age   1:     576088 bytes,     576088 total
- age   2:      45312 bytes,     621400 total
- age   3:       4368 bytes,     625768 total
- age   4:       7016 bytes,     632784 total
- age   5:       7536 bytes,     640320 total
- age   6:       8560 bytes,     648880 total
: 137058K->756K(153344K), 0.0071836 secs] 325982K->189683K(1031552K), 0.0072835 secs] [Times: user=0.01 sys=0.00, real=0.01 secs] 
2016-08-16T15:26:38.875+0000: 338672.846: Total time for which application threads were stopped: 0.0079950 seconds, Stopping threads took: 0.0001065 seconds
2016-08-16T15:26:49.279+0000: 338683.250: [GC (Allocation Failure) 338683.250: [ParNew
Desired survivor size 8716288 bytes, new threshold 6 (max 6)
- age   1:     943192 bytes,     943192 total
- age   2:      32528 bytes,     975720 total
- age   3:      24952 bytes,    1000672 total
- age   4:       4080 bytes,    1004752 total
- age   5:       6824 bytes,    1011576 total
- age   6:       7248 bytes,    1018824 total
: 137076K->1051K(153344K), 0.0078400 secs] 326003K->189986K(1031552K), 0.0079451 secs] [Times: user=0.02 sys=0.00, real=0.01 secs] 
2016-08-16T15:26:49.288+0000: 338683.258: Total time for which application threads were stopped: 0.0086266 seconds, Stopping threads took: 0.0000840 seconds
2016-08-16T15:26:58.832+0000: 338692.802: [GC (Allocation Failure) 338692.803: [ParNew
Desired survivor size 8716288 bytes, new threshold 6 (max 6)
- age   1:     581392 bytes,     581392 total
- age   2:      31952 bytes,     613344 total
- age   3:       7064 bytes,     620408 total
- age   4:      21976 bytes,     642384 total
- age   5:       4016 bytes,     646400 total
- age   6:       6760 bytes,     653160 total
: 137371K->720K(153344K), 0.0083973 secs] 326306K->189662K(1031552K), 0.0085169 secs] [Times: user=0.02 sys=0.00, real=0.01 secs] 
2016-08-16T15:26:58.841+0000: 338692.811: Total time for which application threads were stopped: 0.0091682 seconds, Stopping threads took: 0.0000723 seconds
2016-08-16T15:27:08.839+0000: 338702.810: [GC (Allocation Failure) 338702.810: [ParNew
Desired survivor size 8716288 bytes, new threshold 6 (max 6)
- age   1:     731216 bytes,     731216 total
- age   2:      35360 bytes,     766576 total
- age   3:       9704 bytes,     776280 total
- age   4:       5016 bytes,     781296 total
- age   5:      21832 bytes,     803128 total
- age   6:       4016 bytes,     807144 total
: 137040K->808K(153344K), 0.0098832 secs] 325982K->189757K(1031552K), 0.0100274 secs] [Times: user=0.01 sys=0.00, real=0.02 secs] 
2016-08-16T15:27:08.850+0000: 338702.820: Total time for which application threads were stopped: 0.0108525 seconds, Stopping threads took: 0.0001184 seconds
2016-08-16T15:27:18.821+0000: 338712.791: [GC (Allocation Failure) 338712.791: [ParNew
Desired survivor size 8716288 bytes, new threshold 6 (max 6)
- age   1:     529352 bytes,     529352 total
- age   2:      26624 bytes,     555976 total
- age   3:       9880 bytes,     565856 total
- age   4:       9544 bytes,     575400 total
- age   5:       5016 bytes,     580416 total
- age   6:      21832 bytes,     602248 total
: 137128K->734K(153344K), 0.0073434 secs] 326077K->189686K(1031552K), 0.0074431 secs] [Times: user=0.01 sys=0.00, real=0.01 secs] 
2016-08-16T15:27:18.829+0000: 338712.799: Total time for which application threads were stopped: 0.0081941 seconds, Stopping threads took: 0.0000766 seconds
2016-08-16T15:27:23.497+0000: 338717.467: Total time for which application threads were stopped: 0.0042741 seconds, Stopping threads took: 0.0035307 seconds
2016-08-16T15:27:23.771+0000: 338717.741: [GC (Allocation Failure) 338717.741: [ParNew
Desired survivor size 8716288 bytes, new threshold 6 (max 6)
- age   1:     454832 bytes,     454832 total
- age   2:      23400 bytes,     478232 total
- age   3:       6040 bytes,     484272 total
- age   4:       6632 bytes,     490904 total
- age   5:       8536 bytes,     499440 total
- age   6:       4232 bytes,     503672 total
: 137054K->580K(153344K), 0.0081699 secs] 326006K->189547K(1031552K), 0.0082838 secs] [Times: user=0.02 sys=0.00, real=0.00 secs] 
2016-08-16T15:27:23.779+0000: 338717.750: Total time for which application threads were stopped: 0.0088966 seconds, Stopping threads took: 0.0000743 seconds
2016-08-16T15:27:28.869+0000: 338722.840: [GC (Allocation Failure) 338722.840: [ParNew
Desired survivor size 8716288 bytes, new threshold 6 (max 6)
- age   1:     272816 bytes,     272816 total
- age   2:      46912 bytes,     319728 total
- age   3:       4488 bytes,     324216 total
- age   4:       6016 bytes,     330232 total
- age   5:       6136 bytes,     336368 total
- age   6:       8536 bytes,     344904 total
: 136900K->342K(153344K), 0.0076088 secs] 325867K->189313K(1031552K), 0.0077251 secs] [Times: user=0.01 sys=0.00, real=0.00 secs] 
2016-08-16T15:27:28.877+0000: 338722.847: Total time for which application threads were stopped: 0.0084174 seconds, Stopping threads took: 0.0001060 seconds
2016-08-16T15:27:38.863+0000: 338732.833: [GC (Allocation Failure) 338732.833: [ParNew
Desired survivor size 8716288 bytes, new threshold 6 (max 6)
- age   1:     504520 bytes,     504520 total
- age   2:      21864 bytes,     526384 total
- age   3:      23488 bytes,     549872 total
- age   4:       3056 bytes,     552928 total
- age   5:       3976 bytes,     556904 total
- age   6:       6072 bytes,     562976 total
: 136662K->653K(153344K), 0.0070639 secs] 325633K->189632K(1031552K), 0.0071762 secs] [Times: user=0.01 sys=0.00, real=0.01 secs] 
2016-08-16T15:27:38.870+0000: 338732.840: Total time for which application threads were stopped: 0.0078537 seconds, Stopping threads took: 0.0000819 seconds
2016-08-16T15:27:48.855+0000: 338742.825: [GC (Allocation Failure) 338742.825: [ParNew
Desired survivor size 8716288 bytes, new threshold 6 (max 6)
- age   1:     871440 bytes,     871440 total
- age   2:      31384 bytes,     902824 total
- age   3:       4408 bytes,     907232 total
- age   4:      22712 bytes,     929944 total
- age   5:       3024 bytes,     932968 total
- age   6:       3848 bytes,     936816 total
: 136973K->966K(153344K), 0.0098494 secs] 325952K->189950K(1031552K), 0.0099952 secs] [Times: user=0.02 sys=0.00, real=0.01 secs] 
2016-08-16T15:27:48.865+0000: 338742.835: Total time for which application threads were stopped: 0.0108086 seconds, Stopping threads took: 0.0001088 seconds
2016-08-16T15:27:58.871+0000: 338752.841: [GC (Allocation Failure) 338752.841: [ParNew
Desired survivor size 8716288 bytes, new threshold 6 (max 6)
- age   1:     594536 bytes,     594536 total
- age   2:      31336 bytes,     625872 total
- age   3:       5952 bytes,     631824 total
- age   4:       3656 bytes,     635480 total
- age   5:      20248 bytes,     655728 total
- age   6:       3024 bytes,     658752 total
: 137286K->694K(153344K), 0.0073776 secs] 326270K->189682K(1031552K), 0.0074850 secs] [Times: user=0.02 sys=0.00, real=0.00 secs] 
2016-08-16T15:27:58.879+0000: 338752.849: Total time for which application threads were stopped: 0.0082316 seconds, Stopping threads took: 0.0001101 seconds
2016-08-16T15:28:08.838+0000: 338762.808: [GC (Allocation Failure) 338762.808: [ParNew
Desired survivor size 8716288 bytes, new threshold 6 (max 6)
- age   1:     495928 bytes,     495928 total
- age   2:      39464 bytes,     535392 total
- age   3:       9504 bytes,     544896 total
- age   4:       3776 bytes,     548672 total
- age   5:       3656 bytes,     552328 total
- age   6:      20040 bytes,     572368 total
: 137014K->653K(153344K), 0.0072600 secs] 326002K->189644K(1031552K), 0.0073619 secs] [Times: user=0.01 sys=0.00, real=0.01 secs] 
2016-08-16T15:28:08.845+0000: 338762.816: Total time for which application threads were stopped: 0.0080734 seconds, Stopping threads took: 0.0000809 seconds
2016-08-16T15:28:18.849+0000: 338772.820: [GC (Allocation Failure) 338772.820: [ParNew
Desired survivor size 8716288 bytes, new threshold 6 (max 6)
- age   1:     497584 bytes,     497584 total
- age   2:      32880 bytes,     530464 total
- age   3:      13928 bytes,     544392 total
- age   4:       9472 bytes,     553864 total
- age   5:       3648 bytes,     557512 total
- age   6:       3592 bytes,     561104 total
: 136973K->631K(153344K), 0.0074546 secs] 325964K->189642K(1031552K), 0.0075572 secs] [Times: user=0.01 sys=0.00, real=0.00 secs] 
2016-08-16T15:28:18.857+0000: 338772.827: Total time for which application threads were stopped: 0.0082211 seconds, Stopping threads took: 0.0000800 seconds
2016-08-16T15:28:23.493+0000: 338777.463: Total time for which application threads were stopped: 0.0045852 seconds, Stopping threads took: 0.0039363 seconds
2016-08-16T15:28:28.852+0000: 338782.823: [GC (Allocation Failure) 338782.823: [ParNew
Desired survivor size 8716288 bytes, new threshold 6 (max 6)
- age   1:     577840 bytes,     577840 total
- age   2:      24256 bytes,     602096 total
- age   3:      13216 bytes,     615312 total
- age   4:      11024 bytes,     626336 total
- age   5:       8752 bytes,     635088 total
- age   6:       3360 bytes,     638448 total
: 136951K->684K(153344K), 0.0076558 secs] 325962K->189697K(1031552K), 0.0077827 secs] [Times: user=0.01 sys=0.00, real=0.01 secs] 
2016-08-16T15:28:28.860+0000: 338782.831: Total time for which application threads were stopped: 0.0085151 seconds, Stopping threads took: 0.0000824 seconds
2016-08-16T15:28:38.828+0000: 338792.798: [GC (Allocation Failure) 338792.798: [ParNew
Desired survivor size 8716288 bytes, new threshold 6 (max 6)
- age   1:     557696 bytes,     557696 total
- age   2:      43576 bytes,     601272 total
- age   3:       3184 bytes,     604456 total
- age   4:      13088 bytes,     617544 total
- age   5:      10880 bytes,     628424 total
- age   6:       8680 bytes,     637104 total
: 137004K->708K(153344K), 0.0077086 secs] 326017K->189725K(1031552K), 0.0078312 secs] [Times: user=0.02 sys=0.00, real=0.00 secs] 
2016-08-16T15:28:38.836+0000: 338792.806: Total time for which application threads were stopped: 0.0086307 seconds, Stopping threads took: 0.0001056 seconds
2016-08-16T15:28:49.229+0000: 338803.199: [GC (Allocation Failure) 338803.200: [ParNew
Desired survivor size 8716288 bytes, new threshold 6 (max 6)
- age   1:     839952 bytes,     839952 total
- age   2:      33440 bytes,     873392 total
- age   3:      23632 bytes,     897024 total
- age   4:       3024 bytes,     900048 total
- age   5:      12832 bytes,     912880 total
- age   6:      10376 bytes,     923256 total
: 137028K->995K(153344K), 0.0095630 secs] 326045K->190019K(1031552K), 0.0097000 secs] [Times: user=0.02 sys=0.00, real=0.00 secs] 
2016-08-16T15:28:49.239+0000: 338803.209: Total time for which application threads were stopped: 0.0105780 seconds, Stopping threads took: 0.0001108 seconds
2016-08-16T15:28:58.828+0000: 338812.798: [GC (Allocation Failure) 338812.798: [ParNew
Desired survivor size 8716288 bytes, new threshold 6 (max 6)
- age   1:     548376 bytes,     548376 total
- age   2:      30816 bytes,     579192 total
- age   3:       7488 bytes,     586680 total
- age   4:      20904 bytes,     607584 total
- age   5:       2960 bytes,     610544 total
- age   6:      12768 bytes,     623312 total
: 137315K->698K(153344K), 0.0074581 secs] 326339K->189733K(1031552K), 0.0075620 secs] [Times: user=0.01 sys=0.00, real=0.01 secs] 
2016-08-16T15:28:58.835+0000: 338812.806: Total time for which application threads were stopped: 0.0082334 seconds, Stopping threads took: 0.0000769 seconds
2016-08-16T15:29:08.821+0000: 338822.792: [GC (Allocation Failure) 338822.792: [ParNew
Desired survivor size 8716288 bytes, new threshold 6 (max 6)
- age   1:     465200 bytes,     465200 total
- age   2:      37504 bytes,     502704 total
- age   3:       9608 bytes,     512312 total
- age   4:       5936 bytes,     518248 total
- age   5:      20760 bytes,     539008 total
- age   6:       2816 bytes,     541824 total
: 137018K->638K(153344K), 0.0071057 secs] 326053K->189685K(1031552K), 0.0072146 secs] [Times: user=0.01 sys=0.00, real=0.01 secs] 
2016-08-16T15:29:08.829+0000: 338822.799: Total time for which application threads were stopped: 0.0078891 seconds, Stopping threads took: 0.0000815 seconds
2016-08-16T15:29:18.815+0000: 338832.785: [GC (Allocation Failure) 338832.785: [ParNew
Desired survivor size 8716288 bytes, new threshold 6 (max 6)
- age   1:     459464 bytes,     459464 total
- age   2:      25480 bytes,     484944 total
- age   3:      11104 bytes,     496048 total
- age   4:       9576 bytes,     505624 total
- age   5:       5936 bytes,     511560 total
- age   6:      20760 bytes,     532320 total
: 136958K->573K(153344K), 0.0068404 secs] 326005K->189624K(1031552K), 0.0069457 secs] [Times: user=0.02 sys=0.00, real=0.01 secs] 
2016-08-16T15:29:18.822+0000: 338832.792: Total time for which application threads were stopped: 0.0076536 seconds, Stopping threads took: 0.0000987 seconds
2016-08-16T15:29:23.486+0000: 338837.456: Total time for which application threads were stopped: 0.0007397 seconds, Stopping threads took: 0.0001410 seconds
2016-08-16T15:29:28.192+0000: 338842.162: [GC (Allocation Failure) 338842.162: [ParNew
Desired survivor size 8716288 bytes, new threshold 6 (max 6)
- age   1:     546616 bytes,     546616 total
- age   2:      25568 bytes,     572184 total
- age   3:       5096 bytes,     577280 total
- age   4:       7368 bytes,     584648 total
- age   5:       8928 bytes,     593576 total
- age   6:       4424 bytes,     598000 total
: 136893K->612K(153344K), 0.0101471 secs] 325944K->189675K(1031552K), 0.0104034 secs] [Times: user=0.01 sys=0.00, real=0.01 secs] 
2016-08-16T15:29:28.203+0000: 338842.173: Total time for which application threads were stopped: 0.0119632 seconds, Stopping threads took: 0.0002415 seconds
2016-08-16T15:29:28.850+0000: 338842.820: [GC (Allocation Failure) 338842.820: [ParNew
Desired survivor size 8716288 bytes, new threshold 6 (max 6)
- age   1:     211160 bytes,     211160 total
- age   2:      41200 bytes,     252360 total
- age   3:       6184 bytes,     258544 total
- age   4:       5032 bytes,     263576 total
- age   5:       7296 bytes,     270872 total
- age   6:       8864 bytes,     279736 total
: 136932K->347K(153344K), 0.0070298 secs] 325995K->189415K(1031552K), 0.0071116 secs] [Times: user=0.01 sys=0.00, real=0.00 secs] 
2016-08-16T15:29:28.857+0000: 338842.827: Total time for which application threads were stopped: 0.0077072 seconds, Stopping threads took: 0.0001040 seconds
2016-08-16T15:29:38.862+0000: 338852.832: [GC (Allocation Failure) 338852.832: [ParNew
Desired survivor size 8716288 bytes, new threshold 6 (max 6)
- age   1:     485112 bytes,     485112 total
- age   2:      10168 bytes,     495280 total
- age   3:      24672 bytes,     519952 total
- age   4:       6056 bytes,     526008 total
- age   5:       4864 bytes,     530872 total
- age   6:       7168 bytes,     538040 total
: 136667K->591K(153344K), 0.0074054 secs] 325735K->189667K(1031552K), 0.0075054 secs] [Times: user=0.02 sys=0.00, real=0.01 secs] 
2016-08-16T15:29:38.869+0000: 338852.839: Total time for which application threads were stopped: 0.0081800 seconds, Stopping threads took: 0.0000820 seconds
2016-08-16T15:29:48.841+0000: 338862.812: [GC (Allocation Failure) 338862.812: [ParNew
Desired survivor size 8716288 bytes, new threshold 6 (max 6)
- age   1:     991632 bytes,     991632 total
- age   2:      31008 bytes,    1022640 total
- age   3:       4488 bytes,    1027128 total
- age   4:      23344 bytes,    1050472 total
- age   5:       6024 bytes,    1056496 total
- age   6:       4792 bytes,    1061288 total
: 136911K->1141K(153344K), 0.0080625 secs] 325987K->190225K(1031552K), 0.0081649 secs] [Times: user=0.01 sys=0.00, real=0.01 secs] 
2016-08-16T15:29:48.850+0000: 338862.820: Total time for which application threads were stopped: 0.0088621 seconds, Stopping threads took: 0.0000820 seconds
2016-08-16T15:29:58.877+0000: 338872.847: [GC (Allocation Failure) 338872.847: [ParNew
Desired survivor size 8716288 bytes, new threshold 6 (max 6)
- age   1:     564792 bytes,     564792 total
- age   2:      38200 bytes,     602992 total
- age   3:       5544 bytes,     608536 total
- age   4:       4312 bytes,     612848 total
- age   5:      20656 bytes,     633504 total
- age   6:       6024 bytes,     639528 total
: 137461K->715K(153344K), 0.0072840 secs] 326545K->189803K(1031552K), 0.0073960 secs] [Times: user=0.02 sys=0.00, real=0.01 secs] 
2016-08-16T15:29:58.884+0000: 338872.855: Total time for which application threads were stopped: 0.0081381 seconds, Stopping threads took: 0.0001045 seconds
2016-08-16T15:30:08.850+0000: 338882.820: [GC (Allocation Failure) 338882.820: [ParNew
Desired survivor size 8716288 bytes, new threshold 6 (max 6)
- age   1:     517808 bytes,     517808 total
- age   2:      35488 bytes,     553296 total
- age   3:      15712 bytes,     569008 total
- age   4:       3496 bytes,     572504 total
- age   5:       4312 bytes,     576816 total
- age   6:      20584 bytes,     597400 total
: 137035K->709K(153344K), 0.0083454 secs] 326123K->189803K(1031552K), 0.0084736 secs] [Times: user=0.02 sys=0.00, real=0.00 secs] 
2016-08-16T15:30:08.858+0000: 338882.828: Total time for which application threads were stopped: 0.0092435 seconds, Stopping threads took: 0.0001127 seconds
2016-08-16T15:30:18.936+0000: 338892.907: [GC (Allocation Failure) 338892.907: [ParNew
Desired survivor size 8716288 bytes, new threshold 6 (max 6)
- age   1:     509824 bytes,     509824 total
- age   2:      25832 bytes,     535656 total
- age   3:       9840 bytes,     545496 total
- age   4:      15488 bytes,     560984 total
- age   5:       3432 bytes,     564416 total
- age   6:       4240 bytes,     568656 total
: 137029K->622K(153344K), 0.0073766 secs] 326123K->189736K(1031552K), 0.0074867 secs] [Times: user=0.01 sys=0.00, real=0.01 secs] 
2016-08-16T15:30:18.944+0000: 338892.914: Total time for which application threads were stopped: 0.0081790 seconds, Stopping threads took: 0.0000761 seconds
2016-08-16T15:30:23.483+0000: 338897.453: Total time for which application threads were stopped: 0.0006474 seconds, Stopping threads took: 0.0001142 seconds
2016-08-16T15:30:28.973+0000: 338902.943: [GC (Allocation Failure) 338902.943: [ParNew
Desired survivor size 8716288 bytes, new threshold 6 (max 6)
- age   1:     649504 bytes,     649504 total
- age   2:      24152 bytes,     673656 total
- age   3:       6168 bytes,     679824 total
- age   4:       6128 bytes,     685952 total
- age   5:      14072 bytes,     700024 total
- age   6:       3216 bytes,     703240 total
: 136942K->760K(153344K), 0.0070777 secs] 326056K->189877K(1031552K), 0.0071949 secs] [Times: user=0.02 sys=0.00, real=0.01 secs] 
2016-08-16T15:30:28.980+0000: 338902.950: Total time for which application threads were stopped: 0.0078804 seconds, Stopping threads took: 0.0000666 seconds
2016-08-16T15:30:38.153+0000: 338912.123: Total time for which application threads were stopped: 0.0022420 seconds, Stopping threads took: 0.0000795 seconds
2016-08-16T15:30:39.096+0000: 338913.066: [GC (Allocation Failure) 338913.066: [ParNew
Desired survivor size 8716288 bytes, new threshold 6 (max 6)
- age   1:     597912 bytes,     597912 total
- age   2:      45616 bytes,     643528 total
- age   3:       3760 bytes,     647288 total
- age   4:       4128 bytes,     651416 total
- age   5:       6056 bytes,     657472 total
- age   6:      14072 bytes,     671544 total
: 137080K->821K(153344K), 0.0070301 secs] 326197K->189941K(1031552K), 0.0071312 secs] [Times: user=0.01 sys=0.00, real=0.01 secs] 
2016-08-16T15:30:39.103+0000: 338913.073: Total time for which application threads were stopped: 0.0078233 seconds, Stopping threads took: 0.0001037 seconds
2016-08-16T15:30:49.265+0000: 338923.235: [GC (Allocation Failure) 338923.235: [ParNew
Desired survivor size 8716288 bytes, new threshold 6 (max 6)
- age   1:     926368 bytes,     926368 total
- age   2:      32080 bytes,     958448 total
- age   3:      25296 bytes,     983744 total
- age   4:       3536 bytes,     987280 total
- age   5:       4000 bytes,     991280 total
- age   6:       5840 bytes,     997120 total
: 137141K->1025K(153344K), 0.0078519 secs] 326261K->190157K(1031552K), 0.0079577 secs] [Times: user=0.01 sys=0.00, real=0.01 secs] 
2016-08-16T15:30:49.273+0000: 338923.243: Total time for which application threads were stopped: 0.0086103 seconds, Stopping threads took: 0.0000741 seconds
2016-08-16T15:30:58.827+0000: 338932.797: [GC (Allocation Failure) 338932.797: [ParNew
Desired survivor size 8716288 bytes, new threshold 6 (max 6)
- age   1:     765904 bytes,     765904 total
- age   2:      32024 bytes,     797928 total
- age   3:       6576 bytes,     804504 total
- age   4:      22416 bytes,     826920 total
- age   5:       3536 bytes,     830456 total
- age   6:       3936 bytes,     834392 total
: 137345K->854K(153344K), 0.0074317 secs] 326477K->189991K(1031552K), 0.0075449 secs] [Times: user=0.02 sys=0.00, real=0.01 secs] 
2016-08-16T15:30:58.835+0000: 338932.805: Total time for which application threads were stopped: 0.0083277 seconds, Stopping threads took: 0.0001456 seconds
2016-08-16T15:31:09.038+0000: 338943.008: [GC (Allocation Failure) 338943.008: [ParNew
Desired survivor size 8716288 bytes, new threshold 6 (max 6)
- age   1:     543704 bytes,     543704 total
- age   2:      36032 bytes,     579736 total
- age   3:       9680 bytes,     589416 total
- age   4:       4464 bytes,     593880 total
- age   5:      22272 bytes,     616152 total
- age   6:       3464 bytes,     619616 total
: 137174K->761K(153344K), 0.0074799 secs] 326311K->189902K(1031552K), 0.0075933 secs] [Times: user=0.01 sys=0.00, real=0.01 secs] 
2016-08-16T15:31:09.046+0000: 338943.016: Total time for which application threads were stopped: 0.0083032 seconds, Stopping threads took: 0.0000856 seconds
2016-08-16T15:31:18.923+0000: 338952.893: [GC (Allocation Failure) 338952.893: [ParNew
Desired survivor size 8716288 bytes, new threshold 6 (max 6)
- age   1:     541256 bytes,     541256 total
- age   2:      31912 bytes,     573168 total
- age   3:       9888 bytes,     583056 total
- age   4:       9648 bytes,     592704 total
- age   5:       4336 bytes,     597040 total
- age   6:      22208 bytes,     619248 total
: 137081K->702K(153344K), 0.0071075 secs] 326222K->189846K(1031552K), 0.0072202 secs] [Times: user=0.01 sys=0.00, real=0.01 secs] 
2016-08-16T15:31:18.930+0000: 338952.900: Total time for which application threads were stopped: 0.0078640 seconds, Stopping threads took: 0.0000730 seconds
2016-08-16T15:31:20.434+0000: 338954.405: [GC (Allocation Failure) 338954.405: [ParNew
Desired survivor size 8716288 bytes, new threshold 6 (max 6)
- age   1:     202576 bytes,     202576 total
- age   2:      47560 bytes,     250136 total
- age   3:      12736 bytes,     262872 total
- age   4:       9888 bytes,     272760 total
- age   5:       9648 bytes,     282408 total
- age   6:       4336 bytes,     286744 total
: 137022K->354K(153344K), 0.0110623 secs] 326166K->189520K(1031552K), 0.0111763 secs] [Times: user=0.02 sys=0.00, real=0.01 secs] 
2016-08-16T15:31:20.446+0000: 338954.416: Total time for which application threads were stopped: 0.0119608 seconds, Stopping threads took: 0.0000974 seconds
2016-08-16T15:31:23.493+0000: 338957.463: Total time for which application threads were stopped: 0.0017341 seconds, Stopping threads took: 0.0003197 seconds
2016-08-16T15:31:29.011+0000: 338962.982: [GC (Allocation Failure) 338962.982: [ParNew
Desired survivor size 8716288 bytes, new threshold 6 (max 6)
- age   1:     493464 bytes,     493464 total
- age   2:       7168 bytes,     500632 total
- age   3:       5040 bytes,     505672 total
- age   4:      12200 bytes,     517872 total
- age   5:       7304 bytes,     525176 total
- age   6:       8640 bytes,     533816 total
: 136674K->551K(153344K), 0.0071809 secs] 325840K->189721K(1031552K), 0.0072918 secs] [Times: user=0.01 sys=0.00, real=0.00 secs] 
2016-08-16T15:31:29.019+0000: 338962.989: Total time for which application threads were stopped: 0.0079773 seconds, Stopping threads took: 0.0000762 seconds
2016-08-16T15:31:39.046+0000: 338973.016: [GC (Allocation Failure) 338973.016: [ParNew
Desired survivor size 8716288 bytes, new threshold 6 (max 6)
- age   1:     581224 bytes,     581224 total
- age   2:      50512 bytes,     631736 total
- age   3:       3144 bytes,     634880 total
- age   4:       3616 bytes,     638496 total
- age   5:      10616 bytes,     649112 total
- age   6:       7040 bytes,     656152 total
: 136871K->754K(153344K), 0.0076607 secs] 326041K->189933K(1031552K), 0.0077590 secs] [Times: user=0.02 sys=0.00, real=0.01 secs] 
2016-08-16T15:31:39.054+0000: 338973.024: Total time for which application threads were stopped: 0.0084616 seconds, Stopping threads took: 0.0000993 seconds
2016-08-16T15:31:49.328+0000: 338983.298: [GC (Allocation Failure) 338983.299: [ParNew
Desired survivor size 8716288 bytes, new threshold 6 (max 6)
- age   1:     909896 bytes,     909896 total
- age   2:      32720 bytes,     942616 total
- age   3:      30424 bytes,     973040 total
- age   4:       3120 bytes,     976160 total
- age   5:       3448 bytes,     979608 total
- age   6:      10528 bytes,     990136 total
: 137074K->1040K(153344K), 0.0078777 secs] 326253K->190225K(1031552K), 0.0079883 secs] [Times: user=0.02 sys=0.00, real=0.00 secs] 
2016-08-16T15:31:49.336+0000: 338983.307: Total time for which application threads were stopped: 0.0086948 seconds, Stopping threads took: 0.0000787 seconds
2016-08-16T15:31:58.893+0000: 338992.863: [GC (Allocation Failure) 338992.863: [ParNew
Desired survivor size 8716288 bytes, new threshold 6 (max 6)
- age   1:     559952 bytes,     559952 total
- age   2:      32288 bytes,     592240 total
- age   3:       7064 bytes,     599304 total
- age   4:      27592 bytes,     626896 total
- age   5:       3120 bytes,     630016 total
- age   6:       3448 bytes,     633464 total
: 137360K->716K(153344K), 0.0085597 secs] 326545K->189912K(1031552K), 0.0086934 secs] [Times: user=0.01 sys=0.00, real=0.01 secs] 
2016-08-16T15:31:58.902+0000: 338992.872: Total time for which application threads were stopped: 0.0093391 seconds, Stopping threads took: 0.0000856 seconds
2016-08-16T15:32:08.846+0000: 339002.816: [GC (Allocation Failure) 339002.816: [ParNew
Desired survivor size 8716288 bytes, new threshold 6 (max 6)
- age   1:     529680 bytes,     529680 total
- age   2:      35560 bytes,     565240 total
- age   3:       9712 bytes,     574952 total
- age   4:       5016 bytes,     579968 total
- age   5:      27448 bytes,     607416 total
- age   6:       3120 bytes,     610536 total
: 137036K->686K(153344K), 0.0071329 secs] 326232K->189885K(1031552K), 0.0072399 secs] [Times: user=0.01 sys=0.00, real=0.01 secs] 
2016-08-16T15:32:08.853+0000: 339002.824: Total time for which application threads were stopped: 0.0079317 seconds, Stopping threads took: 0.0000770 seconds
2016-08-16T15:32:18.853+0000: 339012.823: [GC (Allocation Failure) 339012.823: [ParNew
Desired survivor size 8716288 bytes, new threshold 6 (max 6)
- age   1:     532808 bytes,     532808 total
- age   2:      30688 bytes,     563496 total
- age   3:      10160 bytes,     573656 total
- age   4:       9616 bytes,     583272 total
- age   5:       4824 bytes,     588096 total
- age   6:      27448 bytes,     615544 total
: 137006K->735K(153344K), 0.0072745 secs] 326205K->189937K(1031552K), 0.0073955 secs] [Times: user=0.01 sys=0.00, real=0.01 secs] 
2016-08-16T15:32:18.861+0000: 339012.831: Total time for which application threads were stopped: 0.0080696 seconds, Stopping threads took: 0.0000828 seconds
2016-08-16T15:32:23.487+0000: 339017.457: Total time for which application threads were stopped: 0.0011328 seconds, Stopping threads took: 0.0002446 seconds
2016-08-16T15:32:28.870+0000: 339022.840: [GC (Allocation Failure) 339022.840: [ParNew
Desired survivor size 8716288 bytes, new threshold 6 (max 6)
- age   1:     634288 bytes,     634288 total
- age   2:      24424 bytes,     658712 total
- age   3:      11072 bytes,     669784 total
- age   4:       7384 bytes,     677168 total
- age   5:       8552 bytes,     685720 total
- age   6:       4088 bytes,     689808 total
: 137055K->733K(153344K), 0.0076010 secs] 326257K->189955K(1031552K), 0.0077083 secs] [Times: user=0.01 sys=0.00, real=0.00 secs] 
2016-08-16T15:32:28.878+0000: 339022.848: Total time for which application threads were stopped: 0.0084015 seconds, Stopping threads took: 0.0000816 seconds
2016-08-16T15:32:38.818+0000: 339032.788: [GC (Allocation Failure) 339032.788: [ParNew
Desired survivor size 8716288 bytes, new threshold 6 (max 6)
- age   1:     565344 bytes,     565344 total
- age   2:      46320 bytes,     611664 total
- age   3:       3816 bytes,     615480 total
- age   4:      10352 bytes,     625832 total
- age   5:       7248 bytes,     633080 total
- age   6:       8552 bytes,     641632 total
: 137053K->684K(153344K), 0.0071940 secs] 326275K->189909K(1031552K), 0.0072967 secs] [Times: user=0.01 sys=0.00, real=0.01 secs] 
2016-08-16T15:32:38.825+0000: 339032.795: Total time for which application threads were stopped: 0.0080036 seconds, Stopping threads took: 0.0001145 seconds
2016-08-16T15:32:48.853+0000: 339042.823: [GC (Allocation Failure) 339042.823: [ParNew
Desired survivor size 8716288 bytes, new threshold 6 (max 6)
- age   1:     917904 bytes,     917904 total
- age   2:      32576 bytes,     950480 total
- age   3:      25880 bytes,     976360 total
- age   4:       3656 bytes,     980016 total
- age   5:      10224 bytes,     990240 total
- age   6:       6896 bytes,     997136 total
: 137004K->1046K(153344K), 0.0078739 secs] 326229K->190280K(1031552K), 0.0079967 secs] [Times: user=0.01 sys=0.00, real=0.01 secs] 
2016-08-16T15:32:48.861+0000: 339042.831: Total time for which application threads were stopped: 0.0087113 seconds, Stopping threads took: 0.0000761 seconds
2016-08-16T15:32:58.871+0000: 339052.841: [GC (Allocation Failure) 339052.841: [ParNew
Desired survivor size 8716288 bytes, new threshold 6 (max 6)
- age   1:     607056 bytes,     607056 total
- age   2:      32520 bytes,     639576 total
- age   3:       6936 bytes,     646512 total
- age   4:      22888 bytes,     669400 total
- age   5:       3656 bytes,     673056 total
- age   6:      10088 bytes,     683144 total
: 137366K->750K(153344K), 0.0090800 secs] 326600K->189990K(1031552K), 0.0092287 secs] [Times: user=0.02 sys=0.00, real=0.01 secs] 
2016-08-16T15:32:58.881+0000: 339052.851: Total time for which application threads were stopped: 0.0100995 seconds, Stopping threads took: 0.0001139 seconds
2016-08-16T15:33:08.805+0000: 339062.775: [GC (Allocation Failure) 339062.776: [ParNew
Desired survivor size 8716288 bytes, new threshold 6 (max 6)
- age   1:     483248 bytes,     483248 total
- age   2:      39224 bytes,     522472 total
- age   3:      10008 bytes,     532480 total
- age   4:       4888 bytes,     537368 total
- age   5:      22744 bytes,     560112 total
- age   6:       3656 bytes,     563768 total
: 137070K->658K(153344K), 0.0078464 secs] 326310K->189908K(1031552K), 0.0079596 secs] [Times: user=0.01 sys=0.00, real=0.01 secs] 
2016-08-16T15:33:08.813+0000: 339062.784: Total time for which application threads were stopped: 0.0086626 seconds, Stopping threads took: 0.0000774 seconds
2016-08-16T15:33:13.207+0000: 339067.178: [GC (Allocation Failure) 339067.178: [ParNew
Desired survivor size 8716288 bytes, new threshold 6 (max 6)
- age   1:     267360 bytes,     267360 total
- age   2:      25408 bytes,     292768 total
- age   3:      19992 bytes,     312760 total
- age   4:       9952 bytes,     322712 total
- age   5:       4816 bytes,     327528 total
- age   6:      22672 bytes,     350200 total
: 136978K->489K(153344K), 0.0101863 secs] 326228K->189743K(1031552K), 0.0103485 secs] [Times: user=0.02 sys=0.00, real=0.01 secs] 
2016-08-16T15:33:13.218+0000: 339067.188: Total time for which application threads were stopped: 0.0114651 seconds, Stopping threads took: 0.0001462 seconds
2016-08-16T15:33:18.922+0000: 339072.892: [GC (Allocation Failure) 339072.892: [ParNew
Desired survivor size 8716288 bytes, new threshold 6 (max 6)
- age   1:     328296 bytes,     328296 total
- age   2:       9280 bytes,     337576 total
- age   3:       5960 bytes,     343536 total
- age   4:      13640 bytes,     357176 total
- age   5:       9824 bytes,     367000 total
- age   6:       4816 bytes,     371816 total
: 136809K->387K(153344K), 0.0069340 secs] 326063K->189663K(1031552K), 0.0071309 secs] [Times: user=0.01 sys=0.00, real=0.01 secs] 
2016-08-16T15:33:18.929+0000: 339072.900: Total time for which application threads were stopped: 0.0078492 seconds, Stopping threads took: 0.0000980 seconds
2016-08-16T15:33:23.492+0000: 339077.462: Total time for which application threads were stopped: 0.0013059 seconds, Stopping threads took: 0.0002532 seconds
2016-08-16T15:33:28.902+0000: 339082.872: [GC (Allocation Failure) 339082.872: [ParNew
Desired survivor size 8716288 bytes, new threshold 6 (max 6)
- age   1:     634904 bytes,     634904 total
- age   2:      22368 bytes,     657272 total
- age   3:       3904 bytes,     661176 total
- age   4:       4944 bytes,     666120 total
- age   5:      10048 bytes,     676168 total
- age   6:       8528 bytes,     684696 total
: 136707K->745K(153344K), 0.0076089 secs] 325983K->190025K(1031552K), 0.0077270 secs] [Times: user=0.01 sys=0.00, real=0.01 secs] 
2016-08-16T15:33:28.910+0000: 339082.880: Total time for which application threads were stopped: 0.0084266 seconds, Stopping threads took: 0.0000819 seconds
2016-08-16T15:33:38.851+0000: 339092.821: [GC (Allocation Failure) 339092.821: [ParNew
Desired survivor size 8716288 bytes, new threshold 6 (max 6)
- age   1:     536912 bytes,     536912 total
- age   2:      45512 bytes,     582424 total
- age   3:       2056 bytes,     584480 total
- age   4:       3112 bytes,     587592 total
- age   5:       3528 bytes,     591120 total
- age   6:       9912 bytes,     601032 total
: 137065K->738K(153344K), 0.0080753 secs] 326345K->190026K(1031552K), 0.0081798 secs] [Times: user=0.02 sys=0.00, real=0.00 secs] 
2016-08-16T15:33:38.859+0000: 339092.830: Total time for which application threads were stopped: 0.0088707 seconds, Stopping threads took: 0.0000814 seconds
2016-08-16T15:33:48.934+0000: 339102.904: [GC (Allocation Failure) 339102.904: [ParNew
Desired survivor size 8716288 bytes, new threshold 6 (max 6)
- age   1:     954432 bytes,     954432 total
- age   2:      31816 bytes,     986248 total
- age   3:      25488 bytes,    1011736 total
- age   4:       1824 bytes,    1013560 total
- age   5:       3048 bytes,    1016608 total
- age   6:       3464 bytes,    1020072 total
: 137058K->1072K(153344K), 0.0078061 secs] 326346K->190370K(1031552K), 0.0079088 secs] [Times: user=0.01 sys=0.00, real=0.01 secs] 
2016-08-16T15:33:48.942+0000: 339102.912: Total time for which application threads were stopped: 0.0085993 seconds, Stopping threads took: 0.0000787 seconds
2016-08-16T15:33:58.905+0000: 339112.876: [GC (Allocation Failure) 339112.876: [ParNew
Desired survivor size 8716288 bytes, new threshold 6 (max 6)
- age   1:     547344 bytes,     547344 total
- age   2:      33040 bytes,     580384 total
- age   3:       6248 bytes,     586632 total
- age   4:      22680 bytes,     609312 total
- age   5:       1824 bytes,     611136 total
- age   6:       3048 bytes,     614184 total
: 137392K->687K(153344K), 0.0083958 secs] 326690K->189989K(1031552K), 0.0085213 secs] [Times: user=0.01 sys=0.00, real=0.01 secs] 
2016-08-16T15:33:58.914+0000: 339112.884: Total time for which application threads were stopped: 0.0092078 seconds, Stopping threads took: 0.0000741 seconds
2016-08-16T15:33:58.980+0000: 339112.950: Total time for which application threads were stopped: 0.0005119 seconds, Stopping threads took: 0.0000748 seconds
2016-08-16T15:33:58.989+0000: 339112.959: Total time for which application threads were stopped: 0.0077510 seconds, Stopping threads took: 0.0066782 seconds
2016-08-16T15:34:08.849+0000: 339122.819: [GC (Allocation Failure) 339122.819: [ParNew
Desired survivor size 8716288 bytes, new threshold 6 (max 6)
- age   1:     476160 bytes,     476160 total
- age   2:      35440 bytes,     511600 total
- age   3:       9640 bytes,     521240 total
- age   4:       4696 bytes,     525936 total
- age   5:      22608 bytes,     548544 total
- age   6:       1824 bytes,     550368 total
: 137007K->639K(153344K), 0.0070182 secs] 326309K->189944K(1031552K), 0.0071149 secs] [Times: user=0.01 sys=0.00, real=0.00 secs] 
2016-08-16T15:34:08.856+0000: 339122.827: Total time for which application threads were stopped: 0.0077911 seconds, Stopping threads took: 0.0000779 seconds
2016-08-16T15:34:09.857+0000: 339123.828: Total time for which application threads were stopped: 0.0008160 seconds, Stopping threads took: 0.0001290 seconds
2016-08-16T15:34:18.968+0000: 339132.938: [GC (Allocation Failure) 339132.938: [ParNew
Desired survivor size 8716288 bytes, new threshold 6 (max 6)
- age   1:     545856 bytes,     545856 total
- age   2:      32960 bytes,     578816 total
- age   3:      10224 bytes,     589040 total
- age   4:       9472 bytes,     598512 total
- age   5:       4632 bytes,     603144 total
- age   6:      22472 bytes,     625616 total
: 136959K->658K(153344K), 0.0077521 secs] 326264K->189964K(1031552K), 0.0078531 secs] [Times: user=0.01 sys=0.00, real=0.01 secs] 
2016-08-16T15:34:18.976+0000: 339132.946: Total time for which application threads were stopped: 0.0085521 seconds, Stopping threads took: 0.0000860 seconds
2016-08-16T15:34:23.493+0000: 339137.463: Total time for which application threads were stopped: 0.0011795 seconds, Stopping threads took: 0.0001992 seconds
2016-08-16T15:34:29.000+0000: 339142.970: [GC (Allocation Failure) 339142.970: [ParNew
Desired survivor size 8716288 bytes, new threshold 6 (max 6)
- age   1:     601440 bytes,     601440 total
- age   2:      24816 bytes,     626256 total
- age   3:      12824 bytes,     639080 total
- age   4:       7440 bytes,     646520 total
- age   5:       8504 bytes,     655024 total
- age   6:       3912 bytes,     658936 total
: 136978K->724K(153344K), 0.0100803 secs] 326284K->190045K(1031552K), 0.0102080 secs] [Times: user=0.01 sys=0.01, real=0.02 secs] 
2016-08-16T15:34:29.010+0000: 339142.981: Total time for which application threads were stopped: 0.0109601 seconds, Stopping threads took: 0.0000716 seconds
2016-08-16T15:34:38.866+0000: 339152.837: [GC (Allocation Failure) 339152.837: [ParNew
Desired survivor size 8716288 bytes, new threshold 6 (max 6)
- age   1:     549304 bytes,     549304 total
- age   2:      44008 bytes,     593312 total
- age   3:       3888 bytes,     597200 total
- age   4:      12728 bytes,     609928 total
- age   5:       7304 bytes,     617232 total
- age   6:       8440 bytes,     625672 total
: 137044K->674K(153344K), 0.0074946 secs] 326365K->189998K(1031552K), 0.0075963 secs] [Times: user=0.01 sys=0.00, real=0.01 secs] 
2016-08-16T15:34:38.874+0000: 339152.844: Total time for which application threads were stopped: 0.0082934 seconds, Stopping threads took: 0.0001044 seconds
2016-08-16T15:34:49.171+0000: 339163.141: [GC (Allocation Failure) 339163.141: [ParNew
Desired survivor size 8716288 bytes, new threshold 6 (max 6)
- age   1:     928712 bytes,     928712 total
- age   2:      31448 bytes,     960160 total
- age   3:      23936 bytes,     984096 total
- age   4:       3792 bytes,     987888 total
- age   5:      12728 bytes,    1000616 total
- age   6:       7016 bytes,    1007632 total
: 136994K->1068K(153344K), 0.0092065 secs] 326318K->190401K(1031552K), 0.0093262 secs] [Times: user=0.01 sys=0.00, real=0.01 secs] 
2016-08-16T15:34:49.181+0000: 339163.151: Total time for which application threads were stopped: 0.0101191 seconds, Stopping threads took: 0.0000965 seconds
2016-08-16T15:34:58.940+0000: 339172.911: [GC (Allocation Failure) 339172.911: [ParNew
Desired survivor size 8716288 bytes, new threshold 6 (max 6)
- age   1:     530688 bytes,     530688 total
- age   2:      36936 bytes,     567624 total
- age   3:       6040 bytes,     573664 total
- age   4:      21048 bytes,     594712 total
- age   5:       3728 bytes,     598440 total
- age   6:      12728 bytes,     611168 total
: 137388K->697K(153344K), 0.0087106 secs] 326721K->190036K(1031552K), 0.0088221 secs] [Times: user=0.01 sys=0.00, real=0.01 secs] 
2016-08-16T15:34:58.949+0000: 339172.920: Total time for which application threads were stopped: 0.0095657 seconds, Stopping threads took: 0.0000792 seconds
2016-08-16T15:35:08.901+0000: 339182.871: [GC (Allocation Failure) 339182.871: [ParNew
Desired survivor size 8716288 bytes, new threshold 6 (max 6)
- age   1:     482448 bytes,     482448 total
- age   2:      35720 bytes,     518168 total
- age   3:      14912 bytes,     533080 total
- age   4:       4552 bytes,     537632 total
- age   5:      20904 bytes,     558536 total
- age   6:       3664 bytes,     562200 total
: 137017K->560K(153344K), 0.0094977 secs] 326356K->189912K(1031552K), 0.0096602 secs] [Times: user=0.02 sys=0.00, real=0.01 secs] 
2016-08-16T15:35:08.911+0000: 339182.881: Total time for which application threads were stopped: 0.0107257 seconds, Stopping threads took: 0.0001163 seconds
2016-08-16T15:35:10.466+0000: 339184.436: [GC (Allocation Failure) 339184.436: [ParNew
Desired survivor size 8716288 bytes, new threshold 6 (max 6)
- age   1:     225608 bytes,     225608 total
- age   2:      30296 bytes,     255904 total
- age   3:      16440 bytes,     272344 total
- age   4:      14752 bytes,     287096 total
- age   5:       4552 bytes,     291648 total
- age   6:      20832 bytes,     312480 total
: 136880K->449K(153344K), 0.0126653 secs] 326232K->189805K(1031552K), 0.0128127 secs] [Times: user=0.02 sys=0.00, real=0.01 secs] 
2016-08-16T15:35:10.479+0000: 339184.449: Total time for which application threads were stopped: 0.0141367 seconds, Stopping threads took: 0.0001661 seconds
2016-08-16T15:35:18.839+0000: 339192.809: [GC (Allocation Failure) 339192.809: [ParNew
Desired survivor size 8716288 bytes, new threshold 6 (max 6)
- age   1:     346256 bytes,     346256 total
- age   2:       9864 bytes,     356120 total
- age   3:      10672 bytes,     366792 total
- age   4:       9952 bytes,     376744 total
- age   5:      14696 bytes,     391440 total
- age   6:       4552 bytes,     395992 total
: 136769K->441K(153344K), 0.0075848 secs] 326125K->189818K(1031552K), 0.0077009 secs] [Times: user=0.01 sys=0.00, real=0.01 secs] 
2016-08-16T15:35:18.847+0000: 339192.817: Total time for which application threads were stopped: 0.0084456 seconds, Stopping threads took: 0.0001175 seconds
2016-08-16T15:35:23.484+0000: 339197.454: Total time for which application threads were stopped: 0.0009054 seconds, Stopping threads took: 0.0001422 seconds
2016-08-16T15:35:28.958+0000: 339202.928: [GC (Allocation Failure) 339202.928: [ParNew
Desired survivor size 8716288 bytes, new threshold 6 (max 6)
- age   1:     656048 bytes,     656048 total
- age   2:      21704 bytes,     677752 total
- age   3:       5272 bytes,     683024 total
- age   4:       9648 bytes,     692672 total
- age   5:       7216 bytes,     699888 total
- age   6:      13408 bytes,     713296 total
: 136761K->796K(153344K), 0.0082453 secs] 326138K->190176K(1031552K), 0.0083576 secs] [Times: user=0.01 sys=0.00, real=0.01 secs] 
2016-08-16T15:35:28.967+0000: 339202.937: Total time for which application threads were stopped: 0.0090905 seconds, Stopping threads took: 0.0000727 seconds
2016-08-16T15:35:39.050+0000: 339213.021: [GC (Allocation Failure) 339213.021: [ParNew
Desired survivor size 8716288 bytes, new threshold 6 (max 6)
- age   1:     620712 bytes,     620712 total
- age   2:      44800 bytes,     665512 total
- age   3:       1848 bytes,     667360 total
- age   4:       4328 bytes,     671688 total
- age   5:       9360 bytes,     681048 total
- age   6:       7144 bytes,     688192 total
: 137116K->820K(153344K), 0.0074793 secs] 326496K->190214K(1031552K), 0.0075820 secs] [Times: user=0.02 sys=0.00, real=0.00 secs] 
2016-08-16T15:35:39.058+0000: 339213.028: Total time for which application threads were stopped: 0.0082765 seconds, Stopping threads took: 0.0000832 seconds
2016-08-16T15:35:48.955+0000: 339222.925: [GC (Allocation Failure) 339222.925: [ParNew
Desired survivor size 8716288 bytes, new threshold 6 (max 6)
- age   1:     848320 bytes,     848320 total
- age   2:      33328 bytes,     881648 total
- age   3:      24800 bytes,     906448 total
- age   4:       1752 bytes,     908200 total
- age   5:       4192 bytes,     912392 total
- age   6:       9232 bytes,     921624 total
: 137140K->944K(153344K), 0.0121477 secs] 326534K->190344K(1031552K), 0.0122996 secs] [Times: user=0.03 sys=0.00, real=0.01 secs] 
2016-08-16T15:35:48.967+0000: 339222.938: Total time for which application threads were stopped: 0.0131362 seconds, Stopping threads took: 0.0000960 seconds
2016-08-16T15:35:59.013+0000: 339232.983: [GC (Allocation Failure) 339232.983: [ParNew
Desired survivor size 8716288 bytes, new threshold 6 (max 6)
- age   1:     572776 bytes,     572776 total
- age   2:      31408 bytes,     604184 total
- age   3:       7816 bytes,     612000 total
- age   4:      22024 bytes,     634024 total
- age   5:       1752 bytes,     635776 total
- age   6:       4192 bytes,     639968 total
: 137264K->683K(153344K), 0.0077874 secs] 326664K->190093K(1031552K), 0.0078940 secs] [Times: user=0.01 sys=0.00, real=0.01 secs] 
2016-08-16T15:35:59.021+0000: 339232.991: Total time for which application threads were stopped: 0.0086224 seconds, Stopping threads took: 0.0000711 seconds
2016-08-16T15:36:09.015+0000: 339242.985: [GC (Allocation Failure) 339242.985: [ParNew
Desired survivor size 8716288 bytes, new threshold 6 (max 6)
- age   1:     510384 bytes,     510384 total
- age   2:      37200 bytes,     547584 total
- age   3:      12048 bytes,     559632 total
- age   4:       7296 bytes,     566928 total
- age   5:      21880 bytes,     588808 total
- age   6:       1608 bytes,     590416 total
: 137003K->587K(153344K), 0.0069838 secs] 326413K->190001K(1031552K), 0.0070856 secs] [Times: user=0.01 sys=0.00, real=0.01 secs] 
2016-08-16T15:36:09.022+0000: 339242.992: Total time for which application threads were stopped: 0.0077646 seconds, Stopping threads took: 0.0000904 seconds
2016-08-16T15:36:19.019+0000: 339252.989: [GC (Allocation Failure) 339252.990: [ParNew
Desired survivor size 8716288 bytes, new threshold 6 (max 6)
- age   1:     566056 bytes,     566056 total
- age   2:      23992 bytes,     590048 total
- age   3:       9888 bytes,     599936 total
- age   4:       9104 bytes,     609040 total
- age   5:       5448 bytes,     614488 total
- age   6:      21744 bytes,     636232 total
: 136907K->752K(153344K), 0.0069808 secs] 326321K->190167K(1031552K), 0.0070837 secs] [Times: user=0.01 sys=0.00, real=0.01 secs] 
2016-08-16T15:36:19.026+0000: 339252.997: Total time for which application threads were stopped: 0.0077544 seconds, Stopping threads took: 0.0000781 seconds
2016-08-16T15:36:23.494+0000: 339257.464: Total time for which application threads were stopped: 0.0008805 seconds, Stopping threads took: 0.0001529 seconds
2016-08-16T15:36:29.039+0000: 339263.009: [GC (Allocation Failure) 339263.009: [ParNew
Desired survivor size 8716288 bytes, new threshold 6 (max 6)
- age   1:     641368 bytes,     641368 total
- age   2:      25664 bytes,     667032 total
- age   3:       4456 bytes,     671488 total
- age   4:       6232 bytes,     677720 total
- age   5:       8024 bytes,     685744 total
- age   6:       4728 bytes,     690472 total
: 137072K->711K(153344K), 0.0072026 secs] 326487K->190140K(1031552K), 0.0073054 secs] [Times: user=0.01 sys=0.00, real=0.01 secs] 
2016-08-16T15:36:29.046+0000: 339263.016: Total time for which application threads were stopped: 0.0079912 seconds, Stopping threads took: 0.0000799 seconds
2016-08-16T15:36:39.035+0000: 339273.005: [GC (Allocation Failure) 339273.005: [ParNew
Desired survivor size 8716288 bytes, new threshold 6 (max 6)
- age   1:     523912 bytes,     523912 total
- age   2:      47008 bytes,     570920 total
- age   3:       6624 bytes,     577544 total
- age   4:       4248 bytes,     581792 total
- age   5:       6096 bytes,     587888 total
- age   6:       8024 bytes,     595912 total
: 137031K->728K(153344K), 0.0071283 secs] 326460K->190161K(1031552K), 0.0072385 secs] [Times: user=0.01 sys=0.00, real=0.01 secs] 
2016-08-16T15:36:39.042+0000: 339273.012: Total time for which application threads were stopped: 0.0080569 seconds, Stopping threads took: 0.0001609 seconds
2016-08-16T15:36:48.840+0000: 339282.811: [GC (Allocation Failure) 339282.811: [ParNew
Desired survivor size 8716288 bytes, new threshold 6 (max 6)
- age   1:     909832 bytes,     909832 total
- age   2:      29400 bytes,     939232 total
- age   3:      25184 bytes,     964416 total
- age   4:       3648 bytes,     968064 total
- age   5:       4248 bytes,     972312 total
- age   6:       5672 bytes,     977984 total
: 137048K->994K(153344K), 0.0074739 secs] 326481K->190432K(1031552K), 0.0075737 secs] [Times: user=0.01 sys=0.00, real=0.00 secs] 
2016-08-16T15:36:48.848+0000: 339282.818: Total time for which application threads were stopped: 0.0082678 seconds, Stopping threads took: 0.0000794 seconds
2016-08-16T15:36:59.054+0000: 339293.025: [GC (Allocation Failure) 339293.025: [ParNew
Desired survivor size 8716288 bytes, new threshold 6 (max 6)
- age   1:     623944 bytes,     623944 total
- age   2:      33840 bytes,     657784 total
- age   3:       4040 bytes,     661824 total
- age   4:      22256 bytes,     684080 total
- age   5:       3520 bytes,     687600 total
- age   6:       4184 bytes,     691784 total
: 137314K->720K(153344K), 0.0154898 secs] 326752K->190165K(1031552K), 0.0156824 secs] [Times: user=0.04 sys=0.00, real=0.02 secs] 
2016-08-16T15:36:59.070+0000: 339293.040: Total time for which application threads were stopped: 0.0173026 seconds, Stopping threads took: 0.0001744 seconds
2016-08-16T15:37:05.474+0000: 339299.445: [GC (Allocation Failure) 339299.445: [ParNew
Desired survivor size 8716288 bytes, new threshold 6 (max 6)
- age   1:     329632 bytes,     329632 total
- age   2:      38056 bytes,     367688 total
- age   3:      14608 bytes,     382296 total
- age   4:       4040 bytes,     386336 total
- age   5:      22184 bytes,     408520 total
- age   6:       3520 bytes,     412040 total
: 137040K->463K(153344K), 0.0104596 secs] 326485K->189912K(1031552K), 0.0106699 secs] [Times: user=0.02 sys=0.00, real=0.01 secs] 
2016-08-16T15:37:05.485+0000: 339299.455: Total time for which application threads were stopped: 0.0123210 seconds, Stopping threads took: 0.0002442 seconds
2016-08-16T15:37:09.079+0000: 339303.049: [GC (Allocation Failure) 339303.049: [ParNew
Desired survivor size 8716288 bytes, new threshold 6 (max 6)
- age   1:     233056 bytes,     233056 total
- age   2:       9752 bytes,     242808 total
- age   3:      19072 bytes,     261880 total
- age   4:      14472 bytes,     276352 total
- age   5:       4040 bytes,     280392 total
- age   6:      22112 bytes,     302504 total
: 136783K->368K(153344K), 0.0066984 secs] 326232K->189820K(1031552K), 0.0067915 secs] [Times: user=0.01 sys=0.00, real=0.01 secs] 
2016-08-16T15:37:09.086+0000: 339303.056: Total time for which application threads were stopped: 0.0074613 seconds, Stopping threads took: 0.0000748 seconds
2016-08-16T15:37:19.097+0000: 339313.067: [GC (Allocation Failure) 339313.067: [ParNew
Desired survivor size 8716288 bytes, new threshold 6 (max 6)
- age   1:     495712 bytes,     495712 total
- age   2:      22904 bytes,     518616 total
- age   3:       4208 bytes,     522824 total
- age   4:      10792 bytes,     533616 total
- age   5:       9912 bytes,     543528 total
- age   6:       4040 bytes,     547568 total
: 136688K->629K(153344K), 0.0085746 secs] 326140K->190102K(1031552K), 0.0086806 secs] [Times: user=0.02 sys=0.00, real=0.01 secs] 
2016-08-16T15:37:19.106+0000: 339313.076: Total time for which application threads were stopped: 0.0094095 seconds, Stopping threads took: 0.0001301 seconds
2016-08-16T15:37:23.495+0000: 339317.466: Total time for which application threads were stopped: 0.0012063 seconds, Stopping threads took: 0.0001931 seconds
2016-08-16T15:37:29.104+0000: 339323.074: [GC (Allocation Failure) 339323.074: [ParNew
Desired survivor size 8716288 bytes, new threshold 6 (max 6)
- age   1:     592360 bytes,     592360 total
- age   2:      27616 bytes,     619976 total
- age   3:       5360 bytes,     625336 total
- age   4:       3624 bytes,     628960 total
- age   5:       8072 bytes,     637032 total
- age   6:       9312 bytes,     646344 total
: 136949K->694K(153344K), 0.0072351 secs] 326422K->190171K(1031552K), 0.0073344 secs] [Times: user=0.01 sys=0.00, real=0.01 secs] 
2016-08-16T15:37:29.111+0000: 339323.081: Total time for which application threads were stopped: 0.0080185 seconds, Stopping threads took: 0.0000797 seconds
2016-08-16T15:37:39.104+0000: 339333.074: [GC (Allocation Failure) 339333.074: [ParNew
Desired survivor size 8716288 bytes, new threshold 6 (max 6)
- age   1:     514208 bytes,     514208 total
- age   2:      46208 bytes,     560416 total
- age   3:       8552 bytes,     568968 total
- age   4:       5360 bytes,     574328 total
- age   5:       3624 bytes,     577952 total
- age   6:       7672 bytes,     585624 total
: 137014K->633K(153344K), 0.0072526 secs] 326491K->190119K(1031552K), 0.0073653 secs] [Times: user=0.01 sys=0.00, real=0.01 secs] 
2016-08-16T15:37:39.112+0000: 339333.082: Total time for which application threads were stopped: 0.0080722 seconds, Stopping threads took: 0.0000793 seconds
2016-08-16T15:37:48.817+0000: 339342.788: [GC (Allocation Failure) 339342.788: [ParNew
Desired survivor size 8716288 bytes, new threshold 6 (max 6)
- age   1:     907416 bytes,     907416 total
- age   2:      29456 bytes,     936872 total
- age   3:      24344 bytes,     961216 total
- age   4:       6376 bytes,     967592 total
- age   5:       5360 bytes,     972952 total
- age   6:       3624 bytes,     976576 total
: 136953K->1047K(153344K), 0.0078822 secs] 326439K->190540K(1031552K), 0.0080050 secs] [Times: user=0.01 sys=0.00, real=0.01 secs] 
2016-08-16T15:37:48.826+0000: 339342.796: Total time for which application threads were stopped: 0.0086968 seconds, Stopping threads took: 0.0000711 seconds
2016-08-16T15:37:59.093+0000: 339353.063: [GC (Allocation Failure) 339353.063: [ParNew
Desired survivor size 8716288 bytes, new threshold 6 (max 6)
- age   1:     659288 bytes,     659288 total
- age   2:      34440 bytes,     693728 total
- age   3:       3920 bytes,     697648 total
- age   4:      21320 bytes,     718968 total
- age   5:       6312 bytes,     725280 total
- age   6:       5144 bytes,     730424 total
: 137367K->795K(153344K), 0.0079639 secs] 326860K->190292K(1031552K), 0.0080663 secs] [Times: user=0.02 sys=0.00, real=0.01 secs] 
2016-08-16T15:37:59.101+0000: 339353.071: Total time for which application threads were stopped: 0.0087657 seconds, Stopping threads took: 0.0000671 seconds
2016-08-16T15:38:08.863+0000: 339362.833: [GC (Allocation Failure) 339362.833: [ParNew
Desired survivor size 8716288 bytes, new threshold 6 (max 6)
- age   1:     432680 bytes,     432680 total
- age   2:      41328 bytes,     474008 total
- age   3:      15232 bytes,     489240 total
- age   4:       3920 bytes,     493160 total
- age   5:      21248 bytes,     514408 total
- age   6:       6312 bytes,     520720 total
: 137115K->586K(153344K), 0.0083620 secs] 326612K->190088K(1031552K), 0.0085100 secs] [Times: user=0.01 sys=0.00, real=0.01 secs] 
2016-08-16T15:38:08.872+0000: 339362.842: Total time for which application threads were stopped: 0.0093899 seconds, Stopping threads took: 0.0000931 seconds
2016-08-16T15:38:19.101+0000: 339373.071: [GC (Allocation Failure) 339373.071: [ParNew
Desired survivor size 8716288 bytes, new threshold 6 (max 6)
- age   1:     618552 bytes,     618552 total
- age   2:      23616 bytes,     642168 total
- age   3:      14104 bytes,     656272 total
- age   4:      10544 bytes,     666816 total
- age   5:       3720 bytes,     670536 total
- age   6:      21184 bytes,     691720 total
: 136906K->764K(153344K), 0.0078440 secs] 326408K->190272K(1031552K), 0.0079600 secs] [Times: user=0.02 sys=0.00, real=0.01 secs] 
2016-08-16T15:38:19.109+0000: 339373.079: Total time for which application threads were stopped: 0.0086728 seconds, Stopping threads took: 0.0000835 seconds
2016-08-16T15:38:23.489+0000: 339377.459: Total time for which application threads were stopped: 0.0015500 seconds, Stopping threads took: 0.0001799 seconds
2016-08-16T15:38:29.240+0000: 339383.210: [GC (Allocation Failure) 339383.210: [ParNew
Desired survivor size 8716288 bytes, new threshold 6 (max 6)
- age   1:     652000 bytes,     652000 total
- age   2:      29312 bytes,     681312 total
- age   3:       4224 bytes,     685536 total
- age   4:      10808 bytes,     696344 total
- age   5:       9752 bytes,     706096 total
- age   6:       2912 bytes,     709008 total
: 137084K->760K(153344K), 0.0081847 secs] 326592K->190281K(1031552K), 0.0082928 secs] [Times: user=0.02 sys=0.00, real=0.01 secs] 
2016-08-16T15:38:29.248+0000: 339383.218: Total time for which application threads were stopped: 0.0089981 seconds, Stopping threads took: 0.0000723 seconds
2016-08-16T15:38:39.139+0000: 339393.109: [GC (Allocation Failure) 339393.109: [ParNew
Desired survivor size 8716288 bytes, new threshold 6 (max 6)
- age   1:     502384 bytes,     502384 total
- age   2:      52992 bytes,     555376 total
- age   3:       9960 bytes,     565336 total
- age   4:       4160 bytes,     569496 total
- age   5:      10736 bytes,     580232 total
- age   6:       9688 bytes,     589920 total
: 137080K->674K(153344K), 0.0075676 secs] 326601K->190199K(1031552K), 0.0076861 secs] [Times: user=0.01 sys=0.00, real=0.01 secs] 
2016-08-16T15:38:39.147+0000: 339393.117: Total time for which application threads were stopped: 0.0083894 seconds, Stopping threads took: 0.0000840 seconds
2016-08-16T15:38:49.141+0000: 339403.111: [GC (Allocation Failure) 339403.111: [ParNew
Desired survivor size 8716288 bytes, new threshold 6 (max 6)
- age   1:     904744 bytes,     904744 total
- age   2:      29792 bytes,     934536 total
- age   3:      31552 bytes,     966088 total
- age   4:       8576 bytes,     974664 total
- age   5:       4072 bytes,     978736 total
- age   6:      10320 bytes,     989056 total
: 136994K->1074K(153344K), 0.0081520 secs] 326519K->190607K(1031552K), 0.0082779 secs] [Times: user=0.01 sys=0.00, real=0.01 secs] 
2016-08-16T15:38:49.149+0000: 339403.120: Total time for which application threads were stopped: 0.0090368 seconds, Stopping threads took: 0.0000902 seconds
2016-08-16T15:38:59.137+0000: 339413.107: [GC (Allocation Failure) 339413.107: [ParNew
Desired survivor size 8716288 bytes, new threshold 6 (max 6)
- age   1:     566440 bytes,     566440 total
- age   2:      34488 bytes,     600928 total
- age   3:       4288 bytes,     605216 total
- age   4:      28576 bytes,     633792 total
- age   5:       8512 bytes,     642304 total
- age   6:       4072 bytes,     646376 total
: 137394K->711K(153344K), 0.0074254 secs] 326927K->190255K(1031552K), 0.0075205 secs] [Times: user=0.01 sys=0.00, real=0.01 secs] 
2016-08-16T15:38:59.145+0000: 339413.115: Total time for which application threads were stopped: 0.0082442 seconds, Stopping threads took: 0.0000752 seconds
2016-08-16T15:39:04.100+0000: 339418.071: [GC (Allocation Failure) 339418.071: [ParNew
Desired survivor size 8716288 bytes, new threshold 6 (max 6)
- age   1:     276240 bytes,     276240 total
- age   2:      45576 bytes,     321816 total
- age   3:      15384 bytes,     337200 total
- age   4:       4288 bytes,     341488 total
- age   5:      28504 bytes,     369992 total
- age   6:       8384 bytes,     378376 total
: 137031K->439K(153344K), 0.0096300 secs] 326575K->189987K(1031552K), 0.0098917 secs] [Times: user=0.02 sys=0.00, real=0.01 secs] 
2016-08-16T15:39:04.110+0000: 339418.081: Total time for which application threads were stopped: 0.0115804 seconds, Stopping threads took: 0.0002388 seconds
2016-08-16T15:39:09.040+0000: 339423.010: [GC (Allocation Failure) 339423.010: [ParNew
Desired survivor size 8716288 bytes, new threshold 6 (max 6)
- age   1:     220816 bytes,     220816 total
- age   2:       6320 bytes,     227136 total
- age   3:      19848 bytes,     246984 total
- age   4:      15320 bytes,     262304 total
- age   5:       4288 bytes,     266592 total
- age   6:      28504 bytes,     295096 total
: 136759K->351K(153344K), 0.0073226 secs] 326307K->189907K(1031552K), 0.0074110 secs] [Times: user=0.02 sys=0.00, real=0.01 secs] 
2016-08-16T15:39:09.047+0000: 339423.018: Total time for which application threads were stopped: 0.0079978 seconds, Stopping threads took: 0.0000700 seconds
2016-08-16T15:39:19.092+0000: 339433.063: [GC (Allocation Failure) 339433.063: [ParNew
Desired survivor size 8716288 bytes, new threshold 6 (max 6)
- age   1:     514472 bytes,     514472 total
- age   2:      19224 bytes,     533696 total
- age   3:       3544 bytes,     537240 total
- age   4:      10184 bytes,     547424 total
- age   5:      10760 bytes,     558184 total
- age   6:       4288 bytes,     562472 total
: 136671K->606K(153344K), 0.0072863 secs] 326227K->190190K(1031552K), 0.0074133 secs] [Times: user=0.01 sys=0.00, real=0.00 secs] 
2016-08-16T15:39:19.100+0000: 339433.070: Total time for which application threads were stopped: 0.0081573 seconds, Stopping threads took: 0.0000847 seconds
2016-08-16T15:39:23.484+0000: 339437.454: Total time for which application threads were stopped: 0.0006104 seconds, Stopping threads took: 0.0001082 seconds
2016-08-16T15:39:28.574+0000: 339442.545: [GC (Allocation Failure) 339442.545: [ParNew
Desired survivor size 8716288 bytes, new threshold 6 (max 6)
- age   1:     579968 bytes,     579968 total
- age   2:      25792 bytes,     605760 total
- age   3:       1920 bytes,     607680 total
- age   4:       3232 bytes,     610912 total
- age   5:       6368 bytes,     617280 total
- age   6:      10024 bytes,     627304 total
: 136926K->683K(153344K), 0.0115565 secs] 326510K->190271K(1031552K), 0.0117445 secs] [Times: user=0.02 sys=0.00, real=0.01 secs] 
2016-08-16T15:39:28.586+0000: 339442.556: Total time for which application threads were stopped: 0.0126983 seconds, Stopping threads took: 0.0001115 seconds
2016-08-16T15:39:39.094+0000: 339453.065: [GC (Allocation Failure) 339453.065: [ParNew
Desired survivor size 8716288 bytes, new threshold 6 (max 6)
- age   1:     501032 bytes,     501032 total
- age   2:      44000 bytes,     545032 total
- age   3:       5520 bytes,     550552 total
- age   4:       1920 bytes,     552472 total
- age   5:       3232 bytes,     555704 total
- age   6:       6296 bytes,     562000 total
: 137003K->642K(153344K), 0.0097404 secs] 326591K->190240K(1031552K), 0.0098878 secs] [Times: user=0.01 sys=0.00, real=0.01 secs] 
2016-08-16T15:39:39.104+0000: 339453.075: Total time for which application threads were stopped: 0.0106314 seconds, Stopping threads took: 0.0000883 seconds
2016-08-16T15:39:41.267+0000: 339455.238: Total time for which application threads were stopped: 0.0005913 seconds, Stopping threads took: 0.0001147 seconds
2016-08-16T15:39:48.831+0000: 339462.801: [GC (Allocation Failure) 339462.801: [ParNew
Desired survivor size 8716288 bytes, new threshold 6 (max 6)
- age   1:    1010392 bytes,    1010392 total
- age   2:      30288 bytes,    1040680 total
- age   3:      22664 bytes,    1063344 total
- age   4:       3072 bytes,    1066416 total
- age   5:       1712 bytes,    1068128 total
- age   6:       3024 bytes,    1071152 total
: 136962K->1099K(153344K), 0.0079423 secs] 326560K->190703K(1031552K), 0.0080535 secs] [Times: user=0.01 sys=0.00, real=0.00 secs] 
2016-08-16T15:39:48.839+0000: 339462.809: Total time for which application threads were stopped: 0.0087319 seconds, Stopping threads took: 0.0000815 seconds
2016-08-16T15:39:59.125+0000: 339473.096: [GC (Allocation Failure) 339473.096: [ParNew
Desired survivor size 8716288 bytes, new threshold 6 (max 6)
- age   1:     568528 bytes,     568528 total
- age   2:      48824 bytes,     617352 total
- age   3:       4664 bytes,     622016 total
- age   4:      20008 bytes,     642024 total
- age   5:       3072 bytes,     645096 total
- age   6:       1712 bytes,     646808 total
: 137419K->712K(153344K), 0.0073213 secs] 327023K->190319K(1031552K), 0.0074216 secs] [Times: user=0.02 sys=0.00, real=0.01 secs] 
2016-08-16T15:39:59.133+0000: 339473.103: Total time for which application threads were stopped: 0.0080893 seconds, Stopping threads took: 0.0000740 seconds
2016-08-16T15:40:09.162+0000: 339483.132: [GC (Allocation Failure) 339483.132: [ParNew
Desired survivor size 8716288 bytes, new threshold 6 (max 6)
- age   1:     472720 bytes,     472720 total
- age   2:      42360 bytes,     515080 total
- age   3:      29496 bytes,     544576 total
- age   4:       4664 bytes,     549240 total
- age   5:      19792 bytes,     569032 total
- age   6:       3072 bytes,     572104 total
: 137032K->699K(153344K), 0.0072502 secs] 326639K->190307K(1031552K), 0.0073442 secs] [Times: user=0.01 sys=0.00, real=0.01 secs] 
2016-08-16T15:40:09.170+0000: 339483.140: Total time for which application threads were stopped: 0.0080107 seconds, Stopping threads took: 0.0000811 seconds
2016-08-16T15:40:19.233+0000: 339493.204: [GC (Allocation Failure) 339493.204: [ParNew
Desired survivor size 8716288 bytes, new threshold 6 (max 6)
- age   1:     601824 bytes,     601824 total
- age   2:      25008 bytes,     626832 total
- age   3:      15568 bytes,     642400 total
- age   4:      26408 bytes,     668808 total
- age   5:       4600 bytes,     673408 total
- age   6:      19696 bytes,     693104 total
: 137019K->703K(153344K), 0.0092734 secs] 326627K->190315K(1031552K), 0.0094096 secs] [Times: user=0.02 sys=0.00, real=0.01 secs] 
2016-08-16T15:40:19.243+0000: 339493.213: Total time for which application threads were stopped: 0.0103120 seconds, Stopping threads took: 0.0000985 seconds
2016-08-16T15:40:23.484+0000: 339497.455: Total time for which application threads were stopped: 0.0007686 seconds, Stopping threads took: 0.0001734 seconds
2016-08-16T15:40:29.082+0000: 339503.052: [GC (Allocation Failure) 339503.052: [ParNew
Desired survivor size 8716288 bytes, new threshold 6 (max 6)
- age   1:     604992 bytes,     604992 total
- age   2:      25880 bytes,     630872 total
- age   3:       5584 bytes,     636456 total
- age   4:      12976 bytes,     649432 total
- age   5:      23528 bytes,     672960 total
- age   6:       3376 bytes,     676336 total
: 137023K->739K(153344K), 0.0080153 secs] 326635K->190364K(1031552K), 0.0081329 secs] [Times: user=0.01 sys=0.00, real=0.01 secs] 
2016-08-16T15:40:29.090+0000: 339503.061: Total time for which application threads were stopped: 0.0088103 seconds, Stopping threads took: 0.0000793 seconds
2016-08-16T15:40:39.106+0000: 339513.076: [GC (Allocation Failure) 339513.076: [ParNew
Desired survivor size 8716288 bytes, new threshold 6 (max 6)
- age   1:     541832 bytes,     541832 total
- age   2:      46344 bytes,     588176 total
- age   3:       6528 bytes,     594704 total
- age   4:       5520 bytes,     600224 total
- age   5:      12904 bytes,     613128 total
- age   6:      23464 bytes,     636592 total
: 137059K->717K(153344K), 0.0069983 secs] 326684K->190346K(1031552K), 0.0071010 secs] [Times: user=0.01 sys=0.00, real=0.01 secs] 
2016-08-16T15:40:39.113+0000: 339513.083: Total time for which application threads were stopped: 0.0077907 seconds, Stopping threads took: 0.0000801 seconds
2016-08-16T15:40:39.375+0000: 339513.345: Total time for which application threads were stopped: 0.0019788 seconds, Stopping threads took: 0.0000781 seconds
2016-08-16T15:40:49.213+0000: 339523.183: [GC (Allocation Failure) 339523.183: [ParNew
Desired survivor size 8716288 bytes, new threshold 6 (max 6)
- age   1:    1020064 bytes,    1020064 total
- age   2:      29648 bytes,    1049712 total
- age   3:      25376 bytes,    1075088 total
- age   4:       3936 bytes,    1079024 total
- age   5:       5384 bytes,    1084408 total
- age   6:      12488 bytes,    1096896 total
: 137037K->1169K(153344K), 0.0085459 secs] 326666K->190820K(1031552K), 0.0086654 secs] [Times: user=0.02 sys=0.00, real=0.01 secs] 
2016-08-16T15:40:49.222+0000: 339523.192: Total time for which application threads were stopped: 0.0093945 seconds, Stopping threads took: 0.0000907 seconds
2016-08-16T15:40:58.227+0000: 339532.198: [GC (Allocation Failure) 339532.198: [ParNew
Desired survivor size 8716288 bytes, new threshold 6 (max 6)
- age   1:     483552 bytes,     483552 total
- age   2:      34816 bytes,     518368 total
- age   3:       4120 bytes,     522488 total
- age   4:      22456 bytes,     544944 total
- age   5:       3936 bytes,     548880 total
- age   6:       5384 bytes,     554264 total
: 137489K->610K(153344K), 0.0092214 secs] 327140K->190274K(1031552K), 0.0094153 secs] [Times: user=0.02 sys=0.00, real=0.01 secs] 
2016-08-16T15:40:58.237+0000: 339532.207: Total time for which application threads were stopped: 0.0109423 seconds, Stopping threads took: 0.0001995 seconds
2016-08-16T15:40:59.139+0000: 339533.109: [GC (Allocation Failure) 339533.109: [ParNew
Desired survivor size 8716288 bytes, new threshold 6 (max 6)
- age   1:     218088 bytes,     218088 total
- age   2:      26936 bytes,     245024 total
- age   3:      15832 bytes,     260856 total
- age   4:       4120 bytes,     264976 total
- age   5:      22320 bytes,     287296 total
- age   6:       3936 bytes,     291232 total
: 136930K->351K(153344K), 0.0061714 secs] 326594K->190020K(1031552K), 0.0062631 secs] [Times: user=0.01 sys=0.00, real=0.01 secs] 
2016-08-16T15:40:59.146+0000: 339533.116: Total time for which application threads were stopped: 0.0069247 seconds, Stopping threads took: 0.0000903 seconds
2016-08-16T15:41:09.094+0000: 339543.064: [GC (Allocation Failure) 339543.064: [ParNew
Desired survivor size 8716288 bytes, new threshold 6 (max 6)
- age   1:     379232 bytes,     379232 total
- age   2:      20000 bytes,     399232 total
- age   3:      16456 bytes,     415688 total
- age   4:      15672 bytes,     431360 total
- age   5:       4048 bytes,     435408 total
- age   6:      22320 bytes,     457728 total
: 136671K->494K(153344K), 0.0067563 secs] 326340K->190167K(1031552K), 0.0068657 secs] [Times: user=0.01 sys=0.00, real=0.01 secs] 
2016-08-16T15:41:09.101+0000: 339543.071: Total time for which application threads were stopped: 0.0075315 seconds, Stopping threads took: 0.0000782 seconds
2016-08-16T15:41:19.156+0000: 339553.127: [GC (Allocation Failure) 339553.127: [ParNew
Desired survivor size 8716288 bytes, new threshold 6 (max 6)
- age   1:     589672 bytes,     589672 total
- age   2:      26248 bytes,     615920 total
- age   3:       3176 bytes,     619096 total
- age   4:       9328 bytes,     628424 total
- age   5:      10552 bytes,     638976 total
- age   6:       4048 bytes,     643024 total
: 136814K->702K(153344K), 0.0075665 secs] 326487K->190397K(1031552K), 0.0076796 secs] [Times: user=0.01 sys=0.00, real=0.01 secs] 
2016-08-16T15:41:19.164+0000: 339553.134: Total time for which application threads were stopped: 0.0084109 seconds, Stopping threads took: 0.0001024 seconds
2016-08-16T15:41:23.498+0000: 339557.468: Total time for which application threads were stopped: 0.0071562 seconds, Stopping threads took: 0.0003385 seconds
2016-08-16T15:41:29.095+0000: 339563.065: [GC (Allocation Failure) 339563.065: [ParNew
Desired survivor size 8716288 bytes, new threshold 6 (max 6)
- age   1:     619216 bytes,     619216 total
- age   2:      26784 bytes,     646000 total
- age   3:       7088 bytes,     653088 total
- age   4:       2568 bytes,     655656 total
- age   5:       7200 bytes,     662856 total
- age   6:       9304 bytes,     672160 total
: 137022K->737K(153344K), 0.0074270 secs] 326717K->190435K(1031552K), 0.0075314 secs] [Times: user=0.02 sys=0.00, real=0.01 secs] 
2016-08-16T15:41:29.102+0000: 339563.072: Total time for which application threads were stopped: 0.0082282 seconds, Stopping threads took: 0.0000805 seconds
2016-08-16T15:41:39.070+0000: 339573.041: [GC (Allocation Failure) 339573.041: [ParNew
Desired survivor size 8716288 bytes, new threshold 6 (max 6)
- age   1:     523424 bytes,     523424 total
- age   2:      46840 bytes,     570264 total
- age   3:       7432 bytes,     577696 total
- age   4:       7088 bytes,     584784 total
- age   5:       2568 bytes,     587352 total
- age   6:       7128 bytes,     594480 total
: 137057K->663K(153344K), 0.0076178 secs] 326755K->190370K(1031552K), 0.0077236 secs] [Times: user=0.02 sys=0.00, real=0.00 secs] 
2016-08-16T15:41:39.078+0000: 339573.048: Total time for which application threads were stopped: 0.0084230 seconds, Stopping threads took: 0.0000824 seconds
2016-08-16T15:41:48.932+0000: 339582.903: [GC (Allocation Failure) 339582.903: [ParNew
Desired survivor size 8716288 bytes, new threshold 6 (max 6)
- age   1:     969632 bytes,     969632 total
- age   2:      29608 bytes,     999240 total
- age   3:      25104 bytes,    1024344 total
- age   4:       5424 bytes,    1029768 total
- age   5:       6896 bytes,    1036664 total
- age   6:       2368 bytes,    1039032 total
: 136983K->1091K(153344K), 0.0077392 secs] 326690K->190805K(1031552K), 0.0078659 secs] [Times: user=0.00 sys=0.00, real=0.01 secs] 
2016-08-16T15:41:48.940+0000: 339582.911: Total time for which application threads were stopped: 0.0085967 seconds, Stopping threads took: 0.0000788 seconds
2016-08-16T15:41:59.078+0000: 339593.048: [GC (Allocation Failure) 339593.048: [ParNew
Desired survivor size 8716288 bytes, new threshold 6 (max 6)
- age   1:     580272 bytes,     580272 total
- age   2:      34232 bytes,     614504 total
- age   3:       4032 bytes,     618536 total
- age   4:      22176 bytes,     640712 total
- age   5:       5360 bytes,     646072 total
- age   6:       6896 bytes,     652968 total
: 137411K->793K(153344K), 0.0076351 secs] 327125K->190510K(1031552K), 0.0077492 secs] [Times: user=0.01 sys=0.00, real=0.01 secs] 
2016-08-16T15:41:59.086+0000: 339593.056: Total time for which application threads were stopped: 0.0084434 seconds, Stopping threads took: 0.0000817 seconds
2016-08-16T15:42:09.110+0000: 339603.080: [GC (Allocation Failure) 339603.080: [ParNew
Desired survivor size 8716288 bytes, new threshold 6 (max 6)
- age   1:     482128 bytes,     482128 total
- age   2:      36504 bytes,     518632 total
- age   3:      14992 bytes,     533624 total
- age   4:       4000 bytes,     537624 total
- age   5:      21960 bytes,     559584 total
- age   6:       5360 bytes,     564944 total
: 137113K->609K(153344K), 0.0071127 secs] 326830K->190332K(1031552K), 0.0072153 secs] [Times: user=0.01 sys=0.00, real=0.00 secs] 
2016-08-16T15:42:09.117+0000: 339603.087: Total time for which application threads were stopped: 0.0078914 seconds, Stopping threads took: 0.0000822 seconds
2016-08-16T15:42:18.786+0000: 339612.756: [GC (Allocation Failure) 339612.756: [ParNew
Desired survivor size 8716288 bytes, new threshold 6 (max 6)
- age   1:     574136 bytes,     574136 total
- age   2:      23192 bytes,     597328 total
- age   3:       9784 bytes,     607112 total
- age   4:      10344 bytes,     617456 total
- age   5:       3936 bytes,     621392 total
- age   6:      21960 bytes,     643352 total
: 136929K->704K(153344K), 0.0078879 secs] 326652K->190433K(1031552K), 0.0080134 secs] [Times: user=0.01 sys=0.00, real=0.01 secs] 
2016-08-16T15:42:18.794+0000: 339612.765: Total time for which application threads were stopped: 0.0087801 seconds, Stopping threads took: 0.0001062 seconds
2016-08-16T15:42:23.489+0000: 339617.459: Total time for which application threads were stopped: 0.0010327 seconds, Stopping threads took: 0.0001978 seconds
2016-08-16T15:42:29.297+0000: 339623.268: [GC (Allocation Failure) 339623.268: [ParNew
Desired survivor size 8716288 bytes, new threshold 6 (max 6)
- age   1:     693568 bytes,     693568 total
- age   2:      25456 bytes,     719024 total
- age   3:       3688 bytes,     722712 total
- age   4:       6376 bytes,     729088 total
- age   5:       9360 bytes,     738448 total
- age   6:       3432 bytes,     741880 total
: 137024K->872K(153344K), 0.0091196 secs] 326753K->190614K(1031552K), 0.0092271 secs] [Times: user=0.01 sys=0.00, real=0.01 secs] 
2016-08-16T15:42:29.307+0000: 339623.277: Total time for which application threads were stopped: 0.0098603 seconds, Stopping threads took: 0.0000716 seconds
2016-08-16T15:42:39.069+0000: 339633.039: [GC (Allocation Failure) 339633.039: [ParNew
Desired survivor size 8716288 bytes, new threshold 6 (max 6)
- age   1:     670264 bytes,     670264 total
- age   2:      47064 bytes,     717328 total
- age   3:       6192 bytes,     723520 total
- age   4:       3688 bytes,     727208 total
- age   5:       6304 bytes,     733512 total
- age   6:       9160 bytes,     742672 total
: 137192K->746K(153344K), 0.0075664 secs] 326934K->190492K(1031552K), 0.0076636 secs] [Times: user=0.01 sys=0.00, real=0.00 secs] 
2016-08-16T15:42:39.076+0000: 339633.047: Total time for which application threads were stopped: 0.0123605 seconds, Stopping threads took: 0.0040741 seconds
2016-08-16T15:42:49.163+0000: 339643.134: [GC (Allocation Failure) 339643.134: [ParNew
Desired survivor size 8716288 bytes, new threshold 6 (max 6)
- age   1:     979728 bytes,     979728 total
- age   2:      31312 bytes,    1011040 total
- age   3:      25440 bytes,    1036480 total
- age   4:       4056 bytes,    1040536 total
- age   5:       3560 bytes,    1044096 total
- age   6:       6016 bytes,    1050112 total
: 137066K->1281K(153344K), 0.0082933 secs] 326812K->191032K(1031552K), 0.0083977 secs] [Times: user=0.00 sys=0.00, real=0.01 secs] 
2016-08-16T15:42:49.172+0000: 339643.142: Total time for which application threads were stopped: 0.0090648 seconds, Stopping threads took: 0.0000744 seconds
2016-08-16T15:42:50.504+0000: 339644.475: [GC (Allocation Failure) 339644.475: [ParNew
Desired survivor size 8716288 bytes, new threshold 6 (max 6)
- age   1:     233376 bytes,     233376 total
- age   2:      40584 bytes,     273960 total
- age   3:      11880 bytes,     285840 total
- age   4:      25304 bytes,     311144 total
- age   5:       4056 bytes,     315200 total
- age   6:       3560 bytes,     318760 total
: 137601K->417K(153344K), 0.0141560 secs] 327352K->190174K(1031552K), 0.0144279 secs] [Times: user=0.02 sys=0.00, real=0.01 secs] 
2016-08-16T15:42:50.519+0000: 339644.489: Total time for which application threads were stopped: 0.0160149 seconds, Stopping threads took: 0.0002105 seconds
2016-08-16 15:42:59 GC log file has reached the maximum size. Saved as log/gc.log.4
