2016-08-24 16:10:44 GC log file created log/gc.log.1
Java HotSpot(TM) 64-Bit Server VM (25.40-b25) for linux-amd64 JRE (1.8.0_40-b25), built on Feb 10 2015 21:29:53 by "java_re" with gcc 4.3.0 20080428 (Red Hat 4.3.0-8)
Memory: 4k page, physical 8176932k(5253640k free), swap 0k(0k free)
CommandLine flags: -XX:CICompilerCount=2 -XX:+CMSClassUnloadingEnabled -XX:+CMSParallelRemarkEnabled -XX:+CMSScavengeBeforeRemark -XX:GCLogFileSize=1048576 -XX:InitialHeapSize=1073741824 -XX:MaxHeapSize=1073741824 -XX:MaxNewSize=174456832 -XX:MaxTenuringThreshold=6 -XX:MinHeapDeltaBytes=196608 -XX:NewSize=174456832 -XX:NumberOfGCLogFiles=5 -XX:OldPLABSize=16 -XX:OldSize=899284992 -XX:+PrintGC -XX:+PrintGCApplicationStoppedTime -XX:+PrintGCCause -XX:+PrintGCDateStamps -XX:+PrintGCDetails -XX:+PrintGCTimeStamps -XX:+PrintTenuringDistribution -XX:+ScavengeBeforeFullGC -XX:+UseCompressedClassPointers -XX:+UseCompressedOops -XX:+UseConcMarkSweepGC -XX:+UseGCLogFileRotation -XX:+UseParNewGC 
2016-08-24T16:10:44.397+0000: 7363.319: [GC (Allocation Failure) 7363.319: [ParNew
Desired survivor size 8716288 bytes, new threshold 6 (max 6)
- age   1:      65640 bytes,      65640 total
- age   3:       1000 bytes,      66640 total
- age   5:        968 bytes,      67608 total
: 136514K->100K(153344K), 0.0062409 secs] 264377K->127964K(1031552K), 0.0063510 secs] [Times: user=0.02 sys=0.00, real=0.01 secs] 
2016-08-24T16:10:44.404+0000: 7363.325: Total time for which application threads were stopped: 0.0079192 seconds, Stopping threads took: 0.0000884 seconds
2016-08-24T16:10:44.443+0000: 7363.365: [GC (Allocation Failure) 7363.365: [ParNew
Desired survivor size 8716288 bytes, new threshold 6 (max 6)
- age   1:      75544 bytes,      75544 total
- age   2:      12560 bytes,      88104 total
- age   4:       1000 bytes,      89104 total
- age   6:        968 bytes,      90072 total
: 136420K->106K(153344K), 0.0061021 secs] 264284K->127970K(1031552K), 0.0062182 secs] [Times: user=0.01 sys=0.00, real=0.01 secs] 
2016-08-24T16:10:44.450+0000: 7363.371: Total time for which application threads were stopped: 0.0070054 seconds, Stopping threads took: 0.0000876 seconds
2016-08-24T16:10:44.491+0000: 7363.412: [GC (Allocation Failure) 7363.412: [ParNew
Desired survivor size 8716288 bytes, new threshold 6 (max 6)
- age   1:      70808 bytes,      70808 total
- age   3:       1000 bytes,      71808 total
- age   5:        968 bytes,      72776 total
: 136426K->102K(153344K), 0.0064917 secs] 264290K->127967K(1031552K), 0.0066318 secs] [Times: user=0.01 sys=0.00, real=0.00 secs] 
2016-08-24T16:10:44.497+0000: 7363.419: Total time for which application threads were stopped: 0.0074271 seconds, Stopping threads took: 0.0000877 seconds
2016-08-24T16:10:44.537+0000: 7363.459: [GC (Allocation Failure) 7363.459: [ParNew
Desired survivor size 8716288 bytes, new threshold 6 (max 6)
- age   1:      76328 bytes,      76328 total
- age   2:      14704 bytes,      91032 total
- age   4:       1000 bytes,      92032 total
- age   6:        968 bytes,      93000 total
: 136422K->108K(153344K), 0.0063212 secs] 264287K->127973K(1031552K), 0.0064435 secs] [Times: user=0.01 sys=0.00, real=0.01 secs] 
2016-08-24T16:10:44.544+0000: 7363.465: Total time for which application threads were stopped: 0.0072497 seconds, Stopping threads took: 0.0000888 seconds
2016-08-24T16:10:53.904+0000: 7372.826: [GC (Allocation Failure) 7372.826: [ParNew
Desired survivor size 8716288 bytes, new threshold 6 (max 6)
- age   1:    1132448 bytes,    1132448 total
- age   3:        968 bytes,    1133416 total
- age   5:        968 bytes,    1134384 total
: 136428K->1139K(153344K), 0.0077855 secs] 264293K->129005K(1031552K), 0.0079180 secs] [Times: user=0.01 sys=0.00, real=0.01 secs] 
2016-08-24T16:10:53.912+0000: 7372.834: Total time for which application threads were stopped: 0.0087915 seconds, Stopping threads took: 0.0001228 seconds
2016-08-24T16:10:53.953+0000: 7372.874: [GC (Allocation Failure) 7372.874: [ParNew
Desired survivor size 8716288 bytes, new threshold 6 (max 6)
- age   1:      76456 bytes,      76456 total
- age   2:     313432 bytes,     389888 total
- age   4:        968 bytes,     390856 total
- age   6:        968 bytes,     391824 total
: 137459K->537K(153344K), 0.0057540 secs] 265325K->128403K(1031552K), 0.0058812 secs] [Times: user=0.01 sys=0.00, real=0.00 secs] 
2016-08-24T16:10:53.959+0000: 7372.880: Total time for which application threads were stopped: 0.0067863 seconds, Stopping threads took: 0.0001166 seconds
2016-08-24T16:10:53.999+0000: 7372.921: [GC (Allocation Failure) 7372.921: [ParNew
Desired survivor size 8716288 bytes, new threshold 6 (max 6)
- age   1:      74008 bytes,      74008 total
- age   2:       5728 bytes,      79736 total
- age   3:     297768 bytes,     377504 total
- age   5:        968 bytes,     378472 total
: 136857K->515K(153344K), 0.0052469 secs] 264723K->128382K(1031552K), 0.0053562 secs] [Times: user=0.01 sys=0.00, real=0.01 secs] 
2016-08-24T16:10:54.005+0000: 7372.926: Total time for which application threads were stopped: 0.0062093 seconds, Stopping threads took: 0.0001202 seconds
2016-08-24T16:10:54.044+0000: 7372.965: [GC (Allocation Failure) 7372.965: [ParNew
Desired survivor size 8716288 bytes, new threshold 6 (max 6)
- age   1:      70072 bytes,      70072 total
- age   2:      17592 bytes,      87664 total
- age   3:       5728 bytes,      93392 total
- age   4:     297768 bytes,     391160 total
- age   6:        968 bytes,     392128 total
: 136835K->532K(153344K), 0.0054773 secs] 264702K->128399K(1031552K), 0.0055860 secs] [Times: user=0.02 sys=0.00, real=0.01 secs] 
2016-08-24T16:10:54.050+0000: 7372.971: Total time for which application threads were stopped: 0.0064210 seconds, Stopping threads took: 0.0000873 seconds
2016-08-24T16:10:54.090+0000: 7373.012: [GC (Allocation Failure) 7373.012: [ParNew
Desired survivor size 8716288 bytes, new threshold 6 (max 6)
- age   1:      89384 bytes,      89384 total
- age   3:       1096 bytes,      90480 total
- age   4:       5728 bytes,      96208 total
- age   5:     295920 bytes,     392128 total
: 136852K->550K(153344K), 0.0057477 secs] 264719K->128418K(1031552K), 0.0058531 secs] [Times: user=0.01 sys=0.00, real=0.00 secs] 
2016-08-24T16:10:54.096+0000: 7373.018: Total time for which application threads were stopped: 0.0067229 seconds, Stopping threads took: 0.0001108 seconds
2016-08-24T16:10:54.135+0000: 7373.057: [GC (Allocation Failure) 7373.057: [ParNew
Desired survivor size 8716288 bytes, new threshold 6 (max 6)
- age   1:      80976 bytes,      80976 total
- age   2:      20336 bytes,     101312 total
- age   4:       1096 bytes,     102408 total
- age   5:       5728 bytes,     108136 total
- age   6:     295920 bytes,     404056 total
: 136870K->731K(153344K), 0.0055145 secs] 264738K->128599K(1031552K), 0.0056231 secs] [Times: user=0.01 sys=0.00, real=0.01 secs] 
2016-08-24T16:10:54.141+0000: 7373.063: Total time for which application threads were stopped: 0.0064995 seconds, Stopping threads took: 0.0001131 seconds
2016-08-24T16:10:54.182+0000: 7373.103: [GC (Allocation Failure) 7373.103: [ParNew
Desired survivor size 8716288 bytes, new threshold 6 (max 6)
- age   1:      69752 bytes,      69752 total
- age   3:       1000 bytes,      70752 total
- age   5:       1064 bytes,      71816 total
- age   6:       5728 bytes,      77544 total
: 137051K->258K(153344K), 0.0064343 secs] 264919K->128420K(1031552K), 0.0065535 secs] [Times: user=0.01 sys=0.00, real=0.01 secs] 
2016-08-24T16:10:54.188+0000: 7373.110: Total time for which application threads were stopped: 0.0074242 seconds, Stopping threads took: 0.0001105 seconds
2016-08-24T16:10:54.230+0000: 7373.151: [GC (Allocation Failure) 7373.151: [ParNew
Desired survivor size 8716288 bytes, new threshold 6 (max 6)
- age   1:      50528 bytes,      50528 total
- age   2:       1000 bytes,      51528 total
- age   4:        968 bytes,      52496 total
- age   6:       1064 bytes,      53560 total
: 136578K->97K(153344K), 0.0053938 secs] 264740K->128265K(1031552K), 0.0054953 secs] [Times: user=0.01 sys=0.00, real=0.00 secs] 
2016-08-24T16:10:54.236+0000: 7373.157: Total time for which application threads were stopped: 0.0063621 seconds, Stopping threads took: 0.0001121 seconds
2016-08-24T16:10:54.275+0000: 7373.197: [GC (Allocation Failure) 7373.197: [ParNew
Desired survivor size 8716288 bytes, new threshold 6 (max 6)
- age   1:      74760 bytes,      74760 total
- age   2:       4976 bytes,      79736 total
- age   3:       1000 bytes,      80736 total
- age   5:        968 bytes,      81704 total
: 136417K->92K(153344K), 0.0050906 secs] 264585K->128261K(1031552K), 0.0052032 secs] [Times: user=0.01 sys=0.00, real=0.01 secs] 
2016-08-24T16:10:54.281+0000: 7373.202: Total time for which application threads were stopped: 0.0060575 seconds, Stopping threads took: 0.0001096 seconds
2016-08-24T16:10:54.321+0000: 7373.243: [GC (Allocation Failure) 7373.243: [ParNew
Desired survivor size 8716288 bytes, new threshold 6 (max 6)
- age   1:      72064 bytes,      72064 total
- age   3:       1000 bytes,      73064 total
- age   4:        968 bytes,      74032 total
- age   6:        968 bytes,      75000 total
: 136412K->95K(153344K), 0.0052455 secs] 264581K->128264K(1031552K), 0.0053477 secs] [Times: user=0.01 sys=0.00, real=0.00 secs] 
2016-08-24T16:10:54.327+0000: 7373.248: Total time for which application threads were stopped: 0.0062358 seconds, Stopping threads took: 0.0001316 seconds
2016-08-24T16:10:54.366+0000: 7373.287: [GC (Allocation Failure) 7373.287: [ParNew
Desired survivor size 8716288 bytes, new threshold 6 (max 6)
- age   1:      86904 bytes,      86904 total
- age   2:       8272 bytes,      95176 total
- age   4:       1000 bytes,      96176 total
- age   5:        968 bytes,      97144 total
: 136415K->131K(153344K), 0.0052304 secs] 264584K->128301K(1031552K), 0.0053331 secs] [Times: user=0.01 sys=0.00, real=0.01 secs] 
2016-08-24T16:10:54.371+0000: 7373.293: Total time for which application threads were stopped: 0.0061991 seconds, Stopping threads took: 0.0001142 seconds
2016-08-24T16:11:04.518+0000: 7383.440: [GC (Allocation Failure) 7383.440: [ParNew
Desired survivor size 8716288 bytes, new threshold 6 (max 6)
- age   1:    1056168 bytes,    1056168 total
- age   3:        968 bytes,    1057136 total
- age   5:        968 bytes,    1058104 total
- age   6:        968 bytes,    1059072 total
: 136451K->1049K(153344K), 0.0081011 secs] 264621K->129218K(1031552K), 0.0082338 secs] [Times: user=0.02 sys=0.00, real=0.01 secs] 
2016-08-24T16:11:04.527+0000: 7383.448: Total time for which application threads were stopped: 0.0090911 seconds, Stopping threads took: 0.0000962 seconds
2016-08-24T16:11:04.566+0000: 7383.488: [GC (Allocation Failure) 7383.488: [ParNew
Desired survivor size 8716288 bytes, new threshold 6 (max 6)
- age   1:      75344 bytes,      75344 total
- age   2:     273576 bytes,     348920 total
- age   4:        968 bytes,     349888 total
- age   6:        968 bytes,     350856 total
: 137369K->411K(153344K), 0.0058689 secs] 265538K->128582K(1031552K), 0.0059903 secs] [Times: user=0.01 sys=0.00, real=0.01 secs] 
2016-08-24T16:11:04.572+0000: 7383.494: Total time for which application threads were stopped: 0.0068180 seconds, Stopping threads took: 0.0000993 seconds
2016-08-24T16:11:04.615+0000: 7383.537: [GC (Allocation Failure) 7383.537: [ParNew
Desired survivor size 8716288 bytes, new threshold 6 (max 6)
- age   1:      69080 bytes,      69080 total
- age   2:        160 bytes,      69240 total
- age   3:     264792 bytes,     334032 total
- age   5:        968 bytes,     335000 total
: 136731K->474K(153344K), 0.0051889 secs] 264902K->128646K(1031552K), 0.0052956 secs] [Times: user=0.01 sys=0.00, real=0.01 secs] 
2016-08-24T16:11:04.620+0000: 7383.542: Total time for which application threads were stopped: 0.0061033 seconds, Stopping threads took: 0.0000987 seconds
2016-08-24T16:11:04.658+0000: 7383.580: [GC (Allocation Failure) 7383.580: [ParNew
Desired survivor size 8716288 bytes, new threshold 6 (max 6)
- age   1:      82432 bytes,      82432 total
- age   2:      10384 bytes,      92816 total
- age   3:        160 bytes,      92976 total
- age   4:     264792 bytes,     357768 total
- age   6:        968 bytes,     358736 total
: 136794K->474K(153344K), 0.0055413 secs] 264966K->128646K(1031552K), 0.0056498 secs] [Times: user=0.01 sys=0.00, real=0.01 secs] 
2016-08-24T16:11:04.664+0000: 7383.585: Total time for which application threads were stopped: 0.0064665 seconds, Stopping threads took: 0.0000996 seconds
2016-08-24T16:11:04.705+0000: 7383.627: [GC (Allocation Failure) 7383.627: [ParNew
Desired survivor size 8716288 bytes, new threshold 6 (max 6)
- age   1:      66040 bytes,      66040 total
- age   3:       1096 bytes,      67136 total
- age   4:        160 bytes,      67296 total
- age   5:     262512 bytes,     329808 total
: 136794K->502K(153344K), 0.0055394 secs] 264966K->128674K(1031552K), 0.0056388 secs] [Times: user=0.01 sys=0.00, real=0.01 secs] 
2016-08-24T16:11:04.711+0000: 7383.632: Total time for which application threads were stopped: 0.0064395 seconds, Stopping threads took: 0.0000975 seconds
2016-08-24T16:11:04.751+0000: 7383.673: [GC (Allocation Failure) 7383.673: [ParNew
Desired survivor size 8716288 bytes, new threshold 6 (max 6)
- age   1:      85824 bytes,      85824 total
- age   2:      14088 bytes,      99912 total
- age   4:       1096 bytes,     101008 total
- age   5:        160 bytes,     101168 total
- age   6:     262512 bytes,     363680 total
: 136822K->471K(153344K), 0.0054259 secs] 264994K->128643K(1031552K), 0.0055515 secs] [Times: user=0.01 sys=0.00, real=0.00 secs] 
2016-08-24T16:11:04.757+0000: 7383.678: Total time for which application threads were stopped: 0.0064461 seconds, Stopping threads took: 0.0001238 seconds
2016-08-24T16:11:04.798+0000: 7383.720: [GC (Allocation Failure) 7383.720: [ParNew
Desired survivor size 8716288 bytes, new threshold 6 (max 6)
- age   1:      71456 bytes,      71456 total
- age   3:       1000 bytes,      72456 total
- age   5:       1064 bytes,      73520 total
- age   6:        160 bytes,      73680 total
: 136791K->346K(153344K), 0.0059840 secs] 264963K->128778K(1031552K), 0.0061056 secs] [Times: user=0.01 sys=0.01, real=0.01 secs] 
2016-08-24T16:11:04.804+0000: 7383.726: Total time for which application threads were stopped: 0.0069025 seconds, Stopping threads took: 0.0000977 seconds
2016-08-24T16:11:04.844+0000: 7383.765: [GC (Allocation Failure) 7383.766: [ParNew
Desired survivor size 8716288 bytes, new threshold 6 (max 6)
- age   1:      71168 bytes,      71168 total
- age   2:      16360 bytes,      87528 total
- age   4:       1000 bytes,      88528 total
- age   6:       1064 bytes,      89592 total
: 136666K->162K(153344K), 0.0053691 secs] 265098K->128595K(1031552K), 0.0054745 secs] [Times: user=0.01 sys=0.00, real=0.01 secs] 
2016-08-24T16:11:04.850+0000: 7383.771: Total time for which application threads were stopped: 0.0062787 seconds, Stopping threads took: 0.0000844 seconds
2016-08-24T16:11:04.892+0000: 7383.814: [GC (Allocation Failure) 7383.814: [ParNew
Desired survivor size 8716288 bytes, new threshold 6 (max 6)
- age   1:      80048 bytes,      80048 total
- age   3:       1000 bytes,      81048 total
- age   5:        968 bytes,      82016 total
: 136482K->117K(153344K), 0.0058522 secs] 264915K->128550K(1031552K), 0.0059611 secs] [Times: user=0.01 sys=0.00, real=0.00 secs] 
2016-08-24T16:11:04.898+0000: 7383.820: Total time for which application threads were stopped: 0.0068215 seconds, Stopping threads took: 0.0001001 seconds
2016-08-24T16:11:04.938+0000: 7383.859: [GC (Allocation Failure) 7383.859: [ParNew
Desired survivor size 8716288 bytes, new threshold 6 (max 6)
- age   1:      77024 bytes,      77024 total
- age   2:      19336 bytes,      96360 total
- age   4:       1000 bytes,      97360 total
- age   6:        968 bytes,      98328 total
: 136437K->115K(153344K), 0.0054455 secs] 264870K->128549K(1031552K), 0.0055703 secs] [Times: user=0.01 sys=0.00, real=0.01 secs] 
2016-08-24T16:11:04.943+0000: 7383.865: Total time for which application threads were stopped: 0.0065320 seconds, Stopping threads took: 0.0000950 seconds
2016-08-24T16:11:04.986+0000: 7383.908: [GC (Allocation Failure) 7383.908: [ParNew
Desired survivor size 8716288 bytes, new threshold 6 (max 6)
- age   1:      67520 bytes,      67520 total
- age   3:       1000 bytes,      68520 total
- age   5:        968 bytes,      69488 total
: 136435K->117K(153344K), 0.0053144 secs] 264869K->128551K(1031552K), 0.0054404 secs] [Times: user=0.01 sys=0.00, real=0.01 secs] 
2016-08-24T16:11:04.992+0000: 7383.913: Total time for which application threads were stopped: 0.0062436 seconds, Stopping threads took: 0.0001001 seconds
2016-08-24T16:11:06.369+0000: 7385.290: [GC (Allocation Failure) 7385.291: [ParNew
Desired survivor size 8716288 bytes, new threshold 6 (max 6)
- age   1:     289200 bytes,     289200 total
- age   2:        968 bytes,     290168 total
- age   4:        968 bytes,     291136 total
- age   6:        968 bytes,     292104 total
: 136437K->301K(153344K), 0.0082465 secs] 264871K->128736K(1031552K), 0.0083896 secs] [Times: user=0.01 sys=0.00, real=0.00 secs] 
2016-08-24T16:11:06.378+0000: 7385.299: Total time for which application threads were stopped: 0.0095422 seconds, Stopping threads took: 0.0001338 seconds
2016-08-24T16:11:07.671+0000: 7386.593: Total time for which application threads were stopped: 0.0006356 seconds, Stopping threads took: 0.0000912 seconds
2016-08-24T16:11:07.672+0000: 7386.593: Total time for which application threads were stopped: 0.0003095 seconds, Stopping threads took: 0.0000486 seconds
2016-08-24T16:11:07.672+0000: 7386.594: Total time for which application threads were stopped: 0.0004396 seconds, Stopping threads took: 0.0000449 seconds
2016-08-24T16:11:07.859+0000: 7386.781: Total time for which application threads were stopped: 0.0007164 seconds, Stopping threads took: 0.0000977 seconds
2016-08-24T16:11:07.860+0000: 7386.781: Total time for which application threads were stopped: 0.0003479 seconds, Stopping threads took: 0.0000423 seconds
2016-08-24T16:11:07.860+0000: 7386.782: Total time for which application threads were stopped: 0.0003674 seconds, Stopping threads took: 0.0000494 seconds
2016-08-24T16:11:14.472+0000: 7393.394: [GC (Allocation Failure) 7393.394: [ParNew
Desired survivor size 8716288 bytes, new threshold 6 (max 6)
- age   1:     788824 bytes,     788824 total
- age   2:      92536 bytes,     881360 total
- age   3:        968 bytes,     882328 total
- age   5:        968 bytes,     883296 total
: 136621K->915K(153344K), 0.0065660 secs] 265056K->129351K(1031552K), 0.0067137 secs] [Times: user=0.01 sys=0.00, real=0.00 secs] 
2016-08-24T16:11:14.479+0000: 7393.401: Total time for which application threads were stopped: 0.0075963 seconds, Stopping threads took: 0.0001021 seconds
2016-08-24T16:11:14.521+0000: 7393.442: [GC (Allocation Failure) 7393.442: [ParNew
Desired survivor size 8716288 bytes, new threshold 6 (max 6)
- age   1:      61976 bytes,      61976 total
- age   2:     161832 bytes,     223808 total
- age   3:      90016 bytes,     313824 total
- age   4:        968 bytes,     314792 total
- age   6:        968 bytes,     315760 total
: 137235K->412K(153344K), 0.0053916 secs] 265671K->128847K(1031552K), 0.0054914 secs] [Times: user=0.01 sys=0.00, real=0.00 secs] 
2016-08-24T16:11:14.526+0000: 7393.448: Total time for which application threads were stopped: 0.0062978 seconds, Stopping threads took: 0.0000802 seconds
2016-08-24T16:11:14.568+0000: 7393.490: [GC (Allocation Failure) 7393.490: [ParNew
Desired survivor size 8716288 bytes, new threshold 6 (max 6)
- age   1:      65456 bytes,      65456 total
- age   2:       4264 bytes,      69720 total
- age   3:     161832 bytes,     231552 total
- age   4:      90016 bytes,     321568 total
- age   5:        968 bytes,     322536 total
: 136732K->435K(153344K), 0.0049186 secs] 265167K->128871K(1031552K), 0.0050293 secs] [Times: user=0.01 sys=0.00, real=0.00 secs] 
2016-08-24T16:11:14.573+0000: 7393.495: Total time for which application threads were stopped: 0.0058249 seconds, Stopping threads took: 0.0000936 seconds
2016-08-24T16:11:14.613+0000: 7393.535: [GC (Allocation Failure) 7393.535: [ParNew
Desired survivor size 8716288 bytes, new threshold 6 (max 6)
- age   1:      67016 bytes,      67016 total
- age   3:       1344 bytes,      68360 total
- age   4:     159984 bytes,     228344 total
- age   5:      90016 bytes,     318360 total
- age   6:        968 bytes,     319328 total
: 136755K->448K(153344K), 0.0049781 secs] 265191K->128884K(1031552K), 0.0050894 secs] [Times: user=0.01 sys=0.00, real=0.00 secs] 
2016-08-24T16:11:14.619+0000: 7393.540: Total time for which application threads were stopped: 0.0058921 seconds, Stopping threads took: 0.0000889 seconds
2016-08-24T16:11:14.659+0000: 7393.581: [GC (Allocation Failure) 7393.581: [ParNew
Desired survivor size 8716288 bytes, new threshold 6 (max 6)
- age   1:      62312 bytes,      62312 total
- age   2:       5536 bytes,      67848 total
- age   4:       1344 bytes,      69192 total
- age   5:     159984 bytes,     229176 total
- age   6:      90016 bytes,     319192 total
: 136768K->450K(153344K), 0.0056963 secs] 265204K->128887K(1031552K), 0.0058071 secs] [Times: user=0.02 sys=0.00, real=0.01 secs] 
2016-08-24T16:11:14.665+0000: 7393.587: Total time for which application threads were stopped: 0.0066249 seconds, Stopping threads took: 0.0000995 seconds
2016-08-24T16:11:14.709+0000: 7393.630: [GC (Allocation Failure) 7393.630: [ParNew
Desired survivor size 8716288 bytes, new threshold 6 (max 6)
- age   1:      56024 bytes,      56024 total
- age   3:       1000 bytes,      57024 total
- age   5:       1312 bytes,      58336 total
- age   6:     158168 bytes,     216504 total
: 136770K->312K(153344K), 0.0057799 secs] 265207K->128839K(1031552K), 0.0058946 secs] [Times: user=0.01 sys=0.00, real=0.00 secs] 
2016-08-24T16:11:14.715+0000: 7393.636: Total time for which application threads were stopped: 0.0070367 seconds, Stopping threads took: 0.0001206 seconds
2016-08-24T16:11:14.755+0000: 7393.677: [GC (Allocation Failure) 7393.677: [ParNew
Desired survivor size 8716288 bytes, new threshold 6 (max 6)
- age   1:      80040 bytes,      80040 total
- age   2:       9064 bytes,      89104 total
- age   4:       1000 bytes,      90104 total
- age   6:       1312 bytes,      91416 total
: 136632K->235K(153344K), 0.0054797 secs] 265159K->128920K(1031552K), 0.0056142 secs] [Times: user=0.01 sys=0.00, real=0.01 secs] 
2016-08-24T16:11:14.761+0000: 7393.682: Total time for which application threads were stopped: 0.0064715 seconds, Stopping threads took: 0.0001098 seconds
2016-08-24T16:11:14.801+0000: 7393.723: [GC (Allocation Failure) 7393.723: [ParNew
Desired survivor size 8716288 bytes, new threshold 6 (max 6)
- age   1:      66512 bytes,      66512 total
- age   3:       1000 bytes,      67512 total
- age   5:        968 bytes,      68480 total
: 136555K->99K(153344K), 0.0052766 secs] 265240K->128786K(1031552K), 0.0053818 secs] [Times: user=0.01 sys=0.00, real=0.00 secs] 
2016-08-24T16:11:14.807+0000: 7393.728: Total time for which application threads were stopped: 0.0062616 seconds, Stopping threads took: 0.0001005 seconds
2016-08-24T16:11:14.844+0000: 7393.766: [GC (Allocation Failure) 7393.766: [ParNew
Desired survivor size 8716288 bytes, new threshold 6 (max 6)
- age   1:      64008 bytes,      64008 total
- age   2:      12480 bytes,      76488 total
- age   4:       1000 bytes,      77488 total
- age   6:        968 bytes,      78456 total
: 136419K->92K(153344K), 0.0050460 secs] 265106K->128778K(1031552K), 0.0051463 secs] [Times: user=0.01 sys=0.00, real=0.01 secs] 
2016-08-24T16:11:14.850+0000: 7393.771: Total time for which application threads were stopped: 0.0060157 seconds, Stopping threads took: 0.0000976 seconds
2016-08-24T16:11:14.890+0000: 7393.812: [GC (Allocation Failure) 7393.812: [ParNew
Desired survivor size 8716288 bytes, new threshold 6 (max 6)
- age   1:      77736 bytes,      77736 total
- age   3:       1000 bytes,      78736 total
- age   5:        968 bytes,      79704 total
: 136412K->90K(153344K), 0.0048409 secs] 265098K->128777K(1031552K), 0.0049415 secs] [Times: user=0.01 sys=0.00, real=0.00 secs] 
2016-08-24T16:11:14.896+0000: 7393.817: Total time for which application threads were stopped: 0.0057752 seconds, Stopping threads took: 0.0001235 seconds
2016-08-24T16:11:14.937+0000: 7393.859: [GC (Allocation Failure) 7393.859: [ParNew
Desired survivor size 8716288 bytes, new threshold 6 (max 6)
- age   1:      81456 bytes,      81456 total
- age   2:      14704 bytes,      96160 total
- age   4:       1000 bytes,      97160 total
- age   6:        968 bytes,      98128 total
: 136410K->115K(153344K), 0.0050499 secs] 265097K->128803K(1031552K), 0.0051712 secs] [Times: user=0.01 sys=0.00, real=0.01 secs] 
2016-08-24T16:11:14.943+0000: 7393.864: Total time for which application threads were stopped: 0.0060500 seconds, Stopping threads took: 0.0000986 seconds
2016-08-24T16:11:24.445+0000: 7403.367: [GC (Allocation Failure) 7403.367: [ParNew
Desired survivor size 8716288 bytes, new threshold 6 (max 6)
- age   1:    1312008 bytes,    1312008 total
- age   3:        968 bytes,    1312976 total
- age   5:        968 bytes,    1313944 total
: 136435K->1289K(153344K), 0.0084890 secs] 265123K->129977K(1031552K), 0.0086184 secs] [Times: user=0.02 sys=0.00, real=0.01 secs] 
2016-08-24T16:11:24.454+0000: 7403.375: Total time for which application threads were stopped: 0.0095209 seconds, Stopping threads took: 0.0000964 seconds
2016-08-24T16:11:24.492+0000: 7403.413: [GC (Allocation Failure) 7403.413: [ParNew
Desired survivor size 8716288 bytes, new threshold 6 (max 6)
- age   1:      70456 bytes,      70456 total
- age   2:     303344 bytes,     373800 total
- age   4:        968 bytes,     374768 total
- age   6:        968 bytes,     375736 total
: 137609K->575K(153344K), 0.0051446 secs] 266297K->129263K(1031552K), 0.0052508 secs] [Times: user=0.01 sys=0.00, real=0.00 secs] 
2016-08-24T16:11:24.497+0000: 7403.419: Total time for which application threads were stopped: 0.0060823 seconds, Stopping threads took: 0.0000967 seconds
2016-08-24T16:11:24.539+0000: 7403.460: [GC (Allocation Failure) 7403.461: [ParNew
Desired survivor size 8716288 bytes, new threshold 6 (max 6)
- age   1:      71584 bytes,      71584 total
- age   2:        304 bytes,      71888 total
- age   3:     287808 bytes,     359696 total
- age   5:        968 bytes,     360664 total
: 136895K->509K(153344K), 0.0055976 secs] 265583K->129198K(1031552K), 0.0057008 secs] [Times: user=0.01 sys=0.00, real=0.01 secs] 
2016-08-24T16:11:24.545+0000: 7403.466: Total time for which application threads were stopped: 0.0065129 seconds, Stopping threads took: 0.0001001 seconds
2016-08-24T16:11:24.586+0000: 7403.507: [GC (Allocation Failure) 7403.507: [ParNew
Desired survivor size 8716288 bytes, new threshold 6 (max 6)
- age   1:      88000 bytes,      88000 total
- age   2:      17096 bytes,     105096 total
- age   3:        304 bytes,     105400 total
- age   4:     287808 bytes,     393208 total
- age   6:        968 bytes,     394176 total
: 136829K->512K(153344K), 0.0054864 secs] 265518K->129201K(1031552K), 0.0055876 secs] [Times: user=0.01 sys=0.00, real=0.01 secs] 
2016-08-24T16:11:24.591+0000: 7403.513: Total time for which application threads were stopped: 0.0064055 seconds, Stopping threads took: 0.0001012 seconds
2016-08-24T16:11:24.631+0000: 7403.553: [GC (Allocation Failure) 7403.553: [ParNew
Desired survivor size 8716288 bytes, new threshold 6 (max 6)
- age   1:      69304 bytes,      69304 total
- age   3:       1096 bytes,      70400 total
- age   4:        304 bytes,      70704 total
- age   5:     285960 bytes,     356664 total
: 136832K->547K(153344K), 0.0055502 secs] 265521K->129237K(1031552K), 0.0056537 secs] [Times: user=0.01 sys=0.00, real=0.00 secs] 
2016-08-24T16:11:24.637+0000: 7403.558: Total time for which application threads were stopped: 0.0064674 seconds, Stopping threads took: 0.0000970 seconds
2016-08-24T16:11:24.677+0000: 7403.599: [GC (Allocation Failure) 7403.599: [ParNew
Desired survivor size 8716288 bytes, new threshold 6 (max 6)
- age   1:      68376 bytes,      68376 total
- age   2:      19688 bytes,      88064 total
- age   4:       1096 bytes,      89160 total
- age   5:        304 bytes,      89464 total
- age   6:     285960 bytes,     375424 total
: 136867K->516K(153344K), 0.0055094 secs] 265557K->129206K(1031552K), 0.0056252 secs] [Times: user=0.01 sys=0.00, real=0.01 secs] 
2016-08-24T16:11:24.683+0000: 7403.605: Total time for which application threads were stopped: 0.0065498 seconds, Stopping threads took: 0.0001474 seconds
2016-08-24T16:11:24.724+0000: 7403.646: [GC (Allocation Failure) 7403.646: [ParNew
Desired survivor size 8716288 bytes, new threshold 6 (max 6)
- age   1:      68248 bytes,      68248 total
- age   3:       1000 bytes,      69248 total
- age   5:       1064 bytes,      70312 total
- age   6:        304 bytes,      70616 total
: 136836K->366K(153344K), 0.0058499 secs] 265526K->129339K(1031552K), 0.0059574 secs] [Times: user=0.00 sys=0.00, real=0.01 secs] 
2016-08-24T16:11:24.730+0000: 7403.652: Total time for which application threads were stopped: 0.0067686 seconds, Stopping threads took: 0.0001026 seconds
2016-08-24T16:11:24.772+0000: 7403.693: [GC (Allocation Failure) 7403.694: [ParNew
Desired survivor size 8716288 bytes, new threshold 6 (max 6)
- age   1:      57584 bytes,      57584 total
- age   2:       1000 bytes,      58584 total
- age   4:        968 bytes,      59552 total
- age   6:       1064 bytes,      60616 total
: 136686K->123K(153344K), 0.0057064 secs] 265659K->129097K(1031552K), 0.0058629 secs] [Times: user=0.01 sys=0.00, real=0.00 secs] 
2016-08-24T16:11:24.778+0000: 7403.699: Total time for which application threads were stopped: 0.0069309 seconds, Stopping threads took: 0.0001156 seconds
2016-08-24T16:11:24.818+0000: 7403.740: [GC (Allocation Failure) 7403.740: [ParNew
Desired survivor size 8716288 bytes, new threshold 6 (max 6)
- age   1:      88520 bytes,      88520 total
- age   2:       4736 bytes,      93256 total
- age   3:       1000 bytes,      94256 total
- age   5:        968 bytes,      95224 total
: 136443K->103K(153344K), 0.0049673 secs] 265417K->129077K(1031552K), 0.0050772 secs] [Times: user=0.01 sys=0.00, real=0.01 secs] 
2016-08-24T16:11:24.823+0000: 7403.745: Total time for which application threads were stopped: 0.0058823 seconds, Stopping threads took: 0.0000972 seconds
2016-08-24T16:11:24.864+0000: 7403.785: [GC (Allocation Failure) 7403.785: [ParNew
Desired survivor size 8716288 bytes, new threshold 6 (max 6)
- age   1:      50600 bytes,      50600 total
- age   2:        512 bytes,      51112 total
- age   3:       1000 bytes,      52112 total
- age   4:        968 bytes,      53080 total
- age   6:        968 bytes,      54048 total
: 136423K->86K(153344K), 0.0052952 secs] 265397K->129061K(1031552K), 0.0054039 secs] [Times: user=0.01 sys=0.00, real=0.01 secs] 
2016-08-24T16:11:24.869+0000: 7403.791: Total time for which application threads were stopped: 0.0062311 seconds, Stopping threads took: 0.0001027 seconds
2016-08-24T16:11:24.909+0000: 7403.830: [GC (Allocation Failure) 7403.830: [ParNew
Desired survivor size 8716288 bytes, new threshold 6 (max 6)
- age   1:      62280 bytes,      62280 total
- age   2:       8032 bytes,      70312 total
- age   3:        512 bytes,      70824 total
- age   4:       1000 bytes,      71824 total
- age   5:        968 bytes,      72792 total
: 136406K->78K(153344K), 0.0055683 secs] 265381K->129054K(1031552K), 0.0056808 secs] [Times: user=0.01 sys=0.00, real=0.00 secs] 
2016-08-24T16:11:24.915+0000: 7403.836: Total time for which application threads were stopped: 0.0065530 seconds, Stopping threads took: 0.0000990 seconds
2016-08-24T16:11:34.606+0000: 7413.527: [GC (Allocation Failure) 7413.527: [ParNew
Desired survivor size 8716288 bytes, new threshold 6 (max 6)
- age   1:    1003384 bytes,    1003384 total
- age   2:        512 bytes,    1003896 total
- age   3:        968 bytes,    1004864 total
- age   4:        512 bytes,    1005376 total
- age   5:        968 bytes,    1006344 total
- age   6:        968 bytes,    1007312 total
: 136398K->993K(153344K), 0.0078348 secs] 265374K->129969K(1031552K), 0.0079565 secs] [Times: user=0.02 sys=0.00, real=0.01 secs] 
2016-08-24T16:11:34.614+0000: 7413.535: Total time for which application threads were stopped: 0.0088199 seconds, Stopping threads took: 0.0001212 seconds
2016-08-24T16:11:34.653+0000: 7413.575: [GC (Allocation Failure) 7413.575: [ParNew
Desired survivor size 8716288 bytes, new threshold 6 (max 6)
- age   1:      62208 bytes,      62208 total
- age   2:     277528 bytes,     339736 total
- age   3:        512 bytes,     340248 total
- age   4:        968 bytes,     341216 total
- age   5:        512 bytes,     341728 total
- age   6:        968 bytes,     342696 total
: 137313K->444K(153344K), 0.0052514 secs] 266289K->129420K(1031552K), 0.0053649 secs] [Times: user=0.01 sys=0.00, real=0.00 secs] 
2016-08-24T16:11:34.659+0000: 7413.580: Total time for which application threads were stopped: 0.0061479 seconds, Stopping threads took: 0.0000997 seconds
2016-08-24T16:11:34.698+0000: 7413.620: [GC (Allocation Failure) 7413.620: [ParNew
Desired survivor size 8716288 bytes, new threshold 6 (max 6)
- age   1:      63072 bytes,      63072 total
- age   2:         88 bytes,      63160 total
- age   3:     268448 bytes,     331608 total
- age   4:        512 bytes,     332120 total
- age   5:        968 bytes,     333088 total
- age   6:        512 bytes,     333600 total
: 136764K->586K(153344K), 0.0053650 secs] 265740K->129564K(1031552K), 0.0054722 secs] [Times: user=0.01 sys=0.00, real=0.01 secs] 
2016-08-24T16:11:34.704+0000: 7413.625: Total time for which application threads were stopped: 0.0062887 seconds, Stopping threads took: 0.0000962 seconds
2016-08-24T16:11:34.742+0000: 7413.664: [GC (Allocation Failure) 7413.664: [ParNew
Desired survivor size 8716288 bytes, new threshold 6 (max 6)
- age   1:      76688 bytes,      76688 total
- age   2:      10216 bytes,      86904 total
- age   3:         88 bytes,      86992 total
- age   4:     268448 bytes,     355440 total
- age   5:        512 bytes,     355952 total
- age   6:        968 bytes,     356920 total
: 136906K->391K(153344K), 0.0057028 secs] 265884K->129369K(1031552K), 0.0058164 secs] [Times: user=0.01 sys=0.00, real=0.00 secs] 
2016-08-24T16:11:34.748+0000: 7413.669: Total time for which application threads were stopped: 0.0067018 seconds, Stopping threads took: 0.0001321 seconds
2016-08-24T16:11:34.789+0000: 7413.710: [GC (Allocation Failure) 7413.710: [ParNew
Desired survivor size 8716288 bytes, new threshold 6 (max 6)
- age   1:      60096 bytes,      60096 total
- age   3:       1344 bytes,      61440 total
- age   4:         88 bytes,      61528 total
- age   5:     266600 bytes,     328128 total
- age   6:        512 bytes,     328640 total
: 136711K->456K(153344K), 0.0058620 secs] 265689K->129436K(1031552K), 0.0060108 secs] [Times: user=0.01 sys=0.00, real=0.00 secs] 
2016-08-24T16:11:34.795+0000: 7413.717: Total time for which application threads were stopped: 0.0070350 seconds, Stopping threads took: 0.0001112 seconds
2016-08-24T16:11:34.835+0000: 7413.757: [GC (Allocation Failure) 7413.757: [ParNew
Desired survivor size 8716288 bytes, new threshold 6 (max 6)
- age   1:      66776 bytes,      66776 total
- age   2:      13776 bytes,      80552 total
- age   4:       1344 bytes,      81896 total
- age   5:         88 bytes,      81984 total
- age   6:     266600 bytes,     348584 total
: 136776K->600K(153344K), 0.0056801 secs] 265756K->129580K(1031552K), 0.0058218 secs] [Times: user=0.01 sys=0.00, real=0.01 secs] 
2016-08-24T16:11:34.841+0000: 7413.763: Total time for which application threads were stopped: 0.0070751 seconds, Stopping threads took: 0.0003327 seconds
2016-08-24T16:11:34.883+0000: 7413.804: [GC (Allocation Failure) 7413.804: [ParNew
Desired survivor size 8716288 bytes, new threshold 6 (max 6)
- age   1:      77176 bytes,      77176 total
- age   3:       1000 bytes,      78176 total
- age   5:       1344 bytes,      79520 total
- age   6:         88 bytes,      79608 total
: 136920K->218K(153344K), 0.0061595 secs] 265900K->129462K(1031552K), 0.0062844 secs] [Times: user=0.01 sys=0.00, real=0.01 secs] 
2016-08-24T16:11:34.889+0000: 7413.811: Total time for which application threads were stopped: 0.0072023 seconds, Stopping threads took: 0.0001720 seconds
2016-08-24T16:11:34.929+0000: 7413.851: [GC (Allocation Failure) 7413.851: [ParNew
Desired survivor size 8716288 bytes, new threshold 6 (max 6)
- age   1:      78272 bytes,      78272 total
- age   2:      15352 bytes,      93624 total
- age   4:       1000 bytes,      94624 total
- age   6:       1344 bytes,      95968 total
: 136538K->149K(153344K), 0.0050367 secs] 265782K->129392K(1031552K), 0.0051692 secs] [Times: user=0.01 sys=0.00, real=0.00 secs] 
2016-08-24T16:11:34.934+0000: 7413.856: Total time for which application threads were stopped: 0.0060529 seconds, Stopping threads took: 0.0001164 seconds
2016-08-24T16:11:34.976+0000: 7413.897: [GC (Allocation Failure) 7413.898: [ParNew
Desired survivor size 8716288 bytes, new threshold 6 (max 6)
- age   1:      67344 bytes,      67344 total
- age   3:       1000 bytes,      68344 total
- age   5:        968 bytes,      69312 total
: 136469K->89K(153344K), 0.0051715 secs] 265712K->129334K(1031552K), 0.0052861 secs] [Times: user=0.01 sys=0.00, real=0.01 secs] 
2016-08-24T16:11:34.981+0000: 7413.903: Total time for which application threads were stopped: 0.0061742 seconds, Stopping threads took: 0.0001214 seconds
2016-08-24T16:11:35.021+0000: 7413.943: [GC (Allocation Failure) 7413.943: [ParNew
Desired survivor size 8716288 bytes, new threshold 6 (max 6)
- age   1:      62520 bytes,      62520 total
- age   2:      19160 bytes,      81680 total
- age   4:       1000 bytes,      82680 total
- age   6:        968 bytes,      83648 total
: 136409K->101K(153344K), 0.0052943 secs] 265654K->129346K(1031552K), 0.0054152 secs] [Times: user=0.02 sys=0.00, real=0.00 secs] 
2016-08-24T16:11:35.027+0000: 7413.948: Total time for which application threads were stopped: 0.0062613 seconds, Stopping threads took: 0.0001132 seconds
2016-08-24T16:11:35.068+0000: 7413.989: [GC (Allocation Failure) 7413.989: [ParNew
Desired survivor size 8716288 bytes, new threshold 6 (max 6)
- age   1:      77424 bytes,      77424 total
- age   3:       1000 bytes,      78424 total
- age   5:        968 bytes,      79392 total
: 136421K->103K(153344K), 0.0060237 secs] 265666K->129349K(1031552K), 0.0061934 secs] [Times: user=0.01 sys=0.00, real=0.01 secs] 
2016-08-24T16:11:35.074+0000: 7413.996: Total time for which application threads were stopped: 0.0073041 seconds, Stopping threads took: 0.0001117 seconds
2016-08-24T16:11:35.164+0000: 7414.086: [GC (Allocation Failure) 7414.086: [ParNew
Desired survivor size 8716288 bytes, new threshold 6 (max 6)
- age   1:     248400 bytes,     248400 total
- age   2:       2296 bytes,     250696 total
- age   4:        968 bytes,     251664 total
- age   6:        968 bytes,     252632 total
: 136423K->267K(153344K), 0.0057857 secs] 265669K->129513K(1031552K), 0.0059334 secs] [Times: user=0.02 sys=0.00, real=0.01 secs] 
2016-08-24T16:11:35.170+0000: 7414.092: Total time for which application threads were stopped: 0.0070662 seconds, Stopping threads took: 0.0001390 seconds
2016-08-24T16:11:44.459+0000: 7423.381: [GC (Allocation Failure) 7423.381: [ParNew
Desired survivor size 8716288 bytes, new threshold 6 (max 6)
- age   1:     796576 bytes,     796576 total
- age   2:     112648 bytes,     909224 total
- age   3:        968 bytes,     910192 total
- age   5:        968 bytes,     911160 total
: 136587K->959K(153344K), 0.0070394 secs] 265833K->130206K(1031552K), 0.0071605 secs] [Times: user=0.01 sys=0.00, real=0.01 secs] 
2016-08-24T16:11:44.467+0000: 7423.388: Total time for which application threads were stopped: 0.0079516 seconds, Stopping threads took: 0.0000997 seconds
2016-08-24T16:11:44.506+0000: 7423.428: [GC (Allocation Failure) 7423.428: [ParNew
Desired survivor size 8716288 bytes, new threshold 6 (max 6)
- age   1:      56624 bytes,      56624 total
- age   2:     166568 bytes,     223192 total
- age   3:      92712 bytes,     315904 total
- age   4:        968 bytes,     316872 total
- age   6:        968 bytes,     317840 total
: 137279K->414K(153344K), 0.0053257 secs] 266526K->129661K(1031552K), 0.0054266 secs] [Times: user=0.01 sys=0.00, real=0.01 secs] 
2016-08-24T16:11:44.512+0000: 7423.433: Total time for which application threads were stopped: 0.0061972 seconds, Stopping threads took: 0.0000899 seconds
2016-08-24T16:11:44.550+0000: 7423.472: [GC (Allocation Failure) 7423.472: [ParNew
Desired survivor size 8716288 bytes, new threshold 6 (max 6)
- age   1:      72880 bytes,      72880 total
- age   2:       4088 bytes,      76968 total
- age   3:     166568 bytes,     243536 total
- age   4:      92712 bytes,     336248 total
- age   5:        968 bytes,     337216 total
: 136734K->587K(153344K), 0.0055900 secs] 265981K->129835K(1031552K), 0.0056960 secs] [Times: user=0.01 sys=0.00, real=0.00 secs] 
2016-08-24T16:11:44.556+0000: 7423.478: Total time for which application threads were stopped: 0.0065343 seconds, Stopping threads took: 0.0000969 seconds
2016-08-24T16:11:44.596+0000: 7423.517: [GC (Allocation Failure) 7423.518: [ParNew
Desired survivor size 8716288 bytes, new threshold 6 (max 6)
- age   1:      45856 bytes,      45856 total
- age   3:       1168 bytes,      47024 total
- age   4:     164720 bytes,     211744 total
- age   5:      92712 bytes,     304456 total
- age   6:        968 bytes,     305424 total
: 136907K->376K(153344K), 0.0054072 secs] 266155K->129624K(1031552K), 0.0055112 secs] [Times: user=0.01 sys=0.00, real=0.01 secs] 
2016-08-24T16:11:44.602+0000: 7423.523: Total time for which application threads were stopped: 0.0063214 seconds, Stopping threads took: 0.0000958 seconds
2016-08-24T16:11:44.642+0000: 7423.564: [GC (Allocation Failure) 7423.564: [ParNew
Desired survivor size 8716288 bytes, new threshold 6 (max 6)
- age   1:      62224 bytes,      62224 total
- age   2:       5536 bytes,      67760 total
- age   4:       1168 bytes,      68928 total
- age   5:     164720 bytes,     233648 total
- age   6:      92712 bytes,     326360 total
: 136696K->516K(153344K), 0.0055177 secs] 265944K->129765K(1031552K), 0.0056227 secs] [Times: user=0.01 sys=0.00, real=0.00 secs] 
2016-08-24T16:11:44.648+0000: 7423.569: Total time for which application threads were stopped: 0.0064518 seconds, Stopping threads took: 0.0001026 seconds
2016-08-24T16:11:44.687+0000: 7423.608: [GC (Allocation Failure) 7423.608: [ParNew
Desired survivor size 8716288 bytes, new threshold 6 (max 6)
- age   1:      71912 bytes,      71912 total
- age   3:       1000 bytes,      72912 total
- age   5:       1136 bytes,      74048 total
- age   6:     162904 bytes,     236952 total
: 136836K->368K(153344K), 0.0054811 secs] 266085K->129710K(1031552K), 0.0055806 secs] [Times: user=0.01 sys=0.00, real=0.01 secs] 
2016-08-24T16:11:44.693+0000: 7423.614: Total time for which application threads were stopped: 0.0063845 seconds, Stopping threads took: 0.0000998 seconds
2016-08-24T16:11:44.733+0000: 7423.655: [GC (Allocation Failure) 7423.655: [ParNew
Desired survivor size 8716288 bytes, new threshold 6 (max 6)
- age   1:      73848 bytes,      73848 total
- age   2:       9064 bytes,      82912 total
- age   4:       1000 bytes,      83912 total
- age   6:       1136 bytes,      85048 total
: 136688K->148K(153344K), 0.0058702 secs] 266030K->129652K(1031552K), 0.0059793 secs] [Times: user=0.01 sys=0.00, real=0.00 secs] 
2016-08-24T16:11:44.739+0000: 7423.661: Total time for which application threads were stopped: 0.0067989 seconds, Stopping threads took: 0.0001016 seconds
2016-08-24T16:11:44.781+0000: 7423.702: [GC (Allocation Failure) 7423.702: [ParNew
Desired survivor size 8716288 bytes, new threshold 6 (max 6)
- age   1:      80112 bytes,      80112 total
- age   3:       1000 bytes,      81112 total
- age   5:        968 bytes,      82080 total
: 136468K->106K(153344K), 0.0051727 secs] 265972K->129612K(1031552K), 0.0053037 secs] [Times: user=0.01 sys=0.00, real=0.00 secs] 
2016-08-24T16:11:44.786+0000: 7423.708: Total time for which application threads were stopped: 0.0061681 seconds, Stopping threads took: 0.0001277 seconds
2016-08-24T16:11:44.826+0000: 7423.748: [GC (Allocation Failure) 7423.748: [ParNew
Desired survivor size 8716288 bytes, new threshold 6 (max 6)
- age   1:      72616 bytes,      72616 total
- age   2:      12480 bytes,      85096 total
- age   4:       1000 bytes,      86096 total
- age   6:        968 bytes,      87064 total
: 136426K->104K(153344K), 0.0056562 secs] 265932K->129610K(1031552K), 0.0058207 secs] [Times: user=0.00 sys=0.00, real=0.01 secs] 
2016-08-24T16:11:44.832+0000: 7423.754: Total time for which application threads were stopped: 0.0067345 seconds, Stopping threads took: 0.0001376 seconds
2016-08-24T16:11:44.874+0000: 7423.796: [GC (Allocation Failure) 7423.796: [ParNew
Desired survivor size 8716288 bytes, new threshold 6 (max 6)
- age   1:      62088 bytes,      62088 total
- age   3:       1000 bytes,      63088 total
- age   5:        968 bytes,      64056 total
: 136424K->105K(153344K), 0.0055365 secs] 265930K->129612K(1031552K), 0.0056526 secs] [Times: user=0.01 sys=0.00, real=0.00 secs] 
2016-08-24T16:11:44.880+0000: 7423.801: Total time for which application threads were stopped: 0.0065253 seconds, Stopping threads took: 0.0001449 seconds
2016-08-24T16:11:44.922+0000: 7423.844: [GC (Allocation Failure) 7423.844: [ParNew
Desired survivor size 8716288 bytes, new threshold 6 (max 6)
- age   1:      75136 bytes,      75136 total
- age   2:      14704 bytes,      89840 total
- age   4:       1000 bytes,      90840 total
- age   6:        968 bytes,      91808 total
: 136425K->108K(153344K), 0.0053210 secs] 265932K->129614K(1031552K), 0.0054622 secs] [Times: user=0.01 sys=0.00, real=0.00 secs] 
2016-08-24T16:11:44.928+0000: 7423.849: Total time for which application threads were stopped: 0.0064818 seconds, Stopping threads took: 0.0001031 seconds
2016-08-24T16:11:51.930+0000: 7430.852: Total time for which application threads were stopped: 0.0009784 seconds, Stopping threads took: 0.0001355 seconds
2016-08-24T16:11:54.466+0000: 7433.387: [GC (Allocation Failure) 7433.387: [ParNew
Desired survivor size 8716288 bytes, new threshold 6 (max 6)
- age   1:    1162104 bytes,    1162104 total
- age   3:        968 bytes,    1163072 total
- age   5:        968 bytes,    1164040 total
: 136428K->1181K(153344K), 0.0079841 secs] 265934K->130688K(1031552K), 0.0081239 secs] [Times: user=0.02 sys=0.00, real=0.01 secs] 
2016-08-24T16:11:54.474+0000: 7433.396: Total time for which application threads were stopped: 0.0089369 seconds, Stopping threads took: 0.0000993 seconds
2016-08-24T16:11:54.513+0000: 7433.435: [GC (Allocation Failure) 7433.435: [ParNew
Desired survivor size 8716288 bytes, new threshold 6 (max 6)
- age   1:      78536 bytes,      78536 total
- age   2:     329672 bytes,     408208 total
- age   4:        968 bytes,     409176 total
- age   6:        968 bytes,     410144 total
: 137501K->594K(153344K), 0.0052610 secs] 267008K->130101K(1031552K), 0.0053677 secs] [Times: user=0.01 sys=0.00, real=0.00 secs] 
2016-08-24T16:11:54.519+0000: 7433.440: Total time for which application threads were stopped: 0.0062184 seconds, Stopping threads took: 0.0000990 seconds
2016-08-24T16:11:54.558+0000: 7433.479: [GC (Allocation Failure) 7433.479: [ParNew
Desired survivor size 8716288 bytes, new threshold 6 (max 6)
- age   1:      62728 bytes,      62728 total
- age   2:        320 bytes,      63048 total
- age   3:     314080 bytes,     377128 total
- age   5:        968 bytes,     378096 total
: 136914K->551K(153344K), 0.0055769 secs] 266421K->130059K(1031552K), 0.0056799 secs] [Times: user=0.01 sys=0.00, real=0.01 secs] 
2016-08-24T16:11:54.564+0000: 7433.485: Total time for which application threads were stopped: 0.0064940 seconds, Stopping threads took: 0.0000983 seconds
2016-08-24T16:11:54.604+0000: 7433.525: [GC (Allocation Failure) 7433.525: [ParNew
Desired survivor size 8716288 bytes, new threshold 6 (max 6)
- age   1:      80944 bytes,      80944 total
- age   2:      17456 bytes,      98400 total
- age   3:        320 bytes,      98720 total
- age   4:     314080 bytes,     412800 total
- age   6:        968 bytes,     413768 total
: 136871K->541K(153344K), 0.0056348 secs] 266379K->130049K(1031552K), 0.0057384 secs] [Times: user=0.01 sys=0.00, real=0.01 secs] 
2016-08-24T16:11:54.610+0000: 7433.531: Total time for which application threads were stopped: 0.0065693 seconds, Stopping threads took: 0.0001007 seconds
2016-08-24T16:11:54.649+0000: 7433.571: [GC (Allocation Failure) 7433.571: [ParNew
Desired survivor size 8716288 bytes, new threshold 6 (max 6)
- age   1:      76448 bytes,      76448 total
- age   3:       1096 bytes,      77544 total
- age   4:        320 bytes,      77864 total
- age   5:     312232 bytes,     390096 total
: 136861K->575K(153344K), 0.0055468 secs] 266369K->130084K(1031552K), 0.0056517 secs] [Times: user=0.01 sys=0.00, real=0.00 secs] 
2016-08-24T16:11:54.655+0000: 7433.577: Total time for which application threads were stopped: 0.0064862 seconds, Stopping threads took: 0.0000994 seconds
2016-08-24T16:11:54.694+0000: 7433.615: [GC (Allocation Failure) 7433.615: [ParNew
Desired survivor size 8716288 bytes, new threshold 6 (max 6)
- age   1:      84752 bytes,      84752 total
- age   2:      20016 bytes,     104768 total
- age   4:       1096 bytes,     105864 total
- age   5:        320 bytes,     106184 total
- age   6:     312232 bytes,     418416 total
: 136895K->561K(153344K), 0.0054860 secs] 266404K->130070K(1031552K), 0.0056082 secs] [Times: user=0.01 sys=0.00, real=0.00 secs] 
2016-08-24T16:11:54.700+0000: 7433.621: Total time for which application threads were stopped: 0.0064164 seconds, Stopping threads took: 0.0001009 seconds
2016-08-24T16:11:54.738+0000: 7433.660: [GC (Allocation Failure) 7433.660: [ParNew
Desired survivor size 8716288 bytes, new threshold 6 (max 6)
- age   1:      87536 bytes,      87536 total
- age   3:       1000 bytes,      88536 total
- age   5:       1064 bytes,      89600 total
- age   6:        320 bytes,      89920 total
: 136881K->405K(153344K), 0.0061945 secs] 266390K->130224K(1031552K), 0.0063171 secs] [Times: user=0.02 sys=0.00, real=0.01 secs] 
2016-08-24T16:11:54.745+0000: 7433.666: Total time for which application threads were stopped: 0.0071592 seconds, Stopping threads took: 0.0001009 seconds
2016-08-24T16:11:54.786+0000: 7433.708: [GC (Allocation Failure) 7433.708: [ParNew
Desired survivor size 8716288 bytes, new threshold 6 (max 6)
- age   1:      73424 bytes,      73424 total
- age   2:       1000 bytes,      74424 total
- age   4:        968 bytes,      75392 total
- age   6:       1064 bytes,      76456 total
: 136725K->136K(153344K), 0.0048170 secs] 266544K->129955K(1031552K), 0.0049169 secs] [Times: user=0.01 sys=0.00, real=0.01 secs] 
2016-08-24T16:11:54.791+0000: 7433.713: Total time for which application threads were stopped: 0.0057479 seconds, Stopping threads took: 0.0000957 seconds
2016-08-24T16:11:54.829+0000: 7433.751: [GC (Allocation Failure) 7433.751: [ParNew
Desired survivor size 8716288 bytes, new threshold 6 (max 6)
- age   1:      63312 bytes,      63312 total
- age   2:       4856 bytes,      68168 total
- age   3:       1000 bytes,      69168 total
- age   5:        968 bytes,      70136 total
: 136456K->85K(153344K), 0.0051314 secs] 266275K->129906K(1031552K), 0.0052505 secs] [Times: user=0.01 sys=0.00, real=0.00 secs] 
2016-08-24T16:11:54.835+0000: 7433.756: Total time for which application threads were stopped: 0.0060444 seconds, Stopping threads took: 0.0001035 seconds
2016-08-24T16:11:54.874+0000: 7433.795: [GC (Allocation Failure) 7433.795: [ParNew
Desired survivor size 8716288 bytes, new threshold 6 (max 6)
- age   1:      57536 bytes,      57536 total
- age   2:        528 bytes,      58064 total
- age   3:       1000 bytes,      59064 total
- age   4:        968 bytes,      60032 total
- age   6:        968 bytes,      61000 total
: 136405K->70K(153344K), 0.0049206 secs] 266226K->129891K(1031552K), 0.0050214 secs] [Times: user=0.01 sys=0.00, real=0.00 secs] 
2016-08-24T16:11:54.879+0000: 7433.800: Total time for which application threads were stopped: 0.0058402 seconds, Stopping threads took: 0.0000992 seconds
2016-08-24T16:11:54.917+0000: 7433.839: [GC (Allocation Failure) 7433.839: [ParNew
Desired survivor size 8716288 bytes, new threshold 6 (max 6)
- age   1:      70728 bytes,      70728 total
- age   2:       8120 bytes,      78848 total
- age   3:        512 bytes,      79360 total
- age   4:       1000 bytes,      80360 total
- age   5:        968 bytes,      81328 total
: 136390K->89K(153344K), 0.0049159 secs] 266211K->129911K(1031552K), 0.0050271 secs] [Times: user=0.01 sys=0.00, real=0.01 secs] 
2016-08-24T16:11:54.923+0000: 7433.844: Total time for which application threads were stopped: 0.0058385 seconds, Stopping threads took: 0.0000966 seconds
2016-08-24T16:11:58.924+0000: 7437.845: Total time for which application threads were stopped: 0.0006579 seconds, Stopping threads took: 0.0001106 seconds
2016-08-24T16:12:03.926+0000: 7442.848: Total time for which application threads were stopped: 0.0011943 seconds, Stopping threads took: 0.0001856 seconds
2016-08-24T16:12:04.631+0000: 7443.553: [GC (Allocation Failure) 7443.553: [ParNew
Desired survivor size 8716288 bytes, new threshold 6 (max 6)
- age   1:     891184 bytes,     891184 total
- age   2:        512 bytes,     891696 total
- age   3:        968 bytes,     892664 total
- age   4:        512 bytes,     893176 total
- age   5:        968 bytes,     894144 total
- age   6:        968 bytes,     895112 total
: 136409K->907K(153344K), 0.0065964 secs] 266231K->130728K(1031552K), 0.0067151 secs] [Times: user=0.02 sys=0.00, real=0.00 secs] 
2016-08-24T16:12:04.638+0000: 7443.560: Total time for which application threads were stopped: 0.0075542 seconds, Stopping threads took: 0.0000959 seconds
2016-08-24T16:12:04.676+0000: 7443.598: [GC (Allocation Failure) 7443.598: [ParNew
Desired survivor size 8716288 bytes, new threshold 6 (max 6)
- age   1:      84712 bytes,      84712 total
- age   2:     255736 bytes,     340448 total
- age   3:        512 bytes,     340960 total
- age   4:        968 bytes,     341928 total
- age   5:        512 bytes,     342440 total
- age   6:        968 bytes,     343408 total
: 137227K->433K(153344K), 0.0051234 secs] 267048K->130256K(1031552K), 0.0052293 secs] [Times: user=0.01 sys=0.00, real=0.01 secs] 
2016-08-24T16:12:04.682+0000: 7443.603: Total time for which application threads were stopped: 0.0060651 seconds, Stopping threads took: 0.0000979 seconds
2016-08-24T16:12:04.722+0000: 7443.644: [GC (Allocation Failure) 7443.644: [ParNew
Desired survivor size 8716288 bytes, new threshold 6 (max 6)
- age   1:      72096 bytes,      72096 total
- age   3:     246672 bytes,     318768 total
- age   4:        512 bytes,     319280 total
- age   5:        968 bytes,     320248 total
- age   6:        512 bytes,     320760 total
: 136753K->447K(153344K), 0.0056559 secs] 266576K->130270K(1031552K), 0.0057670 secs] [Times: user=0.01 sys=0.00, real=0.01 secs] 
2016-08-24T16:12:04.728+0000: 7443.650: Total time for which application threads were stopped: 0.0065799 seconds, Stopping threads took: 0.0000987 seconds
2016-08-24T16:12:04.772+0000: 7443.693: [GC (Allocation Failure) 7443.693: [ParNew
Desired survivor size 8716288 bytes, new threshold 6 (max 6)
- age   1:      81192 bytes,      81192 total
- age   2:      10704 bytes,      91896 total
- age   4:     246672 bytes,     338568 total
- age   5:        512 bytes,     339080 total
- age   6:        968 bytes,     340048 total
: 136767K->453K(153344K), 0.0050367 secs] 266590K->130277K(1031552K), 0.0051630 secs] [Times: user=0.01 sys=0.00, real=0.00 secs] 
2016-08-24T16:12:04.777+0000: 7443.699: Total time for which application threads were stopped: 0.0060519 seconds, Stopping threads took: 0.0001118 seconds
2016-08-24T16:12:04.817+0000: 7443.739: [GC (Allocation Failure) 7443.739: [ParNew
Desired survivor size 8716288 bytes, new threshold 6 (max 6)
- age   1:      69120 bytes,      69120 total
- age   3:       1096 bytes,      70216 total
- age   5:     244824 bytes,     315040 total
- age   6:        512 bytes,     315552 total
: 136773K->329K(153344K), 0.0056971 secs] 266597K->130154K(1031552K), 0.0058049 secs] [Times: user=0.01 sys=0.00, real=0.01 secs] 
2016-08-24T16:12:04.823+0000: 7443.745: Total time for which application threads were stopped: 0.0066464 seconds, Stopping threads took: 0.0001188 seconds
2016-08-24T16:12:04.863+0000: 7443.785: [GC (Allocation Failure) 7443.785: [ParNew
Desired survivor size 8716288 bytes, new threshold 6 (max 6)
- age   1:      86768 bytes,      86768 total
- age   2:      14088 bytes,     100856 total
- age   4:       1096 bytes,     101952 total
- age   6:     244824 bytes,     346776 total
: 136649K->449K(153344K), 0.0051664 secs] 266474K->130274K(1031552K), 0.0052957 secs] [Times: user=0.01 sys=0.00, real=0.01 secs] 
2016-08-24T16:12:04.869+0000: 7443.790: Total time for which application threads were stopped: 0.0061301 seconds, Stopping threads took: 0.0000971 seconds
2016-08-24T16:12:04.909+0000: 7443.830: [GC (Allocation Failure) 7443.830: [ParNew
Desired survivor size 8716288 bytes, new threshold 6 (max 6)
- age   1:      85976 bytes,      85976 total
- age   3:       1000 bytes,      86976 total
- age   5:       1064 bytes,      88040 total
: 136769K->330K(153344K), 0.0055176 secs] 266594K->130398K(1031552K), 0.0056181 secs] [Times: user=0.01 sys=0.00, real=0.00 secs] 
2016-08-24T16:12:04.914+0000: 7443.836: Total time for which application threads were stopped: 0.0064441 seconds, Stopping threads took: 0.0000974 seconds
2016-08-24T16:12:04.955+0000: 7443.876: [GC (Allocation Failure) 7443.876: [ParNew
Desired survivor size 8716288 bytes, new threshold 6 (max 6)
- age   1:      66624 bytes,      66624 total
- age   2:      17000 bytes,      83624 total
- age   4:       1000 bytes,      84624 total
- age   6:       1064 bytes,      85688 total
: 136650K->160K(153344K), 0.0048492 secs] 266718K->130228K(1031552K), 0.0049503 secs] [Times: user=0.01 sys=0.00, real=0.00 secs] 
2016-08-24T16:12:04.960+0000: 7443.881: Total time for which application threads were stopped: 0.0057747 seconds, Stopping threads took: 0.0000980 seconds
2016-08-24T16:12:05.001+0000: 7443.923: [GC (Allocation Failure) 7443.923: [ParNew
Desired survivor size 8716288 bytes, new threshold 6 (max 6)
- age   1:      62896 bytes,      62896 total
- age   3:       1000 bytes,      63896 total
- age   5:       1000 bytes,      64896 total
: 136480K->84K(153344K), 0.0049341 secs] 266548K->130153K(1031552K), 0.0050386 secs] [Times: user=0.01 sys=0.00, real=0.00 secs] 
2016-08-24T16:12:05.007+0000: 7443.928: Total time for which application threads were stopped: 0.0059571 seconds, Stopping threads took: 0.0001004 seconds
2016-08-24T16:12:05.045+0000: 7443.966: [GC (Allocation Failure) 7443.966: [ParNew
Desired survivor size 8716288 bytes, new threshold 6 (max 6)
- age   1:      63216 bytes,      63216 total
- age   2:      19600 bytes,      82816 total
- age   4:       1000 bytes,      83816 total
- age   6:       1000 bytes,      84816 total
: 136404K->92K(153344K), 0.0046185 secs] 266473K->130161K(1031552K), 0.0047170 secs] [Times: user=0.01 sys=0.00, real=0.01 secs] 
2016-08-24T16:12:05.049+0000: 7443.971: Total time for which application threads were stopped: 0.0055869 seconds, Stopping threads took: 0.0000956 seconds
2016-08-24T16:12:05.089+0000: 7444.010: [GC (Allocation Failure) 7444.010: [ParNew
Desired survivor size 8716288 bytes, new threshold 6 (max 6)
- age   1:      77408 bytes,      77408 total
- age   3:       1000 bytes,      78408 total
- age   5:        968 bytes,      79376 total
: 136412K->98K(153344K), 0.0050551 secs] 266481K->130168K(1031552K), 0.0051596 secs] [Times: user=0.01 sys=0.00, real=0.00 secs] 
2016-08-24T16:12:05.094+0000: 7444.015: Total time for which application threads were stopped: 0.0059893 seconds, Stopping threads took: 0.0000925 seconds
2016-08-24T16:12:08.521+0000: 7447.442: [GC (Allocation Failure) 7447.442: [ParNew
Desired survivor size 8716288 bytes, new threshold 6 (max 6)
- age   1:     403216 bytes,     403216 total
- age   2:        968 bytes,     404184 total
- age   4:        968 bytes,     405152 total
- age   6:        968 bytes,     406120 total
: 136418K->413K(153344K), 0.0057758 secs] 266488K->130483K(1031552K), 0.0058803 secs] [Times: user=0.01 sys=0.00, real=0.00 secs] 
2016-08-24T16:12:08.527+0000: 7447.448: Total time for which application threads were stopped: 0.0066929 seconds, Stopping threads took: 0.0001116 seconds
2016-08-24T16:12:10.530+0000: 7449.451: Total time for which application threads were stopped: 0.0020718 seconds, Stopping threads took: 0.0003062 seconds
2016-08-24T16:12:10.672+0000: 7449.593: Total time for which application threads were stopped: 0.0018079 seconds, Stopping threads took: 0.0002430 seconds
2016-08-24T16:12:10.674+0000: 7449.595: Total time for which application threads were stopped: 0.0015488 seconds, Stopping threads took: 0.0001825 seconds
2016-08-24T16:12:10.676+0000: 7449.597: Total time for which application threads were stopped: 0.0013681 seconds, Stopping threads took: 0.0001541 seconds
2016-08-24T16:12:10.858+0000: 7449.779: Total time for which application threads were stopped: 0.0006376 seconds, Stopping threads took: 0.0000924 seconds
2016-08-24T16:12:10.858+0000: 7449.780: Total time for which application threads were stopped: 0.0002791 seconds, Stopping threads took: 0.0000323 seconds
2016-08-24T16:12:10.859+0000: 7449.780: Total time for which application threads were stopped: 0.0003942 seconds, Stopping threads took: 0.0000547 seconds
2016-08-24T16:12:14.916+0000: 7453.838: [GC (Allocation Failure) 7453.838: [ParNew
Desired survivor size 8716288 bytes, new threshold 6 (max 6)
- age   1:     697928 bytes,     697928 total
- age   2:      94448 bytes,     792376 total
- age   3:        968 bytes,     793344 total
- age   5:        968 bytes,     794312 total
: 136733K->828K(153344K), 0.0072031 secs] 266803K->130899K(1031552K), 0.0073139 secs] [Times: user=0.01 sys=0.00, real=0.01 secs] 
2016-08-24T16:12:14.924+0000: 7453.845: Total time for which application threads were stopped: 0.0081476 seconds, Stopping threads took: 0.0001073 seconds
2016-08-24T16:12:14.964+0000: 7453.885: [GC (Allocation Failure) 7453.885: [ParNew
Desired survivor size 8716288 bytes, new threshold 6 (max 6)
- age   1:      69120 bytes,      69120 total
- age   2:     161568 bytes,     230688 total
- age   3:      91928 bytes,     322616 total
- age   4:        968 bytes,     323584 total
- age   6:        968 bytes,     324552 total
: 137148K->414K(153344K), 0.0052739 secs] 267219K->130485K(1031552K), 0.0053754 secs] [Times: user=0.01 sys=0.00, real=0.01 secs] 
2016-08-24T16:12:14.969+0000: 7453.891: Total time for which application threads were stopped: 0.0061478 seconds, Stopping threads took: 0.0000915 seconds
2016-08-24T16:12:15.009+0000: 7453.930: [GC (Allocation Failure) 7453.930: [ParNew
Desired survivor size 8716288 bytes, new threshold 6 (max 6)
- age   1:      70192 bytes,      70192 total
- age   2:       4224 bytes,      74416 total
- age   3:     161568 bytes,     235984 total
- age   4:      91928 bytes,     327912 total
- age   5:        968 bytes,     328880 total
: 136734K->442K(153344K), 0.0058726 secs] 266805K->130514K(1031552K), 0.0059923 secs] [Times: user=0.01 sys=0.00, real=0.00 secs] 
2016-08-24T16:12:15.015+0000: 7453.936: Total time for which application threads were stopped: 0.0068962 seconds, Stopping threads took: 0.0001020 seconds
2016-08-24T16:12:15.054+0000: 7453.976: [GC (Allocation Failure) 7453.976: [ParNew
Desired survivor size 8716288 bytes, new threshold 6 (max 6)
- age   1:      55848 bytes,      55848 total
- age   3:       1120 bytes,      56968 total
- age   4:     159720 bytes,     216688 total
- age   5:      91928 bytes,     308616 total
- age   6:        968 bytes,     309584 total
: 136762K->458K(153344K), 0.0060008 secs] 266834K->130530K(1031552K), 0.0061233 secs] [Times: user=0.01 sys=0.00, real=0.01 secs] 
2016-08-24T16:12:15.061+0000: 7453.982: Total time for which application threads were stopped: 0.0069721 seconds, Stopping threads took: 0.0001174 seconds
2016-08-24T16:12:15.101+0000: 7454.023: [GC (Allocation Failure) 7454.023: [ParNew
Desired survivor size 8716288 bytes, new threshold 6 (max 6)
- age   1:      62280 bytes,      62280 total
- age   2:       6192 bytes,      68472 total
- age   4:       1120 bytes,      69592 total
- age   5:     159720 bytes,     229312 total
- age   6:      91928 bytes,     321240 total
: 136778K->443K(153344K), 0.0061953 secs] 266850K->130515K(1031552K), 0.0063245 secs] [Times: user=0.01 sys=0.00, real=0.00 secs] 
2016-08-24T16:12:15.108+0000: 7454.029: Total time for which application threads were stopped: 0.0071755 seconds, Stopping threads took: 0.0000991 seconds
2016-08-24T16:12:15.149+0000: 7454.070: [GC (Allocation Failure) 7454.070: [ParNew
Desired survivor size 8716288 bytes, new threshold 6 (max 6)
- age   1:      50288 bytes,      50288 total
- age   3:       1000 bytes,      51288 total
- age   5:       1088 bytes,      52376 total
- age   6:     157904 bytes,     210280 total
: 136763K->312K(153344K), 0.0055860 secs] 266835K->130476K(1031552K), 0.0056943 secs] [Times: user=0.01 sys=0.00, real=0.00 secs] 
2016-08-24T16:12:15.155+0000: 7454.076: Total time for which application threads were stopped: 0.0065787 seconds, Stopping threads took: 0.0001134 seconds
2016-08-24T16:12:15.192+0000: 7454.114: [GC (Allocation Failure) 7454.114: [ParNew
Desired survivor size 8716288 bytes, new threshold 6 (max 6)
- age   1:      62840 bytes,      62840 total
- age   2:       9432 bytes,      72272 total
- age   4:       1000 bytes,      73272 total
- age   6:       1088 bytes,      74360 total
: 136632K->231K(153344K), 0.0059255 secs] 266796K->130553K(1031552K), 0.0060292 secs] [Times: user=0.01 sys=0.00, real=0.00 secs] 
2016-08-24T16:12:15.198+0000: 7454.120: Total time for which application threads were stopped: 0.0068913 seconds, Stopping threads took: 0.0000962 seconds
2016-08-24T16:12:15.237+0000: 7454.159: [GC (Allocation Failure) 7454.159: [ParNew
Desired survivor size 8716288 bytes, new threshold 6 (max 6)
- age   1:      72640 bytes,      72640 total
- age   3:       1000 bytes,      73640 total
- age   5:        968 bytes,      74608 total
: 136551K->121K(153344K), 0.0051929 secs] 266873K->130444K(1031552K), 0.0052928 secs] [Times: user=0.01 sys=0.00, real=0.01 secs] 
2016-08-24T16:12:15.243+0000: 7454.164: Total time for which application threads were stopped: 0.0060940 seconds, Stopping threads took: 0.0000972 seconds
2016-08-24T16:12:15.280+0000: 7454.202: [GC (Allocation Failure) 7454.202: [ParNew
Desired survivor size 8716288 bytes, new threshold 6 (max 6)
- age   1:      85032 bytes,      85032 total
- age   2:      12992 bytes,      98024 total
- age   4:       1000 bytes,      99024 total
- age   6:        968 bytes,      99992 total
: 136441K->118K(153344K), 0.0053093 secs] 266764K->130441K(1031552K), 0.0054089 secs] [Times: user=0.01 sys=0.00, real=0.00 secs] 
2016-08-24T16:12:15.286+0000: 7454.208: Total time for which application threads were stopped: 0.0062838 seconds, Stopping threads took: 0.0000988 seconds
2016-08-24T16:12:15.325+0000: 7454.247: [GC (Allocation Failure) 7454.247: [ParNew
Desired survivor size 8716288 bytes, new threshold 6 (max 6)
- age   1:      65168 bytes,      65168 total
- age   3:       1000 bytes,      66168 total
- age   5:        968 bytes,      67136 total
: 136438K->88K(153344K), 0.0053174 secs] 266761K->130412K(1031552K), 0.0054141 secs] [Times: user=0.01 sys=0.00, real=0.01 secs] 
2016-08-24T16:12:15.331+0000: 7454.252: Total time for which application threads were stopped: 0.0062041 seconds, Stopping threads took: 0.0000964 seconds
2016-08-24T16:12:15.371+0000: 7454.292: [GC (Allocation Failure) 7454.292: [ParNew
Desired survivor size 8716288 bytes, new threshold 6 (max 6)
- age   1:      74880 bytes,      74880 total
- age   2:      15264 bytes,      90144 total
- age   4:       1000 bytes,      91144 total
- age   6:        968 bytes,      92112 total
: 136408K->109K(153344K), 0.0053009 secs] 266732K->130433K(1031552K), 0.0054041 secs] [Times: user=0.01 sys=0.00, real=0.00 secs] 
2016-08-24T16:12:15.376+0000: 7454.298: Total time for which application threads were stopped: 0.0062813 seconds, Stopping threads took: 0.0001194 seconds
2016-08-24T16:12:18.378+0000: 7457.300: Total time for which application threads were stopped: 0.0013388 seconds, Stopping threads took: 0.0002473 seconds
2016-08-24T16:12:20.380+0000: 7459.301: Total time for which application threads were stopped: 0.0006558 seconds, Stopping threads took: 0.0001117 seconds
2016-08-24T16:12:24.230+0000: 7463.152: [GC (Allocation Failure) 7463.152: [ParNew
Desired survivor size 8716288 bytes, new threshold 6 (max 6)
- age   1:    1189496 bytes,    1189496 total
- age   3:        968 bytes,    1190464 total
- age   5:        968 bytes,    1191432 total
: 136429K->1194K(153344K), 0.0092795 secs] 266753K->131519K(1031552K), 0.0094338 secs] [Times: user=0.02 sys=0.00, real=0.00 secs] 
2016-08-24T16:12:24.240+0000: 7463.161: Total time for which application threads were stopped: 0.0102482 seconds, Stopping threads took: 0.0000897 seconds
2016-08-24T16:12:24.279+0000: 7463.201: [GC (Allocation Failure) 7463.201: [ParNew
Desired survivor size 8716288 bytes, new threshold 6 (max 6)
- age   1:      61864 bytes,      61864 total
- age   2:     295032 bytes,     356896 total
- age   4:        968 bytes,     357864 total
- age   6:        968 bytes,     358832 total
: 137514K->513K(153344K), 0.0070775 secs] 267839K->130838K(1031552K), 0.0072172 secs] [Times: user=0.01 sys=0.00, real=0.01 secs] 
2016-08-24T16:12:24.287+0000: 7463.208: Total time for which application threads were stopped: 0.0080308 seconds, Stopping threads took: 0.0000875 seconds
2016-08-24T16:12:24.329+0000: 7463.250: [GC (Allocation Failure) 7463.250: [ParNew
Desired survivor size 8716288 bytes, new threshold 6 (max 6)
- age   1:      82840 bytes,      82840 total
- age   2:         72 bytes,      82912 total
- age   3:     279120 bytes,     362032 total
- age   5:        968 bytes,     363000 total
: 136833K->481K(153344K), 0.0070614 secs] 267158K->130807K(1031552K), 0.0071865 secs] [Times: user=0.01 sys=0.00, real=0.00 secs] 
2016-08-24T16:12:24.336+0000: 7463.257: Total time for which application threads were stopped: 0.0080391 seconds, Stopping threads took: 0.0000897 seconds
2016-08-24T16:12:24.377+0000: 7463.299: [GC (Allocation Failure) 7463.299: [ParNew
Desired survivor size 8716288 bytes, new threshold 6 (max 6)
- age   1:      70656 bytes,      70656 total
- age   2:      17656 bytes,      88312 total
- age   3:         72 bytes,      88384 total
- age   4:     279120 bytes,     367504 total
- age   6:        968 bytes,     368472 total
: 136801K->506K(153344K), 0.0075750 secs] 267127K->130832K(1031552K), 0.0076957 secs] [Times: user=0.02 sys=0.00, real=0.01 secs] 
2016-08-24T16:12:24.385+0000: 7463.307: Total time for which application threads were stopped: 0.0085271 seconds, Stopping threads took: 0.0000894 seconds
2016-08-24T16:12:24.426+0000: 7463.347: [GC (Allocation Failure) 7463.347: [ParNew
Desired survivor size 8716288 bytes, new threshold 6 (max 6)
- age   1:      79520 bytes,      79520 total
- age   3:       1096 bytes,      80616 total
- age   4:         72 bytes,      80688 total
- age   5:     277272 bytes,     357960 total
: 136826K->518K(153344K), 0.0073363 secs] 267152K->130844K(1031552K), 0.0074470 secs] [Times: user=0.01 sys=0.00, real=0.01 secs] 
2016-08-24T16:12:24.433+0000: 7463.355: Total time for which application threads were stopped: 0.0082426 seconds, Stopping threads took: 0.0000903 seconds
2016-08-24T16:12:24.473+0000: 7463.395: [GC (Allocation Failure) 7463.395: [ParNew
Desired survivor size 8716288 bytes, new threshold 6 (max 6)
- age   1:      76112 bytes,      76112 total
- age   2:      20696 bytes,      96808 total
- age   4:       1096 bytes,      97904 total
- age   5:         72 bytes,      97976 total
- age   6:     277272 bytes,     375248 total
: 136838K->512K(153344K), 0.0072392 secs] 267164K->130838K(1031552K), 0.0073491 secs] [Times: user=0.00 sys=0.00, real=0.01 secs] 
2016-08-24T16:12:24.481+0000: 7463.402: Total time for which application threads were stopped: 0.0081269 seconds, Stopping threads took: 0.0000893 seconds
2016-08-24T16:12:24.521+0000: 7463.443: [GC (Allocation Failure) 7463.443: [ParNew
Desired survivor size 8716288 bytes, new threshold 6 (max 6)
- age   1:      85096 bytes,      85096 total
- age   3:       1000 bytes,      86096 total
- age   5:       1064 bytes,      87160 total
- age   6:         72 bytes,      87232 total
: 136832K->363K(153344K), 0.0067239 secs] 267158K->130965K(1031552K), 0.0068391 secs] [Times: user=0.01 sys=0.00, real=0.00 secs] 
2016-08-24T16:12:24.528+0000: 7463.450: Total time for which application threads were stopped: 0.0076624 seconds, Stopping threads took: 0.0000872 seconds
2016-08-24T16:12:24.568+0000: 7463.489: [GC (Allocation Failure) 7463.489: [ParNew
Desired survivor size 8716288 bytes, new threshold 6 (max 6)
- age   1:      49280 bytes,      49280 total
- age   2:       1000 bytes,      50280 total
- age   4:        968 bytes,      51248 total
- age   6:       1064 bytes,      52312 total
: 136683K->125K(153344K), 0.0058792 secs] 267285K->130727K(1031552K), 0.0059772 secs] [Times: user=0.01 sys=0.00, real=0.01 secs] 
2016-08-24T16:12:24.574+0000: 7463.495: Total time for which application threads were stopped: 0.0067465 seconds, Stopping threads took: 0.0000897 seconds
2016-08-24T16:12:24.611+0000: 7463.533: [GC (Allocation Failure) 7463.533: [ParNew
Desired survivor size 8716288 bytes, new threshold 6 (max 6)
- age   1:      84200 bytes,      84200 total
- age   2:       4976 bytes,      89176 total
- age   3:       1000 bytes,      90176 total
- age   5:        968 bytes,      91144 total
: 136445K->98K(153344K), 0.0059376 secs] 267047K->130701K(1031552K), 0.0060366 secs] [Times: user=0.01 sys=0.00, real=0.00 secs] 
2016-08-24T16:12:24.618+0000: 7463.539: Total time for which application threads were stopped: 0.0067939 seconds, Stopping threads took: 0.0000905 seconds
2016-08-24T16:12:24.657+0000: 7463.578: [GC (Allocation Failure) 7463.578: [ParNew
Desired survivor size 8716288 bytes, new threshold 6 (max 6)
- age   1:      66064 bytes,      66064 total
- age   3:       1000 bytes,      67064 total
- age   4:        968 bytes,      68032 total
- age   6:        968 bytes,      69000 total
: 136418K->106K(153344K), 0.0061774 secs] 267021K->130708K(1031552K), 0.0062856 secs] [Times: user=0.01 sys=0.00, real=0.01 secs] 
2016-08-24T16:12:24.663+0000: 7463.585: Total time for which application threads were stopped: 0.0071192 seconds, Stopping threads took: 0.0000910 seconds
2016-08-24T16:12:24.701+0000: 7463.623: [GC (Allocation Failure) 7463.623: [ParNew
Desired survivor size 8716288 bytes, new threshold 6 (max 6)
- age   1:      65232 bytes,      65232 total
- age   2:       8656 bytes,      73888 total
- age   4:       1000 bytes,      74888 total
- age   5:        968 bytes,      75856 total
: 136426K->94K(153344K), 0.0064003 secs] 267028K->130698K(1031552K), 0.0065077 secs] [Times: user=0.01 sys=0.00, real=0.00 secs] 
2016-08-24T16:12:24.708+0000: 7463.629: Total time for which application threads were stopped: 0.0072767 seconds, Stopping threads took: 0.0000906 seconds
2016-08-24T16:12:33.969+0000: 7472.891: [GC (Allocation Failure) 7472.891: [ParNew
Desired survivor size 8716288 bytes, new threshold 6 (max 6)
- age   1:     950824 bytes,     950824 total
- age   3:        968 bytes,     951792 total
- age   5:        968 bytes,     952760 total
- age   6:        968 bytes,     953728 total
: 136414K->958K(153344K), 0.0078295 secs] 267018K->131562K(1031552K), 0.0079615 secs] [Times: user=0.01 sys=0.00, real=0.00 secs] 
2016-08-24T16:12:33.977+0000: 7472.899: Total time for which application threads were stopped: 0.0089053 seconds, Stopping threads took: 0.0001109 seconds
2016-08-24T16:12:34.016+0000: 7472.938: [GC (Allocation Failure) 7472.938: [ParNew
Desired survivor size 8716288 bytes, new threshold 6 (max 6)
- age   1:      86736 bytes,      86736 total
- age   2:     257240 bytes,     343976 total
- age   4:        968 bytes,     344944 total
- age   6:        968 bytes,     345912 total
: 137278K->472K(153344K), 0.0063034 secs] 267882K->131077K(1031552K), 0.0064352 secs] [Times: user=0.01 sys=0.01, real=0.01 secs] 
2016-08-24T16:12:34.023+0000: 7472.944: Total time for which application threads were stopped: 0.0072779 seconds, Stopping threads took: 0.0000982 seconds
2016-08-24T16:12:34.063+0000: 7472.985: [GC (Allocation Failure) 7472.985: [ParNew
Desired survivor size 8716288 bytes, new threshold 6 (max 6)
- age   1:      78952 bytes,      78952 total
- age   2:        344 bytes,      79296 total
- age   3:     247616 bytes,     326912 total
- age   5:        968 bytes,     327880 total
: 136792K->457K(153344K), 0.0073359 secs] 267397K->131063K(1031552K), 0.0074670 secs] [Times: user=0.02 sys=0.00, real=0.01 secs] 
2016-08-24T16:12:34.071+0000: 7472.992: Total time for which application threads were stopped: 0.0083121 seconds, Stopping threads took: 0.0000968 seconds
2016-08-24T16:12:34.110+0000: 7473.031: [GC (Allocation Failure) 7473.031: [ParNew
Desired survivor size 8716288 bytes, new threshold 6 (max 6)
- age   1:      67448 bytes,      67448 total
- age   2:      11064 bytes,      78512 total
- age   3:        344 bytes,      78856 total
- age   4:     247616 bytes,     326472 total
- age   6:        968 bytes,     327440 total
: 136777K->464K(153344K), 0.0059597 secs] 267383K->131070K(1031552K), 0.0060691 secs] [Times: user=0.01 sys=0.00, real=0.00 secs] 
2016-08-24T16:12:34.116+0000: 7473.038: Total time for which application threads were stopped: 0.0068838 seconds, Stopping threads took: 0.0000963 seconds
2016-08-24T16:12:34.157+0000: 7473.078: [GC (Allocation Failure) 7473.078: [ParNew
Desired survivor size 8716288 bytes, new threshold 6 (max 6)
- age   1:      60296 bytes,      60296 total
- age   3:       1096 bytes,      61392 total
- age   4:        344 bytes,      61736 total
- age   5:     245768 bytes,     307504 total
: 136784K->462K(153344K), 0.0056044 secs] 267390K->131068K(1031552K), 0.0057061 secs] [Times: user=0.01 sys=0.00, real=0.01 secs] 
2016-08-24T16:12:34.163+0000: 7473.084: Total time for which application threads were stopped: 0.0065340 seconds, Stopping threads took: 0.0000984 seconds
2016-08-24T16:12:34.201+0000: 7473.123: [GC (Allocation Failure) 7473.123: [ParNew
Desired survivor size 8716288 bytes, new threshold 6 (max 6)
- age   1:      69392 bytes,      69392 total
- age   2:      14088 bytes,      83480 total
- age   4:       1096 bytes,      84576 total
- age   5:        344 bytes,      84920 total
- age   6:     245768 bytes,     330688 total
: 136782K->573K(153344K), 0.0056243 secs] 267388K->131180K(1031552K), 0.0057317 secs] [Times: user=0.01 sys=0.00, real=0.00 secs] 
2016-08-24T16:12:34.207+0000: 7473.129: Total time for which application threads were stopped: 0.0065631 seconds, Stopping threads took: 0.0001006 seconds
2016-08-24T16:12:34.246+0000: 7473.167: [GC (Allocation Failure) 7473.168: [ParNew
Desired survivor size 8716288 bytes, new threshold 6 (max 6)
- age   1:      69976 bytes,      69976 total
- age   3:       1000 bytes,      70976 total
- age   5:       1064 bytes,      72040 total
- age   6:        344 bytes,      72384 total
: 136893K->209K(153344K), 0.0058697 secs] 267500K->131058K(1031552K), 0.0059778 secs] [Times: user=0.01 sys=0.00, real=0.01 secs] 
2016-08-24T16:12:34.252+0000: 7473.174: Total time for which application threads were stopped: 0.0068486 seconds, Stopping threads took: 0.0000991 seconds
2016-08-24T16:12:34.292+0000: 7473.213: [GC (Allocation Failure) 7473.213: [ParNew
Desired survivor size 8716288 bytes, new threshold 6 (max 6)
- age   1:      85952 bytes,      85952 total
- age   2:      17280 bytes,     103232 total
- age   4:       1000 bytes,     104232 total
- age   6:       1064 bytes,     105296 total
: 136529K->141K(153344K), 0.0054035 secs] 267378K->130991K(1031552K), 0.0055099 secs] [Times: user=0.01 sys=0.00, real=0.00 secs] 
2016-08-24T16:12:34.297+0000: 7473.219: Total time for which application threads were stopped: 0.0063238 seconds, Stopping threads took: 0.0000933 seconds
2016-08-24T16:12:34.339+0000: 7473.260: [GC (Allocation Failure) 7473.260: [ParNew
Desired survivor size 8716288 bytes, new threshold 6 (max 6)
- age   1:      81512 bytes,      81512 total
- age   3:       1000 bytes,      82512 total
- age   5:        968 bytes,      83480 total
: 136461K->130K(153344K), 0.0055399 secs] 267311K->130981K(1031552K), 0.0056573 secs] [Times: user=0.01 sys=0.00, real=0.01 secs] 
2016-08-24T16:12:34.344+0000: 7473.266: Total time for which application threads were stopped: 0.0064804 seconds, Stopping threads took: 0.0001009 seconds
2016-08-24T16:12:34.384+0000: 7473.306: [GC (Allocation Failure) 7473.306: [ParNew
Desired survivor size 8716288 bytes, new threshold 6 (max 6)
- age   1:      82488 bytes,      82488 total
- age   2:      20016 bytes,     102504 total
- age   4:       1000 bytes,     103504 total
- age   6:        968 bytes,     104472 total
: 136450K->119K(153344K), 0.0048465 secs] 267301K->130971K(1031552K), 0.0049554 secs] [Times: user=0.01 sys=0.00, real=0.01 secs] 
2016-08-24T16:12:34.390+0000: 7473.311: Total time for which application threads were stopped: 0.0058036 seconds, Stopping threads took: 0.0000971 seconds
2016-08-24T16:12:34.429+0000: 7473.350: [GC (Allocation Failure) 7473.350: [ParNew
Desired survivor size 8716288 bytes, new threshold 6 (max 6)
- age   1:      89232 bytes,      89232 total
- age   3:       1000 bytes,      90232 total
- age   5:        968 bytes,      91200 total
: 136439K->125K(153344K), 0.0049411 secs] 267291K->130978K(1031552K), 0.0050431 secs] [Times: user=0.01 sys=0.00, real=0.00 secs] 
2016-08-24T16:12:34.434+0000: 7473.356: Total time for which application threads were stopped: 0.0058713 seconds, Stopping threads took: 0.0000980 seconds
2016-08-24T16:12:38.593+0000: 7477.514: [GC (Allocation Failure) 7477.515: [ParNew
Desired survivor size 8716288 bytes, new threshold 6 (max 6)
- age   1:     495112 bytes,     495112 total
- age   2:        968 bytes,     496080 total
- age   4:        968 bytes,     497048 total
- age   6:        968 bytes,     498016 total
: 136445K->508K(153344K), 0.0111312 secs] 267298K->131361K(1031552K), 0.0113376 secs] [Times: user=0.02 sys=0.00, real=0.01 secs] 
2016-08-24T16:12:38.604+0000: 7477.526: Total time for which application threads were stopped: 0.0134334 seconds, Stopping threads took: 0.0001945 seconds
2016-08-24T16:12:44.460+0000: 7483.381: [GC (Allocation Failure) 7483.381: [ParNew
Desired survivor size 8716288 bytes, new threshold 6 (max 6)
- age   1:     614816 bytes,     614816 total
- age   2:     108496 bytes,     723312 total
- age   3:        968 bytes,     724280 total
- age   5:        968 bytes,     725248 total
: 136828K->768K(153344K), 0.0073637 secs] 267681K->131621K(1031552K), 0.0074827 secs] [Times: user=0.01 sys=0.00, real=0.01 secs] 
2016-08-24T16:12:44.467+0000: 7483.389: Total time for which application threads were stopped: 0.0082444 seconds, Stopping threads took: 0.0000884 seconds
2016-08-24T16:12:44.506+0000: 7483.428: [GC (Allocation Failure) 7483.428: [ParNew
Desired survivor size 8716288 bytes, new threshold 6 (max 6)
- age   1:      61584 bytes,      61584 total
- age   2:     153856 bytes,     215440 total
- age   3:     106008 bytes,     321448 total
- age   4:        968 bytes,     322416 total
- age   6:        968 bytes,     323384 total
: 137088K->431K(153344K), 0.0062429 secs] 267941K->131284K(1031552K), 0.0063421 secs] [Times: user=0.02 sys=0.00, real=0.01 secs] 
2016-08-24T16:12:44.513+0000: 7483.434: Total time for which application threads were stopped: 0.0070659 seconds, Stopping threads took: 0.0000806 seconds
2016-08-24T16:12:44.551+0000: 7483.472: [GC (Allocation Failure) 7483.472: [ParNew
Desired survivor size 8716288 bytes, new threshold 6 (max 6)
- age   1:      60944 bytes,      60944 total
- age   2:       4456 bytes,      65400 total
- age   3:     153856 bytes,     219256 total
- age   4:     106008 bytes,     325264 total
- age   5:        968 bytes,     326232 total
: 136751K->446K(153344K), 0.0070387 secs] 267604K->131301K(1031552K), 0.0071561 secs] [Times: user=0.02 sys=0.00, real=0.00 secs] 
2016-08-24T16:12:44.558+0000: 7483.479: Total time for which application threads were stopped: 0.0079402 seconds, Stopping threads took: 0.0000874 seconds
2016-08-24T16:12:44.598+0000: 7483.519: [GC (Allocation Failure) 7483.519: [ParNew
Desired survivor size 8716288 bytes, new threshold 6 (max 6)
- age   1:      55168 bytes,      55168 total
- age   3:       1096 bytes,      56264 total
- age   4:     152008 bytes,     208272 total
- age   5:     106008 bytes,     314280 total
- age   6:        968 bytes,     315248 total
: 136766K->456K(153344K), 0.0068735 secs] 267621K->131310K(1031552K), 0.0069935 secs] [Times: user=0.01 sys=0.00, real=0.01 secs] 
2016-08-24T16:12:44.605+0000: 7483.526: Total time for which application threads were stopped: 0.0077577 seconds, Stopping threads took: 0.0000854 seconds
2016-08-24T16:12:44.644+0000: 7483.565: [GC (Allocation Failure) 7483.565: [ParNew
Desired survivor size 8716288 bytes, new threshold 6 (max 6)
- age   1:      66256 bytes,      66256 total
- age   2:       7272 bytes,      73528 total
- age   4:       1096 bytes,      74624 total
- age   5:     152008 bytes,     226632 total
- age   6:     106008 bytes,     332640 total
: 136776K->449K(153344K), 0.0064256 secs] 267630K->131304K(1031552K), 0.0065269 secs] [Times: user=0.01 sys=0.00, real=0.01 secs] 
2016-08-24T16:12:44.650+0000: 7483.572: Total time for which application threads were stopped: 0.0072947 seconds, Stopping threads took: 0.0000868 seconds
2016-08-24T16:12:44.689+0000: 7483.611: [GC (Allocation Failure) 7483.611: [ParNew
Desired survivor size 8716288 bytes, new threshold 6 (max 6)
- age   1:      58712 bytes,      58712 total
- age   3:       1000 bytes,      59712 total
- age   5:       1064 bytes,      60776 total
- age   6:     150192 bytes,     210968 total
: 136769K->321K(153344K), 0.0065116 secs] 267624K->131282K(1031552K), 0.0066123 secs] [Times: user=0.02 sys=0.00, real=0.00 secs] 
2016-08-24T16:12:44.696+0000: 7483.618: Total time for which application threads were stopped: 0.0073647 seconds, Stopping threads took: 0.0000854 seconds
2016-08-24T16:12:44.734+0000: 7483.655: [GC (Allocation Failure) 7483.655: [ParNew
Desired survivor size 8716288 bytes, new threshold 6 (max 6)
- age   1:      80616 bytes,      80616 total
- age   2:       9872 bytes,      90488 total
- age   4:       1000 bytes,      91488 total
- age   6:       1064 bytes,      92552 total
: 136641K->170K(153344K), 0.0063614 secs] 267602K->131281K(1031552K), 0.0064795 secs] [Times: user=0.01 sys=0.00, real=0.01 secs] 
2016-08-24T16:12:44.740+0000: 7483.662: Total time for which application threads were stopped: 0.0072307 seconds, Stopping threads took: 0.0000872 seconds
2016-08-24T16:12:44.782+0000: 7483.704: [GC (Allocation Failure) 7483.704: [ParNew
Desired survivor size 8716288 bytes, new threshold 6 (max 6)
- age   1:      69120 bytes,      69120 total
- age   3:       1000 bytes,      70120 total
- age   5:        968 bytes,      71088 total
: 136490K->119K(153344K), 0.0058648 secs] 267601K->131231K(1031552K), 0.0059949 secs] [Times: user=0.01 sys=0.00, real=0.01 secs] 
2016-08-24T16:12:44.788+0000: 7483.710: Total time for which application threads were stopped: 0.0068002 seconds, Stopping threads took: 0.0000876 seconds
2016-08-24T16:12:44.827+0000: 7483.748: [GC (Allocation Failure) 7483.748: [ParNew
Desired survivor size 8716288 bytes, new threshold 6 (max 6)
- age   1:      61880 bytes,      61880 total
- age   2:      13776 bytes,      75656 total
- age   4:       1000 bytes,      76656 total
- age   6:        968 bytes,      77624 total
: 136439K->89K(153344K), 0.0064090 secs] 267551K->131202K(1031552K), 0.0065117 secs] [Times: user=0.01 sys=0.00, real=0.01 secs] 
2016-08-24T16:12:44.833+0000: 7483.755: Total time for which application threads were stopped: 0.0072830 seconds, Stopping threads took: 0.0000870 seconds
2016-08-24T16:12:44.874+0000: 7483.795: [GC (Allocation Failure) 7483.795: [ParNew
Desired survivor size 8716288 bytes, new threshold 6 (max 6)
- age   1:      72416 bytes,      72416 total
- age   3:       1000 bytes,      73416 total
- age   5:        968 bytes,      74384 total
: 136409K->105K(153344K), 0.0063348 secs] 267522K->131218K(1031552K), 0.0064400 secs] [Times: user=0.01 sys=0.00, real=0.00 secs] 
2016-08-24T16:12:44.880+0000: 7483.802: Total time for which application threads were stopped: 0.0072042 seconds, Stopping threads took: 0.0000851 seconds
2016-08-24T16:12:44.919+0000: 7483.841: [GC (Allocation Failure) 7483.841: [ParNew
Desired survivor size 8716288 bytes, new threshold 6 (max 6)
- age   1:      70584 bytes,      70584 total
- age   2:      15352 bytes,      85936 total
- age   4:       1000 bytes,      86936 total
- age   6:        968 bytes,      87904 total
: 136425K->105K(153344K), 0.0059442 secs] 267538K->131218K(1031552K), 0.0061345 secs] [Times: user=0.01 sys=0.00, real=0.01 secs] 
2016-08-24T16:12:44.925+0000: 7483.847: Total time for which application threads were stopped: 0.0068967 seconds, Stopping threads took: 0.0000888 seconds
2016-08-24T16:12:49.927+0000: 7488.849: Total time for which application threads were stopped: 0.0006336 seconds, Stopping threads took: 0.0000895 seconds
2016-08-24T16:12:54.645+0000: 7493.566: [GC (Allocation Failure) 7493.566: [ParNew
Desired survivor size 8716288 bytes, new threshold 6 (max 6)
- age   1:    1147728 bytes,    1147728 total
- age   3:        968 bytes,    1148696 total
- age   5:        968 bytes,    1149664 total
: 136425K->1140K(153344K), 0.0087717 secs] 267538K->132254K(1031552K), 0.0089058 secs] [Times: user=0.02 sys=0.00, real=0.01 secs] 
2016-08-24T16:12:54.654+0000: 7493.575: Total time for which application threads were stopped: 0.0098397 seconds, Stopping threads took: 0.0000968 seconds
2016-08-24T16:12:54.694+0000: 7493.615: [GC (Allocation Failure) 7493.615: [ParNew
Desired survivor size 8716288 bytes, new threshold 6 (max 6)
- age   1:      70600 bytes,      70600 total
- age   2:     329984 bytes,     400584 total
- age   4:        968 bytes,     401552 total
- age   6:        968 bytes,     402520 total
: 137460K->565K(153344K), 0.0057106 secs] 268574K->131679K(1031552K), 0.0058113 secs] [Times: user=0.01 sys=0.00, real=0.00 secs] 
2016-08-24T16:12:54.700+0000: 7493.621: Total time for which application threads were stopped: 0.0066355 seconds, Stopping threads took: 0.0001191 seconds
2016-08-24T16:12:54.739+0000: 7493.661: [GC (Allocation Failure) 7493.661: [ParNew
Desired survivor size 8716288 bytes, new threshold 6 (max 6)
- age   1:      89424 bytes,      89424 total
- age   2:         96 bytes,      89520 total
- age   3:     313976 bytes,     403496 total
- age   5:        968 bytes,     404464 total
: 136885K->708K(153344K), 0.0064407 secs] 267999K->131823K(1031552K), 0.0065536 secs] [Times: user=0.01 sys=0.00, real=0.01 secs] 
2016-08-24T16:12:54.746+0000: 7493.667: Total time for which application threads were stopped: 0.0073944 seconds, Stopping threads took: 0.0000998 seconds
2016-08-24T16:12:54.786+0000: 7493.708: [GC (Allocation Failure) 7493.708: [ParNew
Desired survivor size 8716288 bytes, new threshold 6 (max 6)
- age   1:      69816 bytes,      69816 total
- age   2:      18032 bytes,      87848 total
- age   3:         96 bytes,      87944 total
- age   4:     313976 bytes,     401920 total
- age   6:        968 bytes,     402888 total
: 137028K->473K(153344K), 0.0065962 secs] 268143K->131588K(1031552K), 0.0067263 secs] [Times: user=0.02 sys=0.00, real=0.01 secs] 
2016-08-24T16:12:54.793+0000: 7493.715: Total time for which application threads were stopped: 0.0077755 seconds, Stopping threads took: 0.0001056 seconds
2016-08-24T16:12:54.834+0000: 7493.755: [GC (Allocation Failure) 7493.755: [ParNew
Desired survivor size 8716288 bytes, new threshold 6 (max 6)
- age   1:      67128 bytes,      67128 total
- age   3:       1096 bytes,      68224 total
- age   4:         96 bytes,      68320 total
- age   5:     312128 bytes,     380448 total
: 136793K->520K(153344K), 0.0070779 secs] 267908K->131636K(1031552K), 0.0072059 secs] [Times: user=0.01 sys=0.00, real=0.01 secs] 
2016-08-24T16:12:54.841+0000: 7493.763: Total time for which application threads were stopped: 0.0079999 seconds, Stopping threads took: 0.0000877 seconds
2016-08-24T16:12:54.882+0000: 7493.804: [GC (Allocation Failure) 7493.804: [ParNew
Desired survivor size 8716288 bytes, new threshold 6 (max 6)
- age   1:      61496 bytes,      61496 total
- age   2:       1000 bytes,      62496 total
- age   4:       1064 bytes,      63560 total
- age   5:         96 bytes,      63656 total
- age   6:     310144 bytes,     373800 total
: 136840K->538K(153344K), 0.0070913 secs] 267956K->131654K(1031552K), 0.0072367 secs] [Times: user=0.02 sys=0.00, real=0.01 secs] 
2016-08-24T16:12:54.890+0000: 7493.811: Total time for which application threads were stopped: 0.0080481 seconds, Stopping threads took: 0.0001097 seconds
2016-08-24T16:12:54.931+0000: 7493.853: [GC (Allocation Failure) 7493.853: [ParNew
Desired survivor size 8716288 bytes, new threshold 6 (max 6)
- age   1:      66056 bytes,      66056 total
- age   2:       4432 bytes,      70488 total
- age   3:       1000 bytes,      71488 total
- age   5:       1064 bytes,      72552 total
- age   6:         96 bytes,      72648 total
: 136858K->365K(153344K), 0.0085917 secs] 267974K->131791K(1031552K), 0.0087278 secs] [Times: user=0.02 sys=0.00, real=0.00 secs] 
2016-08-24T16:12:54.940+0000: 7493.862: Total time for which application threads were stopped: 0.0095790 seconds, Stopping threads took: 0.0000890 seconds
2016-08-24T16:12:54.982+0000: 7493.904: [GC (Allocation Failure) 7493.904: [ParNew
Desired survivor size 8716288 bytes, new threshold 6 (max 6)
- age   1:      63744 bytes,      63744 total
- age   3:       1512 bytes,      65256 total
- age   4:        968 bytes,      66224 total
- age   6:       1064 bytes,      67288 total
: 136685K->122K(153344K), 0.0059015 secs] 268111K->131548K(1031552K), 0.0060229 secs] [Times: user=0.01 sys=0.00, real=0.01 secs] 
2016-08-24T16:12:54.988+0000: 7493.910: Total time for which application threads were stopped: 0.0068426 seconds, Stopping threads took: 0.0000880 seconds
2016-08-24T16:12:55.028+0000: 7493.950: [GC (Allocation Failure) 7493.950: [ParNew
Desired survivor size 8716288 bytes, new threshold 6 (max 6)
- age   1:      62224 bytes,      62224 total
- age   2:       6048 bytes,      68272 total
- age   4:       1512 bytes,      69784 total
- age   5:        968 bytes,      70752 total
: 136442K->79K(153344K), 0.0063405 secs] 267868K->131506K(1031552K), 0.0064984 secs] [Times: user=0.01 sys=0.01, real=0.01 secs] 
2016-08-24T16:12:55.035+0000: 7493.956: Total time for which application threads were stopped: 0.0072920 seconds, Stopping threads took: 0.0000962 seconds
2016-08-24T16:12:55.077+0000: 7493.999: [GC (Allocation Failure) 7493.999: [ParNew
Desired survivor size 8716288 bytes, new threshold 6 (max 6)
- age   1:      66776 bytes,      66776 total
- age   3:       1512 bytes,      68288 total
- age   5:       1480 bytes,      69768 total
- age   6:        968 bytes,      70736 total
: 136399K->85K(153344K), 0.0066598 secs] 267826K->131512K(1031552K), 0.0068102 secs] [Times: user=0.02 sys=0.00, real=0.01 secs] 
2016-08-24T16:12:55.084+0000: 7494.006: Total time for which application threads were stopped: 0.0076078 seconds, Stopping threads took: 0.0000873 seconds
2016-08-24T16:12:55.125+0000: 7494.046: [GC (Allocation Failure) 7494.046: [ParNew
Desired survivor size 8716288 bytes, new threshold 6 (max 6)
- age   1:      62200 bytes,      62200 total
- age   2:       9064 bytes,      71264 total
- age   4:       1512 bytes,      72776 total
- age   6:       1480 bytes,      74256 total
: 136405K->85K(153344K), 0.0050593 secs] 267832K->131513K(1031552K), 0.0051792 secs] [Times: user=0.01 sys=0.00, real=0.01 secs] 
2016-08-24T16:12:55.130+0000: 7494.051: Total time for which application threads were stopped: 0.0060990 seconds, Stopping threads took: 0.0001602 seconds
2016-08-24T16:13:04.801+0000: 7503.722: [GC (Allocation Failure) 7503.722: [ParNew
Desired survivor size 8716288 bytes, new threshold 6 (max 6)
- age   1:     883960 bytes,     883960 total
- age   3:        968 bytes,     884928 total
- age   5:       1480 bytes,     886408 total
: 136405K->875K(153344K), 0.0078420 secs] 267833K->132305K(1031552K), 0.0079748 secs] [Times: user=0.01 sys=0.00, real=0.01 secs] 
2016-08-24T16:13:04.809+0000: 7503.730: Total time for which application threads were stopped: 0.0089196 seconds, Stopping threads took: 0.0001091 seconds
2016-08-24T16:13:04.848+0000: 7503.770: [GC (Allocation Failure) 7503.770: [ParNew
Desired survivor size 8716288 bytes, new threshold 6 (max 6)
- age   1:      63112 bytes,      63112 total
- age   2:     243400 bytes,     306512 total
- age   4:        968 bytes,     307480 total
- age   6:       1480 bytes,     308960 total
: 137195K->425K(153344K), 0.0054700 secs] 268625K->131854K(1031552K), 0.0055837 secs] [Times: user=0.01 sys=0.00, real=0.00 secs] 
2016-08-24T16:13:04.854+0000: 7503.776: Total time for which application threads were stopped: 0.0064396 seconds, Stopping threads took: 0.0000950 seconds
2016-08-24T16:13:04.893+0000: 7503.815: [GC (Allocation Failure) 7503.815: [ParNew
Desired survivor size 8716288 bytes, new threshold 6 (max 6)
- age   1:      58448 bytes,      58448 total
- age   3:     233512 bytes,     291960 total
- age   5:        968 bytes,     292928 total
: 136745K->389K(153344K), 0.0056290 secs] 268174K->131820K(1031552K), 0.0057293 secs] [Times: user=0.01 sys=0.00, real=0.00 secs] 
2016-08-24T16:13:04.899+0000: 7503.821: Total time for which application threads were stopped: 0.0065968 seconds, Stopping threads took: 0.0001318 seconds
2016-08-24T16:13:04.939+0000: 7503.860: [GC (Allocation Failure) 7503.860: [ParNew
Desired survivor size 8716288 bytes, new threshold 6 (max 6)
- age   1:      85520 bytes,      85520 total
- age   2:      12048 bytes,      97568 total
- age   4:     233512 bytes,     331080 total
- age   6:        968 bytes,     332048 total
: 136709K->407K(153344K), 0.0056407 secs] 268140K->131838K(1031552K), 0.0057414 secs] [Times: user=0.02 sys=0.00, real=0.01 secs] 
2016-08-24T16:13:04.945+0000: 7503.866: Total time for which application threads were stopped: 0.0065447 seconds, Stopping threads took: 0.0001009 seconds
2016-08-24T16:13:04.986+0000: 7503.908: [GC (Allocation Failure) 7503.908: [ParNew
Desired survivor size 8716288 bytes, new threshold 6 (max 6)
- age   1:      73824 bytes,      73824 total
- age   3:       1096 bytes,      74920 total
- age   5:     231664 bytes,     306584 total
: 136727K->451K(153344K), 0.0056467 secs] 268158K->131883K(1031552K), 0.0057552 secs] [Times: user=0.01 sys=0.00, real=0.01 secs] 
2016-08-24T16:13:04.992+0000: 7503.913: Total time for which application threads were stopped: 0.0065552 seconds, Stopping threads took: 0.0000994 seconds
2016-08-24T16:13:05.030+0000: 7503.952: [GC (Allocation Failure) 7503.952: [ParNew
Desired survivor size 8716288 bytes, new threshold 6 (max 6)
- age   1:      83768 bytes,      83768 total
- age   2:      14464 bytes,      98232 total
- age   4:       1096 bytes,      99328 total
- age   6:     231664 bytes,     330992 total
: 136771K->434K(153344K), 0.0056074 secs] 268203K->131866K(1031552K), 0.0057082 secs] [Times: user=0.01 sys=0.00, real=0.00 secs] 
2016-08-24T16:13:05.036+0000: 7503.957: Total time for which application threads were stopped: 0.0065103 seconds, Stopping threads took: 0.0000969 seconds
2016-08-24T16:13:05.076+0000: 7503.998: [GC (Allocation Failure) 7503.998: [ParNew
Desired survivor size 8716288 bytes, new threshold 6 (max 6)
- age   1:      67464 bytes,      67464 total
- age   3:       1000 bytes,      68464 total
- age   5:       1064 bytes,      69528 total
: 136754K->319K(153344K), 0.0053561 secs] 268186K->131980K(1031552K), 0.0054731 secs] [Times: user=0.01 sys=0.00, real=0.01 secs] 
2016-08-24T16:13:05.082+0000: 7504.003: Total time for which application threads were stopped: 0.0062804 seconds, Stopping threads took: 0.0000992 seconds
2016-08-24T16:13:05.120+0000: 7504.041: [GC (Allocation Failure) 7504.041: [ParNew
Desired survivor size 8716288 bytes, new threshold 6 (max 6)
- age   1:      65640 bytes,      65640 total
- age   2:      17760 bytes,      83400 total
- age   4:       1000 bytes,      84400 total
- age   6:       1064 bytes,      85464 total
: 136639K->150K(153344K), 0.0056427 secs] 268300K->131811K(1031552K), 0.0057476 secs] [Times: user=0.01 sys=0.00, real=0.01 secs] 
2016-08-24T16:13:05.126+0000: 7504.047: Total time for which application threads were stopped: 0.0065695 seconds, Stopping threads took: 0.0000947 seconds
2016-08-24T16:13:05.166+0000: 7504.087: [GC (Allocation Failure) 7504.087: [ParNew
Desired survivor size 8716288 bytes, new threshold 6 (max 6)
- age   1:      70856 bytes,      70856 total
- age   3:       1000 bytes,      71856 total
- age   5:        968 bytes,      72824 total
: 136470K->90K(153344K), 0.0049853 secs] 268131K->131752K(1031552K), 0.0050850 secs] [Times: user=0.01 sys=0.00, real=0.01 secs] 
2016-08-24T16:13:05.171+0000: 7504.093: Total time for which application threads were stopped: 0.0059062 seconds, Stopping threads took: 0.0000978 seconds
2016-08-24T16:13:05.209+0000: 7504.131: [GC (Allocation Failure) 7504.131: [ParNew
Desired survivor size 8716288 bytes, new threshold 6 (max 6)
- age   1:      73784 bytes,      73784 total
- age   2:      20768 bytes,      94552 total
- age   4:       1000 bytes,      95552 total
- age   6:        968 bytes,      96520 total
: 136410K->111K(153344K), 0.0050573 secs] 268072K->131773K(1031552K), 0.0051529 secs] [Times: user=0.01 sys=0.00, real=0.00 secs] 
2016-08-24T16:13:05.214+0000: 7504.136: Total time for which application threads were stopped: 0.0060021 seconds, Stopping threads took: 0.0000992 seconds
2016-08-24T16:13:05.254+0000: 7504.176: [GC (Allocation Failure) 7504.176: [ParNew
Desired survivor size 8716288 bytes, new threshold 6 (max 6)
- age   1:      66240 bytes,      66240 total
- age   3:       1000 bytes,      67240 total
- age   5:        968 bytes,      68208 total
: 136431K->88K(153344K), 0.0051024 secs] 268093K->131751K(1031552K), 0.0052023 secs] [Times: user=0.01 sys=0.00, real=0.00 secs] 
2016-08-24T16:13:05.260+0000: 7504.181: Total time for which application threads were stopped: 0.0060087 seconds, Stopping threads took: 0.0000991 seconds
2016-08-24T16:13:12.881+0000: 7511.803: [GC (Allocation Failure) 7511.803: [ParNew
Desired survivor size 8716288 bytes, new threshold 6 (max 6)
- age   1:     688784 bytes,     688784 total
- age   2:        968 bytes,     689752 total
- age   4:        968 bytes,     690720 total
- age   6:        968 bytes,     691688 total
: 136408K->696K(153344K), 0.0060060 secs] 268071K->132359K(1031552K), 0.0061279 secs] [Times: user=0.01 sys=0.00, real=0.00 secs] 
2016-08-24T16:13:12.888+0000: 7511.809: Total time for which application threads were stopped: 0.0068720 seconds, Stopping threads took: 0.0000843 seconds
2016-08-24T16:13:13.675+0000: 7512.596: Total time for which application threads were stopped: 0.0006177 seconds, Stopping threads took: 0.0000789 seconds
2016-08-24T16:13:13.675+0000: 7512.596: Total time for which application threads were stopped: 0.0003509 seconds, Stopping threads took: 0.0000302 seconds
2016-08-24T16:13:13.676+0000: 7512.597: Total time for which application threads were stopped: 0.0003604 seconds, Stopping threads took: 0.0000517 seconds
2016-08-24T16:13:13.858+0000: 7512.780: Total time for which application threads were stopped: 0.0006649 seconds, Stopping threads took: 0.0000832 seconds
2016-08-24T16:13:13.858+0000: 7512.780: Total time for which application threads were stopped: 0.0003547 seconds, Stopping threads took: 0.0000318 seconds
2016-08-24T16:13:13.861+0000: 7512.782: Total time for which application threads were stopped: 0.0019301 seconds, Stopping threads took: 0.0000695 seconds
2016-08-24T16:13:13.917+0000: 7512.838: [GC (Allocation Failure) 7512.838: [ParNew
Desired survivor size 8716288 bytes, new threshold 6 (max 6)
- age   1:     351552 bytes,     351552 total
- age   2:     113288 bytes,     464840 total
- age   3:        968 bytes,     465808 total
- age   5:        968 bytes,     466776 total
: 137016K->530K(153344K), 0.0061870 secs] 268679K->132194K(1031552K), 0.0063201 secs] [Times: user=0.01 sys=0.00, real=0.01 secs] 
2016-08-24T16:13:13.923+0000: 7512.844: Total time for which application threads were stopped: 0.0072148 seconds, Stopping threads took: 0.0001118 seconds
2016-08-24T16:13:13.964+0000: 7512.886: [GC (Allocation Failure) 7512.886: [ParNew
Desired survivor size 8716288 bytes, new threshold 6 (max 6)
- age   1:      48752 bytes,      48752 total
- age   2:     119392 bytes,     168144 total
- age   3:     105552 bytes,     273696 total
- age   4:        968 bytes,     274664 total
- age   6:        968 bytes,     275632 total
: 136850K->366K(153344K), 0.0062432 secs] 268514K->132030K(1031552K), 0.0064576 secs] [Times: user=0.01 sys=0.00, real=0.01 secs] 
2016-08-24T16:13:13.971+0000: 7512.892: Total time for which application threads were stopped: 0.0073942 seconds, Stopping threads took: 0.0001238 seconds
2016-08-24T16:13:14.011+0000: 7512.933: [GC (Allocation Failure) 7512.933: [ParNew
Desired survivor size 8716288 bytes, new threshold 6 (max 6)
- age   1:      81736 bytes,      81736 total
- age   2:       4752 bytes,      86488 total
- age   3:     119392 bytes,     205880 total
- age   4:     105552 bytes,     311432 total
- age   5:        968 bytes,     312400 total
: 136686K->379K(153344K), 0.0056253 secs] 268350K->132044K(1031552K), 0.0057312 secs] [Times: user=0.02 sys=0.00, real=0.00 secs] 
2016-08-24T16:13:14.017+0000: 7512.938: Total time for which application threads were stopped: 0.0066167 seconds, Stopping threads took: 0.0001145 seconds
2016-08-24T16:13:14.059+0000: 7512.980: [GC (Allocation Failure) 7512.980: [ParNew
Desired survivor size 8716288 bytes, new threshold 6 (max 6)
- age   1:      73240 bytes,      73240 total
- age   3:       1120 bytes,      74360 total
- age   4:     117544 bytes,     191904 total
- age   5:     105552 bytes,     297456 total
- age   6:        968 bytes,     298424 total
: 136699K->426K(153344K), 0.0054141 secs] 268364K->132091K(1031552K), 0.0055540 secs] [Times: user=0.00 sys=0.00, real=0.01 secs] 
2016-08-24T16:13:14.064+0000: 7512.986: Total time for which application threads were stopped: 0.0065061 seconds, Stopping threads took: 0.0001105 seconds
2016-08-24T16:13:14.103+0000: 7513.025: [GC (Allocation Failure) 7513.025: [ParNew
Desired survivor size 8716288 bytes, new threshold 6 (max 6)
- age   1:      71936 bytes,      71936 total
- age   2:       7832 bytes,      79768 total
- age   4:       1120 bytes,      80888 total
- age   5:     117544 bytes,     198432 total
- age   6:     105552 bytes,     303984 total
: 136746K->421K(153344K), 0.0053152 secs] 268411K->132087K(1031552K), 0.0054374 secs] [Times: user=0.01 sys=0.00, real=0.01 secs] 
2016-08-24T16:13:14.109+0000: 7513.031: Total time for which application threads were stopped: 0.0062731 seconds, Stopping threads took: 0.0000978 seconds
2016-08-24T16:13:14.153+0000: 7513.075: [GC (Allocation Failure) 7513.075: [ParNew
Desired survivor size 8716288 bytes, new threshold 6 (max 6)
- age   1:      61000 bytes,      61000 total
- age   3:       1000 bytes,      62000 total
- age   5:       1088 bytes,      63088 total
- age   6:     115728 bytes,     178816 total
: 136741K->295K(153344K), 0.0057468 secs] 268407K->132067K(1031552K), 0.0058597 secs] [Times: user=0.02 sys=0.00, real=0.00 secs] 
2016-08-24T16:13:14.159+0000: 7513.081: Total time for which application threads were stopped: 0.0067371 seconds, Stopping threads took: 0.0000887 seconds
2016-08-24T16:13:14.200+0000: 7513.121: [GC (Allocation Failure) 7513.121: [ParNew
Desired survivor size 8716288 bytes, new threshold 6 (max 6)
- age   1:      63888 bytes,      63888 total
- age   2:      10864 bytes,      74752 total
- age   4:       1000 bytes,      75752 total
- age   6:       1088 bytes,      76840 total
: 136615K->153K(153344K), 0.0056046 secs] 268387K->132041K(1031552K), 0.0057129 secs] [Times: user=0.01 sys=0.00, real=0.01 secs] 
2016-08-24T16:13:14.205+0000: 7513.127: Total time for which application threads were stopped: 0.0065295 seconds, Stopping threads took: 0.0001001 seconds
2016-08-24T16:13:14.246+0000: 7513.167: [GC (Allocation Failure) 7513.167: [ParNew
Desired survivor size 8716288 bytes, new threshold 6 (max 6)
- age   1:      66712 bytes,      66712 total
- age   3:       1000 bytes,      67712 total
- age   5:        968 bytes,      68680 total
: 136473K->95K(153344K), 0.0055007 secs] 268361K->131983K(1031552K), 0.0056248 secs] [Times: user=0.01 sys=0.00, real=0.01 secs] 
2016-08-24T16:13:14.252+0000: 7513.173: Total time for which application threads were stopped: 0.0064701 seconds, Stopping threads took: 0.0001001 seconds
2016-08-24T16:13:14.294+0000: 7513.215: [GC (Allocation Failure) 7513.215: [ParNew
Desired survivor size 8716288 bytes, new threshold 6 (max 6)
- age   1:      84528 bytes,      84528 total
- age   2:      14088 bytes,      98616 total
- age   4:       1000 bytes,      99616 total
- age   6:        968 bytes,     100584 total
: 136415K->110K(153344K), 0.0049286 secs] 268303K->131998K(1031552K), 0.0050238 secs] [Times: user=0.01 sys=0.00, real=0.00 secs] 
2016-08-24T16:13:14.299+0000: 7513.220: Total time for which application threads were stopped: 0.0059755 seconds, Stopping threads took: 0.0001454 seconds
2016-08-24T16:13:14.338+0000: 7513.259: [GC (Allocation Failure) 7513.259: [ParNew
Desired survivor size 8716288 bytes, new threshold 6 (max 6)
- age   1:      69528 bytes,      69528 total
- age   3:       1000 bytes,      70528 total
- age   5:        968 bytes,      71496 total
: 136430K->112K(153344K), 0.0054510 secs] 268318K->132001K(1031552K), 0.0055614 secs] [Times: user=0.01 sys=0.00, real=0.01 secs] 
2016-08-24T16:13:14.344+0000: 7513.265: Total time for which application threads were stopped: 0.0064002 seconds, Stopping threads took: 0.0000999 seconds
2016-08-24T16:13:14.384+0000: 7513.305: [GC (Allocation Failure) 7513.305: [ParNew
Desired survivor size 8716288 bytes, new threshold 6 (max 6)
- age   1:      66616 bytes,      66616 total
- age   2:      17104 bytes,      83720 total
- age   4:       1000 bytes,      84720 total
- age   6:        968 bytes,      85688 total
: 136432K->101K(153344K), 0.0053779 secs] 268321K->131990K(1031552K), 0.0054719 secs] [Times: user=0.01 sys=0.00, real=0.01 secs] 
2016-08-24T16:13:14.389+0000: 7513.311: Total time for which application threads were stopped: 0.0062674 seconds, Stopping threads took: 0.0001019 seconds
2016-08-24T16:13:24.550+0000: 7523.472: [GC (Allocation Failure) 7523.472: [ParNew
Desired survivor size 8716288 bytes, new threshold 6 (max 6)
- age   1:    1334816 bytes,    1334816 total
- age   3:        968 bytes,    1335784 total
- age   5:        968 bytes,    1336752 total
: 136421K->1312K(153344K), 0.0084663 secs] 268310K->133202K(1031552K), 0.0086013 secs] [Times: user=0.01 sys=0.00, real=0.00 secs] 
2016-08-24T16:13:24.559+0000: 7523.481: Total time for which application threads were stopped: 0.0094388 seconds, Stopping threads took: 0.0001122 seconds
2016-08-24T16:13:24.598+0000: 7523.520: [GC (Allocation Failure) 7523.520: [ParNew
Desired survivor size 8716288 bytes, new threshold 6 (max 6)
- age   1:      70032 bytes,      70032 total
- age   2:     307128 bytes,     377160 total
- age   4:        968 bytes,     378128 total
- age   6:        968 bytes,     379096 total
: 137632K->501K(153344K), 0.0058128 secs] 269522K->132391K(1031552K), 0.0059642 secs] [Times: user=0.01 sys=0.00, real=0.01 secs] 
2016-08-24T16:13:24.604+0000: 7523.526: Total time for which application threads were stopped: 0.0068225 seconds, Stopping threads took: 0.0001017 seconds
2016-08-24T16:13:24.647+0000: 7523.568: [GC (Allocation Failure) 7523.568: [ParNew
Desired survivor size 8716288 bytes, new threshold 6 (max 6)
- age   1:      59552 bytes,      59552 total
- age   2:         72 bytes,      59624 total
- age   3:     291096 bytes,     350720 total
- age   5:        968 bytes,     351688 total
: 136821K->502K(153344K), 0.0070593 secs] 268711K->132393K(1031552K), 0.0072287 secs] [Times: user=0.02 sys=0.00, real=0.01 secs] 
2016-08-24T16:13:24.654+0000: 7523.576: Total time for which application threads were stopped: 0.0083467 seconds, Stopping threads took: 0.0001055 seconds
2016-08-24T16:13:24.708+0000: 7523.630: [GC (Allocation Failure) 7523.630: [ParNew
Desired survivor size 8716288 bytes, new threshold 6 (max 6)
- age   1:      67632 bytes,      67632 total
- age   2:      17944 bytes,      85576 total
- age   3:         72 bytes,      85648 total
- age   4:     291096 bytes,     376744 total
- age   6:        968 bytes,     377712 total
: 136822K->498K(153344K), 0.0057317 secs] 268713K->132389K(1031552K), 0.0058770 secs] [Times: user=0.01 sys=0.00, real=0.00 secs] 
2016-08-24T16:13:24.714+0000: 7523.636: Total time for which application threads were stopped: 0.0067185 seconds, Stopping threads took: 0.0000885 seconds
2016-08-24T16:13:24.758+0000: 7523.680: [GC (Allocation Failure) 7523.680: [ParNew
Desired survivor size 8716288 bytes, new threshold 6 (max 6)
- age   1:      71048 bytes,      71048 total
- age   3:       1096 bytes,      72144 total
- age   4:         72 bytes,      72216 total
- age   5:     289248 bytes,     361464 total
: 136818K->526K(153344K), 0.0073149 secs] 268709K->132418K(1031552K), 0.0074918 secs] [Times: user=0.01 sys=0.00, real=0.01 secs] 
2016-08-24T16:13:24.766+0000: 7523.687: Total time for which application threads were stopped: 0.0085598 seconds, Stopping threads took: 0.0001860 seconds
2016-08-24T16:13:24.813+0000: 7523.735: [GC (Allocation Failure) 7523.735: [ParNew
Desired survivor size 8716288 bytes, new threshold 6 (max 6)
- age   1:      46720 bytes,      46720 total
- age   2:       1072 bytes,      47792 total
- age   4:       1064 bytes,      48856 total
- age   5:         72 bytes,      48928 total
- age   6:     287432 bytes,     336360 total
: 136601K->358K(153344K), 0.0080999 secs] 268493K->132250K(1031552K), 0.0082782 secs] [Times: user=0.02 sys=0.00, real=0.01 secs] 
2016-08-24T16:13:24.822+0000: 7523.743: Total time for which application threads were stopped: 0.0092183 seconds, Stopping threads took: 0.0001045 seconds
2016-08-24T16:13:24.866+0000: 7523.788: [GC (Allocation Failure) 7523.788: [ParNew
Desired survivor size 8716288 bytes, new threshold 6 (max 6)
- age   1:      84280 bytes,      84280 total
- age   2:       1680 bytes,      85960 total
- age   3:       1000 bytes,      86960 total
- age   5:       1064 bytes,      88024 total
- age   6:         72 bytes,      88096 total
: 136678K->334K(153344K), 0.0087746 secs] 268570K->132513K(1031552K), 0.0089094 secs] [Times: user=0.02 sys=0.00, real=0.01 secs] 
2016-08-24T16:13:24.875+0000: 7523.797: Total time for which application threads were stopped: 0.0097566 seconds, Stopping threads took: 0.0000953 seconds
2016-08-24T16:13:24.920+0000: 7523.842: [GC (Allocation Failure) 7523.842: [ParNew
Desired survivor size 8716288 bytes, new threshold 6 (max 6)
- age   1:      59640 bytes,      59640 total
- age   2:        208 bytes,      59848 total
- age   3:        792 bytes,      60640 total
- age   4:        968 bytes,      61608 total
- age   6:       1064 bytes,      62672 total
: 136654K->118K(153344K), 0.0066152 secs] 268833K->132297K(1031552K), 0.0067843 secs] [Times: user=0.02 sys=0.00, real=0.00 secs] 
2016-08-24T16:13:24.927+0000: 7523.849: Total time for which application threads were stopped: 0.0079948 seconds, Stopping threads took: 0.0001234 seconds
2016-08-24T16:13:24.982+0000: 7523.903: [GC (Allocation Failure) 7523.903: [ParNew
Desired survivor size 8716288 bytes, new threshold 6 (max 6)
- age   1:      67760 bytes,      67760 total
- age   2:       6048 bytes,      73808 total
- age   3:        208 bytes,      74016 total
- age   4:        792 bytes,      74808 total
- age   5:        968 bytes,      75776 total
: 136438K->88K(153344K), 0.0057613 secs] 268617K->132268K(1031552K), 0.0059244 secs] [Times: user=0.01 sys=0.00, real=0.00 secs] 
2016-08-24T16:13:24.988+0000: 7523.909: Total time for which application threads were stopped: 0.0068453 seconds, Stopping threads took: 0.0001011 seconds
2016-08-24T16:13:25.032+0000: 7523.953: [GC (Allocation Failure) 7523.953: [ParNew
Desired survivor size 8716288 bytes, new threshold 6 (max 6)
- age   1:      55320 bytes,      55320 total
- age   2:        336 bytes,      55656 total
- age   3:       1512 bytes,      57168 total
- age   4:        208 bytes,      57376 total
- age   5:        760 bytes,      58136 total
- age   6:        968 bytes,      59104 total
: 136408K->91K(153344K), 0.0065616 secs] 268588K->132270K(1031552K), 0.0067553 secs] [Times: user=0.01 sys=0.00, real=0.00 secs] 
2016-08-24T16:13:25.039+0000: 7523.960: Total time for which application threads were stopped: 0.0079120 seconds, Stopping threads took: 0.0001136 seconds
2016-08-24T16:13:25.088+0000: 7524.009: [GC (Allocation Failure) 7524.009: [ParNew
Desired survivor size 8716288 bytes, new threshold 6 (max 6)
- age   1:      60920 bytes,      60920 total
- age   2:       9256 bytes,      70176 total
- age   3:        336 bytes,      70512 total
- age   4:       1512 bytes,      72024 total
- age   5:        208 bytes,      72232 total
- age   6:        760 bytes,      72992 total
: 136411K->78K(153344K), 0.0062628 secs] 268590K->132259K(1031552K), 0.0064025 secs] [Times: user=0.01 sys=0.00, real=0.01 secs] 
2016-08-24T16:13:25.094+0000: 7524.016: Total time for which application threads were stopped: 0.0073126 seconds, Stopping threads took: 0.0001222 seconds
2016-08-24T16:13:34.836+0000: 7533.757: [GC (Allocation Failure) 7533.757: [ParNew
Desired survivor size 8716288 bytes, new threshold 6 (max 6)
- age   1:    1036984 bytes,    1036984 total
- age   3:       1144 bytes,    1038128 total
- age   4:        336 bytes,    1038464 total
- age   5:       1480 bytes,    1039944 total
- age   6:        208 bytes,    1040152 total
: 136398K->1037K(153344K), 0.0079538 secs] 268579K->133219K(1031552K), 0.0080756 secs] [Times: user=0.02 sys=0.00, real=0.01 secs] 
2016-08-24T16:13:34.844+0000: 7533.765: Total time for which application threads were stopped: 0.0089285 seconds, Stopping threads took: 0.0000994 seconds
2016-08-24T16:13:34.882+0000: 7533.804: [GC (Allocation Failure) 7533.804: [ParNew
Desired survivor size 8716288 bytes, new threshold 6 (max 6)
- age   1:      81520 bytes,      81520 total
- age   2:     257272 bytes,     338792 total
- age   4:       1144 bytes,     339936 total
- age   5:        336 bytes,     340272 total
- age   6:       1480 bytes,     341752 total
: 137357K->415K(153344K), 0.0056335 secs] 269539K->132596K(1031552K), 0.0057375 secs] [Times: user=0.01 sys=0.00, real=0.01 secs] 
2016-08-24T16:13:34.888+0000: 7533.810: Total time for which application threads were stopped: 0.0065428 seconds, Stopping threads took: 0.0000982 seconds
2016-08-24T16:13:34.930+0000: 7533.851: [GC (Allocation Failure) 7533.851: [ParNew
Desired survivor size 8716288 bytes, new threshold 6 (max 6)
- age   1:      67000 bytes,      67000 total
- age   2:        272 bytes,      67272 total
- age   3:     248008 bytes,     315280 total
- age   5:       1144 bytes,     316424 total
- age   6:        336 bytes,     316760 total
: 136735K->441K(153344K), 0.0056389 secs] 268916K->132624K(1031552K), 0.0057468 secs] [Times: user=0.01 sys=0.00, real=0.00 secs] 
2016-08-24T16:13:34.936+0000: 7533.857: Total time for which application threads were stopped: 0.0065773 seconds, Stopping threads took: 0.0000982 seconds
2016-08-24T16:13:34.975+0000: 7533.896: [GC (Allocation Failure) 7533.896: [ParNew
Desired survivor size 8716288 bytes, new threshold 6 (max 6)
- age   1:      79952 bytes,      79952 total
- age   2:      11136 bytes,      91088 total
- age   3:        272 bytes,      91360 total
- age   4:     248008 bytes,     339368 total
- age   6:       1144 bytes,     340512 total
: 136761K->464K(153344K), 0.0052563 secs] 268944K->132647K(1031552K), 0.0053601 secs] [Times: user=0.01 sys=0.00, real=0.00 secs] 
2016-08-24T16:13:34.980+0000: 7533.902: Total time for which application threads were stopped: 0.0061677 seconds, Stopping threads took: 0.0000924 seconds
2016-08-24T16:13:35.019+0000: 7533.941: [GC (Allocation Failure) 7533.941: [ParNew
Desired survivor size 8716288 bytes, new threshold 6 (max 6)
- age   1:      82032 bytes,      82032 total
- age   3:       1096 bytes,      83128 total
- age   4:        272 bytes,      83400 total
- age   5:     246160 bytes,     329560 total
: 136784K->454K(153344K), 0.0056054 secs] 268967K->132639K(1031552K), 0.0057111 secs] [Times: user=0.01 sys=0.00, real=0.01 secs] 
2016-08-24T16:13:35.025+0000: 7533.947: Total time for which application threads were stopped: 0.0065435 seconds, Stopping threads took: 0.0001013 seconds
2016-08-24T16:13:35.064+0000: 7533.985: [GC (Allocation Failure) 7533.985: [ParNew
Desired survivor size 8716288 bytes, new threshold 6 (max 6)
- age   1:      64504 bytes,      64504 total
- age   2:      14208 bytes,      78712 total
- age   4:       1096 bytes,      79808 total
- age   5:        272 bytes,      80080 total
- age   6:     246160 bytes,     326240 total
: 136774K->460K(153344K), 0.0054459 secs] 268959K->132645K(1031552K), 0.0055520 secs] [Times: user=0.01 sys=0.00, real=0.01 secs] 
2016-08-24T16:13:35.070+0000: 7533.991: Total time for which application threads were stopped: 0.0063786 seconds, Stopping threads took: 0.0001002 seconds
2016-08-24T16:13:35.110+0000: 7534.032: [GC (Allocation Failure) 7534.032: [ParNew
Desired survivor size 8716288 bytes, new threshold 6 (max 6)
- age   1:      71072 bytes,      71072 total
- age   3:       1000 bytes,      72072 total
- age   5:       1064 bytes,      73136 total
- age   6:        272 bytes,      73408 total
: 136780K->318K(153344K), 0.0057718 secs] 268965K->132745K(1031552K), 0.0058795 secs] [Times: user=0.01 sys=0.00, real=0.00 secs] 
2016-08-24T16:13:35.116+0000: 7534.038: Total time for which application threads were stopped: 0.0066762 seconds, Stopping threads took: 0.0000930 seconds
2016-08-24T16:13:35.154+0000: 7534.076: [GC (Allocation Failure) 7534.076: [ParNew
Desired survivor size 8716288 bytes, new threshold 6 (max 6)
- age   1:      87024 bytes,      87024 total
- age   2:      17280 bytes,     104304 total
- age   4:       1000 bytes,     105304 total
- age   6:       1064 bytes,     106368 total
: 136638K->152K(153344K), 0.0051328 secs] 269065K->132579K(1031552K), 0.0052349 secs] [Times: user=0.01 sys=0.00, real=0.00 secs] 
2016-08-24T16:13:35.160+0000: 7534.081: Total time for which application threads were stopped: 0.0060557 seconds, Stopping threads took: 0.0000980 seconds
2016-08-24T16:13:35.201+0000: 7534.122: [GC (Allocation Failure) 7534.122: [ParNew
Desired survivor size 8716288 bytes, new threshold 6 (max 6)
- age   1:      84376 bytes,      84376 total
- age   3:       1000 bytes,      85376 total
- age   5:        968 bytes,      86344 total
: 136472K->124K(153344K), 0.0051873 secs] 268899K->132553K(1031552K), 0.0052856 secs] [Times: user=0.01 sys=0.00, real=0.00 secs] 
2016-08-24T16:13:35.206+0000: 7534.128: Total time for which application threads were stopped: 0.0061050 seconds, Stopping threads took: 0.0000998 seconds
2016-08-24T16:13:35.245+0000: 7534.166: [GC (Allocation Failure) 7534.166: [ParNew
Desired survivor size 8716288 bytes, new threshold 6 (max 6)
- age   1:      67480 bytes,      67480 total
- age   2:      20016 bytes,      87496 total
- age   4:       1000 bytes,      88496 total
- age   6:        968 bytes,      89464 total
: 136444K->95K(153344K), 0.0051775 secs] 268873K->132524K(1031552K), 0.0052768 secs] [Times: user=0.01 sys=0.00, real=0.01 secs] 
2016-08-24T16:13:35.250+0000: 7534.171: Total time for which application threads were stopped: 0.0061589 seconds, Stopping threads took: 0.0001010 seconds
2016-08-24T16:13:35.290+0000: 7534.211: [GC (Allocation Failure) 7534.211: [ParNew
Desired survivor size 8716288 bytes, new threshold 6 (max 6)
- age   1:      79240 bytes,      79240 total
- age   3:       1000 bytes,      80240 total
- age   5:        968 bytes,      81208 total
: 136415K->107K(153344K), 0.0052092 secs] 268844K->132537K(1031552K), 0.0053108 secs] [Times: user=0.01 sys=0.00, real=0.00 secs] 
2016-08-24T16:13:35.295+0000: 7534.216: Total time for which application threads were stopped: 0.0061522 seconds, Stopping threads took: 0.0001008 seconds
2016-08-24T16:13:39.819+0000: 7538.740: [GC (Allocation Failure) 7538.740: [ParNew
Desired survivor size 8716288 bytes, new threshold 6 (max 6)
- age   1:     594960 bytes,     594960 total
- age   2:        968 bytes,     595928 total
- age   4:        968 bytes,     596896 total
- age   6:        968 bytes,     597864 total
: 136427K->604K(153344K), 0.0062820 secs] 268857K->133034K(1031552K), 0.0064039 secs] [Times: user=0.01 sys=0.00, real=0.01 secs] 
2016-08-24T16:13:39.825+0000: 7538.747: Total time for which application threads were stopped: 0.0071673 seconds, Stopping threads took: 0.0000967 seconds
2016-08-24T16:13:44.443+0000: 7543.364: [GC (Allocation Failure) 7543.364: [ParNew
Desired survivor size 8716288 bytes, new threshold 6 (max 6)
- age   1:     429848 bytes,     429848 total
- age   2:     108680 bytes,     538528 total
- age   3:        968 bytes,     539496 total
- age   5:        968 bytes,     540464 total
: 136924K->579K(153344K), 0.0064584 secs] 269354K->133009K(1031552K), 0.0065689 secs] [Times: user=0.02 sys=0.00, real=0.01 secs] 
2016-08-24T16:13:44.450+0000: 7543.371: Total time for which application threads were stopped: 0.0074046 seconds, Stopping threads took: 0.0000998 seconds
2016-08-24T16:13:44.490+0000: 7543.412: [GC (Allocation Failure) 7543.412: [ParNew
Desired survivor size 8716288 bytes, new threshold 6 (max 6)
- age   1:      63296 bytes,      63296 total
- age   2:     117544 bytes,     180840 total
- age   3:     106232 bytes,     287072 total
- age   4:        968 bytes,     288040 total
- age   6:        968 bytes,     289008 total
: 136899K->377K(153344K), 0.0056072 secs] 269329K->132808K(1031552K), 0.0057058 secs] [Times: user=0.01 sys=0.00, real=0.00 secs] 
2016-08-24T16:13:44.496+0000: 7543.417: Total time for which application threads were stopped: 0.0064913 seconds, Stopping threads took: 0.0000932 seconds
2016-08-24T16:13:44.536+0000: 7543.458: [GC (Allocation Failure) 7543.458: [ParNew
Desired survivor size 8716288 bytes, new threshold 6 (max 6)
- age   1:      64384 bytes,      64384 total
- age   2:       4576 bytes,      68960 total
- age   3:     117544 bytes,     186504 total
- age   4:     106232 bytes,     292736 total
- age   5:        968 bytes,     293704 total
: 136697K->397K(153344K), 0.0054228 secs] 269128K->132828K(1031552K), 0.0055246 secs] [Times: user=0.01 sys=0.00, real=0.01 secs] 
2016-08-24T16:13:44.542+0000: 7543.463: Total time for which application threads were stopped: 0.0064193 seconds, Stopping threads took: 0.0001191 seconds
2016-08-24T16:13:44.581+0000: 7543.503: [GC (Allocation Failure) 7543.503: [ParNew
Desired survivor size 8716288 bytes, new threshold 6 (max 6)
- age   1:      77912 bytes,      77912 total
- age   3:       1096 bytes,      79008 total
- age   4:     115696 bytes,     194704 total
- age   5:     106232 bytes,     300936 total
- age   6:        968 bytes,     301904 total
: 136717K->408K(153344K), 0.0055424 secs] 269148K->132840K(1031552K), 0.0056519 secs] [Times: user=0.01 sys=0.00, real=0.00 secs] 
2016-08-24T16:13:44.587+0000: 7543.508: Total time for which application threads were stopped: 0.0065225 seconds, Stopping threads took: 0.0001304 seconds
2016-08-24T16:13:44.627+0000: 7543.549: [GC (Allocation Failure) 7543.549: [ParNew
Desired survivor size 8716288 bytes, new threshold 6 (max 6)
- age   1:      78336 bytes,      78336 total
- age   2:       7552 bytes,      85888 total
- age   4:       1096 bytes,      86984 total
- age   5:     115696 bytes,     202680 total
- age   6:     106232 bytes,     308912 total
: 136728K->422K(153344K), 0.0056802 secs] 269160K->132855K(1031552K), 0.0057819 secs] [Times: user=0.01 sys=0.00, real=0.01 secs] 
2016-08-24T16:13:44.633+0000: 7543.554: Total time for which application threads were stopped: 0.0066012 seconds, Stopping threads took: 0.0001001 seconds
2016-08-24T16:13:44.672+0000: 7543.594: [GC (Allocation Failure) 7543.594: [ParNew
Desired survivor size 8716288 bytes, new threshold 6 (max 6)
- age   1:      59424 bytes,      59424 total
- age   3:       1000 bytes,      60424 total
- age   5:       1064 bytes,      61488 total
- age   6:     113880 bytes,     175368 total
: 136742K->298K(153344K), 0.0057209 secs] 269175K->132837K(1031552K), 0.0058219 secs] [Times: user=0.01 sys=0.00, real=0.00 secs] 
2016-08-24T16:13:44.678+0000: 7543.599: Total time for which application threads were stopped: 0.0066220 seconds, Stopping threads took: 0.0000960 seconds
2016-08-24T16:13:44.716+0000: 7543.638: [GC (Allocation Failure) 7543.638: [ParNew
Desired survivor size 8716288 bytes, new threshold 6 (max 6)
- age   1:      78552 bytes,      78552 total
- age   2:      10288 bytes,      88840 total
- age   4:       1000 bytes,      89840 total
- age   6:       1064 bytes,      90904 total
: 136618K->152K(153344K), 0.0054467 secs] 269157K->132805K(1031552K), 0.0055584 secs] [Times: user=0.01 sys=0.00, real=0.01 secs] 
2016-08-24T16:13:44.722+0000: 7543.643: Total time for which application threads were stopped: 0.0064079 seconds, Stopping threads took: 0.0000967 seconds
2016-08-24T16:13:44.761+0000: 7543.683: [GC (Allocation Failure) 7543.683: [ParNew
Desired survivor size 8716288 bytes, new threshold 6 (max 6)
- age   1:      74872 bytes,      74872 total
- age   3:       1000 bytes,      75872 total
- age   5:        968 bytes,      76840 total
: 136472K->111K(153344K), 0.0050376 secs] 269125K->132765K(1031552K), 0.0051632 secs] [Times: user=0.01 sys=0.00, real=0.00 secs] 
2016-08-24T16:13:44.767+0000: 7543.688: Total time for which application threads were stopped: 0.0059904 seconds, Stopping threads took: 0.0000977 seconds
2016-08-24T16:13:44.807+0000: 7543.728: [GC (Allocation Failure) 7543.728: [ParNew
Desired survivor size 8716288 bytes, new threshold 6 (max 6)
- age   1:      77688 bytes,      77688 total
- age   2:      14088 bytes,      91776 total
- age   4:       1000 bytes,      92776 total
- age   6:        968 bytes,      93744 total
: 136431K->114K(153344K), 0.0046534 secs] 269085K->132768K(1031552K), 0.0047603 secs] [Times: user=0.01 sys=0.00, real=0.01 secs] 
2016-08-24T16:13:44.812+0000: 7543.733: Total time for which application threads were stopped: 0.0057113 seconds, Stopping threads took: 0.0000975 seconds
2016-08-24T16:13:44.852+0000: 7543.773: [GC (Allocation Failure) 7543.773: [ParNew
Desired survivor size 8716288 bytes, new threshold 6 (max 6)
- age   1:      76824 bytes,      76824 total
- age   3:       1000 bytes,      77824 total
- age   5:        968 bytes,      78792 total
: 136434K->107K(153344K), 0.0055487 secs] 269088K->132762K(1031552K), 0.0056529 secs] [Times: user=0.01 sys=0.00, real=0.00 secs] 
2016-08-24T16:13:44.858+0000: 7543.779: Total time for which application threads were stopped: 0.0064640 seconds, Stopping threads took: 0.0001001 seconds
2016-08-24T16:13:44.899+0000: 7543.820: [GC (Allocation Failure) 7543.820: [ParNew
Desired survivor size 8716288 bytes, new threshold 6 (max 6)
- age   1:      74272 bytes,      74272 total
- age   2:      16528 bytes,      90800 total
- age   4:       1000 bytes,      91800 total
- age   6:        968 bytes,      92768 total
: 136427K->106K(153344K), 0.0051361 secs] 269082K->132761K(1031552K), 0.0052443 secs] [Times: user=0.01 sys=0.00, real=0.01 secs] 
2016-08-24T16:13:44.904+0000: 7543.825: Total time for which application threads were stopped: 0.0060645 seconds, Stopping threads took: 0.0000972 seconds
2016-08-24T16:13:49.907+0000: 7548.828: Total time for which application threads were stopped: 0.0018292 seconds, Stopping threads took: 0.0002739 seconds
2016-08-24T16:13:52.909+0000: 7551.830: Total time for which application threads were stopped: 0.0011510 seconds, Stopping threads took: 0.0001668 seconds
2016-08-24T16:13:54.470+0000: 7553.391: [GC (Allocation Failure) 7553.391: [ParNew
Desired survivor size 8716288 bytes, new threshold 6 (max 6)
- age   1:    1266056 bytes,    1266056 total
- age   3:        968 bytes,    1267024 total
- age   5:        968 bytes,    1267992 total
: 136426K->1257K(153344K), 0.0081713 secs] 269081K->133913K(1031552K), 0.0083048 secs] [Times: user=0.02 sys=0.00, real=0.00 secs] 
2016-08-24T16:13:54.478+0000: 7553.400: Total time for which application threads were stopped: 0.0091391 seconds, Stopping threads took: 0.0000983 seconds
2016-08-24T16:13:54.516+0000: 7553.438: [GC (Allocation Failure) 7553.438: [ParNew
Desired survivor size 8716288 bytes, new threshold 6 (max 6)
- age   1:      81864 bytes,      81864 total
- age   2:     360192 bytes,     442056 total
- age   4:        968 bytes,     443024 total
- age   6:        968 bytes,     443992 total
: 137577K->623K(153344K), 0.0055917 secs] 270233K->133279K(1031552K), 0.0057120 secs] [Times: user=0.01 sys=0.00, real=0.01 secs] 
2016-08-24T16:13:54.522+0000: 7553.444: Total time for which application threads were stopped: 0.0065453 seconds, Stopping threads took: 0.0001000 seconds
2016-08-24T16:13:54.566+0000: 7553.487: [GC (Allocation Failure) 7553.487: [ParNew
Desired survivor size 8716288 bytes, new threshold 6 (max 6)
- age   1:      71912 bytes,      71912 total
- age   2:        432 bytes,      72344 total
- age   3:     344184 bytes,     416528 total
- age   5:        968 bytes,     417496 total
: 136943K->596K(153344K), 0.0056229 secs] 269599K->133253K(1031552K), 0.0057247 secs] [Times: user=0.01 sys=0.00, real=0.01 secs] 
2016-08-24T16:13:54.571+0000: 7553.493: Total time for which application threads were stopped: 0.0065363 seconds, Stopping threads took: 0.0000972 seconds
2016-08-24T16:13:54.614+0000: 7553.535: [GC (Allocation Failure) 7553.535: [ParNew
Desired survivor size 8716288 bytes, new threshold 6 (max 6)
- age   1:      71064 bytes,      71064 total
- age   2:      18480 bytes,      89544 total
- age   3:        432 bytes,      89976 total
- age   4:     344184 bytes,     434160 total
- age   6:        968 bytes,     435128 total
: 136916K->780K(153344K), 0.0053567 secs] 269573K->133437K(1031552K), 0.0054663 secs] [Times: user=0.01 sys=0.00, real=0.00 secs] 
2016-08-24T16:13:54.619+0000: 7553.541: Total time for which application threads were stopped: 0.0062765 seconds, Stopping threads took: 0.0000958 seconds
2016-08-24T16:13:54.658+0000: 7553.580: [GC (Allocation Failure) 7553.580: [ParNew
Desired survivor size 8716288 bytes, new threshold 6 (max 6)
- age   1:      72240 bytes,      72240 total
- age   3:       1096 bytes,      73336 total
- age   4:        432 bytes,      73768 total
- age   5:     342336 bytes,     416104 total
: 137100K->515K(153344K), 0.0055778 secs] 269757K->133173K(1031552K), 0.0056763 secs] [Times: user=0.02 sys=0.00, real=0.01 secs] 
2016-08-24T16:13:54.664+0000: 7553.585: Total time for which application threads were stopped: 0.0064973 seconds, Stopping threads took: 0.0001004 seconds
2016-08-24T16:13:54.705+0000: 7553.627: [GC (Allocation Failure) 7553.627: [ParNew
Desired survivor size 8716288 bytes, new threshold 6 (max 6)
- age   1:      48480 bytes,      48480 total
- age   2:       1000 bytes,      49480 total
- age   4:       1064 bytes,      50544 total
- age   5:        432 bytes,      50976 total
- age   6:     340520 bytes,     391496 total
: 136835K->544K(153344K), 0.0055728 secs] 269493K->133202K(1031552K), 0.0056736 secs] [Times: user=0.01 sys=0.00, real=0.01 secs] 
2016-08-24T16:13:54.711+0000: 7553.633: Total time for which application threads were stopped: 0.0064593 seconds, Stopping threads took: 0.0000902 seconds
2016-08-24T16:13:54.750+0000: 7553.671: [GC (Allocation Failure) 7553.671: [ParNew
Desired survivor size 8716288 bytes, new threshold 6 (max 6)
- age   1:      85760 bytes,      85760 total
- age   2:       4040 bytes,      89800 total
- age   3:       1000 bytes,      90800 total
- age   5:       1064 bytes,      91864 total
- age   6:        432 bytes,      92296 total
: 136864K->378K(153344K), 0.0073446 secs] 269522K->133375K(1031552K), 0.0074615 secs] [Times: user=0.01 sys=0.00, real=0.00 secs] 
2016-08-24T16:13:54.757+0000: 7553.679: Total time for which application threads were stopped: 0.0083065 seconds, Stopping threads took: 0.0000949 seconds
2016-08-24T16:13:54.799+0000: 7553.721: [GC (Allocation Failure) 7553.721: [ParNew
Desired survivor size 8716288 bytes, new threshold 6 (max 6)
- age   1:      55472 bytes,      55472 total
- age   3:       1000 bytes,      56472 total
- age   4:       1000 bytes,      57472 total
- age   6:       1064 bytes,      58536 total
: 136698K->129K(153344K), 0.0056558 secs] 269695K->133127K(1031552K), 0.0058129 secs] [Times: user=0.01 sys=0.00, real=0.01 secs] 
2016-08-24T16:13:54.805+0000: 7553.727: Total time for which application threads were stopped: 0.0068654 seconds, Stopping threads took: 0.0001064 seconds
2016-08-24T16:13:54.843+0000: 7553.765: [GC (Allocation Failure) 7553.765: [ParNew
Desired survivor size 8716288 bytes, new threshold 6 (max 6)
- age   1:      82280 bytes,      82280 total
- age   2:       5624 bytes,      87904 total
- age   4:       1000 bytes,      88904 total
- age   5:       1000 bytes,      89904 total
: 136449K->109K(153344K), 0.0051254 secs] 269447K->133107K(1031552K), 0.0052254 secs] [Times: user=0.01 sys=0.00, real=0.01 secs] 
2016-08-24T16:13:54.849+0000: 7553.770: Total time for which application threads were stopped: 0.0060618 seconds, Stopping threads took: 0.0001019 seconds
2016-08-24T16:13:54.890+0000: 7553.812: [GC (Allocation Failure) 7553.812: [ParNew
Desired survivor size 8716288 bytes, new threshold 6 (max 6)
- age   1:      49912 bytes,      49912 total
- age   3:       1000 bytes,      50912 total
- age   5:        968 bytes,      51880 total
- age   6:       1000 bytes,      52880 total
: 136429K->81K(153344K), 0.0051791 secs] 269427K->133080K(1031552K), 0.0052810 secs] [Times: user=0.01 sys=0.00, real=0.00 secs] 
2016-08-24T16:13:54.896+0000: 7553.817: Total time for which application threads were stopped: 0.0060960 seconds, Stopping threads took: 0.0001132 seconds
2016-08-24T16:13:54.934+0000: 7553.855: [GC (Allocation Failure) 7553.855: [ParNew
Desired survivor size 8716288 bytes, new threshold 6 (max 6)
- age   1:      76640 bytes,      76640 total
- age   2:       9240 bytes,      85880 total
- age   4:       1000 bytes,      86880 total
- age   6:        968 bytes,      87848 total
: 136401K->92K(153344K), 0.0051562 secs] 269400K->133091K(1031552K), 0.0052575 secs] [Times: user=0.01 sys=0.00, real=0.00 secs] 
2016-08-24T16:13:54.939+0000: 7553.861: Total time for which application threads were stopped: 0.0060956 seconds, Stopping threads took: 0.0000976 seconds
2016-08-24T16:14:04.609+0000: 7563.530: [GC (Allocation Failure) 7563.530: [ParNew
Desired survivor size 8716288 bytes, new threshold 6 (max 6)
- age   1:     904312 bytes,     904312 total
- age   2:        512 bytes,     904824 total
- age   3:        968 bytes,     905792 total
- age   5:        968 bytes,     906760 total
: 136412K->911K(153344K), 0.0072385 secs] 269411K->133911K(1031552K), 0.0073609 secs] [Times: user=0.01 sys=0.00, real=0.00 secs] 
2016-08-24T16:14:04.616+0000: 7563.538: Total time for which application threads were stopped: 0.0082682 seconds, Stopping threads took: 0.0001131 seconds
2016-08-24T16:14:04.656+0000: 7563.578: [GC (Allocation Failure) 7563.578: [ParNew
Desired survivor size 8716288 bytes, new threshold 6 (max 6)
- age   1:      72800 bytes,      72800 total
- age   2:     261696 bytes,     334496 total
- age   3:        512 bytes,     335008 total
- age   4:        968 bytes,     335976 total
- age   6:        968 bytes,     336944 total
: 137231K->459K(153344K), 0.0065363 secs] 270231K->133460K(1031552K), 0.0066579 secs] [Times: user=0.01 sys=0.00, real=0.01 secs] 
2016-08-24T16:14:04.663+0000: 7563.585: Total time for which application threads were stopped: 0.0076533 seconds, Stopping threads took: 0.0001038 seconds
2016-08-24T16:14:04.708+0000: 7563.630: [GC (Allocation Failure) 7563.630: [ParNew
Desired survivor size 8716288 bytes, new threshold 6 (max 6)
- age   1:      66728 bytes,      66728 total
- age   2:        160 bytes,      66888 total
- age   3:     251576 bytes,     318464 total
- age   4:        512 bytes,     318976 total
- age   5:        968 bytes,     319944 total
: 136779K->447K(153344K), 0.0058773 secs] 269780K->133448K(1031552K), 0.0060019 secs] [Times: user=0.01 sys=0.00, real=0.00 secs] 
2016-08-24T16:14:04.714+0000: 7563.636: Total time for which application threads were stopped: 0.0070248 seconds, Stopping threads took: 0.0000980 seconds
2016-08-24T16:14:04.759+0000: 7563.680: [GC (Allocation Failure) 7563.680: [ParNew
Desired survivor size 8716288 bytes, new threshold 6 (max 6)
- age   1:      88088 bytes,      88088 total
- age   2:      12048 bytes,     100136 total
- age   3:        160 bytes,     100296 total
- age   4:     251576 bytes,     351872 total
- age   5:        512 bytes,     352384 total
- age   6:        968 bytes,     353352 total
: 136767K->591K(153344K), 0.0062753 secs] 269768K->133592K(1031552K), 0.0063994 secs] [Times: user=0.02 sys=0.00, real=0.01 secs] 
2016-08-24T16:14:04.765+0000: 7563.687: Total time for which application threads were stopped: 0.0073769 seconds, Stopping threads took: 0.0000863 seconds
2016-08-24T16:14:04.813+0000: 7563.735: [GC (Allocation Failure) 7563.735: [ParNew
Desired survivor size 8716288 bytes, new threshold 6 (max 6)
- age   1:      57528 bytes,      57528 total
- age   3:       1096 bytes,      58624 total
- age   4:        160 bytes,      58784 total
- age   5:     249728 bytes,     308512 total
- age   6:        512 bytes,     309024 total
: 136911K->404K(153344K), 0.0050548 secs] 269912K->133406K(1031552K), 0.0051612 secs] [Times: user=0.01 sys=0.00, real=0.00 secs] 
2016-08-24T16:14:04.819+0000: 7563.740: Total time for which application threads were stopped: 0.0060364 seconds, Stopping threads took: 0.0001266 seconds
2016-08-24T16:14:04.859+0000: 7563.780: [GC (Allocation Failure) 7563.780: [ParNew
Desired survivor size 8716288 bytes, new threshold 6 (max 6)
- age   1:      73144 bytes,      73144 total
- age   2:      14584 bytes,      87728 total
- age   4:       1096 bytes,      88824 total
- age   5:        160 bytes,      88984 total
- age   6:     249728 bytes,     338712 total
: 136724K->417K(153344K), 0.0052445 secs] 269726K->133420K(1031552K), 0.0053650 secs] [Times: user=0.01 sys=0.00, real=0.01 secs] 
2016-08-24T16:14:04.864+0000: 7563.786: Total time for which application threads were stopped: 0.0063122 seconds, Stopping threads took: 0.0001280 seconds
2016-08-24T16:14:04.904+0000: 7563.825: [GC (Allocation Failure) 7563.825: [ParNew
Desired survivor size 8716288 bytes, new threshold 6 (max 6)
- age   1:      79448 bytes,      79448 total
- age   3:       1000 bytes,      80448 total
- age   5:       1064 bytes,      81512 total
- age   6:        160 bytes,      81672 total
: 136737K->308K(153344K), 0.0055537 secs] 269740K->133558K(1031552K), 0.0056571 secs] [Times: user=0.01 sys=0.00, real=0.01 secs] 
2016-08-24T16:14:04.910+0000: 7563.831: Total time for which application threads were stopped: 0.0064560 seconds, Stopping threads took: 0.0001071 seconds
2016-08-24T16:14:04.949+0000: 7563.870: [GC (Allocation Failure) 7563.870: [ParNew
Desired survivor size 8716288 bytes, new threshold 6 (max 6)
- age   1:      87072 bytes,      87072 total
- age   2:      17760 bytes,     104832 total
- age   4:       1000 bytes,     105832 total
- age   6:       1064 bytes,     106896 total
: 136628K->149K(153344K), 0.0049926 secs] 269878K->133399K(1031552K), 0.0050987 secs] [Times: user=0.01 sys=0.00, real=0.00 secs] 
2016-08-24T16:14:04.954+0000: 7563.875: Total time for which application threads were stopped: 0.0059471 seconds, Stopping threads took: 0.0000873 seconds
2016-08-24T16:14:04.993+0000: 7563.915: [GC (Allocation Failure) 7563.915: [ParNew
Desired survivor size 8716288 bytes, new threshold 6 (max 6)
- age   1:      89784 bytes,      89784 total
- age   3:       1000 bytes,      90784 total
- age   5:        968 bytes,      91752 total
: 136469K->141K(153344K), 0.0051052 secs] 269719K->133393K(1031552K), 0.0052038 secs] [Times: user=0.01 sys=0.00, real=0.00 secs] 
2016-08-24T16:14:04.998+0000: 7563.920: Total time for which application threads were stopped: 0.0060673 seconds, Stopping threads took: 0.0001171 seconds
2016-08-24T16:14:05.039+0000: 7563.961: [GC (Allocation Failure) 7563.961: [ParNew
Desired survivor size 8716288 bytes, new threshold 6 (max 6)
- age   1:      48928 bytes,      48928 total
- age   2:       1000 bytes,      49928 total
- age   4:        968 bytes,      50896 total
- age   6:        968 bytes,      51864 total
: 136461K->75K(153344K), 0.0047189 secs] 269713K->133326K(1031552K), 0.0048241 secs] [Times: user=0.01 sys=0.00, real=0.01 secs] 
2016-08-24T16:14:05.045+0000: 7563.966: Total time for which application threads were stopped: 0.0056593 seconds, Stopping threads took: 0.0000922 seconds
2016-08-24T16:14:05.083+0000: 7564.004: [GC (Allocation Failure) 7564.004: [ParNew
Desired survivor size 8716288 bytes, new threshold 6 (max 6)
- age   1:      64912 bytes,      64912 total
- age   2:       3624 bytes,      68536 total
- age   3:       1000 bytes,      69536 total
- age   5:        968 bytes,      70504 total
: 136395K->75K(153344K), 0.0056480 secs] 269646K->133327K(1031552K), 0.0057699 secs] [Times: user=0.01 sys=0.00, real=0.01 secs] 
2016-08-24T16:14:05.089+0000: 7564.010: Total time for which application threads were stopped: 0.0065777 seconds, Stopping threads took: 0.0000984 seconds
2016-08-24T16:14:13.662+0000: 7572.583: [GC (Allocation Failure) 7572.584: [ParNew
Desired survivor size 8716288 bytes, new threshold 6 (max 6)
- age   1:     788424 bytes,     788424 total
- age   3:        968 bytes,     789392 total
- age   4:        968 bytes,     790360 total
- age   6:        968 bytes,     791328 total
: 136395K->786K(153344K), 0.0084236 secs] 269647K->134039K(1031552K), 0.0086429 secs] [Times: user=0.01 sys=0.00, real=0.01 secs] 
2016-08-24T16:14:13.671+0000: 7572.592: Total time for which application threads were stopped: 0.0143945 seconds, Stopping threads took: 0.0040795 seconds
2016-08-24T16:14:14.440+0000: 7573.361: [GC (Allocation Failure) 7573.361: [ParNew
Desired survivor size 8716288 bytes, new threshold 6 (max 6)
- age   1:     241896 bytes,     241896 total
- age   2:     130296 bytes,     372192 total
- age   4:        968 bytes,     373160 total
- age   5:        968 bytes,     374128 total
: 137106K->407K(153344K), 0.0059530 secs] 270359K->133660K(1031552K), 0.0060546 secs] [Times: user=0.01 sys=0.00, real=0.01 secs] 
2016-08-24T16:14:14.446+0000: 7573.367: Total time for which application threads were stopped: 0.0068485 seconds, Stopping threads took: 0.0000959 seconds
2016-08-24T16:14:14.487+0000: 7573.409: [GC (Allocation Failure) 7573.409: [ParNew
Desired survivor size 8716288 bytes, new threshold 6 (max 6)
- age   1:      57248 bytes,      57248 total
- age   2:      77160 bytes,     134408 total
- age   3:     122536 bytes,     256944 total
- age   5:        968 bytes,     257912 total
- age   6:        968 bytes,     258880 total
: 136727K->361K(153344K), 0.0056078 secs] 269980K->133614K(1031552K), 0.0057109 secs] [Times: user=0.01 sys=0.00, real=0.01 secs] 
2016-08-24T16:14:14.493+0000: 7573.415: Total time for which application threads were stopped: 0.0065236 seconds, Stopping threads took: 0.0000968 seconds
2016-08-24T16:14:14.531+0000: 7573.453: [GC (Allocation Failure) 7573.453: [ParNew
Desired survivor size 8716288 bytes, new threshold 6 (max 6)
- age   1:      75432 bytes,      75432 total
- age   2:       4904 bytes,      80336 total
- age   3:      76584 bytes,     156920 total
- age   4:     122536 bytes,     279456 total
- age   6:        968 bytes,     280424 total
: 136681K->468K(153344K), 0.0054583 secs] 269934K->133723K(1031552K), 0.0055561 secs] [Times: user=0.01 sys=0.00, real=0.00 secs] 
2016-08-24T16:14:14.537+0000: 7573.458: Total time for which application threads were stopped: 0.0063484 seconds, Stopping threads took: 0.0000989 seconds
2016-08-24T16:14:14.576+0000: 7573.498: [GC (Allocation Failure) 7573.498: [ParNew
Desired survivor size 8716288 bytes, new threshold 6 (max 6)
- age   1:      69880 bytes,      69880 total
- age   2:        336 bytes,      70216 total
- age   3:       1168 bytes,      71384 total
- age   4:      74736 bytes,     146120 total
- age   5:     122536 bytes,     268656 total
: 136788K->324K(153344K), 0.0057259 secs] 270043K->133579K(1031552K), 0.0058396 secs] [Times: user=0.01 sys=0.00, real=0.01 secs] 
2016-08-24T16:14:14.582+0000: 7573.504: Total time for which application threads were stopped: 0.0066806 seconds, Stopping threads took: 0.0000983 seconds
2016-08-24T16:14:14.623+0000: 7573.545: [GC (Allocation Failure) 7573.545: [ParNew
Desired survivor size 8716288 bytes, new threshold 6 (max 6)
- age   1:      72992 bytes,      72992 total
- age   2:       8032 bytes,      81024 total
- age   3:        264 bytes,      81288 total
- age   4:       1168 bytes,      82456 total
- age   5:      74736 bytes,     157192 total
- age   6:     122536 bytes,     279728 total
: 136644K->447K(153344K), 0.0059160 secs] 269899K->133702K(1031552K), 0.0060467 secs] [Times: user=0.02 sys=0.00, real=0.01 secs] 
2016-08-24T16:14:14.629+0000: 7573.551: Total time for which application threads were stopped: 0.0069099 seconds, Stopping threads took: 0.0000991 seconds
2016-08-24T16:14:14.670+0000: 7573.591: [GC (Allocation Failure) 7573.591: [ParNew
Desired survivor size 8716288 bytes, new threshold 6 (max 6)
- age   1:      63080 bytes,      63080 total
- age   2:        360 bytes,      63440 total
- age   3:       1000 bytes,      64440 total
- age   4:        264 bytes,      64704 total
- age   5:       1136 bytes,      65840 total
- age   6:      72920 bytes,     138760 total
: 136767K->246K(153344K), 0.0058284 secs] 270022K->133623K(1031552K), 0.0059455 secs] [Times: user=0.01 sys=0.00, real=0.00 secs] 
2016-08-24T16:14:14.676+0000: 7573.597: Total time for which application threads were stopped: 0.0067820 seconds, Stopping threads took: 0.0000975 seconds
2016-08-24T16:14:14.716+0000: 7573.638: [GC (Allocation Failure) 7573.638: [ParNew
Desired survivor size 8716288 bytes, new threshold 6 (max 6)
- age   1:      75384 bytes,      75384 total
- age   2:      11040 bytes,      86424 total
- age   3:        360 bytes,      86784 total
- age   4:       1000 bytes,      87784 total
- age   5:        264 bytes,      88048 total
- age   6:       1136 bytes,      89184 total
: 136566K->109K(153344K), 0.0053636 secs] 269943K->133559K(1031552K), 0.0054757 secs] [Times: user=0.01 sys=0.00, real=0.01 secs] 
2016-08-24T16:14:14.722+0000: 7573.643: Total time for which application threads were stopped: 0.0062865 seconds, Stopping threads took: 0.0000966 seconds
2016-08-24T16:14:14.763+0000: 7573.685: [GC (Allocation Failure) 7573.685: [ParNew
Desired survivor size 8716288 bytes, new threshold 6 (max 6)
- age   1:      56664 bytes,      56664 total
- age   3:       1000 bytes,      57664 total
- age   4:        360 bytes,      58024 total
- age   5:        968 bytes,      58992 total
- age   6:        264 bytes,      59256 total
: 136429K->92K(153344K), 0.0052565 secs] 269879K->133543K(1031552K), 0.0053674 secs] [Times: user=0.01 sys=0.00, real=0.01 secs] 
2016-08-24T16:14:14.769+0000: 7573.690: Total time for which application threads were stopped: 0.0062033 seconds, Stopping threads took: 0.0000956 seconds
2016-08-24T16:14:14.811+0000: 7573.732: [GC (Allocation Failure) 7573.732: [ParNew
Desired survivor size 8716288 bytes, new threshold 6 (max 6)
- age   1:      70168 bytes,      70168 total
- age   2:      14208 bytes,      84376 total
- age   4:       1000 bytes,      85376 total
- age   5:        360 bytes,      85736 total
- age   6:        968 bytes,      86704 total
: 136412K->102K(153344K), 0.0052842 secs] 269863K->133554K(1031552K), 0.0053989 secs] [Times: user=0.00 sys=0.00, real=0.00 secs] 
2016-08-24T16:14:14.816+0000: 7573.738: Total time for which application threads were stopped: 0.0062792 seconds, Stopping threads took: 0.0001149 seconds
2016-08-24T16:14:14.858+0000: 7573.779: [GC (Allocation Failure) 7573.779: [ParNew
Desired survivor size 8716288 bytes, new threshold 6 (max 6)
- age   1:      74600 bytes,      74600 total
- age   3:       1000 bytes,      75600 total
- age   5:        968 bytes,      76568 total
- age   6:        360 bytes,      76928 total
: 136422K->97K(153344K), 0.0048913 secs] 269874K->133550K(1031552K), 0.0049921 secs] [Times: user=0.01 sys=0.00, real=0.01 secs] 
2016-08-24T16:14:14.863+0000: 7573.784: Total time for which application threads were stopped: 0.0058235 seconds, Stopping threads took: 0.0001004 seconds
2016-08-24T16:14:14.901+0000: 7573.822: [GC (Allocation Failure) 7573.822: [ParNew
Desired survivor size 8716288 bytes, new threshold 6 (max 6)
- age   1:      92048 bytes,      92048 total
- age   2:      17280 bytes,     109328 total
- age   4:       1000 bytes,     110328 total
- age   6:        968 bytes,     111296 total
: 136417K->139K(153344K), 0.0047091 secs] 269870K->133592K(1031552K), 0.0048155 secs] [Times: user=0.01 sys=0.00, real=0.00 secs] 
2016-08-24T16:14:14.906+0000: 7573.827: Total time for which application threads were stopped: 0.0056316 seconds, Stopping threads took: 0.0000840 seconds
2016-08-24T16:14:16.676+0000: 7575.598: Total time for which application threads were stopped: 0.0017764 seconds, Stopping threads took: 0.0002330 seconds
2016-08-24T16:14:16.677+0000: 7575.598: Total time for which application threads were stopped: 0.0004329 seconds, Stopping threads took: 0.0001520 seconds
2016-08-24T16:14:16.677+0000: 7575.599: Total time for which application threads were stopped: 0.0003672 seconds, Stopping threads took: 0.0000513 seconds
2016-08-24T16:14:16.860+0000: 7575.782: Total time for which application threads were stopped: 0.0018552 seconds, Stopping threads took: 0.0002222 seconds
2016-08-24T16:14:16.869+0000: 7575.790: Total time for which application threads were stopped: 0.0082019 seconds, Stopping threads took: 0.0001001 seconds
2016-08-24T16:14:16.869+0000: 7575.791: Total time for which application threads were stopped: 0.0004101 seconds, Stopping threads took: 0.0000479 seconds
2016-08-24T16:14:24.444+0000: 7583.366: [GC (Allocation Failure) 7583.366: [ParNew
Desired survivor size 8716288 bytes, new threshold 6 (max 6)
- age   1:    1401792 bytes,    1401792 total
- age   3:        968 bytes,    1402760 total
- age   5:        968 bytes,    1403728 total
: 136459K->1394K(153344K), 0.0091747 secs] 269912K->134848K(1031552K), 0.0093107 secs] [Times: user=0.02 sys=0.00, real=0.01 secs] 
2016-08-24T16:14:24.454+0000: 7583.375: Total time for which application threads were stopped: 0.0100992 seconds, Stopping threads took: 0.0000893 seconds
2016-08-24T16:14:24.492+0000: 7583.413: [GC (Allocation Failure) 7583.413: [ParNew
Desired survivor size 8716288 bytes, new threshold 6 (max 6)
- age   1:      78560 bytes,      78560 total
- age   2:     365800 bytes,     444360 total
- age   4:        968 bytes,     445328 total
- age   6:        968 bytes,     446296 total
: 137714K->624K(153344K), 0.0064018 secs] 271168K->134078K(1031552K), 0.0065036 secs] [Times: user=0.01 sys=0.00, real=0.00 secs] 
2016-08-24T16:14:24.498+0000: 7583.420: Total time for which application threads were stopped: 0.0072603 seconds, Stopping threads took: 0.0000875 seconds
2016-08-24T16:14:24.537+0000: 7583.459: [GC (Allocation Failure) 7583.459: [ParNew
Desired survivor size 8716288 bytes, new threshold 6 (max 6)
- age   1:      60776 bytes,      60776 total
- age   2:        288 bytes,      61064 total
- age   3:     349768 bytes,     410832 total
- age   5:        968 bytes,     411800 total
: 136944K->599K(153344K), 0.0063694 secs] 270398K->134054K(1031552K), 0.0064738 secs] [Times: user=0.01 sys=0.00, real=0.01 secs] 
2016-08-24T16:14:24.544+0000: 7583.465: Total time for which application threads were stopped: 0.0072426 seconds, Stopping threads took: 0.0000861 seconds
2016-08-24T16:14:24.582+0000: 7583.503: [GC (Allocation Failure) 7583.503: [ParNew
Desired survivor size 8716288 bytes, new threshold 6 (max 6)
- age   1:      82600 bytes,      82600 total
- age   2:      17856 bytes,     100456 total
- age   3:        288 bytes,     100744 total
- age   4:     349768 bytes,     450512 total
- age   6:        968 bytes,     451480 total
: 136919K->588K(153344K), 0.0071256 secs] 270374K->134043K(1031552K), 0.0072390 secs] [Times: user=0.02 sys=0.00, real=0.01 secs] 
2016-08-24T16:14:24.589+0000: 7583.511: Total time for which application threads were stopped: 0.0080158 seconds, Stopping threads took: 0.0000876 seconds
2016-08-24T16:14:24.629+0000: 7583.550: [GC (Allocation Failure) 7583.551: [ParNew
Desired survivor size 8716288 bytes, new threshold 6 (max 6)
- age   1:      71280 bytes,      71280 total
- age   3:       1096 bytes,      72376 total
- age   4:        288 bytes,      72664 total
- age   5:     347920 bytes,     420584 total
: 136908K->431K(153344K), 0.0064481 secs] 270363K->133887K(1031552K), 0.0065653 secs] [Times: user=0.01 sys=0.00, real=0.00 secs] 
2016-08-24T16:14:24.636+0000: 7583.557: Total time for which application threads were stopped: 0.0073513 seconds, Stopping threads took: 0.0000866 seconds
2016-08-24T16:14:24.674+0000: 7583.595: [GC (Allocation Failure) 7583.595: [ParNew
Desired survivor size 8716288 bytes, new threshold 6 (max 6)
- age   1:      56712 bytes,      56712 total
- age   2:       1072 bytes,      57784 total
- age   4:       1064 bytes,      58848 total
- age   5:        288 bytes,      59136 total
- age   6:     346104 bytes,     405240 total
: 136751K->609K(153344K), 0.0063782 secs] 270207K->134065K(1031552K), 0.0064787 secs] [Times: user=0.01 sys=0.00, real=0.01 secs] 
2016-08-24T16:14:24.681+0000: 7583.602: Total time for which application threads were stopped: 0.0072892 seconds, Stopping threads took: 0.0001260 seconds
2016-08-24T16:14:24.719+0000: 7583.640: [GC (Allocation Failure) 7583.640: [ParNew
Desired survivor size 8716288 bytes, new threshold 6 (max 6)
- age   1:      85304 bytes,      85304 total
- age   2:       1656 bytes,      86960 total
- age   3:       1000 bytes,      87960 total
- age   5:       1064 bytes,      89024 total
- age   6:        288 bytes,      89312 total
: 136929K->399K(153344K), 0.0074019 secs] 270385K->134200K(1031552K), 0.0075068 secs] [Times: user=0.01 sys=0.00, real=0.01 secs] 
2016-08-24T16:14:24.726+0000: 7583.648: Total time for which application threads were stopped: 0.0082631 seconds, Stopping threads took: 0.0000891 seconds
2016-08-24T16:14:24.765+0000: 7583.687: [GC (Allocation Failure) 7583.687: [ParNew
Desired survivor size 8716288 bytes, new threshold 6 (max 6)
- age   1:      49592 bytes,      49592 total
- age   2:        240 bytes,      49832 total
- age   3:        760 bytes,      50592 total
- age   4:        968 bytes,      51560 total
- age   6:       1064 bytes,      52624 total
: 136719K->134K(153344K), 0.0057365 secs] 270520K->133936K(1031552K), 0.0058452 secs] [Times: user=0.01 sys=0.00, real=0.01 secs] 
2016-08-24T16:14:24.771+0000: 7583.693: Total time for which application threads were stopped: 0.0065908 seconds, Stopping threads took: 0.0000846 seconds
2016-08-24T16:14:24.812+0000: 7583.733: [GC (Allocation Failure) 7583.733: [ParNew
Desired survivor size 8716288 bytes, new threshold 6 (max 6)
- age   1:      74720 bytes,      74720 total
- age   2:       5536 bytes,      80256 total
- age   3:        240 bytes,      80496 total
- age   4:        760 bytes,      81256 total
- age   5:        968 bytes,      82224 total
: 136454K->104K(153344K), 0.0065829 secs] 270256K->133906K(1031552K), 0.0067069 secs] [Times: user=0.01 sys=0.00, real=0.00 secs] 
2016-08-24T16:14:24.818+0000: 7583.740: Total time for which application threads were stopped: 0.0075373 seconds, Stopping threads took: 0.0000980 seconds
2016-08-24T16:14:24.858+0000: 7583.780: [GC (Allocation Failure) 7583.780: [ParNew
Desired survivor size 8716288 bytes, new threshold 6 (max 6)
- age   1:      62816 bytes,      62816 total
- age   3:       1000 bytes,      63816 total
- age   4:        240 bytes,      64056 total
- age   5:        760 bytes,      64816 total
- age   6:        968 bytes,      65784 total
: 136424K->98K(153344K), 0.0059699 secs] 270226K->133901K(1031552K), 0.0060691 secs] [Times: user=0.01 sys=0.00, real=0.01 secs] 
2016-08-24T16:14:24.865+0000: 7583.786: Total time for which application threads were stopped: 0.0068754 seconds, Stopping threads took: 0.0001053 seconds
2016-08-24T16:14:24.905+0000: 7583.826: [GC (Allocation Failure) 7583.826: [ParNew
Desired survivor size 8716288 bytes, new threshold 6 (max 6)
- age   1:      83648 bytes,      83648 total
- age   2:       9064 bytes,      92712 total
- age   4:       1000 bytes,      93712 total
- age   5:        240 bytes,      93952 total
- age   6:        760 bytes,      94712 total
: 136418K->109K(153344K), 0.0056730 secs] 270221K->133912K(1031552K), 0.0057804 secs] [Times: user=0.01 sys=0.00, real=0.01 secs] 
2016-08-24T16:14:24.910+0000: 7583.832: Total time for which application threads were stopped: 0.0067479 seconds, Stopping threads took: 0.0001374 seconds
2016-08-24T16:14:34.456+0000: 7593.377: [GC (Allocation Failure) 7593.377: [ParNew
Desired survivor size 8716288 bytes, new threshold 6 (max 6)
- age   1:     978296 bytes,     978296 total
- age   3:        968 bytes,     979264 total
- age   5:        968 bytes,     980232 total
- age   6:        208 bytes,     980440 total
: 136429K->984K(153344K), 0.0079449 secs] 270232K->134788K(1031552K), 0.0080657 secs] [Times: user=0.02 sys=0.00, real=0.01 secs] 
2016-08-24T16:14:34.464+0000: 7593.385: Total time for which application threads were stopped: 0.0088408 seconds, Stopping threads took: 0.0000864 seconds
2016-08-24T16:14:34.502+0000: 7593.423: [GC (Allocation Failure) 7593.423: [ParNew
Desired survivor size 8716288 bytes, new threshold 6 (max 6)
- age   1:      64096 bytes,      64096 total
- age   2:     247248 bytes,     311344 total
- age   4:        968 bytes,     312312 total
- age   6:        968 bytes,     313280 total
: 137304K->353K(153344K), 0.0063556 secs] 271108K->134158K(1031552K), 0.0064619 secs] [Times: user=0.01 sys=0.00, real=0.00 secs] 
2016-08-24T16:14:34.508+0000: 7593.430: Total time for which application threads were stopped: 0.0072465 seconds, Stopping threads took: 0.0000984 seconds
2016-08-24T16:14:34.547+0000: 7593.469: [GC (Allocation Failure) 7593.469: [ParNew
Desired survivor size 8716288 bytes, new threshold 6 (max 6)
- age   1:      68264 bytes,      68264 total
- age   2:         24 bytes,      68288 total
- age   3:     237464 bytes,     305752 total
- age   5:        968 bytes,     306720 total
: 136673K->419K(153344K), 0.0064266 secs] 270478K->134224K(1031552K), 0.0065315 secs] [Times: user=0.02 sys=0.00, real=0.01 secs] 
2016-08-24T16:14:34.554+0000: 7593.476: Total time for which application threads were stopped: 0.0073051 seconds, Stopping threads took: 0.0000882 seconds
2016-08-24T16:14:34.592+0000: 7593.513: [GC (Allocation Failure) 7593.514: [ParNew
Desired survivor size 8716288 bytes, new threshold 6 (max 6)
- age   1:      77248 bytes,      77248 total
- age   2:      11800 bytes,      89048 total
- age   3:         24 bytes,      89072 total
- age   4:     237464 bytes,     326536 total
- age   6:        968 bytes,     327504 total
: 136739K->431K(153344K), 0.0070384 secs] 270544K->134236K(1031552K), 0.0071467 secs] [Times: user=0.01 sys=0.00, real=0.00 secs] 
2016-08-24T16:14:34.599+0000: 7593.521: Total time for which application threads were stopped: 0.0079148 seconds, Stopping threads took: 0.0000885 seconds
2016-08-24T16:14:34.639+0000: 7593.560: [GC (Allocation Failure) 7593.561: [ParNew
Desired survivor size 8716288 bytes, new threshold 6 (max 6)
- age   1:      57840 bytes,      57840 total
- age   3:       1256 bytes,      59096 total
- age   4:         24 bytes,      59120 total
- age   5:     235616 bytes,     294736 total
: 136751K->453K(153344K), 0.0069611 secs] 270556K->134259K(1031552K), 0.0070685 secs] [Times: user=0.01 sys=0.00, real=0.01 secs] 
2016-08-24T16:14:34.646+0000: 7593.568: Total time for which application threads were stopped: 0.0078368 seconds, Stopping threads took: 0.0000885 seconds
2016-08-24T16:14:34.685+0000: 7593.606: [GC (Allocation Failure) 7593.606: [ParNew
Desired survivor size 8716288 bytes, new threshold 6 (max 6)
- age   1:      90248 bytes,      90248 total
- age   2:      14360 bytes,     104608 total
- age   4:       1256 bytes,     105864 total
- age   5:         24 bytes,     105888 total
- age   6:     235616 bytes,     341504 total
: 136773K->422K(153344K), 0.0066024 secs] 270579K->134228K(1031552K), 0.0067106 secs] [Times: user=0.02 sys=0.00, real=0.01 secs] 
2016-08-24T16:14:34.692+0000: 7593.613: Total time for which application threads were stopped: 0.0075024 seconds, Stopping threads took: 0.0000963 seconds
2016-08-24T16:14:34.732+0000: 7593.654: [GC (Allocation Failure) 7593.654: [ParNew
Desired survivor size 8716288 bytes, new threshold 6 (max 6)
- age   1:      74272 bytes,      74272 total
- age   3:       1000 bytes,      75272 total
- age   5:       1152 bytes,      76424 total
- age   6:         24 bytes,      76448 total
: 136742K->323K(153344K), 0.0068410 secs] 270548K->134362K(1031552K), 0.0069713 secs] [Times: user=0.01 sys=0.00, real=0.00 secs] 
2016-08-24T16:14:34.739+0000: 7593.661: Total time for which application threads were stopped: 0.0077469 seconds, Stopping threads took: 0.0000894 seconds
2016-08-24T16:14:34.777+0000: 7593.699: [GC (Allocation Failure) 7593.699: [ParNew
Desired survivor size 8716288 bytes, new threshold 6 (max 6)
- age   1:      67184 bytes,      67184 total
- age   2:      17744 bytes,      84928 total
- age   4:       1000 bytes,      85928 total
- age   6:       1152 bytes,      87080 total
: 136643K->154K(153344K), 0.0059641 secs] 270682K->134193K(1031552K), 0.0060730 secs] [Times: user=0.01 sys=0.00, real=0.01 secs] 
2016-08-24T16:14:34.783+0000: 7593.705: Total time for which application threads were stopped: 0.0069379 seconds, Stopping threads took: 0.0001115 seconds
2016-08-24T16:14:34.824+0000: 7593.746: [GC (Allocation Failure) 7593.746: [ParNew
Desired survivor size 8716288 bytes, new threshold 6 (max 6)
- age   1:      78312 bytes,      78312 total
- age   3:       1248 bytes,      79560 total
- age   5:        968 bytes,      80528 total
: 136474K->91K(153344K), 0.0057577 secs] 270513K->134131K(1031552K), 0.0058567 secs] [Times: user=0.01 sys=0.00, real=0.01 secs] 
2016-08-24T16:14:34.830+0000: 7593.751: Total time for which application threads were stopped: 0.0066238 seconds, Stopping threads took: 0.0000908 seconds
2016-08-24T16:14:34.868+0000: 7593.789: [GC (Allocation Failure) 7593.789: [ParNew
Desired survivor size 8716288 bytes, new threshold 6 (max 6)
- age   1:      72720 bytes,      72720 total
- age   2:      20424 bytes,      93144 total
- age   4:       1248 bytes,      94392 total
- age   6:        968 bytes,      95360 total
: 136411K->122K(153344K), 0.0057371 secs] 270451K->134162K(1031552K), 0.0058327 secs] [Times: user=0.01 sys=0.00, real=0.01 secs] 
2016-08-24T16:14:34.874+0000: 7593.795: Total time for which application threads were stopped: 0.0065800 seconds, Stopping threads took: 0.0000882 seconds
2016-08-24T16:14:34.912+0000: 7593.834: [GC (Allocation Failure) 7593.834: [ParNew
Desired survivor size 8716288 bytes, new threshold 6 (max 6)
- age   1:      74200 bytes,      74200 total
- age   3:       1000 bytes,      75200 total
- age   5:       1216 bytes,      76416 total
: 136442K->118K(153344K), 0.0057350 secs] 270482K->134159K(1031552K), 0.0058556 secs] [Times: user=0.01 sys=0.00, real=0.00 secs] 
2016-08-24T16:14:34.918+0000: 7593.840: Total time for which application threads were stopped: 0.0066365 seconds, Stopping threads took: 0.0000877 seconds
2016-08-24T16:14:41.043+0000: 7599.964: [GC (Allocation Failure) 7599.964: [ParNew
Desired survivor size 8716288 bytes, new threshold 6 (max 6)
- age   1:     645552 bytes,     645552 total
- age   2:        968 bytes,     646520 total
- age   4:        968 bytes,     647488 total
- age   6:       1120 bytes,     648608 total
: 136438K->648K(153344K), 0.0097804 secs] 270479K->134689K(1031552K), 0.0099430 secs] [Times: user=0.01 sys=0.00, real=0.01 secs] 
2016-08-24T16:14:41.053+0000: 7599.974: Total time for which application threads were stopped: 0.0112212 seconds, Stopping threads took: 0.0001474 seconds
2016-08-24T16:14:44.550+0000: 7603.471: [GC (Allocation Failure) 7603.471: [ParNew
Desired survivor size 8716288 bytes, new threshold 6 (max 6)
- age   1:     422744 bytes,     422744 total
- age   2:     115960 bytes,     538704 total
- age   3:        968 bytes,     539672 total
- age   5:        968 bytes,     540640 total
: 136968K->583K(153344K), 0.0069712 secs] 271009K->134625K(1031552K), 0.0070941 secs] [Times: user=0.01 sys=0.00, real=0.00 secs] 
2016-08-24T16:14:44.557+0000: 7603.479: Total time for which application threads were stopped: 0.0079406 seconds, Stopping threads took: 0.0000969 seconds
2016-08-24T16:14:44.599+0000: 7603.521: [GC (Allocation Failure) 7603.521: [ParNew
Desired survivor size 8716288 bytes, new threshold 6 (max 6)
- age   1:      75504 bytes,      75504 total
- age   2:     119112 bytes,     194616 total
- age   3:     112672 bytes,     307288 total
- age   4:        968 bytes,     308256 total
- age   6:        968 bytes,     309224 total
: 136903K->388K(153344K), 0.0059806 secs] 270945K->134430K(1031552K), 0.0061014 secs] [Times: user=0.02 sys=0.00, real=0.01 secs] 
2016-08-24T16:14:44.605+0000: 7603.527: Total time for which application threads were stopped: 0.0069302 seconds, Stopping threads took: 0.0000983 seconds
2016-08-24T16:14:44.645+0000: 7603.566: [GC (Allocation Failure) 7603.566: [ParNew
Desired survivor size 8716288 bytes, new threshold 6 (max 6)
- age   1:      68704 bytes,      68704 total
- age   2:       4576 bytes,      73280 total
- age   3:     118608 bytes,     191888 total
- age   4:     112672 bytes,     304560 total
- age   5:        968 bytes,     305528 total
: 136708K->422K(153344K), 0.0054413 secs] 270750K->134465K(1031552K), 0.0055476 secs] [Times: user=0.01 sys=0.01, real=0.01 secs] 
2016-08-24T16:14:44.650+0000: 7603.572: Total time for which application threads were stopped: 0.0064116 seconds, Stopping threads took: 0.0001096 seconds
2016-08-24T16:14:44.689+0000: 7603.611: [GC (Allocation Failure) 7603.611: [ParNew
Desired survivor size 8716288 bytes, new threshold 6 (max 6)
- age   1:      62456 bytes,      62456 total
- age   2:        248 bytes,      62704 total
- age   3:       1096 bytes,      63800 total
- age   4:     116760 bytes,     180560 total
- age   5:     112672 bytes,     293232 total
- age   6:        968 bytes,     294200 total
: 136742K->296K(153344K), 0.0055070 secs] 270785K->134339K(1031552K), 0.0056069 secs] [Times: user=0.01 sys=0.00, real=0.00 secs] 
2016-08-24T16:14:44.695+0000: 7603.616: Total time for which application threads were stopped: 0.0064825 seconds, Stopping threads took: 0.0001734 seconds
2016-08-24T16:14:44.736+0000: 7603.657: [GC (Allocation Failure) 7603.658: [ParNew
Desired survivor size 8716288 bytes, new threshold 6 (max 6)
- age   1:      69072 bytes,      69072 total
- age   2:       7632 bytes,      76704 total
- age   3:        248 bytes,      76952 total
- age   4:       1096 bytes,      78048 total
- age   5:     116760 bytes,     194808 total
- age   6:     112672 bytes,     307480 total
: 136616K->418K(153344K), 0.0055824 secs] 270659K->134462K(1031552K), 0.0056842 secs] [Times: user=0.01 sys=0.00, real=0.01 secs] 
2016-08-24T16:14:44.742+0000: 7603.663: Total time for which application threads were stopped: 0.0065397 seconds, Stopping threads took: 0.0001006 seconds
2016-08-24T16:14:44.784+0000: 7603.705: [GC (Allocation Failure) 7603.705: [ParNew
Desired survivor size 8716288 bytes, new threshold 6 (max 6)
- age   1:      65328 bytes,      65328 total
- age   3:       1000 bytes,      66328 total
- age   4:        248 bytes,      66576 total
- age   5:       1064 bytes,      67640 total
- age   6:     114944 bytes,     182584 total
: 136738K->296K(153344K), 0.0063322 secs] 270782K->134453K(1031552K), 0.0064634 secs] [Times: user=0.01 sys=0.00, real=0.01 secs] 
2016-08-24T16:14:44.790+0000: 7603.712: Total time for which application threads were stopped: 0.0072949 seconds, Stopping threads took: 0.0001151 seconds
2016-08-24T16:14:44.831+0000: 7603.753: [GC (Allocation Failure) 7603.753: [ParNew
Desired survivor size 8716288 bytes, new threshold 6 (max 6)
- age   1:      66568 bytes,      66568 total
- age   2:      10288 bytes,      76856 total
- age   4:       1000 bytes,      77856 total
- age   5:        248 bytes,      78104 total
- age   6:       1064 bytes,      79168 total
: 136616K->155K(153344K), 0.0053589 secs] 270773K->134427K(1031552K), 0.0054645 secs] [Times: user=0.01 sys=0.00, real=0.00 secs] 
2016-08-24T16:14:44.837+0000: 7603.758: Total time for which application threads were stopped: 0.0062830 seconds, Stopping threads took: 0.0000947 seconds
2016-08-24T16:14:44.879+0000: 7603.801: [GC (Allocation Failure) 7603.801: [ParNew
Desired survivor size 8716288 bytes, new threshold 6 (max 6)
- age   1:      60448 bytes,      60448 total
- age   3:       1000 bytes,      61448 total
- age   5:        968 bytes,      62416 total
- age   6:        248 bytes,      62664 total
: 136475K->77K(153344K), 0.0052903 secs] 270747K->134350K(1031552K), 0.0053998 secs] [Times: user=0.01 sys=0.00, real=0.01 secs] 
2016-08-24T16:14:44.885+0000: 7603.806: Total time for which application threads were stopped: 0.0062022 seconds, Stopping threads took: 0.0000990 seconds
2016-08-24T16:14:44.924+0000: 7603.845: [GC (Allocation Failure) 7603.845: [ParNew
Desired survivor size 8716288 bytes, new threshold 6 (max 6)
- age   1:      61208 bytes,      61208 total
- age   2:      14088 bytes,      75296 total
- age   4:       1000 bytes,      76296 total
- age   6:        968 bytes,      77264 total
: 136397K->91K(153344K), 0.0055503 secs] 270670K->134365K(1031552K), 0.0056614 secs] [Times: user=0.01 sys=0.00, real=0.01 secs] 
2016-08-24T16:14:44.930+0000: 7603.851: Total time for which application threads were stopped: 0.0064868 seconds, Stopping threads took: 0.0000946 seconds
2016-08-24T16:14:44.970+0000: 7603.892: [GC (Allocation Failure) 7603.892: [ParNew
Desired survivor size 8716288 bytes, new threshold 6 (max 6)
- age   1:      80072 bytes,      80072 total
- age   3:       1000 bytes,      81072 total
- age   5:        968 bytes,      82040 total
: 136411K->104K(153344K), 0.0053524 secs] 270685K->134378K(1031552K), 0.0054862 secs] [Times: user=0.01 sys=0.00, real=0.00 secs] 
2016-08-24T16:14:44.976+0000: 7603.897: Total time for which application threads were stopped: 0.0064968 seconds, Stopping threads took: 0.0001345 seconds
2016-08-24T16:14:45.015+0000: 7603.937: [GC (Allocation Failure) 7603.937: [ParNew
Desired survivor size 8716288 bytes, new threshold 6 (max 6)
- age   1:      86776 bytes,      86776 total
- age   2:      16688 bytes,     103464 total
- age   4:       1000 bytes,     104464 total
- age   6:        968 bytes,     105432 total
: 136424K->123K(153344K), 0.0052271 secs] 270698K->134397K(1031552K), 0.0053258 secs] [Times: user=0.01 sys=0.00, real=0.01 secs] 
2016-08-24T16:14:45.021+0000: 7603.942: Total time for which application threads were stopped: 0.0061277 seconds, Stopping threads took: 0.0000982 seconds
2016-08-24T16:14:54.418+0000: 7613.339: [GC (Allocation Failure) 7613.340: [ParNew
Desired survivor size 8716288 bytes, new threshold 6 (max 6)
- age   1:    1148832 bytes,    1148832 total
- age   3:        968 bytes,    1149800 total
- age   5:        968 bytes,    1150768 total
: 136443K->1173K(153344K), 0.0080862 secs] 270717K->135448K(1031552K), 0.0082322 secs] [Times: user=0.01 sys=0.00, real=0.01 secs] 
2016-08-24T16:14:54.426+0000: 7613.348: Total time for which application threads were stopped: 0.0091404 seconds, Stopping threads took: 0.0001258 seconds
2016-08-24T16:14:54.466+0000: 7613.387: [GC (Allocation Failure) 7613.387: [ParNew
Desired survivor size 8716288 bytes, new threshold 6 (max 6)
- age   1:      61552 bytes,      61552 total
- age   2:     311144 bytes,     372696 total
- age   4:        968 bytes,     373664 total
- age   6:        968 bytes,     374632 total
: 137493K->551K(153344K), 0.0055916 secs] 271768K->134826K(1031552K), 0.0057125 secs] [Times: user=0.01 sys=0.00, real=0.01 secs] 
2016-08-24T16:14:54.472+0000: 7613.393: Total time for which application threads were stopped: 0.0065855 seconds, Stopping threads took: 0.0001191 seconds
2016-08-24T16:14:54.513+0000: 7613.435: [GC (Allocation Failure) 7613.435: [ParNew
Desired survivor size 8716288 bytes, new threshold 6 (max 6)
- age   1:      76144 bytes,      76144 total
- age   2:         96 bytes,      76240 total
- age   3:     293872 bytes,     370112 total
- age   5:        968 bytes,     371080 total
: 136871K->506K(153344K), 0.0058030 secs] 271146K->134782K(1031552K), 0.0059129 secs] [Times: user=0.01 sys=0.00, real=0.00 secs] 
2016-08-24T16:14:54.519+0000: 7613.441: Total time for which application threads were stopped: 0.0067436 seconds, Stopping threads took: 0.0001112 seconds
2016-08-24T16:14:54.559+0000: 7613.481: [GC (Allocation Failure) 7613.481: [ParNew
Desired survivor size 8716288 bytes, new threshold 6 (max 6)
- age   1:      71360 bytes,      71360 total
- age   2:      19048 bytes,      90408 total
- age   3:         96 bytes,      90504 total
- age   4:     293872 bytes,     384376 total
- age   6:        968 bytes,     385344 total
: 136826K->519K(153344K), 0.0054874 secs] 271102K->134795K(1031552K), 0.0055891 secs] [Times: user=0.01 sys=0.00, real=0.01 secs] 
2016-08-24T16:14:54.565+0000: 7613.487: Total time for which application threads were stopped: 0.0063908 seconds, Stopping threads took: 0.0000985 seconds
2016-08-24T16:14:54.607+0000: 7613.528: [GC (Allocation Failure) 7613.528: [ParNew
Desired survivor size 8716288 bytes, new threshold 6 (max 6)
- age   1:      76784 bytes,      76784 total
- age   3:       1432 bytes,      78216 total
- age   4:         96 bytes,      78312 total
- age   5:     292024 bytes,     370336 total
: 136839K->542K(153344K), 0.0058341 secs] 271115K->134819K(1031552K), 0.0059349 secs] [Times: user=0.01 sys=0.00, real=0.01 secs] 
2016-08-24T16:14:54.613+0000: 7613.534: Total time for which application threads were stopped: 0.0067460 seconds, Stopping threads took: 0.0000983 seconds
2016-08-24T16:14:54.652+0000: 7613.574: [GC (Allocation Failure) 7613.574: [ParNew
Desired survivor size 8716288 bytes, new threshold 6 (max 6)
- age   1:      64080 bytes,      64080 total
- age   2:       1000 bytes,      65080 total
- age   4:       1400 bytes,      66480 total
- age   5:         96 bytes,      66576 total
- age   6:     290208 bytes,     356784 total
: 136862K->366K(153344K), 0.0057967 secs] 271139K->134643K(1031552K), 0.0058955 secs] [Times: user=0.01 sys=0.00, real=0.00 secs] 
2016-08-24T16:14:54.658+0000: 7613.580: Total time for which application threads were stopped: 0.0067000 seconds, Stopping threads took: 0.0000888 seconds
2016-08-24T16:14:54.699+0000: 7613.620: [GC (Allocation Failure) 7613.620: [ParNew
Desired survivor size 8716288 bytes, new threshold 6 (max 6)
- age   1:      84048 bytes,      84048 total
- age   2:       4280 bytes,      88328 total
- age   3:       1000 bytes,      89328 total
- age   5:       1400 bytes,      90728 total
- age   6:         96 bytes,      90824 total
: 136686K->350K(153344K), 0.0063326 secs] 270963K->134917K(1031552K), 0.0064450 secs] [Times: user=0.02 sys=0.00, real=0.01 secs] 
2016-08-24T16:14:54.705+0000: 7613.627: Total time for which application threads were stopped: 0.0072803 seconds, Stopping threads took: 0.0001010 seconds
2016-08-24T16:14:54.747+0000: 7613.668: [GC (Allocation Failure) 7613.668: [ParNew
Desired survivor size 8716288 bytes, new threshold 6 (max 6)
- age   1:      61096 bytes,      61096 total
- age   3:       1000 bytes,      62096 total
- age   4:        968 bytes,      63064 total
- age   6:       1400 bytes,      64464 total
: 136670K->122K(153344K), 0.0049013 secs] 271237K->134689K(1031552K), 0.0050036 secs] [Times: user=0.01 sys=0.00, real=0.01 secs] 
2016-08-24T16:14:54.752+0000: 7613.673: Total time for which application threads were stopped: 0.0058135 seconds, Stopping threads took: 0.0000973 seconds
2016-08-24T16:14:54.790+0000: 7613.712: [GC (Allocation Failure) 7613.712: [ParNew
Desired survivor size 8716288 bytes, new threshold 6 (max 6)
- age   1:      69528 bytes,      69528 total
- age   2:       6512 bytes,      76040 total
- age   4:       1000 bytes,      77040 total
- age   5:        968 bytes,      78008 total
: 136442K->93K(153344K), 0.0049599 secs] 271009K->134662K(1031552K), 0.0050812 secs] [Times: user=0.01 sys=0.00, real=0.00 secs] 
2016-08-24T16:14:54.796+0000: 7613.717: Total time for which application threads were stopped: 0.0059831 seconds, Stopping threads took: 0.0001112 seconds
2016-08-24T16:14:54.837+0000: 7613.758: [GC (Allocation Failure) 7613.758: [ParNew
Desired survivor size 8716288 bytes, new threshold 6 (max 6)
- age   1:      64776 bytes,      64776 total
- age   3:       1000 bytes,      65776 total
- age   5:        968 bytes,      66744 total
- age   6:        968 bytes,      67712 total
: 136413K->93K(153344K), 0.0049001 secs] 270982K->134661K(1031552K), 0.0050083 secs] [Times: user=0.01 sys=0.00, real=0.01 secs] 
2016-08-24T16:14:54.842+0000: 7613.763: Total time for which application threads were stopped: 0.0058962 seconds, Stopping threads took: 0.0001020 seconds
2016-08-24T16:14:54.880+0000: 7613.801: [GC (Allocation Failure) 7613.801: [ParNew
Desired survivor size 8716288 bytes, new threshold 6 (max 6)
- age   1:      77536 bytes,      77536 total
- age   2:       9608 bytes,      87144 total
- age   4:       1000 bytes,      88144 total
- age   6:        968 bytes,      89112 total
: 136413K->99K(153344K), 0.0047977 secs] 270981K->134668K(1031552K), 0.0048990 secs] [Times: user=0.00 sys=0.00, real=0.01 secs] 
2016-08-24T16:14:54.885+0000: 7613.806: Total time for which application threads were stopped: 0.0057482 seconds, Stopping threads took: 0.0001010 seconds
2016-08-24T16:15:04.214+0000: 7623.136: [GC (Allocation Failure) 7623.136: [ParNew
Desired survivor size 8716288 bytes, new threshold 6 (max 6)
- age   1:     978832 bytes,     978832 total
- age   3:        968 bytes,     979800 total
- age   5:        968 bytes,     980768 total
: 136419K->982K(153344K), 0.0084972 secs] 270988K->135552K(1031552K), 0.0086376 secs] [Times: user=0.02 sys=0.00, real=0.01 secs] 
2016-08-24T16:15:04.223+0000: 7623.144: Total time for which application threads were stopped: 0.0094156 seconds, Stopping threads took: 0.0000852 seconds
2016-08-24T16:15:04.261+0000: 7623.182: [GC (Allocation Failure) 7623.182: [ParNew
Desired survivor size 8716288 bytes, new threshold 6 (max 6)
- age   1:      71144 bytes,      71144 total
- age   2:     263640 bytes,     334784 total
- age   4:        968 bytes,     335752 total
- age   6:        968 bytes,     336720 total
: 137302K->486K(153344K), 0.0060033 secs] 271872K->135056K(1031552K), 0.0061051 secs] [Times: user=0.01 sys=0.00, real=0.00 secs] 
2016-08-24T16:15:04.267+0000: 7623.188: Total time for which application threads were stopped: 0.0068857 seconds, Stopping threads took: 0.0000993 seconds
2016-08-24T16:15:04.306+0000: 7623.227: [GC (Allocation Failure) 7623.227: [ParNew
Desired survivor size 8716288 bytes, new threshold 6 (max 6)
- age   1:      80080 bytes,      80080 total
- age   2:        120 bytes,      80200 total
- age   3:     253128 bytes,     333328 total
- age   5:        968 bytes,     334296 total
: 136806K->468K(153344K), 0.0060224 secs] 271376K->135039K(1031552K), 0.0061242 secs] [Times: user=0.01 sys=0.00, real=0.01 secs] 
2016-08-24T16:15:04.312+0000: 7623.234: Total time for which application threads were stopped: 0.0068920 seconds, Stopping threads took: 0.0000926 seconds
2016-08-24T16:15:04.352+0000: 7623.273: [GC (Allocation Failure) 7623.273: [ParNew
Desired survivor size 8716288 bytes, new threshold 6 (max 6)
- age   1:      71680 bytes,      71680 total
- age   2:      12488 bytes,      84168 total
- age   3:        120 bytes,      84288 total
- age   4:     253128 bytes,     337416 total
- age   6:        968 bytes,     338384 total
: 136788K->451K(153344K), 0.0103054 secs] 271359K->135022K(1031552K), 0.0104355 secs] [Times: user=0.02 sys=0.00, real=0.01 secs] 
2016-08-24T16:15:04.362+0000: 7623.284: Total time for which application threads were stopped: 0.0112229 seconds, Stopping threads took: 0.0000833 seconds
2016-08-24T16:15:04.404+0000: 7623.325: [GC (Allocation Failure) 7623.325: [ParNew
Desired survivor size 8716288 bytes, new threshold 6 (max 6)
- age   1:      62888 bytes,      62888 total
- age   3:       1096 bytes,      63984 total
- age   4:        120 bytes,      64104 total
- age   5:     251280 bytes,     315384 total
: 136771K->469K(153344K), 0.0062504 secs] 271342K->135041K(1031552K), 0.0063524 secs] [Times: user=0.01 sys=0.00, real=0.01 secs] 
2016-08-24T16:15:04.410+0000: 7623.332: Total time for which application threads were stopped: 0.0071289 seconds, Stopping threads took: 0.0000895 seconds
2016-08-24T16:15:04.449+0000: 7623.370: [GC (Allocation Failure) 7623.370: [ParNew
Desired survivor size 8716288 bytes, new threshold 6 (max 6)
- age   1:      67520 bytes,      67520 total
- age   2:      14704 bytes,      82224 total
- age   4:       1096 bytes,      83320 total
- age   5:        120 bytes,      83440 total
- age   6:     251280 bytes,     334720 total
: 136789K->463K(153344K), 0.0060553 secs] 271361K->135036K(1031552K), 0.0061659 secs] [Times: user=0.01 sys=0.00, real=0.00 secs] 
2016-08-24T16:15:04.455+0000: 7623.376: Total time for which application threads were stopped: 0.0069623 seconds, Stopping threads took: 0.0000906 seconds
2016-08-24T16:15:04.494+0000: 7623.416: [GC (Allocation Failure) 7623.416: [ParNew
Desired survivor size 8716288 bytes, new threshold 6 (max 6)
- age   1:      91288 bytes,      91288 total
- age   3:       1000 bytes,      92288 total
- age   5:       1064 bytes,      93352 total
- age   6:         88 bytes,      93440 total
: 136783K->318K(153344K), 0.0068160 secs] 271356K->135138K(1031552K), 0.0069344 secs] [Times: user=0.01 sys=0.00, real=0.01 secs] 
2016-08-24T16:15:04.501+0000: 7623.423: Total time for which application threads were stopped: 0.0077128 seconds, Stopping threads took: 0.0000865 seconds
2016-08-24T16:15:04.539+0000: 7623.461: [GC (Allocation Failure) 7623.461: [ParNew
Desired survivor size 8716288 bytes, new threshold 6 (max 6)
- age   1:      84760 bytes,      84760 total
- age   2:      24096 bytes,     108856 total
- age   4:       1000 bytes,     109856 total
- age   6:       1064 bytes,     110920 total
: 136638K->152K(153344K), 0.0059785 secs] 271458K->134973K(1031552K), 0.0060755 secs] [Times: user=0.01 sys=0.00, real=0.01 secs] 
2016-08-24T16:15:04.545+0000: 7623.467: Total time for which application threads were stopped: 0.0068295 seconds, Stopping threads took: 0.0000849 seconds
2016-08-24T16:15:04.586+0000: 7623.507: [GC (Allocation Failure) 7623.507: [ParNew
Desired survivor size 8716288 bytes, new threshold 6 (max 6)
- age   1:      64864 bytes,      64864 total
- age   3:       6800 bytes,      71664 total
- age   5:       1000 bytes,      72664 total
: 136472K->110K(153344K), 0.0072773 secs] 271293K->134931K(1031552K), 0.0074202 secs] [Times: user=0.01 sys=0.00, real=0.01 secs] 
2016-08-24T16:15:04.593+0000: 7623.515: Total time for which application threads were stopped: 0.0082547 seconds, Stopping threads took: 0.0000857 seconds
2016-08-24T16:15:04.638+0000: 7623.559: [GC (Allocation Failure) 7623.559: [ParNew
Desired survivor size 8716288 bytes, new threshold 6 (max 6)
- age   1:      67320 bytes,      67320 total
- age   2:       1000 bytes,      68320 total
- age   4:       6768 bytes,      75088 total
- age   6:       1000 bytes,      76088 total
: 136430K->101K(153344K), 0.0070616 secs] 271251K->134923K(1031552K), 0.0072032 secs] [Times: user=0.01 sys=0.00, real=0.01 secs] 
2016-08-24T16:15:04.645+0000: 7623.566: Total time for which application threads were stopped: 0.0080524 seconds, Stopping threads took: 0.0000893 seconds
2016-08-24T16:15:04.691+0000: 7623.613: [GC (Allocation Failure) 7623.613: [ParNew
Desired survivor size 8716288 bytes, new threshold 6 (max 6)
- age   1:      64848 bytes,      64848 total
- age   2:       3920 bytes,      68768 total
- age   3:       1000 bytes,      69768 total
- age   5:       6624 bytes,      76392 total
: 136421K->90K(153344K), 0.0054535 secs] 271243K->134912K(1031552K), 0.0055704 secs] [Times: user=0.01 sys=0.00, real=0.00 secs] 
2016-08-24T16:15:04.697+0000: 7623.618: Total time for which application threads were stopped: 0.0064278 seconds, Stopping threads took: 0.0001181 seconds
2016-08-24T16:15:05.699+0000: 7624.620: Total time for which application threads were stopped: 0.0017997 seconds, Stopping threads took: 0.0002608 seconds
2016-08-24T16:15:13.885+0000: 7632.806: [GC (Allocation Failure) 7632.806: [ParNew
Desired survivor size 8716288 bytes, new threshold 6 (max 6)
- age   1:     902600 bytes,     902600 total
- age   2:        240 bytes,     902840 total
- age   3:        968 bytes,     903808 total
- age   4:        968 bytes,     904776 total
- age   6:       4920 bytes,     909696 total
: 136410K->905K(153344K), 0.0109159 secs] 271232K->135727K(1031552K), 0.0110824 secs] [Times: user=0.02 sys=0.00, real=0.01 secs] 
2016-08-24T16:15:13.896+0000: 7632.817: Total time for which application threads were stopped: 0.0125848 seconds, Stopping threads took: 0.0002653 seconds
2016-08-24T16:15:13.942+0000: 7632.863: [GC (Allocation Failure) 7632.863: [ParNew
Desired survivor size 8716288 bytes, new threshold 6 (max 6)
- age   1:     122768 bytes,     122768 total
- age   2:     197224 bytes,     319992 total
- age   3:        240 bytes,     320232 total
- age   4:        968 bytes,     321200 total
- age   5:        968 bytes,     322168 total
: 137225K->380K(153344K), 0.0055515 secs] 272047K->135204K(1031552K), 0.0056880 secs] [Times: user=0.01 sys=0.00, real=0.00 secs] 
2016-08-24T16:15:13.947+0000: 7632.869: Total time for which application threads were stopped: 0.0065240 seconds, Stopping threads took: 0.0000879 seconds
2016-08-24T16:15:13.990+0000: 7632.912: [GC (Allocation Failure) 7632.912: [ParNew
Desired survivor size 8716288 bytes, new threshold 6 (max 6)
- age   1:      51936 bytes,      51936 total
- age   2:      38256 bytes,      90192 total
- age   3:     196928 bytes,     287120 total
- age   4:        240 bytes,     287360 total
- age   5:        968 bytes,     288328 total
- age   6:        968 bytes,     289296 total
: 136700K->401K(153344K), 0.0058004 secs] 271524K->135225K(1031552K), 0.0059336 secs] [Times: user=0.01 sys=0.00, real=0.00 secs] 
2016-08-24T16:15:13.997+0000: 7632.918: Total time for which application threads were stopped: 0.0069181 seconds, Stopping threads took: 0.0001130 seconds
2016-08-24T16:15:14.051+0000: 7632.973: [GC (Allocation Failure) 7632.973: [ParNew
Desired survivor size 8716288 bytes, new threshold 6 (max 6)
- age   1:      77576 bytes,      77576 total
- age   2:       4952 bytes,      82528 total
- age   3:      38256 bytes,     120784 total
- age   4:     196928 bytes,     317712 total
- age   5:        240 bytes,     317952 total
- age   6:        968 bytes,     318920 total
: 136721K->403K(153344K), 0.0063442 secs] 271545K->135228K(1031552K), 0.0065017 secs] [Times: user=0.02 sys=0.00, real=0.00 secs] 
2016-08-24T16:15:14.058+0000: 7632.979: Total time for which application threads were stopped: 0.0074636 seconds, Stopping threads took: 0.0001221 seconds
2016-08-24T16:15:14.102+0000: 7633.024: [GC (Allocation Failure) 7633.024: [ParNew
Desired survivor size 8716288 bytes, new threshold 6 (max 6)
- age   1:      72056 bytes,      72056 total
- age   3:       1096 bytes,      73152 total
- age   4:      36408 bytes,     109560 total
- age   5:     196928 bytes,     306488 total
- age   6:        240 bytes,     306728 total
: 136723K->441K(153344K), 0.0053578 secs] 271548K->135266K(1031552K), 0.0054841 secs] [Times: user=0.01 sys=0.00, real=0.00 secs] 
2016-08-24T16:15:14.108+0000: 7633.029: Total time for which application threads were stopped: 0.0064460 seconds, Stopping threads took: 0.0001286 seconds
2016-08-24T16:15:14.148+0000: 7633.070: [GC (Allocation Failure) 7633.070: [ParNew
Desired survivor size 8716288 bytes, new threshold 6 (max 6)
- age   1:      73560 bytes,      73560 total
- age   2:       8120 bytes,      81680 total
- age   4:       1096 bytes,      82776 total
- age   5:      36160 bytes,     118936 total
- age   6:     196888 bytes,     315824 total
: 136761K->449K(153344K), 0.0071818 secs] 271586K->135274K(1031552K), 0.0073100 secs] [Times: user=0.01 sys=0.00, real=0.01 secs] 
2016-08-24T16:15:14.155+0000: 7633.077: Total time for which application threads were stopped: 0.0082807 seconds, Stopping threads took: 0.0000946 seconds
2016-08-24T16:15:14.198+0000: 7633.120: [GC (Allocation Failure) 7633.120: [ParNew
Desired survivor size 8716288 bytes, new threshold 6 (max 6)
- age   1:      58352 bytes,      58352 total
- age   2:        160 bytes,      58512 total
- age   3:       1000 bytes,      59512 total
- age   5:       1064 bytes,      60576 total
- age   6:      34344 bytes,      94920 total
: 136769K->294K(153344K), 0.0071273 secs] 271594K->135316K(1031552K), 0.0072860 secs] [Times: user=0.01 sys=0.00, real=0.01 secs] 
2016-08-24T16:15:14.205+0000: 7633.127: Total time for which application threads were stopped: 0.0081646 seconds, Stopping threads took: 0.0001087 seconds
2016-08-24T16:15:14.244+0000: 7633.166: [GC (Allocation Failure) 7633.166: [ParNew
Desired survivor size 8716288 bytes, new threshold 6 (max 6)
- age   1:      64272 bytes,      64272 total
- age   2:      11544 bytes,      75816 total
- age   3:        160 bytes,      75976 total
- age   4:       1000 bytes,      76976 total
- age   6:       1064 bytes,      78040 total
: 136614K->116K(153344K), 0.0061972 secs] 271636K->135171K(1031552K), 0.0063035 secs] [Times: user=0.01 sys=0.00, real=0.01 secs] 
2016-08-24T16:15:14.251+0000: 7633.172: Total time for which application threads were stopped: 0.0071149 seconds, Stopping threads took: 0.0000954 seconds
2016-08-24T16:15:14.293+0000: 7633.215: [GC (Allocation Failure) 7633.215: [ParNew
Desired survivor size 8716288 bytes, new threshold 6 (max 6)
- age   1:      63080 bytes,      63080 total
- age   3:       1000 bytes,      64080 total
- age   4:        160 bytes,      64240 total
- age   5:        968 bytes,      65208 total
: 136436K->88K(153344K), 0.0062140 secs] 271491K->135145K(1031552K), 0.0063439 secs] [Times: user=0.01 sys=0.00, real=0.00 secs] 
2016-08-24T16:15:14.300+0000: 7633.221: Total time for which application threads were stopped: 0.0071532 seconds, Stopping threads took: 0.0000877 seconds
2016-08-24T16:15:14.339+0000: 7633.260: [GC (Allocation Failure) 7633.260: [ParNew
Desired survivor size 8716288 bytes, new threshold 6 (max 6)
- age   1:      80024 bytes,      80024 total
- age   2:      14360 bytes,      94384 total
- age   4:       1000 bytes,      95384 total
- age   5:        160 bytes,      95544 total
- age   6:        968 bytes,      96512 total
: 136408K->101K(153344K), 0.0060380 secs] 271465K->135158K(1031552K), 0.0061421 secs] [Times: user=0.01 sys=0.00, real=0.01 secs] 
2016-08-24T16:15:14.345+0000: 7633.267: Total time for which application threads were stopped: 0.0069247 seconds, Stopping threads took: 0.0001034 seconds
2016-08-24T16:15:14.389+0000: 7633.310: [GC (Allocation Failure) 7633.310: [ParNew
Desired survivor size 8716288 bytes, new threshold 6 (max 6)
- age   1:      62408 bytes,      62408 total
- age   3:       1000 bytes,      63408 total
- age   5:        968 bytes,      64376 total
- age   6:        160 bytes,      64536 total
: 136421K->83K(153344K), 0.0060337 secs] 271478K->135141K(1031552K), 0.0061611 secs] [Times: user=0.01 sys=0.00, real=0.00 secs] 
2016-08-24T16:15:14.395+0000: 7633.317: Total time for which application threads were stopped: 0.0070031 seconds, Stopping threads took: 0.0001011 seconds
2016-08-24T16:15:14.436+0000: 7633.358: [GC (Allocation Failure) 7633.358: [ParNew
Desired survivor size 8716288 bytes, new threshold 6 (max 6)
- age   1:      72040 bytes,      72040 total
- age   2:      17560 bytes,      89600 total
- age   4:       1000 bytes,      90600 total
- age   6:        968 bytes,      91568 total
: 136403K->104K(153344K), 0.0071824 secs] 271461K->135162K(1031552K), 0.0073308 secs] [Times: user=0.01 sys=0.00, real=0.01 secs] 
2016-08-24T16:15:14.444+0000: 7633.365: Total time for which application threads were stopped: 0.0082445 seconds, Stopping threads took: 0.0000910 seconds
2016-08-24T16:15:18.445+0000: 7637.367: Total time for which application threads were stopped: 0.0006688 seconds, Stopping threads took: 0.0001167 seconds
2016-08-24T16:15:19.679+0000: 7638.601: Total time for which application threads were stopped: 0.0006093 seconds, Stopping threads took: 0.0000806 seconds
2016-08-24T16:15:19.680+0000: 7638.601: Total time for which application threads were stopped: 0.0002829 seconds, Stopping threads took: 0.0000297 seconds
2016-08-24T16:15:19.680+0000: 7638.602: Total time for which application threads were stopped: 0.0003573 seconds, Stopping threads took: 0.0000394 seconds
2016-08-24T16:15:19.872+0000: 7638.793: Total time for which application threads were stopped: 0.0008038 seconds, Stopping threads took: 0.0001106 seconds
2016-08-24T16:15:19.872+0000: 7638.794: Total time for which application threads were stopped: 0.0004102 seconds, Stopping threads took: 0.0000454 seconds
2016-08-24T16:15:19.873+0000: 7638.794: Total time for which application threads were stopped: 0.0003990 seconds, Stopping threads took: 0.0000361 seconds
2016-08-24T16:15:24.505+0000: 7643.426: [GC (Allocation Failure) 7643.426: [ParNew
Desired survivor size 8716288 bytes, new threshold 6 (max 6)
- age   1:    1364280 bytes,    1364280 total
- age   3:        968 bytes,    1365248 total
- age   5:        968 bytes,    1366216 total
: 136424K->1346K(153344K), 0.0080042 secs] 271482K->136405K(1031552K), 0.0081714 secs] [Times: user=0.01 sys=0.00, real=0.01 secs] 
2016-08-24T16:15:24.513+0000: 7643.434: Total time for which application threads were stopped: 0.0091784 seconds, Stopping threads took: 0.0001512 seconds
2016-08-24T16:15:24.552+0000: 7643.474: [GC (Allocation Failure) 7643.474: [ParNew
Desired survivor size 8716288 bytes, new threshold 6 (max 6)
- age   1:      69816 bytes,      69816 total
- age   2:     329792 bytes,     399608 total
- age   4:        968 bytes,     400576 total
- age   6:        968 bytes,     401544 total
: 137666K->428K(153344K), 0.0060827 secs] 272725K->135487K(1031552K), 0.0062091 secs] [Times: user=0.02 sys=0.00, real=0.00 secs] 
2016-08-24T16:15:24.559+0000: 7643.480: Total time for which application threads were stopped: 0.0070866 seconds, Stopping threads took: 0.0001233 seconds
2016-08-24T16:15:24.604+0000: 7643.526: [GC (Allocation Failure) 7643.526: [ParNew
Desired survivor size 8716288 bytes, new threshold 6 (max 6)
- age   1:      75096 bytes,      75096 total
- age   2:         72 bytes,      75168 total
- age   3:     313080 bytes,     388248 total
- age   5:        968 bytes,     389216 total
: 136748K->537K(153344K), 0.0057671 secs] 271807K->135597K(1031552K), 0.0058867 secs] [Times: user=0.01 sys=0.00, real=0.01 secs] 
2016-08-24T16:15:24.610+0000: 7643.532: Total time for which application threads were stopped: 0.0067901 seconds, Stopping threads took: 0.0001311 seconds
2016-08-24T16:15:24.649+0000: 7643.571: [GC (Allocation Failure) 7643.571: [ParNew
Desired survivor size 8716288 bytes, new threshold 6 (max 6)
- age   1:      69680 bytes,      69680 total
- age   2:      18712 bytes,      88392 total
- age   3:         72 bytes,      88464 total
- age   4:     313080 bytes,     401544 total
- age   6:        968 bytes,     402512 total
: 136857K->547K(153344K), 0.0058369 secs] 271917K->135607K(1031552K), 0.0059733 secs] [Times: user=0.01 sys=0.00, real=0.00 secs] 
2016-08-24T16:15:24.655+0000: 7643.577: Total time for which application threads were stopped: 0.0068466 seconds, Stopping threads took: 0.0001149 seconds
2016-08-24T16:15:24.696+0000: 7643.617: [GC (Allocation Failure) 7643.618: [ParNew
Desired survivor size 8716288 bytes, new threshold 6 (max 6)
- age   1:      74984 bytes,      74984 total
- age   3:       1096 bytes,      76080 total
- age   4:         72 bytes,      76152 total
- age   5:     309944 bytes,     386096 total
: 136867K->568K(153344K), 0.0072051 secs] 271927K->135629K(1031552K), 0.0073647 secs] [Times: user=0.01 sys=0.00, real=0.01 secs] 
2016-08-24T16:15:24.703+0000: 7643.625: Total time for which application threads were stopped: 0.0083734 seconds, Stopping threads took: 0.0001138 seconds
2016-08-24T16:15:24.767+0000: 7643.689: [GC (Allocation Failure) 7643.689: [ParNew
Desired survivor size 8716288 bytes, new threshold 6 (max 6)
- age   1:      60456 bytes,      60456 total
- age   2:       1248 bytes,      61704 total
- age   4:       1064 bytes,      62768 total
- age   5:         72 bytes,      62840 total
- age   6:     308128 bytes,     370968 total
: 136888K->555K(153344K), 0.0078650 secs] 271949K->135616K(1031552K), 0.0080600 secs] [Times: user=0.01 sys=0.00, real=0.01 secs] 
2016-08-24T16:15:24.776+0000: 7643.697: Total time for which application threads were stopped: 0.0091697 seconds, Stopping threads took: 0.0000988 seconds
2016-08-24T16:15:24.835+0000: 7643.756: [GC (Allocation Failure) 7643.756: [ParNew
Desired survivor size 8716288 bytes, new threshold 6 (max 6)
- age   1:      88616 bytes,      88616 total
- age   2:       4280 bytes,      92896 total
- age   3:       1248 bytes,      94144 total
- age   5:       1064 bytes,      95208 total
- age   6:         72 bytes,      95280 total
: 136875K->364K(153344K), 0.0102028 secs] 271936K->135733K(1031552K), 0.0103856 secs] [Times: user=0.01 sys=0.00, real=0.01 secs] 
2016-08-24T16:15:24.845+0000: 7643.767: Total time for which application threads were stopped: 0.0116389 seconds, Stopping threads took: 0.0001240 seconds
2016-08-24T16:15:24.910+0000: 7643.832: [GC (Allocation Failure) 7643.832: [ParNew
Desired survivor size 8716288 bytes, new threshold 6 (max 6)
- age   1:      65888 bytes,      65888 total
- age   3:       1000 bytes,      66888 total
- age   4:       1216 bytes,      68104 total
- age   6:       1064 bytes,      69168 total
: 136684K->126K(153344K), 0.0060982 secs] 272053K->135494K(1031552K), 0.0062489 secs] [Times: user=0.01 sys=0.00, real=0.00 secs] 
2016-08-24T16:15:24.917+0000: 7643.838: Total time for which application threads were stopped: 0.0072159 seconds, Stopping threads took: 0.0000908 seconds
2016-08-24T16:15:24.960+0000: 7643.881: [GC (Allocation Failure) 7643.881: [ParNew
Desired survivor size 8716288 bytes, new threshold 6 (max 6)
- age   1:      73568 bytes,      73568 total
- age   2:       6512 bytes,      80080 total
- age   4:       1000 bytes,      81080 total
- age   5:       1216 bytes,      82296 total
: 136446K->98K(153344K), 0.0065399 secs] 271814K->135467K(1031552K), 0.0066990 secs] [Times: user=0.01 sys=0.00, real=0.01 secs] 
2016-08-24T16:15:24.966+0000: 7643.888: Total time for which application threads were stopped: 0.0078444 seconds, Stopping threads took: 0.0001326 seconds
2016-08-24T16:15:25.028+0000: 7643.950: [GC (Allocation Failure) 7643.950: [ParNew
Desired survivor size 8716288 bytes, new threshold 6 (max 6)
- age   1:      63336 bytes,      63336 total
- age   3:       1000 bytes,      64336 total
- age   5:        968 bytes,      65304 total
- age   6:       1216 bytes,      66520 total
: 136418K->98K(153344K), 0.0067847 secs] 271787K->135468K(1031552K), 0.0069488 secs] [Times: user=0.01 sys=0.00, real=0.01 secs] 
2016-08-24T16:15:25.035+0000: 7643.957: Total time for which application threads were stopped: 0.0080592 seconds, Stopping threads took: 0.0000972 seconds
2016-08-24T16:15:25.098+0000: 7644.019: [GC (Allocation Failure) 7644.019: [ParNew
Desired survivor size 8716288 bytes, new threshold 6 (max 6)
- age   1:      74872 bytes,      74872 total
- age   2:      10120 bytes,      84992 total
- age   4:       1000 bytes,      85992 total
- age   6:        968 bytes,      86960 total
: 136418K->89K(153344K), 0.0074271 secs] 271788K->135460K(1031552K), 0.0075998 secs] [Times: user=0.01 sys=0.00, real=0.01 secs] 
2016-08-24T16:15:25.105+0000: 7644.027: Total time for which application threads were stopped: 0.0087379 seconds, Stopping threads took: 0.0001052 seconds
2016-08-24T16:15:33.910+0000: 7652.831: Total time for which application threads were stopped: 0.0007997 seconds, Stopping threads took: 0.0001457 seconds
2016-08-24T16:15:33.910+0000: 7652.831: Total time for which application threads were stopped: 0.0004335 seconds, Stopping threads took: 0.0000939 seconds
2016-08-24T16:15:33.926+0000: 7652.847: [GC (Allocation Failure) 7652.847: [ParNew
Desired survivor size 8716288 bytes, new threshold 6 (max 6)
- age   1:     918376 bytes,     918376 total
- age   2:        512 bytes,     918888 total
- age   3:       1480 bytes,     920368 total
- age   5:        968 bytes,     921336 total
: 136409K->934K(153344K), 0.0074408 secs] 271780K->136305K(1031552K), 0.0075771 secs] [Times: user=0.01 sys=0.00, real=0.01 secs] 
2016-08-24T16:15:33.934+0000: 7652.855: Total time for which application threads were stopped: 0.0084199 seconds, Stopping threads took: 0.0000960 seconds
2016-08-24T16:15:33.977+0000: 7652.898: [GC (Allocation Failure) 7652.898: [ParNew
Desired survivor size 8716288 bytes, new threshold 6 (max 6)
- age   1:      82952 bytes,      82952 total
- age   2:     239080 bytes,     322032 total
- age   3:        512 bytes,     322544 total
- age   4:       1480 bytes,     324024 total
- age   6:        968 bytes,     324992 total
: 137254K->390K(153344K), 0.0053450 secs] 272625K->135762K(1031552K), 0.0054502 secs] [Times: user=0.01 sys=0.00, real=0.01 secs] 
2016-08-24T16:15:33.982+0000: 7652.904: Total time for which application threads were stopped: 0.0063331 seconds, Stopping threads took: 0.0000969 seconds
2016-08-24T16:15:34.026+0000: 7652.947: [GC (Allocation Failure) 7652.947: [ParNew
Desired survivor size 8716288 bytes, new threshold 6 (max 6)
- age   1:      64528 bytes,      64528 total
- age   2:         24 bytes,      64552 total
- age   3:     228784 bytes,     293336 total
- age   4:        512 bytes,     293848 total
- age   5:       1480 bytes,     295328 total
: 136710K->422K(153344K), 0.0056961 secs] 272082K->135794K(1031552K), 0.0058195 secs] [Times: user=0.01 sys=0.00, real=0.01 secs] 
2016-08-24T16:15:34.032+0000: 7652.953: Total time for which application threads were stopped: 0.0066771 seconds, Stopping threads took: 0.0000878 seconds
2016-08-24T16:15:34.071+0000: 7652.993: [GC (Allocation Failure) 7652.993: [ParNew
Desired survivor size 8716288 bytes, new threshold 6 (max 6)
- age   1:      75720 bytes,      75720 total
- age   2:      12576 bytes,      88296 total
- age   3:         24 bytes,      88320 total
- age   4:     228784 bytes,     317104 total
- age   5:        512 bytes,     317616 total
- age   6:       1480 bytes,     319096 total
: 136742K->544K(153344K), 0.0055741 secs] 272114K->135917K(1031552K), 0.0056780 secs] [Times: user=0.01 sys=0.00, real=0.00 secs] 
2016-08-24T16:15:34.077+0000: 7652.998: Total time for which application threads were stopped: 0.0065111 seconds, Stopping threads took: 0.0001000 seconds
2016-08-24T16:15:34.117+0000: 7653.038: [GC (Allocation Failure) 7653.038: [ParNew
Desired survivor size 8716288 bytes, new threshold 6 (max 6)
- age   1:      83016 bytes,      83016 total
- age   3:       1096 bytes,      84112 total
- age   4:         24 bytes,      84136 total
- age   5:     226504 bytes,     310640 total
- age   6:        512 bytes,     311152 total
: 136864K->368K(153344K), 0.0056306 secs] 272237K->135742K(1031552K), 0.0057447 secs] [Times: user=0.01 sys=0.00, real=0.01 secs] 
2016-08-24T16:15:34.123+0000: 7653.044: Total time for which application threads were stopped: 0.0066112 seconds, Stopping threads took: 0.0000966 seconds
2016-08-24T16:15:34.164+0000: 7653.085: [GC (Allocation Failure) 7653.085: [ParNew
Desired survivor size 8716288 bytes, new threshold 6 (max 6)
- age   1:      86984 bytes,      86984 total
- age   2:      14952 bytes,     101936 total
- age   4:       1096 bytes,     103032 total
- age   5:         24 bytes,     103056 total
- age   6:     226504 bytes,     329560 total
: 136688K->519K(153344K), 0.0057558 secs] 272062K->135894K(1031552K), 0.0058697 secs] [Times: user=0.01 sys=0.00, real=0.01 secs] 
2016-08-24T16:15:34.170+0000: 7653.091: Total time for which application threads were stopped: 0.0067531 seconds, Stopping threads took: 0.0001234 seconds
2016-08-24T16:15:34.213+0000: 7653.134: [GC (Allocation Failure) 7653.134: [ParNew
Desired survivor size 8716288 bytes, new threshold 6 (max 6)
- age   1:      59840 bytes,      59840 total
- age   3:       1248 bytes,      61088 total
- age   5:       1064 bytes,      62152 total
- age   6:         24 bytes,      62176 total
: 136839K->204K(153344K), 0.0057918 secs] 272214K->135802K(1031552K), 0.0058989 secs] [Times: user=0.02 sys=0.00, real=0.00 secs] 
2016-08-24T16:15:34.219+0000: 7653.140: Total time for which application threads were stopped: 0.0068711 seconds, Stopping threads took: 0.0001126 seconds
2016-08-24T16:15:34.260+0000: 7653.181: [GC (Allocation Failure) 7653.181: [ParNew
Desired survivor size 8716288 bytes, new threshold 6 (max 6)
- age   1:      74896 bytes,      74896 total
- age   2:      18296 bytes,      93192 total
- age   4:       1248 bytes,      94440 total
- age   6:       1064 bytes,      95504 total
: 136524K->128K(153344K), 0.0051835 secs] 272122K->135726K(1031552K), 0.0053015 secs] [Times: user=0.01 sys=0.00, real=0.01 secs] 
2016-08-24T16:15:34.265+0000: 7653.187: Total time for which application threads were stopped: 0.0061567 seconds, Stopping threads took: 0.0001151 seconds
2016-08-24T16:15:34.305+0000: 7653.226: [GC (Allocation Failure) 7653.226: [ParNew
Desired survivor size 8716288 bytes, new threshold 6 (max 6)
- age   1:      73872 bytes,      73872 total
- age   3:       1000 bytes,      74872 total
- age   5:       1216 bytes,      76088 total
: 136448K->119K(153344K), 0.0046827 secs] 272046K->135718K(1031552K), 0.0047848 secs] [Times: user=0.01 sys=0.00, real=0.01 secs] 
2016-08-24T16:15:34.310+0000: 7653.231: Total time for which application threads were stopped: 0.0056200 seconds, Stopping threads took: 0.0000858 seconds
2016-08-24T16:15:34.350+0000: 7653.271: [GC (Allocation Failure) 7653.271: [ParNew
Desired survivor size 8716288 bytes, new threshold 6 (max 6)
- age   1:      55984 bytes,      55984 total
- age   2:       1000 bytes,      56984 total
- age   4:        968 bytes,      57952 total
- age   6:       1216 bytes,      59168 total
: 136439K->80K(153344K), 0.0047569 secs] 272038K->135679K(1031552K), 0.0048550 secs] [Times: user=0.01 sys=0.00, real=0.00 secs] 
2016-08-24T16:15:34.355+0000: 7653.276: Total time for which application threads were stopped: 0.0056135 seconds, Stopping threads took: 0.0000974 seconds
2016-08-24T16:15:34.393+0000: 7653.315: [GC (Allocation Failure) 7653.315: [ParNew
Desired survivor size 8716288 bytes, new threshold 6 (max 6)
- age   1:      72864 bytes,      72864 total
- age   2:       3984 bytes,      76848 total
- age   3:       1000 bytes,      77848 total
- age   5:        968 bytes,      78816 total
: 136400K->89K(153344K), 0.0046434 secs] 271999K->135689K(1031552K), 0.0047765 secs] [Times: user=0.01 sys=0.00, real=0.00 secs] 
2016-08-24T16:15:34.398+0000: 7653.319: Total time for which application threads were stopped: 0.0056600 seconds, Stopping threads took: 0.0000863 seconds
2016-08-24T16:15:44.122+0000: 7663.043: [GC (Allocation Failure) 7663.043: [ParNew
Desired survivor size 8716288 bytes, new threshold 6 (max 6)
- age   1:    1009824 bytes,    1009824 total
- age   3:        968 bytes,    1010792 total
- age   4:        968 bytes,    1011760 total
- age   6:        968 bytes,    1012728 total
: 136409K->999K(153344K), 0.0142784 secs] 272009K->136599K(1031552K), 0.0145315 secs] [Times: user=0.03 sys=0.00, real=0.01 secs] 
2016-08-24T16:15:44.136+0000: 7663.058: Total time for which application threads were stopped: 0.0166088 seconds, Stopping threads took: 0.0002379 seconds
2016-08-24T16:15:44.577+0000: 7663.498: [GC (Allocation Failure) 7663.498: [ParNew
Desired survivor size 8716288 bytes, new threshold 6 (max 6)
- age   1:     191040 bytes,     191040 total
- age   2:     173304 bytes,     364344 total
- age   4:        968 bytes,     365312 total
- age   5:        968 bytes,     366280 total
: 137319K->443K(153344K), 0.0053947 secs] 272919K->136045K(1031552K), 0.0055098 secs] [Times: user=0.00 sys=0.01, real=0.01 secs] 
2016-08-24T16:15:44.582+0000: 7663.504: Total time for which application threads were stopped: 0.0063372 seconds, Stopping threads took: 0.0000923 seconds
2016-08-24T16:15:44.623+0000: 7663.544: [GC (Allocation Failure) 7663.544: [ParNew
Desired survivor size 8716288 bytes, new threshold 6 (max 6)
- age   1:      57784 bytes,      57784 total
- age   2:      66704 bytes,     124488 total
- age   3:     170600 bytes,     295088 total
- age   5:        968 bytes,     296056 total
- age   6:        968 bytes,     297024 total
: 136763K->414K(153344K), 0.0057388 secs] 272365K->136016K(1031552K), 0.0058659 secs] [Times: user=0.01 sys=0.00, real=0.01 secs] 
2016-08-24T16:15:44.629+0000: 7663.550: Total time for which application threads were stopped: 0.0066759 seconds, Stopping threads took: 0.0000997 seconds
2016-08-24T16:15:44.669+0000: 7663.590: [GC (Allocation Failure) 7663.590: [ParNew
Desired survivor size 8716288 bytes, new threshold 6 (max 6)
- age   1:      68800 bytes,      68800 total
- age   2:       4952 bytes,      73752 total
- age   3:      66704 bytes,     140456 total
- age   4:     170600 bytes,     311056 total
- age   6:        968 bytes,     312024 total
: 136734K->414K(153344K), 0.0054135 secs] 272336K->136017K(1031552K), 0.0055198 secs] [Times: user=0.01 sys=0.00, real=0.00 secs] 
2016-08-24T16:15:44.674+0000: 7663.596: Total time for which application threads were stopped: 0.0063600 seconds, Stopping threads took: 0.0000954 seconds
2016-08-24T16:15:44.714+0000: 7663.636: [GC (Allocation Failure) 7663.636: [ParNew
Desired survivor size 8716288 bytes, new threshold 6 (max 6)
- age   1:      53320 bytes,      53320 total
- age   3:       1096 bytes,      54416 total
- age   4:      64856 bytes,     119272 total
- age   5:     170600 bytes,     289872 total
: 136734K->436K(153344K), 0.0054275 secs] 272337K->136039K(1031552K), 0.0055305 secs] [Times: user=0.01 sys=0.00, real=0.00 secs] 
2016-08-24T16:15:44.720+0000: 7663.641: Total time for which application threads were stopped: 0.0063015 seconds, Stopping threads took: 0.0000857 seconds
2016-08-24T16:15:44.761+0000: 7663.683: [GC (Allocation Failure) 7663.683: [ParNew
Desired survivor size 8716288 bytes, new threshold 6 (max 6)
- age   1:      79728 bytes,      79728 total
- age   2:       8032 bytes,      87760 total
- age   4:       1096 bytes,      88856 total
- age   5:      64856 bytes,     153712 total
- age   6:     170600 bytes,     324312 total
: 136756K->414K(153344K), 0.0054766 secs] 272359K->136017K(1031552K), 0.0055854 secs] [Times: user=0.01 sys=0.00, real=0.00 secs] 
2016-08-24T16:15:44.767+0000: 7663.688: Total time for which application threads were stopped: 0.0064388 seconds, Stopping threads took: 0.0001538 seconds
2016-08-24T16:15:44.812+0000: 7663.734: [GC (Allocation Failure) 7663.734: [ParNew
Desired survivor size 8716288 bytes, new threshold 6 (max 6)
- age   1:      55544 bytes,      55544 total
- age   3:       1000 bytes,      56544 total
- age   5:       1064 bytes,      57608 total
- age   6:      63040 bytes,     120648 total
: 136734K->309K(153344K), 0.0055523 secs] 272337K->136083K(1031552K), 0.0056786 secs] [Times: user=0.01 sys=0.00, real=0.00 secs] 
2016-08-24T16:15:44.818+0000: 7663.739: Total time for which application threads were stopped: 0.0065791 seconds, Stopping threads took: 0.0001106 seconds
2016-08-24T16:15:44.858+0000: 7663.780: [GC (Allocation Failure) 7663.780: [ParNew
Desired survivor size 8716288 bytes, new threshold 6 (max 6)
- age   1:      87512 bytes,      87512 total
- age   2:      11544 bytes,      99056 total
- age   4:       1000 bytes,     100056 total
- age   6:       1064 bytes,     101120 total
: 136629K->170K(153344K), 0.0052207 secs] 272403K->136008K(1031552K), 0.0053258 secs] [Times: user=0.01 sys=0.00, real=0.01 secs] 
2016-08-24T16:15:44.864+0000: 7663.785: Total time for which application threads were stopped: 0.0061229 seconds, Stopping threads took: 0.0000974 seconds
2016-08-24T16:15:44.904+0000: 7663.825: [GC (Allocation Failure) 7663.825: [ParNew
Desired survivor size 8716288 bytes, new threshold 6 (max 6)
- age   1:      82608 bytes,      82608 total
- age   3:       1000 bytes,      83608 total
- age   5:        968 bytes,      84576 total
: 136490K->104K(153344K), 0.0052075 secs] 272328K->135943K(1031552K), 0.0053124 secs] [Times: user=0.01 sys=0.00, real=0.01 secs] 
2016-08-24T16:15:44.909+0000: 7663.831: Total time for which application threads were stopped: 0.0061625 seconds, Stopping threads took: 0.0001165 seconds
2016-08-24T16:15:44.948+0000: 7663.870: [GC (Allocation Failure) 7663.870: [ParNew
Desired survivor size 8716288 bytes, new threshold 6 (max 6)
- age   1:      62384 bytes,      62384 total
- age   2:      14288 bytes,      76672 total
- age   4:       1000 bytes,      77672 total
- age   6:        968 bytes,      78640 total
: 136424K->103K(153344K), 0.0050667 secs] 272263K->135942K(1031552K), 0.0051766 secs] [Times: user=0.01 sys=0.00, real=0.00 secs] 
2016-08-24T16:15:44.954+0000: 7663.875: Total time for which application threads were stopped: 0.0059801 seconds, Stopping threads took: 0.0000823 seconds
2016-08-24T16:15:44.995+0000: 7663.916: [GC (Allocation Failure) 7663.916: [ParNew
Desired survivor size 8716288 bytes, new threshold 6 (max 6)
- age   1:      72352 bytes,      72352 total
- age   3:       1000 bytes,      73352 total
- age   5:        968 bytes,      74320 total
: 136423K->99K(153344K), 0.0054630 secs] 272262K->135939K(1031552K), 0.0055722 secs] [Times: user=0.01 sys=0.00, real=0.01 secs] 
2016-08-24T16:15:45.000+0000: 7663.922: Total time for which application threads were stopped: 0.0064221 seconds, Stopping threads took: 0.0001496 seconds
2016-08-24T16:15:45.040+0000: 7663.961: [GC (Allocation Failure) 7663.962: [ParNew
Desired survivor size 8716288 bytes, new threshold 6 (max 6)
- age   1:      63560 bytes,      63560 total
- age   2:      17360 bytes,      80920 total
- age   4:       1000 bytes,      81920 total
- age   6:        968 bytes,      82888 total
: 136419K->98K(153344K), 0.0050448 secs] 272259K->135938K(1031552K), 0.0051693 secs] [Times: user=0.01 sys=0.00, real=0.01 secs] 
2016-08-24T16:15:45.045+0000: 7663.967: Total time for which application threads were stopped: 0.0060032 seconds, Stopping threads took: 0.0001382 seconds
2016-08-24T16:15:54.551+0000: 7673.473: [GC (Allocation Failure) 7673.473: [ParNew
Desired survivor size 8716288 bytes, new threshold 6 (max 6)
- age   1:    1146128 bytes,    1146128 total
- age   3:        968 bytes,    1147096 total
- age   5:        968 bytes,    1148064 total
: 136418K->1133K(153344K), 0.0076008 secs] 272258K->136974K(1031552K), 0.0077663 secs] [Times: user=0.01 sys=0.00, real=0.00 secs] 
2016-08-24T16:15:54.559+0000: 7673.481: Total time for which application threads were stopped: 0.0086256 seconds, Stopping threads took: 0.0000978 seconds
2016-08-24T16:15:54.601+0000: 7673.522: [GC (Allocation Failure) 7673.522: [ParNew
Desired survivor size 8716288 bytes, new threshold 6 (max 6)
- age   1:      77304 bytes,      77304 total
- age   2:     321840 bytes,     399144 total
- age   4:        968 bytes,     400112 total
- age   6:        968 bytes,     401080 total
: 137453K->429K(153344K), 0.0055626 secs] 273294K->136270K(1031552K), 0.0056735 secs] [Times: user=0.01 sys=0.00, real=0.00 secs] 
2016-08-24T16:15:54.606+0000: 7673.528: Total time for which application threads were stopped: 0.0065431 seconds, Stopping threads took: 0.0000986 seconds
2016-08-24T16:15:54.648+0000: 7673.569: [GC (Allocation Failure) 7673.569: [ParNew
Desired survivor size 8716288 bytes, new threshold 6 (max 6)
- age   1:      63480 bytes,      63480 total
- age   2:         96 bytes,      63576 total
- age   3:     304240 bytes,     367816 total
- age   5:        968 bytes,     368784 total
: 136749K->535K(153344K), 0.0055972 secs] 272590K->136377K(1031552K), 0.0057041 secs] [Times: user=0.01 sys=0.00, real=0.01 secs] 
2016-08-24T16:15:54.654+0000: 7673.575: Total time for which application threads were stopped: 0.0064972 seconds, Stopping threads took: 0.0000983 seconds
2016-08-24T16:15:54.694+0000: 7673.615: [GC (Allocation Failure) 7673.615: [ParNew
Desired survivor size 8716288 bytes, new threshold 6 (max 6)
- age   1:      75288 bytes,      75288 total
- age   2:      19432 bytes,      94720 total
- age   3:         96 bytes,      94816 total
- age   4:     303672 bytes,     398488 total
- age   6:        968 bytes,     399456 total
: 136855K->524K(153344K), 0.0053812 secs] 272697K->136366K(1031552K), 0.0054910 secs] [Times: user=0.01 sys=0.00, real=0.00 secs] 
2016-08-24T16:15:54.699+0000: 7673.621: Total time for which application threads were stopped: 0.0063022 seconds, Stopping threads took: 0.0000828 seconds
2016-08-24T16:15:54.740+0000: 7673.661: [GC (Allocation Failure) 7673.661: [ParNew
Desired survivor size 8716288 bytes, new threshold 6 (max 6)
- age   1:      70504 bytes,      70504 total
- age   2:        248 bytes,      70752 total
- age   3:       1096 bytes,      71848 total
- age   4:         96 bytes,      71944 total
- age   5:     301824 bytes,     373768 total
: 136844K->560K(153344K), 0.0057785 secs] 272686K->136403K(1031552K), 0.0059176 secs] [Times: user=0.01 sys=0.00, real=0.01 secs] 
2016-08-24T16:15:54.746+0000: 7673.667: Total time for which application threads were stopped: 0.0068974 seconds, Stopping threads took: 0.0001559 seconds
2016-08-24T16:15:54.786+0000: 7673.707: [GC (Allocation Failure) 7673.707: [ParNew
Desired survivor size 8716288 bytes, new threshold 6 (max 6)
- age   1:      49040 bytes,      49040 total
- age   2:       1000 bytes,      50040 total
- age   3:        248 bytes,      50288 total
- age   4:       1064 bytes,      51352 total
- age   5:         96 bytes,      51448 total
- age   6:     300008 bytes,     351456 total
: 136880K->536K(153344K), 0.0057461 secs] 272723K->136378K(1031552K), 0.0058571 secs] [Times: user=0.01 sys=0.00, real=0.01 secs] 
2016-08-24T16:15:54.792+0000: 7673.713: Total time for which application threads were stopped: 0.0066797 seconds, Stopping threads took: 0.0000952 seconds
2016-08-24T16:15:54.833+0000: 7673.754: [GC (Allocation Failure) 7673.755: [ParNew
Desired survivor size 8716288 bytes, new threshold 6 (max 6)
- age   1:      72192 bytes,      72192 total
- age   2:       4480 bytes,      76672 total
- age   3:       1000 bytes,      77672 total
- age   4:        248 bytes,      77920 total
- age   5:       1064 bytes,      78984 total
- age   6:         96 bytes,      79080 total
: 136856K->348K(153344K), 0.0064415 secs] 272698K->136490K(1031552K), 0.0065690 secs] [Times: user=0.02 sys=0.00, real=0.00 secs] 
2016-08-24T16:15:54.840+0000: 7673.761: Total time for which application threads were stopped: 0.0075449 seconds, Stopping threads took: 0.0001285 seconds
2016-08-24T16:15:54.882+0000: 7673.804: [GC (Allocation Failure) 7673.804: [ParNew
Desired survivor size 8716288 bytes, new threshold 6 (max 6)
- age   1:      65240 bytes,      65240 total
- age   3:       1000 bytes,      66240 total
- age   4:        968 bytes,      67208 total
- age   5:        248 bytes,      67456 total
- age   6:       1064 bytes,      68520 total
: 136668K->119K(153344K), 0.0051623 secs] 272810K->136262K(1031552K), 0.0052848 secs] [Times: user=0.01 sys=0.00, real=0.00 secs] 
2016-08-24T16:15:54.888+0000: 7673.809: Total time for which application threads were stopped: 0.0062529 seconds, Stopping threads took: 0.0000879 seconds
2016-08-24T16:15:54.929+0000: 7673.851: [GC (Allocation Failure) 7673.851: [ParNew
Desired survivor size 8716288 bytes, new threshold 6 (max 6)
- age   1:      65400 bytes,      65400 total
- age   2:       7552 bytes,      72952 total
- age   4:       1000 bytes,      73952 total
- age   5:        968 bytes,      74920 total
- age   6:        248 bytes,      75168 total
: 136439K->94K(153344K), 0.0050731 secs] 272582K->136238K(1031552K), 0.0051957 secs] [Times: user=0.01 sys=0.00, real=0.00 secs] 
2016-08-24T16:15:54.935+0000: 7673.856: Total time for which application threads were stopped: 0.0061118 seconds, Stopping threads took: 0.0001154 seconds
2016-08-24T16:15:54.977+0000: 7673.899: [GC (Allocation Failure) 7673.899: [ParNew
Desired survivor size 8716288 bytes, new threshold 6 (max 6)
- age   1:      77928 bytes,      77928 total
- age   3:       1000 bytes,      78928 total
- age   5:        968 bytes,      79896 total
- age   6:        968 bytes,      80864 total
: 136414K->107K(153344K), 0.0051754 secs] 272558K->136250K(1031552K), 0.0052965 secs] [Times: user=0.01 sys=0.00, real=0.01 secs] 
2016-08-24T16:15:54.983+0000: 7673.904: Total time for which application threads were stopped: 0.0062263 seconds, Stopping threads took: 0.0001256 seconds
2016-08-24T16:15:55.024+0000: 7673.946: [GC (Allocation Failure) 7673.946: [ParNew
Desired survivor size 8716288 bytes, new threshold 6 (max 6)
- age   1:      85176 bytes,      85176 total
- age   2:      10288 bytes,      95464 total
- age   4:       1000 bytes,      96464 total
- age   6:        968 bytes,      97432 total
: 136427K->121K(153344K), 0.0048800 secs] 272570K->136265K(1031552K), 0.0050218 secs] [Times: user=0.01 sys=0.00, real=0.01 secs] 
2016-08-24T16:15:55.029+0000: 7673.951: Total time for which application threads were stopped: 0.0059847 seconds, Stopping threads took: 0.0001112 seconds
2016-08-24T16:16:04.597+0000: 7683.519: [GC (Allocation Failure) 7683.519: [ParNew
Desired survivor size 8716288 bytes, new threshold 6 (max 6)
- age   1:     970440 bytes,     970440 total
- age   2:        512 bytes,     970952 total
- age   3:        968 bytes,     971920 total
- age   5:        968 bytes,     972888 total
: 136441K->960K(153344K), 0.0079814 secs] 272585K->137106K(1031552K), 0.0081101 secs] [Times: user=0.02 sys=0.00, real=0.01 secs] 
2016-08-24T16:16:04.606+0000: 7683.527: Total time for which application threads were stopped: 0.0089666 seconds, Stopping threads took: 0.0001019 seconds
2016-08-24T16:16:04.644+0000: 7683.566: [GC (Allocation Failure) 7683.566: [ParNew
Desired survivor size 8716288 bytes, new threshold 6 (max 6)
- age   1:      90528 bytes,      90528 total
- age   2:     266744 bytes,     357272 total
- age   3:        512 bytes,     357784 total
- age   4:        968 bytes,     358752 total
- age   6:        968 bytes,     359720 total
: 137280K->389K(153344K), 0.0055697 secs] 273426K->136534K(1031552K), 0.0056873 secs] [Times: user=0.01 sys=0.00, real=0.01 secs] 
2016-08-24T16:16:04.650+0000: 7683.572: Total time for which application threads were stopped: 0.0065488 seconds, Stopping threads took: 0.0001072 seconds
2016-08-24T16:16:04.690+0000: 7683.612: [GC (Allocation Failure) 7683.612: [ParNew
Desired survivor size 8716288 bytes, new threshold 6 (max 6)
- age   1:      70640 bytes,      70640 total
- age   2:        208 bytes,      70848 total
- age   3:     255904 bytes,     326752 total
- age   4:        512 bytes,     327264 total
- age   5:        968 bytes,     328232 total
: 136709K->482K(153344K), 0.0052229 secs] 272854K->136628K(1031552K), 0.0053298 secs] [Times: user=0.01 sys=0.00, real=0.00 secs] 
2016-08-24T16:16:04.696+0000: 7683.617: Total time for which application threads were stopped: 0.0061340 seconds, Stopping threads took: 0.0000959 seconds
2016-08-24T16:16:04.734+0000: 7683.656: [GC (Allocation Failure) 7683.656: [ParNew
Desired survivor size 8716288 bytes, new threshold 6 (max 6)
- age   1:      90608 bytes,      90608 total
- age   2:      13872 bytes,     104480 total
- age   3:        176 bytes,     104656 total
- age   4:     254608 bytes,     359264 total
- age   5:        512 bytes,     359776 total
- age   6:        968 bytes,     360744 total
: 136802K->471K(153344K), 0.0054550 secs] 272948K->136617K(1031552K), 0.0055617 secs] [Times: user=0.01 sys=0.00, real=0.00 secs] 
2016-08-24T16:16:04.740+0000: 7683.662: Total time for which application threads were stopped: 0.0063950 seconds, Stopping threads took: 0.0001035 seconds
2016-08-24T16:16:04.780+0000: 7683.701: [GC (Allocation Failure) 7683.701: [ParNew
Desired survivor size 8716288 bytes, new threshold 6 (max 6)
- age   1:      66808 bytes,      66808 total
- age   2:       5440 bytes,      72248 total
- age   3:       1096 bytes,      73344 total
- age   4:        176 bytes,      73520 total
- age   5:     252760 bytes,     326280 total
- age   6:        512 bytes,     326792 total
: 136791K->492K(153344K), 0.0052440 secs] 272937K->136640K(1031552K), 0.0053481 secs] [Times: user=0.01 sys=0.00, real=0.01 secs] 
2016-08-24T16:16:04.785+0000: 7683.707: Total time for which application threads were stopped: 0.0061756 seconds, Stopping threads took: 0.0000941 seconds
2016-08-24T16:16:04.826+0000: 7683.747: [GC (Allocation Failure) 7683.747: [ParNew
Desired survivor size 8716288 bytes, new threshold 6 (max 6)
- age   1:      74856 bytes,      74856 total
- age   2:      15264 bytes,      90120 total
- age   3:       5440 bytes,      95560 total
- age   4:       1096 bytes,      96656 total
- age   5:        176 bytes,      96832 total
- age   6:     252760 bytes,     349592 total
: 136812K->615K(153344K), 0.0061015 secs] 272960K->136762K(1031552K), 0.0062585 secs] [Times: user=0.01 sys=0.00, real=0.01 secs] 
2016-08-24T16:16:04.832+0000: 7683.753: Total time for which application threads were stopped: 0.0072999 seconds, Stopping threads took: 0.0001014 seconds
2016-08-24T16:16:04.873+0000: 7683.795: [GC (Allocation Failure) 7683.795: [ParNew
Desired survivor size 8716288 bytes, new threshold 6 (max 6)
- age   1:      64488 bytes,      64488 total
- age   3:       1000 bytes,      65488 total
- age   4:       5440 bytes,      70928 total
- age   5:       1064 bytes,      71992 total
- age   6:        176 bytes,      72168 total
: 136935K->222K(153344K), 0.0060770 secs] 273082K->136620K(1031552K), 0.0061837 secs] [Times: user=0.01 sys=0.00, real=0.00 secs] 
2016-08-24T16:16:04.879+0000: 7683.801: Total time for which application threads were stopped: 0.0070333 seconds, Stopping threads took: 0.0000992 seconds
2016-08-24T16:16:04.918+0000: 7683.840: [GC (Allocation Failure) 7683.840: [ParNew
Desired survivor size 8716288 bytes, new threshold 6 (max 6)
- age   1:      64904 bytes,      64904 total
- age   2:      18792 bytes,      83696 total
- age   4:       1000 bytes,      84696 total
- age   5:       5440 bytes,      90136 total
- age   6:       1064 bytes,      91200 total
: 136542K->113K(153344K), 0.0055351 secs] 272940K->136512K(1031552K), 0.0056364 secs] [Times: user=0.01 sys=0.00, real=0.01 secs] 
2016-08-24T16:16:04.924+0000: 7683.846: Total time for which application threads were stopped: 0.0064559 seconds, Stopping threads took: 0.0000970 seconds
2016-08-24T16:16:04.968+0000: 7683.889: [GC (Allocation Failure) 7683.889: [ParNew
Desired survivor size 8716288 bytes, new threshold 6 (max 6)
- age   1:      80816 bytes,      80816 total
- age   3:       1000 bytes,      81816 total
- age   5:        968 bytes,      82784 total
- age   6:       5440 bytes,      88224 total
: 136433K->90K(153344K), 0.0054462 secs] 272832K->136490K(1031552K), 0.0055470 secs] [Times: user=0.01 sys=0.00, real=0.01 secs] 
2016-08-24T16:16:04.973+0000: 7683.895: Total time for which application threads were stopped: 0.0063980 seconds, Stopping threads took: 0.0001113 seconds
2016-08-24T16:16:05.014+0000: 7683.936: [GC (Allocation Failure) 7683.936: [ParNew
Desired survivor size 8716288 bytes, new threshold 6 (max 6)
- age   1:      58136 bytes,      58136 total
- age   2:       1000 bytes,      59136 total
- age   4:        968 bytes,      60104 total
- age   6:        968 bytes,      61072 total
: 136410K->88K(153344K), 0.0051457 secs] 272810K->136493K(1031552K), 0.0052443 secs] [Times: user=0.01 sys=0.00, real=0.00 secs] 
2016-08-24T16:16:05.020+0000: 7683.941: Total time for which application threads were stopped: 0.0061451 seconds, Stopping threads took: 0.0001573 seconds
2016-08-24T16:16:05.060+0000: 7683.982: [GC (Allocation Failure) 7683.982: [ParNew
Desired survivor size 8716288 bytes, new threshold 6 (max 6)
- age   1:      64504 bytes,      64504 total
- age   2:       4360 bytes,      68864 total
- age   3:       1000 bytes,      69864 total
- age   5:        968 bytes,      70832 total
: 136408K->89K(153344K), 0.0054979 secs] 272813K->136495K(1031552K), 0.0056070 secs] [Times: user=0.01 sys=0.00, real=0.01 secs] 
2016-08-24T16:16:05.066+0000: 7683.987: Total time for which application threads were stopped: 0.0064546 seconds, Stopping threads took: 0.0000998 seconds
2016-08-24T16:16:14.390+0000: 7693.311: [GC (Allocation Failure) 7693.311: [ParNew
Desired survivor size 8716288 bytes, new threshold 6 (max 6)
- age   1:     916616 bytes,     916616 total
- age   3:        968 bytes,     917584 total
- age   4:        968 bytes,     918552 total
- age   6:        968 bytes,     919520 total
: 136409K->902K(153344K), 0.0079098 secs] 272815K->137308K(1031552K), 0.0080407 secs] [Times: user=0.02 sys=0.00, real=0.00 secs] 
2016-08-24T16:16:14.398+0000: 7693.319: Total time for which application threads were stopped: 0.0089622 seconds, Stopping threads took: 0.0001073 seconds
2016-08-24T16:16:14.436+0000: 7693.358: [GC (Allocation Failure) 7693.358: [ParNew
Desired survivor size 8716288 bytes, new threshold 6 (max 6)
- age   1:      63520 bytes,      63520 total
- age   2:     233768 bytes,     297288 total
- age   4:        968 bytes,     298256 total
- age   5:        968 bytes,     299224 total
: 137222K->410K(153344K), 0.0056565 secs] 273628K->136817K(1031552K), 0.0057618 secs] [Times: user=0.01 sys=0.00, real=0.01 secs] 
2016-08-24T16:16:14.442+0000: 7693.364: Total time for which application threads were stopped: 0.0066069 seconds, Stopping threads took: 0.0000975 seconds
2016-08-24T16:16:14.482+0000: 7693.404: [GC (Allocation Failure) 7693.404: [ParNew
Desired survivor size 8716288 bytes, new threshold 6 (max 6)
- age   1:      57864 bytes,      57864 total
- age   2:        280 bytes,      58144 total
- age   3:     228360 bytes,     286504 total
- age   5:        968 bytes,     287472 total
- age   6:        968 bytes,     288440 total
: 136730K->393K(153344K), 0.0053861 secs] 273137K->136800K(1031552K), 0.0054932 secs] [Times: user=0.01 sys=0.00, real=0.00 secs] 
2016-08-24T16:16:14.488+0000: 7693.409: Total time for which application threads were stopped: 0.0063031 seconds, Stopping threads took: 0.0000983 seconds
2016-08-24T16:16:14.528+0000: 7693.450: [GC (Allocation Failure) 7693.450: [ParNew
Desired survivor size 8716288 bytes, new threshold 6 (max 6)
- age   1:      72848 bytes,      72848 total
- age   2:       5808 bytes,      78656 total
- age   3:        248 bytes,      78904 total
- age   4:     227856 bytes,     306760 total
- age   6:        968 bytes,     307728 total
: 136713K->419K(153344K), 0.0061371 secs] 273120K->136827K(1031552K), 0.0062736 secs] [Times: user=0.00 sys=0.00, real=0.01 secs] 
2016-08-24T16:16:14.535+0000: 7693.456: Total time for which application threads were stopped: 0.0071047 seconds, Stopping threads took: 0.0000988 seconds
2016-08-24T16:16:14.575+0000: 7693.497: [GC (Allocation Failure) 7693.497: [ParNew
Desired survivor size 8716288 bytes, new threshold 6 (max 6)
- age   1:      53808 bytes,      53808 total
- age   2:        248 bytes,      54056 total
- age   3:       1096 bytes,      55152 total
- age   4:        248 bytes,      55400 total
- age   5:     226008 bytes,     281408 total
: 136739K->409K(153344K), 0.0058519 secs] 273147K->136817K(1031552K), 0.0059635 secs] [Times: user=0.02 sys=0.00, real=0.01 secs] 
2016-08-24T16:16:14.581+0000: 7693.503: Total time for which application threads were stopped: 0.0068018 seconds, Stopping threads took: 0.0001012 seconds
2016-08-24T16:16:14.620+0000: 7693.542: [GC (Allocation Failure) 7693.542: [ParNew
Desired survivor size 8716288 bytes, new threshold 6 (max 6)
- age   1:      67168 bytes,      67168 total
- age   2:       9432 bytes,      76600 total
- age   3:        248 bytes,      76848 total
- age   4:       1096 bytes,      77944 total
- age   5:        248 bytes,      78192 total
- age   6:     226008 bytes,     304200 total
: 136729K->413K(153344K), 0.0056428 secs] 273137K->136821K(1031552K), 0.0057467 secs] [Times: user=0.01 sys=0.00, real=0.00 secs] 
2016-08-24T16:16:14.626+0000: 7693.548: Total time for which application threads were stopped: 0.0065652 seconds, Stopping threads took: 0.0000976 seconds
2016-08-24T16:16:14.668+0000: 7693.589: [GC (Allocation Failure) 7693.589: [ParNew
Desired survivor size 8716288 bytes, new threshold 6 (max 6)
- age   1:      74456 bytes,      74456 total
- age   3:       1000 bytes,      75456 total
- age   4:        248 bytes,      75704 total
- age   5:       1064 bytes,      76768 total
- age   6:        248 bytes,      77016 total
: 136733K->282K(153344K), 0.0055567 secs] 273141K->136914K(1031552K), 0.0056626 secs] [Times: user=0.01 sys=0.00, real=0.01 secs] 
2016-08-24T16:16:14.673+0000: 7693.595: Total time for which application threads were stopped: 0.0065477 seconds, Stopping threads took: 0.0001020 seconds
2016-08-24T16:16:14.711+0000: 7693.633: [GC (Allocation Failure) 7693.633: [ParNew
Desired survivor size 8716288 bytes, new threshold 6 (max 6)
- age   1:      63216 bytes,      63216 total
- age   2:      12888 bytes,      76104 total
- age   4:       1000 bytes,      77104 total
- age   5:        248 bytes,      77352 total
- age   6:       1064 bytes,      78416 total
: 136602K->139K(153344K), 0.0051507 secs] 273234K->136771K(1031552K), 0.0052620 secs] [Times: user=0.01 sys=0.00, real=0.00 secs] 
2016-08-24T16:16:14.717+0000: 7693.638: Total time for which application threads were stopped: 0.0060778 seconds, Stopping threads took: 0.0001006 seconds
2016-08-24T16:16:14.756+0000: 7693.678: [GC (Allocation Failure) 7693.678: [ParNew
Desired survivor size 8716288 bytes, new threshold 6 (max 6)
- age   1:      56512 bytes,      56512 total
- age   3:       1000 bytes,      57512 total
- age   5:        968 bytes,      58480 total
- age   6:        248 bytes,      58728 total
: 136459K->75K(153344K), 0.0058264 secs] 273091K->136709K(1031552K), 0.0059396 secs] [Times: user=0.01 sys=0.00, real=0.01 secs] 
2016-08-24T16:16:14.762+0000: 7693.684: Total time for which application threads were stopped: 0.0067894 seconds, Stopping threads took: 0.0001199 seconds
2016-08-24T16:16:14.801+0000: 7693.723: [GC (Allocation Failure) 7693.723: [ParNew
Desired survivor size 8716288 bytes, new threshold 6 (max 6)
- age   1:      79152 bytes,      79152 total
- age   2:      15264 bytes,      94416 total
- age   4:       1000 bytes,      95416 total
- age   6:        968 bytes,      96384 total
: 136395K->103K(153344K), 0.0053240 secs] 273029K->136737K(1031552K), 0.0054310 secs] [Times: user=0.01 sys=0.00, real=0.00 secs] 
2016-08-24T16:16:14.807+0000: 7693.729: Total time for which application threads were stopped: 0.0063591 seconds, Stopping threads took: 0.0001907 seconds
2016-08-24T16:16:14.852+0000: 7693.773: [GC (Allocation Failure) 7693.774: [ParNew
Desired survivor size 8716288 bytes, new threshold 6 (max 6)
- age   1:      79144 bytes,      79144 total
- age   3:       1000 bytes,      80144 total
- age   5:        968 bytes,      81112 total
: 136423K->108K(153344K), 0.0056388 secs] 273057K->136742K(1031552K), 0.0057761 secs] [Times: user=0.00 sys=0.00, real=0.00 secs] 
2016-08-24T16:16:14.858+0000: 7693.779: Total time for which application threads were stopped: 0.0088173 seconds, Stopping threads took: 0.0004569 seconds
2016-08-24T16:16:14.898+0000: 7693.819: [GC (Allocation Failure) 7693.819: [ParNew
Desired survivor size 8716288 bytes, new threshold 6 (max 6)
- age   1:      73824 bytes,      73824 total
- age   2:      18616 bytes,      92440 total
- age   4:       1000 bytes,      93440 total
- age   6:        968 bytes,      94408 total
: 136428K->124K(153344K), 0.0058606 secs] 273062K->136758K(1031552K), 0.0059939 secs] [Times: user=0.01 sys=0.00, real=0.01 secs] 
2016-08-24T16:16:14.904+0000: 7693.825: Total time for which application threads were stopped: 0.0068829 seconds, Stopping threads took: 0.0001210 seconds
2016-08-24T16:16:22.679+0000: 7701.601: Total time for which application threads were stopped: 0.0006824 seconds, Stopping threads took: 0.0001089 seconds
2016-08-24T16:16:22.680+0000: 7701.601: Total time for which application threads were stopped: 0.0003154 seconds, Stopping threads took: 0.0000286 seconds
2016-08-24T16:16:22.680+0000: 7701.602: Total time for which application threads were stopped: 0.0003534 seconds, Stopping threads took: 0.0000412 seconds
2016-08-24T16:16:22.876+0000: 7701.797: Total time for which application threads were stopped: 0.0018081 seconds, Stopping threads took: 0.0002208 seconds
2016-08-24T16:16:22.878+0000: 7701.799: Total time for which application threads were stopped: 0.0013530 seconds, Stopping threads took: 0.0001443 seconds
2016-08-24T16:16:22.879+0000: 7701.801: Total time for which application threads were stopped: 0.0014199 seconds, Stopping threads took: 0.0001962 seconds
2016-08-24T16:16:24.460+0000: 7703.382: [GC (Allocation Failure) 7703.382: [ParNew
Desired survivor size 8716288 bytes, new threshold 6 (max 6)
- age   1:    1387528 bytes,    1387528 total
- age   3:        968 bytes,    1388496 total
- age   5:        968 bytes,    1389464 total
: 136444K->1392K(153344K), 0.0095021 secs] 273078K->138027K(1031552K), 0.0096840 secs] [Times: user=0.02 sys=0.00, real=0.02 secs] 
2016-08-24T16:16:24.470+0000: 7703.391: Total time for which application threads were stopped: 0.0105407 seconds, Stopping threads took: 0.0000883 seconds
2016-08-24T16:16:24.508+0000: 7703.430: [GC (Allocation Failure) 7703.430: [ParNew
Desired survivor size 8716288 bytes, new threshold 6 (max 6)
- age   1:      69104 bytes,      69104 total
- age   2:     364784 bytes,     433888 total
- age   4:        968 bytes,     434856 total
- age   6:        968 bytes,     435824 total
: 137712K->650K(153344K), 0.0066236 secs] 274347K->137286K(1031552K), 0.0067298 secs] [Times: user=0.02 sys=0.00, real=0.00 secs] 
2016-08-24T16:16:24.515+0000: 7703.437: Total time for which application threads were stopped: 0.0075085 seconds, Stopping threads took: 0.0000846 seconds
2016-08-24T16:16:24.554+0000: 7703.476: [GC (Allocation Failure) 7703.476: [ParNew
Desired survivor size 8716288 bytes, new threshold 6 (max 6)
- age   1:      74776 bytes,      74776 total
- age   2:         72 bytes,      74848 total
- age   3:     345840 bytes,     420688 total
- age   5:        968 bytes,     421656 total
: 136970K->569K(153344K), 0.0066370 secs] 273606K->137205K(1031552K), 0.0067404 secs] [Times: user=0.01 sys=0.00, real=0.01 secs] 
2016-08-24T16:16:24.561+0000: 7703.482: Total time for which application threads were stopped: 0.0075114 seconds, Stopping threads took: 0.0000867 seconds
2016-08-24T16:16:24.599+0000: 7703.520: [GC (Allocation Failure) 7703.520: [ParNew
Desired survivor size 8716288 bytes, new threshold 6 (max 6)
- age   1:      64864 bytes,      64864 total
- age   2:      20360 bytes,      85224 total
- age   3:         72 bytes,      85296 total
- age   4:     345840 bytes,     431136 total
- age   6:        968 bytes,     432104 total
: 136889K->594K(153344K), 0.0065530 secs] 273525K->137231K(1031552K), 0.0066590 secs] [Times: user=0.01 sys=0.00, real=0.01 secs] 
2016-08-24T16:16:24.605+0000: 7703.527: Total time for which application threads were stopped: 0.0074457 seconds, Stopping threads took: 0.0000861 seconds
2016-08-24T16:16:24.644+0000: 7703.566: [GC (Allocation Failure) 7703.566: [ParNew
Desired survivor size 8716288 bytes, new threshold 6 (max 6)
- age   1:      76872 bytes,      76872 total
- age   3:       1096 bytes,      77968 total
- age   4:         72 bytes,      78040 total
- age   5:     343992 bytes,     422032 total
: 136914K->612K(153344K), 0.0076176 secs] 273551K->137249K(1031552K), 0.0077324 secs] [Times: user=0.02 sys=0.00, real=0.01 secs] 
2016-08-24T16:16:24.652+0000: 7703.574: Total time for which application threads were stopped: 0.0085543 seconds, Stopping threads took: 0.0000858 seconds
2016-08-24T16:16:24.692+0000: 7703.613: [GC (Allocation Failure) 7703.614: [ParNew
Desired survivor size 8716288 bytes, new threshold 6 (max 6)
- age   1:      46848 bytes,      46848 total
- age   2:       1000 bytes,      47848 total
- age   4:       1064 bytes,      48912 total
- age   5:         72 bytes,      48984 total
- age   6:     342176 bytes,     391160 total
: 136932K->600K(153344K), 0.0075075 secs] 273569K->137237K(1031552K), 0.0076212 secs] [Times: user=0.01 sys=0.00, real=0.00 secs] 
2016-08-24T16:16:24.700+0000: 7703.621: Total time for which application threads were stopped: 0.0084071 seconds, Stopping threads took: 0.0000882 seconds
2016-08-24T16:16:24.738+0000: 7703.660: [GC (Allocation Failure) 7703.660: [ParNew
Desired survivor size 8716288 bytes, new threshold 6 (max 6)
- age   1:      66832 bytes,      66832 total
- age   2:       4976 bytes,      71808 total
- age   3:       1000 bytes,      72808 total
- age   5:       1064 bytes,      73872 total
- age   6:         72 bytes,      73944 total
: 136920K->387K(153344K), 0.0077012 secs] 273557K->137366K(1031552K), 0.0078383 secs] [Times: user=0.02 sys=0.00, real=0.01 secs] 
2016-08-24T16:16:24.746+0000: 7703.668: Total time for which application threads were stopped: 0.0086233 seconds, Stopping threads took: 0.0000886 seconds
2016-08-24T16:16:24.786+0000: 7703.708: [GC (Allocation Failure) 7703.708: [ParNew
Desired survivor size 8716288 bytes, new threshold 6 (max 6)
- age   1:      61264 bytes,      61264 total
- age   3:       1000 bytes,      62264 total
- age   4:        968 bytes,      63232 total
- age   6:       1064 bytes,      64296 total
: 136707K->130K(153344K), 0.0063609 secs] 273686K->137109K(1031552K), 0.0064751 secs] [Times: user=0.01 sys=0.00, real=0.01 secs] 
2016-08-24T16:16:24.793+0000: 7703.714: Total time for which application threads were stopped: 0.0072544 seconds, Stopping threads took: 0.0000864 seconds
2016-08-24T16:16:24.832+0000: 7703.753: [GC (Allocation Failure) 7703.753: [ParNew
Desired survivor size 8716288 bytes, new threshold 6 (max 6)
- age   1:      77640 bytes,      77640 total
- age   2:       8208 bytes,      85848 total
- age   4:       1000 bytes,      86848 total
- age   5:        968 bytes,      87816 total
: 136450K->96K(153344K), 0.0056773 secs] 273429K->137076K(1031552K), 0.0057780 secs] [Times: user=0.01 sys=0.00, real=0.00 secs] 
2016-08-24T16:16:24.838+0000: 7703.759: Total time for which application threads were stopped: 0.0065316 seconds, Stopping threads took: 0.0000864 seconds
2016-08-24T16:16:24.877+0000: 7703.798: [GC (Allocation Failure) 7703.798: [ParNew
Desired survivor size 8716288 bytes, new threshold 6 (max 6)
- age   1:      71992 bytes,      71992 total
- age   3:       1000 bytes,      72992 total
- age   5:        968 bytes,      73960 total
- age   6:        968 bytes,      74928 total
: 136416K->103K(153344K), 0.0056189 secs] 273396K->137083K(1031552K), 0.0057190 secs] [Times: user=0.01 sys=0.00, real=0.01 secs] 
2016-08-24T16:16:24.883+0000: 7703.804: Total time for which application threads were stopped: 0.0066210 seconds, Stopping threads took: 0.0000879 seconds
2016-08-24T16:16:24.921+0000: 7703.842: [GC (Allocation Failure) 7703.843: [ParNew
Desired survivor size 8716288 bytes, new threshold 6 (max 6)
- age   1:      67608 bytes,      67608 total
- age   2:      11712 bytes,      79320 total
- age   4:       1000 bytes,      80320 total
- age   6:        968 bytes,      81288 total
: 136423K->102K(153344K), 0.0061136 secs] 273403K->137083K(1031552K), 0.0062142 secs] [Times: user=0.01 sys=0.00, real=0.00 secs] 
2016-08-24T16:16:24.927+0000: 7703.849: Total time for which application threads were stopped: 0.0069970 seconds, Stopping threads took: 0.0000935 seconds
2016-08-24T16:16:34.467+0000: 7713.389: [GC (Allocation Failure) 7713.389: [ParNew
Desired survivor size 8716288 bytes, new threshold 6 (max 6)
- age   1:     880632 bytes,     880632 total
- age   3:        968 bytes,     881600 total
- age   5:        968 bytes,     882568 total
: 136422K->869K(153344K), 0.0066968 secs] 273403K->137851K(1031552K), 0.0072839 secs] [Times: user=0.01 sys=0.00, real=0.01 secs] 
2016-08-24T16:16:34.475+0000: 7713.396: Total time for which application threads were stopped: 0.0081236 seconds, Stopping threads took: 0.0000981 seconds
2016-08-24T16:16:34.513+0000: 7713.435: [GC (Allocation Failure) 7713.435: [ParNew
Desired survivor size 8716288 bytes, new threshold 6 (max 6)
- age   1:      72072 bytes,      72072 total
- age   2:     235400 bytes,     307472 total
- age   4:        968 bytes,     308440 total
- age   6:        968 bytes,     309408 total
: 137189K->360K(153344K), 0.0054826 secs] 274171K->137342K(1031552K), 0.0055888 secs] [Times: user=0.01 sys=0.00, real=0.00 secs] 
2016-08-24T16:16:34.519+0000: 7713.440: Total time for which application threads were stopped: 0.0064243 seconds, Stopping threads took: 0.0001054 seconds
2016-08-24T16:16:34.560+0000: 7713.481: [GC (Allocation Failure) 7713.482: [ParNew
Desired survivor size 8716288 bytes, new threshold 6 (max 6)
- age   1:      72664 bytes,      72664 total
- age   2:        448 bytes,      73112 total
- age   3:     223720 bytes,     296832 total
- age   5:        968 bytes,     297800 total
: 136680K->397K(153344K), 0.0054561 secs] 273662K->137380K(1031552K), 0.0055665 secs] [Times: user=0.01 sys=0.00, real=0.01 secs] 
2016-08-24T16:16:34.566+0000: 7713.487: Total time for which application threads were stopped: 0.0063896 seconds, Stopping threads took: 0.0000979 seconds
2016-08-24T16:16:34.605+0000: 7713.527: [GC (Allocation Failure) 7713.527: [ParNew
Desired survivor size 8716288 bytes, new threshold 6 (max 6)
- age   1:      76048 bytes,      76048 total
- age   2:      14184 bytes,      90232 total
- age   3:        448 bytes,      90680 total
- age   4:     223720 bytes,     314400 total
- age   6:        968 bytes,     315368 total
: 136717K->409K(153344K), 0.0055873 secs] 273700K->137392K(1031552K), 0.0056928 secs] [Times: user=0.02 sys=0.00, real=0.01 secs] 
2016-08-24T16:16:34.611+0000: 7713.532: Total time for which application threads were stopped: 0.0065424 seconds, Stopping threads took: 0.0001150 seconds
2016-08-24T16:16:34.651+0000: 7713.572: [GC (Allocation Failure) 7713.572: [ParNew
Desired survivor size 8716288 bytes, new threshold 6 (max 6)
- age   1:      74176 bytes,      74176 total
- age   3:       1096 bytes,      75272 total
- age   4:        448 bytes,      75720 total
- age   5:     221872 bytes,     297592 total
: 136729K->434K(153344K), 0.0054823 secs] 273712K->137418K(1031552K), 0.0055894 secs] [Times: user=0.01 sys=0.00, real=0.00 secs] 
2016-08-24T16:16:34.657+0000: 7713.578: Total time for which application threads were stopped: 0.0064272 seconds, Stopping threads took: 0.0000993 seconds
2016-08-24T16:16:34.695+0000: 7713.617: [GC (Allocation Failure) 7713.617: [ParNew
Desired survivor size 8716288 bytes, new threshold 6 (max 6)
- age   1:      80528 bytes,      80528 total
- age   2:      16688 bytes,      97216 total
- age   4:       1096 bytes,      98312 total
- age   5:        448 bytes,      98760 total
- age   6:     221872 bytes,     320632 total
: 136754K->425K(153344K), 0.0056060 secs] 273738K->137409K(1031552K), 0.0057132 secs] [Times: user=0.01 sys=0.00, real=0.01 secs] 
2016-08-24T16:16:34.701+0000: 7713.623: Total time for which application threads were stopped: 0.0065458 seconds, Stopping threads took: 0.0000978 seconds
2016-08-24T16:16:34.741+0000: 7713.663: [GC (Allocation Failure) 7713.663: [ParNew
Desired survivor size 8716288 bytes, new threshold 6 (max 6)
- age   1:      80976 bytes,      80976 total
- age   3:       1000 bytes,      81976 total
- age   5:       1064 bytes,      83040 total
- age   6:        376 bytes,      83416 total
: 136745K->308K(153344K), 0.0059397 secs] 273729K->137511K(1031552K), 0.0060433 secs] [Times: user=0.01 sys=0.00, real=0.00 secs] 
2016-08-24T16:16:34.748+0000: 7713.669: Total time for which application threads were stopped: 0.0068880 seconds, Stopping threads took: 0.0001168 seconds
2016-08-24T16:16:34.787+0000: 7713.708: [GC (Allocation Failure) 7713.708: [ParNew
Desired survivor size 8716288 bytes, new threshold 6 (max 6)
- age   1:      78408 bytes,      78408 total
- age   2:      19496 bytes,      97904 total
- age   4:       1000 bytes,      98904 total
- age   6:       1064 bytes,      99968 total
: 136628K->149K(153344K), 0.0054590 secs] 273831K->137353K(1031552K), 0.0055650 secs] [Times: user=0.01 sys=0.00, real=0.01 secs] 
2016-08-24T16:16:34.792+0000: 7713.714: Total time for which application threads were stopped: 0.0063932 seconds, Stopping threads took: 0.0000981 seconds
2016-08-24T16:16:34.831+0000: 7713.753: [GC (Allocation Failure) 7713.753: [ParNew
Desired survivor size 8716288 bytes, new threshold 6 (max 6)
- age   1:      80512 bytes,      80512 total
- age   3:       1160 bytes,      81672 total
- age   5:        968 bytes,      82640 total
: 136469K->101K(153344K), 0.0052923 secs] 273673K->137306K(1031552K), 0.0053945 secs] [Times: user=0.01 sys=0.00, real=0.00 secs] 
2016-08-24T16:16:34.837+0000: 7713.758: Total time for which application threads were stopped: 0.0062942 seconds, Stopping threads took: 0.0000958 seconds
2016-08-24T16:16:34.876+0000: 7713.798: [GC (Allocation Failure) 7713.798: [ParNew
Desired survivor size 8716288 bytes, new threshold 6 (max 6)
- age   1:      68088 bytes,      68088 total
- age   2:       1000 bytes,      69088 total
- age   4:       1128 bytes,      70216 total
- age   6:        968 bytes,      71184 total
: 136421K->101K(153344K), 0.0052739 secs] 273626K->137305K(1031552K), 0.0053883 secs] [Times: user=0.01 sys=0.00, real=0.01 secs] 
2016-08-24T16:16:34.882+0000: 7713.803: Total time for which application threads were stopped: 0.0062265 seconds, Stopping threads took: 0.0000968 seconds
2016-08-24T16:16:34.920+0000: 7713.841: [GC (Allocation Failure) 7713.841: [ParNew
Desired survivor size 8716288 bytes, new threshold 6 (max 6)
- age   1:      66712 bytes,      66712 total
- age   2:       4632 bytes,      71344 total
- age   3:       1000 bytes,      72344 total
- age   5:       1128 bytes,      73472 total
: 136421K->80K(153344K), 0.0052435 secs] 273625K->137285K(1031552K), 0.0053476 secs] [Times: user=0.01 sys=0.00, real=0.01 secs] 
2016-08-24T16:16:34.925+0000: 7713.847: Total time for which application threads were stopped: 0.0061608 seconds, Stopping threads took: 0.0000976 seconds
2016-08-24T16:16:44.597+0000: 7723.518: [GC (Allocation Failure) 7723.518: [ParNew
Desired survivor size 8716288 bytes, new threshold 6 (max 6)
- age   1:    1070312 bytes,    1070312 total
- age   3:        968 bytes,    1071280 total
- age   4:        968 bytes,    1072248 total
- age   6:       1056 bytes,    1073304 total
: 136400K->1055K(153344K), 0.0080323 secs] 273605K->138261K(1031552K), 0.0081498 secs] [Times: user=0.01 sys=0.00, real=0.01 secs] 
2016-08-24T16:16:44.605+0000: 7723.527: Total time for which application threads were stopped: 0.0129499 seconds, Stopping threads took: 0.0040403 seconds
2016-08-24T16:16:44.644+0000: 7723.565: [GC (Allocation Failure) 7723.565: [ParNew
Desired survivor size 8716288 bytes, new threshold 6 (max 6)
- age   1:      82504 bytes,      82504 total
- age   2:     316952 bytes,     399456 total
- age   4:        968 bytes,     400424 total
- age   5:        968 bytes,     401392 total
: 137375K->510K(153344K), 0.0054284 secs] 274581K->137716K(1031552K), 0.0055416 secs] [Times: user=0.01 sys=0.00, real=0.01 secs] 
2016-08-24T16:16:44.649+0000: 7723.571: Total time for which application threads were stopped: 0.0064689 seconds, Stopping threads took: 0.0000984 seconds
2016-08-24T16:16:44.689+0000: 7723.610: [GC (Allocation Failure) 7723.610: [ParNew
Desired survivor size 8716288 bytes, new threshold 6 (max 6)
- age   1:      46536 bytes,      46536 total
- age   2:        808 bytes,      47344 total
- age   3:     311288 bytes,     358632 total
- age   5:        968 bytes,     359600 total
- age   6:        968 bytes,     360568 total
: 136830K->524K(153344K), 0.0057506 secs] 274036K->137731K(1031552K), 0.0058597 secs] [Times: user=0.01 sys=0.00, real=0.00 secs] 
2016-08-24T16:16:44.695+0000: 7723.616: Total time for which application threads were stopped: 0.0067155 seconds, Stopping threads took: 0.0000968 seconds
2016-08-24T16:16:44.732+0000: 7723.654: [GC (Allocation Failure) 7723.654: [ParNew
Desired survivor size 8716288 bytes, new threshold 6 (max 6)
- age   1:      87776 bytes,      87776 total
- age   2:       6608 bytes,      94384 total
- age   3:        808 bytes,      95192 total
- age   4:     311288 bytes,     406480 total
- age   6:        968 bytes,     407448 total
: 136844K->516K(153344K), 0.0057376 secs] 274051K->137723K(1031552K), 0.0058834 secs] [Times: user=0.01 sys=0.00, real=0.00 secs] 
2016-08-24T16:16:44.738+0000: 7723.660: Total time for which application threads were stopped: 0.0067596 seconds, Stopping threads took: 0.0000990 seconds
2016-08-24T16:16:44.777+0000: 7723.699: [GC (Allocation Failure) 7723.699: [ParNew
Desired survivor size 8716288 bytes, new threshold 6 (max 6)
- age   1:      51144 bytes,      51144 total
- age   3:       1096 bytes,      52240 total
- age   4:        808 bytes,      53048 total
- age   5:     309440 bytes,     362488 total
: 136836K->387K(153344K), 0.0060298 secs] 274043K->137596K(1031552K), 0.0061601 secs] [Times: user=0.01 sys=0.00, real=0.01 secs] 
2016-08-24T16:16:44.784+0000: 7723.705: Total time for which application threads were stopped: 0.0070177 seconds, Stopping threads took: 0.0001006 seconds
2016-08-24T16:16:44.823+0000: 7723.744: [GC (Allocation Failure) 7723.744: [ParNew
Desired survivor size 8716288 bytes, new threshold 6 (max 6)
- age   1:      64160 bytes,      64160 total
- age   2:       9608 bytes,      73768 total
- age   4:       1096 bytes,      74864 total
- age   5:        808 bytes,      75672 total
- age   6:     309440 bytes,     385112 total
: 136707K->525K(153344K), 0.0058150 secs] 273916K->137733K(1031552K), 0.0059169 secs] [Times: user=0.01 sys=0.00, real=0.01 secs] 
2016-08-24T16:16:44.829+0000: 7723.750: Total time for which application threads were stopped: 0.0067182 seconds, Stopping threads took: 0.0000956 seconds
2016-08-24T16:16:44.868+0000: 7723.789: [GC (Allocation Failure) 7723.789: [ParNew
Desired survivor size 8716288 bytes, new threshold 6 (max 6)
- age   1:      74896 bytes,      74896 total
- age   3:       1000 bytes,      75896 total
- age   5:       1096 bytes,      76992 total
- age   6:        808 bytes,      77800 total
: 136845K->375K(153344K), 0.0059569 secs] 274053K->137890K(1031552K), 0.0060654 secs] [Times: user=0.01 sys=0.00, real=0.01 secs] 
2016-08-24T16:16:44.874+0000: 7723.795: Total time for which application threads were stopped: 0.0069048 seconds, Stopping threads took: 0.0001002 seconds
2016-08-24T16:16:44.913+0000: 7723.834: [GC (Allocation Failure) 7723.834: [ParNew
Desired survivor size 8716288 bytes, new threshold 6 (max 6)
- age   1:      77840 bytes,      77840 total
- age   2:      13432 bytes,      91272 total
- age   4:       1000 bytes,      92272 total
- age   6:       1096 bytes,      93368 total
: 136695K->173K(153344K), 0.0053200 secs] 274210K->137689K(1031552K), 0.0054192 secs] [Times: user=0.01 sys=0.00, real=0.00 secs] 
2016-08-24T16:16:44.918+0000: 7723.840: Total time for which application threads were stopped: 0.0062803 seconds, Stopping threads took: 0.0001225 seconds
2016-08-24T16:16:44.959+0000: 7723.880: [GC (Allocation Failure) 7723.880: [ParNew
Desired survivor size 8716288 bytes, new threshold 6 (max 6)
- age   1:      62512 bytes,      62512 total
- age   3:       1000 bytes,      63512 total
- age   5:        968 bytes,      64480 total
: 136493K->77K(153344K), 0.0057460 secs] 274009K->137594K(1031552K), 0.0058713 secs] [Times: user=0.02 sys=0.00, real=0.01 secs] 
2016-08-24T16:16:44.965+0000: 7723.886: Total time for which application threads were stopped: 0.0066907 seconds, Stopping threads took: 0.0000992 seconds
2016-08-24T16:16:45.004+0000: 7723.925: [GC (Allocation Failure) 7723.925: [ParNew
Desired survivor size 8716288 bytes, new threshold 6 (max 6)
- age   1:      86376 bytes,      86376 total
- age   2:      15264 bytes,     101640 total
- age   4:       1000 bytes,     102640 total
- age   6:        968 bytes,     103608 total
: 136397K->132K(153344K), 0.0051340 secs] 273914K->137649K(1031552K), 0.0052355 secs] [Times: user=0.01 sys=0.00, real=0.01 secs] 
2016-08-24T16:16:45.009+0000: 7723.931: Total time for which application threads were stopped: 0.0060757 seconds, Stopping threads took: 0.0000988 seconds
2016-08-24T16:16:45.048+0000: 7723.970: [GC (Allocation Failure) 7723.970: [ParNew
Desired survivor size 8716288 bytes, new threshold 6 (max 6)
- age   1:      66408 bytes,      66408 total
- age   3:       1000 bytes,      67408 total
- age   5:        968 bytes,      68376 total
: 136452K->93K(153344K), 0.0052135 secs] 273969K->137611K(1031552K), 0.0053137 secs] [Times: user=0.01 sys=0.00, real=0.00 secs] 
2016-08-24T16:16:45.054+0000: 7723.975: Total time for which application threads were stopped: 0.0061463 seconds, Stopping threads took: 0.0001004 seconds
2016-08-24T16:16:45.092+0000: 7724.014: [GC (Allocation Failure) 7724.014: [ParNew
Desired survivor size 8716288 bytes, new threshold 6 (max 6)
- age   1:      60944 bytes,      60944 total
- age   2:      18792 bytes,      79736 total
- age   4:       1000 bytes,      80736 total
- age   6:        968 bytes,      81704 total
: 136413K->99K(153344K), 0.0055720 secs] 273931K->137618K(1031552K), 0.0056958 secs] [Times: user=0.01 sys=0.00, real=0.00 secs] 
2016-08-24T16:16:45.098+0000: 7724.020: Total time for which application threads were stopped: 0.0065752 seconds, Stopping threads took: 0.0000977 seconds
2016-08-24T16:16:54.434+0000: 7733.356: [GC (Allocation Failure) 7733.356: [ParNew
Desired survivor size 8716288 bytes, new threshold 6 (max 6)
- age   1:    1028480 bytes,    1028480 total
- age   3:        968 bytes,    1029448 total
- age   5:        968 bytes,    1030416 total
: 136419K->1024K(153344K), 0.0083363 secs] 273938K->138543K(1031552K), 0.0084608 secs] [Times: user=0.02 sys=0.00, real=0.01 secs] 
2016-08-24T16:16:54.443+0000: 7733.365: Total time for which application threads were stopped: 0.0092304 seconds, Stopping threads took: 0.0000887 seconds
2016-08-24T16:16:54.482+0000: 7733.403: [GC (Allocation Failure) 7733.403: [ParNew
Desired survivor size 8716288 bytes, new threshold 6 (max 6)
- age   1:      67168 bytes,      67168 total
- age   2:     296592 bytes,     363760 total
- age   4:        968 bytes,     364728 total
- age   6:        968 bytes,     365696 total
: 137344K->500K(153344K), 0.0064773 secs] 274863K->138019K(1031552K), 0.0065925 secs] [Times: user=0.01 sys=0.00, real=0.01 secs] 
2016-08-24T16:16:54.488+0000: 7733.410: Total time for which application threads were stopped: 0.0073506 seconds, Stopping threads took: 0.0000862 seconds
2016-08-24T16:16:54.530+0000: 7733.451: [GC (Allocation Failure) 7733.451: [ParNew
Desired survivor size 8716288 bytes, new threshold 6 (max 6)
- age   1:      70256 bytes,      70256 total
- age   2:         72 bytes,      70328 total
- age   3:     276344 bytes,     346672 total
- age   5:        968 bytes,     347640 total
: 136820K->485K(153344K), 0.0063488 secs] 274339K->138005K(1031552K), 0.0064769 secs] [Times: user=0.02 sys=0.00, real=0.00 secs] 
2016-08-24T16:16:54.536+0000: 7733.458: Total time for which application threads were stopped: 0.0072844 seconds, Stopping threads took: 0.0000864 seconds
2016-08-24T16:16:54.577+0000: 7733.499: [GC (Allocation Failure) 7733.499: [ParNew
Desired survivor size 8716288 bytes, new threshold 6 (max 6)
- age   1:      67576 bytes,      67576 total
- age   2:       1344 bytes,      68920 total
- age   3:         72 bytes,      68992 total
- age   4:     274496 bytes,     343488 total
- age   6:        968 bytes,     344456 total
: 136805K->492K(153344K), 0.0063731 secs] 274325K->138012K(1031552K), 0.0064771 secs] [Times: user=0.01 sys=0.00, real=0.01 secs] 
2016-08-24T16:16:54.584+0000: 7733.505: Total time for which application threads were stopped: 0.0072177 seconds, Stopping threads took: 0.0000798 seconds
2016-08-24T16:16:54.622+0000: 7733.543: [GC (Allocation Failure) 7733.543: [ParNew
Desired survivor size 8716288 bytes, new threshold 6 (max 6)
- age   1:      73576 bytes,      73576 total
- age   2:       3920 bytes,      77496 total
- age   3:       1344 bytes,      78840 total
- age   4:         72 bytes,      78912 total
- age   5:     274496 bytes,     353408 total
: 136812K->487K(153344K), 0.0064252 secs] 274332K->138008K(1031552K), 0.0065274 secs] [Times: user=0.01 sys=0.00, real=0.01 secs] 
2016-08-24T16:16:54.628+0000: 7733.550: Total time for which application threads were stopped: 0.0073130 seconds, Stopping threads took: 0.0001179 seconds
2016-08-24T16:16:54.667+0000: 7733.589: [GC (Allocation Failure) 7733.589: [ParNew
Desired survivor size 8716288 bytes, new threshold 6 (max 6)
- age   1:      52848 bytes,      52848 total
- age   3:       1000 bytes,      53848 total
- age   4:       1312 bytes,      55160 total
- age   5:         72 bytes,      55232 total
- age   6:     272680 bytes,     327912 total
: 136807K->494K(153344K), 0.0071917 secs] 274328K->138015K(1031552K), 0.0073056 secs] [Times: user=0.02 sys=0.00, real=0.01 secs] 
2016-08-24T16:16:54.675+0000: 7733.596: Total time for which application threads were stopped: 0.0080993 seconds, Stopping threads took: 0.0000875 seconds
2016-08-24T16:16:54.713+0000: 7733.635: [GC (Allocation Failure) 7733.635: [ParNew
Desired survivor size 8716288 bytes, new threshold 6 (max 6)
- age   1:      70904 bytes,      70904 total
- age   2:       5536 bytes,      76440 total
- age   4:       1000 bytes,      77440 total
- age   5:       1312 bytes,      78752 total
- age   6:         72 bytes,      78824 total
: 136814K->325K(153344K), 0.0075512 secs] 274335K->138119K(1031552K), 0.0076666 secs] [Times: user=0.01 sys=0.00, real=0.01 secs] 
2016-08-24T16:16:54.721+0000: 7733.643: Total time for which application threads were stopped: 0.0085122 seconds, Stopping threads took: 0.0000870 seconds
2016-08-24T16:16:54.761+0000: 7733.683: [GC (Allocation Failure) 7733.683: [ParNew
Desired survivor size 8716288 bytes, new threshold 6 (max 6)
- age   1:      62912 bytes,      62912 total
- age   3:       1000 bytes,      63912 total
- age   5:        968 bytes,      64880 total
- age   6:       1312 bytes,      66192 total
: 136645K->115K(153344K), 0.0062915 secs] 274439K->137909K(1031552K), 0.0064010 secs] [Times: user=0.01 sys=0.00, real=0.00 secs] 
2016-08-24T16:16:54.768+0000: 7733.689: Total time for which application threads were stopped: 0.0072346 seconds, Stopping threads took: 0.0000882 seconds
2016-08-24T16:16:54.807+0000: 7733.728: [GC (Allocation Failure) 7733.728: [ParNew
Desired survivor size 8716288 bytes, new threshold 6 (max 6)
- age   1:      69128 bytes,      69128 total
- age   2:       9064 bytes,      78192 total
- age   4:       1000 bytes,      79192 total
- age   6:        968 bytes,      80160 total
: 136435K->102K(153344K), 0.0057803 secs] 274229K->137897K(1031552K), 0.0058779 secs] [Times: user=0.01 sys=0.00, real=0.01 secs] 
2016-08-24T16:16:54.813+0000: 7733.734: Total time for which application threads were stopped: 0.0066497 seconds, Stopping threads took: 0.0000853 seconds
2016-08-24T16:16:54.852+0000: 7733.773: [GC (Allocation Failure) 7733.773: [ParNew
Desired survivor size 8716288 bytes, new threshold 6 (max 6)
- age   1:      76216 bytes,      76216 total
- age   3:       1000 bytes,      77216 total
- age   5:        968 bytes,      78184 total
: 136422K->96K(153344K), 0.0057901 secs] 274217K->137892K(1031552K), 0.0058918 secs] [Times: user=0.01 sys=0.00, real=0.00 secs] 
2016-08-24T16:16:54.858+0000: 7733.779: Total time for which application threads were stopped: 0.0066443 seconds, Stopping threads took: 0.0000883 seconds
2016-08-24T16:16:54.896+0000: 7733.817: [GC (Allocation Failure) 7733.818: [ParNew
Desired survivor size 8716288 bytes, new threshold 6 (max 6)
- age   1:      73216 bytes,      73216 total
- age   2:      12480 bytes,      85696 total
- age   4:       1000 bytes,      86696 total
- age   6:        968 bytes,      87664 total
: 136416K->118K(153344K), 0.0066036 secs] 274212K->137914K(1031552K), 0.0067087 secs] [Times: user=0.01 sys=0.00, real=0.01 secs] 
2016-08-24T16:16:54.903+0000: 7733.824: Total time for which application threads were stopped: 0.0075332 seconds, Stopping threads took: 0.0000883 seconds
2016-08-24T16:17:04.447+0000: 7743.369: [GC (Allocation Failure) 7743.369: [ParNew
Desired survivor size 8716288 bytes, new threshold 6 (max 6)
- age   1:    1024216 bytes,    1024216 total
- age   3:        968 bytes,    1025184 total
- age   5:        968 bytes,    1026152 total
: 136438K->1033K(153344K), 0.0083259 secs] 274234K->138830K(1031552K), 0.0084713 secs] [Times: user=0.01 sys=0.00, real=0.01 secs] 
2016-08-24T16:17:04.456+0000: 7743.377: Total time for which application threads were stopped: 0.0093149 seconds, Stopping threads took: 0.0000969 seconds
2016-08-24T16:17:04.496+0000: 7743.417: [GC (Allocation Failure) 7743.417: [ParNew
Desired survivor size 8716288 bytes, new threshold 6 (max 6)
- age   1:      80152 bytes,      80152 total
- age   2:     299152 bytes,     379304 total
- age   4:        968 bytes,     380272 total
- age   6:        968 bytes,     381240 total
: 137353K->510K(153344K), 0.0062632 secs] 275150K->138307K(1031552K), 0.0063898 secs] [Times: user=0.01 sys=0.00, real=0.01 secs] 
2016-08-24T16:17:04.502+0000: 7743.424: Total time for which application threads were stopped: 0.0072255 seconds, Stopping threads took: 0.0000986 seconds
2016-08-24T16:17:04.545+0000: 7743.466: [GC (Allocation Failure) 7743.466: [ParNew
Desired survivor size 8716288 bytes, new threshold 6 (max 6)
- age   1:      79120 bytes,      79120 total
- age   3:     286080 bytes,     365200 total
- age   5:        968 bytes,     366168 total
: 136830K->501K(153344K), 0.0057210 secs] 274627K->138299K(1031552K), 0.0058255 secs] [Times: user=0.01 sys=0.00, real=0.01 secs] 
2016-08-24T16:17:04.551+0000: 7743.472: Total time for which application threads were stopped: 0.0066893 seconds, Stopping threads took: 0.0000974 seconds
2016-08-24T16:17:04.589+0000: 7743.510: [GC (Allocation Failure) 7743.510: [ParNew
Desired survivor size 8716288 bytes, new threshold 6 (max 6)
- age   1:      87200 bytes,      87200 total
- age   2:      14560 bytes,     101760 total
- age   4:     286080 bytes,     387840 total
- age   6:        968 bytes,     388808 total
: 136821K->512K(153344K), 0.0056196 secs] 274619K->138310K(1031552K), 0.0057251 secs] [Times: user=0.01 sys=0.00, real=0.00 secs] 
2016-08-24T16:17:04.595+0000: 7743.516: Total time for which application threads were stopped: 0.0066154 seconds, Stopping threads took: 0.0001174 seconds
2016-08-24T16:17:04.634+0000: 7743.555: [GC (Allocation Failure) 7743.555: [ParNew
Desired survivor size 8716288 bytes, new threshold 6 (max 6)
- age   1:      63856 bytes,      63856 total
- age   3:       1096 bytes,      64952 total
- age   5:     284232 bytes,     349184 total
: 136832K->374K(153344K), 0.0054469 secs] 274630K->138173K(1031552K), 0.0055508 secs] [Times: user=0.01 sys=0.00, real=0.00 secs] 
2016-08-24T16:17:04.640+0000: 7743.561: Total time for which application threads were stopped: 0.0063546 seconds, Stopping threads took: 0.0000967 seconds
2016-08-24T16:17:04.677+0000: 7743.599: [GC (Allocation Failure) 7743.599: [ParNew
Desired survivor size 8716288 bytes, new threshold 6 (max 6)
- age   1:      82880 bytes,      82880 total
- age   2:      17560 bytes,     100440 total
- age   4:       1096 bytes,     101536 total
- age   6:     284232 bytes,     385768 total
: 136694K->506K(153344K), 0.0057788 secs] 274493K->138305K(1031552K), 0.0058868 secs] [Times: user=0.01 sys=0.00, real=0.01 secs] 
2016-08-24T16:17:04.683+0000: 7743.605: Total time for which application threads were stopped: 0.0067571 seconds, Stopping threads took: 0.0001220 seconds
2016-08-24T16:17:04.724+0000: 7743.645: [GC (Allocation Failure) 7743.645: [ParNew
Desired survivor size 8716288 bytes, new threshold 6 (max 6)
- age   1:      87392 bytes,      87392 total
- age   3:       1000 bytes,      88392 total
- age   5:       1064 bytes,      89456 total
: 136826K->369K(153344K), 0.0065075 secs] 274625K->138450K(1031552K), 0.0066225 secs] [Times: user=0.01 sys=0.00, real=0.01 secs] 
2016-08-24T16:17:04.730+0000: 7743.652: Total time for which application threads were stopped: 0.0074568 seconds, Stopping threads took: 0.0000928 seconds
2016-08-24T16:17:04.771+0000: 7743.693: [GC (Allocation Failure) 7743.693: [ParNew
Desired survivor size 8716288 bytes, new threshold 6 (max 6)
- age   1:      70888 bytes,      70888 total
- age   2:      20592 bytes,      91480 total
- age   4:       1000 bytes,      92480 total
- age   6:       1064 bytes,      93544 total
: 136689K->176K(153344K), 0.0057938 secs] 274770K->138257K(1031552K), 0.0059051 secs] [Times: user=0.01 sys=0.00, real=0.00 secs] 
2016-08-24T16:17:04.777+0000: 7743.699: Total time for which application threads were stopped: 0.0067294 seconds, Stopping threads took: 0.0000960 seconds
2016-08-24T16:17:04.817+0000: 7743.739: [GC (Allocation Failure) 7743.739: [ParNew
Desired survivor size 8716288 bytes, new threshold 6 (max 6)
- age   1:      86736 bytes,      86736 total
- age   3:       1000 bytes,      87736 total
- age   5:        968 bytes,      88704 total
: 136496K->111K(153344K), 0.0054897 secs] 274577K->138192K(1031552K), 0.0056086 secs] [Times: user=0.01 sys=0.00, real=0.01 secs] 
2016-08-24T16:17:04.823+0000: 7743.745: Total time for which application threads were stopped: 0.0064331 seconds, Stopping threads took: 0.0000973 seconds
2016-08-24T16:17:04.866+0000: 7743.787: [GC (Allocation Failure) 7743.787: [ParNew
Desired survivor size 8716288 bytes, new threshold 6 (max 6)
- age   1:      72344 bytes,      72344 total
- age   2:       1000 bytes,      73344 total
- age   4:        968 bytes,      74312 total
- age   6:        968 bytes,      75280 total
: 136431K->104K(153344K), 0.0054866 secs] 274512K->138186K(1031552K), 0.0055986 secs] [Times: user=0.01 sys=0.00, real=0.01 secs] 
2016-08-24T16:17:04.871+0000: 7743.793: Total time for which application threads were stopped: 0.0064300 seconds, Stopping threads took: 0.0001014 seconds
2016-08-24T16:17:04.911+0000: 7743.833: [GC (Allocation Failure) 7743.833: [ParNew
Desired survivor size 8716288 bytes, new threshold 6 (max 6)
- age   1:      66096 bytes,      66096 total
- age   2:       4976 bytes,      71072 total
- age   3:       1000 bytes,      72072 total
- age   5:        968 bytes,      73040 total
: 136424K->85K(153344K), 0.0049153 secs] 274506K->138168K(1031552K), 0.0050187 secs] [Times: user=0.01 sys=0.00, real=0.00 secs] 
2016-08-24T16:17:04.917+0000: 7743.838: Total time for which application threads were stopped: 0.0058500 seconds, Stopping threads took: 0.0001101 seconds
2016-08-24T16:17:06.918+0000: 7745.839: Total time for which application threads were stopped: 0.0008091 seconds, Stopping threads took: 0.0001236 seconds
2016-08-24T16:17:08.920+0000: 7747.841: Total time for which application threads were stopped: 0.0017697 seconds, Stopping threads took: 0.0002412 seconds
2016-08-24T16:17:14.016+0000: 7752.938: [GC (Allocation Failure) 7752.938: [ParNew
Desired survivor size 8716288 bytes, new threshold 6 (max 6)
- age   1:     864752 bytes,     864752 total
- age   3:        968 bytes,     865720 total
- age   4:        968 bytes,     866688 total
- age   6:        968 bytes,     867656 total
: 136405K->863K(153344K), 0.0067449 secs] 274488K->138946K(1031552K), 0.0068616 secs] [Times: user=0.01 sys=0.00, real=0.01 secs] 
2016-08-24T16:17:14.023+0000: 7752.945: Total time for which application threads were stopped: 0.0077345 seconds, Stopping threads took: 0.0000971 seconds
2016-08-24T16:17:14.061+0000: 7752.983: [GC (Allocation Failure) 7752.983: [ParNew
Desired survivor size 8716288 bytes, new threshold 6 (max 6)
- age   1:      70240 bytes,      70240 total
- age   2:     219264 bytes,     289504 total
- age   4:        968 bytes,     290472 total
- age   5:        968 bytes,     291440 total
: 137183K->398K(153344K), 0.0055571 secs] 275266K->138482K(1031552K), 0.0056622 secs] [Times: user=0.01 sys=0.00, real=0.00 secs] 
2016-08-24T16:17:14.067+0000: 7752.989: Total time for which application threads were stopped: 0.0064508 seconds, Stopping threads took: 0.0000867 seconds
2016-08-24T16:17:14.107+0000: 7753.029: [GC (Allocation Failure) 7753.029: [ParNew
Desired survivor size 8716288 bytes, new threshold 6 (max 6)
- age   1:      52488 bytes,      52488 total
- age   2:        232 bytes,      52720 total
- age   3:     213104 bytes,     265824 total
- age   5:        968 bytes,     266792 total
- age   6:        968 bytes,     267760 total
: 136718K->387K(153344K), 0.0059318 secs] 274802K->138470K(1031552K), 0.0060468 secs] [Times: user=0.02 sys=0.00, real=0.01 secs] 
2016-08-24T16:17:14.114+0000: 7753.035: Total time for which application threads were stopped: 0.0068950 seconds, Stopping threads took: 0.0000960 seconds
2016-08-24T16:17:14.153+0000: 7753.074: [GC (Allocation Failure) 7753.074: [ParNew
Desired survivor size 8716288 bytes, new threshold 6 (max 6)
- age   1:      68864 bytes,      68864 total
- age   2:       8128 bytes,      76992 total
- age   3:        232 bytes,      77224 total
- age   4:     213104 bytes,     290328 total
- age   6:        968 bytes,     291296 total
: 136707K->392K(153344K), 0.0055724 secs] 274790K->138477K(1031552K), 0.0056867 secs] [Times: user=0.01 sys=0.00, real=0.00 secs] 
2016-08-24T16:17:14.159+0000: 7753.080: Total time for which application threads were stopped: 0.0065493 seconds, Stopping threads took: 0.0000951 seconds
2016-08-24T16:17:14.200+0000: 7753.122: [GC (Allocation Failure) 7753.122: [ParNew
Desired survivor size 8716288 bytes, new threshold 6 (max 6)
- age   1:      63080 bytes,      63080 total
- age   3:       1096 bytes,      64176 total
- age   4:        232 bytes,      64408 total
- age   5:     211256 bytes,     275664 total
: 136712K->384K(153344K), 0.0054507 secs] 274797K->138469K(1031552K), 0.0055534 secs] [Times: user=0.02 sys=0.00, real=0.00 secs] 
2016-08-24T16:17:14.206+0000: 7753.127: Total time for which application threads were stopped: 0.0063916 seconds, Stopping threads took: 0.0000982 seconds
2016-08-24T16:17:14.244+0000: 7753.165: [GC (Allocation Failure) 7753.165: [ParNew
Desired survivor size 8716288 bytes, new threshold 6 (max 6)
- age   1:      73240 bytes,      73240 total
- age   2:      11544 bytes,      84784 total
- age   4:       1096 bytes,      85880 total
- age   5:        232 bytes,      86112 total
- age   6:     211256 bytes,     297368 total
: 136704K->388K(153344K), 0.0055287 secs] 274789K->138473K(1031552K), 0.0056420 secs] [Times: user=0.01 sys=0.00, real=0.01 secs] 
2016-08-24T16:17:14.249+0000: 7753.171: Total time for which application threads were stopped: 0.0064782 seconds, Stopping threads took: 0.0000983 seconds
2016-08-24T16:17:14.288+0000: 7753.210: [GC (Allocation Failure) 7753.210: [ParNew
Desired survivor size 8716288 bytes, new threshold 6 (max 6)
- age   1:      76320 bytes,      76320 total
- age   3:       1000 bytes,      77320 total
- age   5:       1064 bytes,      78384 total
- age   6:        232 bytes,      78616 total
: 136708K->284K(153344K), 0.0058482 secs] 274793K->138578K(1031552K), 0.0059804 secs] [Times: user=0.01 sys=0.00, real=0.00 secs] 
2016-08-24T16:17:14.295+0000: 7753.216: Total time for which application threads were stopped: 0.0068232 seconds, Stopping threads took: 0.0000952 seconds
2016-08-24T16:17:14.333+0000: 7753.254: [GC (Allocation Failure) 7753.254: [ParNew
Desired survivor size 8716288 bytes, new threshold 6 (max 6)
- age   1:      77816 bytes,      77816 total
- age   2:      14360 bytes,      92176 total
- age   4:       1000 bytes,      93176 total
- age   6:       1064 bytes,      94240 total
: 136604K->138K(153344K), 0.0052046 secs] 274898K->138433K(1031552K), 0.0053066 secs] [Times: user=0.01 sys=0.00, real=0.00 secs] 
2016-08-24T16:17:14.338+0000: 7753.260: Total time for which application threads were stopped: 0.0061593 seconds, Stopping threads took: 0.0001122 seconds
2016-08-24T16:17:14.382+0000: 7753.304: [GC (Allocation Failure) 7753.304: [ParNew
Desired survivor size 8716288 bytes, new threshold 6 (max 6)
- age   1:      60984 bytes,      60984 total
- age   3:       1000 bytes,      61984 total
- age   5:        968 bytes,      62952 total
: 136458K->93K(153344K), 0.0054180 secs] 274753K->138388K(1031552K), 0.0055241 secs] [Times: user=0.01 sys=0.00, real=0.00 secs] 
2016-08-24T16:17:14.388+0000: 7753.309: Total time for which application threads were stopped: 0.0063536 seconds, Stopping threads took: 0.0001122 seconds
2016-08-24T16:17:14.427+0000: 7753.348: [GC (Allocation Failure) 7753.348: [ParNew
Desired survivor size 8716288 bytes, new threshold 6 (max 6)
- age   1:      84960 bytes,      84960 total
- age   2:      17856 bytes,     102816 total
- age   4:       1000 bytes,     103816 total
- age   6:        968 bytes,     104784 total
: 136413K->116K(153344K), 0.0050952 secs] 274708K->138411K(1031552K), 0.0051930 secs] [Times: user=0.01 sys=0.00, real=0.01 secs] 
2016-08-24T16:17:14.432+0000: 7753.354: Total time for which application threads were stopped: 0.0060014 seconds, Stopping threads took: 0.0000992 seconds
2016-08-24T16:17:14.471+0000: 7753.393: [GC (Allocation Failure) 7753.393: [ParNew
Desired survivor size 8716288 bytes, new threshold 6 (max 6)
- age   1:      64208 bytes,      64208 total
- age   3:       1360 bytes,      65568 total
- age   5:        968 bytes,      66536 total
: 136436K->116K(153344K), 0.0052936 secs] 274731K->138412K(1031552K), 0.0054040 secs] [Times: user=0.01 sys=0.00, real=0.00 secs] 
2016-08-24T16:17:14.477+0000: 7753.398: Total time for which application threads were stopped: 0.0062540 seconds, Stopping threads took: 0.0000969 seconds
2016-08-24T16:17:14.515+0000: 7753.436: [GC (Allocation Failure) 7753.436: [ParNew
Desired survivor size 8716288 bytes, new threshold 6 (max 6)
- age   1:      73344 bytes,      73344 total
- age   2:      20424 bytes,      93768 total
- age   4:       1288 bytes,      95056 total
- age   6:        968 bytes,      96024 total
: 136436K->101K(153344K), 0.0053561 secs] 274732K->138398K(1031552K), 0.0054693 secs] [Times: user=0.01 sys=0.00, real=0.00 secs] 
2016-08-24T16:17:14.520+0000: 7753.442: Total time for which application threads were stopped: 0.0063173 seconds, Stopping threads took: 0.0000963 seconds
2016-08-24T16:17:19.522+0000: 7758.443: Total time for which application threads were stopped: 0.0007694 seconds, Stopping threads took: 0.0001392 seconds
2016-08-24T16:17:24.301+0000: 7763.222: [GC (Allocation Failure) 7763.222: [ParNew
Desired survivor size 8716288 bytes, new threshold 6 (max 6)
- age   1:    1365448 bytes,    1365448 total
- age   2:        152 bytes,    1365600 total
- age   3:        968 bytes,    1366568 total
- age   5:       1080 bytes,    1367648 total
: 136421K->1368K(153344K), 0.0085923 secs] 274718K->139666K(1031552K), 0.0087192 secs] [Times: user=0.01 sys=0.00, real=0.01 secs] 
2016-08-24T16:17:24.310+0000: 7763.231: Total time for which application threads were stopped: 0.0096189 seconds, Stopping threads took: 0.0001023 seconds
2016-08-24T16:17:24.350+0000: 7763.271: [GC (Allocation Failure) 7763.271: [ParNew
Desired survivor size 8716288 bytes, new threshold 6 (max 6)
- age   1:      69120 bytes,      69120 total
- age   2:     339376 bytes,     408496 total
- age   3:        152 bytes,     408648 total
- age   4:        968 bytes,     409616 total
- age   6:       1080 bytes,     410696 total
: 137688K->551K(153344K), 0.0055952 secs] 275986K->138848K(1031552K), 0.0057014 secs] [Times: user=0.01 sys=0.00, real=0.00 secs] 
2016-08-24T16:17:24.356+0000: 7763.277: Total time for which application threads were stopped: 0.0065558 seconds, Stopping threads took: 0.0001003 seconds
2016-08-24T16:17:24.396+0000: 7763.317: [GC (Allocation Failure) 7763.317: [ParNew
Desired survivor size 8716288 bytes, new threshold 6 (max 6)
- age   1:      75760 bytes,      75760 total
- age   2:         72 bytes,      75832 total
- age   3:     318560 bytes,     394392 total
- age   4:        152 bytes,     394544 total
- age   5:        968 bytes,     395512 total
: 136871K->546K(153344K), 0.0054912 secs] 275168K->138844K(1031552K), 0.0055991 secs] [Times: user=0.02 sys=0.00, real=0.01 secs] 
2016-08-24T16:17:24.402+0000: 7763.323: Total time for which application threads were stopped: 0.0064271 seconds, Stopping threads took: 0.0000973 seconds
2016-08-24T16:17:24.442+0000: 7763.363: [GC (Allocation Failure) 7763.363: [ParNew
Desired survivor size 8716288 bytes, new threshold 6 (max 6)
- age   1:      59056 bytes,      59056 total
- age   2:       1344 bytes,      60400 total
- age   3:         72 bytes,      60472 total
- age   4:     316712 bytes,     377184 total
- age   5:        152 bytes,     377336 total
- age   6:        968 bytes,     378304 total
: 136866K->559K(153344K), 0.0056393 secs] 275164K->138858K(1031552K), 0.0057359 secs] [Times: user=0.01 sys=0.00, real=0.00 secs] 
2016-08-24T16:17:24.448+0000: 7763.369: Total time for which application threads were stopped: 0.0065229 seconds, Stopping threads took: 0.0000971 seconds
2016-08-24T16:17:24.486+0000: 7763.408: [GC (Allocation Failure) 7763.408: [ParNew
Desired survivor size 8716288 bytes, new threshold 6 (max 6)
- age   1:      83816 bytes,      83816 total
- age   2:       4360 bytes,      88176 total
- age   3:       1344 bytes,      89520 total
- age   4:         72 bytes,      89592 total
- age   5:     316712 bytes,     406304 total
- age   6:        152 bytes,     406456 total
: 136879K->707K(153344K), 0.0058051 secs] 275178K->139006K(1031552K), 0.0059178 secs] [Times: user=0.01 sys=0.00, real=0.01 secs] 
2016-08-24T16:17:24.492+0000: 7763.414: Total time for which application threads were stopped: 0.0067364 seconds, Stopping threads took: 0.0000950 seconds
2016-08-24T16:17:24.532+0000: 7763.453: [GC (Allocation Failure) 7763.453: [ParNew
Desired survivor size 8716288 bytes, new threshold 6 (max 6)
- age   1:      54840 bytes,      54840 total
- age   3:       1000 bytes,      55840 total
- age   4:       1312 bytes,      57152 total
- age   5:         72 bytes,      57224 total
- age   6:     314896 bytes,     372120 total
: 137027K->473K(153344K), 0.0057857 secs] 275326K->138772K(1031552K), 0.0058905 secs] [Times: user=0.01 sys=0.00, real=0.00 secs] 
2016-08-24T16:17:24.538+0000: 7763.459: Total time for which application threads were stopped: 0.0067222 seconds, Stopping threads took: 0.0000985 seconds
2016-08-24T16:17:24.575+0000: 7763.497: [GC (Allocation Failure) 7763.497: [ParNew
Desired survivor size 8716288 bytes, new threshold 6 (max 6)
- age   1:      90008 bytes,      90008 total
- age   2:       7272 bytes,      97280 total
- age   4:       1000 bytes,      98280 total
- age   5:       1312 bytes,      99592 total
- age   6:         72 bytes,      99664 total
: 136793K->337K(153344K), 0.0061324 secs] 275092K->138950K(1031552K), 0.0062432 secs] [Times: user=0.01 sys=0.00, real=0.01 secs] 
2016-08-24T16:17:24.582+0000: 7763.503: Total time for which application threads were stopped: 0.0070684 seconds, Stopping threads took: 0.0000940 seconds
2016-08-24T16:17:24.622+0000: 7763.544: [GC (Allocation Failure) 7763.544: [ParNew
Desired survivor size 8716288 bytes, new threshold 6 (max 6)
- age   1:      51016 bytes,      51016 total
- age   3:       1000 bytes,      52016 total
- age   5:        968 bytes,      52984 total
- age   6:       1312 bytes,      54296 total
: 136657K->125K(153344K), 0.0049837 secs] 275270K->138739K(1031552K), 0.0050857 secs] [Times: user=0.01 sys=0.00, real=0.00 secs] 
2016-08-24T16:17:24.627+0000: 7763.549: Total time for which application threads were stopped: 0.0059559 seconds, Stopping threads took: 0.0000980 seconds
2016-08-24T16:17:24.666+0000: 7763.587: [GC (Allocation Failure) 7763.587: [ParNew
Desired survivor size 8716288 bytes, new threshold 6 (max 6)
- age   1:      82880 bytes,      82880 total
- age   2:       9872 bytes,      92752 total
- age   4:       1000 bytes,      93752 total
- age   6:        968 bytes,      94720 total
: 136445K->116K(153344K), 0.0049805 secs] 275059K->138731K(1031552K), 0.0050898 secs] [Times: user=0.01 sys=0.00, real=0.01 secs] 
2016-08-24T16:17:24.671+0000: 7763.592: Total time for which application threads were stopped: 0.0058875 seconds, Stopping threads took: 0.0000973 seconds
2016-08-24T16:17:24.712+0000: 7763.633: [GC (Allocation Failure) 7763.633: [ParNew
Desired survivor size 8716288 bytes, new threshold 6 (max 6)
- age   1:      56920 bytes,      56920 total
- age   3:       1000 bytes,      57920 total
- age   5:        968 bytes,      58888 total
: 136436K->87K(153344K), 0.0049596 secs] 275051K->138703K(1031552K), 0.0050589 secs] [Times: user=0.01 sys=0.00, real=0.00 secs] 
2016-08-24T16:17:24.717+0000: 7763.639: Total time for which application threads were stopped: 0.0058808 seconds, Stopping threads took: 0.0001243 seconds
2016-08-24T16:17:24.755+0000: 7763.677: [GC (Allocation Failure) 7763.677: [ParNew
Desired survivor size 8716288 bytes, new threshold 6 (max 6)
- age   1:      86072 bytes,      86072 total
- age   2:      13776 bytes,      99848 total
- age   4:       1000 bytes,     100848 total
- age   6:        968 bytes,     101816 total
: 136407K->107K(153344K), 0.0048529 secs] 275023K->138723K(1031552K), 0.0049636 secs] [Times: user=0.01 sys=0.00, real=0.01 secs] 
2016-08-24T16:17:24.760+0000: 7763.682: Total time for which application threads were stopped: 0.0057907 seconds, Stopping threads took: 0.0001009 seconds
2016-08-24T16:17:25.678+0000: 7764.600: Total time for which application threads were stopped: 0.0009655 seconds, Stopping threads took: 0.0001173 seconds
2016-08-24T16:17:25.679+0000: 7764.601: Total time for which application threads were stopped: 0.0005960 seconds, Stopping threads took: 0.0000459 seconds
2016-08-24T16:17:25.680+0000: 7764.601: Total time for which application threads were stopped: 0.0004090 seconds, Stopping threads took: 0.0000382 seconds
2016-08-24T16:17:25.878+0000: 7764.800: Total time for which application threads were stopped: 0.0007085 seconds, Stopping threads took: 0.0001051 seconds
2016-08-24T16:17:25.879+0000: 7764.800: Total time for which application threads were stopped: 0.0003182 seconds, Stopping threads took: 0.0000261 seconds
2016-08-24T16:17:25.879+0000: 7764.801: Total time for which application threads were stopped: 0.0004100 seconds, Stopping threads took: 0.0000659 seconds
2016-08-24T16:17:34.199+0000: 7773.120: [GC (Allocation Failure) 7773.120: [ParNew
Desired survivor size 8716288 bytes, new threshold 6 (max 6)
- age   1:     894824 bytes,     894824 total
- age   3:        968 bytes,     895792 total
- age   5:        968 bytes,     896760 total
: 136427K->899K(153344K), 0.0072201 secs] 275043K->139517K(1031552K), 0.0073567 secs] [Times: user=0.01 sys=0.00, real=0.01 secs] 
2016-08-24T16:17:34.206+0000: 7773.128: Total time for which application threads were stopped: 0.0082243 seconds, Stopping threads took: 0.0001262 seconds
2016-08-24T16:17:34.245+0000: 7773.167: [GC (Allocation Failure) 7773.167: [ParNew
Desired survivor size 8716288 bytes, new threshold 6 (max 6)
- age   1:      76864 bytes,      76864 total
- age   2:     237320 bytes,     314184 total
- age   4:        968 bytes,     315152 total
- age   6:        968 bytes,     316120 total
: 137219K->325K(153344K), 0.0053242 secs] 275837K->138942K(1031552K), 0.0054277 secs] [Times: user=0.01 sys=0.00, real=0.01 secs] 
2016-08-24T16:17:34.251+0000: 7773.173: Total time for which application threads were stopped: 0.0062330 seconds, Stopping threads took: 0.0000815 seconds
2016-08-24T16:17:34.291+0000: 7773.212: [GC (Allocation Failure) 7773.212: [ParNew
Desired survivor size 8716288 bytes, new threshold 6 (max 6)
- age   1:      70168 bytes,      70168 total
- age   3:     223392 bytes,     293560 total
- age   5:        968 bytes,     294528 total
: 136645K->413K(153344K), 0.0056899 secs] 275262K->139031K(1031552K), 0.0057904 secs] [Times: user=0.01 sys=0.00, real=0.00 secs] 
2016-08-24T16:17:34.297+0000: 7773.218: Total time for which application threads were stopped: 0.0066365 seconds, Stopping threads took: 0.0001146 seconds
2016-08-24T16:17:34.335+0000: 7773.256: [GC (Allocation Failure) 7773.257: [ParNew
Desired survivor size 8716288 bytes, new threshold 6 (max 6)
- age   1:      77016 bytes,      77016 total
- age   2:      14800 bytes,      91816 total
- age   4:     223392 bytes,     315208 total
- age   6:        968 bytes,     316176 total
: 136733K->411K(153344K), 0.0057103 secs] 275351K->139029K(1031552K), 0.0058166 secs] [Times: user=0.01 sys=0.00, real=0.01 secs] 
2016-08-24T16:17:34.341+0000: 7773.262: Total time for which application threads were stopped: 0.0066856 seconds, Stopping threads took: 0.0001242 seconds
2016-08-24T16:17:34.383+0000: 7773.305: [GC (Allocation Failure) 7773.305: [ParNew
Desired survivor size 8716288 bytes, new threshold 6 (max 6)
- age   1:      65376 bytes,      65376 total
- age   3:       1096 bytes,      66472 total
- age   5:     221048 bytes,     287520 total
: 136731K->440K(153344K), 0.0057565 secs] 275349K->139059K(1031552K), 0.0058580 secs] [Times: user=0.01 sys=0.00, real=0.01 secs] 
2016-08-24T16:17:34.389+0000: 7773.311: Total time for which application threads were stopped: 0.0066906 seconds, Stopping threads took: 0.0000966 seconds
2016-08-24T16:17:34.428+0000: 7773.350: [GC (Allocation Failure) 7773.350: [ParNew
Desired survivor size 8716288 bytes, new threshold 6 (max 6)
- age   1:      78064 bytes,      78064 total
- age   2:      18544 bytes,      96608 total
- age   4:       1096 bytes,      97704 total
- age   6:     221048 bytes,     318752 total
: 136760K->427K(153344K), 0.0054128 secs] 275379K->139046K(1031552K), 0.0055170 secs] [Times: user=0.01 sys=0.00, real=0.00 secs] 
2016-08-24T16:17:34.434+0000: 7773.355: Total time for which application threads were stopped: 0.0063716 seconds, Stopping threads took: 0.0000984 seconds
2016-08-24T16:17:34.475+0000: 7773.396: [GC (Allocation Failure) 7773.396: [ParNew
Desired survivor size 8716288 bytes, new threshold 6 (max 6)
- age   1:      69552 bytes,      69552 total
- age   3:       1248 bytes,      70800 total
- age   5:       1064 bytes,      71864 total
: 136747K->294K(153344K), 0.0058049 secs] 275366K->139131K(1031552K), 0.0059179 secs] [Times: user=0.02 sys=0.00, real=0.01 secs] 
2016-08-24T16:17:34.481+0000: 7773.402: Total time for which application threads were stopped: 0.0067872 seconds, Stopping threads took: 0.0001227 seconds
2016-08-24T16:17:34.532+0000: 7773.454: [GC (Allocation Failure) 7773.454: [ParNew
Desired survivor size 8716288 bytes, new threshold 6 (max 6)
- age   1:      48384 bytes,      48384 total
- age   2:       1000 bytes,      49384 total
- age   4:       1144 bytes,      50528 total
- age   6:       1064 bytes,      51592 total
: 136614K->108K(153344K), 0.0064784 secs] 275451K->138945K(1031552K), 0.0066563 secs] [Times: user=0.01 sys=0.00, real=0.00 secs] 
2016-08-24T16:17:34.539+0000: 7773.461: Total time for which application threads were stopped: 0.0078444 seconds, Stopping threads took: 0.0001135 seconds
2016-08-24T16:17:34.598+0000: 7773.520: [GC (Allocation Failure) 7773.520: [ParNew
Desired survivor size 8716288 bytes, new threshold 6 (max 6)
- age   1:      85624 bytes,      85624 total
- age   2:       4256 bytes,      89880 total
- age   3:       1000 bytes,      90880 total
- age   5:       1144 bytes,      92024 total
: 136428K->107K(153344K), 0.0060414 secs] 275265K->138946K(1031552K), 0.0061704 secs] [Times: user=0.01 sys=0.00, real=0.01 secs] 
2016-08-24T16:17:34.605+0000: 7773.526: Total time for which application threads were stopped: 0.0070387 seconds, Stopping threads took: 0.0000923 seconds
2016-08-24T16:17:34.646+0000: 7773.568: [GC (Allocation Failure) 7773.568: [ParNew
Desired survivor size 8716288 bytes, new threshold 6 (max 6)
- age   1:      60184 bytes,      60184 total
- age   3:       1336 bytes,      61520 total
- age   4:        968 bytes,      62488 total
- age   6:       1144 bytes,      63632 total
: 136427K->79K(153344K), 0.0063882 secs] 275266K->138917K(1031552K), 0.0065492 secs] [Times: user=0.02 sys=0.00, real=0.01 secs] 
2016-08-24T16:17:34.653+0000: 7773.574: Total time for which application threads were stopped: 0.0077399 seconds, Stopping threads took: 0.0001311 seconds
2016-08-24T16:17:34.707+0000: 7773.629: [GC (Allocation Failure) 7773.629: [ParNew
Desired survivor size 8716288 bytes, new threshold 6 (max 6)
- age   1:      83480 bytes,      83480 total
- age   2:       5536 bytes,      89016 total
- age   4:       1264 bytes,      90280 total
- age   5:        968 bytes,      91248 total
: 136399K->99K(153344K), 0.0056730 secs] 275237K->138938K(1031552K), 0.0057715 secs] [Times: user=0.01 sys=0.00, real=0.01 secs] 
2016-08-24T16:17:34.713+0000: 7773.635: Total time for which application threads were stopped: 0.0065767 seconds, Stopping threads took: 0.0000900 seconds
2016-08-24T16:17:44.403+0000: 7783.325: [GC (Allocation Failure) 7783.326: [ParNew
Desired survivor size 8716288 bytes, new threshold 6 (max 6)
- age   1:    1128504 bytes,    1128504 total
- age   2:        152 bytes,    1128656 total
- age   3:        968 bytes,    1129624 total
- age   5:       1160 bytes,    1130784 total
- age   6:        968 bytes,    1131752 total
: 136419K->1115K(153344K), 0.0083669 secs] 275258K->139954K(1031552K), 0.0089678 secs] [Times: user=0.01 sys=0.00, real=0.01 secs] 
2016-08-24T16:17:44.413+0000: 7783.334: Total time for which application threads were stopped: 0.0097960 seconds, Stopping threads took: 0.0000924 seconds
2016-08-24T16:17:44.454+0000: 7783.375: [GC (Allocation Failure) 7783.375: [ParNew
Desired survivor size 8716288 bytes, new threshold 6 (max 6)
- age   1:      75648 bytes,      75648 total
- age   2:     320424 bytes,     396072 total
- age   3:        152 bytes,     396224 total
- age   4:        968 bytes,     397192 total
- age   6:       1160 bytes,     398352 total
: 137435K->562K(153344K), 0.0054571 secs] 276274K->139403K(1031552K), 0.0055878 secs] [Times: user=0.01 sys=0.00, real=0.00 secs] 
2016-08-24T16:17:44.459+0000: 7783.381: Total time for which application threads were stopped: 0.0065060 seconds, Stopping threads took: 0.0000982 seconds
2016-08-24T16:17:44.499+0000: 7783.421: [GC (Allocation Failure) 7783.421: [ParNew
Desired survivor size 8716288 bytes, new threshold 6 (max 6)
- age   1:      57640 bytes,      57640 total
- age   2:        232 bytes,      57872 total
- age   3:     314144 bytes,     372016 total
- age   4:        152 bytes,     372168 total
- age   5:        968 bytes,     373136 total
: 136882K->535K(153344K), 0.0055572 secs] 275723K->139377K(1031552K), 0.0056603 secs] [Times: user=0.02 sys=0.00, real=0.01 secs] 
2016-08-24T16:17:44.505+0000: 7783.427: Total time for which application threads were stopped: 0.0064668 seconds, Stopping threads took: 0.0000992 seconds
2016-08-24T16:17:44.543+0000: 7783.465: [GC (Allocation Failure) 7783.465: [ParNew
Desired survivor size 8716288 bytes, new threshold 6 (max 6)
- age   1:      75064 bytes,      75064 total
- age   2:       8304 bytes,      83368 total
- age   3:        232 bytes,      83600 total
- age   4:     314144 bytes,     397744 total
- age   5:        152 bytes,     397896 total
- age   6:        968 bytes,     398864 total
: 136855K->530K(153344K), 0.0059547 secs] 275697K->139372K(1031552K), 0.0060630 secs] [Times: user=0.01 sys=0.00, real=0.01 secs] 
2016-08-24T16:17:44.549+0000: 7783.471: Total time for which application threads were stopped: 0.0068973 seconds, Stopping threads took: 0.0000988 seconds
2016-08-24T16:17:44.590+0000: 7783.512: [GC (Allocation Failure) 7783.512: [ParNew
Desired survivor size 8716288 bytes, new threshold 6 (max 6)
- age   1:      67784 bytes,      67784 total
- age   3:       1096 bytes,      68880 total
- age   4:        232 bytes,      69112 total
- age   5:     312296 bytes,     381408 total
- age   6:        152 bytes,     381560 total
: 136850K->557K(153344K), 0.0059933 secs] 275692K->139400K(1031552K), 0.0060994 secs] [Times: user=0.01 sys=0.00, real=0.00 secs] 
2016-08-24T16:17:44.596+0000: 7783.518: Total time for which application threads were stopped: 0.0069446 seconds, Stopping threads took: 0.0001203 seconds
2016-08-24T16:17:44.635+0000: 7783.556: [GC (Allocation Failure) 7783.556: [ParNew
Desired survivor size 8716288 bytes, new threshold 6 (max 6)
- age   1:      68464 bytes,      68464 total
- age   2:      11544 bytes,      80008 total
- age   4:       1096 bytes,      81104 total
- age   5:        232 bytes,      81336 total
- age   6:     312296 bytes,     393632 total
: 136877K->548K(153344K), 0.0061733 secs] 275720K->139391K(1031552K), 0.0062893 secs] [Times: user=0.01 sys=0.00, real=0.01 secs] 
2016-08-24T16:17:44.641+0000: 7783.562: Total time for which application threads were stopped: 0.0071369 seconds, Stopping threads took: 0.0001005 seconds
2016-08-24T16:17:44.680+0000: 7783.602: [GC (Allocation Failure) 7783.602: [ParNew
Desired survivor size 8716288 bytes, new threshold 6 (max 6)
- age   1:      64800 bytes,      64800 total
- age   3:       1000 bytes,      65800 total
- age   5:       1064 bytes,      66864 total
- age   6:        232 bytes,      67096 total
: 136868K->382K(153344K), 0.0063904 secs] 275711K->139534K(1031552K), 0.0065106 secs] [Times: user=0.01 sys=0.00, real=0.00 secs] 
2016-08-24T16:17:44.687+0000: 7783.609: Total time for which application threads were stopped: 0.0073732 seconds, Stopping threads took: 0.0001002 seconds
2016-08-24T16:17:44.727+0000: 7783.648: [GC (Allocation Failure) 7783.649: [ParNew
Desired survivor size 8716288 bytes, new threshold 6 (max 6)
- age   1:      82744 bytes,      82744 total
- age   2:      14360 bytes,      97104 total
- age   4:       1000 bytes,      98104 total
- age   6:       1064 bytes,      99168 total
: 136702K->171K(153344K), 0.0056985 secs] 275854K->139324K(1031552K), 0.0058236 secs] [Times: user=0.01 sys=0.00, real=0.01 secs] 
2016-08-24T16:17:44.733+0000: 7783.654: Total time for which application threads were stopped: 0.0066800 seconds, Stopping threads took: 0.0000991 seconds
2016-08-24T16:17:44.774+0000: 7783.696: [GC (Allocation Failure) 7783.696: [ParNew
Desired survivor size 8716288 bytes, new threshold 6 (max 6)
- age   1:      77456 bytes,      77456 total
- age   3:       1000 bytes,      78456 total
- age   5:        968 bytes,      79424 total
: 136491K->104K(153344K), 0.0056468 secs] 275644K->139258K(1031552K), 0.0057668 secs] [Times: user=0.01 sys=0.00, real=0.00 secs] 
2016-08-24T16:17:44.780+0000: 7783.702: Total time for which application threads were stopped: 0.0066723 seconds, Stopping threads took: 0.0001162 seconds
2016-08-24T16:17:44.819+0000: 7783.740: [GC (Allocation Failure) 7783.740: [ParNew
Desired survivor size 8716288 bytes, new threshold 6 (max 6)
- age   1:      74408 bytes,      74408 total
- age   2:      17560 bytes,      91968 total
- age   4:       1000 bytes,      92968 total
- age   6:        968 bytes,      93936 total
: 136424K->122K(153344K), 0.0051429 secs] 275578K->139276K(1031552K), 0.0052369 secs] [Times: user=0.01 sys=0.00, real=0.01 secs] 
2016-08-24T16:17:44.824+0000: 7783.745: Total time for which application threads were stopped: 0.0060338 seconds, Stopping threads took: 0.0001004 seconds
2016-08-24T16:17:44.863+0000: 7783.785: [GC (Allocation Failure) 7783.785: [ParNew
Desired survivor size 8716288 bytes, new threshold 6 (max 6)
- age   1:      81408 bytes,      81408 total
- age   3:       1000 bytes,      82408 total
- age   5:        968 bytes,      83376 total
: 136442K->115K(153344K), 0.0052674 secs] 275596K->139270K(1031552K), 0.0053796 secs] [Times: user=0.01 sys=0.00, real=0.01 secs] 
2016-08-24T16:17:44.869+0000: 7783.790: Total time for which application threads were stopped: 0.0062363 seconds, Stopping threads took: 0.0001014 seconds
2016-08-24T16:17:44.907+0000: 7783.829: [GC (Allocation Failure) 7783.829: [ParNew
Desired survivor size 8716288 bytes, new threshold 6 (max 6)
- age   1:      78648 bytes,      78648 total
- age   2:      20592 bytes,      99240 total
- age   4:       1000 bytes,     100240 total
- age   6:        968 bytes,     101208 total
: 136435K->114K(153344K), 0.0053725 secs] 275590K->139269K(1031552K), 0.0054714 secs] [Times: user=0.01 sys=0.00, real=0.01 secs] 
2016-08-24T16:17:44.913+0000: 7783.835: Total time for which application threads were stopped: 0.0062926 seconds, Stopping threads took: 0.0000997 seconds
2016-08-24T16:17:54.591+0000: 7793.512: [GC (Allocation Failure) 7793.512: [ParNew
Desired survivor size 8716288 bytes, new threshold 6 (max 6)
- age   1:    1131112 bytes,    1131112 total
- age   3:        968 bytes,    1132080 total
- age   5:        968 bytes,    1133048 total
: 136434K->1133K(153344K), 0.0075158 secs] 275589K->140289K(1031552K), 0.0076399 secs] [Times: user=0.01 sys=0.00, real=0.00 secs] 
2016-08-24T16:17:54.598+0000: 7793.520: Total time for which application threads were stopped: 0.0084732 seconds, Stopping threads took: 0.0001003 seconds
2016-08-24T16:17:54.636+0000: 7793.558: [GC (Allocation Failure) 7793.558: [ParNew
Desired survivor size 8716288 bytes, new threshold 6 (max 6)
- age   1:      79208 bytes,      79208 total
- age   2:     314032 bytes,     393240 total
- age   4:        968 bytes,     394208 total
- age   6:        968 bytes,     395176 total
: 137453K->578K(153344K), 0.0054629 secs] 276609K->139734K(1031552K), 0.0055701 secs] [Times: user=0.01 sys=0.00, real=0.01 secs] 
2016-08-24T16:17:54.642+0000: 7793.564: Total time for which application threads were stopped: 0.0064139 seconds, Stopping threads took: 0.0000929 seconds
2016-08-24T16:17:54.683+0000: 7793.604: [GC (Allocation Failure) 7793.604: [ParNew
Desired survivor size 8716288 bytes, new threshold 6 (max 6)
- age   1:      82416 bytes,      82416 total
- age   2:         72 bytes,      82488 total
- age   3:     293392 bytes,     375880 total
- age   5:        968 bytes,     376848 total
: 136898K->514K(153344K), 0.0053875 secs] 276054K->139671K(1031552K), 0.0055060 secs] [Times: user=0.01 sys=0.00, real=0.01 secs] 
2016-08-24T16:17:54.688+0000: 7793.610: Total time for which application threads were stopped: 0.0063474 seconds, Stopping threads took: 0.0001008 seconds
2016-08-24T16:17:54.728+0000: 7793.649: [GC (Allocation Failure) 7793.649: [ParNew
Desired survivor size 8716288 bytes, new threshold 6 (max 6)
- age   1:      60512 bytes,      60512 total
- age   2:       1096 bytes,      61608 total
- age   3:         72 bytes,      61680 total
- age   4:     291544 bytes,     353224 total
- age   6:        968 bytes,     354192 total
: 136834K->527K(153344K), 0.0061406 secs] 275991K->139684K(1031552K), 0.0062537 secs] [Times: user=0.01 sys=0.00, real=0.01 secs] 
2016-08-24T16:17:54.734+0000: 7793.655: Total time for which application threads were stopped: 0.0070815 seconds, Stopping threads took: 0.0000982 seconds
2016-08-24T16:17:54.774+0000: 7793.696: [GC (Allocation Failure) 7793.696: [ParNew
Desired survivor size 8716288 bytes, new threshold 6 (max 6)
- age   1:      62088 bytes,      62088 total
- age   2:       4632 bytes,      66720 total
- age   3:       1096 bytes,      67816 total
- age   4:         72 bytes,      67888 total
- age   5:     291544 bytes,     359432 total
: 136847K->505K(153344K), 0.0060153 secs] 276004K->139663K(1031552K), 0.0061370 secs] [Times: user=0.01 sys=0.00, real=0.01 secs] 
2016-08-24T16:17:54.780+0000: 7793.702: Total time for which application threads were stopped: 0.0069253 seconds, Stopping threads took: 0.0000983 seconds
2016-08-24T16:17:54.821+0000: 7793.742: [GC (Allocation Failure) 7793.743: [ParNew
Desired survivor size 8716288 bytes, new threshold 6 (max 6)
- age   1:      48056 bytes,      48056 total
- age   3:       1000 bytes,      49056 total
- age   4:       1064 bytes,      50120 total
- age   5:         72 bytes,      50192 total
- age   6:     289728 bytes,     339920 total
: 136825K->509K(153344K), 0.0053866 secs] 275983K->139667K(1031552K), 0.0054910 secs] [Times: user=0.01 sys=0.00, real=0.00 secs] 
2016-08-24T16:17:54.827+0000: 7793.748: Total time for which application threads were stopped: 0.0063201 seconds, Stopping threads took: 0.0000993 seconds
2016-08-24T16:17:54.866+0000: 7793.788: [GC (Allocation Failure) 7793.788: [ParNew
Desired survivor size 8716288 bytes, new threshold 6 (max 6)
- age   1:      68752 bytes,      68752 total
- age   2:       7768 bytes,      76520 total
- age   4:       1000 bytes,      77520 total
- age   5:       1064 bytes,      78584 total
- age   6:         72 bytes,      78656 total
: 136829K->336K(153344K), 0.0057831 secs] 275987K->139784K(1031552K), 0.0058928 secs] [Times: user=0.02 sys=0.00, real=0.01 secs] 
2016-08-24T16:17:54.872+0000: 7793.794: Total time for which application threads were stopped: 0.0067042 seconds, Stopping threads took: 0.0000960 seconds
2016-08-24T16:17:54.913+0000: 7793.834: [GC (Allocation Failure) 7793.834: [ParNew
Desired survivor size 8716288 bytes, new threshold 6 (max 6)
- age   1:      52840 bytes,      52840 total
- age   3:       1000 bytes,      53840 total
- age   5:        968 bytes,      54808 total
- age   6:       1064 bytes,      55872 total
: 136656K->116K(153344K), 0.0048564 secs] 276104K->139564K(1031552K), 0.0049636 secs] [Times: user=0.01 sys=0.00, real=0.00 secs] 
2016-08-24T16:17:54.918+0000: 7793.839: Total time for which application threads were stopped: 0.0057894 seconds, Stopping threads took: 0.0001051 seconds
2016-08-24T16:17:54.956+0000: 7793.877: [GC (Allocation Failure) 7793.877: [ParNew
Desired survivor size 8716288 bytes, new threshold 6 (max 6)
- age   1:      87704 bytes,      87704 total
- age   2:      10608 bytes,      98312 total
- age   4:       1000 bytes,      99312 total
- age   6:        968 bytes,     100280 total
: 136436K->115K(153344K), 0.0056164 secs] 275884K->139563K(1031552K), 0.0057356 secs] [Times: user=0.01 sys=0.00, real=0.01 secs] 
2016-08-24T16:17:54.962+0000: 7793.883: Total time for which application threads were stopped: 0.0065965 seconds, Stopping threads took: 0.0001011 seconds
2016-08-24T16:17:55.001+0000: 7793.923: [GC (Allocation Failure) 7793.923: [ParNew
Desired survivor size 8716288 bytes, new threshold 6 (max 6)
- age   1:      76224 bytes,      76224 total
- age   3:       1000 bytes,      77224 total
- age   5:        968 bytes,      78192 total
: 136435K->115K(153344K), 0.0052576 secs] 275883K->139565K(1031552K), 0.0053632 secs] [Times: user=0.01 sys=0.00, real=0.00 secs] 
2016-08-24T16:17:55.007+0000: 7793.928: Total time for which application threads were stopped: 0.0061779 seconds, Stopping threads took: 0.0000992 seconds
2016-08-24T16:17:55.046+0000: 7793.968: [GC (Allocation Failure) 7793.968: [ParNew
Desired survivor size 8716288 bytes, new threshold 6 (max 6)
- age   1:      82344 bytes,      82344 total
- age   2:      14088 bytes,      96432 total
- age   4:       1000 bytes,      97432 total
- age   6:        968 bytes,      98400 total
: 136435K->104K(153344K), 0.0049148 secs] 275885K->139553K(1031552K), 0.0050157 secs] [Times: user=0.01 sys=0.00, real=0.01 secs] 
2016-08-24T16:17:55.052+0000: 7793.973: Total time for which application threads were stopped: 0.0058323 seconds, Stopping threads took: 0.0000994 seconds
2016-08-24T16:18:04.054+0000: 7802.975: Total time for which application threads were stopped: 0.0006100 seconds, Stopping threads took: 0.0000965 seconds
2016-08-24T16:18:04.618+0000: 7803.540: [GC (Allocation Failure) 7803.540: [ParNew
Desired survivor size 8716288 bytes, new threshold 6 (max 6)
- age   1:     975744 bytes,     975744 total
- age   3:        968 bytes,     976712 total
- age   5:        968 bytes,     977680 total
: 136424K->967K(153344K), 0.0082205 secs] 275873K->140418K(1031552K), 0.0083411 secs] [Times: user=0.02 sys=0.00, real=0.01 secs] 
2016-08-24T16:18:04.627+0000: 7803.548: Total time for which application threads were stopped: 0.0091378 seconds, Stopping threads took: 0.0000883 seconds
2016-08-24T16:18:04.665+0000: 7803.586: [GC (Allocation Failure) 7803.586: [ParNew
Desired survivor size 8716288 bytes, new threshold 6 (max 6)
- age   1:      63648 bytes,      63648 total
- age   2:     277456 bytes,     341104 total
- age   4:        968 bytes,     342072 total
- age   6:        968 bytes,     343040 total
: 137287K->522K(153344K), 0.0067909 secs] 276738K->139973K(1031552K), 0.0068972 secs] [Times: user=0.01 sys=0.00, real=0.01 secs] 
2016-08-24T16:18:04.672+0000: 7803.593: Total time for which application threads were stopped: 0.0076917 seconds, Stopping threads took: 0.0000996 seconds
2016-08-24T16:18:04.711+0000: 7803.633: [GC (Allocation Failure) 7803.633: [ParNew
Desired survivor size 8716288 bytes, new threshold 6 (max 6)
- age   1:      59400 bytes,      59400 total
- age   2:         24 bytes,      59424 total
- age   3:     262448 bytes,     321872 total
- age   5:        968 bytes,     322840 total
: 136842K->462K(153344K), 0.0073086 secs] 276293K->139914K(1031552K), 0.0074188 secs] [Times: user=0.02 sys=0.00, real=0.00 secs] 
2016-08-24T16:18:04.719+0000: 7803.640: Total time for which application threads were stopped: 0.0082027 seconds, Stopping threads took: 0.0000850 seconds
2016-08-24T16:18:04.758+0000: 7803.679: [GC (Allocation Failure) 7803.679: [ParNew
Desired survivor size 8716288 bytes, new threshold 6 (max 6)
- age   1:      80280 bytes,      80280 total
- age   2:      15448 bytes,      95728 total
- age   3:         24 bytes,      95752 total
- age   4:     262448 bytes,     358200 total
- age   6:        968 bytes,     359168 total
: 136782K->458K(153344K), 0.0070268 secs] 276234K->139910K(1031552K), 0.0071373 secs] [Times: user=0.01 sys=0.00, real=0.01 secs] 
2016-08-24T16:18:04.765+0000: 7803.686: Total time for which application threads were stopped: 0.0079224 seconds, Stopping threads took: 0.0000855 seconds
2016-08-24T16:18:04.805+0000: 7803.727: [GC (Allocation Failure) 7803.727: [ParNew
Desired survivor size 8716288 bytes, new threshold 6 (max 6)
- age   1:      86800 bytes,      86800 total
- age   3:       1096 bytes,      87896 total
- age   4:         24 bytes,      87920 total
- age   5:     260104 bytes,     348024 total
: 136778K->496K(153344K), 0.0070145 secs] 276230K->139948K(1031552K), 0.0071346 secs] [Times: user=0.01 sys=0.00, real=0.01 secs] 
2016-08-24T16:18:04.813+0000: 7803.734: Total time for which application threads were stopped: 0.0079071 seconds, Stopping threads took: 0.0000858 seconds
2016-08-24T16:18:04.852+0000: 7803.774: [GC (Allocation Failure) 7803.774: [ParNew
Desired survivor size 8716288 bytes, new threshold 6 (max 6)
- age   1:      83176 bytes,      83176 total
- age   2:      19408 bytes,     102584 total
- age   4:       1096 bytes,     103680 total
- age   5:         24 bytes,     103704 total
- age   6:     260104 bytes,     363808 total
: 136816K->493K(153344K), 0.0063320 secs] 276268K->139945K(1031552K), 0.0064499 secs] [Times: user=0.01 sys=0.00, real=0.00 secs] 
2016-08-24T16:18:04.859+0000: 7803.781: Total time for which application threads were stopped: 0.0072106 seconds, Stopping threads took: 0.0000864 seconds
2016-08-24T16:18:04.898+0000: 7803.819: [GC (Allocation Failure) 7803.819: [ParNew
Desired survivor size 8716288 bytes, new threshold 6 (max 6)
- age   1:      87936 bytes,      87936 total
- age   3:       1248 bytes,      89184 total
- age   5:       1064 bytes,      90248 total
- age   6:         24 bytes,      90272 total
: 136813K->354K(153344K), 0.0074176 secs] 276265K->140063K(1031552K), 0.0075374 secs] [Times: user=0.01 sys=0.00, real=0.01 secs] 
2016-08-24T16:18:04.906+0000: 7803.827: Total time for which application threads were stopped: 0.0083517 seconds, Stopping threads took: 0.0000838 seconds
2016-08-24T16:18:04.945+0000: 7803.866: [GC (Allocation Failure) 7803.866: [ParNew
Desired survivor size 8716288 bytes, new threshold 6 (max 6)
- age   1:      52864 bytes,      52864 total
- age   2:       1000 bytes,      53864 total
- age   4:       1216 bytes,      55080 total
- age   6:       1064 bytes,      56144 total
: 136674K->125K(153344K), 0.0057985 secs] 276383K->139835K(1031552K), 0.0059149 secs] [Times: user=0.01 sys=0.00, real=0.01 secs] 
2016-08-24T16:18:04.951+0000: 7803.872: Total time for which application threads were stopped: 0.0067000 seconds, Stopping threads took: 0.0000964 seconds
2016-08-24T16:18:04.988+0000: 7803.910: [GC (Allocation Failure) 7803.910: [ParNew
Desired survivor size 8716288 bytes, new threshold 6 (max 6)
- age   1:      60728 bytes,      60728 total
- age   2:       4360 bytes,      65088 total
- age   3:       1000 bytes,      66088 total
- age   5:       1216 bytes,      67304 total
: 136445K->87K(153344K), 0.0060029 secs] 276155K->139798K(1031552K), 0.0061234 secs] [Times: user=0.01 sys=0.00, real=0.00 secs] 
2016-08-24T16:18:04.995+0000: 7803.916: Total time for which application threads were stopped: 0.0068853 seconds, Stopping threads took: 0.0000876 seconds
2016-08-24T16:18:05.039+0000: 7803.960: [GC (Allocation Failure) 7803.960: [ParNew
Desired survivor size 8716288 bytes, new threshold 6 (max 6)
- age   1:      57040 bytes,      57040 total
- age   3:       1000 bytes,      58040 total
- age   4:        968 bytes,      59008 total
- age   6:       1216 bytes,      60224 total
: 136407K->70K(153344K), 0.0057522 secs] 276118K->139781K(1031552K), 0.0058495 secs] [Times: user=0.01 sys=0.00, real=0.01 secs] 
2016-08-24T16:18:05.045+0000: 7803.966: Total time for which application threads were stopped: 0.0066851 seconds, Stopping threads took: 0.0001410 seconds
2016-08-24T16:18:05.083+0000: 7804.005: [GC (Allocation Failure) 7804.005: [ParNew
Desired survivor size 8716288 bytes, new threshold 6 (max 6)
- age   1:      63208 bytes,      63208 total
- age   2:       7376 bytes,      70584 total
- age   4:       1000 bytes,      71584 total
- age   5:        968 bytes,      72552 total
: 136390K->82K(153344K), 0.0065964 secs] 276101K->139794K(1031552K), 0.0067125 secs] [Times: user=0.02 sys=0.00, real=0.01 secs] 
2016-08-24T16:18:05.090+0000: 7804.012: Total time for which application threads were stopped: 0.0074887 seconds, Stopping threads took: 0.0000862 seconds
2016-08-24T16:18:13.872+0000: 7812.794: [GC (Allocation Failure) 7812.794: [ParNew
Desired survivor size 8716288 bytes, new threshold 6 (max 6)
- age   1:     907760 bytes,     907760 total
- age   3:        968 bytes,     908728 total
- age   5:        968 bytes,     909696 total
- age   6:        968 bytes,     910664 total
: 136402K->892K(153344K), 0.0099599 secs] 276114K->140604K(1031552K), 0.0101423 secs] [Times: user=0.02 sys=0.00, real=0.01 secs] 
2016-08-24T16:18:13.883+0000: 7812.804: Total time for which application threads were stopped: 0.0112481 seconds, Stopping threads took: 0.0001108 seconds
2016-08-24T16:18:13.941+0000: 7812.863: [GC (Allocation Failure) 7812.863: [ParNew
Desired survivor size 8716288 bytes, new threshold 6 (max 6)
- age   1:      78840 bytes,      78840 total
- age   2:     227088 bytes,     305928 total
- age   4:        968 bytes,     306896 total
- age   6:        968 bytes,     307864 total
: 137212K->419K(153344K), 0.0071731 secs] 276924K->140132K(1031552K), 0.0073057 secs] [Times: user=0.01 sys=0.00, real=0.01 secs] 
2016-08-24T16:18:13.949+0000: 7812.870: Total time for which application threads were stopped: 0.0082631 seconds, Stopping threads took: 0.0001004 seconds
2016-08-24T16:18:14.001+0000: 7812.923: [GC (Allocation Failure) 7812.923: [ParNew
Desired survivor size 8716288 bytes, new threshold 6 (max 6)
- age   1:      53888 bytes,      53888 total
- age   2:        232 bytes,      54120 total
- age   3:     219096 bytes,     273216 total
- age   5:        968 bytes,     274184 total
: 136739K->406K(153344K), 0.0057738 secs] 276452K->140120K(1031552K), 0.0058898 secs] [Times: user=0.02 sys=0.00, real=0.00 secs] 
2016-08-24T16:18:14.007+0000: 7812.929: Total time for which application threads were stopped: 0.0067577 seconds, Stopping threads took: 0.0001182 seconds
2016-08-24T16:18:14.047+0000: 7812.969: [GC (Allocation Failure) 7812.969: [ParNew
Desired survivor size 8716288 bytes, new threshold 6 (max 6)
- age   1:      71648 bytes,      71648 total
- age   2:       9704 bytes,      81352 total
- age   3:        232 bytes,      81584 total
- age   4:     219096 bytes,     300680 total
- age   6:        968 bytes,     301648 total
: 136726K->404K(153344K), 0.0065465 secs] 276440K->140118K(1031552K), 0.0066686 secs] [Times: user=0.01 sys=0.00, real=0.01 secs] 
2016-08-24T16:18:14.054+0000: 7812.975: Total time for which application threads were stopped: 0.0075389 seconds, Stopping threads took: 0.0000922 seconds
2016-08-24T16:18:14.096+0000: 7813.017: [GC (Allocation Failure) 7813.017: [ParNew
Desired survivor size 8716288 bytes, new threshold 6 (max 6)
- age   1:      76912 bytes,      76912 total
- age   3:       1096 bytes,      78008 total
- age   4:        232 bytes,      78240 total
- age   5:     217248 bytes,     295488 total
: 136724K->417K(153344K), 0.0062079 secs] 276438K->140132K(1031552K), 0.0063285 secs] [Times: user=0.01 sys=0.00, real=0.01 secs] 
2016-08-24T16:18:14.102+0000: 7813.024: Total time for which application threads were stopped: 0.0071820 seconds, Stopping threads took: 0.0001218 seconds
2016-08-24T16:18:14.142+0000: 7813.064: [GC (Allocation Failure) 7813.064: [ParNew
Desired survivor size 8716288 bytes, new threshold 6 (max 6)
- age   1:      72728 bytes,      72728 total
- age   2:      13432 bytes,      86160 total
- age   4:       1096 bytes,      87256 total
- age   5:        232 bytes,      87488 total
- age   6:     217248 bytes,     304736 total
: 136737K->407K(153344K), 0.0062079 secs] 276452K->140122K(1031552K), 0.0063486 secs] [Times: user=0.01 sys=0.00, real=0.01 secs] 
2016-08-24T16:18:14.149+0000: 7813.070: Total time for which application threads were stopped: 0.0072769 seconds, Stopping threads took: 0.0001273 seconds
2016-08-24T16:18:14.195+0000: 7813.116: [GC (Allocation Failure) 7813.117: [ParNew
Desired survivor size 8716288 bytes, new threshold 6 (max 6)
- age   1:      61680 bytes,      61680 total
- age   3:       1000 bytes,      62680 total
- age   5:       1064 bytes,      63744 total
- age   6:        232 bytes,      63976 total
: 136727K->278K(153344K), 0.0058037 secs] 276442K->140208K(1031552K), 0.0059308 secs] [Times: user=0.01 sys=0.00, real=0.01 secs] 
2016-08-24T16:18:14.201+0000: 7813.123: Total time for which application threads were stopped: 0.0068131 seconds, Stopping threads took: 0.0000904 seconds
2016-08-24T16:18:14.239+0000: 7813.161: [GC (Allocation Failure) 7813.161: [ParNew
Desired survivor size 8716288 bytes, new threshold 6 (max 6)
- age   1:      68200 bytes,      68200 total
- age   2:      15264 bytes,      83464 total
- age   4:       1000 bytes,      84464 total
- age   6:       1064 bytes,      85528 total
: 136598K->133K(153344K), 0.0052240 secs] 276528K->140063K(1031552K), 0.0053284 secs] [Times: user=0.01 sys=0.00, real=0.01 secs] 
2016-08-24T16:18:14.245+0000: 7813.166: Total time for which application threads were stopped: 0.0061422 seconds, Stopping threads took: 0.0001005 seconds
2016-08-24T16:18:14.286+0000: 7813.208: [GC (Allocation Failure) 7813.208: [ParNew
Desired survivor size 8716288 bytes, new threshold 6 (max 6)
- age   1:      76736 bytes,      76736 total
- age   3:       1000 bytes,      77736 total
- age   5:        968 bytes,      78704 total
: 136453K->87K(153344K), 0.0054673 secs] 276383K->140018K(1031552K), 0.0055785 secs] [Times: user=0.01 sys=0.00, real=0.01 secs] 
2016-08-24T16:18:14.292+0000: 7813.213: Total time for which application threads were stopped: 0.0064295 seconds, Stopping threads took: 0.0000987 seconds
2016-08-24T16:18:14.332+0000: 7813.254: [GC (Allocation Failure) 7813.254: [ParNew
Desired survivor size 8716288 bytes, new threshold 6 (max 6)
- age   1:      67040 bytes,      67040 total
- age   2:      18792 bytes,      85832 total
- age   4:       1000 bytes,      86832 total
- age   6:        968 bytes,      87800 total
: 136407K->114K(153344K), 0.0053505 secs] 276338K->140045K(1031552K), 0.0054654 secs] [Times: user=0.01 sys=0.00, real=0.00 secs] 
2016-08-24T16:18:14.338+0000: 7813.259: Total time for which application threads were stopped: 0.0063373 seconds, Stopping threads took: 0.0001214 seconds
2016-08-24T16:18:14.381+0000: 7813.302: [GC (Allocation Failure) 7813.302: [ParNew
Desired survivor size 8716288 bytes, new threshold 6 (max 6)
- age   1:      89280 bytes,      89280 total
- age   3:       1000 bytes,      90280 total
- age   5:        968 bytes,      91248 total
: 136434K->134K(153344K), 0.0052780 secs] 276365K->140066K(1031552K), 0.0053791 secs] [Times: user=0.01 sys=0.00, real=0.00 secs] 
2016-08-24T16:18:14.386+0000: 7813.308: Total time for which application threads were stopped: 0.0062668 seconds, Stopping threads took: 0.0001164 seconds
2016-08-24T16:18:14.430+0000: 7813.352: [GC (Allocation Failure) 7813.352: [ParNew
Desired survivor size 8716288 bytes, new threshold 6 (max 6)
- age   1:     203432 bytes,     203432 total
- age   2:       2416 bytes,     205848 total
- age   4:       1000 bytes,     206848 total
- age   6:        968 bytes,     207816 total
: 136454K->216K(153344K), 0.0060575 secs] 276386K->140148K(1031552K), 0.0061621 secs] [Times: user=0.02 sys=0.00, real=0.00 secs] 
2016-08-24T16:18:14.437+0000: 7813.358: Total time for which application threads were stopped: 0.0069380 seconds, Stopping threads took: 0.0001133 seconds
2016-08-24T16:18:24.582+0000: 7823.504: [GC (Allocation Failure) 7823.504: [ParNew
Desired survivor size 8716288 bytes, new threshold 6 (max 6)
- age   1:    1322696 bytes,    1322696 total
- age   2:      86928 bytes,    1409624 total
- age   3:        968 bytes,    1410592 total
- age   5:        968 bytes,    1411560 total
: 136536K->1404K(153344K), 0.0099287 secs] 276468K->141336K(1031552K), 0.0100965 secs] [Times: user=0.02 sys=0.00, real=0.01 secs] 
2016-08-24T16:18:24.593+0000: 7823.514: Total time for which application threads were stopped: 0.0110220 seconds, Stopping threads took: 0.0000972 seconds
2016-08-24T16:18:24.633+0000: 7823.554: [GC (Allocation Failure) 7823.554: [ParNew
Desired survivor size 8716288 bytes, new threshold 6 (max 6)
- age   1:      79344 bytes,      79344 total
- age   2:     258464 bytes,     337808 total
- age   3:      84968 bytes,     422776 total
- age   4:        968 bytes,     423744 total
- age   6:        968 bytes,     424712 total
: 137724K->598K(153344K), 0.0063914 secs] 277656K->140530K(1031552K), 0.0065073 secs] [Times: user=0.01 sys=0.00, real=0.00 secs] 
2016-08-24T16:18:24.639+0000: 7823.561: Total time for which application threads were stopped: 0.0074374 seconds, Stopping threads took: 0.0001059 seconds
2016-08-24T16:18:24.679+0000: 7823.600: [GC (Allocation Failure) 7823.600: [ParNew
Desired survivor size 8716288 bytes, new threshold 6 (max 6)
- age   1:      82184 bytes,      82184 total
- age   2:         96 bytes,      82280 total
- age   3:     237416 bytes,     319696 total
- age   4:      84968 bytes,     404664 total
- age   5:        968 bytes,     405632 total
: 136918K->570K(153344K), 0.0065156 secs] 276850K->140504K(1031552K), 0.0066305 secs] [Times: user=0.01 sys=0.00, real=0.01 secs] 
2016-08-24T16:18:24.685+0000: 7823.607: Total time for which application threads were stopped: 0.0074814 seconds, Stopping threads took: 0.0001001 seconds
2016-08-24T16:18:24.726+0000: 7823.647: [GC (Allocation Failure) 7823.647: [ParNew
Desired survivor size 8716288 bytes, new threshold 6 (max 6)
- age   1:      55688 bytes,      55688 total
- age   2:       1096 bytes,      56784 total
- age   3:         96 bytes,      56880 total
- age   4:     235568 bytes,     292448 total
- age   5:      84968 bytes,     377416 total
- age   6:        968 bytes,     378384 total
: 136890K->573K(153344K), 0.0060029 secs] 276824K->140506K(1031552K), 0.0061175 secs] [Times: user=0.01 sys=0.00, real=0.01 secs] 
2016-08-24T16:18:24.732+0000: 7823.653: Total time for which application threads were stopped: 0.0069344 seconds, Stopping threads took: 0.0000963 seconds
2016-08-24T16:18:24.770+0000: 7823.691: [GC (Allocation Failure) 7823.691: [ParNew
Desired survivor size 8716288 bytes, new threshold 6 (max 6)
- age   1:      84336 bytes,      84336 total
- age   2:       4632 bytes,      88968 total
- age   3:       1096 bytes,      90064 total
- age   4:         96 bytes,      90160 total
- age   5:     235568 bytes,     325728 total
- age   6:      84968 bytes,     410696 total
: 136893K->543K(153344K), 0.0060799 secs] 276826K->140478K(1031552K), 0.0061960 secs] [Times: user=0.01 sys=0.00, real=0.00 secs] 
2016-08-24T16:18:24.776+0000: 7823.698: Total time for which application threads were stopped: 0.0070625 seconds, Stopping threads took: 0.0001006 seconds
2016-08-24T16:18:24.819+0000: 7823.740: [GC (Allocation Failure) 7823.740: [ParNew
Desired survivor size 8716288 bytes, new threshold 6 (max 6)
- age   1:      67104 bytes,      67104 total
- age   3:       1000 bytes,      68104 total
- age   4:       1064 bytes,      69168 total
- age   5:         96 bytes,      69264 total
- age   6:     233016 bytes,     302280 total
: 136863K->575K(153344K), 0.0059275 secs] 276798K->140595K(1031552K), 0.0060437 secs] [Times: user=0.01 sys=0.00, real=0.01 secs] 
2016-08-24T16:18:24.825+0000: 7823.746: Total time for which application threads were stopped: 0.0069041 seconds, Stopping threads took: 0.0001049 seconds
2016-08-24T16:18:24.866+0000: 7823.787: [GC (Allocation Failure) 7823.787: [ParNew
Desired survivor size 8716288 bytes, new threshold 6 (max 6)
- age   1:      91680 bytes,      91680 total
- age   2:       8080 bytes,      99760 total
- age   4:       1000 bytes,     100760 total
- age   5:       1064 bytes,     101824 total
- age   6:         96 bytes,     101920 total
: 136895K->221K(153344K), 0.0072456 secs] 276915K->140473K(1031552K), 0.0073455 secs] [Times: user=0.01 sys=0.00, real=0.01 secs] 
2016-08-24T16:18:24.873+0000: 7823.794: Total time for which application threads were stopped: 0.0081398 seconds, Stopping threads took: 0.0001015 seconds
2016-08-24T16:18:24.912+0000: 7823.834: [GC (Allocation Failure) 7823.834: [ParNew
Desired survivor size 8716288 bytes, new threshold 6 (max 6)
- age   1:      68080 bytes,      68080 total
- age   3:       1248 bytes,      69328 total
- age   5:        968 bytes,      70296 total
- age   6:       1064 bytes,      71360 total
: 136541K->97K(153344K), 0.0053274 secs] 276793K->140348K(1031552K), 0.0054527 secs] [Times: user=0.01 sys=0.00, real=0.00 secs] 
2016-08-24T16:18:24.918+0000: 7823.840: Total time for which application threads were stopped: 0.0063179 seconds, Stopping threads took: 0.0001010 seconds
2016-08-24T16:18:24.959+0000: 7823.881: [GC (Allocation Failure) 7823.881: [ParNew
Desired survivor size 8716288 bytes, new threshold 6 (max 6)
- age   1:      76112 bytes,      76112 total
- age   2:      10864 bytes,      86976 total
- age   4:       1248 bytes,      88224 total
- age   6:        968 bytes,      89192 total
: 136417K->108K(153344K), 0.0053754 secs] 276668K->140361K(1031552K), 0.0054689 secs] [Times: user=0.01 sys=0.00, real=0.01 secs] 
2016-08-24T16:18:24.965+0000: 7823.887: Total time for which application threads were stopped: 0.0063040 seconds, Stopping threads took: 0.0001163 seconds
2016-08-24T16:18:25.005+0000: 7823.927: [GC (Allocation Failure) 7823.927: [ParNew
Desired survivor size 8716288 bytes, new threshold 6 (max 6)
- age   1:      65472 bytes,      65472 total
- age   3:       1000 bytes,      66472 total
- age   5:       1216 bytes,      67688 total
: 136428K->82K(153344K), 0.0053890 secs] 276681K->140336K(1031552K), 0.0055059 secs] [Times: user=0.01 sys=0.00, real=0.01 secs] 
2016-08-24T16:18:25.011+0000: 7823.932: Total time for which application threads were stopped: 0.0063463 seconds, Stopping threads took: 0.0000861 seconds
2016-08-24T16:18:25.050+0000: 7823.971: [GC (Allocation Failure) 7823.971: [ParNew
Desired survivor size 8716288 bytes, new threshold 6 (max 6)
- age   1:      71048 bytes,      71048 total
- age   2:      14088 bytes,      85136 total
- age   4:       1000 bytes,      86136 total
- age   6:       1216 bytes,      87352 total
: 136402K->101K(153344K), 0.0052620 secs] 276656K->140354K(1031552K), 0.0053813 secs] [Times: user=0.01 sys=0.00, real=0.00 secs] 
2016-08-24T16:18:25.055+0000: 7823.977: Total time for which application threads were stopped: 0.0063998 seconds, Stopping threads took: 0.0001147 seconds
2016-08-24T16:18:28.680+0000: 7827.602: Total time for which application threads were stopped: 0.0018224 seconds, Stopping threads took: 0.0002225 seconds
2016-08-24T16:18:28.682+0000: 7827.603: Total time for which application threads were stopped: 0.0015352 seconds, Stopping threads took: 0.0002299 seconds
2016-08-24T16:18:28.684+0000: 7827.605: Total time for which application threads were stopped: 0.0014239 seconds, Stopping threads took: 0.0001662 seconds
2016-08-24T16:18:28.879+0000: 7827.801: Total time for which application threads were stopped: 0.0014584 seconds, Stopping threads took: 0.0001857 seconds
2016-08-24T16:18:28.881+0000: 7827.802: Total time for which application threads were stopped: 0.0012897 seconds, Stopping threads took: 0.0002036 seconds
2016-08-24T16:18:28.888+0000: 7827.809: Total time for which application threads were stopped: 0.0068785 seconds, Stopping threads took: 0.0001307 seconds
2016-08-24T16:18:34.399+0000: 7833.320: [GC (Allocation Failure) 7833.320: [ParNew
Desired survivor size 8716288 bytes, new threshold 6 (max 6)
- age   1:     890504 bytes,     890504 total
- age   3:        968 bytes,     891472 total
- age   5:        968 bytes,     892440 total
: 136421K->917K(153344K), 0.0092275 secs] 276674K->141171K(1031552K), 0.0093563 secs] [Times: user=0.01 sys=0.00, real=0.01 secs] 
2016-08-24T16:18:34.408+0000: 7833.330: Total time for which application threads were stopped: 0.0102291 seconds, Stopping threads took: 0.0000860 seconds
2016-08-24T16:18:34.450+0000: 7833.371: [GC (Allocation Failure) 7833.371: [ParNew
Desired survivor size 8716288 bytes, new threshold 6 (max 6)
- age   1:      71584 bytes,      71584 total
- age   2:     239520 bytes,     311104 total
- age   4:        968 bytes,     312072 total
- age   6:        968 bytes,     313040 total
: 137237K->413K(153344K), 0.0063279 secs] 277491K->140668K(1031552K), 0.0064311 secs] [Times: user=0.01 sys=0.00, real=0.00 secs] 
2016-08-24T16:18:34.456+0000: 7833.378: Total time for which application threads were stopped: 0.0071875 seconds, Stopping threads took: 0.0000839 seconds
2016-08-24T16:18:34.495+0000: 7833.417: [GC (Allocation Failure) 7833.417: [ParNew
Desired survivor size 8716288 bytes, new threshold 6 (max 6)
- age   1:      77888 bytes,      77888 total
- age   2:        120 bytes,      78008 total
- age   3:     224512 bytes,     302520 total
- age   5:        968 bytes,     303488 total
: 136733K->533K(153344K), 0.0071588 secs] 276988K->140789K(1031552K), 0.0072833 secs] [Times: user=0.02 sys=0.00, real=0.01 secs] 
2016-08-24T16:18:34.503+0000: 7833.424: Total time for which application threads were stopped: 0.0080834 seconds, Stopping threads took: 0.0000877 seconds
2016-08-24T16:18:34.542+0000: 7833.463: [GC (Allocation Failure) 7833.463: [ParNew
Desired survivor size 8716288 bytes, new threshold 6 (max 6)
- age   1:      62864 bytes,      62864 total
- age   2:      15360 bytes,      78224 total
- age   3:         88 bytes,      78312 total
- age   4:     224080 bytes,     302392 total
- age   6:        968 bytes,     303360 total
: 136853K->356K(153344K), 0.0063494 secs] 277109K->140612K(1031552K), 0.0064820 secs] [Times: user=0.01 sys=0.00, real=0.01 secs] 
2016-08-24T16:18:34.548+0000: 7833.470: Total time for which application threads were stopped: 0.0074125 seconds, Stopping threads took: 0.0001134 seconds
2016-08-24T16:18:34.589+0000: 7833.510: [GC (Allocation Failure) 7833.510: [ParNew
Desired survivor size 8716288 bytes, new threshold 6 (max 6)
- age   1:      73040 bytes,      73040 total
- age   2:        448 bytes,      73488 total
- age   3:       1096 bytes,      74584 total
- age   4:         88 bytes,      74672 total
- age   5:     222232 bytes,     296904 total
: 136676K->508K(153344K), 0.0056095 secs] 276932K->140765K(1031552K), 0.0057254 secs] [Times: user=0.01 sys=0.00, real=0.00 secs] 
2016-08-24T16:18:34.595+0000: 7833.516: Total time for which application threads were stopped: 0.0066216 seconds, Stopping threads took: 0.0001212 seconds
2016-08-24T16:18:34.633+0000: 7833.555: [GC (Allocation Failure) 7833.555: [ParNew
Desired survivor size 8716288 bytes, new threshold 6 (max 6)
- age   1:      72840 bytes,      72840 total
- age   2:      18792 bytes,      91632 total
- age   3:        448 bytes,      92080 total
- age   4:       1096 bytes,      93176 total
- age   5:         88 bytes,      93264 total
- age   6:     222232 bytes,     315496 total
: 136828K->343K(153344K), 0.0053904 secs] 277085K->140600K(1031552K), 0.0055086 secs] [Times: user=0.01 sys=0.00, real=0.00 secs] 
2016-08-24T16:18:34.639+0000: 7833.560: Total time for which application threads were stopped: 0.0063590 seconds, Stopping threads took: 0.0000955 seconds
2016-08-24T16:18:34.680+0000: 7833.602: [GC (Allocation Failure) 7833.602: [ParNew
Desired survivor size 8716288 bytes, new threshold 6 (max 6)
- age   1:      65168 bytes,      65168 total
- age   3:       1000 bytes,      66168 total
- age   4:        448 bytes,      66616 total
- age   5:       1064 bytes,      67680 total
- age   6:         88 bytes,      67768 total
: 136663K->280K(153344K), 0.0056295 secs] 276920K->140757K(1031552K), 0.0057471 secs] [Times: user=0.01 sys=0.00, real=0.00 secs] 
2016-08-24T16:18:34.686+0000: 7833.608: Total time for which application threads were stopped: 0.0066035 seconds, Stopping threads took: 0.0000890 seconds
2016-08-24T16:18:34.727+0000: 7833.649: [GC (Allocation Failure) 7833.649: [ParNew
Desired survivor size 8716288 bytes, new threshold 6 (max 6)
- age   1:      64344 bytes,      64344 total
- age   2:       1000 bytes,      65344 total
- age   4:        968 bytes,      66312 total
- age   5:        376 bytes,      66688 total
- age   6:       1064 bytes,      67752 total
: 136600K->103K(153344K), 0.0053721 secs] 277077K->140580K(1031552K), 0.0054938 secs] [Times: user=0.01 sys=0.00, real=0.01 secs] 
2016-08-24T16:18:34.733+0000: 7833.654: Total time for which application threads were stopped: 0.0063228 seconds, Stopping threads took: 0.0000950 seconds
2016-08-24T16:18:34.772+0000: 7833.694: [GC (Allocation Failure) 7833.694: [ParNew
Desired survivor size 8716288 bytes, new threshold 6 (max 6)
- age   1:      77272 bytes,      77272 total
- age   2:       4608 bytes,      81880 total
- age   3:       1000 bytes,      82880 total
- age   5:        968 bytes,      83848 total
- age   6:        376 bytes,      84224 total
: 136423K->103K(153344K), 0.0059707 secs] 276900K->140581K(1031552K), 0.0060846 secs] [Times: user=0.01 sys=0.00, real=0.00 secs] 
2016-08-24T16:18:34.778+0000: 7833.700: Total time for which application threads were stopped: 0.0068993 seconds, Stopping threads took: 0.0001006 seconds
2016-08-24T16:18:34.819+0000: 7833.740: [GC (Allocation Failure) 7833.740: [ParNew
Desired survivor size 8716288 bytes, new threshold 6 (max 6)
- age   1:      72960 bytes,      72960 total
- age   3:       1176 bytes,      74136 total
- age   4:        968 bytes,      75104 total
- age   6:        968 bytes,      76072 total
: 136423K->97K(153344K), 0.0061318 secs] 276901K->140575K(1031552K), 0.0062626 secs] [Times: user=0.01 sys=0.00, real=0.01 secs] 
2016-08-24T16:18:34.825+0000: 7833.747: Total time for which application threads were stopped: 0.0071327 seconds, Stopping threads took: 0.0001115 seconds
2016-08-24T16:18:34.865+0000: 7833.786: [GC (Allocation Failure) 7833.786: [ParNew
Desired survivor size 8716288 bytes, new threshold 6 (max 6)
- age   1:      61552 bytes,      61552 total
- age   2:       7760 bytes,      69312 total
- age   4:       1176 bytes,      70488 total
- age   5:        968 bytes,      71456 total
: 136417K->96K(153344K), 0.0054462 secs] 276895K->140575K(1031552K), 0.0055363 secs] [Times: user=0.01 sys=0.00, real=0.01 secs] 
2016-08-24T16:18:34.870+0000: 7833.792: Total time for which application threads were stopped: 0.0063809 seconds, Stopping threads took: 0.0000999 seconds
2016-08-24T16:18:44.598+0000: 7843.519: [GC (Allocation Failure) 7843.519: [ParNew
Desired survivor size 8716288 bytes, new threshold 6 (max 6)
- age   1:    1172960 bytes,    1172960 total
- age   3:       1336 bytes,    1174296 total
- age   5:       1096 bytes,    1175392 total
- age   6:        968 bytes,    1176360 total
: 136416K->1159K(153344K), 0.0096002 secs] 276895K->141638K(1031552K), 0.0097435 secs] [Times: user=0.02 sys=0.00, real=0.01 secs] 
2016-08-24T16:18:44.608+0000: 7843.529: Total time for which application threads were stopped: 0.0106886 seconds, Stopping threads took: 0.0001507 seconds
2016-08-24T16:18:44.651+0000: 7843.573: [GC (Allocation Failure) 7843.573: [ParNew
Desired survivor size 8716288 bytes, new threshold 6 (max 6)
- age   1:      71248 bytes,      71248 total
- age   2:     315200 bytes,     386448 total
- age   4:       1336 bytes,     387784 total
- age   6:       1096 bytes,     388880 total
: 137479K->489K(153344K), 0.0055019 secs] 277958K->140969K(1031552K), 0.0056104 secs] [Times: user=0.01 sys=0.00, real=0.00 secs] 
2016-08-24T16:18:44.657+0000: 7843.578: Total time for which application threads were stopped: 0.0064578 seconds, Stopping threads took: 0.0001131 seconds
2016-08-24T16:18:44.695+0000: 7843.617: [GC (Allocation Failure) 7843.617: [ParNew
Desired survivor size 8716288 bytes, new threshold 6 (max 6)
- age   1:      51944 bytes,      51944 total
- age   2:        240 bytes,      52184 total
- age   3:     308656 bytes,     360840 total
- age   5:       1336 bytes,     362176 total
: 136809K->490K(153344K), 0.0061674 secs] 277289K->140970K(1031552K), 0.0062794 secs] [Times: user=0.01 sys=0.00, real=0.01 secs] 
2016-08-24T16:18:44.702+0000: 7843.623: Total time for which application threads were stopped: 0.0070878 seconds, Stopping threads took: 0.0000996 seconds
2016-08-24T16:18:44.741+0000: 7843.662: [GC (Allocation Failure) 7843.662: [ParNew
Desired survivor size 8716288 bytes, new threshold 6 (max 6)
- age   1:      73952 bytes,      73952 total
- age   2:       8904 bytes,      82856 total
- age   3:        240 bytes,      83096 total
- age   4:     308656 bytes,     391752 total
- age   6:       1336 bytes,     393088 total
: 136810K->506K(153344K), 0.0055321 secs] 277290K->140987K(1031552K), 0.0056454 secs] [Times: user=0.01 sys=0.00, real=0.00 secs] 
2016-08-24T16:18:44.747+0000: 7843.668: Total time for which application threads were stopped: 0.0065145 seconds, Stopping threads took: 0.0001206 seconds
2016-08-24T16:18:44.785+0000: 7843.707: [GC (Allocation Failure) 7843.707: [ParNew
Desired survivor size 8716288 bytes, new threshold 6 (max 6)
- age   1:      66072 bytes,      66072 total
- age   3:       1096 bytes,      67168 total
- age   4:        240 bytes,      67408 total
- age   5:     306808 bytes,     374216 total
: 136826K->547K(153344K), 0.0057915 secs] 277307K->141029K(1031552K), 0.0058946 secs] [Times: user=0.01 sys=0.00, real=0.01 secs] 
2016-08-24T16:18:44.792+0000: 7843.713: Total time for which application threads were stopped: 0.0067302 seconds, Stopping threads took: 0.0000993 seconds
2016-08-24T16:18:44.830+0000: 7843.751: [GC (Allocation Failure) 7843.751: [ParNew
Desired survivor size 8716288 bytes, new threshold 6 (max 6)
- age   1:      75912 bytes,      75912 total
- age   2:      11952 bytes,      87864 total
- age   4:       1096 bytes,      88960 total
- age   5:        208 bytes,      89168 total
- age   6:     306176 bytes,     395344 total
: 136867K->537K(153344K), 0.0058371 secs] 277349K->141019K(1031552K), 0.0059530 secs] [Times: user=0.01 sys=0.00, real=0.00 secs] 
2016-08-24T16:18:44.836+0000: 7843.757: Total time for which application threads were stopped: 0.0067572 seconds, Stopping threads took: 0.0000984 seconds
2016-08-24T16:18:44.877+0000: 7843.799: [GC (Allocation Failure) 7843.799: [ParNew
Desired survivor size 8716288 bytes, new threshold 6 (max 6)
- age   1:      61064 bytes,      61064 total
- age   2:        824 bytes,      61888 total
- age   3:       1000 bytes,      62888 total
- age   5:       1064 bytes,      63952 total
- age   6:        208 bytes,      64160 total
: 136857K->379K(153344K), 0.0065237 secs] 277339K->141165K(1031552K), 0.0066344 secs] [Times: user=0.01 sys=0.00, real=0.01 secs] 
2016-08-24T16:18:44.884+0000: 7843.805: Total time for which application threads were stopped: 0.0075055 seconds, Stopping threads took: 0.0001170 seconds
2016-08-24T16:18:44.924+0000: 7843.845: [GC (Allocation Failure) 7843.845: [ParNew
Desired survivor size 8716288 bytes, new threshold 6 (max 6)
- age   1:      83640 bytes,      83640 total
- age   2:      14584 bytes,      98224 total
- age   3:        824 bytes,      99048 total
- age   4:       1000 bytes,     100048 total
- age   6:       1064 bytes,     101112 total
: 136699K->169K(153344K), 0.0052620 secs] 277485K->140955K(1031552K), 0.0053759 secs] [Times: user=0.01 sys=0.00, real=0.01 secs] 
2016-08-24T16:18:44.929+0000: 7843.851: Total time for which application threads were stopped: 0.0062395 seconds, Stopping threads took: 0.0001019 seconds
2016-08-24T16:18:44.968+0000: 7843.890: [GC (Allocation Failure) 7843.890: [ParNew
Desired survivor size 8716288 bytes, new threshold 6 (max 6)
- age   1:      61008 bytes,      61008 total
- age   3:       1000 bytes,      62008 total
- age   4:        824 bytes,      62832 total
- age   5:        968 bytes,      63800 total
: 136489K->82K(153344K), 0.0056528 secs] 277275K->140869K(1031552K), 0.0057837 secs] [Times: user=0.01 sys=0.00, real=0.01 secs] 
2016-08-24T16:18:44.974+0000: 7843.895: Total time for which application threads were stopped: 0.0066475 seconds, Stopping threads took: 0.0001010 seconds
2016-08-24T16:18:45.012+0000: 7843.934: [GC (Allocation Failure) 7843.934: [ParNew
Desired survivor size 8716288 bytes, new threshold 6 (max 6)
- age   1:      67816 bytes,      67816 total
- age   2:      17760 bytes,      85576 total
- age   4:       1000 bytes,      86576 total
- age   5:        824 bytes,      87400 total
- age   6:        968 bytes,      88368 total
: 136402K->101K(153344K), 0.0051088 secs] 277189K->140888K(1031552K), 0.0052117 secs] [Times: user=0.01 sys=0.00, real=0.00 secs] 
2016-08-24T16:18:45.018+0000: 7843.939: Total time for which application threads were stopped: 0.0060173 seconds, Stopping threads took: 0.0000931 seconds
2016-08-24T16:18:45.057+0000: 7843.978: [GC (Allocation Failure) 7843.978: [ParNew
Desired survivor size 8716288 bytes, new threshold 6 (max 6)
- age   1:      80544 bytes,      80544 total
- age   3:       1000 bytes,      81544 total
- age   5:        968 bytes,      82512 total
- age   6:        824 bytes,      83336 total
: 136421K->100K(153344K), 0.0058187 secs] 277208K->140889K(1031552K), 0.0059380 secs] [Times: user=0.01 sys=0.00, real=0.01 secs] 
2016-08-24T16:18:45.063+0000: 7843.984: Total time for which application threads were stopped: 0.0068501 seconds, Stopping threads took: 0.0001000 seconds
2016-08-24T16:18:45.102+0000: 7844.023: [GC (Allocation Failure) 7844.023: [ParNew
Desired survivor size 8716288 bytes, new threshold 6 (max 6)
- age   1:      86152 bytes,      86152 total
- age   2:      21272 bytes,     107424 total
- age   4:       1000 bytes,     108424 total
- age   6:        968 bytes,     109392 total
: 136420K->129K(153344K), 0.0057271 secs] 277209K->140918K(1031552K), 0.0058224 secs] [Times: user=0.01 sys=0.00, real=0.00 secs] 
2016-08-24T16:18:45.108+0000: 7844.029: Total time for which application threads were stopped: 0.0066453 seconds, Stopping threads took: 0.0000967 seconds
2016-08-24T16:18:54.435+0000: 7853.356: [GC (Allocation Failure) 7853.356: [ParNew
Desired survivor size 8716288 bytes, new threshold 6 (max 6)
- age   1:    1132024 bytes,    1132024 total
- age   3:        968 bytes,    1132992 total
- age   5:        968 bytes,    1133960 total
: 136449K->1139K(153344K), 0.0079658 secs] 277238K->141929K(1031552K), 0.0080932 secs] [Times: user=0.02 sys=0.00, real=0.01 secs] 
2016-08-24T16:18:54.443+0000: 7853.364: Total time for which application threads were stopped: 0.0089809 seconds, Stopping threads took: 0.0001025 seconds
2016-08-24T16:18:54.483+0000: 7853.404: [GC (Allocation Failure) 7853.404: [ParNew
Desired survivor size 8716288 bytes, new threshold 6 (max 6)
- age   1:      85024 bytes,      85024 total
- age   2:     315400 bytes,     400424 total
- age   4:        968 bytes,     401392 total
- age   6:        968 bytes,     402360 total
: 137459K->553K(153344K), 0.0055444 secs] 278249K->141343K(1031552K), 0.0056511 secs] [Times: user=0.01 sys=0.00, real=0.01 secs] 
2016-08-24T16:18:54.489+0000: 7853.410: Total time for which application threads were stopped: 0.0065028 seconds, Stopping threads took: 0.0001007 seconds
2016-08-24T16:18:54.531+0000: 7853.452: [GC (Allocation Failure) 7853.452: [ParNew
Desired survivor size 8716288 bytes, new threshold 6 (max 6)
- age   1:      73392 bytes,      73392 total
- age   2:         72 bytes,      73464 total
- age   3:     293432 bytes,     366896 total
- age   5:        968 bytes,     367864 total
: 136873K->537K(153344K), 0.0057151 secs] 277663K->141328K(1031552K), 0.0058196 secs] [Times: user=0.02 sys=0.00, real=0.00 secs] 
2016-08-24T16:18:54.537+0000: 7853.458: Total time for which application threads were stopped: 0.0066339 seconds, Stopping threads took: 0.0000993 seconds
2016-08-24T16:18:54.576+0000: 7853.498: [GC (Allocation Failure) 7853.498: [ParNew
Desired survivor size 8716288 bytes, new threshold 6 (max 6)
- age   1:      64320 bytes,      64320 total
- age   2:       1432 bytes,      65752 total
- age   3:         72 bytes,      65824 total
- age   4:     291584 bytes,     357408 total
- age   6:        968 bytes,     358376 total
: 136857K->522K(153344K), 0.0058358 secs] 277648K->141313K(1031552K), 0.0059566 secs] [Times: user=0.02 sys=0.00, real=0.01 secs] 
2016-08-24T16:18:54.582+0000: 7853.504: Total time for which application threads were stopped: 0.0067765 seconds, Stopping threads took: 0.0001111 seconds
2016-08-24T16:18:54.621+0000: 7853.542: [GC (Allocation Failure) 7853.543: [ParNew
Desired survivor size 8716288 bytes, new threshold 6 (max 6)
- age   1:      82312 bytes,      82312 total
- age   2:       4736 bytes,      87048 total
- age   3:       1432 bytes,      88480 total
- age   4:         72 bytes,      88552 total
- age   5:     291584 bytes,     380136 total
: 136842K->668K(153344K), 0.0055094 secs] 277633K->141460K(1031552K), 0.0056280 secs] [Times: user=0.01 sys=0.00, real=0.00 secs] 
2016-08-24T16:18:54.627+0000: 7853.548: Total time for which application threads were stopped: 0.0065032 seconds, Stopping threads took: 0.0001222 seconds
2016-08-24T16:18:54.666+0000: 7853.588: [GC (Allocation Failure) 7853.588: [ParNew
Desired survivor size 8716288 bytes, new threshold 6 (max 6)
- age   1:      66440 bytes,      66440 total
- age   3:       1000 bytes,      67440 total
- age   4:       1432 bytes,      68872 total
- age   5:         72 bytes,      68944 total
- age   6:     289736 bytes,     358680 total
: 136988K->447K(153344K), 0.0055858 secs] 277780K->141239K(1031552K), 0.0057012 secs] [Times: user=0.01 sys=0.00, real=0.01 secs] 
2016-08-24T16:18:54.672+0000: 7853.594: Total time for which application threads were stopped: 0.0065790 seconds, Stopping threads took: 0.0001137 seconds
2016-08-24T16:18:54.712+0000: 7853.634: [GC (Allocation Failure) 7853.634: [ParNew
Desired survivor size 8716288 bytes, new threshold 6 (max 6)
- age   1:      63480 bytes,      63480 total
- age   2:       8032 bytes,      71512 total
- age   4:       1000 bytes,      72512 total
- age   5:       1432 bytes,      73944 total
- age   6:         72 bytes,      74016 total
: 136767K->322K(153344K), 0.0059528 secs] 277559K->141403K(1031552K), 0.0060928 secs] [Times: user=0.01 sys=0.00, real=0.00 secs] 
2016-08-24T16:18:54.719+0000: 7853.640: Total time for which application threads were stopped: 0.0069485 seconds, Stopping threads took: 0.0000998 seconds
2016-08-24T16:18:54.758+0000: 7853.680: [GC (Allocation Failure) 7853.680: [ParNew
Desired survivor size 8716288 bytes, new threshold 6 (max 6)
- age   1:      60704 bytes,      60704 total
- age   3:       1000 bytes,      61704 total
- age   5:        968 bytes,      62672 total
- age   6:       1432 bytes,      64104 total
: 136642K->112K(153344K), 0.0048169 secs] 277723K->141194K(1031552K), 0.0049185 secs] [Times: user=0.01 sys=0.00, real=0.01 secs] 
2016-08-24T16:18:54.763+0000: 7853.685: Total time for which application threads were stopped: 0.0057711 seconds, Stopping threads took: 0.0001001 seconds
2016-08-24T16:18:54.801+0000: 7853.723: [GC (Allocation Failure) 7853.723: [ParNew
Desired survivor size 8716288 bytes, new threshold 6 (max 6)
- age   1:      68968 bytes,      68968 total
- age   2:      11040 bytes,      80008 total
- age   4:       1000 bytes,      81008 total
- age   6:        968 bytes,      81976 total
: 136432K->103K(153344K), 0.0051114 secs] 277514K->141186K(1031552K), 0.0052097 secs] [Times: user=0.01 sys=0.00, real=0.00 secs] 
2016-08-24T16:18:54.807+0000: 7853.728: Total time for which application threads were stopped: 0.0060437 seconds, Stopping threads took: 0.0001108 seconds
2016-08-24T16:18:54.846+0000: 7853.768: [GC (Allocation Failure) 7853.768: [ParNew
Desired survivor size 8716288 bytes, new threshold 6 (max 6)
- age   1:      72312 bytes,      72312 total
- age   3:       1000 bytes,      73312 total
- age   5:        968 bytes,      74280 total
: 136423K->94K(153344K), 0.0051582 secs] 277506K->141178K(1031552K), 0.0052680 secs] [Times: user=0.01 sys=0.00, real=0.01 secs] 
2016-08-24T16:18:54.852+0000: 7853.773: Total time for which application threads were stopped: 0.0060813 seconds, Stopping threads took: 0.0000942 seconds
2016-08-24T16:18:54.892+0000: 7853.814: [GC (Allocation Failure) 7853.814: [ParNew
Desired survivor size 8716288 bytes, new threshold 6 (max 6)
- age   1:      66688 bytes,      66688 total
- age   2:      14568 bytes,      81256 total
- age   4:       1000 bytes,      82256 total
- age   6:        968 bytes,      83224 total
: 136414K->109K(153344K), 0.0051544 secs] 277498K->141193K(1031552K), 0.0052634 secs] [Times: user=0.01 sys=0.00, real=0.00 secs] 
2016-08-24T16:18:54.898+0000: 7853.819: Total time for which application threads were stopped: 0.0061015 seconds, Stopping threads took: 0.0000990 seconds
2016-08-24T16:19:04.447+0000: 7863.369: [GC (Allocation Failure) 7863.369: [ParNew
Desired survivor size 8716288 bytes, new threshold 6 (max 6)
- age   1:    1033480 bytes,    1033480 total
- age   3:       1208 bytes,    1034688 total
- age   5:        968 bytes,    1035656 total
: 136429K->1032K(153344K), 0.0078896 secs] 277513K->142117K(1031552K), 0.0080257 secs] [Times: user=0.02 sys=0.00, real=0.01 secs] 
2016-08-24T16:19:04.455+0000: 7863.377: Total time for which application threads were stopped: 0.0088873 seconds, Stopping threads took: 0.0001196 seconds
2016-08-24T16:19:04.494+0000: 7863.416: [GC (Allocation Failure) 7863.416: [ParNew
Desired survivor size 8716288 bytes, new threshold 6 (max 6)
- age   1:      70232 bytes,      70232 total
- age   2:     299896 bytes,     370128 total
- age   4:       1208 bytes,     371336 total
- age   6:        968 bytes,     372304 total
: 137352K->512K(153344K), 0.0061367 secs] 278437K->141597K(1031552K), 0.0062511 secs] [Times: user=0.01 sys=0.00, real=0.01 secs] 
2016-08-24T16:19:04.500+0000: 7863.422: Total time for which application threads were stopped: 0.0070776 seconds, Stopping threads took: 0.0000969 seconds
2016-08-24T16:19:04.541+0000: 7863.462: [GC (Allocation Failure) 7863.463: [ParNew
Desired survivor size 8716288 bytes, new threshold 6 (max 6)
- age   1:      74696 bytes,      74696 total
- age   2:         96 bytes,      74792 total
- age   3:     284576 bytes,     359368 total
- age   5:       1208 bytes,     360576 total
: 136832K->472K(153344K), 0.0055375 secs] 277917K->141558K(1031552K), 0.0056510 secs] [Times: user=0.01 sys=0.00, real=0.00 secs] 
2016-08-24T16:19:04.547+0000: 7863.468: Total time for which application threads were stopped: 0.0065105 seconds, Stopping threads took: 0.0000982 seconds
2016-08-24T16:19:04.585+0000: 7863.506: [GC (Allocation Failure) 7863.507: [ParNew
Desired survivor size 8716288 bytes, new threshold 6 (max 6)
- age   1:      62536 bytes,      62536 total
- age   2:      16336 bytes,      78872 total
- age   3:         96 bytes,      78968 total
- age   4:     283544 bytes,     362512 total
- age   6:       1208 bytes,     363720 total
: 136792K->503K(153344K), 0.0053642 secs] 277878K->141588K(1031552K), 0.0054700 secs] [Times: user=0.01 sys=0.00, real=0.01 secs] 
2016-08-24T16:19:04.591+0000: 7863.512: Total time for which application threads were stopped: 0.0063415 seconds, Stopping threads took: 0.0000983 seconds
2016-08-24T16:19:04.630+0000: 7863.551: [GC (Allocation Failure) 7863.551: [ParNew
Desired survivor size 8716288 bytes, new threshold 6 (max 6)
- age   1:      79128 bytes,      79128 total
- age   2:        232 bytes,      79360 total
- age   3:       1096 bytes,      80456 total
- age   4:         96 bytes,      80552 total
- age   5:     281336 bytes,     361888 total
: 136823K->513K(153344K), 0.0057416 secs] 277908K->141599K(1031552K), 0.0058467 secs] [Times: user=0.01 sys=0.00, real=0.00 secs] 
2016-08-24T16:19:04.636+0000: 7863.557: Total time for which application threads were stopped: 0.0066816 seconds, Stopping threads took: 0.0000975 seconds
2016-08-24T16:19:04.675+0000: 7863.596: [GC (Allocation Failure) 7863.596: [ParNew
Desired survivor size 8716288 bytes, new threshold 6 (max 6)
- age   1:      69688 bytes,      69688 total
- age   2:      19336 bytes,      89024 total
- age   3:        232 bytes,      89256 total
- age   4:       1096 bytes,      90352 total
- age   5:         96 bytes,      90448 total
- age   6:     281336 bytes,     371784 total
: 136833K->511K(153344K), 0.0063304 secs] 277919K->141598K(1031552K), 0.0064381 secs] [Times: user=0.01 sys=0.00, real=0.01 secs] 
2016-08-24T16:19:04.681+0000: 7863.603: Total time for which application threads were stopped: 0.0072773 seconds, Stopping threads took: 0.0001205 seconds
2016-08-24T16:19:04.722+0000: 7863.644: [GC (Allocation Failure) 7863.644: [ParNew
Desired survivor size 8716288 bytes, new threshold 6 (max 6)
- age   1:      71656 bytes,      71656 total
- age   3:       1000 bytes,      72656 total
- age   4:        232 bytes,      72888 total
- age   5:       1064 bytes,      73952 total
- age   6:         96 bytes,      74048 total
: 136831K->363K(153344K), 0.0066201 secs] 277918K->141728K(1031552K), 0.0067495 secs] [Times: user=0.02 sys=0.00, real=0.01 secs] 
2016-08-24T16:19:04.729+0000: 7863.651: Total time for which application threads were stopped: 0.0075882 seconds, Stopping threads took: 0.0001007 seconds
2016-08-24T16:19:04.769+0000: 7863.691: [GC (Allocation Failure) 7863.691: [ParNew
Desired survivor size 8716288 bytes, new threshold 6 (max 6)
- age   1:      52528 bytes,      52528 total
- age   2:       1000 bytes,      53528 total
- age   4:        968 bytes,      54496 total
- age   5:        232 bytes,      54728 total
- age   6:       1064 bytes,      55792 total
: 136683K->124K(153344K), 0.0054837 secs] 278048K->141489K(1031552K), 0.0055908 secs] [Times: user=0.01 sys=0.00, real=0.00 secs] 
2016-08-24T16:19:04.775+0000: 7863.696: Total time for which application threads were stopped: 0.0063844 seconds, Stopping threads took: 0.0000943 seconds
2016-08-24T16:19:04.817+0000: 7863.739: [GC (Allocation Failure) 7863.739: [ParNew
Desired survivor size 8716288 bytes, new threshold 6 (max 6)
- age   1:      64976 bytes,      64976 total
- age   2:       4480 bytes,      69456 total
- age   3:       1000 bytes,      70456 total
- age   5:        968 bytes,      71424 total
- age   6:         88 bytes,      71512 total
: 136444K->87K(153344K), 0.0056705 secs] 277809K->141453K(1031552K), 0.0057598 secs] [Times: user=0.01 sys=0.00, real=0.01 secs] 
2016-08-24T16:19:04.823+0000: 7863.744: Total time for which application threads were stopped: 0.0065598 seconds, Stopping threads took: 0.0001001 seconds
2016-08-24T16:19:04.863+0000: 7863.785: [GC (Allocation Failure) 7863.785: [ParNew
Desired survivor size 8716288 bytes, new threshold 6 (max 6)
- age   1:      71600 bytes,      71600 total
- age   2:        248 bytes,      71848 total
- age   3:       1000 bytes,      72848 total
- age   4:        968 bytes,      73816 total
- age   6:        968 bytes,      74784 total
: 136407K->101K(153344K), 0.0053975 secs] 277773K->141467K(1031552K), 0.0055129 secs] [Times: user=0.02 sys=0.00, real=0.01 secs] 
2016-08-24T16:19:04.869+0000: 7863.791: Total time for which application threads were stopped: 0.0063474 seconds, Stopping threads took: 0.0001017 seconds
2016-08-24T16:19:04.907+0000: 7863.829: [GC (Allocation Failure) 7863.829: [ParNew
Desired survivor size 8716288 bytes, new threshold 6 (max 6)
- age   1:      63360 bytes,      63360 total
- age   2:       7632 bytes,      70992 total
- age   3:        248 bytes,      71240 total
- age   4:       1000 bytes,      72240 total
- age   5:        968 bytes,      73208 total
: 136421K->80K(153344K), 0.0051283 secs] 277787K->141448K(1031552K), 0.0052270 secs] [Times: user=0.01 sys=0.00, real=0.01 secs] 
2016-08-24T16:19:04.913+0000: 7863.834: Total time for which application threads were stopped: 0.0060008 seconds, Stopping threads took: 0.0000934 seconds
2016-08-24T16:19:14.617+0000: 7873.538: [GC (Allocation Failure) 7873.538: [ParNew
Desired survivor size 8716288 bytes, new threshold 6 (max 6)
- age   1:     982528 bytes,     982528 total
- age   3:        968 bytes,     983496 total
- age   4:        128 bytes,     983624 total
- age   5:        968 bytes,     984592 total
- age   6:        968 bytes,     985560 total
: 136400K->977K(153344K), 0.0073703 secs] 277768K->142345K(1031552K), 0.0074993 secs] [Times: user=0.01 sys=0.01, real=0.01 secs] 
2016-08-24T16:19:14.624+0000: 7873.546: Total time for which application threads were stopped: 0.0084276 seconds, Stopping threads took: 0.0001270 seconds
2016-08-24T16:19:14.663+0000: 7873.584: [GC (Allocation Failure) 7873.584: [ParNew
Desired survivor size 8716288 bytes, new threshold 6 (max 6)
- age   1:      78408 bytes,      78408 total
- age   2:     248064 bytes,     326472 total
- age   4:        968 bytes,     327440 total
- age   5:        128 bytes,     327568 total
- age   6:        968 bytes,     328536 total
: 137297K->430K(153344K), 0.0057483 secs] 278665K->141799K(1031552K), 0.0058687 secs] [Times: user=0.01 sys=0.00, real=0.01 secs] 
2016-08-24T16:19:14.669+0000: 7873.590: Total time for which application threads were stopped: 0.0066961 seconds, Stopping threads took: 0.0000986 seconds
2016-08-24T16:19:14.708+0000: 7873.629: [GC (Allocation Failure) 7873.629: [ParNew
Desired survivor size 8716288 bytes, new threshold 6 (max 6)
- age   1:      62016 bytes,      62016 total
- age   2:         72 bytes,      62088 total
- age   3:     239848 bytes,     301936 total
- age   5:        968 bytes,     302904 total
- age   6:        128 bytes,     303032 total
: 136750K->430K(153344K), 0.0063293 secs] 278119K->141800K(1031552K), 0.0064407 secs] [Times: user=0.01 sys=0.00, real=0.01 secs] 
2016-08-24T16:19:14.714+0000: 7873.636: Total time for which application threads were stopped: 0.0072537 seconds, Stopping threads took: 0.0000954 seconds
2016-08-24T16:19:14.753+0000: 7873.675: [GC (Allocation Failure) 7873.675: [ParNew
Desired survivor size 8716288 bytes, new threshold 6 (max 6)
- age   1:      65432 bytes,      65432 total
- age   2:       9704 bytes,      75136 total
- age   3:         72 bytes,      75208 total
- age   4:     239848 bytes,     315056 total
- age   6:        968 bytes,     316024 total
: 136750K->427K(153344K), 0.0056932 secs] 278120K->141796K(1031552K), 0.0058078 secs] [Times: user=0.01 sys=0.00, real=0.00 secs] 
2016-08-24T16:19:14.759+0000: 7873.681: Total time for which application threads were stopped: 0.0067335 seconds, Stopping threads took: 0.0001330 seconds
2016-08-24T16:19:14.800+0000: 7873.722: [GC (Allocation Failure) 7873.722: [ParNew
Desired survivor size 8716288 bytes, new threshold 6 (max 6)
- age   1:      56392 bytes,      56392 total
- age   3:       1096 bytes,      57488 total
- age   4:         72 bytes,      57560 total
- age   5:     238000 bytes,     295560 total
: 136747K->443K(153344K), 0.0052600 secs] 278116K->141814K(1031552K), 0.0053601 secs] [Times: user=0.01 sys=0.00, real=0.00 secs] 
2016-08-24T16:19:14.806+0000: 7873.727: Total time for which application threads were stopped: 0.0061728 seconds, Stopping threads took: 0.0000940 seconds
2016-08-24T16:19:14.845+0000: 7873.766: [GC (Allocation Failure) 7873.766: [ParNew
Desired survivor size 8716288 bytes, new threshold 6 (max 6)
- age   1:      62672 bytes,      62672 total
- age   2:      13776 bytes,      76448 total
- age   4:       1096 bytes,      77544 total
- age   5:         72 bytes,      77616 total
- age   6:     237360 bytes,     314976 total
: 136763K->420K(153344K), 0.0052646 secs] 278134K->141791K(1031552K), 0.0053691 secs] [Times: user=0.01 sys=0.00, real=0.01 secs] 
2016-08-24T16:19:14.850+0000: 7873.772: Total time for which application threads were stopped: 0.0062509 seconds, Stopping threads took: 0.0000994 seconds
2016-08-24T16:19:14.891+0000: 7873.813: [GC (Allocation Failure) 7873.813: [ParNew
Desired survivor size 8716288 bytes, new threshold 6 (max 6)
- age   1:      55920 bytes,      55920 total
- age   2:        248 bytes,      56168 total
- age   3:       1000 bytes,      57168 total
- age   5:       1064 bytes,      58232 total
- age   6:         72 bytes,      58304 total
: 136740K->302K(153344K), 0.0055246 secs] 278111K->141907K(1031552K), 0.0056293 secs] [Times: user=0.01 sys=0.00, real=0.00 secs] 
2016-08-24T16:19:14.897+0000: 7873.819: Total time for which application threads were stopped: 0.0064117 seconds, Stopping threads took: 0.0001013 seconds
2016-08-24T16:19:14.939+0000: 7873.860: [GC (Allocation Failure) 7873.861: [ParNew
Desired survivor size 8716288 bytes, new threshold 6 (max 6)
- age   1:      62400 bytes,      62400 total
- age   2:      15264 bytes,      77664 total
- age   3:        248 bytes,      77912 total
- age   4:       1000 bytes,      78912 total
- age   6:       1064 bytes,      79976 total
: 136622K->105K(153344K), 0.0052861 secs] 278227K->141710K(1031552K), 0.0054141 secs] [Times: user=0.01 sys=0.00, real=0.01 secs] 
2016-08-24T16:19:14.944+0000: 7873.866: Total time for which application threads were stopped: 0.0062958 seconds, Stopping threads took: 0.0001263 seconds
2016-08-24T16:19:14.985+0000: 7873.906: [GC (Allocation Failure) 7873.906: [ParNew
Desired survivor size 8716288 bytes, new threshold 6 (max 6)
- age   1:      74696 bytes,      74696 total
- age   3:       1000 bytes,      75696 total
- age   4:        248 bytes,      75944 total
- age   5:        968 bytes,      76912 total
: 136425K->85K(153344K), 0.0050929 secs] 278030K->141691K(1031552K), 0.0051765 secs] [Times: user=0.01 sys=0.00, real=0.01 secs] 
2016-08-24T16:19:14.990+0000: 7873.911: Total time for which application threads were stopped: 0.0059968 seconds, Stopping threads took: 0.0001011 seconds
2016-08-24T16:19:15.028+0000: 7873.950: [GC (Allocation Failure) 7873.950: [ParNew
Desired survivor size 8716288 bytes, new threshold 6 (max 6)
- age   1:      74408 bytes,      74408 total
- age   2:      18792 bytes,      93200 total
- age   4:       1000 bytes,      94200 total
- age   5:        248 bytes,      94448 total
- age   6:        968 bytes,      95416 total
: 136405K->119K(153344K), 0.0049851 secs] 278011K->141726K(1031552K), 0.0050890 secs] [Times: user=0.01 sys=0.00, real=0.00 secs] 
2016-08-24T16:19:15.034+0000: 7873.955: Total time for which application threads were stopped: 0.0059454 seconds, Stopping threads took: 0.0000957 seconds
2016-08-24T16:19:15.073+0000: 7873.995: [GC (Allocation Failure) 7873.995: [ParNew
Desired survivor size 8716288 bytes, new threshold 6 (max 6)
- age   1:      89792 bytes,      89792 total
- age   3:       1000 bytes,      90792 total
- age   5:        968 bytes,      91760 total
- age   6:        248 bytes,      92008 total
: 136439K->119K(153344K), 0.0048770 secs] 278046K->141726K(1031552K), 0.0049796 secs] [Times: user=0.01 sys=0.00, real=0.00 secs] 
2016-08-24T16:19:15.078+0000: 7874.000: Total time for which application threads were stopped: 0.0057960 seconds, Stopping threads took: 0.0000995 seconds
2016-08-24T16:19:15.162+0000: 7874.083: [GC (Allocation Failure) 7874.083: [ParNew
Desired survivor size 8716288 bytes, new threshold 6 (max 6)
- age   1:     238264 bytes,     238264 total
- age   2:       2416 bytes,     240680 total
- age   4:       1000 bytes,     241680 total
- age   6:        968 bytes,     242648 total
: 136439K->279K(153344K), 0.0053914 secs] 278046K->141887K(1031552K), 0.0054938 secs] [Times: user=0.01 sys=0.00, real=0.00 secs] 
2016-08-24T16:19:15.167+0000: 7874.089: Total time for which application threads were stopped: 0.0063248 seconds, Stopping threads took: 0.0001432 seconds
2016-08-24T16:19:24.259+0000: 7883.180: [GC (Allocation Failure) 7883.181: [ParNew
Desired survivor size 8716288 bytes, new threshold 6 (max 6)
- age   1:    1170576 bytes,    1170576 total
- age   2:     102896 bytes,    1273472 total
- age   3:        968 bytes,    1274440 total
- age   5:        968 bytes,    1275408 total
: 136599K->1316K(153344K), 0.0088918 secs] 278207K->142924K(1031552K), 0.0090264 secs] [Times: user=0.02 sys=0.00, real=0.01 secs] 
2016-08-24T16:19:24.268+0000: 7883.190: Total time for which application threads were stopped: 0.0098999 seconds, Stopping threads took: 0.0001187 seconds
2016-08-24T16:19:24.309+0000: 7883.231: [GC (Allocation Failure) 7883.231: [ParNew
Desired survivor size 8716288 bytes, new threshold 6 (max 6)
- age   1:      76432 bytes,      76432 total
- age   2:     230528 bytes,     306960 total
- age   3:      88472 bytes,     395432 total
- age   4:        968 bytes,     396400 total
- age   6:        968 bytes,     397368 total
: 137636K->466K(153344K), 0.0056715 secs] 279244K->142074K(1031552K), 0.0057916 secs] [Times: user=0.01 sys=0.00, real=0.00 secs] 
2016-08-24T16:19:24.315+0000: 7883.237: Total time for which application threads were stopped: 0.0066167 seconds, Stopping threads took: 0.0000999 seconds
2016-08-24T16:19:24.355+0000: 7883.276: [GC (Allocation Failure) 7883.277: [ParNew
Desired survivor size 8716288 bytes, new threshold 6 (max 6)
- age   1:      77496 bytes,      77496 total
- age   2:         96 bytes,      77592 total
- age   3:     209064 bytes,     286656 total
- age   4:      88472 bytes,     375128 total
- age   5:        968 bytes,     376096 total
: 136786K->541K(153344K), 0.0076887 secs] 278394K->142151K(1031552K), 0.0078187 secs] [Times: user=0.01 sys=0.00, real=0.01 secs] 
2016-08-24T16:19:24.363+0000: 7883.284: Total time for which application threads were stopped: 0.0086761 seconds, Stopping threads took: 0.0000989 seconds
2016-08-24T16:19:24.403+0000: 7883.324: [GC (Allocation Failure) 7883.324: [ParNew
Desired survivor size 8716288 bytes, new threshold 6 (max 6)
- age   1:      65568 bytes,      65568 total
- age   2:       1096 bytes,      66664 total
- age   3:         96 bytes,      66760 total
- age   4:     207216 bytes,     273976 total
- age   5:      88472 bytes,     362448 total
- age   6:        968 bytes,     363416 total
: 136861K->533K(153344K), 0.0065090 secs] 278471K->142142K(1031552K), 0.0066326 secs] [Times: user=0.02 sys=0.00, real=0.01 secs] 
2016-08-24T16:19:24.409+0000: 7883.331: Total time for which application threads were stopped: 0.0075426 seconds, Stopping threads took: 0.0000987 seconds
2016-08-24T16:19:24.451+0000: 7883.372: [GC (Allocation Failure) 7883.372: [ParNew
Desired survivor size 8716288 bytes, new threshold 6 (max 6)
- age   1:      73096 bytes,      73096 total
- age   2:       4856 bytes,      77952 total
- age   3:       1096 bytes,      79048 total
- age   4:         96 bytes,      79144 total
- age   5:     206576 bytes,     285720 total
- age   6:      88472 bytes,     374192 total
: 136853K->516K(153344K), 0.0064704 secs] 278462K->142127K(1031552K), 0.0065714 secs] [Times: user=0.01 sys=0.00, real=0.00 secs] 
2016-08-24T16:19:24.457+0000: 7883.379: Total time for which application threads were stopped: 0.0074009 seconds, Stopping threads took: 0.0001015 seconds
2016-08-24T16:19:24.499+0000: 7883.420: [GC (Allocation Failure) 7883.420: [ParNew
Desired survivor size 8716288 bytes, new threshold 6 (max 6)
- age   1:      67040 bytes,      67040 total
- age   2:        248 bytes,      67288 total
- age   3:       1000 bytes,      68288 total
- age   4:       1064 bytes,      69352 total
- age   5:         96 bytes,      69448 total
- age   6:     204760 bytes,     274208 total
: 136836K->530K(153344K), 0.0067033 secs] 278447K->142229K(1031552K), 0.0068017 secs] [Times: user=0.02 sys=0.00, real=0.01 secs] 
2016-08-24T16:19:24.506+0000: 7883.427: Total time for which application threads were stopped: 0.0075978 seconds, Stopping threads took: 0.0000975 seconds
2016-08-24T16:19:24.547+0000: 7883.469: [GC (Allocation Failure) 7883.469: [ParNew
Desired survivor size 8716288 bytes, new threshold 6 (max 6)
- age   1:      83592 bytes,      83592 total
- age   2:       8032 bytes,      91624 total
- age   3:        248 bytes,      91872 total
- age   4:       1000 bytes,      92872 total
- age   5:       1064 bytes,      93936 total
- age   6:         96 bytes,      94032 total
: 136850K->204K(153344K), 0.0070669 secs] 278549K->142106K(1031552K), 0.0071911 secs] [Times: user=0.01 sys=0.00, real=0.01 secs] 
2016-08-24T16:19:24.555+0000: 7883.476: Total time for which application threads were stopped: 0.0080336 seconds, Stopping threads took: 0.0000959 seconds
2016-08-24T16:19:24.599+0000: 7883.520: [GC (Allocation Failure) 7883.520: [ParNew
Desired survivor size 8716288 bytes, new threshold 6 (max 6)
- age   1:      62840 bytes,      62840 total
- age   3:       1000 bytes,      63840 total
- age   4:        248 bytes,      64088 total
- age   5:        968 bytes,      65056 total
- age   6:       1064 bytes,      66120 total
: 136524K->90K(153344K), 0.0053682 secs] 278426K->141993K(1031552K), 0.0054568 secs] [Times: user=0.01 sys=0.00, real=0.01 secs] 
2016-08-24T16:19:24.604+0000: 7883.526: Total time for which application threads were stopped: 0.0062811 seconds, Stopping threads took: 0.0001141 seconds
2016-08-24T16:19:24.644+0000: 7883.566: [GC (Allocation Failure) 7883.566: [ParNew
Desired survivor size 8716288 bytes, new threshold 6 (max 6)
- age   1:      68592 bytes,      68592 total
- age   2:      11544 bytes,      80136 total
- age   4:       1000 bytes,      81136 total
- age   5:        248 bytes,      81384 total
- age   6:        968 bytes,      82352 total
: 136410K->88K(153344K), 0.0059469 secs] 278313K->141992K(1031552K), 0.0060538 secs] [Times: user=0.01 sys=0.00, real=0.01 secs] 
2016-08-24T16:19:24.650+0000: 7883.572: Total time for which application threads were stopped: 0.0068747 seconds, Stopping threads took: 0.0001015 seconds
2016-08-24T16:19:24.690+0000: 7883.612: [GC (Allocation Failure) 7883.612: [ParNew
Desired survivor size 8716288 bytes, new threshold 6 (max 6)
- age   1:      63584 bytes,      63584 total
- age   3:       1000 bytes,      64584 total
- age   5:        968 bytes,      65552 total
- age   6:        248 bytes,      65800 total
: 136408K->93K(153344K), 0.0060699 secs] 278312K->141998K(1031552K), 0.0061943 secs] [Times: user=0.01 sys=0.00, real=0.00 secs] 
2016-08-24T16:19:24.697+0000: 7883.618: Total time for which application threads were stopped: 0.0070500 seconds, Stopping threads took: 0.0000918 seconds
2016-08-24T16:19:24.736+0000: 7883.658: [GC (Allocation Failure) 7883.658: [ParNew
Desired survivor size 8716288 bytes, new threshold 6 (max 6)
- age   1:      66232 bytes,      66232 total
- age   2:      14288 bytes,      80520 total
- age   4:       1000 bytes,      81520 total
- age   6:        968 bytes,      82488 total
: 136413K->94K(153344K), 0.0055342 secs] 278318K->141999K(1031552K), 0.0056404 secs] [Times: user=0.01 sys=0.00, real=0.01 secs] 
2016-08-24T16:19:24.742+0000: 7883.664: Total time for which application threads were stopped: 0.0064422 seconds, Stopping threads took: 0.0000975 seconds
2016-08-24T16:19:31.682+0000: 7890.604: Total time for which application threads were stopped: 0.0007975 seconds, Stopping threads took: 0.0000916 seconds
2016-08-24T16:19:31.683+0000: 7890.604: Total time for which application threads were stopped: 0.0003234 seconds, Stopping threads took: 0.0000365 seconds
2016-08-24T16:19:31.683+0000: 7890.605: Total time for which application threads were stopped: 0.0004059 seconds, Stopping threads took: 0.0000486 seconds
2016-08-24T16:19:31.884+0000: 7890.805: Total time for which application threads were stopped: 0.0006387 seconds, Stopping threads took: 0.0000893 seconds
2016-08-24T16:19:31.884+0000: 7890.805: Total time for which application threads were stopped: 0.0002961 seconds, Stopping threads took: 0.0000447 seconds
2016-08-24T16:19:31.884+0000: 7890.806: Total time for which application threads were stopped: 0.0003721 seconds, Stopping threads took: 0.0000568 seconds
2016-08-24T16:19:34.455+0000: 7893.376: [GC (Allocation Failure) 7893.376: [ParNew
Desired survivor size 8716288 bytes, new threshold 6 (max 6)
- age   1:     952688 bytes,     952688 total
- age   3:        968 bytes,     953656 total
- age   5:        968 bytes,     954624 total
: 136414K->963K(153344K), 0.0074180 secs] 278319K->142869K(1031552K), 0.0075476 secs] [Times: user=0.01 sys=0.00, real=0.01 secs] 
2016-08-24T16:19:34.463+0000: 7893.384: Total time for which application threads were stopped: 0.0084059 seconds, Stopping threads took: 0.0000968 seconds
2016-08-24T16:19:34.502+0000: 7893.424: [GC (Allocation Failure) 7893.424: [ParNew
Desired survivor size 8716288 bytes, new threshold 6 (max 6)
- age   1:      67152 bytes,      67152 total
- age   2:     253568 bytes,     320720 total
- age   4:        968 bytes,     321688 total
- age   6:        968 bytes,     322656 total
: 137283K->431K(153344K), 0.0051786 secs] 279189K->142337K(1031552K), 0.0052876 secs] [Times: user=0.01 sys=0.00, real=0.00 secs] 
2016-08-24T16:19:34.508+0000: 7893.429: Total time for which application threads were stopped: 0.0061645 seconds, Stopping threads took: 0.0000940 seconds
2016-08-24T16:19:34.548+0000: 7893.470: [GC (Allocation Failure) 7893.470: [ParNew
Desired survivor size 8716288 bytes, new threshold 6 (max 6)
- age   1:      78264 bytes,      78264 total
- age   3:     237824 bytes,     316088 total
- age   5:        968 bytes,     317056 total
: 136751K->438K(153344K), 0.0055732 secs] 278657K->142345K(1031552K), 0.0056897 secs] [Times: user=0.01 sys=0.01, real=0.01 secs] 
2016-08-24T16:19:34.554+0000: 7893.475: Total time for which application threads were stopped: 0.0065175 seconds, Stopping threads took: 0.0000973 seconds
2016-08-24T16:19:34.594+0000: 7893.516: [GC (Allocation Failure) 7893.516: [ParNew
Desired survivor size 8716288 bytes, new threshold 6 (max 6)
- age   1:      84200 bytes,      84200 total
- age   2:      17432 bytes,     101632 total
- age   4:     237824 bytes,     339456 total
- age   6:        968 bytes,     340424 total
: 136758K->425K(153344K), 0.0054932 secs] 278665K->142332K(1031552K), 0.0056104 secs] [Times: user=0.01 sys=0.00, real=0.00 secs] 
2016-08-24T16:19:34.600+0000: 7893.521: Total time for which application threads were stopped: 0.0064525 seconds, Stopping threads took: 0.0001459 seconds
2016-08-24T16:19:34.639+0000: 7893.561: [GC (Allocation Failure) 7893.561: [ParNew
Desired survivor size 8716288 bytes, new threshold 6 (max 6)
- age   1:      76624 bytes,      76624 total
- age   3:       1432 bytes,      78056 total
- age   5:     235976 bytes,     314032 total
: 136745K->467K(153344K), 0.0059176 secs] 278652K->142375K(1031552K), 0.0060317 secs] [Times: user=0.01 sys=0.00, real=0.01 secs] 
2016-08-24T16:19:34.645+0000: 7893.567: Total time for which application threads were stopped: 0.0068752 seconds, Stopping threads took: 0.0001020 seconds
2016-08-24T16:19:34.684+0000: 7893.606: [GC (Allocation Failure) 7893.606: [ParNew
Desired survivor size 8716288 bytes, new threshold 6 (max 6)
- age   1:      83952 bytes,      83952 total
- age   2:      19600 bytes,     103552 total
- age   4:       1432 bytes,     104984 total
- age   6:     229776 bytes,     334760 total
: 136787K->448K(153344K), 0.0055826 secs] 278695K->142356K(1031552K), 0.0056936 secs] [Times: user=0.01 sys=0.00, real=0.01 secs] 
2016-08-24T16:19:34.690+0000: 7893.612: Total time for which application threads were stopped: 0.0065971 seconds, Stopping threads took: 0.0000926 seconds
2016-08-24T16:19:34.733+0000: 7893.655: [GC (Allocation Failure) 7893.655: [ParNew
Desired survivor size 8716288 bytes, new threshold 6 (max 6)
- age   1:      92752 bytes,      92752 total
- age   2:        856 bytes,      93608 total
- age   3:       1000 bytes,      94608 total
- age   5:       1328 bytes,      95936 total
: 136768K->325K(153344K), 0.0061725 secs] 278676K->142460K(1031552K), 0.0062949 secs] [Times: user=0.01 sys=0.00, real=0.00 secs] 
2016-08-24T16:19:34.740+0000: 7893.661: Total time for which application threads were stopped: 0.0071313 seconds, Stopping threads took: 0.0000974 seconds
2016-08-24T16:19:34.780+0000: 7893.702: [GC (Allocation Failure) 7893.702: [ParNew
Desired survivor size 8716288 bytes, new threshold 6 (max 6)
- age   1:      48816 bytes,      48816 total
- age   2:       1248 bytes,      50064 total
- age   3:        856 bytes,      50920 total
- age   4:        968 bytes,      51888 total
- age   6:       1328 bytes,      53216 total
: 136645K->118K(153344K), 0.0056035 secs] 278780K->142253K(1031552K), 0.0057263 secs] [Times: user=0.01 sys=0.00, real=0.01 secs] 
2016-08-24T16:19:34.786+0000: 7893.707: Total time for which application threads were stopped: 0.0065524 seconds, Stopping threads took: 0.0000841 seconds
2016-08-24T16:19:34.825+0000: 7893.747: [GC (Allocation Failure) 7893.747: [ParNew
Desired survivor size 8716288 bytes, new threshold 6 (max 6)
- age   1:      77912 bytes,      77912 total
- age   2:       4632 bytes,      82544 total
- age   3:       1248 bytes,      83792 total
- age   4:        856 bytes,      84648 total
- age   5:        968 bytes,      85616 total
: 136438K->92K(153344K), 0.0053747 secs] 278573K->142228K(1031552K), 0.0054763 secs] [Times: user=0.01 sys=0.00, real=0.01 secs] 
2016-08-24T16:19:34.831+0000: 7893.752: Total time for which application threads were stopped: 0.0063057 seconds, Stopping threads took: 0.0001004 seconds
2016-08-24T16:19:34.870+0000: 7893.791: [GC (Allocation Failure) 7893.791: [ParNew
Desired survivor size 8716288 bytes, new threshold 6 (max 6)
- age   1:      57656 bytes,      57656 total
- age   3:       1000 bytes,      58656 total
- age   4:       1216 bytes,      59872 total
- age   5:        856 bytes,      60728 total
- age   6:        968 bytes,      61696 total
: 136412K->78K(153344K), 0.0052046 secs] 278548K->142214K(1031552K), 0.0053211 secs] [Times: user=0.01 sys=0.00, real=0.00 secs] 
2016-08-24T16:19:34.875+0000: 7893.797: Total time for which application threads were stopped: 0.0062617 seconds, Stopping threads took: 0.0000967 seconds
2016-08-24T16:19:34.916+0000: 7893.838: [GC (Allocation Failure) 7893.838: [ParNew
Desired survivor size 8716288 bytes, new threshold 6 (max 6)
- age   1:      67272 bytes,      67272 total
- age   2:       7832 bytes,      75104 total
- age   4:       1000 bytes,      76104 total
- age   5:       1216 bytes,      77320 total
- age   6:        856 bytes,      78176 total
: 136398K->85K(153344K), 0.0059668 secs] 278534K->142222K(1031552K), 0.0060579 secs] [Times: user=0.01 sys=0.00, real=0.01 secs] 
2016-08-24T16:19:34.922+0000: 7893.844: Total time for which application threads were stopped: 0.0068582 seconds, Stopping threads took: 0.0000988 seconds
2016-08-24T16:19:44.492+0000: 7903.414: [GC (Allocation Failure) 7903.414: [ParNew
Desired survivor size 8716288 bytes, new threshold 6 (max 6)
- age   1:    1171760 bytes,    1171760 total
- age   2:       2432 bytes,    1174192 total
- age   3:        968 bytes,    1175160 total
- age   5:        968 bytes,    1176128 total
- age   6:       1096 bytes,    1177224 total
: 136405K->1163K(153344K), 0.0094456 secs] 278542K->143301K(1031552K), 0.0096074 secs] [Times: user=0.02 sys=0.00, real=0.01 secs] 
2016-08-24T16:19:44.502+0000: 7903.424: Total time for which application threads were stopped: 0.0105187 seconds, Stopping threads took: 0.0000982 seconds
2016-08-24T16:19:44.541+0000: 7903.463: [GC (Allocation Failure) 7903.463: [ParNew
Desired survivor size 8716288 bytes, new threshold 6 (max 6)
- age   1:      75384 bytes,      75384 total
- age   2:     306448 bytes,     381832 total
- age   3:       2432 bytes,     384264 total
- age   4:        968 bytes,     385232 total
- age   6:        968 bytes,     386200 total
: 137483K->547K(153344K), 0.0076010 secs] 279621K->142686K(1031552K), 0.0077337 secs] [Times: user=0.02 sys=0.00, real=0.01 secs] 
2016-08-24T16:19:44.549+0000: 7903.470: Total time for which application threads were stopped: 0.0085375 seconds, Stopping threads took: 0.0001052 seconds
2016-08-24T16:19:44.589+0000: 7903.511: [GC (Allocation Failure) 7903.511: [ParNew
Desired survivor size 8716288 bytes, new threshold 6 (max 6)
- age   1:      49840 bytes,      49840 total
- age   2:        216 bytes,      50056 total
- age   3:     299520 bytes,     349576 total
- age   4:       2432 bytes,     352008 total
- age   5:        968 bytes,     352976 total
: 136867K->495K(153344K), 0.0072946 secs] 279006K->142636K(1031552K), 0.0074360 secs] [Times: user=0.01 sys=0.00, real=0.00 secs] 
2016-08-24T16:19:44.597+0000: 7903.518: Total time for which application threads were stopped: 0.0083145 seconds, Stopping threads took: 0.0000916 seconds
2016-08-24T16:19:44.640+0000: 7903.561: [GC (Allocation Failure) 7903.561: [ParNew
Desired survivor size 8716288 bytes, new threshold 6 (max 6)
- age   1:      79352 bytes,      79352 total
- age   2:       9248 bytes,      88600 total
- age   3:        216 bytes,      88816 total
- age   4:     299520 bytes,     388336 total
- age   5:       2432 bytes,     390768 total
- age   6:        968 bytes,     391736 total
: 136815K->498K(153344K), 0.0074253 secs] 278956K->142638K(1031552K), 0.0075593 secs] [Times: user=0.02 sys=0.00, real=0.01 secs] 
2016-08-24T16:19:44.647+0000: 7903.569: Total time for which application threads were stopped: 0.0083977 seconds, Stopping threads took: 0.0001016 seconds
2016-08-24T16:19:44.688+0000: 7903.609: [GC (Allocation Failure) 7903.609: [ParNew
Desired survivor size 8716288 bytes, new threshold 6 (max 6)
- age   1:      57944 bytes,      57944 total
- age   3:       1096 bytes,      59040 total
- age   4:        216 bytes,      59256 total
- age   5:     297672 bytes,     356928 total
- age   6:       2432 bytes,     359360 total
: 136818K->544K(153344K), 0.0068401 secs] 278958K->142685K(1031552K), 0.0069546 secs] [Times: user=0.01 sys=0.00, real=0.01 secs] 
2016-08-24T16:19:44.695+0000: 7903.616: Total time for which application threads were stopped: 0.0077538 seconds, Stopping threads took: 0.0000878 seconds
2016-08-24T16:19:44.733+0000: 7903.654: [GC (Allocation Failure) 7903.654: [ParNew
Desired survivor size 8716288 bytes, new threshold 6 (max 6)
- age   1:      63680 bytes,      63680 total
- age   2:      12664 bytes,      76344 total
- age   4:       1096 bytes,      77440 total
- age   5:        216 bytes,      77656 total
- age   6:     297672 bytes,     375328 total
: 136864K->517K(153344K), 0.0065795 secs] 279005K->142661K(1031552K), 0.0066841 secs] [Times: user=0.02 sys=0.00, real=0.00 secs] 
2016-08-24T16:19:44.739+0000: 7903.661: Total time for which application threads were stopped: 0.0074814 seconds, Stopping threads took: 0.0000923 seconds
2016-08-24T16:19:44.779+0000: 7903.700: [GC (Allocation Failure) 7903.700: [ParNew
Desired survivor size 8716288 bytes, new threshold 6 (max 6)
- age   1:      70616 bytes,      70616 total
- age   3:       1000 bytes,      71616 total
- age   5:       1064 bytes,      72680 total
- age   6:        216 bytes,      72896 total
: 136837K->362K(153344K), 0.0064847 secs] 278981K->142800K(1031552K), 0.0066089 secs] [Times: user=0.01 sys=0.00, real=0.01 secs] 
2016-08-24T16:19:44.786+0000: 7903.707: Total time for which application threads were stopped: 0.0074470 seconds, Stopping threads took: 0.0001004 seconds
2016-08-24T16:19:44.824+0000: 7903.746: [GC (Allocation Failure) 7903.746: [ParNew
Desired survivor size 8716288 bytes, new threshold 6 (max 6)
- age   1:      79184 bytes,      79184 total
- age   2:      14880 bytes,      94064 total
- age   4:       1000 bytes,      95064 total
- age   6:       1064 bytes,      96128 total
: 136682K->166K(153344K), 0.0053394 secs] 279120K->142605K(1031552K), 0.0054253 secs] [Times: user=0.00 sys=0.00, real=0.01 secs] 
2016-08-24T16:19:44.830+0000: 7903.751: Total time for which application threads were stopped: 0.0062621 seconds, Stopping threads took: 0.0001254 seconds
2016-08-24T16:19:44.869+0000: 7903.791: [GC (Allocation Failure) 7903.791: [ParNew
Desired survivor size 8716288 bytes, new threshold 6 (max 6)
- age   1:      65408 bytes,      65408 total
- age   3:       1000 bytes,      66408 total
- age   5:        968 bytes,      67376 total
: 136486K->102K(153344K), 0.0057255 secs] 278925K->142541K(1031552K), 0.0058427 secs] [Times: user=0.01 sys=0.00, real=0.00 secs] 
2016-08-24T16:19:44.875+0000: 7903.797: Total time for which application threads were stopped: 0.0067171 seconds, Stopping threads took: 0.0001239 seconds
2016-08-24T16:19:44.914+0000: 7903.835: [GC (Allocation Failure) 7903.835: [ParNew
Desired survivor size 8716288 bytes, new threshold 6 (max 6)
- age   1:      71408 bytes,      71408 total
- age   2:      18536 bytes,      89944 total
- age   4:       1000 bytes,      90944 total
- age   6:        968 bytes,      91912 total
: 136422K->102K(153344K), 0.0050105 secs] 278861K->142541K(1031552K), 0.0050993 secs] [Times: user=0.01 sys=0.00, real=0.00 secs] 
2016-08-24T16:19:44.919+0000: 7903.840: Total time for which application threads were stopped: 0.0059611 seconds, Stopping threads took: 0.0001444 seconds
2016-08-24T16:19:44.958+0000: 7903.879: [GC (Allocation Failure) 7903.880: [ParNew
Desired survivor size 8716288 bytes, new threshold 6 (max 6)
- age   1:      70968 bytes,      70968 total
- age   3:       1000 bytes,      71968 total
- age   5:        968 bytes,      72936 total
: 136422K->106K(153344K), 0.0051137 secs] 278861K->142547K(1031552K), 0.0052234 secs] [Times: user=0.01 sys=0.00, real=0.01 secs] 
2016-08-24T16:19:44.963+0000: 7903.885: Total time for which application threads were stopped: 0.0060454 seconds, Stopping threads took: 0.0001007 seconds
2016-08-24T16:19:45.004+0000: 7903.926: [GC (Allocation Failure) 7903.926: [ParNew
Desired survivor size 8716288 bytes, new threshold 6 (max 6)
- age   1:     185120 bytes,     185120 total
- age   2:       2448 bytes,     187568 total
- age   4:       1000 bytes,     188568 total
- age   6:        968 bytes,     189536 total
: 136426K->201K(153344K), 0.0055651 secs] 278867K->142642K(1031552K), 0.0056632 secs] [Times: user=0.01 sys=0.00, real=0.01 secs] 
2016-08-24T16:19:45.010+0000: 7903.932: Total time for which application threads were stopped: 0.0064199 seconds, Stopping threads took: 0.0000799 seconds
2016-08-24T16:19:54.355+0000: 7913.277: [GC (Allocation Failure) 7913.277: [ParNew
Desired survivor size 8716288 bytes, new threshold 6 (max 6)
- age   1:     937760 bytes,     937760 total
- age   2:      96712 bytes,    1034472 total
- age   3:        968 bytes,    1035440 total
- age   5:        968 bytes,    1036408 total
: 136521K->1056K(153344K), 0.0083164 secs] 278962K->143497K(1031552K), 0.0084524 secs] [Times: user=0.01 sys=0.00, real=0.01 secs] 
2016-08-24T16:19:54.364+0000: 7913.285: Total time for which application threads were stopped: 0.0093682 seconds, Stopping threads took: 0.0001021 seconds
2016-08-24T16:19:54.402+0000: 7913.324: [GC (Allocation Failure) 7913.324: [ParNew
Desired survivor size 8716288 bytes, new threshold 6 (max 6)
- age   1:      88016 bytes,      88016 total
- age   2:     216944 bytes,     304960 total
- age   3:      81040 bytes,     386000 total
- age   4:        968 bytes,     386968 total
- age   6:        968 bytes,     387936 total
: 137376K->571K(153344K), 0.0061559 secs] 279817K->143013K(1031552K), 0.0062678 secs] [Times: user=0.01 sys=0.00, real=0.01 secs] 
2016-08-24T16:19:54.409+0000: 7913.330: Total time for which application threads were stopped: 0.0070969 seconds, Stopping threads took: 0.0000984 seconds
2016-08-24T16:19:54.449+0000: 7913.371: [GC (Allocation Failure) 7913.371: [ParNew
Desired survivor size 8716288 bytes, new threshold 6 (max 6)
- age   1:      81688 bytes,      81688 total
- age   2:         72 bytes,      81760 total
- age   3:     195048 bytes,     276808 total
- age   4:      81040 bytes,     357848 total
- age   5:        968 bytes,     358816 total
: 136891K->504K(153344K), 0.0062119 secs] 279333K->142946K(1031552K), 0.0063247 secs] [Times: user=0.02 sys=0.00, real=0.00 secs] 
2016-08-24T16:19:54.456+0000: 7913.377: Total time for which application threads were stopped: 0.0071652 seconds, Stopping threads took: 0.0000973 seconds
2016-08-24T16:19:54.499+0000: 7913.420: [GC (Allocation Failure) 7913.420: [ParNew
Desired survivor size 8716288 bytes, new threshold 6 (max 6)
- age   1:      55120 bytes,      55120 total
- age   2:       1096 bytes,      56216 total
- age   3:         72 bytes,      56288 total
- age   4:     192632 bytes,     248920 total
- age   5:      81040 bytes,     329960 total
- age   6:        968 bytes,     330928 total
: 136824K->504K(153344K), 0.0063758 secs] 279266K->142946K(1031552K), 0.0064960 secs] [Times: user=0.01 sys=0.00, real=0.01 secs] 
2016-08-24T16:19:54.505+0000: 7913.427: Total time for which application threads were stopped: 0.0073606 seconds, Stopping threads took: 0.0000963 seconds
2016-08-24T16:19:54.544+0000: 7913.466: [GC (Allocation Failure) 7913.466: [ParNew
Desired survivor size 8716288 bytes, new threshold 6 (max 6)
- age   1:      84696 bytes,      84696 total
- age   2:       5064 bytes,      89760 total
- age   3:       1096 bytes,      90856 total
- age   4:         72 bytes,      90928 total
- age   5:     192632 bytes,     283560 total
- age   6:      81040 bytes,     364600 total
: 136824K->621K(153344K), 0.0056464 secs] 279266K->143065K(1031552K), 0.0057474 secs] [Times: user=0.01 sys=0.00, real=0.01 secs] 
2016-08-24T16:19:54.550+0000: 7913.472: Total time for which application threads were stopped: 0.0066047 seconds, Stopping threads took: 0.0000988 seconds
2016-08-24T16:19:54.589+0000: 7913.511: [GC (Allocation Failure) 7913.511: [ParNew
Desired survivor size 8716288 bytes, new threshold 6 (max 6)
- age   1:      69224 bytes,      69224 total
- age   2:        248 bytes,      69472 total
- age   3:       1088 bytes,      70560 total
- age   4:       1064 bytes,      71624 total
- age   5:         72 bytes,      71696 total
- age   6:     190816 bytes,     262512 total
: 136941K->326K(153344K), 0.0058986 secs] 279385K->142851K(1031552K), 0.0060122 secs] [Times: user=0.01 sys=0.00, real=0.00 secs] 
2016-08-24T16:19:54.595+0000: 7913.517: Total time for which application threads were stopped: 0.0068839 seconds, Stopping threads took: 0.0001026 seconds
2016-08-24T16:19:54.637+0000: 7913.558: [GC (Allocation Failure) 7913.558: [ParNew
Desired survivor size 8716288 bytes, new threshold 6 (max 6)
- age   1:      64992 bytes,      64992 total
- age   2:       8272 bytes,      73264 total
- age   3:        248 bytes,      73512 total
- age   4:       1088 bytes,      74600 total
- age   5:       1064 bytes,      75664 total
- age   6:         72 bytes,      75736 total
: 136646K->249K(153344K), 0.0060635 secs] 279171K->142964K(1031552K), 0.0061782 secs] [Times: user=0.01 sys=0.00, real=0.01 secs] 
2016-08-24T16:19:54.643+0000: 7913.565: Total time for which application threads were stopped: 0.0070840 seconds, Stopping threads took: 0.0000997 seconds
2016-08-24T16:19:54.685+0000: 7913.606: [GC (Allocation Failure) 7913.606: [ParNew
Desired survivor size 8716288 bytes, new threshold 6 (max 6)
- age   1:      69936 bytes,      69936 total
- age   3:       1000 bytes,      70936 total
- age   4:        248 bytes,      71184 total
- age   5:       1056 bytes,      72240 total
- age   6:       1064 bytes,      73304 total
: 136569K->95K(153344K), 0.0053937 secs] 279284K->142810K(1031552K), 0.0054812 secs] [Times: user=0.01 sys=0.00, real=0.01 secs] 
2016-08-24T16:19:54.690+0000: 7913.612: Total time for which application threads were stopped: 0.0063257 seconds, Stopping threads took: 0.0001037 seconds
2016-08-24T16:19:54.729+0000: 7913.651: [GC (Allocation Failure) 7913.651: [ParNew
Desired survivor size 8716288 bytes, new threshold 6 (max 6)
- age   1:      83272 bytes,      83272 total
- age   2:      11712 bytes,      94984 total
- age   4:       1000 bytes,      95984 total
- age   5:        248 bytes,      96232 total
- age   6:       1056 bytes,      97288 total
: 136415K->123K(153344K), 0.0055949 secs] 279130K->142839K(1031552K), 0.0057080 secs] [Times: user=0.01 sys=0.00, real=0.00 secs] 
2016-08-24T16:19:54.735+0000: 7913.657: Total time for which application threads were stopped: 0.0065391 seconds, Stopping threads took: 0.0000965 seconds
2016-08-24T16:19:54.777+0000: 7913.698: [GC (Allocation Failure) 7913.698: [ParNew
Desired survivor size 8716288 bytes, new threshold 6 (max 6)
- age   1:      81848 bytes,      81848 total
- age   3:       1000 bytes,      82848 total
- age   5:        968 bytes,      83816 total
- age   6:        248 bytes,      84064 total
: 136443K->117K(153344K), 0.0054889 secs] 279159K->142834K(1031552K), 0.0055809 secs] [Times: user=0.01 sys=0.00, real=0.01 secs] 
2016-08-24T16:19:54.782+0000: 7913.704: Total time for which application threads were stopped: 0.0064446 seconds, Stopping threads took: 0.0001171 seconds
2016-08-24T16:19:54.821+0000: 7913.743: [GC (Allocation Failure) 7913.743: [ParNew
Desired survivor size 8716288 bytes, new threshold 6 (max 6)
- age   1:      73400 bytes,      73400 total
- age   2:      14360 bytes,      87760 total
- age   4:       1000 bytes,      88760 total
- age   6:        968 bytes,      89728 total
: 136437K->111K(153344K), 0.0055950 secs] 279154K->142828K(1031552K), 0.0057075 secs] [Times: user=0.01 sys=0.00, real=0.00 secs] 
2016-08-24T16:19:54.827+0000: 7913.748: Total time for which application threads were stopped: 0.0065906 seconds, Stopping threads took: 0.0000995 seconds
2016-08-24T16:20:02.829+0000: 7921.751: Total time for which application threads were stopped: 0.0006565 seconds, Stopping threads took: 0.0001095 seconds
2016-08-24T16:20:04.116+0000: 7923.038: [GC (Allocation Failure) 7923.038: [ParNew
Desired survivor size 8716288 bytes, new threshold 6 (max 6)
- age   1:     988176 bytes,     988176 total
- age   3:        968 bytes,     989144 total
- age   5:        968 bytes,     990112 total
: 136431K->997K(153344K), 0.0075299 secs] 279148K->143715K(1031552K), 0.0076701 secs] [Times: user=0.01 sys=0.00, real=0.01 secs] 
2016-08-24T16:20:04.124+0000: 7923.046: Total time for which application threads were stopped: 0.0085365 seconds, Stopping threads took: 0.0001284 seconds
2016-08-24T16:20:04.164+0000: 7923.085: [GC (Allocation Failure) 7923.085: [ParNew
Desired survivor size 8716288 bytes, new threshold 6 (max 6)
- age   1:      90976 bytes,      90976 total
- age   2:     285600 bytes,     376576 total
- age   4:        968 bytes,     377544 total
- age   6:        968 bytes,     378512 total
: 137317K->487K(153344K), 0.0062985 secs] 280035K->143206K(1031552K), 0.0064515 secs] [Times: user=0.01 sys=0.00, real=0.01 secs] 
2016-08-24T16:20:04.170+0000: 7923.092: Total time for which application threads were stopped: 0.0074989 seconds, Stopping threads took: 0.0001000 seconds
2016-08-24T16:20:04.213+0000: 7923.134: [GC (Allocation Failure) 7923.134: [ParNew
Desired survivor size 8716288 bytes, new threshold 6 (max 6)
- age   1:      74848 bytes,      74848 total
- age   2:         24 bytes,      74872 total
- age   3:     270280 bytes,     345152 total
- age   5:        968 bytes,     346120 total
: 136807K->495K(153344K), 0.0057907 secs] 279526K->143215K(1031552K), 0.0058950 secs] [Times: user=0.01 sys=0.00, real=0.00 secs] 
2016-08-24T16:20:04.219+0000: 7923.140: Total time for which application threads were stopped: 0.0067827 seconds, Stopping threads took: 0.0000988 seconds
2016-08-24T16:20:04.259+0000: 7923.181: [GC (Allocation Failure) 7923.181: [ParNew
Desired survivor size 8716288 bytes, new threshold 6 (max 6)
- age   1:      64792 bytes,      64792 total
- age   2:      17096 bytes,      81888 total
- age   3:         24 bytes,      81912 total
- age   4:     270280 bytes,     352192 total
- age   6:        968 bytes,     353160 total
: 136815K->508K(153344K), 0.0057832 secs] 279535K->143228K(1031552K), 0.0058870 secs] [Times: user=0.01 sys=0.00, real=0.01 secs] 
2016-08-24T16:20:04.265+0000: 7923.187: Total time for which application threads were stopped: 0.0066996 seconds, Stopping threads took: 0.0000987 seconds
2016-08-24T16:20:04.306+0000: 7923.227: [GC (Allocation Failure) 7923.227: [ParNew
Desired survivor size 8716288 bytes, new threshold 6 (max 6)
- age   1:      66000 bytes,      66000 total
- age   3:       1096 bytes,      67096 total
- age   4:         24 bytes,      67120 total
- age   5:     268432 bytes,     335552 total
: 136828K->480K(153344K), 0.0057805 secs] 279548K->143200K(1031552K), 0.0058827 secs] [Times: user=0.01 sys=0.00, real=0.01 secs] 
2016-08-24T16:20:04.312+0000: 7923.233: Total time for which application threads were stopped: 0.0066939 seconds, Stopping threads took: 0.0000986 seconds
2016-08-24T16:20:04.350+0000: 7923.271: [GC (Allocation Failure) 7923.271: [ParNew
Desired survivor size 8716288 bytes, new threshold 6 (max 6)
- age   1:      69456 bytes,      69456 total
- age   2:      19752 bytes,      89208 total
- age   4:       1096 bytes,      90304 total
- age   5:         24 bytes,      90328 total
- age   6:     268432 bytes,     358760 total
: 136800K->476K(153344K), 0.0061990 secs] 279520K->143196K(1031552K), 0.0063086 secs] [Times: user=0.01 sys=0.00, real=0.00 secs] 
2016-08-24T16:20:04.356+0000: 7923.278: Total time for which application threads were stopped: 0.0071552 seconds, Stopping threads took: 0.0000997 seconds
2016-08-24T16:20:04.396+0000: 7923.318: [GC (Allocation Failure) 7923.318: [ParNew
Desired survivor size 8716288 bytes, new threshold 6 (max 6)
- age   1:      73648 bytes,      73648 total
- age   3:       1000 bytes,      74648 total
- age   5:       1064 bytes,      75712 total
- age   6:         24 bytes,      75736 total
: 136796K->347K(153344K), 0.0059104 secs] 279516K->143333K(1031552K), 0.0060252 secs] [Times: user=0.02 sys=0.00, real=0.01 secs] 
2016-08-24T16:20:04.402+0000: 7923.324: Total time for which application threads were stopped: 0.0068293 seconds, Stopping threads took: 0.0001000 seconds
2016-08-24T16:20:04.441+0000: 7923.363: [GC (Allocation Failure) 7923.363: [ParNew
Desired survivor size 8716288 bytes, new threshold 6 (max 6)
- age   1:      51832 bytes,      51832 total
- age   2:       1000 bytes,      52832 total
- age   4:        968 bytes,      53800 total
- age   6:       1064 bytes,      54864 total
: 136667K->119K(153344K), 0.0051425 secs] 279653K->143105K(1031552K), 0.0052400 secs] [Times: user=0.01 sys=0.00, real=0.00 secs] 
2016-08-24T16:20:04.447+0000: 7923.368: Total time for which application threads were stopped: 0.0060450 seconds, Stopping threads took: 0.0000962 seconds
2016-08-24T16:20:04.487+0000: 7923.408: [GC (Allocation Failure) 7923.408: [ParNew
Desired survivor size 8716288 bytes, new threshold 6 (max 6)
- age   1:      62368 bytes,      62368 total
- age   2:       4736 bytes,      67104 total
- age   3:       1000 bytes,      68104 total
- age   5:        968 bytes,      69072 total
: 136439K->84K(153344K), 0.0052370 secs] 279425K->143071K(1031552K), 0.0053418 secs] [Times: user=0.01 sys=0.00, real=0.01 secs] 
2016-08-24T16:20:04.492+0000: 7923.414: Total time for which application threads were stopped: 0.0061347 seconds, Stopping threads took: 0.0000980 seconds
2016-08-24T16:20:04.531+0000: 7923.453: [GC (Allocation Failure) 7923.453: [ParNew
Desired survivor size 8716288 bytes, new threshold 6 (max 6)
- age   1:      54112 bytes,      54112 total
- age   2:        248 bytes,      54360 total
- age   3:       1000 bytes,      55360 total
- age   4:        968 bytes,      56328 total
- age   6:        968 bytes,      57296 total
: 136404K->67K(153344K), 0.0056761 secs] 279391K->143053K(1031552K), 0.0057880 secs] [Times: user=0.01 sys=0.00, real=0.00 secs] 
2016-08-24T16:20:04.537+0000: 7923.459: Total time for which application threads were stopped: 0.0066197 seconds, Stopping threads took: 0.0000877 seconds
2016-08-24T16:20:04.576+0000: 7923.498: [GC (Allocation Failure) 7923.498: [ParNew
Desired survivor size 8716288 bytes, new threshold 6 (max 6)
- age   1:      63824 bytes,      63824 total
- age   2:       8032 bytes,      71856 total
- age   3:        248 bytes,      72104 total
- age   4:       1000 bytes,      73104 total
- age   5:        968 bytes,      74072 total
: 136387K->94K(153344K), 0.0049872 secs] 279373K->143081K(1031552K), 0.0050873 secs] [Times: user=0.00 sys=0.00, real=0.01 secs] 
2016-08-24T16:20:04.581+0000: 7923.503: Total time for which application threads were stopped: 0.0058997 seconds, Stopping threads took: 0.0001016 seconds
2016-08-24T16:20:13.895+0000: 7932.816: [GC (Allocation Failure) 7932.816: [ParNew
Desired survivor size 8716288 bytes, new threshold 6 (max 6)
- age   1:     907552 bytes,     907552 total
- age   3:        968 bytes,     908520 total
- age   5:        968 bytes,     909488 total
- age   6:        968 bytes,     910456 total
: 136414K->899K(153344K), 0.0072238 secs] 279401K->143886K(1031552K), 0.0073508 secs] [Times: user=0.01 sys=0.00, real=0.01 secs] 
2016-08-24T16:20:13.902+0000: 7932.824: Total time for which application threads were stopped: 0.0081923 seconds, Stopping threads took: 0.0000977 seconds
2016-08-24T16:20:13.941+0000: 7932.862: [GC (Allocation Failure) 7932.862: [ParNew
Desired survivor size 8716288 bytes, new threshold 6 (max 6)
- age   1:      78136 bytes,      78136 total
- age   2:     228504 bytes,     306640 total
- age   4:        968 bytes,     307608 total
- age   6:        968 bytes,     308576 total
: 137219K->376K(153344K), 0.0055454 secs] 280206K->143365K(1031552K), 0.0056520 secs] [Times: user=0.01 sys=0.00, real=0.00 secs] 
2016-08-24T16:20:13.946+0000: 7932.868: Total time for which application threads were stopped: 0.0065412 seconds, Stopping threads took: 0.0000984 seconds
2016-08-24T16:20:13.987+0000: 7932.908: [GC (Allocation Failure) 7932.908: [ParNew
Desired survivor size 8716288 bytes, new threshold 6 (max 6)
- age   1:      69632 bytes,      69632 total
- age   2:         72 bytes,      69704 total
- age   3:     219568 bytes,     289272 total
- age   5:        968 bytes,     290240 total
: 136696K->397K(153344K), 0.0062330 secs] 279685K->143387K(1031552K), 0.0063423 secs] [Times: user=0.02 sys=0.00, real=0.01 secs] 
2016-08-24T16:20:13.993+0000: 7932.915: Total time for which application threads were stopped: 0.0071734 seconds, Stopping threads took: 0.0000991 seconds
2016-08-24T16:20:14.033+0000: 7932.955: [GC (Allocation Failure) 7932.955: [ParNew
Desired survivor size 8716288 bytes, new threshold 6 (max 6)
- age   1:      82256 bytes,      82256 total
- age   2:      10384 bytes,      92640 total
- age   3:         72 bytes,      92712 total
- age   4:     219568 bytes,     312280 total
- age   6:        968 bytes,     313248 total
: 136717K->407K(153344K), 0.0057485 secs] 279707K->143397K(1031552K), 0.0058505 secs] [Times: user=0.01 sys=0.00, real=0.00 secs] 
2016-08-24T16:20:14.039+0000: 7932.961: Total time for which application threads were stopped: 0.0067085 seconds, Stopping threads took: 0.0001270 seconds
2016-08-24T16:20:14.080+0000: 7933.002: [GC (Allocation Failure) 7933.002: [ParNew
Desired survivor size 8716288 bytes, new threshold 6 (max 6)
- age   1:      59904 bytes,      59904 total
- age   3:       1096 bytes,      61000 total
- age   4:         72 bytes,      61072 total
- age   5:     217720 bytes,     278792 total
: 136727K->435K(153344K), 0.0054081 secs] 279717K->143425K(1031552K), 0.0055122 secs] [Times: user=0.01 sys=0.00, real=0.00 secs] 
2016-08-24T16:20:14.086+0000: 7933.007: Total time for which application threads were stopped: 0.0063459 seconds, Stopping threads took: 0.0000948 seconds
2016-08-24T16:20:14.125+0000: 7933.046: [GC (Allocation Failure) 7933.046: [ParNew
Desired survivor size 8716288 bytes, new threshold 6 (max 6)
- age   1:      62584 bytes,      62584 total
- age   2:      14088 bytes,      76672 total
- age   4:       1096 bytes,      77768 total
- age   5:         72 bytes,      77840 total
- age   6:     217720 bytes,     295560 total
: 136755K->343K(153344K), 0.0054675 secs] 279745K->143333K(1031552K), 0.0055690 secs] [Times: user=0.01 sys=0.00, real=0.01 secs] 
2016-08-24T16:20:14.131+0000: 7933.052: Total time for which application threads were stopped: 0.0063940 seconds, Stopping threads took: 0.0000965 seconds
2016-08-24T16:20:14.173+0000: 7933.094: [GC (Allocation Failure) 7933.094: [ParNew
Desired survivor size 8716288 bytes, new threshold 6 (max 6)
- age   1:      57824 bytes,      57824 total
- age   3:       1000 bytes,      58824 total
- age   5:       1064 bytes,      59888 total
- age   6:         72 bytes,      59960 total
: 136663K->262K(153344K), 0.0060932 secs] 279653K->143467K(1031552K), 0.0062193 secs] [Times: user=0.01 sys=0.00, real=0.00 secs] 
2016-08-24T16:20:14.179+0000: 7933.101: Total time for which application threads were stopped: 0.0071654 seconds, Stopping threads took: 0.0001162 seconds
2016-08-24T16:20:14.217+0000: 7933.139: [GC (Allocation Failure) 7933.139: [ParNew
Desired survivor size 8716288 bytes, new threshold 6 (max 6)
- age   1:      83232 bytes,      83232 total
- age   2:      16592 bytes,      99824 total
- age   4:       1000 bytes,     100824 total
- age   6:       1064 bytes,     101888 total
: 136582K->127K(153344K), 0.0053875 secs] 279787K->143333K(1031552K), 0.0054992 secs] [Times: user=0.01 sys=0.00, real=0.01 secs] 
2016-08-24T16:20:14.223+0000: 7933.145: Total time for which application threads were stopped: 0.0063369 seconds, Stopping threads took: 0.0000963 seconds
2016-08-24T16:20:14.264+0000: 7933.185: [GC (Allocation Failure) 7933.185: [ParNew
Desired survivor size 8716288 bytes, new threshold 6 (max 6)
- age   1:      75896 bytes,      75896 total
- age   3:       1000 bytes,      76896 total
- age   5:        968 bytes,      77864 total
: 136447K->131K(153344K), 0.0050825 secs] 279653K->143338K(1031552K), 0.0051801 secs] [Times: user=0.01 sys=0.00, real=0.01 secs] 
2016-08-24T16:20:14.269+0000: 7933.190: Total time for which application threads were stopped: 0.0059836 seconds, Stopping threads took: 0.0001005 seconds
2016-08-24T16:20:14.306+0000: 7933.228: [GC (Allocation Failure) 7933.228: [ParNew
Desired survivor size 8716288 bytes, new threshold 6 (max 6)
- age   1:      85952 bytes,      85952 total
- age   2:      19336 bytes,     105288 total
- age   4:       1000 bytes,     106288 total
- age   6:        968 bytes,     107256 total
: 136451K->112K(153344K), 0.0051495 secs] 279658K->143319K(1031552K), 0.0052601 secs] [Times: user=0.01 sys=0.00, real=0.01 secs] 
2016-08-24T16:20:14.312+0000: 7933.233: Total time for which application threads were stopped: 0.0060937 seconds, Stopping threads took: 0.0000988 seconds
2016-08-24T16:20:14.353+0000: 7933.274: [GC (Allocation Failure) 7933.274: [ParNew
Desired survivor size 8716288 bytes, new threshold 6 (max 6)
- age   1:      75816 bytes,      75816 total
- age   3:       1000 bytes,      76816 total
- age   5:        968 bytes,      77784 total
: 136432K->97K(153344K), 0.0055645 secs] 279639K->143305K(1031552K), 0.0056754 secs] [Times: user=0.01 sys=0.00, real=0.00 secs] 
2016-08-24T16:20:14.358+0000: 7933.280: Total time for which application threads were stopped: 0.0065911 seconds, Stopping threads took: 0.0000994 seconds
2016-08-24T16:20:15.383+0000: 7934.305: [GC (Allocation Failure) 7934.305: [ParNew
Desired survivor size 8716288 bytes, new threshold 6 (max 6)
- age   1:     364032 bytes,     364032 total
- age   2:        968 bytes,     365000 total
- age   4:        968 bytes,     365968 total
- age   6:        968 bytes,     366936 total
: 136417K->397K(153344K), 0.0121229 secs] 279625K->143605K(1031552K), 0.0123291 secs] [Times: user=0.02 sys=0.00, real=0.01 secs] 
2016-08-24T16:20:15.395+0000: 7934.317: Total time for which application threads were stopped: 0.0142373 seconds, Stopping threads took: 0.0002144 seconds
2016-08-24T16:20:24.493+0000: 7943.414: [GC (Allocation Failure) 7943.415: [ParNew
Desired survivor size 8716288 bytes, new threshold 6 (max 6)
- age   1:    1092008 bytes,    1092008 total
- age   2:      93296 bytes,    1185304 total
- age   3:        968 bytes,    1186272 total
- age   5:        968 bytes,    1187240 total
: 136717K->1223K(153344K), 0.0081325 secs] 279925K->144432K(1031552K), 0.0082626 secs] [Times: user=0.02 sys=0.00, real=0.01 secs] 
2016-08-24T16:20:24.501+0000: 7943.423: Total time for which application threads were stopped: 0.0091506 seconds, Stopping threads took: 0.0000973 seconds
2016-08-24T16:20:24.543+0000: 7943.464: [GC (Allocation Failure) 7943.464: [ParNew
Desired survivor size 8716288 bytes, new threshold 6 (max 6)
- age   1:      81344 bytes,      81344 total
- age   2:     224304 bytes,     305648 total
- age   3:      90840 bytes,     396488 total
- age   4:        968 bytes,     397456 total
- age   6:        968 bytes,     398424 total
: 137543K->604K(153344K), 0.0056511 secs] 280752K->143813K(1031552K), 0.0057580 secs] [Times: user=0.01 sys=0.00, real=0.01 secs] 
2016-08-24T16:20:24.548+0000: 7943.470: Total time for which application threads were stopped: 0.0066295 seconds, Stopping threads took: 0.0001276 seconds
2016-08-24T16:20:24.587+0000: 7943.509: [GC (Allocation Failure) 7943.509: [ParNew
Desired survivor size 8716288 bytes, new threshold 6 (max 6)
- age   1:      76192 bytes,      76192 total
- age   2:         24 bytes,      76216 total
- age   3:     202088 bytes,     278304 total
- age   4:      90840 bytes,     369144 total
- age   5:        968 bytes,     370112 total
: 136924K->539K(153344K), 0.0055915 secs] 280133K->143749K(1031552K), 0.0056922 secs] [Times: user=0.01 sys=0.00, real=0.01 secs] 
2016-08-24T16:20:24.593+0000: 7943.515: Total time for which application threads were stopped: 0.0064882 seconds, Stopping threads took: 0.0000949 seconds
2016-08-24T16:20:24.634+0000: 7943.556: [GC (Allocation Failure) 7943.556: [ParNew
Desired survivor size 8716288 bytes, new threshold 6 (max 6)
- age   1:      71744 bytes,      71744 total
- age   2:       1096 bytes,      72840 total
- age   3:         24 bytes,      72864 total
- age   4:     200240 bytes,     273104 total
- age   5:      90840 bytes,     363944 total
- age   6:        968 bytes,     364912 total
: 136859K->526K(153344K), 0.0051880 secs] 280069K->143736K(1031552K), 0.0052988 secs] [Times: user=0.01 sys=0.00, real=0.00 secs] 
2016-08-24T16:20:24.640+0000: 7943.561: Total time for which application threads were stopped: 0.0061236 seconds, Stopping threads took: 0.0001006 seconds
2016-08-24T16:20:24.678+0000: 7943.599: [GC (Allocation Failure) 7943.599: [ParNew
Desired survivor size 8716288 bytes, new threshold 6 (max 6)
- age   1:      76304 bytes,      76304 total
- age   2:       5064 bytes,      81368 total
- age   3:       1096 bytes,      82464 total
- age   4:         24 bytes,      82488 total
- age   5:     200240 bytes,     282728 total
- age   6:      90840 bytes,     373568 total
: 136846K->518K(153344K), 0.0053342 secs] 280056K->143728K(1031552K), 0.0054477 secs] [Times: user=0.01 sys=0.00, real=0.01 secs] 
2016-08-24T16:20:24.683+0000: 7943.605: Total time for which application threads were stopped: 0.0062878 seconds, Stopping threads took: 0.0001019 seconds
2016-08-24T16:20:24.722+0000: 7943.644: [GC (Allocation Failure) 7943.644: [ParNew
Desired survivor size 8716288 bytes, new threshold 6 (max 6)
- age   1:      53640 bytes,      53640 total
- age   3:       1000 bytes,      54640 total
- age   4:       1064 bytes,      55704 total
- age   5:         24 bytes,      55728 total
- age   6:     198424 bytes,     254152 total
: 136838K->529K(153344K), 0.0055625 secs] 280048K->143831K(1031552K), 0.0056769 secs] [Times: user=0.01 sys=0.00, real=0.00 secs] 
2016-08-24T16:20:24.728+0000: 7943.650: Total time for which application threads were stopped: 0.0066041 seconds, Stopping threads took: 0.0001194 seconds
2016-08-24T16:20:24.769+0000: 7943.690: [GC (Allocation Failure) 7943.690: [ParNew
Desired survivor size 8716288 bytes, new threshold 6 (max 6)
- age   1:      73872 bytes,      73872 total
- age   2:       8808 bytes,      82680 total
- age   4:       1000 bytes,      83680 total
- age   5:       1064 bytes,      84744 total
- age   6:         24 bytes,      84768 total
: 136849K->195K(153344K), 0.0061794 secs] 280151K->143695K(1031552K), 0.0062725 secs] [Times: user=0.02 sys=0.00, real=0.00 secs] 
2016-08-24T16:20:24.775+0000: 7943.697: Total time for which application threads were stopped: 0.0071097 seconds, Stopping threads took: 0.0000999 seconds
2016-08-24T16:20:24.814+0000: 7943.735: [GC (Allocation Failure) 7943.735: [ParNew
Desired survivor size 8716288 bytes, new threshold 6 (max 6)
- age   1:      67912 bytes,      67912 total
- age   3:       1000 bytes,      68912 total
- age   5:        968 bytes,      69880 total
- age   6:       1064 bytes,      70944 total
: 136515K->114K(153344K), 0.0056448 secs] 280015K->143613K(1031552K), 0.0057558 secs] [Times: user=0.02 sys=0.00, real=0.00 secs] 
2016-08-24T16:20:24.820+0000: 7943.741: Total time for which application threads were stopped: 0.0066068 seconds, Stopping threads took: 0.0001077 seconds
2016-08-24T16:20:24.860+0000: 7943.782: [GC (Allocation Failure) 7943.782: [ParNew
Desired survivor size 8716288 bytes, new threshold 6 (max 6)
- age   1:      76680 bytes,      76680 total
- age   2:      11952 bytes,      88632 total
- age   4:       1000 bytes,      89632 total
- age   6:        968 bytes,      90600 total
: 136434K->103K(153344K), 0.0055796 secs] 279933K->143603K(1031552K), 0.0056936 secs] [Times: user=0.01 sys=0.00, real=0.00 secs] 
2016-08-24T16:20:24.866+0000: 7943.788: Total time for which application threads were stopped: 0.0065578 seconds, Stopping threads took: 0.0001165 seconds
2016-08-24T16:20:24.907+0000: 7943.828: [GC (Allocation Failure) 7943.828: [ParNew
Desired survivor size 8716288 bytes, new threshold 6 (max 6)
- age   1:      62824 bytes,      62824 total
- age   3:       1000 bytes,      63824 total
- age   5:        968 bytes,      64792 total
: 136423K->78K(153344K), 0.0061402 secs] 279923K->143580K(1031552K), 0.0062592 secs] [Times: user=0.01 sys=0.00, real=0.01 secs] 
2016-08-24T16:20:24.913+0000: 7943.835: Total time for which application threads were stopped: 0.0071225 seconds, Stopping threads took: 0.0000996 seconds
2016-08-24T16:20:24.955+0000: 7943.876: [GC (Allocation Failure) 7943.876: [ParNew
Desired survivor size 8716288 bytes, new threshold 6 (max 6)
- age   1:      77376 bytes,      77376 total
- age   2:      14584 bytes,      91960 total
- age   4:       1000 bytes,      92960 total
- age   6:        968 bytes,      93928 total
: 136398K->113K(153344K), 0.0059642 secs] 279900K->143614K(1031552K), 0.0060633 secs] [Times: user=0.02 sys=0.00, real=0.01 secs] 
2016-08-24T16:20:24.961+0000: 7943.882: Total time for which application threads were stopped: 0.0068613 seconds, Stopping threads took: 0.0001019 seconds
2016-08-24T16:20:34.424+0000: 7953.345: [GC (Allocation Failure) 7953.345: [ParNew
Desired survivor size 8716288 bytes, new threshold 6 (max 6)
- age   1:     842488 bytes,     842488 total
- age   3:        968 bytes,     843456 total
- age   5:        968 bytes,     844424 total
: 136433K->839K(153344K), 0.0081774 secs] 279934K->144341K(1031552K), 0.0082993 secs] [Times: user=0.01 sys=0.00, real=0.01 secs] 
2016-08-24T16:20:34.432+0000: 7953.354: Total time for which application threads were stopped: 0.0091370 seconds, Stopping threads took: 0.0000970 seconds
2016-08-24T16:20:34.473+0000: 7953.394: [GC (Allocation Failure) 7953.394: [ParNew
Desired survivor size 8716288 bytes, new threshold 6 (max 6)
- age   1:      71720 bytes,      71720 total
- age   2:     236344 bytes,     308064 total
- age   4:        968 bytes,     309032 total
- age   6:        968 bytes,     310000 total
: 137159K->430K(153344K), 0.0058365 secs] 280661K->143932K(1031552K), 0.0059409 secs] [Times: user=0.01 sys=0.00, real=0.00 secs] 
2016-08-24T16:20:34.479+0000: 7953.400: Total time for which application threads were stopped: 0.0067904 seconds, Stopping threads took: 0.0000982 seconds
2016-08-24T16:20:34.521+0000: 7953.442: [GC (Allocation Failure) 7953.442: [ParNew
Desired survivor size 8716288 bytes, new threshold 6 (max 6)
- age   1:      65992 bytes,      65992 total
- age   2:         72 bytes,      66064 total
- age   3:     219728 bytes,     285792 total
- age   5:        968 bytes,     286760 total
: 136750K->412K(153344K), 0.0061956 secs] 280252K->143915K(1031552K), 0.0063217 secs] [Times: user=0.01 sys=0.00, real=0.00 secs] 
2016-08-24T16:20:34.527+0000: 7953.449: Total time for which application threads were stopped: 0.0072368 seconds, Stopping threads took: 0.0001035 seconds
2016-08-24T16:20:34.568+0000: 7953.489: [GC (Allocation Failure) 7953.490: [ParNew
Desired survivor size 8716288 bytes, new threshold 6 (max 6)
- age   1:      78712 bytes,      78712 total
- age   2:      18080 bytes,      96792 total
- age   3:         72 bytes,      96864 total
- age   4:     219728 bytes,     316592 total
- age   6:        968 bytes,     317560 total
: 136732K->405K(153344K), 0.0061907 secs] 280235K->143908K(1031552K), 0.0063056 secs] [Times: user=0.01 sys=0.00, real=0.01 secs] 
2016-08-24T16:20:34.574+0000: 7953.496: Total time for which application threads were stopped: 0.0071538 seconds, Stopping threads took: 0.0001013 seconds
2016-08-24T16:20:34.617+0000: 7953.538: [GC (Allocation Failure) 7953.538: [ParNew
Desired survivor size 8716288 bytes, new threshold 6 (max 6)
- age   1:      60616 bytes,      60616 total
- age   3:       1520 bytes,      62136 total
- age   4:         72 bytes,      62208 total
- age   5:     217880 bytes,     280088 total
: 136725K->302K(153344K), 0.0064561 secs] 280228K->143806K(1031552K), 0.0065763 secs] [Times: user=0.01 sys=0.00, real=0.01 secs] 
2016-08-24T16:20:34.623+0000: 7953.545: Total time for which application threads were stopped: 0.0074690 seconds, Stopping threads took: 0.0001021 seconds
2016-08-24T16:20:34.663+0000: 7953.585: [GC (Allocation Failure) 7953.585: [ParNew
Desired survivor size 8716288 bytes, new threshold 6 (max 6)
- age   1:      85792 bytes,      85792 total
- age   2:      20696 bytes,     106488 total
- age   4:       1520 bytes,     108008 total
- age   5:         72 bytes,     108080 total
- age   6:     217880 bytes,     325960 total
: 136622K->406K(153344K), 0.0069736 secs] 280126K->143911K(1031552K), 0.0071074 secs] [Times: user=0.01 sys=0.00, real=0.01 secs] 
2016-08-24T16:20:34.670+0000: 7953.592: Total time for which application threads were stopped: 0.0079848 seconds, Stopping threads took: 0.0001006 seconds
2016-08-24T16:20:34.685+0000: 7953.606: Total time for which application threads were stopped: 0.0035275 seconds, Stopping threads took: 0.0028967 seconds
2016-08-24T16:20:34.686+0000: 7953.607: Total time for which application threads were stopped: 0.0006631 seconds, Stopping threads took: 0.0001399 seconds
2016-08-24T16:20:34.686+0000: 7953.608: Total time for which application threads were stopped: 0.0006198 seconds, Stopping threads took: 0.0000587 seconds
2016-08-24T16:20:34.720+0000: 7953.641: [GC (Allocation Failure) 7953.641: [ParNew
Desired survivor size 8716288 bytes, new threshold 6 (max 6)
- age   1:      74528 bytes,      74528 total
- age   3:       1000 bytes,      75528 total
- age   5:       1416 bytes,      76944 total
- age   6:         72 bytes,      77016 total
: 136726K->310K(153344K), 0.0064967 secs] 280231K->144029K(1031552K), 0.0066143 secs] [Times: user=0.02 sys=0.00, real=0.01 secs] 
2016-08-24T16:20:34.727+0000: 7953.648: Total time for which application threads were stopped: 0.0074814 seconds, Stopping threads took: 0.0001029 seconds
2016-08-24T16:20:34.767+0000: 7953.689: [GC (Allocation Failure) 7953.689: [ParNew
Desired survivor size 8716288 bytes, new threshold 6 (max 6)
- age   1:      63728 bytes,      63728 total
- age   2:       8480 bytes,      72208 total
- age   4:        968 bytes,      73176 total
- age   6:       1416 bytes,      74592 total
: 136630K->110K(153344K), 0.0051623 secs] 280349K->143829K(1031552K), 0.0052481 secs] [Times: user=0.01 sys=0.00, real=0.01 secs] 
2016-08-24T16:20:34.772+0000: 7953.694: Total time for which application threads were stopped: 0.0060375 seconds, Stopping threads took: 0.0000952 seconds
2016-08-24T16:20:34.811+0000: 7953.732: [GC (Allocation Failure) 7953.732: [ParNew
Desired survivor size 8716288 bytes, new threshold 6 (max 6)
- age   1:      92736 bytes,      92736 total
- age   2:       4976 bytes,      97712 total
- age   3:       8408 bytes,     106120 total
- age   5:        968 bytes,     107088 total
: 136430K->121K(153344K), 0.0056514 secs] 280149K->143841K(1031552K), 0.0057650 secs] [Times: user=0.01 sys=0.00, real=0.00 secs] 
2016-08-24T16:20:34.816+0000: 7953.738: Total time for which application threads were stopped: 0.0066956 seconds, Stopping threads took: 0.0001152 seconds
2016-08-24T16:20:34.859+0000: 7953.781: [GC (Allocation Failure) 7953.781: [ParNew
Desired survivor size 8716288 bytes, new threshold 6 (max 6)
- age   1:      55232 bytes,      55232 total
- age   2:       5656 bytes,      60888 total
- age   3:       1000 bytes,      61888 total
- age   4:       8376 bytes,      70264 total
- age   6:        968 bytes,      71232 total
: 136441K->122K(153344K), 0.0052763 secs] 280161K->143843K(1031552K), 0.0053921 secs] [Times: user=0.01 sys=0.00, real=0.01 secs] 
2016-08-24T16:20:34.865+0000: 7953.786: Total time for which application threads were stopped: 0.0062980 seconds, Stopping threads took: 0.0001173 seconds
2016-08-24T16:20:34.882+0000: 7953.804: Total time for which application threads were stopped: 0.0007637 seconds, Stopping threads took: 0.0001480 seconds
2016-08-24T16:20:34.882+0000: 7953.804: Total time for which application threads were stopped: 0.0003375 seconds, Stopping threads took: 0.0000430 seconds
2016-08-24T16:20:34.883+0000: 7953.804: Total time for which application threads were stopped: 0.0004119 seconds, Stopping threads took: 0.0000560 seconds
2016-08-24T16:20:34.906+0000: 7953.827: [GC (Allocation Failure) 7953.827: [ParNew
Desired survivor size 8716288 bytes, new threshold 6 (max 6)
- age   1:      71096 bytes,      71096 total
- age   2:       8656 bytes,      79752 total
- age   3:       5656 bytes,      85408 total
- age   4:       1000 bytes,      86408 total
- age   5:       8376 bytes,      94784 total
: 136442K->103K(153344K), 0.0054456 secs] 280163K->143825K(1031552K), 0.0055439 secs] [Times: user=0.01 sys=0.00, real=0.01 secs] 
2016-08-24T16:20:34.911+0000: 7953.833: Total time for which application threads were stopped: 0.0063451 seconds, Stopping threads took: 0.0000989 seconds
2016-08-24T16:20:37.913+0000: 7956.835: Total time for which application threads were stopped: 0.0010910 seconds, Stopping threads took: 0.0001260 seconds
2016-08-24T16:20:44.585+0000: 7963.507: [GC (Allocation Failure) 7963.507: [ParNew
Desired survivor size 8716288 bytes, new threshold 6 (max 6)
- age   1:    1148520 bytes,    1148520 total
- age   2:       1032 bytes,    1149552 total
- age   3:        968 bytes,    1150520 total
- age   4:       3968 bytes,    1154488 total
- age   5:        968 bytes,    1155456 total
- age   6:       2152 bytes,    1157608 total
: 136423K->1157K(153344K), 0.0091721 secs] 280145K->144878K(1031552K), 0.0093089 secs] [Times: user=0.01 sys=0.00, real=0.01 secs] 
2016-08-24T16:20:44.595+0000: 7963.516: Total time for which application threads were stopped: 0.0101119 seconds, Stopping threads took: 0.0000866 seconds
2016-08-24T16:20:44.636+0000: 7963.558: [GC (Allocation Failure) 7963.558: [ParNew
Desired survivor size 8716288 bytes, new threshold 6 (max 6)
- age   1:      85040 bytes,      85040 total
- age   2:     310728 bytes,     395768 total
- age   3:       1032 bytes,     396800 total
- age   4:        968 bytes,     397768 total
- age   5:        304 bytes,     398072 total
- age   6:        968 bytes,     399040 total
: 137477K->580K(153344K), 0.0074425 secs] 281198K->144304K(1031552K), 0.0075927 secs] [Times: user=0.02 sys=0.00, real=0.01 secs] 
2016-08-24T16:20:44.644+0000: 7963.566: Total time for which application threads were stopped: 0.0084091 seconds, Stopping threads took: 0.0000939 seconds
2016-08-24T16:20:44.684+0000: 7963.605: [GC (Allocation Failure) 7963.605: [ParNew
Desired survivor size 8716288 bytes, new threshold 6 (max 6)
- age   1:      52976 bytes,      52976 total
- age   2:        328 bytes,      53304 total
- age   3:     301872 bytes,     355176 total
- age   4:       1032 bytes,     356208 total
- age   5:        968 bytes,     357176 total
- age   6:        304 bytes,     357480 total
: 136900K->535K(153344K), 0.0070239 secs] 280624K->144260K(1031552K), 0.0071342 secs] [Times: user=0.02 sys=0.00, real=0.01 secs] 
2016-08-24T16:20:44.691+0000: 7963.612: Total time for which application threads were stopped: 0.0079098 seconds, Stopping threads took: 0.0000873 seconds
2016-08-24T16:20:44.731+0000: 7963.652: [GC (Allocation Failure) 7963.652: [ParNew
Desired survivor size 8716288 bytes, new threshold 6 (max 6)
- age   1:      66064 bytes,      66064 total
- age   2:      10384 bytes,      76448 total
- age   3:        328 bytes,      76776 total
- age   4:     301872 bytes,     378648 total
- age   5:       1032 bytes,     379680 total
- age   6:        968 bytes,     380648 total
: 136855K->514K(153344K), 0.0070803 secs] 280580K->144240K(1031552K), 0.0071908 secs] [Times: user=0.01 sys=0.00, real=0.00 secs] 
2016-08-24T16:20:44.738+0000: 7963.660: Total time for which application threads were stopped: 0.0079754 seconds, Stopping threads took: 0.0000879 seconds
2016-08-24T16:20:44.778+0000: 7963.699: [GC (Allocation Failure) 7963.700: [ParNew
Desired survivor size 8716288 bytes, new threshold 6 (max 6)
- age   1:      71280 bytes,      71280 total
- age   3:       1096 bytes,      72376 total
- age   4:        328 bytes,      72704 total
- age   5:     300024 bytes,     372728 total
- age   6:       1032 bytes,     373760 total
: 136834K->369K(153344K), 0.0069234 secs] 280560K->144096K(1031552K), 0.0070485 secs] [Times: user=0.02 sys=0.00, real=0.01 secs] 
2016-08-24T16:20:44.785+0000: 7963.707: Total time for which application threads were stopped: 0.0078263 seconds, Stopping threads took: 0.0000883 seconds
2016-08-24T16:20:44.824+0000: 7963.745: [GC (Allocation Failure) 7963.746: [ParNew
Desired survivor size 8716288 bytes, new threshold 6 (max 6)
- age   1:      69280 bytes,      69280 total
- age   2:      14088 bytes,      83368 total
- age   4:       1096 bytes,      84464 total
- age   5:        328 bytes,      84792 total
- age   6:     300024 bytes,     384816 total
: 136689K->528K(153344K), 0.0062078 secs] 280416K->144255K(1031552K), 0.0063084 secs] [Times: user=0.01 sys=0.00, real=0.01 secs] 
2016-08-24T16:20:44.830+0000: 7963.752: Total time for which application threads were stopped: 0.0070720 seconds, Stopping threads took: 0.0000897 seconds
2016-08-24T16:20:44.869+0000: 7963.791: [GC (Allocation Failure) 7963.791: [ParNew
Desired survivor size 8716288 bytes, new threshold 6 (max 6)
- age   1:      56520 bytes,      56520 total
- age   3:       1000 bytes,      57520 total
- age   5:       1064 bytes,      58584 total
- age   6:        328 bytes,      58912 total
: 136848K->371K(153344K), 0.0071064 secs] 280575K->144395K(1031552K), 0.0072092 secs] [Times: user=0.01 sys=0.00, real=0.00 secs] 
2016-08-24T16:20:44.877+0000: 7963.798: Total time for which application threads were stopped: 0.0079857 seconds, Stopping threads took: 0.0000872 seconds
2016-08-24T16:20:44.914+0000: 7963.836: [GC (Allocation Failure) 7963.836: [ParNew
Desired survivor size 8716288 bytes, new threshold 6 (max 6)
- age   1:      86656 bytes,      86656 total
- age   2:      16360 bytes,     103016 total
- age   4:       1000 bytes,     104016 total
- age   6:       1064 bytes,     105080 total
: 136691K->168K(153344K), 0.0058977 secs] 280715K->144192K(1031552K), 0.0059944 secs] [Times: user=0.01 sys=0.00, real=0.01 secs] 
2016-08-24T16:20:44.920+0000: 7963.842: Total time for which application threads were stopped: 0.0067707 seconds, Stopping threads took: 0.0000911 seconds
2016-08-24T16:20:44.959+0000: 7963.880: [GC (Allocation Failure) 7963.881: [ParNew
Desired survivor size 8716288 bytes, new threshold 6 (max 6)
- age   1:      66496 bytes,      66496 total
- age   3:       1000 bytes,      67496 total
- age   5:        968 bytes,      68464 total
: 136488K->106K(153344K), 0.0066695 secs] 280512K->144132K(1031552K), 0.0067762 secs] [Times: user=0.01 sys=0.00, real=0.01 secs] 
2016-08-24T16:20:44.966+0000: 7963.887: Total time for which application threads were stopped: 0.0075527 seconds, Stopping threads took: 0.0000912 seconds
2016-08-24T16:20:45.005+0000: 7963.927: [GC (Allocation Failure) 7963.927: [ParNew
Desired survivor size 8716288 bytes, new threshold 6 (max 6)
- age   1:      61928 bytes,      61928 total
- age   2:      19336 bytes,      81264 total
- age   4:       1000 bytes,      82264 total
- age   6:        968 bytes,      83232 total
: 136426K->93K(153344K), 0.0058227 secs] 280452K->144119K(1031552K), 0.0059196 secs] [Times: user=0.01 sys=0.00, real=0.01 secs] 
2016-08-24T16:20:45.011+0000: 7963.933: Total time for which application threads were stopped: 0.0066968 seconds, Stopping threads took: 0.0000887 seconds
2016-08-24T16:20:45.050+0000: 7963.972: [GC (Allocation Failure) 7963.972: [ParNew
Desired survivor size 8716288 bytes, new threshold 6 (max 6)
- age   1:      73776 bytes,      73776 total
- age   3:       1000 bytes,      74776 total
- age   5:        968 bytes,      75744 total
: 136413K->99K(153344K), 0.0058696 secs] 280439K->144126K(1031552K), 0.0059687 secs] [Times: user=0.01 sys=0.00, real=0.00 secs] 
2016-08-24T16:20:45.056+0000: 7963.978: Total time for which application threads were stopped: 0.0068608 seconds, Stopping threads took: 0.0001082 seconds
2016-08-24T16:20:46.651+0000: 7965.572: [GC (Allocation Failure) 7965.572: [ParNew
Desired survivor size 8716288 bytes, new threshold 6 (max 6)
- age   1:     294208 bytes,     294208 total
- age   2:        968 bytes,     295176 total
- age   4:        968 bytes,     296144 total
- age   6:        968 bytes,     297112 total
: 136419K->300K(153344K), 0.0069339 secs] 280446K->144326K(1031552K), 0.0071410 secs] [Times: user=0.01 sys=0.00, real=0.00 secs] 
2016-08-24T16:20:46.658+0000: 7965.580: Total time for which application threads were stopped: 0.0091366 seconds, Stopping threads took: 0.0002281 seconds
2016-08-24T16:20:54.377+0000: 7973.298: Total time for which application threads were stopped: 0.0029179 seconds, Stopping threads took: 0.0000838 seconds
2016-08-24T16:20:54.377+0000: 7973.299: Total time for which application threads were stopped: 0.0004394 seconds, Stopping threads took: 0.0000406 seconds
2016-08-24T16:20:54.378+0000: 7973.299: Total time for which application threads were stopped: 0.0003782 seconds, Stopping threads took: 0.0000673 seconds
2016-08-24T16:20:54.417+0000: 7973.339: [GC (Allocation Failure) 7973.339: [ParNew
Desired survivor size 8716288 bytes, new threshold 6 (max 6)
- age   1:     801504 bytes,     801504 total
- age   2:      92024 bytes,     893528 total
- age   3:        968 bytes,     894496 total
- age   5:        968 bytes,     895464 total
: 136620K->891K(153344K), 0.0070285 secs] 280646K->144919K(1031552K), 0.0071493 secs] [Times: user=0.01 sys=0.00, real=0.01 secs] 
2016-08-24T16:20:54.425+0000: 7973.346: Total time for which application threads were stopped: 0.0079842 seconds, Stopping threads took: 0.0000937 seconds
2016-08-24T16:20:54.466+0000: 7973.387: [GC (Allocation Failure) 7973.387: [ParNew
Desired survivor size 8716288 bytes, new threshold 6 (max 6)
- age   1:      63064 bytes,      63064 total
- age   2:     205600 bytes,     268664 total
- age   3:      89352 bytes,     358016 total
- age   4:        968 bytes,     358984 total
- age   6:        968 bytes,     359952 total
: 137211K->548K(153344K), 0.0056557 secs] 281239K->144576K(1031552K), 0.0057570 secs] [Times: user=0.01 sys=0.00, real=0.01 secs] 
2016-08-24T16:20:54.472+0000: 7973.393: Total time for which application threads were stopped: 0.0065615 seconds, Stopping threads took: 0.0000889 seconds
2016-08-24T16:20:54.512+0000: 7973.433: [GC (Allocation Failure) 7973.433: [ParNew
Desired survivor size 8716288 bytes, new threshold 6 (max 6)
- age   1:      61296 bytes,      61296 total
- age   2:       4200 bytes,      65496 total
- age   3:     205096 bytes,     270592 total
- age   4:      89352 bytes,     359944 total
- age   5:        968 bytes,     360912 total
: 136868K->606K(153344K), 0.0063814 secs] 280896K->144634K(1031552K), 0.0064919 secs] [Times: user=0.02 sys=0.00, real=0.00 secs] 
2016-08-24T16:20:54.518+0000: 7973.440: Total time for which application threads were stopped: 0.0073098 seconds, Stopping threads took: 0.0000968 seconds
2016-08-24T16:20:54.561+0000: 7973.482: [GC (Allocation Failure) 7973.482: [ParNew
Desired survivor size 8716288 bytes, new threshold 6 (max 6)
- age   1:      55752 bytes,      55752 total
- age   2:        336 bytes,      56088 total
- age   3:       1096 bytes,      57184 total
- age   4:     203248 bytes,     260432 total
- age   5:      89352 bytes,     349784 total
- age   6:        968 bytes,     350752 total
: 136926K->415K(153344K), 0.0065436 secs] 280954K->144443K(1031552K), 0.0066622 secs] [Times: user=0.01 sys=0.00, real=0.00 secs] 
2016-08-24T16:20:54.568+0000: 7973.489: Total time for which application threads were stopped: 0.0075864 seconds, Stopping threads took: 0.0001161 seconds
2016-08-24T16:20:54.609+0000: 7973.530: [GC (Allocation Failure) 7973.530: [ParNew
Desired survivor size 8716288 bytes, new threshold 6 (max 6)
- age   1:      67336 bytes,      67336 total
- age   2:       6136 bytes,      73472 total
- age   3:        264 bytes,      73736 total
- age   4:       1096 bytes,      74832 total
- age   5:     203120 bytes,     277952 total
- age   6:      89352 bytes,     367304 total
: 136735K->453K(153344K), 0.0065057 secs] 280763K->144483K(1031552K), 0.0066323 secs] [Times: user=0.01 sys=0.00, real=0.00 secs] 
2016-08-24T16:20:54.615+0000: 7973.537: Total time for which application threads were stopped: 0.0075156 seconds, Stopping threads took: 0.0000980 seconds
2016-08-24T16:20:54.658+0000: 7973.579: [GC (Allocation Failure) 7973.579: [ParNew
Desired survivor size 8716288 bytes, new threshold 6 (max 6)
- age   1:      56568 bytes,      56568 total
- age   2:        360 bytes,      56928 total
- age   3:       1000 bytes,      57928 total
- age   4:        264 bytes,      58192 total
- age   5:       1064 bytes,      59256 total
- age   6:     201304 bytes,     260560 total
: 136773K->347K(153344K), 0.0063609 secs] 280803K->144466K(1031552K), 0.0064916 secs] [Times: user=0.01 sys=0.00, real=0.01 secs] 
2016-08-24T16:20:54.664+0000: 7973.586: Total time for which application threads were stopped: 0.0073629 seconds, Stopping threads took: 0.0001027 seconds
2016-08-24T16:20:54.705+0000: 7973.626: [GC (Allocation Failure) 7973.626: [ParNew
Desired survivor size 8716288 bytes, new threshold 6 (max 6)
- age   1:      62872 bytes,      62872 total
- age   2:       9432 bytes,      72304 total
- age   3:        360 bytes,      72664 total
- age   4:       1000 bytes,      73664 total
- age   5:        264 bytes,      73928 total
- age   6:       1064 bytes,      74992 total
: 136667K->276K(153344K), 0.0070158 secs] 280786K->144597K(1031552K), 0.0071372 secs] [Times: user=0.01 sys=0.00, real=0.01 secs] 
2016-08-24T16:20:54.712+0000: 7973.633: Total time for which application threads were stopped: 0.0080491 seconds, Stopping threads took: 0.0001046 seconds
2016-08-24T16:20:54.754+0000: 7973.675: [GC (Allocation Failure) 7973.675: [ParNew
Desired survivor size 8716288 bytes, new threshold 6 (max 6)
- age   1:      80840 bytes,      80840 total
- age   3:       1000 bytes,      81840 total
- age   4:        360 bytes,      82200 total
- age   5:        968 bytes,      83168 total
- age   6:        264 bytes,      83432 total
: 136596K->138K(153344K), 0.0060277 secs] 280917K->144459K(1031552K), 0.0061422 secs] [Times: user=0.01 sys=0.00, real=0.00 secs] 
2016-08-24T16:20:54.760+0000: 7973.682: Total time for which application threads were stopped: 0.0069928 seconds, Stopping threads took: 0.0001012 seconds
2016-08-24T16:20:54.801+0000: 7973.722: [GC (Allocation Failure) 7973.722: [ParNew
Desired survivor size 8716288 bytes, new threshold 6 (max 6)
- age   1:      93208 bytes,      93208 total
- age   2:      12992 bytes,     106200 total
- age   4:       1000 bytes,     107200 total
- age   5:        360 bytes,     107560 total
- age   6:        968 bytes,     108528 total
: 136458K->120K(153344K), 0.0062644 secs] 280779K->144442K(1031552K), 0.0063877 secs] [Times: user=0.01 sys=0.00, real=0.00 secs] 
2016-08-24T16:20:54.807+0000: 7973.729: Total time for which application threads were stopped: 0.0073018 seconds, Stopping threads took: 0.0001053 seconds
2016-08-24T16:20:54.849+0000: 7973.771: [GC (Allocation Failure) 7973.771: [ParNew
Desired survivor size 8716288 bytes, new threshold 6 (max 6)
- age   1:      66024 bytes,      66024 total
- age   3:       1000 bytes,      67024 total
- age   5:        968 bytes,      67992 total
- age   6:        360 bytes,      68352 total
: 136440K->95K(153344K), 0.0059677 secs] 280762K->144418K(1031552K), 0.0060845 secs] [Times: user=0.02 sys=0.00, real=0.00 secs] 
2016-08-24T16:20:54.856+0000: 7973.777: Total time for which application threads were stopped: 0.0069724 seconds, Stopping threads took: 0.0001037 seconds
2016-08-24T16:20:54.897+0000: 7973.819: [GC (Allocation Failure) 7973.819: [ParNew
Desired survivor size 8716288 bytes, new threshold 6 (max 6)
- age   1:      80672 bytes,      80672 total
- age   2:      15264 bytes,      95936 total
- age   4:       1000 bytes,      96936 total
- age   6:        968 bytes,      97904 total
: 136415K->115K(153344K), 0.0060284 secs] 280738K->144438K(1031552K), 0.0061461 secs] [Times: user=0.01 sys=0.00, real=0.01 secs] 
2016-08-24T16:20:54.904+0000: 7973.825: Total time for which application threads were stopped: 0.0071020 seconds, Stopping threads took: 0.0001662 seconds
2016-08-24T16:20:55.906+0000: 7974.827: Total time for which application threads were stopped: 0.0020304 seconds, Stopping threads took: 0.0003087 seconds
2016-08-24T16:21:04.440+0000: 7983.361: [GC (Allocation Failure) 7983.362: [ParNew
Desired survivor size 8716288 bytes, new threshold 6 (max 6)
- age   1:     953488 bytes,     953488 total
- age   3:        968 bytes,     954456 total
- age   5:        968 bytes,     955424 total
: 136435K->963K(153344K), 0.0078923 secs] 280758K->145286K(1031552K), 0.0080226 secs] [Times: user=0.01 sys=0.00, real=0.01 secs] 
2016-08-24T16:21:04.448+0000: 7983.370: Total time for which application threads were stopped: 0.0089113 seconds, Stopping threads took: 0.0001164 seconds
2016-08-24T16:21:04.490+0000: 7983.412: [GC (Allocation Failure) 7983.412: [ParNew
Desired survivor size 8716288 bytes, new threshold 6 (max 6)
- age   1:      72896 bytes,      72896 total
- age   2:     279960 bytes,     352856 total
- age   4:        968 bytes,     353824 total
- age   6:        968 bytes,     354792 total
: 137283K->497K(153344K), 0.0057639 secs] 281606K->144821K(1031552K), 0.0058666 secs] [Times: user=0.01 sys=0.00, real=0.00 secs] 
2016-08-24T16:21:04.496+0000: 7983.418: Total time for which application threads were stopped: 0.0066892 seconds, Stopping threads took: 0.0001023 seconds
2016-08-24T16:21:04.537+0000: 7983.459: [GC (Allocation Failure) 7983.459: [ParNew
Desired survivor size 8716288 bytes, new threshold 6 (max 6)
- age   1:      64640 bytes,      64640 total
- age   2:        168 bytes,      64808 total
- age   3:     264024 bytes,     328832 total
- age   5:        968 bytes,     329800 total
: 136817K->475K(153344K), 0.0058555 secs] 281141K->144800K(1031552K), 0.0059600 secs] [Times: user=0.01 sys=0.00, real=0.01 secs] 
2016-08-24T16:21:04.543+0000: 7983.465: Total time for which application threads were stopped: 0.0067806 seconds, Stopping threads took: 0.0001003 seconds
2016-08-24T16:21:04.583+0000: 7983.505: [GC (Allocation Failure) 7983.505: [ParNew
Desired survivor size 8716288 bytes, new threshold 6 (max 6)
- age   1:      73392 bytes,      73392 total
- age   2:      18032 bytes,      91424 total
- age   3:        168 bytes,      91592 total
- age   4:     264024 bytes,     355616 total
- age   6:        968 bytes,     356584 total
: 136795K->483K(153344K), 0.0057747 secs] 281120K->144807K(1031552K), 0.0058793 secs] [Times: user=0.01 sys=0.00, real=0.01 secs] 
2016-08-24T16:21:04.589+0000: 7983.511: Total time for which application threads were stopped: 0.0067018 seconds, Stopping threads took: 0.0000990 seconds
2016-08-24T16:21:04.630+0000: 7983.552: [GC (Allocation Failure) 7983.552: [ParNew
Desired survivor size 8716288 bytes, new threshold 6 (max 6)
- age   1:      77032 bytes,      77032 total
- age   3:       1096 bytes,      78128 total
- age   4:        168 bytes,      78296 total
- age   5:     261744 bytes,     340040 total
: 136803K->478K(153344K), 0.0059918 secs] 281127K->144804K(1031552K), 0.0061206 secs] [Times: user=0.01 sys=0.00, real=0.00 secs] 
2016-08-24T16:21:04.637+0000: 7983.558: Total time for which application threads were stopped: 0.0069683 seconds, Stopping threads took: 0.0000994 seconds
2016-08-24T16:21:04.676+0000: 7983.598: [GC (Allocation Failure) 7983.598: [ParNew
Desired survivor size 8716288 bytes, new threshold 6 (max 6)
- age   1:      66728 bytes,      66728 total
- age   2:       1248 bytes,      67976 total
- age   4:       1064 bytes,      69040 total
- age   5:        168 bytes,      69208 total
- age   6:     259928 bytes,     329136 total
: 136798K->483K(153344K), 0.0057686 secs] 281124K->144808K(1031552K), 0.0058637 secs] [Times: user=0.01 sys=0.00, real=0.01 secs] 
2016-08-24T16:21:04.682+0000: 7983.604: Total time for which application threads were stopped: 0.0066545 seconds, Stopping threads took: 0.0000921 seconds
2016-08-24T16:21:04.722+0000: 7983.643: [GC (Allocation Failure) 7983.643: [ParNew
Desired survivor size 8716288 bytes, new threshold 6 (max 6)
- age   1:      65968 bytes,      65968 total
- age   2:       3920 bytes,      69888 total
- age   3:       1248 bytes,      71136 total
- age   5:       1064 bytes,      72200 total
- age   6:        168 bytes,      72368 total
: 136803K->323K(153344K), 0.0061644 secs] 281128K->144908K(1031552K), 0.0062983 secs] [Times: user=0.01 sys=0.00, real=0.01 secs] 
2016-08-24T16:21:04.728+0000: 7983.650: Total time for which application threads were stopped: 0.0071289 seconds, Stopping threads took: 0.0000963 seconds
2016-08-24T16:21:04.768+0000: 7983.690: [GC (Allocation Failure) 7983.690: [ParNew
Desired survivor size 8716288 bytes, new threshold 6 (max 6)
- age   1:      64840 bytes,      64840 total
- age   3:       1000 bytes,      65840 total
- age   4:       1216 bytes,      67056 total
- age   6:       1064 bytes,      68120 total
: 136643K->112K(153344K), 0.0054263 secs] 281228K->144697K(1031552K), 0.0055418 secs] [Times: user=0.00 sys=0.00, real=0.00 secs] 
2016-08-24T16:21:04.774+0000: 7983.695: Total time for which application threads were stopped: 0.0064287 seconds, Stopping threads took: 0.0001006 seconds
2016-08-24T16:21:04.813+0000: 7983.734: [GC (Allocation Failure) 7983.734: [ParNew
Desired survivor size 8716288 bytes, new threshold 6 (max 6)
- age   1:      79016 bytes,      79016 total
- age   2:       5536 bytes,      84552 total
- age   4:       1000 bytes,      85552 total
- age   5:       1216 bytes,      86768 total
: 136432K->113K(153344K), 0.0052111 secs] 281017K->144699K(1031552K), 0.0053039 secs] [Times: user=0.01 sys=0.00, real=0.00 secs] 
2016-08-24T16:21:04.818+0000: 7983.739: Total time for which application threads were stopped: 0.0061400 seconds, Stopping threads took: 0.0000981 seconds
2016-08-24T16:21:04.859+0000: 7983.781: [GC (Allocation Failure) 7983.781: [ParNew
Desired survivor size 8716288 bytes, new threshold 6 (max 6)
- age   1:      70320 bytes,      70320 total
- age   3:       1000 bytes,      71320 total
- age   5:        968 bytes,      72288 total
- age   6:       1216 bytes,      73504 total
: 136433K->104K(153344K), 0.0054325 secs] 281019K->144690K(1031552K), 0.0055502 secs] [Times: user=0.00 sys=0.01, real=0.01 secs] 
2016-08-24T16:21:04.865+0000: 7983.786: Total time for which application threads were stopped: 0.0064266 seconds, Stopping threads took: 0.0000996 seconds
2016-08-24T16:21:04.902+0000: 7983.824: [GC (Allocation Failure) 7983.824: [ParNew
Desired survivor size 8716288 bytes, new threshold 6 (max 6)
- age   1:      77240 bytes,      77240 total
- age   2:       9064 bytes,      86304 total
- age   4:       1000 bytes,      87304 total
- age   6:        968 bytes,      88272 total
: 136424K->96K(153344K), 0.0056101 secs] 281010K->144683K(1031552K), 0.0057013 secs] [Times: user=0.01 sys=0.00, real=0.01 secs] 
2016-08-24T16:21:04.908+0000: 7983.830: Total time for which application threads were stopped: 0.0065140 seconds, Stopping threads took: 0.0001020 seconds
2016-08-24T16:21:14.808+0000: 7993.729: [GC (Allocation Failure) 7993.730: [ParNew
Desired survivor size 8716288 bytes, new threshold 6 (max 6)
- age   1:     963536 bytes,     963536 total
- age   3:        968 bytes,     964504 total
- age   5:        968 bytes,     965472 total
: 136416K->968K(153344K), 0.0075832 secs] 281003K->145556K(1031552K), 0.0081396 secs] [Times: user=0.01 sys=0.00, real=0.01 secs] 
2016-08-24T16:21:14.816+0000: 7993.738: Total time for which application threads were stopped: 0.0089762 seconds, Stopping threads took: 0.0001010 seconds
2016-08-24T16:21:14.856+0000: 7993.777: [GC (Allocation Failure) 7993.777: [ParNew
Desired survivor size 8716288 bytes, new threshold 6 (max 6)
- age   1:      88672 bytes,      88672 total
- age   2:     263792 bytes,     352464 total
- age   4:        968 bytes,     353432 total
- age   6:        968 bytes,     354400 total
: 137288K->471K(153344K), 0.0055397 secs] 281876K->145059K(1031552K), 0.0056408 secs] [Times: user=0.01 sys=0.00, real=0.01 secs] 
2016-08-24T16:21:14.861+0000: 7993.783: Total time for which application threads were stopped: 0.0064713 seconds, Stopping threads took: 0.0001022 seconds
2016-08-24T16:21:14.903+0000: 7993.824: [GC (Allocation Failure) 7993.824: [ParNew
Desired survivor size 8716288 bytes, new threshold 6 (max 6)
- age   1:      64120 bytes,      64120 total
- age   2:         72 bytes,      64192 total
- age   3:     253832 bytes,     318024 total
- age   5:        968 bytes,     318992 total
: 136791K->468K(153344K), 0.0055997 secs] 281379K->145057K(1031552K), 0.0057142 secs] [Times: user=0.01 sys=0.00, real=0.01 secs] 
2016-08-24T16:21:14.909+0000: 7993.830: Total time for which application threads were stopped: 0.0066581 seconds, Stopping threads took: 0.0001455 seconds
2016-08-24T16:21:14.949+0000: 7993.870: [GC (Allocation Failure) 7993.870: [ParNew
Desired survivor size 8716288 bytes, new threshold 6 (max 6)
- age   1:      83048 bytes,      83048 total
- age   2:      12048 bytes,      95096 total
- age   3:         72 bytes,      95168 total
- age   4:     253832 bytes,     349000 total
- age   6:        968 bytes,     349968 total
: 136788K->456K(153344K), 0.0056543 secs] 281377K->145045K(1031552K), 0.0057618 secs] [Times: user=0.01 sys=0.00, real=0.00 secs] 
2016-08-24T16:21:14.955+0000: 7993.876: Total time for which application threads were stopped: 0.0066411 seconds, Stopping threads took: 0.0001018 seconds
2016-08-24T16:21:14.996+0000: 7993.918: [GC (Allocation Failure) 7993.918: [ParNew
Desired survivor size 8716288 bytes, new threshold 6 (max 6)
- age   1:      69768 bytes,      69768 total
- age   3:       1096 bytes,      70864 total
- age   4:         72 bytes,      70936 total
- age   5:     251984 bytes,     322920 total
: 136776K->482K(153344K), 0.0062892 secs] 281365K->145072K(1031552K), 0.0064015 secs] [Times: user=0.01 sys=0.00, real=0.01 secs] 
2016-08-24T16:21:15.003+0000: 7993.924: Total time for which application threads were stopped: 0.0072601 seconds, Stopping threads took: 0.0001010 seconds
2016-08-24T16:21:15.043+0000: 7993.965: [GC (Allocation Failure) 7993.965: [ParNew
Desired survivor size 8716288 bytes, new threshold 6 (max 6)
- age   1:      79488 bytes,      79488 total
- age   2:      14464 bytes,      93952 total
- age   4:       1096 bytes,      95048 total
- age   5:         72 bytes,      95120 total
- age   6:     251984 bytes,     347104 total
: 136802K->460K(153344K), 0.0062549 secs] 281392K->145050K(1031552K), 0.0063634 secs] [Times: user=0.01 sys=0.00, real=0.01 secs] 
2016-08-24T16:21:15.050+0000: 7993.972: Total time for which application threads were stopped: 0.0071848 seconds, Stopping threads took: 0.0000990 seconds
2016-08-24T16:21:15.092+0000: 7994.014: [GC (Allocation Failure) 7994.014: [ParNew
Desired survivor size 8716288 bytes, new threshold 6 (max 6)
- age   1:      61360 bytes,      61360 total
- age   3:       1000 bytes,      62360 total
- age   5:       1096 bytes,      63456 total
- age   6:         72 bytes,      63528 total
: 136780K->335K(153344K), 0.0064263 secs] 281370K->145174K(1031552K), 0.0065439 secs] [Times: user=0.02 sys=0.00, real=0.00 secs] 
2016-08-24T16:21:15.099+0000: 7994.021: Total time for which application threads were stopped: 0.0074253 seconds, Stopping threads took: 0.0001031 seconds
2016-08-24T16:21:15.140+0000: 7994.061: [GC (Allocation Failure) 7994.061: [ParNew
Desired survivor size 8716288 bytes, new threshold 6 (max 6)
- age   1:      63080 bytes,      63080 total
- age   2:      17760 bytes,      80840 total
- age   4:       1000 bytes,      81840 total
- age   6:       1096 bytes,      82936 total
: 136655K->114K(153344K), 0.0058850 secs] 281494K->144953K(1031552K), 0.0059753 secs] [Times: user=0.01 sys=0.00, real=0.01 secs] 
2016-08-24T16:21:15.146+0000: 7994.067: Total time for which application threads were stopped: 0.0067841 seconds, Stopping threads took: 0.0001008 seconds
2016-08-24T16:21:15.188+0000: 7994.110: [GC (Allocation Failure) 7994.110: [ParNew
Desired survivor size 8716288 bytes, new threshold 6 (max 6)
- age   1:      70376 bytes,      70376 total
- age   3:       1000 bytes,      71376 total
- age   5:        968 bytes,      72344 total
: 136434K->90K(153344K), 0.0056586 secs] 281273K->144930K(1031552K), 0.0057766 secs] [Times: user=0.01 sys=0.00, real=0.00 secs] 
2016-08-24T16:21:15.194+0000: 7994.116: Total time for which application threads were stopped: 0.0067255 seconds, Stopping threads took: 0.0001309 seconds
2016-08-24T16:21:15.236+0000: 7994.157: [GC (Allocation Failure) 7994.157: [ParNew
Desired survivor size 8716288 bytes, new threshold 6 (max 6)
- age   1:      83280 bytes,      83280 total
- age   2:      20696 bytes,     103976 total
- age   4:       1000 bytes,     104976 total
- age   6:        968 bytes,     105944 total
: 136410K->128K(153344K), 0.0058663 secs] 281250K->144969K(1031552K), 0.0059594 secs] [Times: user=0.01 sys=0.00, real=0.01 secs] 
2016-08-24T16:21:15.242+0000: 7994.163: Total time for which application threads were stopped: 0.0067905 seconds, Stopping threads took: 0.0001011 seconds
2016-08-24T16:21:15.282+0000: 7994.204: [GC (Allocation Failure) 7994.204: [ParNew
Desired survivor size 8716288 bytes, new threshold 6 (max 6)
- age   1:      96656 bytes,      96656 total
- age   3:       1000 bytes,      97656 total
- age   5:        968 bytes,      98624 total
: 136448K->125K(153344K), 0.0058385 secs] 281289K->144967K(1031552K), 0.0059574 secs] [Times: user=0.01 sys=0.00, real=0.01 secs] 
2016-08-24T16:21:15.288+0000: 7994.210: Total time for which application threads were stopped: 0.0068349 seconds, Stopping threads took: 0.0001008 seconds
2016-08-24T16:21:18.289+0000: 7997.211: Total time for which application threads were stopped: 0.0006806 seconds, Stopping threads took: 0.0001075 seconds
2016-08-24T16:21:19.292+0000: 7998.213: Total time for which application threads were stopped: 0.0018912 seconds, Stopping threads took: 0.0002673 seconds
2016-08-24T16:21:19.489+0000: 7998.410: [GC (Allocation Failure) 7998.410: [ParNew
Desired survivor size 8716288 bytes, new threshold 6 (max 6)
- age   1:     746520 bytes,     746520 total
- age   2:        968 bytes,     747488 total
- age   4:        968 bytes,     748456 total
- age   6:        968 bytes,     749424 total
: 136445K->769K(153344K), 0.0069585 secs] 281287K->145611K(1031552K), 0.0070655 secs] [Times: user=0.01 sys=0.00, real=0.00 secs] 
2016-08-24T16:21:19.496+0000: 7998.417: Total time for which application threads were stopped: 0.0078657 seconds, Stopping threads took: 0.0001077 seconds
2016-08-24T16:21:20.497+0000: 7999.418: Total time for which application threads were stopped: 0.0006563 seconds, Stopping threads took: 0.0001064 seconds
2016-08-24T16:21:24.524+0000: 8003.445: [GC (Allocation Failure) 8003.445: [ParNew
Desired survivor size 8716288 bytes, new threshold 6 (max 6)
- age   1:     720488 bytes,     720488 total
- age   2:     199024 bytes,     919512 total
- age   3:        968 bytes,     920480 total
- age   5:        968 bytes,     921448 total
: 137089K->993K(153344K), 0.0080782 secs] 281931K->145836K(1031552K), 0.0082098 secs] [Times: user=0.01 sys=0.00, real=0.01 secs] 
2016-08-24T16:21:24.532+0000: 8003.454: Total time for which application threads were stopped: 0.0090921 seconds, Stopping threads took: 0.0001003 seconds
2016-08-24T16:21:24.572+0000: 8003.493: [GC (Allocation Failure) 8003.494: [ParNew
Desired survivor size 8716288 bytes, new threshold 6 (max 6)
- age   1:      53064 bytes,      53064 total
- age   2:     165848 bytes,     218912 total
- age   3:     168128 bytes,     387040 total
- age   4:        968 bytes,     388008 total
- age   6:        968 bytes,     388976 total
: 137313K->548K(153344K), 0.0058592 secs] 282156K->145390K(1031552K), 0.0059769 secs] [Times: user=0.01 sys=0.00, real=0.00 secs] 
2016-08-24T16:21:24.578+0000: 8003.500: Total time for which application threads were stopped: 0.0067752 seconds, Stopping threads took: 0.0000909 seconds
2016-08-24T16:21:24.617+0000: 8003.539: [GC (Allocation Failure) 8003.539: [ParNew
Desired survivor size 8716288 bytes, new threshold 6 (max 6)
- age   1:      61008 bytes,      61008 total
- age   2:       4480 bytes,      65488 total
- age   3:     165848 bytes,     231336 total
- age   4:     168128 bytes,     399464 total
- age   5:        968 bytes,     400432 total
: 136868K->547K(153344K), 0.0054343 secs] 281710K->145391K(1031552K), 0.0055508 secs] [Times: user=0.01 sys=0.00, real=0.01 secs] 
2016-08-24T16:21:24.623+0000: 8003.544: Total time for which application threads were stopped: 0.0063888 seconds, Stopping threads took: 0.0001015 seconds
2016-08-24T16:21:24.661+0000: 8003.583: [GC (Allocation Failure) 8003.583: [ParNew
Desired survivor size 8716288 bytes, new threshold 6 (max 6)
- age   1:      54584 bytes,      54584 total
- age   3:       1120 bytes,      55704 total
- age   4:     164000 bytes,     219704 total
- age   5:     168128 bytes,     387832 total
- age   6:        968 bytes,     388800 total
: 136867K->562K(153344K), 0.0055027 secs] 281711K->145405K(1031552K), 0.0056153 secs] [Times: user=0.01 sys=0.00, real=0.00 secs] 
2016-08-24T16:21:24.667+0000: 8003.589: Total time for which application threads were stopped: 0.0064258 seconds, Stopping threads took: 0.0000992 seconds
2016-08-24T16:21:24.705+0000: 8003.627: [GC (Allocation Failure) 8003.627: [ParNew
Desired survivor size 8716288 bytes, new threshold 6 (max 6)
- age   1:      62024 bytes,      62024 total
- age   2:       6800 bytes,      68824 total
- age   4:       1120 bytes,      69944 total
- age   5:     164000 bytes,     233944 total
- age   6:     168128 bytes,     402072 total
: 136882K->557K(153344K), 0.0054662 secs] 281725K->145401K(1031552K), 0.0055713 secs] [Times: user=0.01 sys=0.00, real=0.01 secs] 
2016-08-24T16:21:24.711+0000: 8003.632: Total time for which application threads were stopped: 0.0063955 seconds, Stopping threads took: 0.0001168 seconds
2016-08-24T16:21:24.750+0000: 8003.672: [GC (Allocation Failure) 8003.672: [ParNew
Desired survivor size 8716288 bytes, new threshold 6 (max 6)
- age   1:      73496 bytes,      73496 total
- age   3:       1000 bytes,      74496 total
- age   5:       1088 bytes,      75584 total
- age   6:     162184 bytes,     237768 total
: 136877K->390K(153344K), 0.0064660 secs] 281721K->145402K(1031552K), 0.0065811 secs] [Times: user=0.01 sys=0.00, real=0.00 secs] 
2016-08-24T16:21:24.757+0000: 8003.679: Total time for which application threads were stopped: 0.0074157 seconds, Stopping threads took: 0.0001007 seconds
2016-08-24T16:21:24.796+0000: 8003.718: [GC (Allocation Failure) 8003.718: [ParNew
Desired survivor size 8716288 bytes, new threshold 6 (max 6)
- age   1:      71136 bytes,      71136 total
- age   2:       9608 bytes,      80744 total
- age   4:       1000 bytes,      81744 total
- age   6:       1088 bytes,      82832 total
: 136710K->196K(153344K), 0.0055265 secs] 281722K->145370K(1031552K), 0.0056285 secs] [Times: user=0.01 sys=0.00, real=0.01 secs] 
2016-08-24T16:21:24.802+0000: 8003.723: Total time for which application threads were stopped: 0.0064508 seconds, Stopping threads took: 0.0000947 seconds
2016-08-24T16:21:24.841+0000: 8003.762: [GC (Allocation Failure) 8003.762: [ParNew
Desired survivor size 8716288 bytes, new threshold 6 (max 6)
- age   1:      66960 bytes,      66960 total
- age   2:        248 bytes,      67208 total
- age   3:       1000 bytes,      68208 total
- age   5:        968 bytes,      69176 total
: 136516K->88K(153344K), 0.0051573 secs] 281690K->145263K(1031552K), 0.0052562 secs] [Times: user=0.01 sys=0.00, real=0.00 secs] 
2016-08-24T16:21:24.846+0000: 8003.768: Total time for which application threads were stopped: 0.0060739 seconds, Stopping threads took: 0.0000983 seconds
2016-08-24T16:21:24.885+0000: 8003.806: [GC (Allocation Failure) 8003.806: [ParNew
Desired survivor size 8716288 bytes, new threshold 6 (max 6)
- age   1:      76784 bytes,      76784 total
- age   2:      13776 bytes,      90560 total
- age   3:        248 bytes,      90808 total
- age   4:       1000 bytes,      91808 total
- age   6:        968 bytes,      92776 total
: 136408K->109K(153344K), 0.0053457 secs] 281583K->145284K(1031552K), 0.0054448 secs] [Times: user=0.01 sys=0.00, real=0.01 secs] 
2016-08-24T16:21:24.890+0000: 8003.812: Total time for which application threads were stopped: 0.0062796 seconds, Stopping threads took: 0.0001022 seconds
2016-08-24T16:21:24.932+0000: 8003.853: [GC (Allocation Failure) 8003.854: [ParNew
Desired survivor size 8716288 bytes, new threshold 6 (max 6)
- age   1:      69856 bytes,      69856 total
- age   3:       1000 bytes,      70856 total
- age   4:        176 bytes,      71032 total
- age   5:        968 bytes,      72000 total
: 136429K->105K(153344K), 0.0057596 secs] 281604K->145280K(1031552K), 0.0058811 secs] [Times: user=0.01 sys=0.00, real=0.00 secs] 
2016-08-24T16:21:24.938+0000: 8003.859: Total time for which application threads were stopped: 0.0067328 seconds, Stopping threads took: 0.0001007 seconds
2016-08-24T16:21:24.978+0000: 8003.900: [GC (Allocation Failure) 8003.900: [ParNew
Desired survivor size 8716288 bytes, new threshold 6 (max 6)
- age   1:      78360 bytes,      78360 total
- age   2:      15512 bytes,      93872 total
- age   4:       1000 bytes,      94872 total
- age   5:        176 bytes,      95048 total
- age   6:        968 bytes,      96016 total
: 136425K->110K(153344K), 0.0055703 secs] 281600K->145286K(1031552K), 0.0056743 secs] [Times: user=0.01 sys=0.00, real=0.01 secs] 
2016-08-24T16:21:24.984+0000: 8003.906: Total time for which application threads were stopped: 0.0064934 seconds, Stopping threads took: 0.0000987 seconds
2016-08-24T16:21:34.439+0000: 8013.360: [GC (Allocation Failure) 8013.360: [ParNew
Desired survivor size 8716288 bytes, new threshold 6 (max 6)
- age   1:     913144 bytes,     913144 total
- age   3:       1096 bytes,     914240 total
- age   5:        968 bytes,     915208 total
: 136430K->922K(153344K), 0.0074159 secs] 281606K->146099K(1031552K), 0.0075345 secs] [Times: user=0.02 sys=0.00, real=0.01 secs] 
2016-08-24T16:21:34.447+0000: 8013.368: Total time for which application threads were stopped: 0.0084012 seconds, Stopping threads took: 0.0001014 seconds
2016-08-24T16:21:34.484+0000: 8013.406: [GC (Allocation Failure) 8013.406: [ParNew
Desired survivor size 8716288 bytes, new threshold 6 (max 6)
- age   1:      81480 bytes,      81480 total
- age   2:     270280 bytes,     351760 total
- age   4:       1096 bytes,     352856 total
- age   6:        968 bytes,     353824 total
: 137242K->477K(153344K), 0.0056565 secs] 282419K->145653K(1031552K), 0.0057663 secs] [Times: user=0.02 sys=0.00, real=0.01 secs] 
2016-08-24T16:21:34.490+0000: 8013.412: Total time for which application threads were stopped: 0.0065954 seconds, Stopping threads took: 0.0001000 seconds
2016-08-24T16:21:34.530+0000: 8013.451: [GC (Allocation Failure) 8013.451: [ParNew
Desired survivor size 8716288 bytes, new threshold 6 (max 6)
- age   1:      77760 bytes,      77760 total
- age   2:         72 bytes,      77832 total
- age   3:     253352 bytes,     331184 total
- age   5:       1096 bytes,     332280 total
: 136797K->469K(153344K), 0.0054344 secs] 281973K->145647K(1031552K), 0.0055397 secs] [Times: user=0.01 sys=0.00, real=0.00 secs] 
2016-08-24T16:21:34.535+0000: 8013.457: Total time for which application threads were stopped: 0.0063807 seconds, Stopping threads took: 0.0001002 seconds
2016-08-24T16:21:34.576+0000: 8013.497: [GC (Allocation Failure) 8013.497: [ParNew
Desired survivor size 8716288 bytes, new threshold 6 (max 6)
- age   1:      88872 bytes,      88872 total
- age   2:      19048 bytes,     107920 total
- age   3:         72 bytes,     107992 total
- age   4:     253352 bytes,     361344 total
- age   6:       1096 bytes,     362440 total
: 136789K->468K(153344K), 0.0054130 secs] 281967K->145645K(1031552K), 0.0055150 secs] [Times: user=0.01 sys=0.00, real=0.01 secs] 
2016-08-24T16:21:34.581+0000: 8013.503: Total time for which application threads were stopped: 0.0063362 seconds, Stopping threads took: 0.0000998 seconds
2016-08-24T16:21:34.620+0000: 8013.541: [GC (Allocation Failure) 8013.541: [ParNew
Desired survivor size 8716288 bytes, new threshold 6 (max 6)
- age   1:      74176 bytes,      74176 total
- age   3:       1432 bytes,      75608 total
- age   4:         72 bytes,      75680 total
- age   5:     251504 bytes,     327184 total
: 136788K->503K(153344K), 0.0054751 secs] 281965K->145682K(1031552K), 0.0055946 secs] [Times: user=0.01 sys=0.00, real=0.01 secs] 
2016-08-24T16:21:34.625+0000: 8013.547: Total time for which application threads were stopped: 0.0063930 seconds, Stopping threads took: 0.0000968 seconds
2016-08-24T16:21:34.667+0000: 8013.588: [GC (Allocation Failure) 8013.588: [ParNew
Desired survivor size 8716288 bytes, new threshold 6 (max 6)
- age   1:      68016 bytes,      68016 total
- age   2:       1000 bytes,      69016 total
- age   4:       1400 bytes,      70416 total
- age   5:         72 bytes,      70488 total
- age   6:     249688 bytes,     320176 total
: 136823K->475K(153344K), 0.0054358 secs] 282002K->145653K(1031552K), 0.0055472 secs] [Times: user=0.01 sys=0.00, real=0.01 secs] 
2016-08-24T16:21:34.672+0000: 8013.594: Total time for which application threads were stopped: 0.0063499 seconds, Stopping threads took: 0.0001049 seconds
2016-08-24T16:21:34.712+0000: 8013.634: [GC (Allocation Failure) 8013.634: [ParNew
Desired survivor size 8716288 bytes, new threshold 6 (max 6)
- age   1:      69880 bytes,      69880 total
- age   2:       4104 bytes,      73984 total
- age   3:       1000 bytes,      74984 total
- age   5:       1328 bytes,      76312 total
- age   6:         72 bytes,      76384 total
: 136795K->313K(153344K), 0.0061667 secs] 281973K->145741K(1031552K), 0.0062746 secs] [Times: user=0.01 sys=0.00, real=0.00 secs] 
2016-08-24T16:21:34.719+0000: 8013.640: Total time for which application threads were stopped: 0.0071151 seconds, Stopping threads took: 0.0001020 seconds
2016-08-24T16:21:34.758+0000: 8013.680: [GC (Allocation Failure) 8013.680: [ParNew
Desired survivor size 8716288 bytes, new threshold 6 (max 6)
- age   1:      58640 bytes,      58640 total
- age   2:        248 bytes,      58888 total
- age   3:       1000 bytes,      59888 total
- age   4:        968 bytes,      60856 total
- age   6:       1328 bytes,      62184 total
: 136633K->110K(153344K), 0.0054427 secs] 282061K->145537K(1031552K), 0.0055509 secs] [Times: user=0.01 sys=0.00, real=0.01 secs] 
2016-08-24T16:21:34.764+0000: 8013.686: Total time for which application threads were stopped: 0.0063977 seconds, Stopping threads took: 0.0000966 seconds
2016-08-24T16:21:34.804+0000: 8013.726: [GC (Allocation Failure) 8013.726: [ParNew
Desired survivor size 8716288 bytes, new threshold 6 (max 6)
- age   1:      68016 bytes,      68016 total
- age   2:       6240 bytes,      74256 total
- age   3:        176 bytes,      74432 total
- age   4:       1000 bytes,      75432 total
- age   5:        968 bytes,      76400 total
: 136430K->99K(153344K), 0.0055679 secs] 281857K->145528K(1031552K), 0.0056754 secs] [Times: user=0.01 sys=0.00, real=0.01 secs] 
2016-08-24T16:21:34.810+0000: 8013.731: Total time for which application threads were stopped: 0.0064611 seconds, Stopping threads took: 0.0001073 seconds
2016-08-24T16:21:34.849+0000: 8013.771: [GC (Allocation Failure) 8013.771: [ParNew
Desired survivor size 8716288 bytes, new threshold 6 (max 6)
- age   1:      59896 bytes,      59896 total
- age   2:        248 bytes,      60144 total
- age   3:       1000 bytes,      61144 total
- age   4:        176 bytes,      61320 total
- age   5:        968 bytes,      62288 total
- age   6:        968 bytes,      63256 total
: 136419K->71K(153344K), 0.0059638 secs] 281848K->145500K(1031552K), 0.0060786 secs] [Times: user=0.01 sys=0.00, real=0.00 secs] 
2016-08-24T16:21:34.855+0000: 8013.777: Total time for which application threads were stopped: 0.0069269 seconds, Stopping threads took: 0.0001000 seconds
2016-08-24T16:21:34.895+0000: 8013.817: [GC (Allocation Failure) 8013.817: [ParNew
Desired survivor size 8716288 bytes, new threshold 6 (max 6)
- age   1:      79544 bytes,      79544 total
- age   2:       9608 bytes,      89152 total
- age   3:        248 bytes,      89400 total
- age   4:       1000 bytes,      90400 total
- age   5:        176 bytes,      90576 total
- age   6:        968 bytes,      91544 total
: 136391K->107K(153344K), 0.0059177 secs] 281820K->145536K(1031552K), 0.0060447 secs] [Times: user=0.01 sys=0.00, real=0.01 secs] 
2016-08-24T16:21:34.902+0000: 8013.823: Total time for which application threads were stopped: 0.0069076 seconds, Stopping threads took: 0.0001043 seconds
2016-08-24T16:21:37.690+0000: 8016.611: Total time for which application threads were stopped: 0.0019499 seconds, Stopping threads took: 0.0002394 seconds
2016-08-24T16:21:37.691+0000: 8016.613: Total time for which application threads were stopped: 0.0013316 seconds, Stopping threads took: 0.0001768 seconds
2016-08-24T16:21:37.693+0000: 8016.615: Total time for which application threads were stopped: 0.0014246 seconds, Stopping threads took: 0.0001767 seconds
2016-08-24T16:21:37.886+0000: 8016.807: Total time for which application threads were stopped: 0.0019332 seconds, Stopping threads took: 0.0002769 seconds
2016-08-24T16:21:37.887+0000: 8016.809: Total time for which application threads were stopped: 0.0013242 seconds, Stopping threads took: 0.0001252 seconds
2016-08-24T16:21:37.889+0000: 8016.811: Total time for which application threads were stopped: 0.0013763 seconds, Stopping threads took: 0.0001489 seconds
2016-08-24T16:21:44.577+0000: 8023.498: [GC (Allocation Failure) 8023.498: [ParNew
Desired survivor size 8716288 bytes, new threshold 6 (max 6)
- age   1:    1077488 bytes,    1077488 total
- age   3:        968 bytes,    1078456 total
- age   4:        128 bytes,    1078584 total
- age   5:        968 bytes,    1079552 total
- age   6:        128 bytes,    1079680 total
: 136427K->1074K(153344K), 0.0075560 secs] 281856K->146504K(1031552K), 0.0076832 secs] [Times: user=0.01 sys=0.00, real=0.01 secs] 
2016-08-24T16:21:44.584+0000: 8023.506: Total time for which application threads were stopped: 0.0085740 seconds, Stopping threads took: 0.0001004 seconds
2016-08-24T16:21:44.623+0000: 8023.544: [GC (Allocation Failure) 8023.544: [ParNew
Desired survivor size 8716288 bytes, new threshold 6 (max 6)
- age   1:      65008 bytes,      65008 total
- age   2:     285040 bytes,     350048 total
- age   4:        968 bytes,     351016 total
- age   5:        128 bytes,     351144 total
- age   6:        968 bytes,     352112 total
: 137394K->509K(153344K), 0.0058220 secs] 282824K->145940K(1031552K), 0.0059252 secs] [Times: user=0.01 sys=0.00, real=0.01 secs] 
2016-08-24T16:21:44.629+0000: 8023.550: Total time for which application threads were stopped: 0.0067337 seconds, Stopping threads took: 0.0001000 seconds
2016-08-24T16:21:44.670+0000: 8023.591: [GC (Allocation Failure) 8023.592: [ParNew
Desired survivor size 8716288 bytes, new threshold 6 (max 6)
- age   1:      61672 bytes,      61672 total
- age   2:        216 bytes,      61888 total
- age   3:     275528 bytes,     337416 total
- age   5:        968 bytes,     338384 total
- age   6:        128 bytes,     338512 total
: 136829K->471K(153344K), 0.0063387 secs] 282260K->145903K(1031552K), 0.0064473 secs] [Times: user=0.02 sys=0.00, real=0.00 secs] 
2016-08-24T16:21:44.677+0000: 8023.598: Total time for which application threads were stopped: 0.0073056 seconds, Stopping threads took: 0.0001013 seconds
2016-08-24T16:21:44.718+0000: 8023.640: [GC (Allocation Failure) 8023.640: [ParNew
Desired survivor size 8716288 bytes, new threshold 6 (max 6)
- age   1:      84088 bytes,      84088 total
- age   2:      11640 bytes,      95728 total
- age   3:        216 bytes,      95944 total
- age   4:     275528 bytes,     371472 total
- age   6:        968 bytes,     372440 total
: 136791K->479K(153344K), 0.0072614 secs] 282223K->145910K(1031552K), 0.0073834 secs] [Times: user=0.01 sys=0.00, real=0.01 secs] 
2016-08-24T16:21:44.726+0000: 8023.647: Total time for which application threads were stopped: 0.0082270 seconds, Stopping threads took: 0.0001015 seconds
2016-08-24T16:21:44.768+0000: 8023.690: [GC (Allocation Failure) 8023.690: [ParNew
Desired survivor size 8716288 bytes, new threshold 6 (max 6)
- age   1:      59696 bytes,      59696 total
- age   3:       1096 bytes,      60792 total
- age   4:        216 bytes,      61008 total
- age   5:     273680 bytes,     334688 total
: 136799K->514K(153344K), 0.0067496 secs] 282230K->145947K(1031552K), 0.0069164 secs] [Times: user=0.02 sys=0.00, real=0.01 secs] 
2016-08-24T16:21:44.775+0000: 8023.697: Total time for which application threads were stopped: 0.0077872 seconds, Stopping threads took: 0.0000983 seconds
2016-08-24T16:21:44.814+0000: 8023.735: [GC (Allocation Failure) 8023.735: [ParNew
Desired survivor size 8716288 bytes, new threshold 6 (max 6)
- age   1:      89336 bytes,      89336 total
- age   2:      14360 bytes,     103696 total
- age   4:       1096 bytes,     104792 total
- age   5:        216 bytes,     105008 total
- age   6:     273680 bytes,     378688 total
: 136834K->480K(153344K), 0.0066470 secs] 282267K->145913K(1031552K), 0.0067829 secs] [Times: user=0.01 sys=0.00, real=0.01 secs] 
2016-08-24T16:21:44.821+0000: 8023.742: Total time for which application threads were stopped: 0.0076533 seconds, Stopping threads took: 0.0001026 seconds
2016-08-24T16:21:44.863+0000: 8023.784: [GC (Allocation Failure) 8023.784: [ParNew
Desired survivor size 8716288 bytes, new threshold 6 (max 6)
- age   1:      72472 bytes,      72472 total
- age   3:       1000 bytes,      73472 total
- age   5:       1064 bytes,      74536 total
- age   6:        216 bytes,      74752 total
: 136800K->361K(153344K), 0.0070581 secs] 282233K->146064K(1031552K), 0.0071808 secs] [Times: user=0.01 sys=0.00, real=0.01 secs] 
2016-08-24T16:21:44.870+0000: 8023.792: Total time for which application threads were stopped: 0.0080589 seconds, Stopping threads took: 0.0001026 seconds
2016-08-24T16:21:44.911+0000: 8023.833: [GC (Allocation Failure) 8023.833: [ParNew
Desired survivor size 8716288 bytes, new threshold 6 (max 6)
- age   1:      81440 bytes,      81440 total
- age   2:      17560 bytes,      99000 total
- age   4:       1000 bytes,     100000 total
- age   6:       1064 bytes,     101064 total
: 136681K->167K(153344K), 0.0060880 secs] 282384K->145870K(1031552K), 0.0061867 secs] [Times: user=0.02 sys=0.00, real=0.00 secs] 
2016-08-24T16:21:44.918+0000: 8023.839: Total time for which application threads were stopped: 0.0070241 seconds, Stopping threads took: 0.0001033 seconds
2016-08-24T16:21:44.960+0000: 8023.881: [GC (Allocation Failure) 8023.882: [ParNew
Desired survivor size 8716288 bytes, new threshold 6 (max 6)
- age   1:      75104 bytes,      75104 total
- age   3:       1000 bytes,      76104 total
- age   5:        968 bytes,      77072 total
: 136487K->103K(153344K), 0.0062549 secs] 282190K->145807K(1031552K), 0.0063763 secs] [Times: user=0.01 sys=0.00, real=0.01 secs] 
2016-08-24T16:21:44.966+0000: 8023.888: Total time for which application threads were stopped: 0.0072496 seconds, Stopping threads took: 0.0001026 seconds
2016-08-24T16:21:45.006+0000: 8023.927: [GC (Allocation Failure) 8023.927: [ParNew
Desired survivor size 8716288 bytes, new threshold 6 (max 6)
- age   1:      70304 bytes,      70304 total
- age   2:      20752 bytes,      91056 total
- age   4:       1000 bytes,      92056 total
- age   6:        968 bytes,      93024 total
: 136423K->121K(153344K), 0.0058122 secs] 282127K->145825K(1031552K), 0.0059398 secs] [Times: user=0.01 sys=0.00, real=0.01 secs] 
2016-08-24T16:21:45.012+0000: 8023.933: Total time for which application threads were stopped: 0.0067998 seconds, Stopping threads took: 0.0001032 seconds
2016-08-24T16:21:45.055+0000: 8023.976: [GC (Allocation Failure) 8023.976: [ParNew
Desired survivor size 8716288 bytes, new threshold 6 (max 6)
- age   1:      87944 bytes,      87944 total
- age   3:       1160 bytes,      89104 total
- age   5:        968 bytes,      90072 total
: 136441K->115K(153344K), 0.0062663 secs] 282145K->145821K(1031552K), 0.0063907 secs] [Times: user=0.01 sys=0.00, real=0.01 secs] 
2016-08-24T16:21:45.061+0000: 8023.983: Total time for which application threads were stopped: 0.0072746 seconds, Stopping threads took: 0.0000991 seconds
2016-08-24T16:21:52.151+0000: 8031.072: [GC (Allocation Failure) 8031.072: [ParNew
Desired survivor size 8716288 bytes, new threshold 6 (max 6)
- age   1:     616080 bytes,     616080 total
- age   2:        968 bytes,     617048 total
- age   4:       1056 bytes,     618104 total
- age   6:        968 bytes,     619072 total
: 136435K->633K(153344K), 0.0065622 secs] 282141K->146339K(1031552K), 0.0067065 secs] [Times: user=0.01 sys=0.00, real=0.00 secs] 
2016-08-24T16:21:52.158+0000: 8031.079: Total time for which application threads were stopped: 0.0075879 seconds, Stopping threads took: 0.0001472 seconds
2016-08-24T16:21:54.417+0000: 8033.339: [GC (Allocation Failure) 8033.339: [ParNew
Desired survivor size 8716288 bytes, new threshold 6 (max 6)
- age   1:     489952 bytes,     489952 total
- age   2:     104696 bytes,     594648 total
- age   3:        968 bytes,     595616 total
- age   5:       1056 bytes,     596672 total
: 136953K->652K(153344K), 0.0066998 secs] 282659K->146358K(1031552K), 0.0068124 secs] [Times: user=0.02 sys=0.00, real=0.01 secs] 
2016-08-24T16:21:54.424+0000: 8033.345: Total time for which application threads were stopped: 0.0077006 seconds, Stopping threads took: 0.0001164 seconds
2016-08-24T16:21:54.464+0000: 8033.385: [GC (Allocation Failure) 8033.385: [ParNew
Desired survivor size 8716288 bytes, new threshold 6 (max 6)
- age   1:      55016 bytes,      55016 total
- age   2:     164304 bytes,     219320 total
- age   3:     102208 bytes,     321528 total
- age   4:        968 bytes,     322496 total
- age   6:       1056 bytes,     323552 total
: 136972K->428K(153344K), 0.0063687 secs] 282678K->146134K(1031552K), 0.0064829 secs] [Times: user=0.02 sys=0.00, real=0.01 secs] 
2016-08-24T16:21:54.470+0000: 8033.392: Total time for which application threads were stopped: 0.0073453 seconds, Stopping threads took: 0.0000996 seconds
2016-08-24T16:21:54.509+0000: 8033.430: [GC (Allocation Failure) 8033.430: [ParNew
Desired survivor size 8716288 bytes, new threshold 6 (max 6)
- age   1:      83984 bytes,      83984 total
- age   2:       4576 bytes,      88560 total
- age   3:     162504 bytes,     251064 total
- age   4:     102208 bytes,     353272 total
- age   5:        968 bytes,     354240 total
: 136748K->590K(153344K), 0.0057436 secs] 282454K->146298K(1031552K), 0.0058503 secs] [Times: user=0.01 sys=0.00, real=0.00 secs] 
2016-08-24T16:21:54.515+0000: 8033.436: Total time for which application threads were stopped: 0.0067634 seconds, Stopping threads took: 0.0000950 seconds
2016-08-24T16:21:54.556+0000: 8033.477: [GC (Allocation Failure) 8033.477: [ParNew
Desired survivor size 8716288 bytes, new threshold 6 (max 6)
- age   1:      54568 bytes,      54568 total
- age   2:       5512 bytes,      60080 total
- age   3:       1096 bytes,      61176 total
- age   4:     160656 bytes,     221832 total
- age   5:     102208 bytes,     324040 total
- age   6:        968 bytes,     325008 total
: 136910K->401K(153344K), 0.0054582 secs] 282618K->146109K(1031552K), 0.0055631 secs] [Times: user=0.01 sys=0.00, real=0.01 secs] 
2016-08-24T16:21:54.562+0000: 8033.483: Total time for which application threads were stopped: 0.0063949 seconds, Stopping threads took: 0.0000972 seconds
2016-08-24T16:21:54.599+0000: 8033.521: [GC (Allocation Failure) 8033.521: [ParNew
Desired survivor size 8716288 bytes, new threshold 6 (max 6)
- age   1:      79560 bytes,      79560 total
- age   2:       7712 bytes,      87272 total
- age   3:       5512 bytes,      92784 total
- age   4:       1096 bytes,      93880 total
- age   5:     160656 bytes,     254536 total
- age   6:     102208 bytes,     356744 total
: 136721K->552K(153344K), 0.0056791 secs] 282429K->146261K(1031552K), 0.0057916 secs] [Times: user=0.01 sys=0.00, real=0.01 secs] 
2016-08-24T16:21:54.605+0000: 8033.527: Total time for which application threads were stopped: 0.0066481 seconds, Stopping threads took: 0.0000991 seconds
2016-08-24T16:21:54.647+0000: 8033.568: [GC (Allocation Failure) 8033.568: [ParNew
Desired survivor size 8716288 bytes, new threshold 6 (max 6)
- age   1:      66888 bytes,      66888 total
- age   3:       1160 bytes,      68048 total
- age   4:       5512 bytes,      73560 total
- age   5:       1064 bytes,      74624 total
- age   6:     158840 bytes,     233464 total
: 136872K->483K(153344K), 0.0056899 secs] 282581K->146294K(1031552K), 0.0057948 secs] [Times: user=0.01 sys=0.00, real=0.01 secs] 
2016-08-24T16:21:54.653+0000: 8033.574: Total time for which application threads were stopped: 0.0066290 seconds, Stopping threads took: 0.0001045 seconds
2016-08-24T16:21:54.691+0000: 8033.612: [GC (Allocation Failure) 8033.612: [ParNew
Desired survivor size 8716288 bytes, new threshold 6 (max 6)
- age   1:      70752 bytes,      70752 total
- age   2:      10288 bytes,      81040 total
- age   4:       1160 bytes,      82200 total
- age   5:       5512 bytes,      87712 total
- age   6:       1064 bytes,      88776 total
: 136803K->182K(153344K), 0.0064483 secs] 282614K->146152K(1031552K), 0.0065745 secs] [Times: user=0.01 sys=0.00, real=0.00 secs] 
2016-08-24T16:21:54.697+0000: 8033.619: Total time for which application threads were stopped: 0.0074705 seconds, Stopping threads took: 0.0000969 seconds
2016-08-24T16:21:54.740+0000: 8033.662: [GC (Allocation Failure) 8033.662: [ParNew
Desired survivor size 8716288 bytes, new threshold 6 (max 6)
- age   1:      57088 bytes,      57088 total
- age   3:       1000 bytes,      58088 total
- age   5:       1128 bytes,      59216 total
- age   6:       5512 bytes,      64728 total
: 136502K->86K(153344K), 0.0062215 secs] 282472K->146057K(1031552K), 0.0063309 secs] [Times: user=0.01 sys=0.00, real=0.01 secs] 
2016-08-24T16:21:54.747+0000: 8033.668: Total time for which application threads were stopped: 0.0071727 seconds, Stopping threads took: 0.0001056 seconds
2016-08-24T16:21:54.787+0000: 8033.708: [GC (Allocation Failure) 8033.708: [ParNew
Desired survivor size 8716288 bytes, new threshold 6 (max 6)
- age   1:      71736 bytes,      71736 total
- age   2:      14088 bytes,      85824 total
- age   4:       1000 bytes,      86824 total
- age   6:       1128 bytes,      87952 total
: 136406K->101K(153344K), 0.0063886 secs] 282377K->146077K(1031552K), 0.0065084 secs] [Times: user=0.01 sys=0.00, real=0.01 secs] 
2016-08-24T16:21:54.793+0000: 8033.715: Total time for which application threads were stopped: 0.0074162 seconds, Stopping threads took: 0.0001176 seconds
2016-08-24T16:21:54.836+0000: 8033.758: [GC (Allocation Failure) 8033.758: [ParNew
Desired survivor size 8716288 bytes, new threshold 6 (max 6)
- age   1:      66384 bytes,      66384 total
- age   3:       1000 bytes,      67384 total
- age   5:        968 bytes,      68352 total
: 136421K->98K(153344K), 0.0058999 secs] 282397K->146076K(1031552K), 0.0059926 secs] [Times: user=0.01 sys=0.00, real=0.01 secs] 
2016-08-24T16:21:54.842+0000: 8033.764: Total time for which application threads were stopped: 0.0068333 seconds, Stopping threads took: 0.0001032 seconds
2016-08-24T16:21:54.881+0000: 8033.802: [GC (Allocation Failure) 8033.802: [ParNew
Desired survivor size 8716288 bytes, new threshold 6 (max 6)
- age   1:      65216 bytes,      65216 total
- age   2:      16416 bytes,      81632 total
- age   4:       1000 bytes,      82632 total
- age   6:        968 bytes,      83600 total
: 136418K->95K(153344K), 0.0054894 secs] 282396K->146072K(1031552K), 0.0056041 secs] [Times: user=0.01 sys=0.00, real=0.00 secs] 
2016-08-24T16:21:54.887+0000: 8033.808: Total time for which application threads were stopped: 0.0065078 seconds, Stopping threads took: 0.0001007 seconds
2016-08-24T16:22:04.526+0000: 8043.447: [GC (Allocation Failure) 8043.447: [ParNew
Desired survivor size 8716288 bytes, new threshold 6 (max 6)
- age   1:     972888 bytes,     972888 total
- age   3:        968 bytes,     973856 total
- age   5:        968 bytes,     974824 total
: 136415K->963K(153344K), 0.0075436 secs] 282392K->146941K(1031552K), 0.0076637 secs] [Times: user=0.01 sys=0.00, real=0.01 secs] 
2016-08-24T16:22:04.534+0000: 8043.455: Total time for which application threads were stopped: 0.0084920 seconds, Stopping threads took: 0.0000832 seconds
2016-08-24T16:22:04.574+0000: 8043.496: [GC (Allocation Failure) 8043.496: [ParNew
Desired survivor size 8716288 bytes, new threshold 6 (max 6)
- age   1:      86296 bytes,      86296 total
- age   2:     279024 bytes,     365320 total
- age   4:        968 bytes,     366288 total
- age   6:        968 bytes,     367256 total
: 137283K->523K(153344K), 0.0054088 secs] 283261K->146502K(1031552K), 0.0055267 secs] [Times: user=0.01 sys=0.00, real=0.00 secs] 
2016-08-24T16:22:04.580+0000: 8043.501: Total time for which application threads were stopped: 0.0063506 seconds, Stopping threads took: 0.0001007 seconds
2016-08-24T16:22:04.619+0000: 8043.541: [GC (Allocation Failure) 8043.541: [ParNew
Desired survivor size 8716288 bytes, new threshold 6 (max 6)
- age   1:      60040 bytes,      60040 total
- age   2:         72 bytes,      60112 total
- age   3:     262528 bytes,     322640 total
- age   5:        968 bytes,     323608 total
: 136843K->491K(153344K), 0.0053761 secs] 282822K->146470K(1031552K), 0.0054783 secs] [Times: user=0.02 sys=0.00, real=0.01 secs] 
2016-08-24T16:22:04.625+0000: 8043.546: Total time for which application threads were stopped: 0.0062828 seconds, Stopping threads took: 0.0000721 seconds
2016-08-24T16:22:04.665+0000: 8043.586: [GC (Allocation Failure) 8043.586: [ParNew
Desired survivor size 8716288 bytes, new threshold 6 (max 6)
- age   1:      83256 bytes,      83256 total
- age   2:      18888 bytes,     102144 total
- age   3:         72 bytes,     102216 total
- age   4:     262528 bytes,     364744 total
- age   6:        968 bytes,     365712 total
: 136811K->479K(153344K), 0.0056850 secs] 282790K->146458K(1031552K), 0.0057908 secs] [Times: user=0.01 sys=0.00, real=0.01 secs] 
2016-08-24T16:22:04.671+0000: 8043.592: Total time for which application threads were stopped: 0.0066685 seconds, Stopping threads took: 0.0001156 seconds
2016-08-24T16:22:04.710+0000: 8043.632: [GC (Allocation Failure) 8043.632: [ParNew
Desired survivor size 8716288 bytes, new threshold 6 (max 6)
- age   1:      73400 bytes,      73400 total
- age   3:       1096 bytes,      74496 total
- age   4:         72 bytes,      74568 total
- age   5:     260680 bytes,     335248 total
: 136799K->490K(153344K), 0.0058993 secs] 282778K->146470K(1031552K), 0.0060167 secs] [Times: user=0.01 sys=0.00, real=0.00 secs] 
2016-08-24T16:22:04.717+0000: 8043.638: Total time for which application threads were stopped: 0.0068602 seconds, Stopping threads took: 0.0000721 seconds
2016-08-24T16:22:04.759+0000: 8043.680: [GC (Allocation Failure) 8043.680: [ParNew
Desired survivor size 8716288 bytes, new threshold 6 (max 6)
- age   1:      57152 bytes,      57152 total
- age   2:       1000 bytes,      58152 total
- age   4:       1064 bytes,      59216 total
- age   5:         72 bytes,      59288 total
- age   6:     258864 bytes,     318152 total
: 136810K->479K(153344K), 0.0057567 secs] 282790K->146459K(1031552K), 0.0058523 secs] [Times: user=0.01 sys=0.00, real=0.01 secs] 
2016-08-24T16:22:04.765+0000: 8043.686: Total time for which application threads were stopped: 0.0066623 seconds, Stopping threads took: 0.0000988 seconds
2016-08-24T16:22:04.804+0000: 8043.725: [GC (Allocation Failure) 8043.725: [ParNew
Desired survivor size 8716288 bytes, new threshold 6 (max 6)
- age   1:      78544 bytes,      78544 total
- age   2:       4360 bytes,      82904 total
- age   3:       1000 bytes,      83904 total
- age   5:       1064 bytes,      84968 total
- age   6:         72 bytes,      85040 total
: 136799K->313K(153344K), 0.0058410 secs] 282779K->146551K(1031552K), 0.0059602 secs] [Times: user=0.01 sys=0.00, real=0.01 secs] 
2016-08-24T16:22:04.810+0000: 8043.731: Total time for which application threads were stopped: 0.0067899 seconds, Stopping threads took: 0.0000662 seconds
2016-08-24T16:22:04.852+0000: 8043.773: [GC (Allocation Failure) 8043.773: [ParNew
Desired survivor size 8716288 bytes, new threshold 6 (max 6)
- age   1:      50576 bytes,      50576 total
- age   3:       1000 bytes,      51576 total
- age   4:        968 bytes,      52544 total
- age   6:       1064 bytes,      53608 total
: 136633K->111K(153344K), 0.0053330 secs] 282871K->146349K(1031552K), 0.0054327 secs] [Times: user=0.01 sys=0.00, real=0.00 secs] 
2016-08-24T16:22:04.857+0000: 8043.779: Total time for which application threads were stopped: 0.0062301 seconds, Stopping threads took: 0.0001029 seconds
2016-08-24T16:22:04.895+0000: 8043.817: [GC (Allocation Failure) 8043.817: [ParNew
Desired survivor size 8716288 bytes, new threshold 6 (max 6)
- age   1:      84120 bytes,      84120 total
- age   2:       7272 bytes,      91392 total
- age   4:       1000 bytes,      92392 total
- age   5:        968 bytes,      93360 total
: 136431K->109K(153344K), 0.0057763 secs] 282669K->146348K(1031552K), 0.0058936 secs] [Times: user=0.01 sys=0.00, real=0.01 secs] 
2016-08-24T16:22:04.901+0000: 8043.823: Total time for which application threads were stopped: 0.0068272 seconds, Stopping threads took: 0.0000949 seconds
2016-08-24T16:22:04.943+0000: 8043.864: [GC (Allocation Failure) 8043.865: [ParNew
Desired survivor size 8716288 bytes, new threshold 6 (max 6)
- age   1:      75344 bytes,      75344 total
- age   3:       1000 bytes,      76344 total
- age   5:        968 bytes,      77312 total
- age   6:        968 bytes,      78280 total
: 136429K->106K(153344K), 0.0054636 secs] 282668K->146345K(1031552K), 0.0055891 secs] [Times: user=0.01 sys=0.00, real=0.01 secs] 
2016-08-24T16:22:04.949+0000: 8043.870: Total time for which application threads were stopped: 0.0064157 seconds, Stopping threads took: 0.0001027 seconds
2016-08-24T16:22:04.986+0000: 8043.908: [GC (Allocation Failure) 8043.908: [ParNew
Desired survivor size 8716288 bytes, new threshold 6 (max 6)
- age   1:      76528 bytes,      76528 total
- age   2:       9872 bytes,      86400 total
- age   4:       1000 bytes,      87400 total
- age   6:        968 bytes,      88368 total
: 136426K->103K(153344K), 0.0059941 secs] 282665K->146343K(1031552K), 0.0061285 secs] [Times: user=0.01 sys=0.00, real=0.01 secs] 
2016-08-24T16:22:04.992+0000: 8043.914: Total time for which application threads were stopped: 0.0069711 seconds, Stopping threads took: 0.0000702 seconds
2016-08-24T16:22:14.254+0000: 8053.176: [GC (Allocation Failure) 8053.176: [ParNew
Desired survivor size 8716288 bytes, new threshold 6 (max 6)
- age   1:     944384 bytes,     944384 total
- age   3:        968 bytes,     945352 total
- age   5:        968 bytes,     946320 total
: 136423K->945K(153344K), 0.0106597 secs] 282663K->147186K(1031552K), 0.0108325 secs] [Times: user=0.02 sys=0.00, real=0.01 secs] 
2016-08-24T16:22:14.265+0000: 8053.187: Total time for which application threads were stopped: 0.0118974 seconds, Stopping threads took: 0.0001210 seconds
2016-08-24T16:22:14.306+0000: 8053.228: [GC (Allocation Failure) 8053.228: [ParNew
Desired survivor size 8716288 bytes, new threshold 6 (max 6)
- age   1:      72848 bytes,      72848 total
- age   2:     265000 bytes,     337848 total
- age   4:        968 bytes,     338816 total
- age   6:        968 bytes,     339784 total
: 137265K->472K(153344K), 0.0053786 secs] 283506K->146713K(1031552K), 0.0055048 secs] [Times: user=0.01 sys=0.00, real=0.01 secs] 
2016-08-24T16:22:14.312+0000: 8053.233: Total time for which application threads were stopped: 0.0065052 seconds, Stopping threads took: 0.0001052 seconds
2016-08-24T16:22:14.353+0000: 8053.275: [GC (Allocation Failure) 8053.275: [ParNew
Desired survivor size 8716288 bytes, new threshold 6 (max 6)
- age   1:      61512 bytes,      61512 total
- age   2:        232 bytes,      61744 total
- age   3:     254088 bytes,     315832 total
- age   5:        968 bytes,     316800 total
: 136792K->453K(153344K), 0.0085728 secs] 283033K->146695K(1031552K), 0.0087054 secs] [Times: user=0.01 sys=0.00, real=0.01 secs] 
2016-08-24T16:22:14.362+0000: 8053.283: Total time for which application threads were stopped: 0.0096859 seconds, Stopping threads took: 0.0001255 seconds
2016-08-24T16:22:14.401+0000: 8053.322: [GC (Allocation Failure) 8053.323: [ParNew
Desired survivor size 8716288 bytes, new threshold 6 (max 6)
- age   1:      68912 bytes,      68912 total
- age   2:      12984 bytes,      81896 total
- age   3:        232 bytes,      82128 total
- age   4:     254088 bytes,     336216 total
- age   6:        968 bytes,     337184 total
: 136773K->447K(153344K), 0.0054099 secs] 283015K->146689K(1031552K), 0.0055460 secs] [Times: user=0.01 sys=0.00, real=0.00 secs] 
2016-08-24T16:22:14.407+0000: 8053.328: Total time for which application threads were stopped: 0.0064224 seconds, Stopping threads took: 0.0001220 seconds
2016-08-24T16:22:14.448+0000: 8053.369: [GC (Allocation Failure) 8053.369: [ParNew
Desired survivor size 8716288 bytes, new threshold 6 (max 6)
- age   1:      60280 bytes,      60280 total
- age   3:       1096 bytes,      61376 total
- age   4:        232 bytes,      61608 total
- age   5:     252240 bytes,     313848 total
: 136767K->467K(153344K), 0.0052557 secs] 283009K->146710K(1031552K), 0.0054086 secs] [Times: user=0.01 sys=0.00, real=0.01 secs] 
2016-08-24T16:22:14.453+0000: 8053.375: Total time for which application threads were stopped: 0.0062859 seconds, Stopping threads took: 0.0001234 seconds
2016-08-24T16:22:14.493+0000: 8053.414: [GC (Allocation Failure) 8053.414: [ParNew
Desired survivor size 8716288 bytes, new threshold 6 (max 6)
- age   1:      74320 bytes,      74320 total
- age   2:      15264 bytes,      89584 total
- age   4:       1096 bytes,      90680 total
- age   5:        232 bytes,      90912 total
- age   6:     252240 bytes,     343152 total
: 136787K->601K(153344K), 0.0056292 secs] 283030K->146844K(1031552K), 0.0057595 secs] [Times: user=0.01 sys=0.00, real=0.00 secs] 
2016-08-24T16:22:14.499+0000: 8053.420: Total time for which application threads were stopped: 0.0066692 seconds, Stopping threads took: 0.0001229 seconds
2016-08-24T16:22:14.540+0000: 8053.461: [GC (Allocation Failure) 8053.461: [ParNew
Desired survivor size 8716288 bytes, new threshold 6 (max 6)
- age   1:      60480 bytes,      60480 total
- age   3:       1000 bytes,      61480 total
- age   5:       1064 bytes,      62544 total
- age   6:        160 bytes,      62704 total
: 136921K->211K(153344K), 0.0064487 secs] 283164K->146703K(1031552K), 0.0065878 secs] [Times: user=0.01 sys=0.00, real=0.01 secs] 
2016-08-24T16:22:14.546+0000: 8053.468: Total time for which application threads were stopped: 0.0075125 seconds, Stopping threads took: 0.0001316 seconds
2016-08-24T16:22:14.587+0000: 8053.508: [GC (Allocation Failure) 8053.508: [ParNew
Desired survivor size 8716288 bytes, new threshold 6 (max 6)
- age   1:      80576 bytes,      80576 total
- age   2:      18952 bytes,      99528 total
- age   4:       1000 bytes,     100528 total
- age   6:       1064 bytes,     101592 total
: 136531K->131K(153344K), 0.0062658 secs] 283023K->146624K(1031552K), 0.0064175 secs] [Times: user=0.01 sys=0.00, real=0.01 secs] 
2016-08-24T16:22:14.593+0000: 8053.515: Total time for which application threads were stopped: 0.0073914 seconds, Stopping threads took: 0.0001422 seconds
2016-08-24T16:22:14.635+0000: 8053.556: [GC (Allocation Failure) 8053.556: [ParNew
Desired survivor size 8716288 bytes, new threshold 6 (max 6)
- age   1:      85592 bytes,      85592 total
- age   3:       1336 bytes,      86928 total
- age   5:        968 bytes,      87896 total
: 136451K->127K(153344K), 0.0056934 secs] 282944K->146621K(1031552K), 0.0058372 secs] [Times: user=0.02 sys=0.00, real=0.01 secs] 
2016-08-24T16:22:14.641+0000: 8053.562: Total time for which application threads were stopped: 0.0069084 seconds, Stopping threads took: 0.0001096 seconds
2016-08-24T16:22:14.683+0000: 8053.604: [GC (Allocation Failure) 8053.605: [ParNew
Desired survivor size 8716288 bytes, new threshold 6 (max 6)
- age   1:      49208 bytes,      49208 total
- age   2:       1000 bytes,      50208 total
- age   4:       1304 bytes,      51512 total
- age   6:        968 bytes,      52480 total
: 136447K->71K(153344K), 0.0053643 secs] 282941K->146565K(1031552K), 0.0055498 secs] [Times: user=0.01 sys=0.00, real=0.01 secs] 
2016-08-24T16:22:14.689+0000: 8053.610: Total time for which application threads were stopped: 0.0065992 seconds, Stopping threads took: 0.0001040 seconds
2016-08-24T16:22:14.728+0000: 8053.650: [GC (Allocation Failure) 8053.650: [ParNew
Desired survivor size 8716288 bytes, new threshold 6 (max 6)
- age   1:      66008 bytes,      66008 total
- age   2:       4280 bytes,      70288 total
- age   3:       1000 bytes,      71288 total
- age   5:       1304 bytes,      72592 total
: 136391K->77K(153344K), 0.0051130 secs] 282885K->146571K(1031552K), 0.0052415 secs] [Times: user=0.01 sys=0.00, real=0.00 secs] 
2016-08-24T16:22:14.734+0000: 8053.656: Total time for which application threads were stopped: 0.0066727 seconds, Stopping threads took: 0.0001221 seconds
2016-08-24T16:22:19.737+0000: 8058.659: Total time for which application threads were stopped: 0.0019176 seconds, Stopping threads took: 0.0002662 seconds
2016-08-24T16:22:24.043+0000: 8062.965: [GC (Allocation Failure) 8062.965: [ParNew
Desired survivor size 8716288 bytes, new threshold 6 (max 6)
- age   1:    1136528 bytes,    1136528 total
- age   3:        968 bytes,    1137496 total
- age   4:        968 bytes,    1138464 total
- age   6:       1184 bytes,    1139648 total
: 136397K->1133K(153344K), 0.0079900 secs] 282891K->147628K(1031552K), 0.0081115 secs] [Times: user=0.01 sys=0.00, real=0.01 secs] 
2016-08-24T16:22:24.052+0000: 8062.973: Total time for which application threads were stopped: 0.0088958 seconds, Stopping threads took: 0.0000947 seconds
2016-08-24T16:22:24.099+0000: 8063.020: [GC (Allocation Failure) 8063.020: [ParNew
Desired survivor size 8716288 bytes, new threshold 6 (max 6)
- age   1:     142928 bytes,     142928 total
- age   2:     210112 bytes,     353040 total
- age   4:        968 bytes,     354008 total
- age   5:        968 bytes,     354976 total
: 137453K->408K(153344K), 0.0061040 secs] 283948K->146904K(1031552K), 0.0062122 secs] [Times: user=0.01 sys=0.00, real=0.01 secs] 
2016-08-24T16:22:24.105+0000: 8063.027: Total time for which application threads were stopped: 0.0070613 seconds, Stopping threads took: 0.0001005 seconds
2016-08-24T16:22:24.144+0000: 8063.066: [GC (Allocation Failure) 8063.066: [ParNew
Desired survivor size 8716288 bytes, new threshold 6 (max 6)
- age   1:      59920 bytes,      59920 total
- age   2:      58648 bytes,     118568 total
- age   3:     207656 bytes,     326224 total
- age   5:        968 bytes,     327192 total
- age   6:        968 bytes,     328160 total
: 136728K->417K(153344K), 0.0058568 secs] 283224K->146913K(1031552K), 0.0059702 secs] [Times: user=0.01 sys=0.00, real=0.01 secs] 
2016-08-24T16:22:24.150+0000: 8063.072: Total time for which application threads were stopped: 0.0067901 seconds, Stopping threads took: 0.0000993 seconds
2016-08-24T16:22:24.191+0000: 8063.113: [GC (Allocation Failure) 8063.113: [ParNew
Desired survivor size 8716288 bytes, new threshold 6 (max 6)
- age   1:      87944 bytes,      87944 total
- age   2:       4952 bytes,      92896 total
- age   3:      58648 bytes,     151544 total
- age   4:     207656 bytes,     359200 total
- age   6:        968 bytes,     360168 total
: 136737K->450K(153344K), 0.0061987 secs] 283233K->146946K(1031552K), 0.0063311 secs] [Times: user=0.01 sys=0.00, real=0.00 secs] 
2016-08-24T16:22:24.198+0000: 8063.119: Total time for which application threads were stopped: 0.0072422 seconds, Stopping threads took: 0.0001352 seconds
2016-08-24T16:22:24.237+0000: 8063.159: [GC (Allocation Failure) 8063.159: [ParNew
Desired survivor size 8716288 bytes, new threshold 6 (max 6)
- age   1:      74312 bytes,      74312 total
- age   3:       1096 bytes,      75408 total
- age   4:      56800 bytes,     132208 total
- age   5:     207656 bytes,     339864 total
: 136770K->498K(153344K), 0.0058006 secs] 283266K->146996K(1031552K), 0.0059054 secs] [Times: user=0.01 sys=0.00, real=0.01 secs] 
2016-08-24T16:22:24.243+0000: 8063.165: Total time for which application threads were stopped: 0.0067983 seconds, Stopping threads took: 0.0000976 seconds
2016-08-24T16:22:24.283+0000: 8063.204: [GC (Allocation Failure) 8063.205: [ParNew
Desired survivor size 8716288 bytes, new threshold 6 (max 6)
- age   1:      74616 bytes,      74616 total
- age   2:       8120 bytes,      82736 total
- age   4:       1096 bytes,      83832 total
- age   5:      56800 bytes,     140632 total
- age   6:     207656 bytes,     348288 total
: 136818K->484K(153344K), 0.0057424 secs] 283316K->146982K(1031552K), 0.0058484 secs] [Times: user=0.01 sys=0.00, real=0.01 secs] 
2016-08-24T16:22:24.289+0000: 8063.210: Total time for which application threads were stopped: 0.0066696 seconds, Stopping threads took: 0.0001019 seconds
2016-08-24T16:22:24.329+0000: 8063.250: [GC (Allocation Failure) 8063.250: [ParNew
Desired survivor size 8716288 bytes, new threshold 6 (max 6)
- age   1:      56400 bytes,      56400 total
- age   3:       1000 bytes,      57400 total
- age   5:       1064 bytes,      58464 total
- age   6:      54984 bytes,     113448 total
: 136804K->338K(153344K), 0.0063083 secs] 283302K->147043K(1031552K), 0.0064202 secs] [Times: user=0.01 sys=0.00, real=0.00 secs] 
2016-08-24T16:22:24.335+0000: 8063.257: Total time for which application threads were stopped: 0.0072708 seconds, Stopping threads took: 0.0001152 seconds
2016-08-24T16:22:24.376+0000: 8063.298: [GC (Allocation Failure) 8063.298: [ParNew
Desired survivor size 8716288 bytes, new threshold 6 (max 6)
- age   1:      85648 bytes,      85648 total
- age   2:      11544 bytes,      97192 total
- age   4:       1000 bytes,      98192 total
- age   6:       1064 bytes,      99256 total
: 136658K->179K(153344K), 0.0053764 secs] 283363K->146939K(1031552K), 0.0054932 secs] [Times: user=0.02 sys=0.00, real=0.01 secs] 
2016-08-24T16:22:24.382+0000: 8063.303: Total time for which application threads were stopped: 0.0063203 seconds, Stopping threads took: 0.0001129 seconds
2016-08-24T16:22:24.420+0000: 8063.342: [GC (Allocation Failure) 8063.342: [ParNew
Desired survivor size 8716288 bytes, new threshold 6 (max 6)
- age   1:      66568 bytes,      66568 total
- age   3:       1000 bytes,      67568 total
- age   5:        968 bytes,      68536 total
: 136499K->82K(153344K), 0.0051473 secs] 283259K->146843K(1031552K), 0.0052572 secs] [Times: user=0.01 sys=0.00, real=0.00 secs] 
2016-08-24T16:22:24.426+0000: 8063.347: Total time for which application threads were stopped: 0.0060956 seconds, Stopping threads took: 0.0001024 seconds
2016-08-24T16:22:24.463+0000: 8063.385: [GC (Allocation Failure) 8063.385: [ParNew
Desired survivor size 8716288 bytes, new threshold 6 (max 6)
- age   1:      78248 bytes,      78248 total
- age   2:      14360 bytes,      92608 total
- age   4:       1000 bytes,      93608 total
- age   6:        968 bytes,      94576 total
: 136402K->120K(153344K), 0.0054604 secs] 283163K->146882K(1031552K), 0.0055706 secs] [Times: user=0.01 sys=0.00, real=0.01 secs] 
2016-08-24T16:22:24.469+0000: 8063.391: Total time for which application threads were stopped: 0.0064126 seconds, Stopping threads took: 0.0000999 seconds
2016-08-24T16:22:24.509+0000: 8063.430: [GC (Allocation Failure) 8063.430: [ParNew
Desired survivor size 8716288 bytes, new threshold 6 (max 6)
- age   1:      80056 bytes,      80056 total
- age   3:       1000 bytes,      81056 total
- age   5:        968 bytes,      82024 total
: 136440K->113K(153344K), 0.0051924 secs] 283202K->146875K(1031552K), 0.0053001 secs] [Times: user=0.01 sys=0.00, real=0.00 secs] 
2016-08-24T16:22:24.514+0000: 8063.436: Total time for which application threads were stopped: 0.0061520 seconds, Stopping threads took: 0.0001031 seconds
2016-08-24T16:22:24.553+0000: 8063.475: [GC (Allocation Failure) 8063.475: [ParNew
Desired survivor size 8716288 bytes, new threshold 6 (max 6)
- age   1:      72152 bytes,      72152 total
- age   2:      17560 bytes,      89712 total
- age   4:       1000 bytes,      90712 total
- age   6:        968 bytes,      91680 total
: 136433K->110K(153344K), 0.0052286 secs] 283195K->146872K(1031552K), 0.0053239 secs] [Times: user=0.01 sys=0.00, real=0.00 secs] 
2016-08-24T16:22:24.559+0000: 8063.480: Total time for which application threads were stopped: 0.0061900 seconds, Stopping threads took: 0.0001477 seconds
2016-08-24T16:22:34.104+0000: 8073.025: [GC (Allocation Failure) 8073.025: [ParNew
Desired survivor size 8716288 bytes, new threshold 6 (max 6)
- age   1:     980776 bytes,     980776 total
- age   3:        968 bytes,     981744 total
- age   5:        968 bytes,     982712 total
: 136430K->983K(153344K), 0.0078510 secs] 283192K->147746K(1031552K), 0.0079912 secs] [Times: user=0.02 sys=0.00, real=0.01 secs] 
2016-08-24T16:22:34.112+0000: 8073.033: Total time for which application threads were stopped: 0.0088668 seconds, Stopping threads took: 0.0001039 seconds
2016-08-24T16:22:34.152+0000: 8073.074: [GC (Allocation Failure) 8073.074: [ParNew
Desired survivor size 8716288 bytes, new threshold 6 (max 6)
- age   1:      66584 bytes,      66584 total
- age   2:     276192 bytes,     342776 total
- age   4:        968 bytes,     343744 total
- age   6:        968 bytes,     344712 total
: 137303K->465K(153344K), 0.0056413 secs] 284066K->147229K(1031552K), 0.0057467 secs] [Times: user=0.01 sys=0.00, real=0.00 secs] 
2016-08-24T16:22:34.158+0000: 8073.080: Total time for which application threads were stopped: 0.0066031 seconds, Stopping threads took: 0.0000996 seconds
2016-08-24T16:22:34.203+0000: 8073.125: [GC (Allocation Failure) 8073.125: [ParNew
Desired survivor size 8716288 bytes, new threshold 6 (max 6)
- age   1:      76328 bytes,      76328 total
- age   3:     257960 bytes,     334288 total
- age   5:        968 bytes,     335256 total
: 136785K->454K(153344K), 0.0059609 secs] 283549K->147218K(1031552K), 0.0060789 secs] [Times: user=0.02 sys=0.00, real=0.01 secs] 
2016-08-24T16:22:34.209+0000: 8073.131: Total time for which application threads were stopped: 0.0069318 seconds, Stopping threads took: 0.0001050 seconds
2016-08-24T16:22:34.247+0000: 8073.169: [GC (Allocation Failure) 8073.169: [ParNew
Desired survivor size 8716288 bytes, new threshold 6 (max 6)
- age   1:      81344 bytes,      81344 total
- age   2:      19696 bytes,     101040 total
- age   4:     257960 bytes,     359000 total
- age   6:        968 bytes,     359968 total
: 136774K->469K(153344K), 0.0058214 secs] 283538K->147233K(1031552K), 0.0059272 secs] [Times: user=0.01 sys=0.00, real=0.01 secs] 
2016-08-24T16:22:34.253+0000: 8073.175: Total time for which application threads were stopped: 0.0067469 seconds, Stopping threads took: 0.0000990 seconds
2016-08-24T16:22:34.293+0000: 8073.214: [GC (Allocation Failure) 8073.214: [ParNew
Desired survivor size 8716288 bytes, new threshold 6 (max 6)
- age   1:      83392 bytes,      83392 total
- age   3:       1096 bytes,      84488 total
- age   5:     256112 bytes,     340600 total
: 136789K->502K(153344K), 0.0057290 secs] 283553K->147267K(1031552K), 0.0058362 secs] [Times: user=0.01 sys=0.00, real=0.00 secs] 
2016-08-24T16:22:34.299+0000: 8073.220: Total time for which application threads were stopped: 0.0067999 seconds, Stopping threads took: 0.0001328 seconds
2016-08-24T16:22:34.341+0000: 8073.262: [GC (Allocation Failure) 8073.262: [ParNew
Desired survivor size 8716288 bytes, new threshold 6 (max 6)
- age   1:      59176 bytes,      59176 total
- age   2:       1000 bytes,      60176 total
- age   4:       1064 bytes,      61240 total
- age   6:     254296 bytes,     315536 total
: 136822K->484K(153344K), 0.0058211 secs] 283587K->147249K(1031552K), 0.0059273 secs] [Times: user=0.01 sys=0.00, real=0.00 secs] 
2016-08-24T16:22:34.347+0000: 8073.268: Total time for which application threads were stopped: 0.0067768 seconds, Stopping threads took: 0.0000865 seconds
2016-08-24T16:22:34.389+0000: 8073.311: [GC (Allocation Failure) 8073.311: [ParNew
Desired survivor size 8716288 bytes, new threshold 6 (max 6)
- age   1:      61576 bytes,      61576 total
- age   2:       4632 bytes,      66208 total
- age   3:       1000 bytes,      67208 total
- age   5:       1064 bytes,      68272 total
: 136804K->312K(153344K), 0.0061306 secs] 283569K->147331K(1031552K), 0.0062355 secs] [Times: user=0.01 sys=0.00, real=0.00 secs] 
2016-08-24T16:22:34.396+0000: 8073.317: Total time for which application threads were stopped: 0.0070811 seconds, Stopping threads took: 0.0001109 seconds
2016-08-24T16:22:34.435+0000: 8073.357: [GC (Allocation Failure) 8073.357: [ParNew
Desired survivor size 8716288 bytes, new threshold 6 (max 6)
- age   1:      58464 bytes,      58464 total
- age   3:       1000 bytes,      59464 total
- age   4:        968 bytes,      60432 total
- age   6:       1064 bytes,      61496 total
: 136632K->110K(153344K), 0.0055598 secs] 283651K->147129K(1031552K), 0.0056788 secs] [Times: user=0.01 sys=0.00, real=0.01 secs] 
2016-08-24T16:22:34.441+0000: 8073.362: Total time for which application threads were stopped: 0.0064978 seconds, Stopping threads took: 0.0000989 seconds
2016-08-24T16:22:34.482+0000: 8073.404: [GC (Allocation Failure) 8073.404: [ParNew
Desired survivor size 8716288 bytes, new threshold 6 (max 6)
- age   1:      83384 bytes,      83384 total
- age   2:       7832 bytes,      91216 total
- age   4:       1000 bytes,      92216 total
- age   5:        968 bytes,      93184 total
: 136430K->111K(153344K), 0.0057372 secs] 283449K->147131K(1031552K), 0.0058421 secs] [Times: user=0.01 sys=0.00, real=0.00 secs] 
2016-08-24T16:22:34.488+0000: 8073.410: Total time for which application threads were stopped: 0.0066697 seconds, Stopping threads took: 0.0001004 seconds
2016-08-24T16:22:34.530+0000: 8073.451: [GC (Allocation Failure) 8073.451: [ParNew
Desired survivor size 8716288 bytes, new threshold 6 (max 6)
- age   1:      56680 bytes,      56680 total
- age   3:       1000 bytes,      57680 total
- age   5:        968 bytes,      58648 total
- age   6:        968 bytes,      59616 total
: 136431K->81K(153344K), 0.0057617 secs] 283451K->147101K(1031552K), 0.0058694 secs] [Times: user=0.01 sys=0.00, real=0.00 secs] 
2016-08-24T16:22:34.536+0000: 8073.457: Total time for which application threads were stopped: 0.0067034 seconds, Stopping threads took: 0.0000975 seconds
2016-08-24T16:22:34.577+0000: 8073.499: [GC (Allocation Failure) 8073.499: [ParNew
Desired survivor size 8716288 bytes, new threshold 6 (max 6)
- age   1:      75520 bytes,      75520 total
- age   2:      11112 bytes,      86632 total
- age   4:       1000 bytes,      87632 total
- age   6:        968 bytes,      88600 total
: 136401K->99K(153344K), 0.0050704 secs] 283421K->147119K(1031552K), 0.0051720 secs] [Times: user=0.01 sys=0.00, real=0.01 secs] 
2016-08-24T16:22:34.582+0000: 8073.504: Total time for which application threads were stopped: 0.0059801 seconds, Stopping threads took: 0.0001101 seconds
2016-08-24T16:22:40.694+0000: 8079.615: Total time for which application threads were stopped: 0.0020573 seconds, Stopping threads took: 0.0002272 seconds
2016-08-24T16:22:40.695+0000: 8079.617: Total time for which application threads were stopped: 0.0012405 seconds, Stopping threads took: 0.0001057 seconds
2016-08-24T16:22:40.697+0000: 8079.618: Total time for which application threads were stopped: 0.0013707 seconds, Stopping threads took: 0.0001566 seconds
2016-08-24T16:22:40.889+0000: 8079.811: Total time for which application threads were stopped: 0.0019573 seconds, Stopping threads took: 0.0002236 seconds
2016-08-24T16:22:40.891+0000: 8079.812: Total time for which application threads were stopped: 0.0013123 seconds, Stopping threads took: 0.0001098 seconds
2016-08-24T16:22:40.893+0000: 8079.814: Total time for which application threads were stopped: 0.0012755 seconds, Stopping threads took: 0.0001621 seconds
2016-08-24T16:22:43.894+0000: 8082.815: Total time for which application threads were stopped: 0.0006958 seconds, Stopping threads took: 0.0001156 seconds
2016-08-24T16:22:44.326+0000: 8083.247: [GC (Allocation Failure) 8083.247: [ParNew
Desired survivor size 8716288 bytes, new threshold 6 (max 6)
- age   1:    1058336 bytes,    1058336 total
- age   3:       1096 bytes,    1059432 total
- age   5:        968 bytes,    1060400 total
: 136419K->1039K(153344K), 0.0083427 secs] 283439K->148061K(1031552K), 0.0084629 secs] [Times: user=0.01 sys=0.00, real=0.01 secs] 
2016-08-24T16:22:44.334+0000: 8083.256: Total time for which application threads were stopped: 0.0092581 seconds, Stopping threads took: 0.0000841 seconds
2016-08-24T16:22:44.372+0000: 8083.294: [GC (Allocation Failure) 8083.294: [ParNew
Desired survivor size 8716288 bytes, new threshold 6 (max 6)
- age   1:      88104 bytes,      88104 total
- age   2:     275912 bytes,     364016 total
- age   4:       1096 bytes,     365112 total
- age   6:        968 bytes,     366080 total
: 137359K->473K(153344K), 0.0064727 secs] 284381K->147494K(1031552K), 0.0065754 secs] [Times: user=0.01 sys=0.00, real=0.00 secs] 
2016-08-24T16:22:44.379+0000: 8083.300: Total time for which application threads were stopped: 0.0073550 seconds, Stopping threads took: 0.0000900 seconds
2016-08-24T16:22:44.418+0000: 8083.339: [GC (Allocation Failure) 8083.339: [ParNew
Desired survivor size 8716288 bytes, new threshold 6 (max 6)
- age   1:      69840 bytes,      69840 total
- age   2:         72 bytes,      69912 total
- age   3:     265176 bytes,     335088 total
- age   5:       1096 bytes,     336184 total
: 136793K->483K(153344K), 0.0064779 secs] 283814K->147505K(1031552K), 0.0065794 secs] [Times: user=0.01 sys=0.00, real=0.01 secs] 
2016-08-24T16:22:44.424+0000: 8083.346: Total time for which application threads were stopped: 0.0073383 seconds, Stopping threads took: 0.0000882 seconds
2016-08-24T16:22:44.462+0000: 8083.384: [GC (Allocation Failure) 8083.384: [ParNew
Desired survivor size 8716288 bytes, new threshold 6 (max 6)
- age   1:      63272 bytes,      63272 total
- age   2:      12984 bytes,      76256 total
- age   3:         72 bytes,      76328 total
- age   4:     265176 bytes,     341504 total
- age   6:       1096 bytes,     342600 total
: 136803K->476K(153344K), 0.0055917 secs] 283825K->147498K(1031552K), 0.0056901 secs] [Times: user=0.01 sys=0.00, real=0.00 secs] 
2016-08-24T16:22:44.468+0000: 8083.389: Total time for which application threads were stopped: 0.0064493 seconds, Stopping threads took: 0.0000893 seconds
2016-08-24T16:22:44.507+0000: 8083.428: [GC (Allocation Failure) 8083.428: [ParNew
Desired survivor size 8716288 bytes, new threshold 6 (max 6)
- age   1:      72664 bytes,      72664 total
- age   3:       1096 bytes,      73760 total
- age   4:         72 bytes,      73832 total
- age   5:     263328 bytes,     337160 total
: 136796K->480K(153344K), 0.0053777 secs] 283818K->147504K(1031552K), 0.0054930 secs] [Times: user=0.01 sys=0.00, real=0.01 secs] 
2016-08-24T16:22:44.512+0000: 8083.434: Total time for which application threads were stopped: 0.0063175 seconds, Stopping threads took: 0.0000965 seconds
2016-08-24T16:22:44.550+0000: 8083.472: [GC (Allocation Failure) 8083.472: [ParNew
Desired survivor size 8716288 bytes, new threshold 6 (max 6)
- age   1:      66472 bytes,      66472 total
- age   2:      15264 bytes,      81736 total
- age   4:       1096 bytes,      82832 total
- age   5:         72 bytes,      82904 total
- age   6:     263328 bytes,     346232 total
: 136800K->476K(153344K), 0.0057346 secs] 283824K->147499K(1031552K), 0.0058372 secs] [Times: user=0.01 sys=0.00, real=0.00 secs] 
2016-08-24T16:22:44.556+0000: 8083.478: Total time for which application threads were stopped: 0.0066721 seconds, Stopping threads took: 0.0000996 seconds
2016-08-24T16:22:44.596+0000: 8083.518: [GC (Allocation Failure) 8083.518: [ParNew
Desired survivor size 8716288 bytes, new threshold 6 (max 6)
- age   1:      67528 bytes,      67528 total
- age   3:       1000 bytes,      68528 total
- age   5:       1064 bytes,      69592 total
- age   6:         72 bytes,      69664 total
: 136796K->337K(153344K), 0.0058271 secs] 283819K->147622K(1031552K), 0.0059328 secs] [Times: user=0.01 sys=0.00, real=0.01 secs] 
2016-08-24T16:22:44.602+0000: 8083.524: Total time for which application threads were stopped: 0.0068059 seconds, Stopping threads took: 0.0001009 seconds
2016-08-24T16:22:44.642+0000: 8083.564: [GC (Allocation Failure) 8083.564: [ParNew
Desired survivor size 8716288 bytes, new threshold 6 (max 6)
- age   1:      75808 bytes,      75808 total
- age   2:      18616 bytes,      94424 total
- age   4:       1000 bytes,      95424 total
- age   6:       1064 bytes,      96488 total
: 136657K->156K(153344K), 0.0052757 secs] 283942K->147440K(1031552K), 0.0053891 secs] [Times: user=0.01 sys=0.00, real=0.00 secs] 
2016-08-24T16:22:44.648+0000: 8083.569: Total time for which application threads were stopped: 0.0062694 seconds, Stopping threads took: 0.0001206 seconds
2016-08-24T16:22:44.686+0000: 8083.608: [GC (Allocation Failure) 8083.608: [ParNew
Desired survivor size 8716288 bytes, new threshold 6 (max 6)
- age   1:      77776 bytes,      77776 total
- age   3:       1000 bytes,      78776 total
- age   5:        968 bytes,      79744 total
: 136476K->100K(153344K), 0.0057818 secs] 283760K->147385K(1031552K), 0.0058978 secs] [Times: user=0.01 sys=0.00, real=0.01 secs] 
2016-08-24T16:22:44.692+0000: 8083.614: Total time for which application threads were stopped: 0.0067750 seconds, Stopping threads took: 0.0001010 seconds
2016-08-24T16:22:44.732+0000: 8083.654: [GC (Allocation Failure) 8083.654: [ParNew
Desired survivor size 8716288 bytes, new threshold 6 (max 6)
- age   1:      62544 bytes,      62544 total
- age   2:       1000 bytes,      63544 total
- age   4:        968 bytes,      64512 total
- age   6:        968 bytes,      65480 total
: 136420K->80K(153344K), 0.0049824 secs] 283705K->147365K(1031552K), 0.0050683 secs] [Times: user=0.01 sys=0.00, real=0.00 secs] 
2016-08-24T16:22:44.737+0000: 8083.659: Total time for which application threads were stopped: 0.0058432 seconds, Stopping threads took: 0.0000928 seconds
2016-08-24T16:22:44.775+0000: 8083.697: [GC (Allocation Failure) 8083.697: [ParNew
Desired survivor size 8716288 bytes, new threshold 6 (max 6)
- age   1:      85944 bytes,      85944 total
- age   2:       4104 bytes,      90048 total
- age   3:       1000 bytes,      91048 total
- age   5:        968 bytes,      92016 total
: 136400K->111K(153344K), 0.0049733 secs] 283685K->147397K(1031552K), 0.0050702 secs] [Times: user=0.01 sys=0.00, real=0.01 secs] 
2016-08-24T16:22:44.780+0000: 8083.702: Total time for which application threads were stopped: 0.0058453 seconds, Stopping threads took: 0.0001017 seconds
2016-08-24T16:22:54.643+0000: 8093.564: [GC (Allocation Failure) 8093.564: [ParNew
Desired survivor size 8716288 bytes, new threshold 6 (max 6)
- age   1:    1147552 bytes,    1147552 total
- age   3:        968 bytes,    1148520 total
- age   4:        968 bytes,    1149488 total
- age   6:        968 bytes,    1150456 total
: 136431K->1147K(153344K), 0.0128828 secs] 283717K->148433K(1031552K), 0.0131354 secs] [Times: user=0.02 sys=0.00, real=0.01 secs] 
2016-08-24T16:22:54.656+0000: 8093.578: Total time for which application threads were stopped: 0.0152995 seconds, Stopping threads took: 0.0003766 seconds
2016-08-24T16:22:54.705+0000: 8093.626: [GC (Allocation Failure) 8093.626: [ParNew
Desired survivor size 8716288 bytes, new threshold 6 (max 6)
- age   1:     122976 bytes,     122976 total
- age   2:     274576 bytes,     397552 total
- age   4:        968 bytes,     398520 total
- age   5:        968 bytes,     399488 total
: 137467K->512K(153344K), 0.0061620 secs] 284753K->147799K(1031552K), 0.0062714 secs] [Times: user=0.01 sys=0.00, real=0.01 secs] 
2016-08-24T16:22:54.711+0000: 8093.633: Total time for which application threads were stopped: 0.0071447 seconds, Stopping threads took: 0.0001019 seconds
2016-08-24T16:22:54.751+0000: 8093.672: [GC (Allocation Failure) 8093.672: [ParNew
Desired survivor size 8716288 bytes, new threshold 6 (max 6)
- age   1:      55712 bytes,      55712 total
- age   2:      44048 bytes,      99760 total
- age   3:     274280 bytes,     374040 total
- age   5:        968 bytes,     375008 total
- age   6:        968 bytes,     375976 total
: 136832K->511K(153344K), 0.0062842 secs] 284119K->147798K(1031552K), 0.0063947 secs] [Times: user=0.01 sys=0.00, real=0.00 secs] 
2016-08-24T16:22:54.757+0000: 8093.679: Total time for which application threads were stopped: 0.0072420 seconds, Stopping threads took: 0.0001005 seconds
2016-08-24T16:22:54.798+0000: 8093.720: [GC (Allocation Failure) 8093.720: [ParNew
Desired survivor size 8716288 bytes, new threshold 6 (max 6)
- age   1:      75088 bytes,      75088 total
- age   2:       4952 bytes,      80040 total
- age   3:      44048 bytes,     124088 total
- age   4:     274280 bytes,     398368 total
- age   6:        968 bytes,     399336 total
: 136831K->526K(153344K), 0.0064463 secs] 284118K->147814K(1031552K), 0.0065720 secs] [Times: user=0.01 sys=0.00, real=0.01 secs] 
2016-08-24T16:22:54.805+0000: 8093.727: Total time for which application threads were stopped: 0.0074244 seconds, Stopping threads took: 0.0000994 seconds
2016-08-24T16:22:54.845+0000: 8093.767: [GC (Allocation Failure) 8093.767: [ParNew
Desired survivor size 8716288 bytes, new threshold 6 (max 6)
- age   1:      66688 bytes,      66688 total
- age   3:       1096 bytes,      67784 total
- age   4:      42200 bytes,     109984 total
- age   5:     274280 bytes,     384264 total
: 136846K->560K(153344K), 0.0055275 secs] 284134K->147849K(1031552K), 0.0056362 secs] [Times: user=0.01 sys=0.00, real=0.01 secs] 
2016-08-24T16:22:54.851+0000: 8093.772: Total time for which application threads were stopped: 0.0065177 seconds, Stopping threads took: 0.0001327 seconds
2016-08-24T16:22:54.891+0000: 8093.813: [GC (Allocation Failure) 8093.813: [ParNew
Desired survivor size 8716288 bytes, new threshold 6 (max 6)
- age   1:      62024 bytes,      62024 total
- age   2:       8120 bytes,      70144 total
- age   4:       1096 bytes,      71240 total
- age   5:      42200 bytes,     113440 total
- age   6:     274280 bytes,     387720 total
: 136880K->548K(153344K), 0.0057902 secs] 284169K->147837K(1031552K), 0.0058946 secs] [Times: user=0.01 sys=0.00, real=0.00 secs] 
2016-08-24T16:22:54.897+0000: 8093.819: Total time for which application threads were stopped: 0.0067471 seconds, Stopping threads took: 0.0000967 seconds
2016-08-24T16:22:54.937+0000: 8093.858: [GC (Allocation Failure) 8093.858: [ParNew
Desired survivor size 8716288 bytes, new threshold 6 (max 6)
- age   1:      56152 bytes,      56152 total
- age   3:       1000 bytes,      57152 total
- age   5:       1064 bytes,      58216 total
- age   6:      40384 bytes,      98600 total
: 136868K->378K(153344K), 0.0064624 secs] 284157K->147941K(1031552K), 0.0065807 secs] [Times: user=0.01 sys=0.00, real=0.01 secs] 
2016-08-24T16:22:54.944+0000: 8093.865: Total time for which application threads were stopped: 0.0074956 seconds, Stopping threads took: 0.0001151 seconds
2016-08-24T16:22:54.984+0000: 8093.905: [GC (Allocation Failure) 8093.905: [ParNew
Desired survivor size 8716288 bytes, new threshold 6 (max 6)
- age   1:      65328 bytes,      65328 total
- age   2:      11544 bytes,      76872 total
- age   4:       1000 bytes,      77872 total
- age   6:       1064 bytes,      78936 total
: 136698K->133K(153344K), 0.0057425 secs] 284261K->147737K(1031552K), 0.0058302 secs] [Times: user=0.01 sys=0.00, real=0.01 secs] 
2016-08-24T16:22:54.990+0000: 8093.911: Total time for which application threads were stopped: 0.0066475 seconds, Stopping threads took: 0.0001020 seconds
2016-08-24T16:22:55.029+0000: 8093.951: [GC (Allocation Failure) 8093.951: [ParNew
Desired survivor size 8716288 bytes, new threshold 6 (max 6)
- age   1:      57280 bytes,      57280 total
- age   3:       1000 bytes,      58280 total
- age   5:        968 bytes,      59248 total
: 136453K->95K(153344K), 0.0059236 secs] 284057K->147699K(1031552K), 0.0060409 secs] [Times: user=0.02 sys=0.00, real=0.00 secs] 
2016-08-24T16:22:55.035+0000: 8093.957: Total time for which application threads were stopped: 0.0068845 seconds, Stopping threads took: 0.0000947 seconds
2016-08-24T16:22:55.076+0000: 8093.997: [GC (Allocation Failure) 8093.997: [ParNew
Desired survivor size 8716288 bytes, new threshold 6 (max 6)
- age   1:      83888 bytes,      83888 total
- age   2:      14720 bytes,      98608 total
- age   4:       1000 bytes,      99608 total
- age   6:        968 bytes,     100576 total
: 136415K->111K(153344K), 0.0052313 secs] 284019K->147716K(1031552K), 0.0053317 secs] [Times: user=0.01 sys=0.00, real=0.01 secs] 
2016-08-24T16:22:55.081+0000: 8094.002: Total time for which application threads were stopped: 0.0061334 seconds, Stopping threads took: 0.0001012 seconds
2016-08-24T16:22:55.120+0000: 8094.041: [GC (Allocation Failure) 8094.041: [ParNew
Desired survivor size 8716288 bytes, new threshold 6 (max 6)
- age   1:      61344 bytes,      61344 total
- age   3:       1360 bytes,      62704 total
- age   5:        968 bytes,      63672 total
: 136431K->111K(153344K), 0.0055586 secs] 284036K->147717K(1031552K), 0.0056738 secs] [Times: user=0.01 sys=0.00, real=0.01 secs] 
2016-08-24T16:22:55.126+0000: 8094.047: Total time for which application threads were stopped: 0.0065375 seconds, Stopping threads took: 0.0000996 seconds
2016-08-24T16:22:55.166+0000: 8094.087: [GC (Allocation Failure) 8094.087: [ParNew
Desired survivor size 8716288 bytes, new threshold 6 (max 6)
- age   1:      73968 bytes,      73968 total
- age   2:      17560 bytes,      91528 total
- age   4:       1360 bytes,      92888 total
- age   6:        968 bytes,      93856 total
: 136431K->104K(153344K), 0.0055431 secs] 284037K->147710K(1031552K), 0.0056318 secs] [Times: user=0.01 sys=0.00, real=0.01 secs] 
2016-08-24T16:22:55.172+0000: 8094.093: Total time for which application threads were stopped: 0.0064432 seconds, Stopping threads took: 0.0001030 seconds
2016-08-24T16:23:04.377+0000: 8103.299: [GC (Allocation Failure) 8103.299: [ParNew
Desired survivor size 8716288 bytes, new threshold 6 (max 6)
- age   1:     867032 bytes,     867032 total
- age   3:        968 bytes,     868000 total
- age   5:       1208 bytes,     869208 total
: 136424K->870K(153344K), 0.0076166 secs] 284030K->148477K(1031552K), 0.0077340 secs] [Times: user=0.01 sys=0.00, real=0.01 secs] 
2016-08-24T16:23:04.385+0000: 8103.307: Total time for which application threads were stopped: 0.0085578 seconds, Stopping threads took: 0.0001013 seconds
2016-08-24T16:23:04.426+0000: 8103.347: [GC (Allocation Failure) 8103.347: [ParNew
Desired survivor size 8716288 bytes, new threshold 6 (max 6)
- age   1:      76408 bytes,      76408 total
- age   2:     262784 bytes,     339192 total
- age   4:        968 bytes,     340160 total
- age   6:       1208 bytes,     341368 total
: 137190K->451K(153344K), 0.0057368 secs] 284797K->148057K(1031552K), 0.0058423 secs] [Times: user=0.01 sys=0.00, real=0.01 secs] 
2016-08-24T16:23:04.432+0000: 8103.353: Total time for which application threads were stopped: 0.0067333 seconds, Stopping threads took: 0.0001404 seconds
2016-08-24T16:23:04.473+0000: 8103.394: [GC (Allocation Failure) 8103.394: [ParNew
Desired survivor size 8716288 bytes, new threshold 6 (max 6)
- age   1:      60680 bytes,      60680 total
- age   3:     244272 bytes,     304952 total
- age   5:        968 bytes,     305920 total
: 136771K->447K(153344K), 0.0058417 secs] 284377K->148055K(1031552K), 0.0059447 secs] [Times: user=0.01 sys=0.00, real=0.00 secs] 
2016-08-24T16:23:04.479+0000: 8103.400: Total time for which application threads were stopped: 0.0068062 seconds, Stopping threads took: 0.0001038 seconds
2016-08-24T16:23:04.519+0000: 8103.440: [GC (Allocation Failure) 8103.440: [ParNew
Desired survivor size 8716288 bytes, new threshold 6 (max 6)
- age   1:      72512 bytes,      72512 total
- age   2:      20112 bytes,      92624 total
- age   4:     244272 bytes,     336896 total
- age   6:        968 bytes,     337864 total
: 136767K->436K(153344K), 0.0064977 secs] 284375K->148043K(1031552K), 0.0066077 secs] [Times: user=0.02 sys=0.00, real=0.01 secs] 
2016-08-24T16:23:04.526+0000: 8103.447: Total time for which application threads were stopped: 0.0074433 seconds, Stopping threads took: 0.0001009 seconds
2016-08-24T16:23:04.568+0000: 8103.490: [GC (Allocation Failure) 8103.490: [ParNew
Desired survivor size 8716288 bytes, new threshold 6 (max 6)
- age   1:      87104 bytes,      87104 total
- age   3:       1096 bytes,      88200 total
- age   5:     242424 bytes,     330624 total
: 136756K->470K(153344K), 0.0066346 secs] 284363K->148079K(1031552K), 0.0067730 secs] [Times: user=0.02 sys=0.00, real=0.01 secs] 
2016-08-24T16:23:04.575+0000: 8103.496: Total time for which application threads were stopped: 0.0076317 seconds, Stopping threads took: 0.0000984 seconds
2016-08-24T16:23:04.617+0000: 8103.538: [GC (Allocation Failure) 8103.538: [ParNew
Desired survivor size 8716288 bytes, new threshold 6 (max 6)
- age   1:      47512 bytes,      47512 total
- age   2:       1000 bytes,      48512 total
- age   4:       1064 bytes,      49576 total
- age   6:     240608 bytes,     290184 total
: 136790K->464K(153344K), 0.0060746 secs] 284399K->148072K(1031552K), 0.0061804 secs] [Times: user=0.01 sys=0.00, real=0.01 secs] 
2016-08-24T16:23:04.623+0000: 8103.545: Total time for which application threads were stopped: 0.0070943 seconds, Stopping threads took: 0.0001368 seconds
2016-08-24T16:23:04.664+0000: 8103.586: [GC (Allocation Failure) 8103.586: [ParNew
Desired survivor size 8716288 bytes, new threshold 6 (max 6)
- age   1:      65592 bytes,      65592 total
- age   2:       4736 bytes,      70328 total
- age   3:       1000 bytes,      71328 total
- age   5:       1064 bytes,      72392 total
: 136784K->197K(153344K), 0.0064956 secs] 284392K->148046K(1031552K), 0.0066160 secs] [Times: user=0.01 sys=0.00, real=0.01 secs] 
2016-08-24T16:23:04.671+0000: 8103.593: Total time for which application threads were stopped: 0.0074718 seconds, Stopping threads took: 0.0000968 seconds
2016-08-24T16:23:04.711+0000: 8103.632: [GC (Allocation Failure) 8103.632: [ParNew
Desired survivor size 8716288 bytes, new threshold 6 (max 6)
- age   1:      69672 bytes,      69672 total
- age   3:       1000 bytes,      70672 total
- age   4:        968 bytes,      71640 total
- age   6:       1064 bytes,      72704 total
: 136517K->110K(153344K), 0.0051826 secs] 284366K->147959K(1031552K), 0.0052939 secs] [Times: user=0.01 sys=0.00, real=0.00 secs] 
2016-08-24T16:23:04.716+0000: 8103.638: Total time for which application threads were stopped: 0.0061026 seconds, Stopping threads took: 0.0000980 seconds
2016-08-24T16:23:04.756+0000: 8103.677: [GC (Allocation Failure) 8103.677: [ParNew
Desired survivor size 8716288 bytes, new threshold 6 (max 6)
- age   1:      67544 bytes,      67544 total
- age   2:       8032 bytes,      75576 total
- age   4:       1000 bytes,      76576 total
- age   5:        968 bytes,      77544 total
: 136430K->86K(153344K), 0.0049494 secs] 284279K->147936K(1031552K), 0.0050525 secs] [Times: user=0.01 sys=0.00, real=0.01 secs] 
2016-08-24T16:23:04.761+0000: 8103.682: Total time for which application threads were stopped: 0.0058723 seconds, Stopping threads took: 0.0001004 seconds
2016-08-24T16:23:04.802+0000: 8103.724: [GC (Allocation Failure) 8103.724: [ParNew
Desired survivor size 8716288 bytes, new threshold 6 (max 6)
- age   1:      68512 bytes,      68512 total
- age   3:       1000 bytes,      69512 total
- age   5:        968 bytes,      70480 total
- age   6:        968 bytes,      71448 total
: 136406K->90K(153344K), 0.0047916 secs] 284256K->147939K(1031552K), 0.0048911 secs] [Times: user=0.01 sys=0.00, real=0.00 secs] 
2016-08-24T16:23:04.807+0000: 8103.729: Total time for which application threads were stopped: 0.0057157 seconds, Stopping threads took: 0.0000995 seconds
2016-08-24T16:23:04.845+0000: 8103.767: [GC (Allocation Failure) 8103.767: [ParNew
Desired survivor size 8716288 bytes, new threshold 6 (max 6)
- age   1:      72904 bytes,      72904 total
- age   2:      11040 bytes,      83944 total
- age   4:       1000 bytes,      84944 total
- age   6:        968 bytes,      85912 total
: 136410K->109K(153344K), 0.0049198 secs] 284259K->147959K(1031552K), 0.0050307 secs] [Times: user=0.01 sys=0.00, real=0.01 secs] 
2016-08-24T16:23:04.850+0000: 8103.772: Total time for which application threads were stopped: 0.0059105 seconds, Stopping threads took: 0.0001263 seconds
2016-08-24T16:23:14.583+0000: 8113.504: [GC (Allocation Failure) 8113.504: [ParNew
Desired survivor size 8716288 bytes, new threshold 6 (max 6)
- age   1:    1023648 bytes,    1023648 total
- age   3:        968 bytes,    1024616 total
- age   5:        968 bytes,    1025584 total
: 136429K->1028K(153344K), 0.0080661 secs] 284279K->148879K(1031552K), 0.0082049 secs] [Times: user=0.01 sys=0.00, real=0.01 secs] 
2016-08-24T16:23:14.591+0000: 8113.512: Total time for which application threads were stopped: 0.0090038 seconds, Stopping threads took: 0.0000880 seconds
2016-08-24T16:23:14.628+0000: 8113.550: [GC (Allocation Failure) 8113.550: [ParNew
Desired survivor size 8716288 bytes, new threshold 6 (max 6)
- age   1:      83408 bytes,      83408 total
- age   2:     285136 bytes,     368544 total
- age   4:        968 bytes,     369512 total
- age   6:        968 bytes,     370480 total
: 137348K->522K(153344K), 0.0062602 secs] 285199K->148373K(1031552K), 0.0063628 secs] [Times: user=0.01 sys=0.00, real=0.00 secs] 
2016-08-24T16:23:14.635+0000: 8113.556: Total time for which application threads were stopped: 0.0071724 seconds, Stopping threads took: 0.0000883 seconds
2016-08-24T16:23:14.674+0000: 8113.595: [GC (Allocation Failure) 8113.595: [ParNew
Desired survivor size 8716288 bytes, new threshold 6 (max 6)
- age   1:      59024 bytes,      59024 total
- age   2:         72 bytes,      59096 total
- age   3:     272896 bytes,     331992 total
- age   5:        968 bytes,     332960 total
: 136842K->495K(153344K), 0.0062182 secs] 284693K->148348K(1031552K), 0.0063208 secs] [Times: user=0.01 sys=0.00, real=0.01 secs] 
2016-08-24T16:23:14.680+0000: 8113.602: Total time for which application threads were stopped: 0.0070695 seconds, Stopping threads took: 0.0000851 seconds
2016-08-24T16:23:14.718+0000: 8113.639: [GC (Allocation Failure) 8113.639: [ParNew
Desired survivor size 8716288 bytes, new threshold 6 (max 6)
- age   1:      61032 bytes,      61032 total
- age   2:      14184 bytes,      75216 total
- age   3:         72 bytes,      75288 total
- age   4:     272896 bytes,     348184 total
- age   6:        968 bytes,     349152 total
: 136815K->473K(153344K), 0.0068882 secs] 284668K->148326K(1031552K), 0.0069974 secs] [Times: user=0.02 sys=0.00, real=0.01 secs] 
2016-08-24T16:23:14.725+0000: 8113.646: Total time for which application threads were stopped: 0.0077666 seconds, Stopping threads took: 0.0000846 seconds
2016-08-24T16:23:14.765+0000: 8113.686: [GC (Allocation Failure) 8113.686: [ParNew
Desired survivor size 8716288 bytes, new threshold 6 (max 6)
- age   1:      73336 bytes,      73336 total
- age   3:       1096 bytes,      74432 total
- age   4:         72 bytes,      74504 total
- age   5:     271048 bytes,     345552 total
: 136793K->487K(153344K), 0.0062357 secs] 284646K->148341K(1031552K), 0.0063373 secs] [Times: user=0.01 sys=0.00, real=0.01 secs] 
2016-08-24T16:23:14.771+0000: 8113.693: Total time for which application threads were stopped: 0.0071442 seconds, Stopping threads took: 0.0001000 seconds
2016-08-24T16:23:14.809+0000: 8113.730: [GC (Allocation Failure) 8113.730: [ParNew
Desired survivor size 8716288 bytes, new threshold 6 (max 6)
- age   1:      72600 bytes,      72600 total
- age   2:      16416 bytes,      89016 total
- age   4:       1096 bytes,      90112 total
- age   5:         72 bytes,      90184 total
- age   6:     271048 bytes,     361232 total
: 136807K->490K(153344K), 0.0062503 secs] 284661K->148344K(1031552K), 0.0063506 secs] [Times: user=0.01 sys=0.00, real=0.00 secs] 
2016-08-24T16:23:14.815+0000: 8113.737: Total time for which application threads were stopped: 0.0071849 seconds, Stopping threads took: 0.0000911 seconds
2016-08-24T16:23:14.857+0000: 8113.778: [GC (Allocation Failure) 8113.778: [ParNew
Desired survivor size 8716288 bytes, new threshold 6 (max 6)
- age   1:      63712 bytes,      63712 total
- age   3:       1000 bytes,      64712 total
- age   5:       1064 bytes,      65776 total
- age   6:         72 bytes,      65848 total
: 136810K->349K(153344K), 0.0067966 secs] 284664K->148471K(1031552K), 0.0069024 secs] [Times: user=0.01 sys=0.00, real=0.01 secs] 
2016-08-24T16:23:14.864+0000: 8113.785: Total time for which application threads were stopped: 0.0077093 seconds, Stopping threads took: 0.0000886 seconds
2016-08-24T16:23:14.903+0000: 8113.824: [GC (Allocation Failure) 8113.825: [ParNew
Desired survivor size 8716288 bytes, new threshold 6 (max 6)
- age   1:      82824 bytes,      82824 total
- age   2:      19336 bytes,     102160 total
- age   4:       1000 bytes,     103160 total
- age   6:       1064 bytes,     104224 total
: 136669K->159K(153344K), 0.0060004 secs] 284791K->148281K(1031552K), 0.0061096 secs] [Times: user=0.02 sys=0.00, real=0.01 secs] 
2016-08-24T16:23:14.909+0000: 8113.831: Total time for which application threads were stopped: 0.0068608 seconds, Stopping threads took: 0.0000851 seconds
2016-08-24T16:23:14.948+0000: 8113.869: [GC (Allocation Failure) 8113.869: [ParNew
Desired survivor size 8716288 bytes, new threshold 6 (max 6)
- age   1:      86648 bytes,      86648 total
- age   3:       1000 bytes,      87648 total
- age   5:        968 bytes,      88616 total
: 136479K->130K(153344K), 0.0067594 secs] 284601K->148253K(1031552K), 0.0068654 secs] [Times: user=0.02 sys=0.00, real=0.01 secs] 
2016-08-24T16:23:14.955+0000: 8113.876: Total time for which application threads were stopped: 0.0076404 seconds, Stopping threads took: 0.0000874 seconds
2016-08-24T16:23:14.995+0000: 8113.917: [GC (Allocation Failure) 8113.917: [ParNew
Desired survivor size 8716288 bytes, new threshold 6 (max 6)
- age   1:      66344 bytes,      66344 total
- age   2:       1000 bytes,      67344 total
- age   4:        968 bytes,      68312 total
- age   6:        968 bytes,      69280 total
: 136450K->81K(153344K), 0.0058960 secs] 284573K->148204K(1031552K), 0.0060080 secs] [Times: user=0.01 sys=0.00, real=0.01 secs] 
2016-08-24T16:23:15.001+0000: 8113.923: Total time for which application threads were stopped: 0.0067646 seconds, Stopping threads took: 0.0000856 seconds
2016-08-24T16:23:15.039+0000: 8113.961: [GC (Allocation Failure) 8113.961: [ParNew
Desired survivor size 8716288 bytes, new threshold 6 (max 6)
- age   1:      80064 bytes,      80064 total
- age   2:       4848 bytes,      84912 total
- age   3:       1000 bytes,      85912 total
- age   5:        968 bytes,      86880 total
: 136401K->112K(153344K), 0.0059299 secs] 284524K->148236K(1031552K), 0.0060288 secs] [Times: user=0.01 sys=0.00, real=0.01 secs] 
2016-08-24T16:23:15.046+0000: 8113.967: Total time for which application threads were stopped: 0.0067757 seconds, Stopping threads took: 0.0000866 seconds
2016-08-24T16:23:20.048+0000: 8118.970: Total time for which application threads were stopped: 0.0015729 seconds, Stopping threads took: 0.0002018 seconds
2016-08-24T16:23:24.598+0000: 8123.520: [GC (Allocation Failure) 8123.520: [ParNew
Desired survivor size 8716288 bytes, new threshold 6 (max 6)
- age   1:    1236800 bytes,    1236800 total
- age   2:        128 bytes,    1236928 total
- age   3:       1232 bytes,    1238160 total
- age   4:        968 bytes,    1239128 total
- age   6:        968 bytes,    1240096 total
: 136432K->1230K(153344K), 0.0085097 secs] 284556K->149354K(1031552K), 0.0086287 secs] [Times: user=0.02 sys=0.00, real=0.01 secs] 
2016-08-24T16:23:24.607+0000: 8123.528: Total time for which application threads were stopped: 0.0094799 seconds, Stopping threads took: 0.0000933 seconds
2016-08-24T16:23:24.647+0000: 8123.568: [GC (Allocation Failure) 8123.568: [ParNew
Desired survivor size 8716288 bytes, new threshold 6 (max 6)
- age   1:      66472 bytes,      66472 total
- age   2:     286480 bytes,     352952 total
- age   3:        128 bytes,     353080 total
- age   4:       1232 bytes,     354312 total
- age   5:        968 bytes,     355280 total
: 137550K->530K(153344K), 0.0057735 secs] 285674K->148655K(1031552K), 0.0058971 secs] [Times: user=0.01 sys=0.00, real=0.01 secs] 
2016-08-24T16:23:24.653+0000: 8123.574: Total time for which application threads were stopped: 0.0067590 seconds, Stopping threads took: 0.0000994 seconds
2016-08-24T16:23:24.694+0000: 8123.616: [GC (Allocation Failure) 8123.616: [ParNew
Desired survivor size 8716288 bytes, new threshold 6 (max 6)
- age   1:      70376 bytes,      70376 total
- age   2:         72 bytes,      70448 total
- age   3:     280992 bytes,     351440 total
- age   4:        128 bytes,     351568 total
- age   5:       1232 bytes,     352800 total
- age   6:        968 bytes,     353768 total
: 136850K->457K(153344K), 0.0054014 secs] 284975K->148582K(1031552K), 0.0055029 secs] [Times: user=0.01 sys=0.00, real=0.00 secs] 
2016-08-24T16:23:24.700+0000: 8123.621: Total time for which application threads were stopped: 0.0063265 seconds, Stopping threads took: 0.0000987 seconds
2016-08-24T16:23:24.738+0000: 8123.659: [GC (Allocation Failure) 8123.659: [ParNew
Desired survivor size 8716288 bytes, new threshold 6 (max 6)
- age   1:      65608 bytes,      65608 total
- age   2:       5720 bytes,      71328 total
- age   3:         72 bytes,      71400 total
- age   4:     280992 bytes,     352392 total
- age   5:        128 bytes,     352520 total
- age   6:       1232 bytes,     353752 total
: 136777K->491K(153344K), 0.0061228 secs] 284902K->148617K(1031552K), 0.0062301 secs] [Times: user=0.01 sys=0.00, real=0.01 secs] 
2016-08-24T16:23:24.744+0000: 8123.666: Total time for which application threads were stopped: 0.0070653 seconds, Stopping threads took: 0.0001001 seconds
2016-08-24T16:23:24.785+0000: 8123.707: [GC (Allocation Failure) 8123.707: [ParNew
Desired survivor size 8716288 bytes, new threshold 6 (max 6)
- age   1:      60976 bytes,      60976 total
- age   3:       1096 bytes,      62072 total
- age   4:         72 bytes,      62144 total
- age   5:     279144 bytes,     341288 total
- age   6:        128 bytes,     341416 total
: 136811K->498K(153344K), 0.0061092 secs] 284937K->148625K(1031552K), 0.0062194 secs] [Times: user=0.02 sys=0.00, real=0.01 secs] 
2016-08-24T16:23:24.792+0000: 8123.713: Total time for which application threads were stopped: 0.0070440 seconds, Stopping threads took: 0.0000990 seconds
2016-08-24T16:23:24.831+0000: 8123.752: [GC (Allocation Failure) 8123.752: [ParNew
Desired survivor size 8716288 bytes, new threshold 6 (max 6)
- age   1:      68272 bytes,      68272 total
- age   2:       9432 bytes,      77704 total
- age   4:       1096 bytes,      78800 total
- age   5:         72 bytes,      78872 total
- age   6:     279144 bytes,     358016 total
: 136818K->485K(153344K), 0.0056411 secs] 284945K->148612K(1031552K), 0.0057449 secs] [Times: user=0.01 sys=0.00, real=0.00 secs] 
2016-08-24T16:23:24.837+0000: 8123.758: Total time for which application threads were stopped: 0.0066133 seconds, Stopping threads took: 0.0001191 seconds
2016-08-24T16:23:24.876+0000: 8123.797: [GC (Allocation Failure) 8123.797: [ParNew
Desired survivor size 8716288 bytes, new threshold 6 (max 6)
- age   1:      55624 bytes,      55624 total
- age   3:       1000 bytes,      56624 total
- age   5:       1064 bytes,      57688 total
- age   6:         72 bytes,      57760 total
: 136805K->348K(153344K), 0.0059823 secs] 284932K->148752K(1031552K), 0.0060856 secs] [Times: user=0.01 sys=0.00, real=0.01 secs] 
2016-08-24T16:23:24.882+0000: 8123.803: Total time for which application threads were stopped: 0.0069023 seconds, Stopping threads took: 0.0001056 seconds
2016-08-24T16:23:24.920+0000: 8123.841: [GC (Allocation Failure) 8123.841: [ParNew
Desired survivor size 8716288 bytes, new threshold 6 (max 6)
- age   1:      79744 bytes,      79744 total
- age   2:      12776 bytes,      92520 total
- age   4:       1000 bytes,      93520 total
- age   6:       1064 bytes,      94584 total
: 136668K->158K(153344K), 0.0056427 secs] 285072K->148562K(1031552K), 0.0057602 secs] [Times: user=0.01 sys=0.00, real=0.01 secs] 
2016-08-24T16:23:24.926+0000: 8123.847: Total time for which application threads were stopped: 0.0065811 seconds, Stopping threads took: 0.0000968 seconds
2016-08-24T16:23:24.967+0000: 8123.889: [GC (Allocation Failure) 8123.889: [ParNew
Desired survivor size 8716288 bytes, new threshold 6 (max 6)
- age   1:      85912 bytes,      85912 total
- age   3:       1000 bytes,      86912 total
- age   5:        968 bytes,      87880 total
: 136478K->117K(153344K), 0.0058862 secs] 284882K->148522K(1031552K), 0.0060084 secs] [Times: user=0.01 sys=0.00, real=0.01 secs] 
2016-08-24T16:23:24.974+0000: 8123.895: Total time for which application threads were stopped: 0.0068387 seconds, Stopping threads took: 0.0000974 seconds
2016-08-24T16:23:25.013+0000: 8123.934: [GC (Allocation Failure) 8123.934: [ParNew
Desired survivor size 8716288 bytes, new threshold 6 (max 6)
- age   1:      67344 bytes,      67344 total
- age   2:      15056 bytes,      82400 total
- age   4:       1000 bytes,      83400 total
- age   6:        968 bytes,      84368 total
: 136437K->107K(153344K), 0.0052666 secs] 284842K->148512K(1031552K), 0.0053641 secs] [Times: user=0.01 sys=0.00, real=0.00 secs] 
2016-08-24T16:23:25.018+0000: 8123.940: Total time for which application threads were stopped: 0.0061820 seconds, Stopping threads took: 0.0001045 seconds
2016-08-24T16:23:25.057+0000: 8123.979: [GC (Allocation Failure) 8123.979: [ParNew
Desired survivor size 8716288 bytes, new threshold 6 (max 6)
- age   1:      80224 bytes,      80224 total
- age   3:       1000 bytes,      81224 total
- age   5:        968 bytes,      82192 total
: 136427K->108K(153344K), 0.0052012 secs] 284832K->148514K(1031552K), 0.0052995 secs] [Times: user=0.01 sys=0.00, real=0.01 secs] 
2016-08-24T16:23:25.063+0000: 8123.984: Total time for which application threads were stopped: 0.0061325 seconds, Stopping threads took: 0.0000994 seconds
2016-08-24T16:23:25.103+0000: 8124.025: [GC (Allocation Failure) 8124.025: [ParNew
Desired survivor size 8716288 bytes, new threshold 6 (max 6)
- age   1:      81880 bytes,      81880 total
- age   2:      18864 bytes,     100744 total
- age   4:       1000 bytes,     101744 total
- age   6:        968 bytes,     102712 total
: 136428K->125K(153344K), 0.0051359 secs] 284834K->148531K(1031552K), 0.0052375 secs] [Times: user=0.01 sys=0.00, real=0.01 secs] 
2016-08-24T16:23:25.109+0000: 8124.030: Total time for which application threads were stopped: 0.0061836 seconds, Stopping threads took: 0.0000997 seconds
2016-08-24T16:23:30.112+0000: 8129.033: Total time for which application threads were stopped: 0.0017843 seconds, Stopping threads took: 0.0002397 seconds
2016-08-24T16:23:34.406+0000: 8133.327: [GC (Allocation Failure) 8133.328: [ParNew
Desired survivor size 8716288 bytes, new threshold 6 (max 6)
- age   1:     975464 bytes,     975464 total
- age   3:        968 bytes,     976432 total
- age   5:        968 bytes,     977400 total
: 136445K->988K(153344K), 0.0076842 secs] 284851K->149395K(1031552K), 0.0078027 secs] [Times: user=0.01 sys=0.00, real=0.01 secs] 
2016-08-24T16:23:34.414+0000: 8133.335: Total time for which application threads were stopped: 0.0086300 seconds, Stopping threads took: 0.0000987 seconds
2016-08-24T16:23:34.457+0000: 8133.379: [GC (Allocation Failure) 8133.379: [ParNew
Desired survivor size 8716288 bytes, new threshold 6 (max 6)
- age   1:      77952 bytes,      77952 total
- age   2:     278264 bytes,     356216 total
- age   4:        968 bytes,     357184 total
- age   6:        968 bytes,     358152 total
: 137308K->402K(153344K), 0.0063087 secs] 285715K->148809K(1031552K), 0.0064294 secs] [Times: user=0.01 sys=0.00, real=0.01 secs] 
2016-08-24T16:23:34.464+0000: 8133.385: Total time for which application threads were stopped: 0.0072995 seconds, Stopping threads took: 0.0001017 seconds
2016-08-24T16:23:34.507+0000: 8133.428: [GC (Allocation Failure) 8133.428: [ParNew
Desired survivor size 8716288 bytes, new threshold 6 (max 6)
- age   1:      67712 bytes,      67712 total
- age   3:     259184 bytes,     326896 total
- age   5:        968 bytes,     327864 total
: 136722K->481K(153344K), 0.0064290 secs] 285129K->148888K(1031552K), 0.0065448 secs] [Times: user=0.01 sys=0.00, real=0.01 secs] 
2016-08-24T16:23:34.513+0000: 8133.435: Total time for which application threads were stopped: 0.0073799 seconds, Stopping threads took: 0.0001012 seconds
2016-08-24T16:23:34.555+0000: 8133.477: [GC (Allocation Failure) 8133.477: [ParNew
Desired survivor size 8716288 bytes, new threshold 6 (max 6)
- age   1:      63904 bytes,      63904 total
- age   2:       1096 bytes,      65000 total
- age   4:     256904 bytes,     321904 total
- age   6:        968 bytes,     322872 total
: 136801K->470K(153344K), 0.0058489 secs] 285208K->148878K(1031552K), 0.0059659 secs] [Times: user=0.01 sys=0.00, real=0.01 secs] 
2016-08-24T16:23:34.561+0000: 8133.483: Total time for which application threads were stopped: 0.0067500 seconds, Stopping threads took: 0.0000903 seconds
2016-08-24T16:23:34.602+0000: 8133.524: [GC (Allocation Failure) 8133.524: [ParNew
Desired survivor size 8716288 bytes, new threshold 6 (max 6)
- age   1:      79696 bytes,      79696 total
- age   2:       3896 bytes,      83592 total
- age   3:       1096 bytes,      84688 total
- age   5:     256904 bytes,     341592 total
: 136790K->457K(153344K), 0.0064485 secs] 285198K->148865K(1031552K), 0.0065600 secs] [Times: user=0.01 sys=0.00, real=0.01 secs] 
2016-08-24T16:23:34.609+0000: 8133.531: Total time for which application threads were stopped: 0.0074023 seconds, Stopping threads took: 0.0000972 seconds
2016-08-24T16:23:34.651+0000: 8133.573: [GC (Allocation Failure) 8133.573: [ParNew
Desired survivor size 8716288 bytes, new threshold 6 (max 6)
- age   1:      66680 bytes,      66680 total
- age   3:       1248 bytes,      67928 total
- age   4:       1064 bytes,      68992 total
- age   6:     255088 bytes,     324080 total
: 136777K->475K(153344K), 0.0064558 secs] 285185K->148884K(1031552K), 0.0065774 secs] [Times: user=0.01 sys=0.00, real=0.00 secs] 
2016-08-24T16:23:34.658+0000: 8133.580: Total time for which application threads were stopped: 0.0074429 seconds, Stopping threads took: 0.0001026 seconds
2016-08-24T16:23:34.697+0000: 8133.619: [GC (Allocation Failure) 8133.619: [ParNew
Desired survivor size 8716288 bytes, new threshold 6 (max 6)
- age   1:      66544 bytes,      66544 total
- age   2:       5536 bytes,      72080 total
- age   4:       1248 bytes,      73328 total
- age   5:       1064 bytes,      74392 total
: 136795K->318K(153344K), 0.0066473 secs] 285204K->148982K(1031552K), 0.0067834 secs] [Times: user=0.01 sys=0.00, real=0.01 secs] 
2016-08-24T16:23:34.704+0000: 8133.626: Total time for which application threads were stopped: 0.0076429 seconds, Stopping threads took: 0.0001051 seconds
2016-08-24T16:23:34.748+0000: 8133.669: [GC (Allocation Failure) 8133.669: [ParNew
Desired survivor size 8716288 bytes, new threshold 6 (max 6)
- age   1:      76224 bytes,      76224 total
- age   3:       1000 bytes,      77224 total
- age   5:       1144 bytes,      78368 total
- age   6:       1064 bytes,      79432 total
: 136638K->113K(153344K), 0.0059103 secs] 285302K->148776K(1031552K), 0.0060038 secs] [Times: user=0.01 sys=0.00, real=0.01 secs] 
2016-08-24T16:23:34.754+0000: 8133.675: Total time for which application threads were stopped: 0.0068367 seconds, Stopping threads took: 0.0001042 seconds
2016-08-24T16:23:34.793+0000: 8133.714: [GC (Allocation Failure) 8133.715: [ParNew
Desired survivor size 8716288 bytes, new threshold 6 (max 6)
- age   1:      88752 bytes,      88752 total
- age   2:       9472 bytes,      98224 total
- age   4:       1000 bytes,      99224 total
- age   6:       1144 bytes,     100368 total
: 136433K->122K(153344K), 0.0053962 secs] 285096K->148786K(1031552K), 0.0055053 secs] [Times: user=0.01 sys=0.01, real=0.00 secs] 
2016-08-24T16:23:34.799+0000: 8133.720: Total time for which application threads were stopped: 0.0063732 seconds, Stopping threads took: 0.0000976 seconds
2016-08-24T16:23:34.840+0000: 8133.761: [GC (Allocation Failure) 8133.761: [ParNew
Desired survivor size 8716288 bytes, new threshold 6 (max 6)
- age   1:      65880 bytes,      65880 total
- age   3:       1408 bytes,      67288 total
- age   5:        968 bytes,      68256 total
: 136442K->93K(153344K), 0.0055348 secs] 285106K->148758K(1031552K), 0.0056492 secs] [Times: user=0.01 sys=0.00, real=0.01 secs] 
2016-08-24T16:23:34.846+0000: 8133.767: Total time for which application threads were stopped: 0.0064930 seconds, Stopping threads took: 0.0000964 seconds
2016-08-24T16:23:34.886+0000: 8133.807: [GC (Allocation Failure) 8133.807: [ParNew
Desired survivor size 8716288 bytes, new threshold 6 (max 6)
- age   1:      79016 bytes,      79016 total
- age   2:      12392 bytes,      91408 total
- age   4:       1408 bytes,      92816 total
- age   6:        968 bytes,      93784 total
: 136413K->102K(153344K), 0.0055335 secs] 285078K->148767K(1031552K), 0.0056605 secs] [Times: user=0.01 sys=0.00, real=0.01 secs] 
2016-08-24T16:23:34.891+0000: 8133.813: Total time for which application threads were stopped: 0.0065222 seconds, Stopping threads took: 0.0001005 seconds
2016-08-24T16:23:43.694+0000: 8142.616: Total time for which application threads were stopped: 0.0006566 seconds, Stopping threads took: 0.0000922 seconds
2016-08-24T16:23:43.695+0000: 8142.616: Total time for which application threads were stopped: 0.0003308 seconds, Stopping threads took: 0.0000510 seconds
2016-08-24T16:23:43.695+0000: 8142.617: Total time for which application threads were stopped: 0.0003249 seconds, Stopping threads took: 0.0000441 seconds
2016-08-24T16:23:43.892+0000: 8142.814: Total time for which application threads were stopped: 0.0018642 seconds, Stopping threads took: 0.0002217 seconds
2016-08-24T16:23:43.894+0000: 8142.815: Total time for which application threads were stopped: 0.0013118 seconds, Stopping threads took: 0.0001027 seconds
2016-08-24T16:23:43.903+0000: 8142.825: Total time for which application threads were stopped: 0.0094305 seconds, Stopping threads took: 0.0001588 seconds
2016-08-24T16:23:44.713+0000: 8143.634: Total time for which application threads were stopped: 0.0029623 seconds, Stopping threads took: 0.0001682 seconds
2016-08-24T16:23:44.713+0000: 8143.635: Total time for which application threads were stopped: 0.0004798 seconds, Stopping threads took: 0.0000748 seconds
2016-08-24T16:23:44.721+0000: 8143.642: Total time for which application threads were stopped: 0.0041072 seconds, Stopping threads took: 0.0033526 seconds
2016-08-24T16:23:44.743+0000: 8143.665: [GC (Allocation Failure) 8143.665: [ParNew
Desired survivor size 8716288 bytes, new threshold 6 (max 6)
- age   1:    1036096 bytes,    1036096 total
- age   3:        968 bytes,    1037064 total
- age   5:       1208 bytes,    1038272 total
: 136422K->1035K(153344K), 0.0075661 secs] 285087K->149701K(1031552K), 0.0076944 secs] [Times: user=0.01 sys=0.00, real=0.01 secs] 
2016-08-24T16:23:44.751+0000: 8143.672: Total time for which application threads were stopped: 0.0085218 seconds, Stopping threads took: 0.0000939 seconds
2016-08-24T16:23:44.790+0000: 8143.712: [GC (Allocation Failure) 8143.712: [ParNew
Desired survivor size 8716288 bytes, new threshold 6 (max 6)
- age   1:      75272 bytes,      75272 total
- age   2:     305232 bytes,     380504 total
- age   4:        968 bytes,     381472 total
- age   6:       1208 bytes,     382680 total
: 137355K->530K(153344K), 0.0057625 secs] 286021K->149196K(1031552K), 0.0058763 secs] [Times: user=0.02 sys=0.00, real=0.00 secs] 
2016-08-24T16:23:44.796+0000: 8143.718: Total time for which application threads were stopped: 0.0067491 seconds, Stopping threads took: 0.0000991 seconds
2016-08-24T16:23:44.839+0000: 8143.761: [GC (Allocation Failure) 8143.761: [ParNew
Desired survivor size 8716288 bytes, new threshold 6 (max 6)
- age   1:      56448 bytes,      56448 total
- age   2:         72 bytes,      56520 total
- age   3:     292216 bytes,     348736 total
- age   5:        968 bytes,     349704 total
: 136850K->507K(153344K), 0.0062172 secs] 285516K->149174K(1031552K), 0.0063291 secs] [Times: user=0.02 sys=0.00, real=0.01 secs] 
2016-08-24T16:23:44.846+0000: 8143.767: Total time for which application threads were stopped: 0.0071910 seconds, Stopping threads took: 0.0000995 seconds
2016-08-24T16:23:44.884+0000: 8143.806: [GC (Allocation Failure) 8143.806: [ParNew
Desired survivor size 8716288 bytes, new threshold 6 (max 6)
- age   1:      71504 bytes,      71504 total
- age   2:      14456 bytes,      85960 total
- age   3:         72 bytes,      86032 total
- age   4:     292216 bytes,     378248 total
- age   6:        968 bytes,     379216 total
: 136827K->495K(153344K), 0.0055707 secs] 285494K->149163K(1031552K), 0.0062936 secs] [Times: user=0.01 sys=0.00, real=0.01 secs] 
2016-08-24T16:23:44.891+0000: 8143.812: Total time for which application threads were stopped: 0.0071438 seconds, Stopping threads took: 0.0000998 seconds
2016-08-24T16:23:44.933+0000: 8143.855: [GC (Allocation Failure) 8143.855: [ParNew
Desired survivor size 8716288 bytes, new threshold 6 (max 6)
- age   1:      68464 bytes,      68464 total
- age   3:       1096 bytes,      69560 total
- age   4:         72 bytes,      69632 total
- age   5:     290368 bytes,     360000 total
: 136815K->529K(153344K), 0.0059793 secs] 285483K->149197K(1031552K), 0.0060923 secs] [Times: user=0.01 sys=0.00, real=0.00 secs] 
2016-08-24T16:23:44.940+0000: 8143.861: Total time for which application threads were stopped: 0.0069939 seconds, Stopping threads took: 0.0001254 seconds
2016-08-24T16:23:44.981+0000: 8143.902: [GC (Allocation Failure) 8143.902: [ParNew
Desired survivor size 8716288 bytes, new threshold 6 (max 6)
- age   1:      61504 bytes,      61504 total
- age   2:      17560 bytes,      79064 total
- age   4:       1096 bytes,      80160 total
- age   5:         72 bytes,      80232 total
- age   6:     290368 bytes,     370600 total
: 136849K->514K(153344K), 0.0061970 secs] 285517K->149182K(1031552K), 0.0063136 secs] [Times: user=0.02 sys=0.00, real=0.00 secs] 
2016-08-24T16:23:44.987+0000: 8143.909: Total time for which application threads were stopped: 0.0072567 seconds, Stopping threads took: 0.0001375 seconds
2016-08-24T16:23:45.030+0000: 8143.952: [GC (Allocation Failure) 8143.952: [ParNew
Desired survivor size 8716288 bytes, new threshold 6 (max 6)
- age   1:      66320 bytes,      66320 total
- age   3:       1000 bytes,      67320 total
- age   5:       1064 bytes,      68384 total
- age   6:         72 bytes,      68456 total
: 136834K->359K(153344K), 0.0062650 secs] 285502K->149315K(1031552K), 0.0063847 secs] [Times: user=0.01 sys=0.00, real=0.00 secs] 
2016-08-24T16:23:45.037+0000: 8143.958: Total time for which application threads were stopped: 0.0072516 seconds, Stopping threads took: 0.0000930 seconds
2016-08-24T16:23:45.075+0000: 8143.996: [GC (Allocation Failure) 8143.996: [ParNew
Desired survivor size 8716288 bytes, new threshold 6 (max 6)
- age   1:      63856 bytes,      63856 total
- age   2:      20768 bytes,      84624 total
- age   4:       1000 bytes,      85624 total
- age   6:       1064 bytes,      86688 total
: 136679K->123K(153344K), 0.0053521 secs] 285635K->149078K(1031552K), 0.0054363 secs] [Times: user=0.01 sys=0.00, real=0.01 secs] 
2016-08-24T16:23:45.080+0000: 8144.002: Total time for which application threads were stopped: 0.0062068 seconds, Stopping threads took: 0.0001031 seconds
2016-08-24T16:23:45.120+0000: 8144.042: [GC (Allocation Failure) 8144.042: [ParNew
Desired survivor size 8716288 bytes, new threshold 6 (max 6)
- age   1:      86880 bytes,      86880 total
- age   2:        248 bytes,      87128 total
- age   3:       1176 bytes,      88304 total
- age   5:        968 bytes,      89272 total
: 136443K->117K(153344K), 0.0054486 secs] 285398K->149074K(1031552K), 0.0055636 secs] [Times: user=0.01 sys=0.00, real=0.00 secs] 
2016-08-24T16:23:45.126+0000: 8144.048: Total time for which application threads were stopped: 0.0064089 seconds, Stopping threads took: 0.0001002 seconds
2016-08-24T16:23:45.167+0000: 8144.089: [GC (Allocation Failure) 8144.089: [ParNew
Desired survivor size 8716288 bytes, new threshold 6 (max 6)
- age   1:      65832 bytes,      65832 total
- age   2:       1000 bytes,      66832 total
- age   3:        248 bytes,      67080 total
- age   4:       1144 bytes,      68224 total
- age   6:        968 bytes,      69192 total
: 136437K->106K(153344K), 0.0058572 secs] 285394K->149063K(1031552K), 0.0059705 secs] [Times: user=0.01 sys=0.00, real=0.01 secs] 
2016-08-24T16:23:45.173+0000: 8144.095: Total time for which application threads were stopped: 0.0068119 seconds, Stopping threads took: 0.0000969 seconds
2016-08-24T16:23:45.214+0000: 8144.135: [GC (Allocation Failure) 8144.135: [ParNew
Desired survivor size 8716288 bytes, new threshold 6 (max 6)
- age   1:      73424 bytes,      73424 total
- age   2:       4976 bytes,      78400 total
- age   3:       1000 bytes,      79400 total
- age   4:        248 bytes,      79648 total
- age   5:       1144 bytes,      80792 total
: 136426K->82K(153344K), 0.0057514 secs] 285383K->149040K(1031552K), 0.0058632 secs] [Times: user=0.01 sys=0.00, real=0.00 secs] 
2016-08-24T16:23:45.220+0000: 8144.141: Total time for which application threads were stopped: 0.0067037 seconds, Stopping threads took: 0.0000983 seconds
2016-08-24T16:23:54.845+0000: 8153.766: [GC (Allocation Failure) 8153.766: [ParNew
Desired survivor size 8716288 bytes, new threshold 6 (max 6)
- age   1:    1213624 bytes,    1213624 total
- age   3:        968 bytes,    1214592 total
- age   4:        968 bytes,    1215560 total
- age   6:        968 bytes,    1216528 total
: 136402K->1203K(153344K), 0.0092778 secs] 285360K->150161K(1031552K), 0.0094323 secs] [Times: user=0.02 sys=0.00, real=0.01 secs] 
2016-08-24T16:23:54.854+0000: 8153.776: Total time for which application threads were stopped: 0.0104321 seconds, Stopping threads took: 0.0001095 seconds
2016-08-24T16:23:54.893+0000: 8153.814: [GC (Allocation Failure) 8153.815: [ParNew
Desired survivor size 8716288 bytes, new threshold 6 (max 6)
- age   1:      78856 bytes,      78856 total
- age   2:     343960 bytes,     422816 total
- age   4:        968 bytes,     423784 total
- age   5:        968 bytes,     424752 total
: 137523K->568K(153344K), 0.0065744 secs] 286481K->149527K(1031552K), 0.0067005 secs] [Times: user=0.01 sys=0.00, real=0.00 secs] 
2016-08-24T16:23:54.900+0000: 8153.821: Total time for which application threads were stopped: 0.0075589 seconds, Stopping threads took: 0.0000990 seconds
2016-08-24T16:23:54.943+0000: 8153.864: [GC (Allocation Failure) 8153.865: [ParNew
Desired survivor size 8716288 bytes, new threshold 6 (max 6)
- age   1:      65376 bytes,      65376 total
- age   2:        256 bytes,      65632 total
- age   3:     338296 bytes,     403928 total
- age   5:        968 bytes,     404896 total
- age   6:        968 bytes,     405864 total
: 136888K->561K(153344K), 0.0060645 secs] 285847K->149520K(1031552K), 0.0061766 secs] [Times: user=0.01 sys=0.00, real=0.01 secs] 
2016-08-24T16:23:54.949+0000: 8153.871: Total time for which application threads were stopped: 0.0070042 seconds, Stopping threads took: 0.0000985 seconds
2016-08-24T16:23:54.988+0000: 8153.909: [GC (Allocation Failure) 8153.909: [ParNew
Desired survivor size 8716288 bytes, new threshold 6 (max 6)
- age   1:      85072 bytes,      85072 total
- age   2:       7368 bytes,      92440 total
- age   3:        256 bytes,      92696 total
- age   4:     338296 bytes,     430992 total
- age   6:        968 bytes,     431960 total
: 136881K->575K(153344K), 0.0058255 secs] 285840K->149535K(1031552K), 0.0059290 secs] [Times: user=0.01 sys=0.00, real=0.01 secs] 
2016-08-24T16:23:54.994+0000: 8153.915: Total time for which application threads were stopped: 0.0067454 seconds, Stopping threads took: 0.0001007 seconds
2016-08-24T16:23:55.035+0000: 8153.956: [GC (Allocation Failure) 8153.956: [ParNew
Desired survivor size 8716288 bytes, new threshold 6 (max 6)
- age   1:      76680 bytes,      76680 total
- age   3:       1096 bytes,      77776 total
- age   4:        256 bytes,      78032 total
- age   5:     336448 bytes,     414480 total
: 136895K->605K(153344K), 0.0059276 secs] 285855K->149566K(1031552K), 0.0060298 secs] [Times: user=0.01 sys=0.00, real=0.01 secs] 
2016-08-24T16:23:55.041+0000: 8153.962: Total time for which application threads were stopped: 0.0068410 seconds, Stopping threads took: 0.0000974 seconds
2016-08-24T16:23:55.079+0000: 8154.000: [GC (Allocation Failure) 8154.001: [ParNew
Desired survivor size 8716288 bytes, new threshold 6 (max 6)
- age   1:      70072 bytes,      70072 total
- age   2:       9872 bytes,      79944 total
- age   4:       1096 bytes,      81040 total
- age   5:        184 bytes,      81224 total
- age   6:     336320 bytes,     417544 total
: 136925K->594K(153344K), 0.0061793 secs] 285886K->149554K(1031552K), 0.0063076 secs] [Times: user=0.01 sys=0.00, real=0.01 secs] 
2016-08-24T16:23:55.085+0000: 8154.007: Total time for which application threads were stopped: 0.0071817 seconds, Stopping threads took: 0.0001026 seconds
2016-08-24T16:23:55.127+0000: 8154.048: [GC (Allocation Failure) 8154.048: [ParNew
Desired survivor size 8716288 bytes, new threshold 6 (max 6)
- age   1:      80592 bytes,      80592 total
- age   2:        248 bytes,      80840 total
- age   3:       1000 bytes,      81840 total
- age   5:       1064 bytes,      82904 total
- age   6:        184 bytes,      83088 total
: 136914K->409K(153344K), 0.0065475 secs] 285874K->149704K(1031552K), 0.0066651 secs] [Times: user=0.01 sys=0.00, real=0.01 secs] 
2016-08-24T16:23:55.134+0000: 8154.055: Total time for which application threads were stopped: 0.0075218 seconds, Stopping threads took: 0.0001330 seconds
2016-08-24T16:23:55.174+0000: 8154.096: [GC (Allocation Failure) 8154.096: [ParNew
Desired survivor size 8716288 bytes, new threshold 6 (max 6)
- age   1:      61496 bytes,      61496 total
- age   2:      13776 bytes,      75272 total
- age   3:        248 bytes,      75520 total
- age   4:       1000 bytes,      76520 total
- age   6:       1064 bytes,      77584 total
: 136729K->136K(153344K), 0.0054745 secs] 286024K->149430K(1031552K), 0.0055833 secs] [Times: user=0.01 sys=0.00, real=0.00 secs] 
2016-08-24T16:23:55.180+0000: 8154.101: Total time for which application threads were stopped: 0.0064377 seconds, Stopping threads took: 0.0000975 seconds
2016-08-24T16:23:55.222+0000: 8154.143: [GC (Allocation Failure) 8154.143: [ParNew
Desired survivor size 8716288 bytes, new threshold 6 (max 6)
- age   1:      72160 bytes,      72160 total
- age   3:       1000 bytes,      73160 total
- age   4:        248 bytes,      73408 total
- age   5:        968 bytes,      74376 total
: 136456K->94K(153344K), 0.0057246 secs] 285750K->149390K(1031552K), 0.0058437 secs] [Times: user=0.01 sys=0.00, real=0.00 secs] 
2016-08-24T16:23:55.228+0000: 8154.149: Total time for which application threads were stopped: 0.0066999 seconds, Stopping threads took: 0.0000980 seconds
2016-08-24T16:23:55.268+0000: 8154.189: [GC (Allocation Failure) 8154.189: [ParNew
Desired survivor size 8716288 bytes, new threshold 6 (max 6)
- age   1:      72376 bytes,      72376 total
- age   2:      15352 bytes,      87728 total
- age   4:       1000 bytes,      88728 total
- age   5:        248 bytes,      88976 total
- age   6:        968 bytes,      89944 total
: 136414K->113K(153344K), 0.0066528 secs] 285710K->149409K(1031552K), 0.0067766 secs] [Times: user=0.01 sys=0.00, real=0.01 secs] 
2016-08-24T16:23:55.275+0000: 8154.196: Total time for which application threads were stopped: 0.0076620 seconds, Stopping threads took: 0.0001045 seconds
2016-08-24T16:23:55.316+0000: 8154.237: [GC (Allocation Failure) 8154.237: [ParNew
Desired survivor size 8716288 bytes, new threshold 6 (max 6)
- age   1:      60224 bytes,      60224 total
- age   3:       1000 bytes,      61224 total
- age   5:        968 bytes,      62192 total
- age   6:        248 bytes,      62440 total
: 136433K->84K(153344K), 0.0063259 secs] 285729K->149381K(1031552K), 0.0064511 secs] [Times: user=0.01 sys=0.00, real=0.01 secs] 
2016-08-24T16:23:55.322+0000: 8154.244: Total time for which application threads were stopped: 0.0073160 seconds, Stopping threads took: 0.0000998 seconds
2016-08-24T16:23:55.363+0000: 8154.285: [GC (Allocation Failure) 8154.285: [ParNew
Desired survivor size 8716288 bytes, new threshold 6 (max 6)
- age   1:      87184 bytes,      87184 total
- age   2:      19160 bytes,     106344 total
- age   4:       1000 bytes,     107344 total
- age   6:        968 bytes,     108312 total
: 136404K->113K(153344K), 0.0066168 secs] 285701K->149410K(1031552K), 0.0067511 secs] [Times: user=0.02 sys=0.00, real=0.01 secs] 
2016-08-24T16:23:55.370+0000: 8154.292: Total time for which application threads were stopped: 0.0076583 seconds, Stopping threads took: 0.0001172 seconds
2016-08-24T16:24:04.542+0000: 8163.464: [GC (Allocation Failure) 8163.464: [ParNew
Desired survivor size 8716288 bytes, new threshold 6 (max 6)
- age   1:     874104 bytes,     874104 total
- age   3:        968 bytes,     875072 total
- age   5:        968 bytes,     876040 total
: 136433K->877K(153344K), 0.0074585 secs] 285730K->150175K(1031552K), 0.0075839 secs] [Times: user=0.01 sys=0.01, real=0.01 secs] 
2016-08-24T16:24:04.550+0000: 8163.472: Total time for which application threads were stopped: 0.0084540 seconds, Stopping threads took: 0.0001007 seconds
2016-08-24T16:24:04.590+0000: 8163.512: [GC (Allocation Failure) 8163.512: [ParNew
Desired survivor size 8716288 bytes, new threshold 6 (max 6)
- age   1:      69472 bytes,      69472 total
- age   2:     253624 bytes,     323096 total
- age   4:        968 bytes,     324064 total
- age   6:        968 bytes,     325032 total
: 137197K->395K(153344K), 0.0058300 secs] 286495K->149693K(1031552K), 0.0059355 secs] [Times: user=0.01 sys=0.00, real=0.00 secs] 
2016-08-24T16:24:04.596+0000: 8163.518: Total time for which application threads were stopped: 0.0067630 seconds, Stopping threads took: 0.0000989 seconds
2016-08-24T16:24:04.638+0000: 8163.559: [GC (Allocation Failure) 8163.559: [ParNew
Desired survivor size 8716288 bytes, new threshold 6 (max 6)
- age   1:      75024 bytes,      75024 total
- age   3:     233600 bytes,     308624 total
- age   5:        968 bytes,     309592 total
: 136715K->445K(153344K), 0.0056588 secs] 286013K->149744K(1031552K), 0.0057615 secs] [Times: user=0.01 sys=0.00, real=0.01 secs] 
2016-08-24T16:24:04.643+0000: 8163.565: Total time for which application threads were stopped: 0.0065818 seconds, Stopping threads took: 0.0001009 seconds
2016-08-24T16:24:04.682+0000: 8163.604: [GC (Allocation Failure) 8163.604: [ParNew
Desired survivor size 8716288 bytes, new threshold 6 (max 6)
- age   1:      55872 bytes,      55872 total
- age   2:       1096 bytes,      56968 total
- age   4:     231320 bytes,     288288 total
- age   6:        968 bytes,     289256 total
: 136765K->440K(153344K), 0.0060167 secs] 286064K->149739K(1031552K), 0.0061264 secs] [Times: user=0.02 sys=0.00, real=0.01 secs] 
2016-08-24T16:24:04.688+0000: 8163.610: Total time for which application threads were stopped: 0.0069312 seconds, Stopping threads took: 0.0000927 seconds
2016-08-24T16:24:04.726+0000: 8163.648: [GC (Allocation Failure) 8163.648: [ParNew
Desired survivor size 8716288 bytes, new threshold 6 (max 6)
- age   1:      68648 bytes,      68648 total
- age   2:       4360 bytes,      73008 total
- age   3:       1096 bytes,      74104 total
- age   5:     231320 bytes,     305424 total
: 136760K->410K(153344K), 0.0061683 secs] 286059K->149710K(1031552K), 0.0062869 secs] [Times: user=0.02 sys=0.00, real=0.01 secs] 
2016-08-24T16:24:04.733+0000: 8163.654: Total time for which application threads were stopped: 0.0071495 seconds, Stopping threads took: 0.0001007 seconds
2016-08-24T16:24:04.775+0000: 8163.696: [GC (Allocation Failure) 8163.696: [ParNew
Desired survivor size 8716288 bytes, new threshold 6 (max 6)
- age   1:      68480 bytes,      68480 total
- age   3:       1000 bytes,      69480 total
- age   4:       1064 bytes,      70544 total
- age   6:     229288 bytes,     299832 total
: 136730K->423K(153344K), 0.0059377 secs] 286030K->149723K(1031552K), 0.0060292 secs] [Times: user=0.01 sys=0.00, real=0.01 secs] 
2016-08-24T16:24:04.781+0000: 8163.702: Total time for which application threads were stopped: 0.0068363 seconds, Stopping threads took: 0.0000918 seconds
2016-08-24T16:24:04.821+0000: 8163.743: [GC (Allocation Failure) 8163.743: [ParNew
Desired survivor size 8716288 bytes, new threshold 6 (max 6)
- age   1:      81064 bytes,      81064 total
- age   2:       6912 bytes,      87976 total
- age   4:       1000 bytes,      88976 total
- age   5:       1064 bytes,      90040 total
: 136743K->294K(153344K), 0.0063408 secs] 286043K->149822K(1031552K), 0.0064417 secs] [Times: user=0.01 sys=0.00, real=0.00 secs] 
2016-08-24T16:24:04.828+0000: 8163.749: Total time for which application threads were stopped: 0.0072649 seconds, Stopping threads took: 0.0001180 seconds
2016-08-24T16:24:04.868+0000: 8163.789: [GC (Allocation Failure) 8163.789: [ParNew
Desired survivor size 8716288 bytes, new threshold 6 (max 6)
- age   1:      57584 bytes,      57584 total
- age   3:       1000 bytes,      58584 total
- age   5:        968 bytes,      59552 total
- age   6:       1064 bytes,      60616 total
: 136614K->113K(153344K), 0.0058591 secs] 286142K->149641K(1031552K), 0.0059716 secs] [Times: user=0.02 sys=0.00, real=0.01 secs] 
2016-08-24T16:24:04.874+0000: 8163.795: Total time for which application threads were stopped: 0.0068363 seconds, Stopping threads took: 0.0001007 seconds
2016-08-24T16:24:04.914+0000: 8163.836: [GC (Allocation Failure) 8163.836: [ParNew
Desired survivor size 8716288 bytes, new threshold 6 (max 6)
- age   1:      69336 bytes,      69336 total
- age   2:       9608 bytes,      78944 total
- age   4:       1000 bytes,      79944 total
- age   6:        968 bytes,      80912 total
: 136433K->85K(153344K), 0.0055100 secs] 285961K->149614K(1031552K), 0.0056031 secs] [Times: user=0.01 sys=0.00, real=0.00 secs] 
2016-08-24T16:24:04.920+0000: 8163.841: Total time for which application threads were stopped: 0.0064442 seconds, Stopping threads took: 0.0001006 seconds
2016-08-24T16:24:04.959+0000: 8163.880: [GC (Allocation Failure) 8163.880: [ParNew
Desired survivor size 8716288 bytes, new threshold 6 (max 6)
- age   1:      56376 bytes,      56376 total
- age   3:       1000 bytes,      57376 total
- age   5:        968 bytes,      58344 total
: 136405K->76K(153344K), 0.0057034 secs] 285934K->149606K(1031552K), 0.0058156 secs] [Times: user=0.01 sys=0.00, real=0.01 secs] 
2016-08-24T16:24:04.965+0000: 8163.886: Total time for which application threads were stopped: 0.0066552 seconds, Stopping threads took: 0.0000980 seconds
2016-08-24T16:24:05.005+0000: 8163.927: [GC (Allocation Failure) 8163.927: [ParNew
Desired survivor size 8716288 bytes, new threshold 6 (max 6)
- age   1:      84912 bytes,      84912 total
- age   2:      13776 bytes,      98688 total
- age   4:       1000 bytes,      99688 total
- age   6:        968 bytes,     100656 total
: 136396K->107K(153344K), 0.0056387 secs] 285926K->149637K(1031552K), 0.0057280 secs] [Times: user=0.01 sys=0.00, real=0.01 secs] 
2016-08-24T16:24:05.011+0000: 8163.933: Total time for which application threads were stopped: 0.0065181 seconds, Stopping threads took: 0.0001019 seconds
2016-08-24T16:24:14.873+0000: 8173.795: [GC (Allocation Failure) 8173.795: [ParNew
Desired survivor size 8716288 bytes, new threshold 6 (max 6)
- age   1:    1038928 bytes,    1038928 total
- age   3:        968 bytes,    1039896 total
- age   5:        968 bytes,    1040864 total
: 136427K->1056K(153344K), 0.0082334 secs] 285957K->150587K(1031552K), 0.0083673 secs] [Times: user=0.01 sys=0.00, real=0.01 secs] 
2016-08-24T16:24:14.882+0000: 8173.803: Total time for which application threads were stopped: 0.0092378 seconds, Stopping threads took: 0.0000996 seconds
2016-08-24T16:24:14.921+0000: 8173.842: [GC (Allocation Failure) 8173.842: [ParNew
Desired survivor size 8716288 bytes, new threshold 6 (max 6)
- age   1:      74352 bytes,      74352 total
- age   2:     273520 bytes,     347872 total
- age   4:        968 bytes,     348840 total
- age   6:        968 bytes,     349808 total
: 137376K->499K(153344K), 0.0056970 secs] 286907K->150030K(1031552K), 0.0057974 secs] [Times: user=0.01 sys=0.00, real=0.00 secs] 
2016-08-24T16:24:14.927+0000: 8173.848: Total time for which application threads were stopped: 0.0066369 seconds, Stopping threads took: 0.0001110 seconds
2016-08-24T16:24:14.968+0000: 8173.890: [GC (Allocation Failure) 8173.890: [ParNew
Desired survivor size 8716288 bytes, new threshold 6 (max 6)
- age   1:      67272 bytes,      67272 total
- age   2:        168 bytes,      67440 total
- age   3:     259776 bytes,     327216 total
- age   5:        968 bytes,     328184 total
: 136819K->464K(153344K), 0.0057495 secs] 286350K->149996K(1031552K), 0.0058625 secs] [Times: user=0.01 sys=0.00, real=0.00 secs] 
2016-08-24T16:24:14.974+0000: 8173.896: Total time for which application threads were stopped: 0.0066957 seconds, Stopping threads took: 0.0001052 seconds
2016-08-24T16:24:15.014+0000: 8173.935: [GC (Allocation Failure) 8173.935: [ParNew
Desired survivor size 8716288 bytes, new threshold 6 (max 6)
- age   1:      82128 bytes,      82128 total
- age   2:      14800 bytes,      96928 total
- age   3:        168 bytes,      97096 total
- age   4:     259736 bytes,     356832 total
- age   6:        968 bytes,     357800 total
: 136784K->461K(153344K), 0.0057377 secs] 286316K->149993K(1031552K), 0.0058424 secs] [Times: user=0.01 sys=0.00, real=0.00 secs] 
2016-08-24T16:24:15.020+0000: 8173.941: Total time for which application threads were stopped: 0.0066976 seconds, Stopping threads took: 0.0001015 seconds
2016-08-24T16:24:15.062+0000: 8173.983: [GC (Allocation Failure) 8173.983: [ParNew
Desired survivor size 8716288 bytes, new threshold 6 (max 6)
- age   1:      67208 bytes,      67208 total
- age   3:       1096 bytes,      68304 total
- age   4:        168 bytes,      68472 total
- age   5:     257888 bytes,     326360 total
: 136781K->498K(153344K), 0.0057394 secs] 286313K->150031K(1031552K), 0.0058418 secs] [Times: user=0.01 sys=0.00, real=0.00 secs] 
2016-08-24T16:24:15.068+0000: 8173.989: Total time for which application threads were stopped: 0.0066676 seconds, Stopping threads took: 0.0000981 seconds
2016-08-24T16:24:15.107+0000: 8174.029: [GC (Allocation Failure) 8174.029: [ParNew
Desired survivor size 8716288 bytes, new threshold 6 (max 6)
- age   1:      84456 bytes,      84456 total
- age   2:      18296 bytes,     102752 total
- age   4:       1096 bytes,     103848 total
- age   5:        168 bytes,     104016 total
- age   6:     257176 bytes,     361192 total
: 136818K->469K(153344K), 0.0053170 secs] 286351K->150002K(1031552K), 0.0054208 secs] [Times: user=0.01 sys=0.00, real=0.01 secs] 
2016-08-24T16:24:15.113+0000: 8174.034: Total time for which application threads were stopped: 0.0062258 seconds, Stopping threads took: 0.0000967 seconds
2016-08-24T16:24:15.152+0000: 8174.073: [GC (Allocation Failure) 8174.073: [ParNew
Desired survivor size 8716288 bytes, new threshold 6 (max 6)
- age   1:      81512 bytes,      81512 total
- age   2:        160 bytes,      81672 total
- age   3:       1000 bytes,      82672 total
- age   5:       1064 bytes,      83736 total
- age   6:        168 bytes,      83904 total
: 136789K->346K(153344K), 0.0067682 secs] 286322K->150133K(1031552K), 0.0068831 secs] [Times: user=0.01 sys=0.00, real=0.00 secs] 
2016-08-24T16:24:15.159+0000: 8174.080: Total time for which application threads were stopped: 0.0077592 seconds, Stopping threads took: 0.0001226 seconds
2016-08-24T16:24:15.199+0000: 8174.120: [GC (Allocation Failure) 8174.120: [ParNew
Desired survivor size 8716288 bytes, new threshold 6 (max 6)
- age   1:      61288 bytes,      61288 total
- age   2:       1000 bytes,      62288 total
- age   3:        160 bytes,      62448 total
- age   4:        968 bytes,      63416 total
- age   6:       1064 bytes,      64480 total
: 136666K->123K(153344K), 0.0057887 secs] 286453K->149910K(1031552K), 0.0058937 secs] [Times: user=0.01 sys=0.00, real=0.01 secs] 
2016-08-24T16:24:15.205+0000: 8174.126: Total time for which application threads were stopped: 0.0066860 seconds, Stopping threads took: 0.0000927 seconds
2016-08-24T16:24:15.246+0000: 8174.168: [GC (Allocation Failure) 8174.168: [ParNew
Desired survivor size 8716288 bytes, new threshold 6 (max 6)
- age   1:      91160 bytes,      91160 total
- age   2:       3920 bytes,      95080 total
- age   3:       1000 bytes,      96080 total
- age   4:        160 bytes,      96240 total
- age   5:        968 bytes,      97208 total
: 136443K->105K(153344K), 0.0054483 secs] 286230K->149893K(1031552K), 0.0055677 secs] [Times: user=0.01 sys=0.00, real=0.01 secs] 
2016-08-24T16:24:15.252+0000: 8174.173: Total time for which application threads were stopped: 0.0063962 seconds, Stopping threads took: 0.0001157 seconds
2016-08-24T16:24:15.292+0000: 8174.214: [GC (Allocation Failure) 8174.214: [ParNew
Desired survivor size 8716288 bytes, new threshold 6 (max 6)
- age   1:      66424 bytes,      66424 total
- age   3:       1000 bytes,      67424 total
- age   4:       1000 bytes,      68424 total
- age   5:        160 bytes,      68584 total
- age   6:        968 bytes,      69552 total
: 136425K->85K(153344K), 0.0051008 secs] 286213K->149874K(1031552K), 0.0052012 secs] [Times: user=0.01 sys=0.00, real=0.00 secs] 
2016-08-24T16:24:15.297+0000: 8174.219: Total time for which application threads were stopped: 0.0060383 seconds, Stopping threads took: 0.0000983 seconds
2016-08-24T16:24:15.335+0000: 8174.257: [GC (Allocation Failure) 8174.257: [ParNew
Desired survivor size 8716288 bytes, new threshold 6 (max 6)
- age   1:      82704 bytes,      82704 total
- age   2:       5536 bytes,      88240 total
- age   4:       1000 bytes,      89240 total
- age   5:       1000 bytes,      90240 total
- age   6:        160 bytes,      90400 total
: 136405K->111K(153344K), 0.0050973 secs] 286194K->149900K(1031552K), 0.0052002 secs] [Times: user=0.01 sys=0.00, real=0.01 secs] 
2016-08-24T16:24:15.341+0000: 8174.262: Total time for which application threads were stopped: 0.0060295 seconds, Stopping threads took: 0.0000999 seconds
2016-08-24T16:24:20.342+0000: 8179.264: Total time for which application threads were stopped: 0.0006798 seconds, Stopping threads took: 0.0001321 seconds
2016-08-24T16:24:24.610+0000: 8183.532: [GC (Allocation Failure) 8183.532: [ParNew
Desired survivor size 8716288 bytes, new threshold 6 (max 6)
- age   1:    1199384 bytes,    1199384 total
- age   3:        968 bytes,    1200352 total
- age   5:        968 bytes,    1201320 total
- age   6:       1000 bytes,    1202320 total
: 136431K->1207K(153344K), 0.0085338 secs] 286220K->150996K(1031552K), 0.0086691 secs] [Times: user=0.02 sys=0.00, real=0.00 secs] 
2016-08-24T16:24:24.619+0000: 8183.541: Total time for which application threads were stopped: 0.0095372 seconds, Stopping threads took: 0.0000992 seconds
2016-08-24T16:24:24.659+0000: 8183.581: [GC (Allocation Failure) 8183.581: [ParNew
Desired survivor size 8716288 bytes, new threshold 6 (max 6)
- age   1:      87712 bytes,      87712 total
- age   2:     283808 bytes,     371520 total
- age   4:        968 bytes,     372488 total
- age   6:        968 bytes,     373456 total
: 137527K->499K(153344K), 0.0058397 secs] 287316K->150290K(1031552K), 0.0059417 secs] [Times: user=0.01 sys=0.00, real=0.01 secs] 
2016-08-24T16:24:24.665+0000: 8183.587: Total time for which application threads were stopped: 0.0067473 seconds, Stopping threads took: 0.0000994 seconds
2016-08-24T16:24:24.705+0000: 8183.626: [GC (Allocation Failure) 8183.626: [ParNew
Desired survivor size 8716288 bytes, new threshold 6 (max 6)
- age   1:      58456 bytes,      58456 total
- age   2:        304 bytes,      58760 total
- age   3:     277504 bytes,     336264 total
- age   5:        968 bytes,     337232 total
: 136819K->496K(153344K), 0.0059338 secs] 286610K->150287K(1031552K), 0.0060431 secs] [Times: user=0.01 sys=0.00, real=0.01 secs] 
2016-08-24T16:24:24.711+0000: 8183.632: Total time for which application threads were stopped: 0.0069101 seconds, Stopping threads took: 0.0001000 seconds
2016-08-24T16:24:24.749+0000: 8183.671: [GC (Allocation Failure) 8183.671: [ParNew
Desired survivor size 8716288 bytes, new threshold 6 (max 6)
- age   1:      70432 bytes,      70432 total
- age   2:       8128 bytes,      78560 total
- age   3:        304 bytes,      78864 total
- age   4:     277504 bytes,     356368 total
- age   6:        968 bytes,     357336 total
: 136816K->481K(153344K), 0.0058053 secs] 286607K->150272K(1031552K), 0.0059147 secs] [Times: user=0.01 sys=0.00, real=0.00 secs] 
2016-08-24T16:24:24.755+0000: 8183.677: Total time for which application threads were stopped: 0.0067520 seconds, Stopping threads took: 0.0001014 seconds
2016-08-24T16:24:24.795+0000: 8183.716: [GC (Allocation Failure) 8183.716: [ParNew
Desired survivor size 8716288 bytes, new threshold 6 (max 6)
- age   1:      68488 bytes,      68488 total
- age   3:       1096 bytes,      69584 total
- age   4:        304 bytes,      69888 total
- age   5:     275656 bytes,     345544 total
: 136801K->499K(153344K), 0.0057720 secs] 286592K->150292K(1031552K), 0.0058745 secs] [Times: user=0.01 sys=0.00, real=0.01 secs] 
2016-08-24T16:24:24.801+0000: 8183.722: Total time for which application threads were stopped: 0.0066801 seconds, Stopping threads took: 0.0001014 seconds
2016-08-24T16:24:24.839+0000: 8183.760: [GC (Allocation Failure) 8183.760: [ParNew
Desired survivor size 8716288 bytes, new threshold 6 (max 6)
- age   1:      79264 bytes,      79264 total
- age   2:      11544 bytes,      90808 total
- age   4:       1096 bytes,      91904 total
- age   5:        304 bytes,      92208 total
- age   6:     275656 bytes,     367864 total
: 136819K->494K(153344K), 0.0059490 secs] 286612K->150286K(1031552K), 0.0060529 secs] [Times: user=0.01 sys=0.00, real=0.01 secs] 
2016-08-24T16:24:24.845+0000: 8183.766: Total time for which application threads were stopped: 0.0068826 seconds, Stopping threads took: 0.0000996 seconds
2016-08-24T16:24:24.884+0000: 8183.805: [GC (Allocation Failure) 8183.805: [ParNew
Desired survivor size 8716288 bytes, new threshold 6 (max 6)
- age   1:      79168 bytes,      79168 total
- age   3:       1000 bytes,      80168 total
- age   5:       1064 bytes,      81232 total
- age   6:        304 bytes,      81536 total
: 136814K->353K(153344K), 0.0070707 secs] 286606K->150419K(1031552K), 0.0071866 secs] [Times: user=0.02 sys=0.00, real=0.01 secs] 
2016-08-24T16:24:24.891+0000: 8183.813: Total time for which application threads were stopped: 0.0080087 seconds, Stopping threads took: 0.0001016 seconds
2016-08-24T16:24:24.931+0000: 8183.852: [GC (Allocation Failure) 8183.852: [ParNew
Desired survivor size 8716288 bytes, new threshold 6 (max 6)
- age   1:      75272 bytes,      75272 total
- age   2:      14288 bytes,      89560 total
- age   4:       1000 bytes,      90560 total
- age   6:       1064 bytes,      91624 total
: 136673K->165K(153344K), 0.0058886 secs] 286739K->150231K(1031552K), 0.0059945 secs] [Times: user=0.01 sys=0.00, real=0.00 secs] 
2016-08-24T16:24:24.937+0000: 8183.859: Total time for which application threads were stopped: 0.0068127 seconds, Stopping threads took: 0.0000981 seconds
2016-08-24T16:24:24.979+0000: 8183.901: [GC (Allocation Failure) 8183.901: [ParNew
Desired survivor size 8716288 bytes, new threshold 6 (max 6)
- age   1:      64976 bytes,      64976 total
- age   3:       1000 bytes,      65976 total
- age   5:        968 bytes,      66944 total
: 136485K->98K(153344K), 0.0073886 secs] 286551K->150165K(1031552K), 0.0075252 secs] [Times: user=0.01 sys=0.00, real=0.01 secs] 
2016-08-24T16:24:24.987+0000: 8183.908: Total time for which application threads were stopped: 0.0084054 seconds, Stopping threads took: 0.0001005 seconds
2016-08-24T16:24:25.028+0000: 8183.950: [GC (Allocation Failure) 8183.950: [ParNew
Desired survivor size 8716288 bytes, new threshold 6 (max 6)
- age   1:      83184 bytes,      83184 total
- age   2:      17496 bytes,     100680 total
- age   4:       1000 bytes,     101680 total
- age   6:        968 bytes,     102648 total
: 136418K->112K(153344K), 0.0062774 secs] 286485K->150179K(1031552K), 0.0063672 secs] [Times: user=0.01 sys=0.00, real=0.00 secs] 
2016-08-24T16:24:25.035+0000: 8183.956: Total time for which application threads were stopped: 0.0071983 seconds, Stopping threads took: 0.0001210 seconds
2016-08-24T16:24:25.075+0000: 8183.996: [GC (Allocation Failure) 8183.996: [ParNew
Desired survivor size 8716288 bytes, new threshold 6 (max 6)
- age   1:      78280 bytes,      78280 total
- age   3:       1000 bytes,      79280 total
- age   5:        968 bytes,      80248 total
: 136432K->88K(153344K), 0.0056797 secs] 286499K->150156K(1031552K), 0.0058107 secs] [Times: user=0.01 sys=0.00, real=0.01 secs] 
2016-08-24T16:24:25.081+0000: 8184.002: Total time for which application threads were stopped: 0.0066825 seconds, Stopping threads took: 0.0000964 seconds
2016-08-24T16:24:25.120+0000: 8184.042: [GC (Allocation Failure) 8184.042: [ParNew
Desired survivor size 8716288 bytes, new threshold 6 (max 6)
- age   1:      69336 bytes,      69336 total
- age   2:      20584 bytes,      89920 total
- age   4:       1000 bytes,      90920 total
- age   6:        968 bytes,      91888 total
: 136408K->106K(153344K), 0.0054691 secs] 286476K->150174K(1031552K), 0.0055700 secs] [Times: user=0.01 sys=0.00, real=0.01 secs] 
2016-08-24T16:24:25.126+0000: 8184.047: Total time for which application threads were stopped: 0.0063696 seconds, Stopping threads took: 0.0001005 seconds
2016-08-24T16:24:34.309+0000: 8193.231: [GC (Allocation Failure) 8193.231: [ParNew
Desired survivor size 8716288 bytes, new threshold 6 (max 6)
- age   1:     941792 bytes,     941792 total
- age   3:        968 bytes,     942760 total
- age   5:        968 bytes,     943728 total
: 136426K->942K(153344K), 0.0074377 secs] 286494K->151011K(1031552K), 0.0075636 secs] [Times: user=0.02 sys=0.00, real=0.00 secs] 
2016-08-24T16:24:34.317+0000: 8193.238: Total time for which application threads were stopped: 0.0083840 seconds, Stopping threads took: 0.0001072 seconds
2016-08-24T16:24:34.355+0000: 8193.276: [GC (Allocation Failure) 8193.276: [ParNew
Desired survivor size 8716288 bytes, new threshold 6 (max 6)
- age   1:      63112 bytes,      63112 total
- age   2:     269664 bytes,     332776 total
- age   4:        968 bytes,     333744 total
- age   6:        968 bytes,     334712 total
: 137262K->372K(153344K), 0.0074015 secs] 287331K->150441K(1031552K), 0.0075033 secs] [Times: user=0.02 sys=0.00, real=0.01 secs] 
2016-08-24T16:24:34.362+0000: 8193.284: Total time for which application threads were stopped: 0.0083045 seconds, Stopping threads took: 0.0000987 seconds
2016-08-24T16:24:34.402+0000: 8193.323: [GC (Allocation Failure) 8193.323: [ParNew
Desired survivor size 8716288 bytes, new threshold 6 (max 6)
- age   1:      72776 bytes,      72776 total
- age   2:        168 bytes,      72944 total
- age   3:     248744 bytes,     321688 total
- age   5:        968 bytes,     322656 total
: 136692K->559K(153344K), 0.0059456 secs] 286761K->150629K(1031552K), 0.0060604 secs] [Times: user=0.01 sys=0.00, real=0.00 secs] 
2016-08-24T16:24:34.408+0000: 8193.330: Total time for which application threads were stopped: 0.0069114 seconds, Stopping threads took: 0.0000970 seconds
2016-08-24T16:24:34.451+0000: 8193.373: [GC (Allocation Failure) 8193.373: [ParNew
Desired survivor size 8716288 bytes, new threshold 6 (max 6)
- age   1:      62824 bytes,      62824 total
- age   2:       1096 bytes,      63920 total
- age   3:        168 bytes,      64088 total
- age   4:     246896 bytes,     310984 total
- age   6:        968 bytes,     311952 total
: 136879K->374K(153344K), 0.0060042 secs] 286949K->150444K(1031552K), 0.0061187 secs] [Times: user=0.02 sys=0.00, real=0.00 secs] 
2016-08-24T16:24:34.457+0000: 8193.379: Total time for which application threads were stopped: 0.0069656 seconds, Stopping threads took: 0.0000996 seconds
2016-08-24T16:24:34.496+0000: 8193.418: [GC (Allocation Failure) 8193.418: [ParNew
Desired survivor size 8716288 bytes, new threshold 6 (max 6)
- age   1:      64192 bytes,      64192 total
- age   2:       4632 bytes,      68824 total
- age   3:       1096 bytes,      69920 total
- age   4:        168 bytes,      70088 total
- age   5:     246896 bytes,     316984 total
: 136694K->400K(153344K), 0.0065610 secs] 286764K->150470K(1031552K), 0.0066683 secs] [Times: user=0.01 sys=0.00, real=0.01 secs] 
2016-08-24T16:24:34.503+0000: 8193.424: Total time for which application threads were stopped: 0.0074836 seconds, Stopping threads took: 0.0000980 seconds
2016-08-24T16:24:34.545+0000: 8193.467: [GC (Allocation Failure) 8193.467: [ParNew
Desired survivor size 8716288 bytes, new threshold 6 (max 6)
- age   1:      64888 bytes,      64888 total
- age   3:       1000 bytes,      65888 total
- age   4:       1064 bytes,      66952 total
- age   5:        168 bytes,      67120 total
- age   6:     244520 bytes,     311640 total
: 136720K->437K(153344K), 0.0061471 secs] 286790K->150507K(1031552K), 0.0062760 secs] [Times: user=0.01 sys=0.00, real=0.01 secs] 
2016-08-24T16:24:34.552+0000: 8193.473: Total time for which application threads were stopped: 0.0071599 seconds, Stopping threads took: 0.0001241 seconds
2016-08-24T16:24:34.594+0000: 8193.516: [GC (Allocation Failure) 8193.516: [ParNew
Desired survivor size 8716288 bytes, new threshold 6 (max 6)
- age   1:      64384 bytes,      64384 total
- age   2:       8280 bytes,      72664 total
- age   4:       1000 bytes,      73664 total
- age   5:       1064 bytes,      74728 total
- age   6:        168 bytes,      74896 total
: 136757K->303K(153344K), 0.0059985 secs] 286827K->150617K(1031552K), 0.0060946 secs] [Times: user=0.01 sys=0.00, real=0.01 secs] 
2016-08-24T16:24:34.601+0000: 8193.522: Total time for which application threads were stopped: 0.0068896 seconds, Stopping threads took: 0.0001046 seconds
2016-08-24T16:24:34.640+0000: 8193.561: [GC (Allocation Failure) 8193.561: [ParNew
Desired survivor size 8716288 bytes, new threshold 6 (max 6)
- age   1:      62784 bytes,      62784 total
- age   3:       1448 bytes,      64232 total
- age   5:        968 bytes,      65200 total
- age   6:       1064 bytes,      66264 total
: 136623K->108K(153344K), 0.0057824 secs] 286937K->150422K(1031552K), 0.0059033 secs] [Times: user=0.01 sys=0.00, real=0.01 secs] 
2016-08-24T16:24:34.646+0000: 8193.567: Total time for which application threads were stopped: 0.0067703 seconds, Stopping threads took: 0.0000977 seconds
2016-08-24T16:24:34.687+0000: 8193.609: [GC (Allocation Failure) 8193.609: [ParNew
Desired survivor size 8716288 bytes, new threshold 6 (max 6)
- age   1:      78896 bytes,      78896 total
- age   2:      10864 bytes,      89760 total
- age   4:       1448 bytes,      91208 total
- age   6:        968 bytes,      92176 total
: 136428K->111K(153344K), 0.0056801 secs] 286742K->150426K(1031552K), 0.0057781 secs] [Times: user=0.01 sys=0.00, real=0.01 secs] 
2016-08-24T16:24:34.693+0000: 8193.615: Total time for which application threads were stopped: 0.0065928 seconds, Stopping threads took: 0.0001029 seconds
2016-08-24T16:24:34.734+0000: 8193.655: [GC (Allocation Failure) 8193.655: [ParNew
Desired survivor size 8716288 bytes, new threshold 6 (max 6)
- age   1:      57768 bytes,      57768 total
- age   3:       1000 bytes,      58768 total
- age   5:       1344 bytes,      60112 total
: 136431K->84K(153344K), 0.0057382 secs] 286746K->150401K(1031552K), 0.0058618 secs] [Times: user=0.01 sys=0.00, real=0.00 secs] 
2016-08-24T16:24:34.740+0000: 8193.661: Total time for which application threads were stopped: 0.0067282 seconds, Stopping threads took: 0.0001019 seconds
2016-08-24T16:24:34.780+0000: 8193.702: [GC (Allocation Failure) 8193.702: [ParNew
Desired survivor size 8716288 bytes, new threshold 6 (max 6)
- age   1:      61080 bytes,      61080 total
- age   2:      14336 bytes,      75416 total
- age   4:       1000 bytes,      76416 total
- age   6:       1344 bytes,      77760 total
: 136404K->95K(153344K), 0.0050987 secs] 286721K->150411K(1031552K), 0.0051832 secs] [Times: user=0.01 sys=0.00, real=0.00 secs] 
2016-08-24T16:24:34.786+0000: 8193.707: Total time for which application threads were stopped: 0.0059770 seconds, Stopping threads took: 0.0001007 seconds
2016-08-24T16:24:44.114+0000: 8203.035: [GC (Allocation Failure) 8203.035: [ParNew
Desired survivor size 8716288 bytes, new threshold 6 (max 6)
- age   1:    1035416 bytes,    1035416 total
- age   3:       1096 bytes,    1036512 total
- age   5:        968 bytes,    1037480 total
: 136415K->1044K(153344K), 0.0070921 secs] 286731K->151362K(1031552K), 0.0072248 secs] [Times: user=0.01 sys=0.00, real=0.01 secs] 
2016-08-24T16:24:44.121+0000: 8203.043: Total time for which application threads were stopped: 0.0080615 seconds, Stopping threads took: 0.0000970 seconds
2016-08-24T16:24:44.159+0000: 8203.081: [GC (Allocation Failure) 8203.081: [ParNew
Desired survivor size 8716288 bytes, new threshold 6 (max 6)
- age   1:      72184 bytes,      72184 total
- age   2:     293848 bytes,     366032 total
- age   4:       1096 bytes,     367128 total
- age   6:        968 bytes,     368096 total
: 137364K->501K(153344K), 0.0052706 secs] 287682K->150818K(1031552K), 0.0053754 secs] [Times: user=0.01 sys=0.00, real=0.01 secs] 
2016-08-24T16:24:44.165+0000: 8203.086: Total time for which application threads were stopped: 0.0061858 seconds, Stopping threads took: 0.0001012 seconds
2016-08-24T16:24:44.206+0000: 8203.128: [GC (Allocation Failure) 8203.128: [ParNew
Desired survivor size 8716288 bytes, new threshold 6 (max 6)
- age   1:      83392 bytes,      83392 total
- age   2:        808 bytes,      84200 total
- age   3:     278712 bytes,     362912 total
- age   5:       1096 bytes,     364008 total
: 136821K->486K(153344K), 0.0054221 secs] 287138K->150804K(1031552K), 0.0055239 secs] [Times: user=0.01 sys=0.00, real=0.01 secs] 
2016-08-24T16:24:44.212+0000: 8203.133: Total time for which application threads were stopped: 0.0063384 seconds, Stopping threads took: 0.0000988 seconds
2016-08-24T16:24:44.251+0000: 8203.172: [GC (Allocation Failure) 8203.172: [ParNew
Desired survivor size 8716288 bytes, new threshold 6 (max 6)
- age   1:      81584 bytes,      81584 total
- age   2:      15960 bytes,      97544 total
- age   3:        808 bytes,      98352 total
- age   4:     278712 bytes,     377064 total
- age   6:       1096 bytes,     378160 total
: 136806K->510K(153344K), 0.0055797 secs] 287124K->150828K(1031552K), 0.0057130 secs] [Times: user=0.01 sys=0.00, real=0.00 secs] 
2016-08-24T16:24:44.256+0000: 8203.178: Total time for which application threads were stopped: 0.0065541 seconds, Stopping threads took: 0.0001141 seconds
2016-08-24T16:24:44.297+0000: 8203.218: [GC (Allocation Failure) 8203.218: [ParNew
Desired survivor size 8716288 bytes, new threshold 6 (max 6)
- age   1:      70440 bytes,      70440 total
- age   3:       1096 bytes,      71536 total
- age   4:        808 bytes,      72344 total
- age   5:     276864 bytes,     349208 total
: 136830K->530K(153344K), 0.0056396 secs] 287148K->150850K(1031552K), 0.0057527 secs] [Times: user=0.01 sys=0.00, real=0.01 secs] 
2016-08-24T16:24:44.302+0000: 8203.224: Total time for which application threads were stopped: 0.0065891 seconds, Stopping threads took: 0.0000898 seconds
2016-08-24T16:24:44.344+0000: 8203.265: [GC (Allocation Failure) 8203.265: [ParNew
Desired survivor size 8716288 bytes, new threshold 6 (max 6)
- age   1:      66192 bytes,      66192 total
- age   2:      19160 bytes,      85352 total
- age   4:       1096 bytes,      86448 total
- age   5:        808 bytes,      87256 total
- age   6:     276864 bytes,     364120 total
: 136850K->502K(153344K), 0.0054271 secs] 287170K->150822K(1031552K), 0.0055327 secs] [Times: user=0.01 sys=0.00, real=0.01 secs] 
2016-08-24T16:24:44.349+0000: 8203.271: Total time for which application threads were stopped: 0.0063508 seconds, Stopping threads took: 0.0001042 seconds
2016-08-24T16:24:44.391+0000: 8203.313: [GC (Allocation Failure) 8203.313: [ParNew
Desired survivor size 8716288 bytes, new threshold 6 (max 6)
- age   1:      81200 bytes,      81200 total
- age   3:       1000 bytes,      82200 total
- age   5:       1064 bytes,      83264 total
- age   6:        808 bytes,      84072 total
: 136822K->356K(153344K), 0.0061578 secs] 287142K->150950K(1031552K), 0.0062632 secs] [Times: user=0.02 sys=0.00, real=0.00 secs] 
2016-08-24T16:24:44.398+0000: 8203.319: Total time for which application threads were stopped: 0.0070988 seconds, Stopping threads took: 0.0001017 seconds
2016-08-24T16:24:44.439+0000: 8203.360: [GC (Allocation Failure) 8203.361: [ParNew
Desired survivor size 8716288 bytes, new threshold 6 (max 6)
- age   1:      52352 bytes,      52352 total
- age   2:       1000 bytes,      53352 total
- age   4:        968 bytes,      54320 total
- age   6:       1064 bytes,      55384 total
: 136676K->124K(153344K), 0.0059674 secs] 287270K->150719K(1031552K), 0.0061073 secs] [Times: user=0.01 sys=0.00, real=0.01 secs] 
2016-08-24T16:24:44.445+0000: 8203.367: Total time for which application threads were stopped: 0.0069677 seconds, Stopping threads took: 0.0001083 seconds
2016-08-24T16:24:44.487+0000: 8203.408: [GC (Allocation Failure) 8203.408: [ParNew
Desired survivor size 8716288 bytes, new threshold 6 (max 6)
- age   1:      81432 bytes,      81432 total
- age   2:       4360 bytes,      85792 total
- age   3:       1000 bytes,      86792 total
- age   5:        968 bytes,      87760 total
: 136444K->101K(153344K), 0.0058875 secs] 287039K->150697K(1031552K), 0.0060034 secs] [Times: user=0.01 sys=0.00, real=0.01 secs] 
2016-08-24T16:24:44.493+0000: 8203.414: Total time for which application threads were stopped: 0.0068696 seconds, Stopping threads took: 0.0001008 seconds
2016-08-24T16:24:44.532+0000: 8203.454: [GC (Allocation Failure) 8203.454: [ParNew
Desired survivor size 8716288 bytes, new threshold 6 (max 6)
- age   1:      68576 bytes,      68576 total
- age   3:       1000 bytes,      69576 total
- age   4:        968 bytes,      70544 total
- age   6:        968 bytes,      71512 total
: 136421K->101K(153344K), 0.0053758 secs] 287017K->150697K(1031552K), 0.0054928 secs] [Times: user=0.01 sys=0.00, real=0.00 secs] 
2016-08-24T16:24:44.538+0000: 8203.460: Total time for which application threads were stopped: 0.0063186 seconds, Stopping threads took: 0.0001096 seconds
2016-08-24T16:24:44.576+0000: 8203.498: [GC (Allocation Failure) 8203.498: [ParNew
Desired survivor size 8716288 bytes, new threshold 6 (max 6)
- age   1:      69176 bytes,      69176 total
- age   2:       7552 bytes,      76728 total
- age   4:       1000 bytes,      77728 total
- age   5:        968 bytes,      78696 total
: 136421K->84K(153344K), 0.0061004 secs] 287017K->150681K(1031552K), 0.0062229 secs] [Times: user=0.02 sys=0.00, real=0.01 secs] 
2016-08-24T16:24:44.583+0000: 8203.504: Total time for which application threads were stopped: 0.0071178 seconds, Stopping threads took: 0.0000965 seconds
2016-08-24T16:24:46.654+0000: 8205.575: Total time for which application threads were stopped: 0.0007715 seconds, Stopping threads took: 0.0001608 seconds
2016-08-24T16:24:46.654+0000: 8205.576: Total time for which application threads were stopped: 0.0004548 seconds, Stopping threads took: 0.0000972 seconds
2016-08-24T16:24:46.655+0000: 8205.576: Total time for which application threads were stopped: 0.0003536 seconds, Stopping threads took: 0.0000509 seconds
2016-08-24T16:24:46.897+0000: 8205.819: Total time for which application threads were stopped: 0.0015314 seconds, Stopping threads took: 0.0001973 seconds
2016-08-24T16:24:46.902+0000: 8205.823: Total time for which application threads were stopped: 0.0043840 seconds, Stopping threads took: 0.0000677 seconds
2016-08-24T16:24:46.903+0000: 8205.824: Total time for which application threads were stopped: 0.0007721 seconds, Stopping threads took: 0.0000723 seconds
2016-08-24T16:24:54.065+0000: 8212.987: [GC (Allocation Failure) 8212.987: [ParNew
Desired survivor size 8716288 bytes, new threshold 6 (max 6)
- age   1:    1087592 bytes,    1087592 total
- age   3:        968 bytes,    1088560 total
- age   5:        968 bytes,    1089528 total
- age   6:        968 bytes,    1090496 total
: 136404K->1097K(153344K), 0.0094881 secs] 287001K->151694K(1031552K), 0.0096236 secs] [Times: user=0.02 sys=0.00, real=0.01 secs] 
2016-08-24T16:24:54.075+0000: 8212.997: Total time for which application threads were stopped: 0.0105412 seconds, Stopping threads took: 0.0001057 seconds
2016-08-24T16:24:54.114+0000: 8213.036: [GC (Allocation Failure) 8213.036: [ParNew
Desired survivor size 8716288 bytes, new threshold 6 (max 6)
- age   1:      81448 bytes,      81448 total
- age   2:     296808 bytes,     378256 total
- age   4:        968 bytes,     379224 total
- age   6:        968 bytes,     380192 total
: 137417K->516K(153344K), 0.0061030 secs] 288014K->151114K(1031552K), 0.0062295 secs] [Times: user=0.01 sys=0.00, real=0.01 secs] 
2016-08-24T16:24:54.121+0000: 8213.042: Total time for which application threads were stopped: 0.0070794 seconds, Stopping threads took: 0.0000955 seconds
2016-08-24T16:24:54.163+0000: 8213.085: [GC (Allocation Failure) 8213.085: [ParNew
Desired survivor size 8716288 bytes, new threshold 6 (max 6)
- age   1:      65648 bytes,      65648 total
- age   2:         96 bytes,      65744 total
- age   3:     289968 bytes,     355712 total
- age   5:        968 bytes,     356680 total
: 136836K->505K(153344K), 0.0059241 secs] 287434K->151104K(1031552K), 0.0060294 secs] [Times: user=0.02 sys=0.00, real=0.01 secs] 
2016-08-24T16:24:54.170+0000: 8213.091: Total time for which application threads were stopped: 0.0068503 seconds, Stopping threads took: 0.0001118 seconds
2016-08-24T16:24:54.207+0000: 8213.129: [GC (Allocation Failure) 8213.129: [ParNew
Desired survivor size 8716288 bytes, new threshold 6 (max 6)
- age   1:      77752 bytes,      77752 total
- age   2:       9160 bytes,      86912 total
- age   3:         96 bytes,      87008 total
- age   4:     289968 bytes,     376976 total
- age   6:        968 bytes,     377944 total
: 136825K->660K(153344K), 0.0060038 secs] 287424K->151259K(1031552K), 0.0061073 secs] [Times: user=0.02 sys=0.00, real=0.01 secs] 
2016-08-24T16:24:54.213+0000: 8213.135: Total time for which application threads were stopped: 0.0069171 seconds, Stopping threads took: 0.0001032 seconds
2016-08-24T16:24:54.255+0000: 8213.177: [GC (Allocation Failure) 8213.177: [ParNew
Desired survivor size 8716288 bytes, new threshold 6 (max 6)
- age   1:      75472 bytes,      75472 total
- age   3:       1096 bytes,      76568 total
- age   4:         96 bytes,      76664 total
- age   5:     288120 bytes,     364784 total
: 136980K->444K(153344K), 0.0062920 secs] 287579K->151044K(1031552K), 0.0064180 secs] [Times: user=0.01 sys=0.00, real=0.01 secs] 
2016-08-24T16:24:54.262+0000: 8213.184: Total time for which application threads were stopped: 0.0073047 seconds, Stopping threads took: 0.0001109 seconds
2016-08-24T16:24:54.301+0000: 8213.222: [GC (Allocation Failure) 8213.222: [ParNew
Desired survivor size 8716288 bytes, new threshold 6 (max 6)
- age   1:      68824 bytes,      68824 total
- age   2:      12392 bytes,      81216 total
- age   4:       1096 bytes,      82312 total
- age   5:         96 bytes,      82408 total
- age   6:     288120 bytes,     370528 total
: 136764K->620K(153344K), 0.0061068 secs] 287364K->151219K(1031552K), 0.0062257 secs] [Times: user=0.01 sys=0.00, real=0.00 secs] 
2016-08-24T16:24:54.307+0000: 8213.229: Total time for which application threads were stopped: 0.0071229 seconds, Stopping threads took: 0.0001136 seconds
2016-08-24T16:24:54.346+0000: 8213.268: [GC (Allocation Failure) 8213.268: [ParNew
Desired survivor size 8716288 bytes, new threshold 6 (max 6)
- age   1:      60856 bytes,      60856 total
- age   3:       1000 bytes,      61856 total
- age   5:       1064 bytes,      62920 total
- age   6:         96 bytes,      63016 total
: 136940K->229K(153344K), 0.0063796 secs] 287539K->151113K(1031552K), 0.0064838 secs] [Times: user=0.02 sys=0.00, real=0.01 secs] 
2016-08-24T16:24:54.353+0000: 8213.274: Total time for which application threads were stopped: 0.0072918 seconds, Stopping threads took: 0.0000996 seconds
2016-08-24T16:24:54.393+0000: 8213.315: [GC (Allocation Failure) 8213.315: [ParNew
Desired survivor size 8716288 bytes, new threshold 6 (max 6)
- age   1:      86024 bytes,      86024 total
- age   2:      14936 bytes,     100960 total
- age   4:       1000 bytes,     101960 total
- age   6:       1064 bytes,     103024 total
: 136549K->140K(153344K), 0.0055707 secs] 287433K->151024K(1031552K), 0.0056558 secs] [Times: user=0.01 sys=0.00, real=0.00 secs] 
2016-08-24T16:24:54.399+0000: 8213.321: Total time for which application threads were stopped: 0.0064993 seconds, Stopping threads took: 0.0001375 seconds
2016-08-24T16:24:54.439+0000: 8213.360: [GC (Allocation Failure) 8213.360: [ParNew
Desired survivor size 8716288 bytes, new threshold 6 (max 6)
- age   1:      79560 bytes,      79560 total
- age   3:       1232 bytes,      80792 total
- age   5:        968 bytes,      81760 total
: 136460K->98K(153344K), 0.0058936 secs] 287344K->150983K(1031552K), 0.0060190 secs] [Times: user=0.01 sys=0.00, real=0.01 secs] 
2016-08-24T16:24:54.445+0000: 8213.366: Total time for which application threads were stopped: 0.0068707 seconds, Stopping threads took: 0.0001044 seconds
2016-08-24T16:24:54.486+0000: 8213.407: [GC (Allocation Failure) 8213.407: [ParNew
Desired survivor size 8716288 bytes, new threshold 6 (max 6)
- age   1:      64632 bytes,      64632 total
- age   2:      18000 bytes,      82632 total
- age   4:       1232 bytes,      83864 total
- age   6:        968 bytes,      84832 total
: 136418K->109K(153344K), 0.0055512 secs] 287303K->150994K(1031552K), 0.0056466 secs] [Times: user=0.01 sys=0.00, real=0.01 secs] 
2016-08-24T16:24:54.491+0000: 8213.413: Total time for which application threads were stopped: 0.0064627 seconds, Stopping threads took: 0.0001197 seconds
2016-08-24T16:24:54.531+0000: 8213.452: [GC (Allocation Failure) 8213.452: [ParNew
Desired survivor size 8716288 bytes, new threshold 6 (max 6)
- age   1:      71672 bytes,      71672 total
- age   3:       1000 bytes,      72672 total
- age   5:       1056 bytes,      73728 total
: 136429K->83K(153344K), 0.0058882 secs] 287314K->150969K(1031552K), 0.0060044 secs] [Times: user=0.01 sys=0.00, real=0.00 secs] 
2016-08-24T16:24:54.537+0000: 8213.458: Total time for which application threads were stopped: 0.0068720 seconds, Stopping threads took: 0.0001027 seconds
2016-08-24T16:24:54.581+0000: 8213.503: [GC (Allocation Failure) 8213.503: [ParNew
Desired survivor size 8716288 bytes, new threshold 6 (max 6)
- age   1:     187936 bytes,     187936 total
- age   2:       2624 bytes,     190560 total
- age   4:       1000 bytes,     191560 total
- age   6:       1056 bytes,     192616 total
: 136403K->207K(153344K), 0.0057662 secs] 287289K->151093K(1031552K), 0.0058485 secs] [Times: user=0.01 sys=0.00, real=0.00 secs] 
2016-08-24T16:24:54.587+0000: 8213.509: Total time for which application threads were stopped: 0.0066210 seconds, Stopping threads took: 0.0000946 seconds
2016-08-24T16:25:04.416+0000: 8223.337: [GC (Allocation Failure) 8223.337: [ParNew
Desired survivor size 8716288 bytes, new threshold 6 (max 6)
- age   1:     739456 bytes,     739456 total
- age   2:      96888 bytes,     836344 total
- age   3:       1120 bytes,     837464 total
- age   5:        968 bytes,     838432 total
: 136527K->861K(153344K), 0.0074595 secs] 287413K->151748K(1031552K), 0.0075824 secs] [Times: user=0.01 sys=0.00, real=0.01 secs] 
2016-08-24T16:25:04.423+0000: 8223.345: Total time for which application threads were stopped: 0.0084196 seconds, Stopping threads took: 0.0001116 seconds
2016-08-24T16:25:04.465+0000: 8223.386: [GC (Allocation Failure) 8223.386: [ParNew
Desired survivor size 8716288 bytes, new threshold 6 (max 6)
- age   1:      78736 bytes,      78736 total
- age   2:     169992 bytes,     248728 total
- age   3:      81216 bytes,     329944 total
- age   4:       1120 bytes,     331064 total
- age   6:        968 bytes,     332032 total
: 137181K->370K(153344K), 0.0057610 secs] 288068K->151257K(1031552K), 0.0058678 secs] [Times: user=0.01 sys=0.00, real=0.01 secs] 
2016-08-24T16:25:04.471+0000: 8223.392: Total time for which application threads were stopped: 0.0067187 seconds, Stopping threads took: 0.0000989 seconds
2016-08-24T16:25:04.513+0000: 8223.434: [GC (Allocation Failure) 8223.434: [ParNew
Desired survivor size 8716288 bytes, new threshold 6 (max 6)
- age   1:      70752 bytes,      70752 total
- age   3:     147992 bytes,     218744 total
- age   4:      81216 bytes,     299960 total
- age   5:       1120 bytes,     301080 total
: 136690K->443K(153344K), 0.0063880 secs] 287577K->151331K(1031552K), 0.0065056 secs] [Times: user=0.01 sys=0.00, real=0.00 secs] 
2016-08-24T16:25:04.519+0000: 8223.441: Total time for which application threads were stopped: 0.0074391 seconds, Stopping threads took: 0.0000969 seconds
2016-08-24T16:25:04.561+0000: 8223.483: [GC (Allocation Failure) 8223.483: [ParNew
Desired survivor size 8716288 bytes, new threshold 6 (max 6)
- age   1:      56584 bytes,      56584 total
- age   2:       1096 bytes,      57680 total
- age   4:     146144 bytes,     203824 total
- age   5:      81216 bytes,     285040 total
- age   6:       1120 bytes,     286160 total
: 136763K->427K(153344K), 0.0060905 secs] 287651K->151315K(1031552K), 0.0061815 secs] [Times: user=0.01 sys=0.00, real=0.00 secs] 
2016-08-24T16:25:04.568+0000: 8223.489: Total time for which application threads were stopped: 0.0070447 seconds, Stopping threads took: 0.0001037 seconds
2016-08-24T16:25:04.606+0000: 8223.527: [GC (Allocation Failure) 8223.527: [ParNew
Desired survivor size 8716288 bytes, new threshold 6 (max 6)
- age   1:      65504 bytes,      65504 total
- age   2:       5152 bytes,      70656 total
- age   3:       1096 bytes,      71752 total
- age   5:     146144 bytes,     217896 total
- age   6:      81216 bytes,     299112 total
: 136747K->406K(153344K), 0.0060000 secs] 287635K->151295K(1031552K), 0.0061175 secs] [Times: user=0.01 sys=0.00, real=0.01 secs] 
2016-08-24T16:25:04.612+0000: 8223.534: Total time for which application threads were stopped: 0.0070077 seconds, Stopping threads took: 0.0001189 seconds
2016-08-24T16:25:04.652+0000: 8223.573: [GC (Allocation Failure) 8223.573: [ParNew
Desired survivor size 8716288 bytes, new threshold 6 (max 6)
- age   1:      59592 bytes,      59592 total
- age   3:       1000 bytes,      60592 total
- age   4:       1064 bytes,      61656 total
- age   6:     144328 bytes,     205984 total
: 136726K->420K(153344K), 0.0057044 secs] 287615K->151390K(1031552K), 0.0057943 secs] [Times: user=0.02 sys=0.00, real=0.00 secs] 
2016-08-24T16:25:04.658+0000: 8223.579: Total time for which application threads were stopped: 0.0066207 seconds, Stopping threads took: 0.0001155 seconds
2016-08-24T16:25:04.698+0000: 8223.619: [GC (Allocation Failure) 8223.619: [ParNew
Desired survivor size 8716288 bytes, new threshold 6 (max 6)
- age   1:      74224 bytes,      74224 total
- age   2:       8808 bytes,      83032 total
- age   4:       1000 bytes,      84032 total
- age   5:       1064 bytes,      85096 total
: 136740K->160K(153344K), 0.0060935 secs] 287710K->151273K(1031552K), 0.0062098 secs] [Times: user=0.01 sys=0.00, real=0.01 secs] 
2016-08-24T16:25:04.704+0000: 8223.625: Total time for which application threads were stopped: 0.0070372 seconds, Stopping threads took: 0.0001039 seconds
2016-08-24T16:25:04.744+0000: 8223.665: [GC (Allocation Failure) 8223.665: [ParNew
Desired survivor size 8716288 bytes, new threshold 6 (max 6)
- age   1:      55848 bytes,      55848 total
- age   3:       1000 bytes,      56848 total
- age   5:        968 bytes,      57816 total
- age   6:       1064 bytes,      58880 total
: 136480K->78K(153344K), 0.0052746 secs] 287593K->151192K(1031552K), 0.0053628 secs] [Times: user=0.01 sys=0.00, real=0.01 secs] 
2016-08-24T16:25:04.749+0000: 8223.671: Total time for which application threads were stopped: 0.0061733 seconds, Stopping threads took: 0.0001005 seconds
2016-08-24T16:25:04.787+0000: 8223.709: [GC (Allocation Failure) 8223.709: [ParNew
Desired survivor size 8716288 bytes, new threshold 6 (max 6)
- age   1:      73488 bytes,      73488 total
- age   2:      11952 bytes,      85440 total
- age   4:       1000 bytes,      86440 total
- age   6:        968 bytes,      87408 total
: 136398K->95K(153344K), 0.0055832 secs] 287512K->151210K(1031552K), 0.0057036 secs] [Times: user=0.01 sys=0.00, real=0.01 secs] 
2016-08-24T16:25:04.793+0000: 8223.715: Total time for which application threads were stopped: 0.0065699 seconds, Stopping threads took: 0.0001024 seconds
2016-08-24T16:25:04.833+0000: 8223.754: [GC (Allocation Failure) 8223.754: [ParNew
Desired survivor size 8716288 bytes, new threshold 6 (max 6)
- age   1:      67064 bytes,      67064 total
- age   3:       1000 bytes,      68064 total
- age   5:        968 bytes,      69032 total
: 136415K->75K(153344K), 0.0052285 secs] 287530K->151191K(1031552K), 0.0053255 secs] [Times: user=0.01 sys=0.00, real=0.00 secs] 
2016-08-24T16:25:04.838+0000: 8223.759: Total time for which application threads were stopped: 0.0061540 seconds, Stopping threads took: 0.0000892 seconds
2016-08-24T16:25:04.878+0000: 8223.800: [GC (Allocation Failure) 8223.800: [ParNew
Desired survivor size 8716288 bytes, new threshold 6 (max 6)
- age   1:      66544 bytes,      66544 total
- age   2:      14584 bytes,      81128 total
- age   4:       1000 bytes,      82128 total
- age   6:        968 bytes,      83096 total
: 136395K->102K(153344K), 0.0053605 secs] 287511K->151218K(1031552K), 0.0054639 secs] [Times: user=0.01 sys=0.00, real=0.01 secs] 
2016-08-24T16:25:04.884+0000: 8223.805: Total time for which application threads were stopped: 0.0062915 seconds, Stopping threads took: 0.0001034 seconds
2016-08-24T16:25:14.588+0000: 8233.510: [GC (Allocation Failure) 8233.510: [ParNew
Desired survivor size 8716288 bytes, new threshold 6 (max 6)
- age   1:    1003416 bytes,    1003416 total
- age   3:        968 bytes,    1004384 total
- age   5:        968 bytes,    1005352 total
: 136422K->1021K(153344K), 0.0083713 secs] 287538K->152138K(1031552K), 0.0085055 secs] [Times: user=0.01 sys=0.00, real=0.00 secs] 
2016-08-24T16:25:14.597+0000: 8233.518: Total time for which application threads were stopped: 0.0093588 seconds, Stopping threads took: 0.0000832 seconds
2016-08-24T16:25:14.635+0000: 8233.557: [GC (Allocation Failure) 8233.557: [ParNew
Desired survivor size 8716288 bytes, new threshold 6 (max 6)
- age   1:      77496 bytes,      77496 total
- age   2:     265384 bytes,     342880 total
- age   4:        968 bytes,     343848 total
- age   6:        968 bytes,     344816 total
: 137341K->471K(153344K), 0.0061398 secs] 288458K->151588K(1031552K), 0.0062612 secs] [Times: user=0.01 sys=0.00, real=0.01 secs] 
2016-08-24T16:25:14.641+0000: 8233.563: Total time for which application threads were stopped: 0.0070977 seconds, Stopping threads took: 0.0001072 seconds
2016-08-24T16:25:14.682+0000: 8233.604: [GC (Allocation Failure) 8233.604: [ParNew
Desired survivor size 8716288 bytes, new threshold 6 (max 6)
- age   1:      64176 bytes,      64176 total
- age   2:         96 bytes,      64272 total
- age   3:     249792 bytes,     314064 total
- age   5:        968 bytes,     315032 total
: 136791K->456K(153344K), 0.0060627 secs] 287908K->151574K(1031552K), 0.0061746 secs] [Times: user=0.01 sys=0.00, real=0.01 secs] 
2016-08-24T16:25:14.688+0000: 8233.610: Total time for which application threads were stopped: 0.0070262 seconds, Stopping threads took: 0.0001008 seconds
2016-08-24T16:25:14.730+0000: 8233.651: [GC (Allocation Failure) 8233.651: [ParNew
Desired survivor size 8716288 bytes, new threshold 6 (max 6)
- age   1:      82328 bytes,      82328 total
- age   2:      17456 bytes,      99784 total
- age   3:         96 bytes,      99880 total
- age   4:     249792 bytes,     349672 total
- age   6:        968 bytes,     350640 total
: 136776K->448K(153344K), 0.0060371 secs] 287894K->151566K(1031552K), 0.0061517 secs] [Times: user=0.01 sys=0.00, real=0.00 secs] 
2016-08-24T16:25:14.736+0000: 8233.657: Total time for which application threads were stopped: 0.0070099 seconds, Stopping threads took: 0.0001010 seconds
2016-08-24T16:25:14.778+0000: 8233.700: [GC (Allocation Failure) 8233.700: [ParNew
Desired survivor size 8716288 bytes, new threshold 6 (max 6)
- age   1:      68800 bytes,      68800 total
- age   3:       1096 bytes,      69896 total
- age   4:         96 bytes,      69992 total
- age   5:     247944 bytes,     317936 total
: 136768K->483K(153344K), 0.0061468 secs] 287886K->151602K(1031552K), 0.0062613 secs] [Times: user=0.02 sys=0.00, real=0.01 secs] 
2016-08-24T16:25:14.785+0000: 8233.706: Total time for which application threads were stopped: 0.0071053 seconds, Stopping threads took: 0.0000980 seconds
2016-08-24T16:25:14.826+0000: 8233.747: [GC (Allocation Failure) 8233.748: [ParNew
Desired survivor size 8716288 bytes, new threshold 6 (max 6)
- age   1:      83192 bytes,      83192 total
- age   2:      20016 bytes,     103208 total
- age   4:       1096 bytes,     104304 total
- age   5:         96 bytes,     104400 total
- age   6:     247944 bytes,     352344 total
: 136803K->459K(153344K), 0.0059991 secs] 287922K->151578K(1031552K), 0.0061210 secs] [Times: user=0.01 sys=0.00, real=0.01 secs] 
2016-08-24T16:25:14.832+0000: 8233.754: Total time for which application threads were stopped: 0.0069659 seconds, Stopping threads took: 0.0001006 seconds
2016-08-24T16:25:14.874+0000: 8233.796: [GC (Allocation Failure) 8233.796: [ParNew
Desired survivor size 8716288 bytes, new threshold 6 (max 6)
- age   1:      88616 bytes,      88616 total
- age   3:       1000 bytes,      89616 total
- age   5:       1064 bytes,      90680 total
- age   6:         96 bytes,      90776 total
: 136779K->339K(153344K), 0.0069418 secs] 287898K->151703K(1031552K), 0.0070515 secs] [Times: user=0.02 sys=0.00, real=0.01 secs] 
2016-08-24T16:25:14.882+0000: 8233.803: Total time for which application threads were stopped: 0.0078673 seconds, Stopping threads took: 0.0000962 seconds
2016-08-24T16:25:14.927+0000: 8233.848: [GC (Allocation Failure) 8233.848: [ParNew
Desired survivor size 8716288 bytes, new threshold 6 (max 6)
- age   1:      66304 bytes,      66304 total
- age   2:       1000 bytes,      67304 total
- age   4:        968 bytes,      68272 total
- age   6:       1064 bytes,      69336 total
: 136659K->120K(153344K), 0.0050837 secs] 288023K->151483K(1031552K), 0.0051873 secs] [Times: user=0.01 sys=0.00, real=0.01 secs] 
2016-08-24T16:25:14.932+0000: 8233.854: Total time for which application threads were stopped: 0.0060180 seconds, Stopping threads took: 0.0000858 seconds
2016-08-24T16:25:14.970+0000: 8233.891: [GC (Allocation Failure) 8233.891: [ParNew
Desired survivor size 8716288 bytes, new threshold 6 (max 6)
- age   1:      67624 bytes,      67624 total
- age   2:       4856 bytes,      72480 total
- age   3:       1000 bytes,      73480 total
- age   5:        968 bytes,      74448 total
: 136440K->91K(153344K), 0.0058324 secs] 287803K->151456K(1031552K), 0.0059592 secs] [Times: user=0.01 sys=0.00, real=0.00 secs] 
2016-08-24T16:25:14.976+0000: 8233.897: Total time for which application threads were stopped: 0.0068450 seconds, Stopping threads took: 0.0001024 seconds
2016-08-24T16:25:15.019+0000: 8233.940: [GC (Allocation Failure) 8233.940: [ParNew
Desired survivor size 8716288 bytes, new threshold 6 (max 6)
- age   1:      53840 bytes,      53840 total
- age   3:       1000 bytes,      54840 total
- age   4:        968 bytes,      55808 total
- age   6:        968 bytes,      56776 total
: 136411K->91K(153344K), 0.0057824 secs] 287776K->151455K(1031552K), 0.0058795 secs] [Times: user=0.01 sys=0.00, real=0.01 secs] 
2016-08-24T16:25:15.025+0000: 8233.946: Total time for which application threads were stopped: 0.0067142 seconds, Stopping threads took: 0.0001025 seconds
2016-08-24T16:25:15.064+0000: 8233.986: [GC (Allocation Failure) 8233.986: [ParNew
Desired survivor size 8716288 bytes, new threshold 6 (max 6)
- age   1:      76912 bytes,      76912 total
- age   2:       8120 bytes,      85032 total
- age   4:       1000 bytes,      86032 total
- age   5:        968 bytes,      87000 total
: 136411K->93K(153344K), 0.0057250 secs] 287775K->151459K(1031552K), 0.0058483 secs] [Times: user=0.01 sys=0.00, real=0.01 secs] 
2016-08-24T16:25:15.070+0000: 8233.992: Total time for which application threads were stopped: 0.0068102 seconds, Stopping threads took: 0.0001558 seconds
2016-08-24T16:25:24.357+0000: 8243.278: [GC (Allocation Failure) 8243.278: [ParNew
Desired survivor size 8716288 bytes, new threshold 6 (max 6)
- age   1:    1193200 bytes,    1193200 total
- age   3:        968 bytes,    1194168 total
- age   5:        968 bytes,    1195136 total
- age   6:        968 bytes,    1196104 total
: 136413K->1198K(153344K), 0.0081264 secs] 287779K->152564K(1031552K), 0.0082646 secs] [Times: user=0.02 sys=0.00, real=0.01 secs] 
2016-08-24T16:25:24.365+0000: 8243.287: Total time for which application threads were stopped: 0.0091756 seconds, Stopping threads took: 0.0001128 seconds
2016-08-24T16:25:24.404+0000: 8243.325: [GC (Allocation Failure) 8243.325: [ParNew
Desired survivor size 8716288 bytes, new threshold 6 (max 6)
- age   1:      72064 bytes,      72064 total
- age   2:     287528 bytes,     359592 total
- age   4:        968 bytes,     360560 total
- age   6:        968 bytes,     361528 total
: 137518K->501K(153344K), 0.0058424 secs] 288884K->151868K(1031552K), 0.0059478 secs] [Times: user=0.01 sys=0.00, real=0.01 secs] 
2016-08-24T16:25:24.410+0000: 8243.331: Total time for which application threads were stopped: 0.0067747 seconds, Stopping threads took: 0.0001002 seconds
2016-08-24T16:25:24.450+0000: 8243.371: [GC (Allocation Failure) 8243.371: [ParNew
Desired survivor size 8716288 bytes, new threshold 6 (max 6)
- age   1:      70792 bytes,      70792 total
- age   2:        320 bytes,      71112 total
- age   3:     278528 bytes,     349640 total
- age   5:        968 bytes,     350608 total
: 136821K->479K(153344K), 0.0058329 secs] 288188K->151846K(1031552K), 0.0059414 secs] [Times: user=0.01 sys=0.00, real=0.00 secs] 
2016-08-24T16:25:24.456+0000: 8243.377: Total time for which application threads were stopped: 0.0069250 seconds, Stopping threads took: 0.0001326 seconds
2016-08-24T16:25:24.496+0000: 8243.418: [GC (Allocation Failure) 8243.418: [ParNew
Desired survivor size 8716288 bytes, new threshold 6 (max 6)
- age   1:      75904 bytes,      75904 total
- age   2:      10384 bytes,      86288 total
- age   3:        320 bytes,      86608 total
- age   4:     278528 bytes,     365136 total
- age   6:        968 bytes,     366104 total
: 136799K->492K(153344K), 0.0056883 secs] 288166K->151860K(1031552K), 0.0057920 secs] [Times: user=0.01 sys=0.00, real=0.01 secs] 
2016-08-24T16:25:24.502+0000: 8243.424: Total time for which application threads were stopped: 0.0066995 seconds, Stopping threads took: 0.0001371 seconds
2016-08-24T16:25:24.543+0000: 8243.465: [GC (Allocation Failure) 8243.465: [ParNew
Desired survivor size 8716288 bytes, new threshold 6 (max 6)
- age   1:      69984 bytes,      69984 total
- age   3:       1096 bytes,      71080 total
- age   4:        320 bytes,      71400 total
- age   5:     276680 bytes,     348080 total
: 136812K->356K(153344K), 0.0056629 secs] 288180K->151725K(1031552K), 0.0057657 secs] [Times: user=0.02 sys=0.00, real=0.01 secs] 
2016-08-24T16:25:24.549+0000: 8243.471: Total time for which application threads were stopped: 0.0065957 seconds, Stopping threads took: 0.0000956 seconds
2016-08-24T16:25:24.587+0000: 8243.509: [GC (Allocation Failure) 8243.509: [ParNew
Desired survivor size 8716288 bytes, new threshold 6 (max 6)
- age   1:      85592 bytes,      85592 total
- age   2:      13992 bytes,      99584 total
- age   4:       1096 bytes,     100680 total
- age   5:        320 bytes,     101000 total
- age   6:     276680 bytes,     377680 total
: 136676K->494K(153344K), 0.0057954 secs] 288045K->151862K(1031552K), 0.0059032 secs] [Times: user=0.02 sys=0.00, real=0.01 secs] 
2016-08-24T16:25:24.594+0000: 8243.515: Total time for which application threads were stopped: 0.0067630 seconds, Stopping threads took: 0.0001145 seconds
2016-08-24T16:25:24.635+0000: 8243.556: [GC (Allocation Failure) 8243.556: [ParNew
Desired survivor size 8716288 bytes, new threshold 6 (max 6)
- age   1:      74128 bytes,      74128 total
- age   3:       1000 bytes,      75128 total
- age   5:       1064 bytes,      76192 total
- age   6:        320 bytes,      76512 total
: 136814K->360K(153344K), 0.0061465 secs] 288182K->152003K(1031552K), 0.0062456 secs] [Times: user=0.01 sys=0.00, real=0.01 secs] 
2016-08-24T16:25:24.641+0000: 8243.563: Total time for which application threads were stopped: 0.0070412 seconds, Stopping threads took: 0.0000989 seconds
2016-08-24T16:25:24.679+0000: 8243.600: [GC (Allocation Failure) 8243.600: [ParNew
Desired survivor size 8716288 bytes, new threshold 6 (max 6)
- age   1:      73552 bytes,      73552 total
- age   2:      16192 bytes,      89744 total
- age   4:       1000 bytes,      90744 total
- age   6:       1064 bytes,      91808 total
: 136680K->168K(153344K), 0.0057513 secs] 288323K->151812K(1031552K), 0.0058770 secs] [Times: user=0.01 sys=0.00, real=0.01 secs] 
2016-08-24T16:25:24.685+0000: 8243.606: Total time for which application threads were stopped: 0.0067623 seconds, Stopping threads took: 0.0001172 seconds
2016-08-24T16:25:24.727+0000: 8243.648: [GC (Allocation Failure) 8243.649: [ParNew
Desired survivor size 8716288 bytes, new threshold 6 (max 6)
- age   1:      62512 bytes,      62512 total
- age   3:       1000 bytes,      63512 total
- age   5:        968 bytes,      64480 total
: 136488K->99K(153344K), 0.0055646 secs] 288132K->151743K(1031552K), 0.0057013 secs] [Times: user=0.01 sys=0.00, real=0.01 secs] 
2016-08-24T16:25:24.733+0000: 8243.654: Total time for which application threads were stopped: 0.0065002 seconds, Stopping threads took: 0.0001032 seconds
2016-08-24T16:25:24.773+0000: 8243.695: [GC (Allocation Failure) 8243.695: [ParNew
Desired survivor size 8716288 bytes, new threshold 6 (max 6)
- age   1:      82416 bytes,      82416 total
- age   2:      19336 bytes,     101752 total
- age   4:       1000 bytes,     102752 total
- age   6:        968 bytes,     103720 total
: 136419K->109K(153344K), 0.0054982 secs] 288063K->151753K(1031552K), 0.0056135 secs] [Times: user=0.01 sys=0.00, real=0.00 secs] 
2016-08-24T16:25:24.779+0000: 8243.700: Total time for which application threads were stopped: 0.0064857 seconds, Stopping threads took: 0.0001049 seconds
2016-08-24T16:25:24.818+0000: 8243.740: [GC (Allocation Failure) 8243.740: [ParNew
Desired survivor size 8716288 bytes, new threshold 6 (max 6)
- age   1:      75120 bytes,      75120 total
- age   3:       1000 bytes,      76120 total
- age   5:        968 bytes,      77088 total
: 136429K->119K(153344K), 0.0051899 secs] 288073K->151764K(1031552K), 0.0052761 secs] [Times: user=0.01 sys=0.00, real=0.01 secs] 
2016-08-24T16:25:24.824+0000: 8243.745: Total time for which application threads were stopped: 0.0060685 seconds, Stopping threads took: 0.0001026 seconds
2016-08-24T16:25:25.447+0000: 8244.368: [GC (Allocation Failure) 8244.368: [ParNew
Desired survivor size 8716288 bytes, new threshold 6 (max 6)
- age   1:     272224 bytes,     272224 total
- age   2:        968 bytes,     273192 total
- age   4:        968 bytes,     274160 total
- age   6:        968 bytes,     275128 total
: 136439K->282K(153344K), 0.0140360 secs] 288084K->151928K(1031552K), 0.0141472 secs] [Times: user=0.02 sys=0.00, real=0.02 secs] 
2016-08-24T16:25:25.461+0000: 8244.383: Total time for which application threads were stopped: 0.0149452 seconds, Stopping threads took: 0.0001007 seconds
2016-08-24T16:25:34.450+0000: 8253.372: [GC (Allocation Failure) 8253.372: [ParNew
Desired survivor size 8716288 bytes, new threshold 6 (max 6)
- age   1:     775632 bytes,     775632 total
- age   2:      93016 bytes,     868648 total
- age   3:        968 bytes,     869616 total
- age   5:        968 bytes,     870584 total
: 136602K->864K(153344K), 0.0067360 secs] 288248K->152510K(1031552K), 0.0068676 secs] [Times: user=0.02 sys=0.00, real=0.00 secs] 
2016-08-24T16:25:34.457+0000: 8253.379: Total time for which application threads were stopped: 0.0077040 seconds, Stopping threads took: 0.0000980 seconds
2016-08-24T16:25:34.497+0000: 8253.419: [GC (Allocation Failure) 8253.419: [ParNew
Desired survivor size 8716288 bytes, new threshold 6 (max 6)
- age   1:      50328 bytes,      50328 total
- age   2:     144496 bytes,     194824 total
- age   3:      90560 bytes,     285384 total
- age   4:        968 bytes,     286352 total
- age   6:        968 bytes,     287320 total
: 137184K->382K(153344K), 0.0051889 secs] 288830K->152029K(1031552K), 0.0052911 secs] [Times: user=0.01 sys=0.00, real=0.01 secs] 
2016-08-24T16:25:34.502+0000: 8253.424: Total time for which application threads were stopped: 0.0061077 seconds, Stopping threads took: 0.0000903 seconds
2016-08-24T16:25:34.541+0000: 8253.463: [GC (Allocation Failure) 8253.463: [ParNew
Desired survivor size 8716288 bytes, new threshold 6 (max 6)
- age   1:      79096 bytes,      79096 total
- age   2:       4160 bytes,      83256 total
- age   3:     144104 bytes,     227360 total
- age   4:      90520 bytes,     317880 total
- age   5:        968 bytes,     318848 total
: 136702K->373K(153344K), 0.0051080 secs] 288349K->152021K(1031552K), 0.0052208 secs] [Times: user=0.01 sys=0.00, real=0.00 secs] 
2016-08-24T16:25:34.546+0000: 8253.468: Total time for which application threads were stopped: 0.0060530 seconds, Stopping threads took: 0.0001200 seconds
2016-08-24T16:25:34.586+0000: 8253.507: [GC (Allocation Failure) 8253.507: [ParNew
Desired survivor size 8716288 bytes, new threshold 6 (max 6)
- age   1:      45680 bytes,      45680 total
- age   2:        248 bytes,      45928 total
- age   3:       1120 bytes,      47048 total
- age   4:     142256 bytes,     189304 total
- age   5:      90520 bytes,     279824 total
- age   6:        968 bytes,     280792 total
: 136693K->429K(153344K), 0.0050831 secs] 288341K->152076K(1031552K), 0.0051851 secs] [Times: user=0.01 sys=0.00, real=0.01 secs] 
2016-08-24T16:25:34.591+0000: 8253.512: Total time for which application threads were stopped: 0.0059978 seconds, Stopping threads took: 0.0000982 seconds
2016-08-24T16:25:34.631+0000: 8253.552: [GC (Allocation Failure) 8253.552: [ParNew
Desired survivor size 8716288 bytes, new threshold 6 (max 6)
- age   1:      63824 bytes,      63824 total
- age   2:       5624 bytes,      69448 total
- age   3:        248 bytes,      69696 total
- age   4:       1120 bytes,      70816 total
- age   5:     142256 bytes,     213072 total
- age   6:      90520 bytes,     303592 total
: 136749K->404K(153344K), 0.0051705 secs] 288396K->152052K(1031552K), 0.0052831 secs] [Times: user=0.01 sys=0.00, real=0.00 secs] 
2016-08-24T16:25:34.636+0000: 8253.558: Total time for which application threads were stopped: 0.0061156 seconds, Stopping threads took: 0.0001019 seconds
2016-08-24T16:25:34.675+0000: 8253.597: [GC (Allocation Failure) 8253.597: [ParNew
Desired survivor size 8716288 bytes, new threshold 6 (max 6)
- age   1:      63344 bytes,      63344 total
- age   3:       1000 bytes,      64344 total
- age   4:        248 bytes,      64592 total
- age   5:       1088 bytes,      65680 total
- age   6:     140440 bytes,     206120 total
: 136724K->421K(153344K), 0.0056695 secs] 288372K->152160K(1031552K), 0.0057751 secs] [Times: user=0.01 sys=0.00, real=0.01 secs] 
2016-08-24T16:25:34.681+0000: 8253.603: Total time for which application threads were stopped: 0.0066117 seconds, Stopping threads took: 0.0001001 seconds
2016-08-24T16:25:34.721+0000: 8253.642: [GC (Allocation Failure) 8253.642: [ParNew
Desired survivor size 8716288 bytes, new threshold 6 (max 6)
- age   1:      84760 bytes,      84760 total
- age   2:       9432 bytes,      94192 total
- age   4:       1000 bytes,      95192 total
- age   5:        176 bytes,      95368 total
- age   6:       1088 bytes,      96456 total
: 136741K->160K(153344K), 0.0053176 secs] 288480K->152038K(1031552K), 0.0054211 secs] [Times: user=0.01 sys=0.00, real=0.00 secs] 
2016-08-24T16:25:34.726+0000: 8253.648: Total time for which application threads were stopped: 0.0062217 seconds, Stopping threads took: 0.0000841 seconds
2016-08-24T16:25:34.766+0000: 8253.687: [GC (Allocation Failure) 8253.687: [ParNew
Desired survivor size 8716288 bytes, new threshold 6 (max 6)
- age   1:      70704 bytes,      70704 total
- age   2:        248 bytes,      70952 total
- age   3:       1000 bytes,      71952 total
- age   5:        968 bytes,      72920 total
- age   6:        176 bytes,      73096 total
: 136480K->90K(153344K), 0.0049314 secs] 288358K->151969K(1031552K), 0.0050337 secs] [Times: user=0.01 sys=0.00, real=0.01 secs] 
2016-08-24T16:25:34.771+0000: 8253.692: Total time for which application threads were stopped: 0.0058519 seconds, Stopping threads took: 0.0000991 seconds
2016-08-24T16:25:34.810+0000: 8253.732: [GC (Allocation Failure) 8253.732: [ParNew
Desired survivor size 8716288 bytes, new threshold 6 (max 6)
- age   1:      77352 bytes,      77352 total
- age   2:      12776 bytes,      90128 total
- age   3:        248 bytes,      90376 total
- age   4:       1000 bytes,      91376 total
- age   6:        968 bytes,      92344 total
: 136410K->116K(153344K), 0.0048816 secs] 288289K->151995K(1031552K), 0.0049916 secs] [Times: user=0.01 sys=0.00, real=0.00 secs] 
2016-08-24T16:25:34.815+0000: 8253.737: Total time for which application threads were stopped: 0.0057743 seconds, Stopping threads took: 0.0000948 seconds
2016-08-24T16:25:34.855+0000: 8253.776: [GC (Allocation Failure) 8253.776: [ParNew
Desired survivor size 8716288 bytes, new threshold 6 (max 6)
- age   1:      66904 bytes,      66904 total
- age   3:       1000 bytes,      67904 total
- age   4:        248 bytes,      68152 total
- age   5:        968 bytes,      69120 total
: 136436K->110K(153344K), 0.0050280 secs] 288315K->151990K(1031552K), 0.0051435 secs] [Times: user=0.01 sys=0.00, real=0.00 secs] 
2016-08-24T16:25:34.860+0000: 8253.781: Total time for which application threads were stopped: 0.0059791 seconds, Stopping threads took: 0.0001004 seconds
2016-08-24T16:25:34.900+0000: 8253.821: [GC (Allocation Failure) 8253.822: [ParNew
Desired survivor size 8716288 bytes, new threshold 6 (max 6)
- age   1:      74296 bytes,      74296 total
- age   2:      14968 bytes,      89264 total
- age   4:       1000 bytes,      90264 total
- age   5:        248 bytes,      90512 total
- age   6:        968 bytes,      91480 total
: 136430K->97K(153344K), 0.0051095 secs] 288310K->151977K(1031552K), 0.0051969 secs] [Times: user=0.00 sys=0.00, real=0.01 secs] 
2016-08-24T16:25:34.905+0000: 8253.827: Total time for which application threads were stopped: 0.0060124 seconds, Stopping threads took: 0.0001236 seconds
2016-08-24T16:25:44.419+0000: 8263.341: [GC (Allocation Failure) 8263.341: [ParNew
Desired survivor size 8716288 bytes, new threshold 6 (max 6)
- age   1:    1044648 bytes,    1044648 total
- age   3:        968 bytes,    1045616 total
- age   5:        968 bytes,    1046584 total
- age   6:         64 bytes,    1046648 total
: 136417K->1050K(153344K), 0.0081485 secs] 288297K->152932K(1031552K), 0.0082833 secs] [Times: user=0.01 sys=0.00, real=0.01 secs] 
2016-08-24T16:25:44.428+0000: 8263.349: Total time for which application threads were stopped: 0.0090842 seconds, Stopping threads took: 0.0000973 seconds
2016-08-24T16:25:44.466+0000: 8263.387: [GC (Allocation Failure) 8263.387: [ParNew
Desired survivor size 8716288 bytes, new threshold 6 (max 6)
- age   1:      61080 bytes,      61080 total
- age   2:     293000 bytes,     354080 total
- age   4:        968 bytes,     355048 total
- age   6:        968 bytes,     356016 total
: 137370K->511K(153344K), 0.0063913 secs] 289252K->152392K(1031552K), 0.0064936 secs] [Times: user=0.02 sys=0.00, real=0.01 secs] 
2016-08-24T16:25:44.472+0000: 8263.394: Total time for which application threads were stopped: 0.0072806 seconds, Stopping threads took: 0.0000894 seconds
2016-08-24T16:25:44.511+0000: 8263.432: [GC (Allocation Failure) 8263.433: [ParNew
Desired survivor size 8716288 bytes, new threshold 6 (max 6)
- age   1:      73888 bytes,      73888 total
- age   2:         72 bytes,      73960 total
- age   3:     277112 bytes,     351072 total
- age   5:        968 bytes,     352040 total
: 136831K->479K(153344K), 0.0065759 secs] 288712K->152361K(1031552K), 0.0066848 secs] [Times: user=0.01 sys=0.00, real=0.00 secs] 
2016-08-24T16:25:44.518+0000: 8263.439: Total time for which application threads were stopped: 0.0074449 seconds, Stopping threads took: 0.0000876 seconds
2016-08-24T16:25:44.555+0000: 8263.477: [GC (Allocation Failure) 8263.477: [ParNew
Desired survivor size 8716288 bytes, new threshold 6 (max 6)
- age   1:      65144 bytes,      65144 total
- age   2:      17856 bytes,      83000 total
- age   3:         72 bytes,      83072 total
- age   4:     277112 bytes,     360184 total
- age   6:        968 bytes,     361152 total
: 136799K->493K(153344K), 0.0064061 secs] 288681K->152375K(1031552K), 0.0065180 secs] [Times: user=0.01 sys=0.00, real=0.01 secs] 
2016-08-24T16:25:44.562+0000: 8263.483: Total time for which application threads were stopped: 0.0072717 seconds, Stopping threads took: 0.0000869 seconds
2016-08-24T16:25:44.601+0000: 8263.522: [GC (Allocation Failure) 8263.522: [ParNew
Desired survivor size 8716288 bytes, new threshold 6 (max 6)
- age   1:      73808 bytes,      73808 total
- age   3:       1096 bytes,      74904 total
- age   4:         72 bytes,      74976 total
- age   5:     275264 bytes,     350240 total
: 136813K->507K(153344K), 0.0063383 secs] 288695K->152390K(1031552K), 0.0064406 secs] [Times: user=0.01 sys=0.00, real=0.00 secs] 
2016-08-24T16:25:44.607+0000: 8263.529: Total time for which application threads were stopped: 0.0072384 seconds, Stopping threads took: 0.0000845 seconds
2016-08-24T16:25:44.645+0000: 8263.566: [GC (Allocation Failure) 8263.566: [ParNew
Desired survivor size 8716288 bytes, new threshold 6 (max 6)
- age   1:      93472 bytes,      93472 total
- age   2:      21272 bytes,     114744 total
- age   4:       1096 bytes,     115840 total
- age   5:         72 bytes,     115912 total
- age   6:     275264 bytes,     391176 total
: 136827K->501K(153344K), 0.0064024 secs] 288710K->152384K(1031552K), 0.0065021 secs] [Times: user=0.01 sys=0.00, real=0.01 secs] 
2016-08-24T16:25:44.651+0000: 8263.573: Total time for which application threads were stopped: 0.0072952 seconds, Stopping threads took: 0.0000987 seconds
2016-08-24T16:25:44.690+0000: 8263.611: [GC (Allocation Failure) 8263.611: [ParNew
Desired survivor size 8716288 bytes, new threshold 6 (max 6)
- age   1:      76144 bytes,      76144 total
- age   3:       1000 bytes,      77144 total
- age   5:       1064 bytes,      78208 total
- age   6:         72 bytes,      78280 total
: 136821K->372K(153344K), 0.0070009 secs] 288704K->152528K(1031552K), 0.0071039 secs] [Times: user=0.02 sys=0.00, real=0.00 secs] 
2016-08-24T16:25:44.697+0000: 8263.619: Total time for which application threads were stopped: 0.0078605 seconds, Stopping threads took: 0.0000870 seconds
2016-08-24T16:25:44.736+0000: 8263.657: [GC (Allocation Failure) 8263.657: [ParNew
Desired survivor size 8716288 bytes, new threshold 6 (max 6)
- age   1:      56736 bytes,      56736 total
- age   2:       1000 bytes,      57736 total
- age   4:        968 bytes,      58704 total
- age   6:       1064 bytes,      59768 total
: 136692K->126K(153344K), 0.0058104 secs] 288848K->152282K(1031552K), 0.0059083 secs] [Times: user=0.02 sys=0.00, real=0.01 secs] 
2016-08-24T16:25:44.742+0000: 8263.663: Total time for which application threads were stopped: 0.0066596 seconds, Stopping threads took: 0.0000890 seconds
2016-08-24T16:25:44.779+0000: 8263.701: [GC (Allocation Failure) 8263.701: [ParNew
Desired survivor size 8716288 bytes, new threshold 6 (max 6)
- age   1:      66696 bytes,      66696 total
- age   2:       5536 bytes,      72232 total
- age   3:       1000 bytes,      73232 total
- age   5:        968 bytes,      74200 total
: 136446K->91K(153344K), 0.0059159 secs] 288602K->152248K(1031552K), 0.0060151 secs] [Times: user=0.02 sys=0.00, real=0.01 secs] 
2016-08-24T16:25:44.785+0000: 8263.707: Total time for which application threads were stopped: 0.0067838 seconds, Stopping threads took: 0.0000883 seconds
2016-08-24T16:25:44.824+0000: 8263.746: [GC (Allocation Failure) 8263.746: [ParNew
Desired survivor size 8716288 bytes, new threshold 6 (max 6)
- age   1:      51760 bytes,      51760 total
- age   3:       1000 bytes,      52760 total
- age   4:        968 bytes,      53728 total
- age   6:        968 bytes,      54696 total
: 136411K->71K(153344K), 0.0057851 secs] 288568K->152228K(1031552K), 0.0058974 secs] [Times: user=0.00 sys=0.00, real=0.01 secs] 
2016-08-24T16:25:44.830+0000: 8263.752: Total time for which application threads were stopped: 0.0066629 seconds, Stopping threads took: 0.0000907 seconds
2016-08-24T16:25:44.867+0000: 8263.789: [GC (Allocation Failure) 8263.789: [ParNew
Desired survivor size 8716288 bytes, new threshold 6 (max 6)
- age   1:      86488 bytes,      86488 total
- age   2:       8888 bytes,      95376 total
- age   4:       1000 bytes,      96376 total
- age   5:        968 bytes,      97344 total
: 136391K->107K(153344K), 0.0057748 secs] 288548K->152265K(1031552K), 0.0058843 secs] [Times: user=0.01 sys=0.00, real=0.01 secs] 
2016-08-24T16:25:44.873+0000: 8263.795: Total time for which application threads were stopped: 0.0066388 seconds, Stopping threads took: 0.0000877 seconds
2016-08-24T16:25:49.654+0000: 8268.575: Total time for which application threads were stopped: 0.0006666 seconds, Stopping threads took: 0.0000943 seconds
2016-08-24T16:25:49.654+0000: 8268.576: Total time for which application threads were stopped: 0.0003029 seconds, Stopping threads took: 0.0000267 seconds
2016-08-24T16:25:49.655+0000: 8268.576: Total time for which application threads were stopped: 0.0003364 seconds, Stopping threads took: 0.0000856 seconds
2016-08-24T16:25:49.905+0000: 8268.826: Total time for which application threads were stopped: 0.0018704 seconds, Stopping threads took: 0.0001948 seconds
2016-08-24T16:25:49.907+0000: 8268.828: Total time for which application threads were stopped: 0.0014168 seconds, Stopping threads took: 0.0001318 seconds
2016-08-24T16:25:49.908+0000: 8268.830: Total time for which application threads were stopped: 0.0013549 seconds, Stopping threads took: 0.0001278 seconds
2016-08-24T16:25:54.586+0000: 8273.508: [GC (Allocation Failure) 8273.508: [ParNew
Desired survivor size 8716288 bytes, new threshold 6 (max 6)
- age   1:    1162376 bytes,    1162376 total
- age   3:        968 bytes,    1163344 total
- age   5:        968 bytes,    1164312 total
- age   6:        968 bytes,    1165280 total
: 136427K->1173K(153344K), 0.0075660 secs] 288585K->153331K(1031552K), 0.0076998 secs] [Times: user=0.01 sys=0.00, real=0.01 secs] 
2016-08-24T16:25:54.594+0000: 8273.515: Total time for which application threads were stopped: 0.0085456 seconds, Stopping threads took: 0.0000995 seconds
2016-08-24T16:25:54.632+0000: 8273.554: [GC (Allocation Failure) 8273.554: [ParNew
Desired survivor size 8716288 bytes, new threshold 6 (max 6)
- age   1:      76312 bytes,      76312 total
- age   2:     307968 bytes,     384280 total
- age   4:        968 bytes,     385248 total
- age   6:        968 bytes,     386216 total
: 137493K->541K(153344K), 0.0057155 secs] 289651K->152700K(1031552K), 0.0058454 secs] [Times: user=0.01 sys=0.00, real=0.00 secs] 
2016-08-24T16:25:54.638+0000: 8273.560: Total time for which application threads were stopped: 0.0066907 seconds, Stopping threads took: 0.0001006 seconds
2016-08-24T16:25:54.679+0000: 8273.600: [GC (Allocation Failure) 8273.600: [ParNew
Desired survivor size 8716288 bytes, new threshold 6 (max 6)
- age   1:      67784 bytes,      67784 total
- age   2:         96 bytes,      67880 total
- age   3:     299032 bytes,     366912 total
- age   5:        968 bytes,     367880 total
: 136861K->646K(153344K), 0.0067443 secs] 289020K->152807K(1031552K), 0.0068674 secs] [Times: user=0.01 sys=0.00, real=0.01 secs] 
2016-08-24T16:25:54.686+0000: 8273.607: Total time for which application threads were stopped: 0.0076891 seconds, Stopping threads took: 0.0001054 seconds
2016-08-24T16:25:54.725+0000: 8273.647: [GC (Allocation Failure) 8273.647: [ParNew
Desired survivor size 8716288 bytes, new threshold 6 (max 6)
- age   1:      63280 bytes,      63280 total
- age   2:      10384 bytes,      73664 total
- age   3:         96 bytes,      73760 total
- age   4:     299032 bytes,     372792 total
- age   6:        968 bytes,     373760 total
: 136966K->432K(153344K), 0.0053412 secs] 289127K->152592K(1031552K), 0.0054477 secs] [Times: user=0.01 sys=0.00, real=0.01 secs] 
2016-08-24T16:25:54.731+0000: 8273.652: Total time for which application threads were stopped: 0.0062818 seconds, Stopping threads took: 0.0001024 seconds
2016-08-24T16:25:54.772+0000: 8273.693: [GC (Allocation Failure) 8273.693: [ParNew
Desired survivor size 8716288 bytes, new threshold 6 (max 6)
- age   1:      72224 bytes,      72224 total
- age   3:       1096 bytes,      73320 total
- age   4:         96 bytes,      73416 total
- age   5:     297184 bytes,     370600 total
: 136752K->482K(153344K), 0.0058668 secs] 288912K->152644K(1031552K), 0.0059849 secs] [Times: user=0.02 sys=0.00, real=0.00 secs] 
2016-08-24T16:25:54.778+0000: 8273.699: Total time for which application threads were stopped: 0.0068270 seconds, Stopping threads took: 0.0001006 seconds
2016-08-24T16:25:54.817+0000: 8273.739: [GC (Allocation Failure) 8273.739: [ParNew
Desired survivor size 8716288 bytes, new threshold 6 (max 6)
- age   1:      75792 bytes,      75792 total
- age   2:      14088 bytes,      89880 total
- age   4:       1096 bytes,      90976 total
- age   5:         96 bytes,      91072 total
- age   6:     297184 bytes,     388256 total
: 136802K->670K(153344K), 0.0058932 secs] 288964K->152831K(1031552K), 0.0059933 secs] [Times: user=0.01 sys=0.00, real=0.01 secs] 
2016-08-24T16:25:54.823+0000: 8273.745: Total time for which application threads were stopped: 0.0068060 seconds, Stopping threads took: 0.0000985 seconds
2016-08-24T16:25:54.863+0000: 8273.784: [GC (Allocation Failure) 8273.784: [ParNew
Desired survivor size 8716288 bytes, new threshold 6 (max 6)
- age   1:      62272 bytes,      62272 total
- age   3:       1000 bytes,      63272 total
- age   5:       1064 bytes,      64336 total
- age   6:         96 bytes,      64432 total
: 136990K->241K(153344K), 0.0072082 secs] 289151K->152696K(1031552K), 0.0073140 secs] [Times: user=0.01 sys=0.00, real=0.01 secs] 
2016-08-24T16:25:54.870+0000: 8273.792: Total time for which application threads were stopped: 0.0081487 seconds, Stopping threads took: 0.0001012 seconds
2016-08-24T16:25:54.912+0000: 8273.833: [GC (Allocation Failure) 8273.833: [ParNew
Desired survivor size 8716288 bytes, new threshold 6 (max 6)
- age   1:      63808 bytes,      63808 total
- age   2:      16640 bytes,      80448 total
- age   4:       1000 bytes,      81448 total
- age   6:       1064 bytes,      82512 total
: 136561K->121K(153344K), 0.0053437 secs] 289016K->152576K(1031552K), 0.0054433 secs] [Times: user=0.01 sys=0.00, real=0.00 secs] 
2016-08-24T16:25:54.917+0000: 8273.839: Total time for which application threads were stopped: 0.0062438 seconds, Stopping threads took: 0.0000979 seconds
2016-08-24T16:25:54.956+0000: 8273.878: [GC (Allocation Failure) 8273.878: [ParNew
Desired survivor size 8716288 bytes, new threshold 6 (max 6)
- age   1:      80936 bytes,      80936 total
- age   3:       1000 bytes,      81936 total
- age   5:        968 bytes,      82904 total
: 136441K->98K(153344K), 0.0060221 secs] 288896K->152554K(1031552K), 0.0061398 secs] [Times: user=0.01 sys=0.00, real=0.01 secs] 
2016-08-24T16:25:54.962+0000: 8273.884: Total time for which application threads were stopped: 0.0069540 seconds, Stopping threads took: 0.0000992 seconds
2016-08-24T16:25:55.003+0000: 8273.925: [GC (Allocation Failure) 8273.925: [ParNew
Desired survivor size 8716288 bytes, new threshold 6 (max 6)
- age   1:      77136 bytes,      77136 total
- age   2:      19336 bytes,      96472 total
- age   4:       1000 bytes,      97472 total
- age   6:        968 bytes,      98440 total
: 136418K->119K(153344K), 0.0059303 secs] 288874K->152575K(1031552K), 0.0060405 secs] [Times: user=0.01 sys=0.00, real=0.01 secs] 
2016-08-24T16:25:55.009+0000: 8273.931: Total time for which application threads were stopped: 0.0068984 seconds, Stopping threads took: 0.0001037 seconds
2016-08-24T16:25:55.049+0000: 8273.971: [GC (Allocation Failure) 8273.971: [ParNew
Desired survivor size 8716288 bytes, new threshold 6 (max 6)
- age   1:      86464 bytes,      86464 total
- age   3:       1000 bytes,      87464 total
- age   5:        968 bytes,      88432 total
: 136439K->122K(153344K), 0.0056930 secs] 288895K->152580K(1031552K), 0.0057980 secs] [Times: user=0.01 sys=0.00, real=0.00 secs] 
2016-08-24T16:25:55.055+0000: 8273.977: Total time for which application threads were stopped: 0.0066156 seconds, Stopping threads took: 0.0000962 seconds
2016-08-24T16:25:57.192+0000: 8276.113: [GC (Allocation Failure) 8276.113: [ParNew
Desired survivor size 8716288 bytes, new threshold 6 (max 6)
- age   1:     347512 bytes,     347512 total
- age   2:        968 bytes,     348480 total
- age   4:        968 bytes,     349448 total
- age   6:        968 bytes,     350416 total
: 136442K->350K(153344K), 0.0113846 secs] 288900K->152808K(1031552K), 0.0115922 secs] [Times: user=0.02 sys=0.00, real=0.01 secs] 
2016-08-24T16:25:57.203+0000: 8276.125: Total time for which application threads were stopped: 0.0135924 seconds, Stopping threads took: 0.0002773 seconds
2016-08-24T16:26:04.628+0000: 8283.549: [GC (Allocation Failure) 8283.549: [ParNew
Desired survivor size 8716288 bytes, new threshold 6 (max 6)
- age   1:     553136 bytes,     553136 total
- age   2:      94256 bytes,     647392 total
- age   3:        968 bytes,     648360 total
- age   5:        968 bytes,     649328 total
: 136670K->646K(153344K), 0.0077178 secs] 289128K->153104K(1031552K), 0.0078380 secs] [Times: user=0.01 sys=0.00, real=0.01 secs] 
2016-08-24T16:26:04.636+0000: 8283.557: Total time for which application threads were stopped: 0.0086726 seconds, Stopping threads took: 0.0001018 seconds
2016-08-24T16:26:04.678+0000: 8283.599: [GC (Allocation Failure) 8283.599: [ParNew
Desired survivor size 8716288 bytes, new threshold 6 (max 6)
- age   1:      50344 bytes,      50344 total
- age   2:     116616 bytes,     166960 total
- age   3:      91800 bytes,     258760 total
- age   4:        968 bytes,     259728 total
- age   6:        968 bytes,     260696 total
: 136966K->453K(153344K), 0.0056598 secs] 289424K->152912K(1031552K), 0.0057611 secs] [Times: user=0.01 sys=0.00, real=0.01 secs] 
2016-08-24T16:26:04.684+0000: 8283.605: Total time for which application threads were stopped: 0.0065510 seconds, Stopping threads took: 0.0000944 seconds
2016-08-24T16:26:04.721+0000: 8283.643: [GC (Allocation Failure) 8283.643: [ParNew
Desired survivor size 8716288 bytes, new threshold 6 (max 6)
- age   1:      67488 bytes,      67488 total
- age   2:       4456 bytes,      71944 total
- age   3:     116616 bytes,     188560 total
- age   4:      91800 bytes,     280360 total
- age   5:        968 bytes,     281328 total
: 136773K->309K(153344K), 0.0056904 secs] 289232K->152769K(1031552K), 0.0057918 secs] [Times: user=0.01 sys=0.00, real=0.00 secs] 
2016-08-24T16:26:04.727+0000: 8283.649: Total time for which application threads were stopped: 0.0066039 seconds, Stopping threads took: 0.0000989 seconds
2016-08-24T16:26:04.768+0000: 8283.690: [GC (Allocation Failure) 8283.690: [ParNew
Desired survivor size 8716288 bytes, new threshold 6 (max 6)
- age   1:      55120 bytes,      55120 total
- age   3:       1096 bytes,      56216 total
- age   4:     114768 bytes,     170984 total
- age   5:      91800 bytes,     262784 total
- age   6:        968 bytes,     263752 total
: 136629K->345K(153344K), 0.0056833 secs] 289089K->152804K(1031552K), 0.0057866 secs] [Times: user=0.01 sys=0.00, real=0.00 secs] 
2016-08-24T16:26:04.774+0000: 8283.696: Total time for which application threads were stopped: 0.0066184 seconds, Stopping threads took: 0.0001009 seconds
2016-08-24T16:26:04.814+0000: 8283.735: [GC (Allocation Failure) 8283.735: [ParNew
Desired survivor size 8716288 bytes, new threshold 6 (max 6)
- age   1:      69384 bytes,      69384 total
- age   2:       7272 bytes,      76656 total
- age   4:       1096 bytes,      77752 total
- age   5:     114768 bytes,     192520 total
- age   6:      91800 bytes,     284320 total
: 136665K->380K(153344K), 0.0058975 secs] 289124K->152841K(1031552K), 0.0060118 secs] [Times: user=0.01 sys=0.00, real=0.00 secs] 
2016-08-24T16:26:04.820+0000: 8283.741: Total time for which application threads were stopped: 0.0068977 seconds, Stopping threads took: 0.0001012 seconds
2016-08-24T16:26:04.860+0000: 8283.782: [GC (Allocation Failure) 8283.782: [ParNew
Desired survivor size 8716288 bytes, new threshold 6 (max 6)
- age   1:      61240 bytes,      61240 total
- age   3:       1000 bytes,      62240 total
- age   5:       1064 bytes,      63304 total
- age   6:     112952 bytes,     176256 total
: 136700K->372K(153344K), 0.0059107 secs] 289161K->152924K(1031552K), 0.0060101 secs] [Times: user=0.01 sys=0.00, real=0.00 secs] 
2016-08-24T16:26:04.867+0000: 8283.788: Total time for which application threads were stopped: 0.0068380 seconds, Stopping threads took: 0.0000971 seconds
2016-08-24T16:26:04.906+0000: 8283.828: [GC (Allocation Failure) 8283.828: [ParNew
Desired survivor size 8716288 bytes, new threshold 6 (max 6)
- age   1:      74496 bytes,      74496 total
- age   2:       9872 bytes,      84368 total
- age   4:       1000 bytes,      85368 total
- age   6:       1064 bytes,      86432 total
: 136692K->142K(153344K), 0.0056374 secs] 289244K->152807K(1031552K), 0.0057372 secs] [Times: user=0.01 sys=0.00, real=0.01 secs] 
2016-08-24T16:26:04.912+0000: 8283.834: Total time for which application threads were stopped: 0.0065646 seconds, Stopping threads took: 0.0000985 seconds
2016-08-24T16:26:04.952+0000: 8283.874: [GC (Allocation Failure) 8283.874: [ParNew
Desired survivor size 8716288 bytes, new threshold 6 (max 6)
- age   1:      77832 bytes,      77832 total
- age   3:       1000 bytes,      78832 total
- age   5:        968 bytes,      79800 total
: 136462K->105K(153344K), 0.0052305 secs] 289127K->152770K(1031552K), 0.0053503 secs] [Times: user=0.01 sys=0.00, real=0.00 secs] 
2016-08-24T16:26:04.958+0000: 8283.879: Total time for which application threads were stopped: 0.0062121 seconds, Stopping threads took: 0.0000967 seconds
2016-08-24T16:26:04.998+0000: 8283.919: [GC (Allocation Failure) 8283.919: [ParNew
Desired survivor size 8716288 bytes, new threshold 6 (max 6)
- age   1:      68504 bytes,      68504 total
- age   2:      13832 bytes,      82336 total
- age   4:       1000 bytes,      83336 total
- age   6:        968 bytes,      84304 total
: 136425K->98K(153344K), 0.0048336 secs] 289090K->152763K(1031552K), 0.0049331 secs] [Times: user=0.01 sys=0.00, real=0.01 secs] 
2016-08-24T16:26:05.003+0000: 8283.924: Total time for which application threads were stopped: 0.0057425 seconds, Stopping threads took: 0.0001068 seconds
2016-08-24T16:26:05.042+0000: 8283.963: [GC (Allocation Failure) 8283.964: [ParNew
Desired survivor size 8716288 bytes, new threshold 6 (max 6)
- age   1:      76136 bytes,      76136 total
- age   3:       1000 bytes,      77136 total
- age   5:        968 bytes,      78104 total
: 136418K->103K(153344K), 0.0048337 secs] 289083K->152769K(1031552K), 0.0049347 secs] [Times: user=0.01 sys=0.00, real=0.00 secs] 
2016-08-24T16:26:05.047+0000: 8283.969: Total time for which application threads were stopped: 0.0057648 seconds, Stopping threads took: 0.0000996 seconds
2016-08-24T16:26:05.085+0000: 8284.007: [GC (Allocation Failure) 8284.007: [ParNew
Desired survivor size 8716288 bytes, new threshold 6 (max 6)
- age   1:      82328 bytes,      82328 total
- age   2:      15440 bytes,      97768 total
- age   4:       1000 bytes,      98768 total
- age   6:        968 bytes,      99736 total
: 136423K->121K(153344K), 0.0050662 secs] 289089K->152788K(1031552K), 0.0051758 secs] [Times: user=0.01 sys=0.00, real=0.01 secs] 
2016-08-24T16:26:05.090+0000: 8284.012: Total time for which application threads were stopped: 0.0059613 seconds, Stopping threads took: 0.0001011 seconds
2016-08-24T16:26:14.383+0000: 8293.304: [GC (Allocation Failure) 8293.304: [ParNew
Desired survivor size 8716288 bytes, new threshold 6 (max 6)
- age   1:     995256 bytes,     995256 total
- age   3:        968 bytes,     996224 total
- age   5:        968 bytes,     997192 total
: 136441K->995K(153344K), 0.0073254 secs] 289108K->153662K(1031552K), 0.0074458 secs] [Times: user=0.01 sys=0.01, real=0.01 secs] 
2016-08-24T16:26:14.390+0000: 8293.312: Total time for which application threads were stopped: 0.0083041 seconds, Stopping threads took: 0.0000988 seconds
2016-08-24T16:26:14.431+0000: 8293.352: [GC (Allocation Failure) 8293.352: [ParNew
Desired survivor size 8716288 bytes, new threshold 6 (max 6)
- age   1:      63264 bytes,      63264 total
- age   2:     253512 bytes,     316776 total
- age   4:        968 bytes,     317744 total
- age   6:        968 bytes,     318712 total
: 137315K->468K(153344K), 0.0053871 secs] 289982K->153135K(1031552K), 0.0055129 secs] [Times: user=0.01 sys=0.00, real=0.00 secs] 
2016-08-24T16:26:14.436+0000: 8293.358: Total time for which application threads were stopped: 0.0063727 seconds, Stopping threads took: 0.0001037 seconds
2016-08-24T16:26:14.476+0000: 8293.397: [GC (Allocation Failure) 8293.398: [ParNew
Desired survivor size 8716288 bytes, new threshold 6 (max 6)
- age   1:      71016 bytes,      71016 total
- age   2:         96 bytes,      71112 total
- age   3:     236944 bytes,     308056 total
- age   5:        968 bytes,     309024 total
: 136788K->444K(153344K), 0.0053947 secs] 289455K->153112K(1031552K), 0.0055037 secs] [Times: user=0.01 sys=0.00, real=0.01 secs] 
2016-08-24T16:26:14.482+0000: 8293.403: Total time for which application threads were stopped: 0.0063495 seconds, Stopping threads took: 0.0001028 seconds
2016-08-24T16:26:14.522+0000: 8293.444: [GC (Allocation Failure) 8293.444: [ParNew
Desired survivor size 8716288 bytes, new threshold 6 (max 6)
- age   1:      70232 bytes,      70232 total
- age   2:      18712 bytes,      88944 total
- age   3:         96 bytes,      89040 total
- age   4:     236376 bytes,     325416 total
- age   6:        968 bytes,     326384 total
: 136764K->415K(153344K), 0.0054179 secs] 289432K->153083K(1031552K), 0.0055224 secs] [Times: user=0.01 sys=0.00, real=0.00 secs] 
2016-08-24T16:26:14.528+0000: 8293.449: Total time for which application threads were stopped: 0.0063526 seconds, Stopping threads took: 0.0001002 seconds
2016-08-24T16:26:14.567+0000: 8293.489: [GC (Allocation Failure) 8293.489: [ParNew
Desired survivor size 8716288 bytes, new threshold 6 (max 6)
- age   1:      80904 bytes,      80904 total
- age   2:        248 bytes,      81152 total
- age   3:       1096 bytes,      82248 total
- age   4:         96 bytes,      82344 total
- age   5:     234528 bytes,     316872 total
: 136735K->466K(153344K), 0.0054647 secs] 289403K->153135K(1031552K), 0.0055800 secs] [Times: user=0.01 sys=0.00, real=0.01 secs] 
2016-08-24T16:26:14.573+0000: 8293.494: Total time for which application threads were stopped: 0.0064137 seconds, Stopping threads took: 0.0000962 seconds
2016-08-24T16:26:14.616+0000: 8293.538: [GC (Allocation Failure) 8293.538: [ParNew
Desired survivor size 8716288 bytes, new threshold 6 (max 6)
- age   1:      72952 bytes,      72952 total
- age   2:       1000 bytes,      73952 total
- age   3:        248 bytes,      74200 total
- age   4:       1064 bytes,      75264 total
- age   5:         96 bytes,      75360 total
- age   6:     232712 bytes,     308072 total
: 136786K->433K(153344K), 0.0056935 secs] 289455K->153102K(1031552K), 0.0057826 secs] [Times: user=0.01 sys=0.00, real=0.01 secs] 
2016-08-24T16:26:14.622+0000: 8293.544: Total time for which application threads were stopped: 0.0065942 seconds, Stopping threads took: 0.0000944 seconds
2016-08-24T16:26:14.662+0000: 8293.584: [GC (Allocation Failure) 8293.584: [ParNew
Desired survivor size 8716288 bytes, new threshold 6 (max 6)
- age   1:      73056 bytes,      73056 total
- age   2:       4104 bytes,      77160 total
- age   3:       1000 bytes,      78160 total
- age   4:        248 bytes,      78408 total
- age   5:       1064 bytes,      79472 total
- age   6:         96 bytes,      79568 total
: 136753K->298K(153344K), 0.0065145 secs] 289422K->153198K(1031552K), 0.0066303 secs] [Times: user=0.01 sys=0.00, real=0.01 secs] 
2016-08-24T16:26:14.669+0000: 8293.590: Total time for which application threads were stopped: 0.0074904 seconds, Stopping threads took: 0.0000990 seconds
2016-08-24T16:26:14.710+0000: 8293.632: [GC (Allocation Failure) 8293.632: [ParNew
Desired survivor size 8716288 bytes, new threshold 6 (max 6)
- age   1:      56704 bytes,      56704 total
- age   3:       1000 bytes,      57704 total
- age   4:        968 bytes,      58672 total
- age   5:        248 bytes,      58920 total
- age   6:       1064 bytes,      59984 total
: 136618K->106K(153344K), 0.0056180 secs] 289518K->153007K(1031552K), 0.0057563 secs] [Times: user=0.02 sys=0.00, real=0.00 secs] 
2016-08-24T16:26:14.716+0000: 8293.638: Total time for which application threads were stopped: 0.0066130 seconds, Stopping threads took: 0.0001003 seconds
2016-08-24T16:26:14.754+0000: 8293.676: [GC (Allocation Failure) 8293.676: [ParNew
Desired survivor size 8716288 bytes, new threshold 6 (max 6)
- age   1:      64008 bytes,      64008 total
- age   2:       6240 bytes,      70248 total
- age   4:       1000 bytes,      71248 total
- age   5:        968 bytes,      72216 total
- age   6:        248 bytes,      72464 total
: 136426K->85K(153344K), 0.0061627 secs] 289327K->152987K(1031552K), 0.0062823 secs] [Times: user=0.02 sys=0.00, real=0.01 secs] 
2016-08-24T16:26:14.761+0000: 8293.682: Total time for which application threads were stopped: 0.0071439 seconds, Stopping threads took: 0.0000981 seconds
2016-08-24T16:26:14.804+0000: 8293.725: [GC (Allocation Failure) 8293.726: [ParNew
Desired survivor size 8716288 bytes, new threshold 6 (max 6)
- age   1:      72728 bytes,      72728 total
- age   3:       1000 bytes,      73728 total
- age   5:        968 bytes,      74696 total
- age   6:        968 bytes,      75664 total
: 136405K->99K(153344K), 0.0064918 secs] 289307K->153002K(1031552K), 0.0066111 secs] [Times: user=0.01 sys=0.00, real=0.01 secs] 
2016-08-24T16:26:14.811+0000: 8293.732: Total time for which application threads were stopped: 0.0074527 seconds, Stopping threads took: 0.0000831 seconds
2016-08-24T16:26:14.852+0000: 8293.773: [GC (Allocation Failure) 8293.774: [ParNew
Desired survivor size 8716288 bytes, new threshold 6 (max 6)
- age   1:      66192 bytes,      66192 total
- age   2:       9608 bytes,      75800 total
- age   4:       1000 bytes,      76800 total
- age   6:        968 bytes,      77768 total
: 136419K->108K(153344K), 0.0061745 secs] 289322K->153011K(1031552K), 0.0062690 secs] [Times: user=0.02 sys=0.00, real=0.00 secs] 
2016-08-24T16:26:14.858+0000: 8293.780: Total time for which application threads were stopped: 0.0070890 seconds, Stopping threads took: 0.0001030 seconds
2016-08-24T16:26:24.365+0000: 8303.286: [GC (Allocation Failure) 8303.286: [ParNew
Desired survivor size 8716288 bytes, new threshold 6 (max 6)
- age   1:    1244080 bytes,    1244080 total
- age   3:        968 bytes,    1245048 total
- age   5:        968 bytes,    1246016 total
: 136428K->1230K(153344K), 0.0097001 secs] 289331K->154134K(1031552K), 0.0098692 secs] [Times: user=0.01 sys=0.00, real=0.01 secs] 
2016-08-24T16:26:24.375+0000: 8303.296: Total time for which application threads were stopped: 0.0145683 seconds, Stopping threads took: 0.0000965 seconds
2016-08-24T16:26:24.415+0000: 8303.337: [GC (Allocation Failure) 8303.337: [ParNew
Desired survivor size 8716288 bytes, new threshold 6 (max 6)
- age   1:      68592 bytes,      68592 total
- age   2:     297152 bytes,     365744 total
- age   4:        968 bytes,     366712 total
- age   6:        968 bytes,     367680 total
: 137550K->443K(153344K), 0.0063192 secs] 290454K->153347K(1031552K), 0.0064547 secs] [Times: user=0.01 sys=0.00, real=0.01 secs] 
2016-08-24T16:26:24.422+0000: 8303.343: Total time for which application threads were stopped: 0.0073638 seconds, Stopping threads took: 0.0001261 seconds
2016-08-24T16:26:24.463+0000: 8303.385: [GC (Allocation Failure) 8303.385: [ParNew
Desired survivor size 8716288 bytes, new threshold 6 (max 6)
- age   1:      76656 bytes,      76656 total
- age   2:        192 bytes,      76848 total
- age   3:     287136 bytes,     363984 total
- age   5:        968 bytes,     364952 total
: 136763K->492K(153344K), 0.0057605 secs] 289667K->153397K(1031552K), 0.0058901 secs] [Times: user=0.01 sys=0.00, real=0.01 secs] 
2016-08-24T16:26:24.469+0000: 8303.391: Total time for which application threads were stopped: 0.0068019 seconds, Stopping threads took: 0.0001253 seconds
2016-08-24T16:26:24.509+0000: 8303.431: [GC (Allocation Failure) 8303.431: [ParNew
Desired survivor size 8716288 bytes, new threshold 6 (max 6)
- age   1:      76776 bytes,      76776 total
- age   2:      11936 bytes,      88712 total
- age   3:        192 bytes,      88904 total
- age   4:     287136 bytes,     376040 total
- age   6:        968 bytes,     377008 total
: 136812K->492K(153344K), 0.0058300 secs] 289717K->153397K(1031552K), 0.0059661 secs] [Times: user=0.02 sys=0.00, real=0.00 secs] 
2016-08-24T16:26:24.515+0000: 8303.437: Total time for which application threads were stopped: 0.0068463 seconds, Stopping threads took: 0.0001265 seconds
2016-08-24T16:26:24.557+0000: 8303.478: [GC (Allocation Failure) 8303.478: [ParNew
Desired survivor size 8716288 bytes, new threshold 6 (max 6)
- age   1:      65136 bytes,      65136 total
- age   3:       1096 bytes,      66232 total
- age   4:        192 bytes,      66424 total
- age   5:     285288 bytes,     351712 total
: 136812K->521K(153344K), 0.0062718 secs] 289717K->153427K(1031552K), 0.0064164 secs] [Times: user=0.01 sys=0.00, real=0.01 secs] 
2016-08-24T16:26:24.563+0000: 8303.485: Total time for which application threads were stopped: 0.0074926 seconds, Stopping threads took: 0.0001227 seconds
2016-08-24T16:26:24.604+0000: 8303.525: [GC (Allocation Failure) 8303.526: [ParNew
Desired survivor size 8716288 bytes, new threshold 6 (max 6)
- age   1:      64936 bytes,      64936 total
- age   2:      14464 bytes,      79400 total
- age   4:       1096 bytes,      80496 total
- age   5:        192 bytes,      80688 total
- age   6:     285288 bytes,     365976 total
: 136841K->501K(153344K), 0.0075954 secs] 289747K->153407K(1031552K), 0.0077599 secs] [Times: user=0.02 sys=0.00, real=0.01 secs] 
2016-08-24T16:26:24.612+0000: 8303.533: Total time for which application threads were stopped: 0.0088711 seconds, Stopping threads took: 0.0001109 seconds
2016-08-24T16:26:24.656+0000: 8303.578: [GC (Allocation Failure) 8303.578: [ParNew
Desired survivor size 8716288 bytes, new threshold 6 (max 6)
- age   1:      68312 bytes,      68312 total
- age   3:       1000 bytes,      69312 total
- age   5:       1064 bytes,      70376 total
- age   6:        192 bytes,      70568 total
: 136821K->355K(153344K), 0.0069859 secs] 289727K->153544K(1031552K), 0.0071474 secs] [Times: user=0.01 sys=0.00, real=0.01 secs] 
2016-08-24T16:26:24.664+0000: 8303.585: Total time for which application threads were stopped: 0.0081348 seconds, Stopping threads took: 0.0001308 seconds
2016-08-24T16:26:24.704+0000: 8303.626: [GC (Allocation Failure) 8303.626: [ParNew
Desired survivor size 8716288 bytes, new threshold 6 (max 6)
- age   1:      71352 bytes,      71352 total
- age   2:      17560 bytes,      88912 total
- age   4:       1000 bytes,      89912 total
- age   6:       1064 bytes,      90976 total
: 136675K->121K(153344K), 0.0066466 secs] 289864K->153310K(1031552K), 0.0067879 secs] [Times: user=0.01 sys=0.00, real=0.01 secs] 
2016-08-24T16:26:24.711+0000: 8303.633: Total time for which application threads were stopped: 0.0078945 seconds, Stopping threads took: 0.0001148 seconds
2016-08-24T16:26:24.752+0000: 8303.674: [GC (Allocation Failure) 8303.674: [ParNew
Desired survivor size 8716288 bytes, new threshold 6 (max 6)
- age   1:      89080 bytes,      89080 total
- age   3:       1000 bytes,      90080 total
- age   5:        968 bytes,      91048 total
: 136441K->101K(153344K), 0.0059337 secs] 289630K->153291K(1031552K), 0.0060520 secs] [Times: user=0.01 sys=0.00, real=0.00 secs] 
2016-08-24T16:26:24.759+0000: 8303.680: Total time for which application threads were stopped: 0.0069771 seconds, Stopping threads took: 0.0001025 seconds
2016-08-24T16:26:24.799+0000: 8303.720: [GC (Allocation Failure) 8303.720: [ParNew
Desired survivor size 8716288 bytes, new threshold 6 (max 6)
- age   1:      83120 bytes,      83120 total
- age   2:      26248 bytes,     109368 total
- age   4:       1000 bytes,     110368 total
- age   6:        968 bytes,     111336 total
: 136421K->143K(153344K), 0.0056179 secs] 289611K->153333K(1031552K), 0.0057148 secs] [Times: user=0.01 sys=0.00, real=0.01 secs] 
2016-08-24T16:26:24.805+0000: 8303.726: Total time for which application threads were stopped: 0.0065365 seconds, Stopping threads took: 0.0000997 seconds
2016-08-24T16:26:24.846+0000: 8303.768: [GC (Allocation Failure) 8303.768: [ParNew
Desired survivor size 8716288 bytes, new threshold 6 (max 6)
- age   1:      72912 bytes,      72912 total
- age   3:       6656 bytes,      79568 total
- age   5:        968 bytes,      80536 total
: 136463K->138K(153344K), 0.0055267 secs] 289653K->153329K(1031552K), 0.0056174 secs] [Times: user=0.01 sys=0.00, real=0.01 secs] 
2016-08-24T16:26:24.852+0000: 8303.774: Total time for which application threads were stopped: 0.0064501 seconds, Stopping threads took: 0.0001026 seconds
2016-08-24T16:26:31.487+0000: 8310.408: [GC (Allocation Failure) 8310.408: [ParNew
Desired survivor size 8716288 bytes, new threshold 6 (max 6)
- age   1:     662656 bytes,     662656 total
- age   2:        968 bytes,     663624 total
- age   4:       5080 bytes,     668704 total
- age   6:        968 bytes,     669672 total
: 136458K->671K(153344K), 0.0132271 secs] 289649K->153862K(1031552K), 0.0135028 secs] [Times: user=0.03 sys=0.00, real=0.02 secs] 
2016-08-24T16:26:31.500+0000: 8310.422: Total time for which application threads were stopped: 0.0154806 seconds, Stopping threads took: 0.0002233 seconds
2016-08-24T16:26:34.432+0000: 8313.354: [GC (Allocation Failure) 8313.354: [ParNew
Desired survivor size 8716288 bytes, new threshold 6 (max 6)
- age   1:     375840 bytes,     375840 total
- age   2:     108968 bytes,     484808 total
- age   3:        968 bytes,     485776 total
- age   5:       1416 bytes,     487192 total
: 136991K->561K(153344K), 0.0063407 secs] 290182K->153753K(1031552K), 0.0064496 secs] [Times: user=0.01 sys=0.00, real=0.00 secs] 
2016-08-24T16:26:34.439+0000: 8313.360: Total time for which application threads were stopped: 0.0073091 seconds, Stopping threads took: 0.0001127 seconds
2016-08-24T16:26:34.478+0000: 8313.400: [GC (Allocation Failure) 8313.400: [ParNew
Desired survivor size 8716288 bytes, new threshold 6 (max 6)
- age   1:      54408 bytes,      54408 total
- age   2:     107840 bytes,     162248 total
- age   3:     101360 bytes,     263608 total
- age   4:        968 bytes,     264576 total
- age   6:       1416 bytes,     265992 total
: 136881K->355K(153344K), 0.0055768 secs] 290073K->153547K(1031552K), 0.0056831 secs] [Times: user=0.01 sys=0.00, real=0.01 secs] 
2016-08-24T16:26:34.484+0000: 8313.406: Total time for which application threads were stopped: 0.0064977 seconds, Stopping threads took: 0.0000946 seconds
2016-08-24T16:26:34.522+0000: 8313.444: [GC (Allocation Failure) 8313.444: [ParNew
Desired survivor size 8716288 bytes, new threshold 6 (max 6)
- age   1:      81664 bytes,      81664 total
- age   2:       4752 bytes,      86416 total
- age   3:     107480 bytes,     193896 total
- age   4:     101288 bytes,     295184 total
- age   5:        968 bytes,     296152 total
: 136675K->365K(153344K), 0.0056382 secs] 289867K->153559K(1031552K), 0.0057380 secs] [Times: user=0.01 sys=0.00, real=0.01 secs] 
2016-08-24T16:26:34.528+0000: 8313.450: Total time for which application threads were stopped: 0.0065415 seconds, Stopping threads took: 0.0000961 seconds
2016-08-24T16:26:34.568+0000: 8313.490: [GC (Allocation Failure) 8313.490: [ParNew
Desired survivor size 8716288 bytes, new threshold 6 (max 6)
- age   1:      50912 bytes,      50912 total
- age   2:        248 bytes,      51160 total
- age   3:       1120 bytes,      52280 total
- age   4:     105632 bytes,     157912 total
- age   5:     101288 bytes,     259200 total
- age   6:        968 bytes,     260168 total
: 136685K->405K(153344K), 0.0056000 secs] 289879K->153598K(1031552K), 0.0057096 secs] [Times: user=0.01 sys=0.00, real=0.00 secs] 
2016-08-24T16:26:34.574+0000: 8313.496: Total time for which application threads were stopped: 0.0065630 seconds, Stopping threads took: 0.0000987 seconds
2016-08-24T16:26:34.614+0000: 8313.536: [GC (Allocation Failure) 8313.536: [ParNew
Desired survivor size 8716288 bytes, new threshold 6 (max 6)
- age   1:      77168 bytes,      77168 total
- age   2:       7832 bytes,      85000 total
- age   3:        248 bytes,      85248 total
- age   4:       1120 bytes,      86368 total
- age   5:     105632 bytes,     192000 total
- age   6:     101288 bytes,     293288 total
: 136725K->322K(153344K), 0.0057830 secs] 289918K->153517K(1031552K), 0.0059069 secs] [Times: user=0.01 sys=0.00, real=0.01 secs] 
2016-08-24T16:26:34.620+0000: 8313.542: Total time for which application threads were stopped: 0.0067592 seconds, Stopping threads took: 0.0001016 seconds
2016-08-24T16:26:34.660+0000: 8313.581: [GC (Allocation Failure) 8313.581: [ParNew
Desired survivor size 8716288 bytes, new threshold 6 (max 6)
- age   1:      54952 bytes,      54952 total
- age   3:       1000 bytes,      55952 total
- age   4:        248 bytes,      56200 total
- age   5:       1088 bytes,      57288 total
- age   6:     103816 bytes,     161104 total
: 136642K->258K(153344K), 0.0057839 secs] 289837K->153553K(1031552K), 0.0058864 secs] [Times: user=0.01 sys=0.00, real=0.01 secs] 
2016-08-24T16:26:34.666+0000: 8313.587: Total time for which application threads were stopped: 0.0067195 seconds, Stopping threads took: 0.0001001 seconds
2016-08-24T16:26:34.706+0000: 8313.627: [GC (Allocation Failure) 8313.627: [ParNew
Desired survivor size 8716288 bytes, new threshold 6 (max 6)
- age   1:      89488 bytes,      89488 total
- age   2:      10864 bytes,     100352 total
- age   4:       1000 bytes,     101352 total
- age   5:        248 bytes,     101600 total
- age   6:       1088 bytes,     102688 total
: 136578K->189K(153344K), 0.0057115 secs] 289873K->153588K(1031552K), 0.0058131 secs] [Times: user=0.01 sys=0.00, real=0.01 secs] 
2016-08-24T16:26:34.712+0000: 8313.633: Total time for which application threads were stopped: 0.0066295 seconds, Stopping threads took: 0.0001024 seconds
2016-08-24T16:26:34.752+0000: 8313.673: [GC (Allocation Failure) 8313.673: [ParNew
Desired survivor size 8716288 bytes, new threshold 6 (max 6)
- age   1:      63656 bytes,      63656 total
- age   3:       1000 bytes,      64656 total
- age   5:        968 bytes,      65624 total
- age   6:        176 bytes,      65800 total
: 136509K->86K(153344K), 0.0050973 secs] 289908K->153486K(1031552K), 0.0052080 secs] [Times: user=0.01 sys=0.00, real=0.00 secs] 
2016-08-24T16:26:34.757+0000: 8313.679: Total time for which application threads were stopped: 0.0060041 seconds, Stopping threads took: 0.0000980 seconds
2016-08-24T16:26:34.795+0000: 8313.716: [GC (Allocation Failure) 8313.716: [ParNew
Desired survivor size 8716288 bytes, new threshold 6 (max 6)
- age   1:      70560 bytes,      70560 total
- age   2:      14336 bytes,      84896 total
- age   4:       1000 bytes,      85896 total
- age   6:        968 bytes,      86864 total
: 136406K->102K(153344K), 0.0049247 secs] 289806K->153502K(1031552K), 0.0050270 secs] [Times: user=0.01 sys=0.00, real=0.00 secs] 
2016-08-24T16:26:34.800+0000: 8313.721: Total time for which application threads were stopped: 0.0058482 seconds, Stopping threads took: 0.0000910 seconds
2016-08-24T16:26:34.842+0000: 8313.764: [GC (Allocation Failure) 8313.764: [ParNew
Desired survivor size 8716288 bytes, new threshold 6 (max 6)
- age   1:      68536 bytes,      68536 total
- age   3:       1248 bytes,      69784 total
- age   5:        968 bytes,      70752 total
: 136422K->98K(153344K), 0.0049528 secs] 289822K->153499K(1031552K), 0.0050500 secs] [Times: user=0.01 sys=0.00, real=0.00 secs] 
2016-08-24T16:26:34.847+0000: 8313.769: Total time for which application threads were stopped: 0.0058097 seconds, Stopping threads took: 0.0000839 seconds
2016-08-24T16:26:34.887+0000: 8313.809: [GC (Allocation Failure) 8313.809: [ParNew
Desired survivor size 8716288 bytes, new threshold 6 (max 6)
- age   1:      72368 bytes,      72368 total
- age   2:      17000 bytes,      89368 total
- age   4:       1248 bytes,      90616 total
- age   6:        968 bytes,      91584 total
: 136418K->95K(153344K), 0.0049935 secs] 289819K->153496K(1031552K), 0.0051157 secs] [Times: user=0.01 sys=0.00, real=0.01 secs] 
2016-08-24T16:26:34.892+0000: 8313.814: Total time for which application threads were stopped: 0.0059213 seconds, Stopping threads took: 0.0000949 seconds
2016-08-24T16:26:35.894+0000: 8314.816: Total time for which application threads were stopped: 0.0018152 seconds, Stopping threads took: 0.0002590 seconds
2016-08-24T16:26:44.892+0000: 8323.814: [GC (Allocation Failure) 8323.814: [ParNew
Desired survivor size 8716288 bytes, new threshold 6 (max 6)
- age   1:    1075048 bytes,    1075048 total
- age   3:        968 bytes,    1076016 total
- age   5:       1120 bytes,    1077136 total
: 136415K->1075K(153344K), 0.0083899 secs] 289816K->154477K(1031552K), 0.0085144 secs] [Times: user=0.01 sys=0.00, real=0.01 secs] 
2016-08-24T16:26:44.901+0000: 8323.823: Total time for which application threads were stopped: 0.0093494 seconds, Stopping threads took: 0.0000869 seconds
2016-08-24T16:26:44.939+0000: 8323.860: [GC (Allocation Failure) 8323.860: [ParNew
Desired survivor size 8716288 bytes, new threshold 6 (max 6)
- age   1:      66072 bytes,      66072 total
- age   2:     310600 bytes,     376672 total
- age   4:        968 bytes,     377640 total
- age   6:       1120 bytes,     378760 total
: 137395K->424K(153344K), 0.0064162 secs] 290797K->153826K(1031552K), 0.0065173 secs] [Times: user=0.01 sys=0.00, real=0.01 secs] 
2016-08-24T16:26:44.945+0000: 8323.867: Total time for which application threads were stopped: 0.0072765 seconds, Stopping threads took: 0.0000876 seconds
2016-08-24T16:26:44.984+0000: 8323.906: [GC (Allocation Failure) 8323.906: [ParNew
Desired survivor size 8716288 bytes, new threshold 6 (max 6)
- age   1:      63272 bytes,      63272 total
- age   2:         72 bytes,      63344 total
- age   3:     294032 bytes,     357376 total
- age   5:        968 bytes,     358344 total
: 136744K->510K(153344K), 0.0056424 secs] 290146K->153913K(1031552K), 0.0057453 secs] [Times: user=0.01 sys=0.00, real=0.01 secs] 
2016-08-24T16:26:44.990+0000: 8323.912: Total time for which application threads were stopped: 0.0066051 seconds, Stopping threads took: 0.0000996 seconds
2016-08-24T16:26:45.030+0000: 8323.952: [GC (Allocation Failure) 8323.952: [ParNew
Desired survivor size 8716288 bytes, new threshold 6 (max 6)
- age   1:      64560 bytes,      64560 total
- age   2:      18888 bytes,      83448 total
- age   3:         72 bytes,      83520 total
- age   4:     294032 bytes,     377552 total
- age   6:        968 bytes,     378520 total
: 136830K->507K(153344K), 0.0059926 secs] 290233K->153910K(1031552K), 0.0061095 secs] [Times: user=0.01 sys=0.00, real=0.00 secs] 
2016-08-24T16:26:45.036+0000: 8323.958: Total time for which application threads were stopped: 0.0069673 seconds, Stopping threads took: 0.0000989 seconds
2016-08-24T16:26:45.078+0000: 8324.000: [GC (Allocation Failure) 8324.000: [ParNew
Desired survivor size 8716288 bytes, new threshold 6 (max 6)
- age   1:      85568 bytes,      85568 total
- age   3:       1096 bytes,      86664 total
- age   4:         72 bytes,      86736 total
- age   5:     292184 bytes,     378920 total
: 136827K->532K(153344K), 0.0058063 secs] 290230K->153936K(1031552K), 0.0058976 secs] [Times: user=0.01 sys=0.00, real=0.01 secs] 
2016-08-24T16:26:45.084+0000: 8324.006: Total time for which application threads were stopped: 0.0067230 seconds, Stopping threads took: 0.0001017 seconds
2016-08-24T16:26:45.124+0000: 8324.045: [GC (Allocation Failure) 8324.045: [ParNew
Desired survivor size 8716288 bytes, new threshold 6 (max 6)
- age   1:      59272 bytes,      59272 total
- age   2:       1000 bytes,      60272 total
- age   4:       1064 bytes,      61336 total
- age   5:         72 bytes,      61408 total
- age   6:     290368 bytes,     351776 total
: 136852K->537K(153344K), 0.0055851 secs] 290256K->153941K(1031552K), 0.0056982 secs] [Times: user=0.01 sys=0.00, real=0.01 secs] 
2016-08-24T16:26:45.130+0000: 8324.051: Total time for which application threads were stopped: 0.0065151 seconds, Stopping threads took: 0.0000921 seconds
2016-08-24T16:26:45.168+0000: 8324.089: [GC (Allocation Failure) 8324.089: [ParNew
Desired survivor size 8716288 bytes, new threshold 6 (max 6)
- age   1:      63808 bytes,      63808 total
- age   2:       4360 bytes,      68168 total
- age   3:       1000 bytes,      69168 total
- age   5:       1064 bytes,      70232 total
- age   6:         72 bytes,      70304 total
: 136857K->347K(153344K), 0.0064433 secs] 290261K->154041K(1031552K), 0.0065628 secs] [Times: user=0.01 sys=0.00, real=0.01 secs] 
2016-08-24T16:26:45.175+0000: 8324.096: Total time for which application threads were stopped: 0.0074612 seconds, Stopping threads took: 0.0001179 seconds
2016-08-24T16:26:45.214+0000: 8324.136: [GC (Allocation Failure) 8324.136: [ParNew
Desired survivor size 8716288 bytes, new threshold 6 (max 6)
- age   1:      51264 bytes,      51264 total
- age   3:       1000 bytes,      52264 total
- age   4:        968 bytes,      53232 total
- age   6:       1064 bytes,      54296 total
: 136667K->117K(153344K), 0.0053896 secs] 290361K->153811K(1031552K), 0.0054752 secs] [Times: user=0.01 sys=0.00, real=0.00 secs] 
2016-08-24T16:26:45.220+0000: 8324.141: Total time for which application threads were stopped: 0.0062553 seconds, Stopping threads took: 0.0000872 seconds
2016-08-24T16:26:45.260+0000: 8324.181: [GC (Allocation Failure) 8324.181: [ParNew
Desired survivor size 8716288 bytes, new threshold 6 (max 6)
- age   1:      68408 bytes,      68408 total
- age   2:       7272 bytes,      75680 total
- age   4:       1000 bytes,      76680 total
- age   5:        968 bytes,      77648 total
: 136437K->86K(153344K), 0.0057381 secs] 290131K->153781K(1031552K), 0.0058555 secs] [Times: user=0.01 sys=0.00, real=0.01 secs] 
2016-08-24T16:26:45.266+0000: 8324.187: Total time for which application threads were stopped: 0.0067203 seconds, Stopping threads took: 0.0001043 seconds
2016-08-24T16:26:45.306+0000: 8324.227: [GC (Allocation Failure) 8324.227: [ParNew
Desired survivor size 8716288 bytes, new threshold 6 (max 6)
- age   1:      76824 bytes,      76824 total
- age   3:       1000 bytes,      77824 total
- age   5:        968 bytes,      78792 total
- age   6:        968 bytes,      79760 total
: 136406K->91K(153344K), 0.0055650 secs] 290101K->153786K(1031552K), 0.0056514 secs] [Times: user=0.02 sys=0.00, real=0.01 secs] 
2016-08-24T16:26:45.311+0000: 8324.233: Total time for which application threads were stopped: 0.0064552 seconds, Stopping threads took: 0.0001005 seconds
2016-08-24T16:26:45.351+0000: 8324.273: [GC (Allocation Failure) 8324.273: [ParNew
Desired survivor size 8716288 bytes, new threshold 6 (max 6)
- age   1:      82120 bytes,      82120 total
- age   2:       9872 bytes,      91992 total
- age   4:       1000 bytes,      92992 total
- age   6:        968 bytes,      93960 total
: 136411K->118K(153344K), 0.0057974 secs] 290106K->153814K(1031552K), 0.0059114 secs] [Times: user=0.01 sys=0.00, real=0.00 secs] 
2016-08-24T16:26:45.357+0000: 8324.279: Total time for which application threads were stopped: 0.0067556 seconds, Stopping threads took: 0.0001016 seconds
2016-08-24T16:26:52.656+0000: 8331.577: Total time for which application threads were stopped: 0.0007785 seconds, Stopping threads took: 0.0001022 seconds
2016-08-24T16:26:52.657+0000: 8331.578: Total time for which application threads were stopped: 0.0010239 seconds, Stopping threads took: 0.0001155 seconds
2016-08-24T16:26:52.657+0000: 8331.579: Total time for which application threads were stopped: 0.0005490 seconds, Stopping threads took: 0.0000681 seconds
2016-08-24T16:26:52.907+0000: 8331.828: Total time for which application threads were stopped: 0.0006400 seconds, Stopping threads took: 0.0000929 seconds
2016-08-24T16:26:52.907+0000: 8331.829: Total time for which application threads were stopped: 0.0003017 seconds, Stopping threads took: 0.0000229 seconds
2016-08-24T16:26:52.908+0000: 8331.829: Total time for which application threads were stopped: 0.0002960 seconds, Stopping threads took: 0.0000395 seconds
2016-08-24T16:26:54.264+0000: 8333.186: [GC (Allocation Failure) 8333.186: [ParNew
Desired survivor size 8716288 bytes, new threshold 6 (max 6)
- age   1:    1099648 bytes,    1099648 total
- age   3:        968 bytes,    1100616 total
- age   5:        968 bytes,    1101584 total
: 136438K->1086K(153344K), 0.0076794 secs] 290134K->154783K(1031552K), 0.0078267 secs] [Times: user=0.01 sys=0.00, real=0.01 secs] 
2016-08-24T16:26:54.273+0000: 8333.194: Total time for which application threads were stopped: 0.0089467 seconds, Stopping threads took: 0.0001271 seconds
2016-08-24T16:26:54.312+0000: 8333.233: [GC (Allocation Failure) 8333.233: [ParNew
Desired survivor size 8716288 bytes, new threshold 6 (max 6)
- age   1:      75952 bytes,      75952 total
- age   2:     315296 bytes,     391248 total
- age   4:        968 bytes,     392216 total
- age   6:        968 bytes,     393184 total
: 137406K->564K(153344K), 0.0060161 secs] 291103K->154261K(1031552K), 0.0061423 secs] [Times: user=0.02 sys=0.00, real=0.00 secs] 
2016-08-24T16:26:54.318+0000: 8333.240: Total time for which application threads were stopped: 0.0070854 seconds, Stopping threads took: 0.0001478 seconds
2016-08-24T16:26:54.361+0000: 8333.283: [GC (Allocation Failure) 8333.283: [ParNew
Desired survivor size 8716288 bytes, new threshold 6 (max 6)
- age   1:      68960 bytes,      68960 total
- age   2:        304 bytes,      69264 total
- age   3:     304928 bytes,     374192 total
- age   5:        968 bytes,     375160 total
: 136884K->529K(153344K), 0.0057332 secs] 290581K->154227K(1031552K), 0.0058714 secs] [Times: user=0.01 sys=0.00, real=0.00 secs] 
2016-08-24T16:26:54.367+0000: 8333.289: Total time for which application threads were stopped: 0.0081479 seconds, Stopping threads took: 0.0005026 seconds
2016-08-24T16:26:54.407+0000: 8333.329: [GC (Allocation Failure) 8333.329: [ParNew
Desired survivor size 8716288 bytes, new threshold 6 (max 6)
- age   1:      66560 bytes,      66560 total
- age   2:      12576 bytes,      79136 total
- age   3:        304 bytes,      79440 total
- age   4:     304928 bytes,     384368 total
- age   6:        968 bytes,     385336 total
: 136849K->532K(153344K), 0.0066894 secs] 290547K->154230K(1031552K), 0.0068167 secs] [Times: user=0.01 sys=0.00, real=0.01 secs] 
2016-08-24T16:26:54.414+0000: 8333.336: Total time for which application threads were stopped: 0.0076747 seconds, Stopping threads took: 0.0000922 seconds
2016-08-24T16:26:54.455+0000: 8333.377: [GC (Allocation Failure) 8333.377: [ParNew
Desired survivor size 8716288 bytes, new threshold 6 (max 6)
- age   1:      70416 bytes,      70416 total
- age   3:       1096 bytes,      71512 total
- age   4:        304 bytes,      71816 total
- age   5:     303080 bytes,     374896 total
: 136852K->540K(153344K), 0.0064473 secs] 290550K->154239K(1031552K), 0.0065810 secs] [Times: user=0.01 sys=0.00, real=0.01 secs] 
2016-08-24T16:26:54.462+0000: 8333.384: Total time for which application threads were stopped: 0.0075047 seconds, Stopping threads took: 0.0001178 seconds
2016-08-24T16:26:54.502+0000: 8333.424: [GC (Allocation Failure) 8333.424: [ParNew
Desired survivor size 8716288 bytes, new threshold 6 (max 6)
- age   1:      73480 bytes,      73480 total
- age   2:      14704 bytes,      88184 total
- age   4:       1096 bytes,      89280 total
- age   5:        304 bytes,      89584 total
- age   6:     303080 bytes,     392664 total
: 136860K->532K(153344K), 0.0064280 secs] 290559K->154231K(1031552K), 0.0065718 secs] [Times: user=0.01 sys=0.00, real=0.01 secs] 
2016-08-24T16:26:54.509+0000: 8333.430: Total time for which application threads were stopped: 0.0075316 seconds, Stopping threads took: 0.0001185 seconds
2016-08-24T16:26:54.551+0000: 8333.472: [GC (Allocation Failure) 8333.472: [ParNew
Desired survivor size 8716288 bytes, new threshold 6 (max 6)
- age   1:      74088 bytes,      74088 total
- age   3:       1000 bytes,      75088 total
- age   5:       1064 bytes,      76152 total
- age   6:        272 bytes,      76424 total
: 136852K->380K(153344K), 0.0073414 secs] 290551K->154380K(1031552K), 0.0075000 secs] [Times: user=0.01 sys=0.00, real=0.00 secs] 
2016-08-24T16:26:54.558+0000: 8333.480: Total time for which application threads were stopped: 0.0084926 seconds, Stopping threads took: 0.0001154 seconds
2016-08-24T16:26:54.599+0000: 8333.520: [GC (Allocation Failure) 8333.520: [ParNew
Desired survivor size 8716288 bytes, new threshold 6 (max 6)
- age   1:      74320 bytes,      74320 total
- age   2:      18720 bytes,      93040 total
- age   4:       1000 bytes,      94040 total
- age   6:       1064 bytes,      95104 total
: 136700K->174K(153344K), 0.0064680 secs] 290700K->154173K(1031552K), 0.0066088 secs] [Times: user=0.01 sys=0.00, real=0.01 secs] 
2016-08-24T16:26:54.605+0000: 8333.527: Total time for which application threads were stopped: 0.0075540 seconds, Stopping threads took: 0.0001510 seconds
2016-08-24T16:26:54.647+0000: 8333.569: [GC (Allocation Failure) 8333.569: [ParNew
Desired survivor size 8716288 bytes, new threshold 6 (max 6)
- age   1:      74792 bytes,      74792 total
- age   3:       1336 bytes,      76128 total
- age   5:        968 bytes,      77096 total
: 136494K->80K(153344K), 0.0061232 secs] 290493K->154081K(1031552K), 0.0062631 secs] [Times: user=0.01 sys=0.00, real=0.01 secs] 
2016-08-24T16:26:54.654+0000: 8333.575: Total time for which application threads were stopped: 0.0072533 seconds, Stopping threads took: 0.0001244 seconds
2016-08-24T16:26:54.695+0000: 8333.616: [GC (Allocation Failure) 8333.616: [ParNew
Desired survivor size 8716288 bytes, new threshold 6 (max 6)
- age   1:      53936 bytes,      53936 total
- age   2:       1000 bytes,      54936 total
- age   4:       1304 bytes,      56240 total
- age   6:        968 bytes,      57208 total
: 136400K->78K(153344K), 0.0054146 secs] 290401K->154078K(1031552K), 0.0055807 secs] [Times: user=0.01 sys=0.00, real=0.01 secs] 
2016-08-24T16:26:54.700+0000: 8333.622: Total time for which application threads were stopped: 0.0064650 seconds, Stopping threads took: 0.0001191 seconds
2016-08-24T16:26:54.740+0000: 8333.662: [GC (Allocation Failure) 8333.662: [ParNew
Desired survivor size 8716288 bytes, new threshold 6 (max 6)
- age   1:      91216 bytes,      91216 total
- age   2:       4040 bytes,      95256 total
- age   3:       1000 bytes,      96256 total
- age   5:       1304 bytes,      97560 total
: 136398K->106K(153344K), 0.0086390 secs] 290398K->154107K(1031552K), 0.0088012 secs] [Times: user=0.02 sys=0.00, real=0.02 secs] 
2016-08-24T16:26:54.749+0000: 8333.671: Total time for which application threads were stopped: 0.0098464 seconds, Stopping threads took: 0.0001416 seconds
2016-08-24T16:26:55.751+0000: 8334.673: Total time for which application threads were stopped: 0.0017462 seconds, Stopping threads took: 0.0002447 seconds
2016-08-24T16:27:03.593+0000: 8342.514: [GC (Allocation Failure) 8342.514: [ParNew
Desired survivor size 8716288 bytes, new threshold 6 (max 6)
- age   1:     795824 bytes,     795824 total
- age   3:        968 bytes,     796792 total
- age   4:        968 bytes,     797760 total
- age   6:       1184 bytes,     798944 total
: 136426K->813K(153344K), 0.0095258 secs] 290427K->154815K(1031552K), 0.0097741 secs] [Times: user=0.02 sys=0.00, real=0.01 secs] 
2016-08-24T16:27:03.603+0000: 8342.524: Total time for which application threads were stopped: 0.0118946 seconds, Stopping threads took: 0.0002414 seconds
2016-08-24T16:27:03.898+0000: 8342.820: [GC (Allocation Failure) 8342.820: [ParNew
Desired survivor size 8716288 bytes, new threshold 6 (max 6)
- age   1:     223272 bytes,     223272 total
- age   2:     146288 bytes,     369560 total
- age   4:        968 bytes,     370528 total
- age   5:        968 bytes,     371496 total
: 137133K->431K(153344K), 0.0061449 secs] 291135K->154434K(1031552K), 0.0062512 secs] [Times: user=0.01 sys=0.00, real=0.01 secs] 
2016-08-24T16:27:03.905+0000: 8342.826: Total time for which application threads were stopped: 0.0070970 seconds, Stopping threads took: 0.0000996 seconds
2016-08-24T16:27:03.948+0000: 8342.869: [GC (Allocation Failure) 8342.869: [ParNew
Desired survivor size 8716288 bytes, new threshold 6 (max 6)
- age   1:      61424 bytes,      61424 total
- age   2:      83616 bytes,     145040 total
- age   3:     143832 bytes,     288872 total
- age   5:        968 bytes,     289840 total
- age   6:        968 bytes,     290808 total
: 136751K->402K(153344K), 0.0058173 secs] 290754K->154404K(1031552K), 0.0059304 secs] [Times: user=0.01 sys=0.00, real=0.01 secs] 
2016-08-24T16:27:03.954+0000: 8342.875: Total time for which application threads were stopped: 0.0067607 seconds, Stopping threads took: 0.0001007 seconds
2016-08-24T16:27:03.994+0000: 8342.916: [GC (Allocation Failure) 8342.916: [ParNew
Desired survivor size 8716288 bytes, new threshold 6 (max 6)
- age   1:      70880 bytes,      70880 total
- age   2:       4832 bytes,      75712 total
- age   3:      83616 bytes,     159328 total
- age   4:     143832 bytes,     303160 total
- age   6:        968 bytes,     304128 total
: 136722K->405K(153344K), 0.0057946 secs] 290724K->154408K(1031552K), 0.0059001 secs] [Times: user=0.01 sys=0.00, real=0.00 secs] 
2016-08-24T16:27:04.000+0000: 8342.922: Total time for which application threads were stopped: 0.0068234 seconds, Stopping threads took: 0.0001209 seconds
2016-08-24T16:27:04.039+0000: 8342.960: [GC (Allocation Failure) 8342.960: [ParNew
Desired survivor size 8716288 bytes, new threshold 6 (max 6)
- age   1:      55816 bytes,      55816 total
- age   3:       1096 bytes,      56912 total
- age   4:      81768 bytes,     138680 total
- age   5:     143832 bytes,     282512 total
: 136725K->425K(153344K), 0.0064046 secs] 290728K->154429K(1031552K), 0.0065201 secs] [Times: user=0.01 sys=0.00, real=0.01 secs] 
2016-08-24T16:27:04.046+0000: 8342.967: Total time for which application threads were stopped: 0.0073774 seconds, Stopping threads took: 0.0001005 seconds
2016-08-24T16:27:04.087+0000: 8343.008: [GC (Allocation Failure) 8343.008: [ParNew
Desired survivor size 8716288 bytes, new threshold 6 (max 6)
- age   1:      82752 bytes,      82752 total
- age   2:       8032 bytes,      90784 total
- age   4:       1096 bytes,      91880 total
- age   5:      81768 bytes,     173648 total
- age   6:     143832 bytes,     317480 total
: 136745K->403K(153344K), 0.0066074 secs] 290749K->154407K(1031552K), 0.0067162 secs] [Times: user=0.01 sys=0.00, real=0.01 secs] 
2016-08-24T16:27:04.094+0000: 8343.015: Total time for which application threads were stopped: 0.0075543 seconds, Stopping threads took: 0.0001014 seconds
2016-08-24T16:27:04.134+0000: 8343.055: [GC (Allocation Failure) 8343.056: [ParNew
Desired survivor size 8716288 bytes, new threshold 6 (max 6)
- age   1:      58240 bytes,      58240 total
- age   3:       1000 bytes,      59240 total
- age   5:       1064 bytes,      60304 total
- age   6:      79952 bytes,     140256 total
: 136723K->302K(153344K), 0.0066499 secs] 290727K->154450K(1031552K), 0.0067715 secs] [Times: user=0.02 sys=0.00, real=0.01 secs] 
2016-08-24T16:27:04.141+0000: 8343.062: Total time for which application threads were stopped: 0.0076408 seconds, Stopping threads took: 0.0001016 seconds
2016-08-24T16:27:04.182+0000: 8343.104: [GC (Allocation Failure) 8343.104: [ParNew
Desired survivor size 8716288 bytes, new threshold 6 (max 6)
- age   1:      89560 bytes,      89560 total
- age   2:      11040 bytes,     100600 total
- age   4:       1000 bytes,     101600 total
- age   6:       1064 bytes,     102664 total
: 136622K->129K(153344K), 0.0061438 secs] 290770K->154357K(1031552K), 0.0062539 secs] [Times: user=0.01 sys=0.00, real=0.01 secs] 
2016-08-24T16:27:04.188+0000: 8343.110: Total time for which application threads were stopped: 0.0070743 seconds, Stopping threads took: 0.0000998 seconds
2016-08-24T16:27:04.229+0000: 8343.150: [GC (Allocation Failure) 8343.150: [ParNew
Desired survivor size 8716288 bytes, new threshold 6 (max 6)
- age   1:      58488 bytes,      58488 total
- age   3:       1000 bytes,      59488 total
- age   5:        968 bytes,      60456 total
: 136449K->106K(153344K), 0.0053572 secs] 290677K->154335K(1031552K), 0.0054664 secs] [Times: user=0.01 sys=0.00, real=0.00 secs] 
2016-08-24T16:27:04.234+0000: 8343.156: Total time for which application threads were stopped: 0.0063063 seconds, Stopping threads took: 0.0001120 seconds
2016-08-24T16:27:04.275+0000: 8343.197: [GC (Allocation Failure) 8343.197: [ParNew
Desired survivor size 8716288 bytes, new threshold 6 (max 6)
- age   1:      67024 bytes,      67024 total
- age   2:      14208 bytes,      81232 total
- age   4:       1000 bytes,      82232 total
- age   6:        968 bytes,      83200 total
: 136426K->93K(153344K), 0.0059941 secs] 290655K->154322K(1031552K), 0.0061168 secs] [Times: user=0.01 sys=0.00, real=0.01 secs] 
2016-08-24T16:27:04.281+0000: 8343.203: Total time for which application threads were stopped: 0.0070350 seconds, Stopping threads took: 0.0001135 seconds
2016-08-24T16:27:04.321+0000: 8343.243: [GC (Allocation Failure) 8343.243: [ParNew
Desired survivor size 8716288 bytes, new threshold 6 (max 6)
- age   1:      72392 bytes,      72392 total
- age   3:       1000 bytes,      73392 total
- age   5:        968 bytes,      74360 total
: 136413K->95K(153344K), 0.0050595 secs] 290642K->154326K(1031552K), 0.0051589 secs] [Times: user=0.01 sys=0.00, real=0.00 secs] 
2016-08-24T16:27:04.327+0000: 8343.248: Total time for which application threads were stopped: 0.0059698 seconds, Stopping threads took: 0.0000998 seconds
2016-08-24T16:27:04.367+0000: 8343.288: [GC (Allocation Failure) 8343.288: [ParNew
Desired survivor size 8716288 bytes, new threshold 6 (max 6)
- age   1:      67200 bytes,      67200 total
- age   2:      17360 bytes,      84560 total
- age   4:       1000 bytes,      85560 total
- age   6:        968 bytes,      86528 total
: 136415K->113K(153344K), 0.0050531 secs] 290646K->154344K(1031552K), 0.0051525 secs] [Times: user=0.01 sys=0.00, real=0.01 secs] 
2016-08-24T16:27:04.372+0000: 8343.293: Total time for which application threads were stopped: 0.0059437 seconds, Stopping threads took: 0.0000967 seconds
2016-08-24T16:27:05.374+0000: 8344.295: Total time for which application threads were stopped: 0.0018807 seconds, Stopping threads took: 0.0002609 seconds
2016-08-24T16:27:14.353+0000: 8353.275: [GC (Allocation Failure) 8353.275: [ParNew
Desired survivor size 8716288 bytes, new threshold 6 (max 6)
- age   1:     958560 bytes,     958560 total
- age   3:        968 bytes,     959528 total
- age   5:        968 bytes,     960496 total
: 136433K->973K(153344K), 0.0116139 secs] 290664K->155204K(1031552K), 0.0117333 secs] [Times: user=0.01 sys=0.00, real=0.01 secs] 
2016-08-24T16:27:14.365+0000: 8353.287: Total time for which application threads were stopped: 0.0125648 seconds, Stopping threads took: 0.0000992 seconds
2016-08-24T16:27:14.403+0000: 8353.325: [GC (Allocation Failure) 8353.325: [ParNew
Desired survivor size 8716288 bytes, new threshold 6 (max 6)
- age   1:      63912 bytes,      63912 total
- age   2:     246112 bytes,     310024 total
- age   4:        968 bytes,     310992 total
- age   6:        968 bytes,     311960 total
: 137293K->432K(153344K), 0.0058339 secs] 291524K->154663K(1031552K), 0.0059357 secs] [Times: user=0.01 sys=0.00, real=0.01 secs] 
2016-08-24T16:27:14.409+0000: 8353.331: Total time for which application threads were stopped: 0.0067474 seconds, Stopping threads took: 0.0001001 seconds
2016-08-24T16:27:14.451+0000: 8353.372: [GC (Allocation Failure) 8353.372: [ParNew
Desired survivor size 8716288 bytes, new threshold 6 (max 6)
- age   1:      75536 bytes,      75536 total
- age   2:        168 bytes,      75704 total
- age   3:     227808 bytes,     303512 total
- age   5:        968 bytes,     304480 total
: 136752K->428K(153344K), 0.0057687 secs] 290983K->154660K(1031552K), 0.0058747 secs] [Times: user=0.01 sys=0.00, real=0.00 secs] 
2016-08-24T16:27:14.457+0000: 8353.378: Total time for which application threads were stopped: 0.0067244 seconds, Stopping threads took: 0.0001149 seconds
2016-08-24T16:27:14.496+0000: 8353.417: [GC (Allocation Failure) 8353.417: [ParNew
Desired survivor size 8716288 bytes, new threshold 6 (max 6)
- age   1:      70448 bytes,      70448 total
- age   2:      19432 bytes,      89880 total
- age   3:        168 bytes,      90048 total
- age   4:     227808 bytes,     317856 total
- age   6:        968 bytes,     318824 total
: 136748K->407K(153344K), 0.0060352 secs] 290980K->154639K(1031552K), 0.0061402 secs] [Times: user=0.01 sys=0.00, real=0.01 secs] 
2016-08-24T16:27:14.502+0000: 8353.424: Total time for which application threads were stopped: 0.0069486 seconds, Stopping threads took: 0.0001159 seconds
2016-08-24T16:27:14.544+0000: 8353.466: [GC (Allocation Failure) 8353.466: [ParNew
Desired survivor size 8716288 bytes, new threshold 6 (max 6)
- age   1:      74920 bytes,      74920 total
- age   3:       1096 bytes,      76016 total
- age   4:        168 bytes,      76184 total
- age   5:     225456 bytes,     301640 total
: 136727K->442K(153344K), 0.0062116 secs] 290959K->154675K(1031552K), 0.0063482 secs] [Times: user=0.01 sys=0.00, real=0.01 secs] 
2016-08-24T16:27:14.551+0000: 8353.472: Total time for which application threads were stopped: 0.0072116 seconds, Stopping threads took: 0.0000964 seconds
2016-08-24T16:27:14.594+0000: 8353.515: [GC (Allocation Failure) 8353.516: [ParNew
Desired survivor size 8716288 bytes, new threshold 6 (max 6)
- age   1:      59776 bytes,      59776 total
- age   2:       1248 bytes,      61024 total
- age   4:       1064 bytes,      62088 total
- age   5:        168 bytes,      62256 total
- age   6:     223640 bytes,     285896 total
: 136762K->427K(153344K), 0.0063405 secs] 290995K->154660K(1031552K), 0.0064578 secs] [Times: user=0.02 sys=0.00, real=0.01 secs] 
2016-08-24T16:27:14.601+0000: 8353.522: Total time for which application threads were stopped: 0.0073314 seconds, Stopping threads took: 0.0000998 seconds
2016-08-24T16:27:14.641+0000: 8353.562: [GC (Allocation Failure) 8353.562: [ParNew
Desired survivor size 8716288 bytes, new threshold 6 (max 6)
- age   1:      68392 bytes,      68392 total
- age   2:       4632 bytes,      73024 total
- age   3:       1248 bytes,      74272 total
- age   5:       1064 bytes,      75336 total
- age   6:        168 bytes,      75504 total
: 136747K->281K(153344K), 0.0064449 secs] 290980K->154736K(1031552K), 0.0065605 secs] [Times: user=0.01 sys=0.00, real=0.00 secs] 
2016-08-24T16:27:14.647+0000: 8353.569: Total time for which application threads were stopped: 0.0074703 seconds, Stopping threads took: 0.0000995 seconds
2016-08-24T16:27:14.689+0000: 8353.610: [GC (Allocation Failure) 8353.610: [ParNew
Desired survivor size 8716288 bytes, new threshold 6 (max 6)
- age   1:      59536 bytes,      59536 total
- age   3:       1000 bytes,      60536 total
- age   4:       1216 bytes,      61752 total
- age   6:       1064 bytes,      62816 total
: 136601K->103K(153344K), 0.0058550 secs] 291056K->154559K(1031552K), 0.0059722 secs] [Times: user=0.01 sys=0.00, real=0.00 secs] 
2016-08-24T16:27:14.695+0000: 8353.616: Total time for which application threads were stopped: 0.0068395 seconds, Stopping threads took: 0.0000984 seconds
2016-08-24T16:27:14.735+0000: 8353.657: [GC (Allocation Failure) 8353.657: [ParNew
Desired survivor size 8716288 bytes, new threshold 6 (max 6)
- age   1:      63000 bytes,      63000 total
- age   2:       7832 bytes,      70832 total
- age   4:       1000 bytes,      71832 total
- age   5:       1216 bytes,      73048 total
: 136423K->83K(153344K), 0.0060523 secs] 290879K->154541K(1031552K), 0.0061727 secs] [Times: user=0.02 sys=0.00, real=0.01 secs] 
2016-08-24T16:27:14.742+0000: 8353.663: Total time for which application threads were stopped: 0.0070487 seconds, Stopping threads took: 0.0001049 seconds
2016-08-24T16:27:14.783+0000: 8353.705: [GC (Allocation Failure) 8353.705: [ParNew
Desired survivor size 8716288 bytes, new threshold 6 (max 6)
- age   1:      64368 bytes,      64368 total
- age   3:       1000 bytes,      65368 total
- age   5:        968 bytes,      66336 total
- age   6:       1216 bytes,      67552 total
: 136403K->82K(153344K), 0.0060694 secs] 290861K->154539K(1031552K), 0.0061973 secs] [Times: user=0.01 sys=0.00, real=0.01 secs] 
2016-08-24T16:27:14.789+0000: 8353.711: Total time for which application threads were stopped: 0.0070406 seconds, Stopping threads took: 0.0001006 seconds
2016-08-24T16:27:14.830+0000: 8353.751: [GC (Allocation Failure) 8353.751: [ParNew
Desired survivor size 8716288 bytes, new threshold 6 (max 6)
- age   1:      68696 bytes,      68696 total
- age   2:      10864 bytes,      79560 total
- age   4:       1000 bytes,      80560 total
- age   6:        968 bytes,      81528 total
: 136402K->100K(153344K), 0.0060599 secs] 290859K->154558K(1031552K), 0.0061761 secs] [Times: user=0.01 sys=0.00, real=0.00 secs] 
2016-08-24T16:27:14.836+0000: 8353.758: Total time for which application threads were stopped: 0.0070448 seconds, Stopping threads took: 0.0001021 seconds
2016-08-24T16:27:19.839+0000: 8358.761: Total time for which application threads were stopped: 0.0018196 seconds, Stopping threads took: 0.0002591 seconds
2016-08-24T16:27:23.842+0000: 8362.764: Total time for which application threads were stopped: 0.0018990 seconds, Stopping threads took: 0.0003235 seconds
2016-08-24T16:27:24.480+0000: 8363.402: [GC (Allocation Failure) 8363.402: [ParNew
Desired survivor size 8716288 bytes, new threshold 6 (max 6)
- age   1:    1292672 bytes,    1292672 total
- age   3:        968 bytes,    1293640 total
- age   5:        968 bytes,    1294608 total
: 136420K->1284K(153344K), 0.0090347 secs] 290878K->155743K(1031552K), 0.0091724 secs] [Times: user=0.01 sys=0.00, real=0.02 secs] 
2016-08-24T16:27:24.489+0000: 8363.411: Total time for which application threads were stopped: 0.0100207 seconds, Stopping threads took: 0.0001024 seconds
2016-08-24T16:27:24.529+0000: 8363.450: [GC (Allocation Failure) 8363.450: [ParNew
Desired survivor size 8716288 bytes, new threshold 6 (max 6)
- age   1:      80816 bytes,      80816 total
- age   2:     316208 bytes,     397024 total
- age   4:        968 bytes,     397992 total
- age   6:        968 bytes,     398960 total
: 137604K->521K(153344K), 0.0058478 secs] 292063K->154981K(1031552K), 0.0059523 secs] [Times: user=0.01 sys=0.00, real=0.00 secs] 
2016-08-24T16:27:24.535+0000: 8363.457: Total time for which application threads were stopped: 0.0068048 seconds, Stopping threads took: 0.0000996 seconds
2016-08-24T16:27:24.576+0000: 8363.498: [GC (Allocation Failure) 8363.498: [ParNew
Desired survivor size 8716288 bytes, new threshold 6 (max 6)
- age   1:      67104 bytes,      67104 total
- age   2:         72 bytes,      67176 total
- age   3:     305328 bytes,     372504 total
- age   5:        968 bytes,     373472 total
: 136841K->527K(153344K), 0.0061642 secs] 291301K->154988K(1031552K), 0.0062830 secs] [Times: user=0.01 sys=0.00, real=0.01 secs] 
2016-08-24T16:27:24.583+0000: 8363.504: Total time for which application threads were stopped: 0.0071837 seconds, Stopping threads took: 0.0001005 seconds
2016-08-24T16:27:24.623+0000: 8363.545: [GC (Allocation Failure) 8363.545: [ParNew
Desired survivor size 8716288 bytes, new threshold 6 (max 6)
- age   1:      84608 bytes,      84608 total
- age   2:      12872 bytes,      97480 total
- age   3:         72 bytes,      97552 total
- age   4:     305328 bytes,     402880 total
- age   6:        968 bytes,     403848 total
: 136847K->528K(153344K), 0.0061345 secs] 291308K->154988K(1031552K), 0.0062317 secs] [Times: user=0.02 sys=0.00, real=0.01 secs] 
2016-08-24T16:27:24.629+0000: 8363.551: Total time for which application threads were stopped: 0.0070631 seconds, Stopping threads took: 0.0001019 seconds
2016-08-24T16:27:24.669+0000: 8363.591: [GC (Allocation Failure) 8363.591: [ParNew
Desired survivor size 8716288 bytes, new threshold 6 (max 6)
- age   1:      57784 bytes,      57784 total
- age   3:       1096 bytes,      58880 total
- age   4:         72 bytes,      58952 total
- age   5:     303480 bytes,     362432 total
: 136848K->385K(153344K), 0.0062327 secs] 291308K->154846K(1031552K), 0.0063629 secs] [Times: user=0.01 sys=0.00, real=0.00 secs] 
2016-08-24T16:27:24.676+0000: 8363.597: Total time for which application threads were stopped: 0.0072151 seconds, Stopping threads took: 0.0001011 seconds
2016-08-24T16:27:24.716+0000: 8363.637: [GC (Allocation Failure) 8363.638: [ParNew
Desired survivor size 8716288 bytes, new threshold 6 (max 6)
- age   1:      64696 bytes,      64696 total
- age   2:      14968 bytes,      79664 total
- age   4:       1096 bytes,      80760 total
- age   5:         72 bytes,      80832 total
- age   6:     303480 bytes,     384312 total
: 136705K->524K(153344K), 0.0070308 secs] 291166K->154985K(1031552K), 0.0071557 secs] [Times: user=0.01 sys=0.00, real=0.01 secs] 
2016-08-24T16:27:24.723+0000: 8363.645: Total time for which application threads were stopped: 0.0080328 seconds, Stopping threads took: 0.0001048 seconds
2016-08-24T16:27:24.766+0000: 8363.687: [GC (Allocation Failure) 8363.687: [ParNew
Desired survivor size 8716288 bytes, new threshold 6 (max 6)
- age   1:      88104 bytes,      88104 total
- age   3:       1000 bytes,      89104 total
- age   5:       1064 bytes,      90168 total
- age   6:         72 bytes,      90240 total
: 136844K->373K(153344K), 0.0071018 secs] 291305K->155134K(1031552K), 0.0072205 secs] [Times: user=0.01 sys=0.00, real=0.01 secs] 
2016-08-24T16:27:24.773+0000: 8363.695: Total time for which application threads were stopped: 0.0080960 seconds, Stopping threads took: 0.0001062 seconds
2016-08-24T16:27:24.814+0000: 8363.736: [GC (Allocation Failure) 8363.736: [ParNew
Desired survivor size 8716288 bytes, new threshold 6 (max 6)
- age   1:      80864 bytes,      80864 total
- age   2:      18616 bytes,      99480 total
- age   4:       1000 bytes,     100480 total
- age   6:       1064 bytes,     101544 total
: 136693K->180K(153344K), 0.0063105 secs] 291454K->154941K(1031552K), 0.0064311 secs] [Times: user=0.01 sys=0.00, real=0.01 secs] 
2016-08-24T16:27:24.821+0000: 8363.742: Total time for which application threads were stopped: 0.0073111 seconds, Stopping threads took: 0.0001000 seconds
2016-08-24T16:27:24.860+0000: 8363.782: [GC (Allocation Failure) 8363.782: [ParNew
Desired survivor size 8716288 bytes, new threshold 6 (max 6)
- age   1:      65520 bytes,      65520 total
- age   2:       5440 bytes,      70960 total
- age   3:       1000 bytes,      71960 total
- age   5:        968 bytes,      72928 total
: 136500K->104K(153344K), 0.0056052 secs] 291261K->154866K(1031552K), 0.0056965 secs] [Times: user=0.01 sys=0.00, real=0.00 secs] 
2016-08-24T16:27:24.866+0000: 8363.788: Total time for which application threads were stopped: 0.0065279 seconds, Stopping threads took: 0.0001023 seconds
2016-08-24T16:27:24.906+0000: 8363.828: [GC (Allocation Failure) 8363.828: [ParNew
Desired survivor size 8716288 bytes, new threshold 6 (max 6)
- age   1:      58232 bytes,      58232 total
- age   2:       1000 bytes,      59232 total
- age   3:       5440 bytes,      64672 total
- age   4:        968 bytes,      65640 total
- age   6:        968 bytes,      66608 total
: 136424K->75K(153344K), 0.0060944 secs] 291186K->154837K(1031552K), 0.0062246 secs] [Times: user=0.02 sys=0.00, real=0.01 secs] 
2016-08-24T16:27:24.912+0000: 8363.834: Total time for which application threads were stopped: 0.0070712 seconds, Stopping threads took: 0.0000937 seconds
2016-08-24T16:27:24.954+0000: 8363.876: [GC (Allocation Failure) 8363.876: [ParNew
Desired survivor size 8716288 bytes, new threshold 6 (max 6)
- age   1:      81464 bytes,      81464 total
- age   2:       4104 bytes,      85568 total
- age   3:       1000 bytes,      86568 total
- age   4:       5440 bytes,      92008 total
- age   5:        968 bytes,      92976 total
: 136395K->102K(153344K), 0.0059600 secs] 291157K->154865K(1031552K), 0.0060577 secs] [Times: user=0.01 sys=0.00, real=0.01 secs] 
2016-08-24T16:27:24.960+0000: 8363.882: Total time for which application threads were stopped: 0.0069123 seconds, Stopping threads took: 0.0001013 seconds
2016-08-24T16:27:28.963+0000: 8367.885: Total time for which application threads were stopped: 0.0018670 seconds, Stopping threads took: 0.0002628 seconds
2016-08-24T16:27:34.561+0000: 8373.482: [GC (Allocation Failure) 8373.483: [ParNew
Desired survivor size 8716288 bytes, new threshold 6 (max 6)
- age   1:     898776 bytes,     898776 total
- age   3:        968 bytes,     899744 total
- age   4:        968 bytes,     900712 total
- age   5:       3824 bytes,     904536 total
- age   6:        968 bytes,     905504 total
: 136422K->913K(153344K), 0.0086112 secs] 291185K->155676K(1031552K), 0.0087562 secs] [Times: user=0.02 sys=0.00, real=0.01 secs] 
2016-08-24T16:27:34.570+0000: 8373.491: Total time for which application threads were stopped: 0.0095837 seconds, Stopping threads took: 0.0001027 seconds
2016-08-24T16:27:34.612+0000: 8373.534: [GC (Allocation Failure) 8373.534: [ParNew
Desired survivor size 8716288 bytes, new threshold 6 (max 6)
- age   1:     105632 bytes,     105632 total
- age   2:     235960 bytes,     341592 total
- age   4:        968 bytes,     342560 total
- age   5:        968 bytes,     343528 total
- age   6:        160 bytes,     343688 total
: 137233K->420K(153344K), 0.0068293 secs] 291996K->155185K(1031552K), 0.0069725 secs] [Times: user=0.02 sys=0.00, real=0.00 secs] 
2016-08-24T16:27:34.619+0000: 8373.541: Total time for which application threads were stopped: 0.0077784 seconds, Stopping threads took: 0.0000992 seconds
2016-08-24T16:27:34.661+0000: 8373.582: [GC (Allocation Failure) 8373.582: [ParNew
Desired survivor size 8716288 bytes, new threshold 6 (max 6)
- age   1:      64320 bytes,      64320 total
- age   2:      10656 bytes,      74976 total
- age   3:     234056 bytes,     309032 total
- age   5:        968 bytes,     310000 total
- age   6:        968 bytes,     310968 total
: 136740K->444K(153344K), 0.0075119 secs] 291505K->155208K(1031552K), 0.0076489 secs] [Times: user=0.01 sys=0.00, real=0.01 secs] 
2016-08-24T16:27:34.669+0000: 8373.590: Total time for which application threads were stopped: 0.0085522 seconds, Stopping threads took: 0.0000911 seconds
2016-08-24T16:27:34.709+0000: 8373.630: [GC (Allocation Failure) 8373.630: [ParNew
Desired survivor size 8716288 bytes, new threshold 6 (max 6)
- age   1:      71640 bytes,      71640 total
- age   2:       5336 bytes,      76976 total
- age   3:      10656 bytes,      87632 total
- age   4:     234056 bytes,     321688 total
- age   6:        968 bytes,     322656 total
: 136764K->439K(153344K), 0.0064411 secs] 291528K->155204K(1031552K), 0.0065777 secs] [Times: user=0.02 sys=0.00, real=0.00 secs] 
2016-08-24T16:27:34.715+0000: 8373.637: Total time for which application threads were stopped: 0.0075046 seconds, Stopping threads took: 0.0001136 seconds
2016-08-24T16:27:34.757+0000: 8373.679: [GC (Allocation Failure) 8373.679: [ParNew
Desired survivor size 8716288 bytes, new threshold 6 (max 6)
- age   1:      50664 bytes,      50664 total
- age   3:       1096 bytes,      51760 total
- age   4:      10552 bytes,      62312 total
- age   5:     232240 bytes,     294552 total
: 136759K->313K(153344K), 0.0062174 secs] 291524K->155080K(1031552K), 0.0063383 secs] [Times: user=0.01 sys=0.00, real=0.01 secs] 
2016-08-24T16:27:34.764+0000: 8373.685: Total time for which application threads were stopped: 0.0072111 seconds, Stopping threads took: 0.0001593 seconds
2016-08-24T16:27:34.801+0000: 8373.723: [GC (Allocation Failure) 8373.723: [ParNew
Desired survivor size 8716288 bytes, new threshold 6 (max 6)
- age   1:      60776 bytes,      60776 total
- age   2:       9496 bytes,      70272 total
- age   4:       1096 bytes,      71368 total
- age   5:      10552 bytes,      81920 total
- age   6:     232240 bytes,     314160 total
: 136633K->422K(153344K), 0.0055223 secs] 291400K->155189K(1031552K), 0.0056208 secs] [Times: user=0.01 sys=0.00, real=0.00 secs] 
2016-08-24T16:27:34.807+0000: 8373.729: Total time for which application threads were stopped: 0.0063953 seconds, Stopping threads took: 0.0000942 seconds
2016-08-24T16:27:34.846+0000: 8373.767: [GC (Allocation Failure) 8373.767: [ParNew
Desired survivor size 8716288 bytes, new threshold 6 (max 6)
- age   1:      66920 bytes,      66920 total
- age   3:       1248 bytes,      68168 total
- age   5:       1064 bytes,      69232 total
- age   6:      10552 bytes,      79784 total
: 136742K->304K(153344K), 0.0064772 secs] 291509K->155300K(1031552K), 0.0066089 secs] [Times: user=0.01 sys=0.00, real=0.01 secs] 
2016-08-24T16:27:34.853+0000: 8373.774: Total time for which application threads were stopped: 0.0074482 seconds, Stopping threads took: 0.0001005 seconds
2016-08-24T16:27:34.892+0000: 8373.814: [GC (Allocation Failure) 8373.814: [ParNew
Desired survivor size 8716288 bytes, new threshold 6 (max 6)
- age   1:      91088 bytes,      91088 total
- age   2:      12040 bytes,     103128 total
- age   4:       1248 bytes,     104376 total
- age   6:       1064 bytes,     105440 total
: 136624K->150K(153344K), 0.0061492 secs] 291620K->155156K(1031552K), 0.0062547 secs] [Times: user=0.01 sys=0.00, real=0.00 secs] 
2016-08-24T16:27:34.898+0000: 8373.820: Total time for which application threads were stopped: 0.0070720 seconds, Stopping threads took: 0.0001010 seconds
2016-08-24T16:27:34.939+0000: 8373.860: [GC (Allocation Failure) 8373.860: [ParNew
Desired survivor size 8716288 bytes, new threshold 6 (max 6)
- age   1:      58416 bytes,      58416 total
- age   3:       1000 bytes,      59416 total
- age   5:       1216 bytes,      60632 total
: 136470K->78K(153344K), 0.0062464 secs] 291476K->155085K(1031552K), 0.0063692 secs] [Times: user=0.01 sys=0.00, real=0.01 secs] 
2016-08-24T16:27:34.945+0000: 8373.867: Total time for which application threads were stopped: 0.0072481 seconds, Stopping threads took: 0.0000989 seconds
2016-08-24T16:27:34.987+0000: 8373.908: [GC (Allocation Failure) 8373.908: [ParNew
Desired survivor size 8716288 bytes, new threshold 6 (max 6)
- age   1:      74560 bytes,      74560 total
- age   2:      14584 bytes,      89144 total
- age   4:       1000 bytes,      90144 total
- age   6:       1216 bytes,      91360 total
: 136398K->102K(153344K), 0.0059949 secs] 291405K->155110K(1031552K), 0.0060888 secs] [Times: user=0.01 sys=0.00, real=0.01 secs] 
2016-08-24T16:27:34.993+0000: 8373.914: Total time for which application threads were stopped: 0.0069468 seconds, Stopping threads took: 0.0001034 seconds
2016-08-24T16:27:35.035+0000: 8373.957: [GC (Allocation Failure) 8373.957: [ParNew
Desired survivor size 8716288 bytes, new threshold 6 (max 6)
- age   1:      78072 bytes,      78072 total
- age   3:       1000 bytes,      79072 total
- age   5:        968 bytes,      80040 total
: 136422K->106K(153344K), 0.0065377 secs] 291430K->155114K(1031552K), 0.0066633 secs] [Times: user=0.01 sys=0.00, real=0.01 secs] 
2016-08-24T16:27:35.042+0000: 8373.964: Total time for which application threads were stopped: 0.0075416 seconds, Stopping threads took: 0.0001032 seconds
2016-08-24T16:27:35.084+0000: 8374.005: [GC (Allocation Failure) 8374.005: [ParNew
Desired survivor size 8716288 bytes, new threshold 6 (max 6)
- age   1:      86464 bytes,      86464 total
- age   2:      17848 bytes,     104312 total
- age   4:       1000 bytes,     105312 total
- age   6:        968 bytes,     106280 total
: 136426K->123K(153344K), 0.0061616 secs] 291434K->155131K(1031552K), 0.0062504 secs] [Times: user=0.01 sys=0.00, real=0.01 secs] 
2016-08-24T16:27:35.090+0000: 8374.012: Total time for which application threads were stopped: 0.0070411 seconds, Stopping threads took: 0.0000962 seconds
2016-08-24T16:27:44.362+0000: 8383.283: [GC (Allocation Failure) 8383.283: [ParNew
Desired survivor size 8716288 bytes, new threshold 6 (max 6)
- age   1:    1068688 bytes,    1068688 total
- age   3:        968 bytes,    1069656 total
- age   5:        968 bytes,    1070624 total
: 136443K->1101K(153344K), 0.0080362 secs] 291451K->156111K(1031552K), 0.0081578 secs] [Times: user=0.01 sys=0.00, real=0.01 secs] 
2016-08-24T16:27:44.370+0000: 8383.292: Total time for which application threads were stopped: 0.0090034 seconds, Stopping threads took: 0.0001095 seconds
2016-08-24T16:27:44.410+0000: 8383.332: [GC (Allocation Failure) 8383.332: [ParNew
Desired survivor size 8716288 bytes, new threshold 6 (max 6)
- age   1:      69144 bytes,      69144 total
- age   2:     315176 bytes,     384320 total
- age   4:        968 bytes,     385288 total
- age   6:        968 bytes,     386256 total
: 137421K->458K(153344K), 0.0059108 secs] 292431K->155467K(1031552K), 0.0060336 secs] [Times: user=0.01 sys=0.00, real=0.00 secs] 
2016-08-24T16:27:44.417+0000: 8383.338: Total time for which application threads were stopped: 0.0068562 seconds, Stopping threads took: 0.0001006 seconds
2016-08-24T16:27:44.457+0000: 8383.378: [GC (Allocation Failure) 8383.378: [ParNew
Desired survivor size 8716288 bytes, new threshold 6 (max 6)
- age   1:      72752 bytes,      72752 total
- age   2:         72 bytes,      72824 total
- age   3:     295944 bytes,     368768 total
- age   5:        968 bytes,     369736 total
: 136778K->524K(153344K), 0.0059056 secs] 291787K->155535K(1031552K), 0.0060052 secs] [Times: user=0.02 sys=0.00, real=0.01 secs] 
2016-08-24T16:27:44.463+0000: 8383.384: Total time for which application threads were stopped: 0.0068560 seconds, Stopping threads took: 0.0000984 seconds
2016-08-24T16:27:44.502+0000: 8383.424: [GC (Allocation Failure) 8383.424: [ParNew
Desired survivor size 8716288 bytes, new threshold 6 (max 6)
- age   1:      63376 bytes,      63376 total
- age   2:      20272 bytes,      83648 total
- age   3:         72 bytes,      83720 total
- age   4:     295944 bytes,     379664 total
- age   6:        968 bytes,     380632 total
: 136844K->526K(153344K), 0.0060200 secs] 291855K->155537K(1031552K), 0.0061384 secs] [Times: user=0.01 sys=0.00, real=0.01 secs] 
2016-08-24T16:27:44.509+0000: 8383.430: Total time for which application threads were stopped: 0.0070069 seconds, Stopping threads took: 0.0001196 seconds
2016-08-24T16:27:44.548+0000: 8383.469: [GC (Allocation Failure) 8383.469: [ParNew
Desired survivor size 8716288 bytes, new threshold 6 (max 6)
- age   1:      73256 bytes,      73256 total
- age   3:       1096 bytes,      74352 total
- age   4:         72 bytes,      74424 total
- age   5:     294096 bytes,     368520 total
: 136846K->539K(153344K), 0.0058808 secs] 291857K->155550K(1031552K), 0.0059990 secs] [Times: user=0.01 sys=0.00, real=0.01 secs] 
2016-08-24T16:27:44.554+0000: 8383.475: Total time for which application threads were stopped: 0.0068529 seconds, Stopping threads took: 0.0000947 seconds
2016-08-24T16:27:44.594+0000: 8383.516: [GC (Allocation Failure) 8383.516: [ParNew
Desired survivor size 8716288 bytes, new threshold 6 (max 6)
- age   1:      68128 bytes,      68128 total
- age   2:       1000 bytes,      69128 total
- age   4:       1064 bytes,      70192 total
- age   5:         72 bytes,      70264 total
- age   6:     292280 bytes,     362544 total
: 136859K->522K(153344K), 0.0061351 secs] 291870K->155534K(1031552K), 0.0062234 secs] [Times: user=0.01 sys=0.00, real=0.01 secs] 
2016-08-24T16:27:44.601+0000: 8383.522: Total time for which application threads were stopped: 0.0070211 seconds, Stopping threads took: 0.0000982 seconds
2016-08-24T16:27:44.641+0000: 8383.562: [GC (Allocation Failure) 8383.562: [ParNew
Desired survivor size 8716288 bytes, new threshold 6 (max 6)
- age   1:      69000 bytes,      69000 total
- age   2:       4856 bytes,      73856 total
- age   3:       1000 bytes,      74856 total
- age   5:       1064 bytes,      75920 total
- age   6:         72 bytes,      75992 total
: 136842K->353K(153344K), 0.0065483 secs] 291854K->155657K(1031552K), 0.0066391 secs] [Times: user=0.02 sys=0.00, real=0.00 secs] 
2016-08-24T16:27:44.647+0000: 8383.569: Total time for which application threads were stopped: 0.0074715 seconds, Stopping threads took: 0.0001037 seconds
2016-08-24T16:27:44.686+0000: 8383.608: [GC (Allocation Failure) 8383.608: [ParNew
Desired survivor size 8716288 bytes, new threshold 6 (max 6)
- age   1:      54552 bytes,      54552 total
- age   3:       1000 bytes,      55552 total
- age   4:        968 bytes,      56520 total
- age   6:       1064 bytes,      57584 total
: 136673K->122K(153344K), 0.0053125 secs] 291977K->155426K(1031552K), 0.0054369 secs] [Times: user=0.01 sys=0.00, real=0.01 secs] 
2016-08-24T16:27:44.692+0000: 8383.613: Total time for which application threads were stopped: 0.0062599 seconds, Stopping threads took: 0.0000970 seconds
2016-08-24T16:27:44.732+0000: 8383.654: [GC (Allocation Failure) 8383.654: [ParNew
Desired survivor size 8716288 bytes, new threshold 6 (max 6)
- age   1:      77984 bytes,      77984 total
- age   2:       8208 bytes,      86192 total
- age   4:       1000 bytes,      87192 total
- age   5:        968 bytes,      88160 total
: 136442K->102K(153344K), 0.0052005 secs] 291746K->155407K(1031552K), 0.0052881 secs] [Times: user=0.00 sys=0.00, real=0.00 secs] 
2016-08-24T16:27:44.738+0000: 8383.659: Total time for which application threads were stopped: 0.0061185 seconds, Stopping threads took: 0.0001038 seconds
2016-08-24T16:27:44.776+0000: 8383.698: [GC (Allocation Failure) 8383.698: [ParNew
Desired survivor size 8716288 bytes, new threshold 6 (max 6)
- age   1:      66200 bytes,      66200 total
- age   3:       1000 bytes,      67200 total
- age   5:        968 bytes,      68168 total
- age   6:        968 bytes,      69136 total
: 136422K->102K(153344K), 0.0058255 secs] 291727K->155407K(1031552K), 0.0059443 secs] [Times: user=0.01 sys=0.00, real=0.01 secs] 
2016-08-24T16:27:44.782+0000: 8383.704: Total time for which application threads were stopped: 0.0068236 seconds, Stopping threads took: 0.0001022 seconds
2016-08-24T16:27:44.823+0000: 8383.744: [GC (Allocation Failure) 8383.744: [ParNew
Desired survivor size 8716288 bytes, new threshold 6 (max 6)
- age   1:      73648 bytes,      73648 total
- age   2:      11544 bytes,      85192 total
- age   4:       1000 bytes,      86192 total
- age   6:        968 bytes,      87160 total
: 136422K->97K(153344K), 0.0053364 secs] 291727K->155403K(1031552K), 0.0054227 secs] [Times: user=0.01 sys=0.00, real=0.00 secs] 
2016-08-24T16:27:44.828+0000: 8383.750: Total time for which application threads were stopped: 0.0062092 seconds, Stopping threads took: 0.0001031 seconds
2016-08-24T16:27:54.423+0000: 8393.344: [GC (Allocation Failure) 8393.344: [ParNew
Desired survivor size 8716288 bytes, new threshold 6 (max 6)
- age   1:    1060776 bytes,    1060776 total
- age   3:        968 bytes,    1061744 total
- age   5:        968 bytes,    1062712 total
: 136417K->1069K(153344K), 0.0075495 secs] 291723K->156375K(1031552K), 0.0076750 secs] [Times: user=0.01 sys=0.00, real=0.01 secs] 
2016-08-24T16:27:54.431+0000: 8393.352: Total time for which application threads were stopped: 0.0085283 seconds, Stopping threads took: 0.0000964 seconds
2016-08-24T16:27:54.471+0000: 8393.392: [GC (Allocation Failure) 8393.392: [ParNew
Desired survivor size 8716288 bytes, new threshold 6 (max 6)
- age   1:      87024 bytes,      87024 total
- age   2:     290584 bytes,     377608 total
- age   4:        968 bytes,     378576 total
- age   6:        968 bytes,     379544 total
: 137389K->508K(153344K), 0.0055097 secs] 292695K->155815K(1031552K), 0.0056302 secs] [Times: user=0.01 sys=0.00, real=0.00 secs] 
2016-08-24T16:27:54.477+0000: 8393.398: Total time for which application threads were stopped: 0.0064571 seconds, Stopping threads took: 0.0000980 seconds
2016-08-24T16:27:54.519+0000: 8393.440: [GC (Allocation Failure) 8393.440: [ParNew
Desired survivor size 8716288 bytes, new threshold 6 (max 6)
- age   1:      77712 bytes,      77712 total
- age   2:        160 bytes,      77872 total
- age   3:     278608 bytes,     356480 total
- age   5:        968 bytes,     357448 total
: 136828K->502K(153344K), 0.0056538 secs] 292135K->155810K(1031552K), 0.0057560 secs] [Times: user=0.02 sys=0.00, real=0.01 secs] 
2016-08-24T16:27:54.524+0000: 8393.446: Total time for which application threads were stopped: 0.0065733 seconds, Stopping threads took: 0.0000964 seconds
2016-08-24T16:27:54.563+0000: 8393.484: [GC (Allocation Failure) 8393.484: [ParNew
Desired survivor size 8716288 bytes, new threshold 6 (max 6)
- age   1:      80928 bytes,      80928 total
- age   2:      14432 bytes,      95360 total
- age   3:        160 bytes,      95520 total
- age   4:     278608 bytes,     374128 total
- age   6:        968 bytes,     375096 total
: 136822K->502K(153344K), 0.0054883 secs] 292130K->155809K(1031552K), 0.0056014 secs] [Times: user=0.02 sys=0.00, real=0.01 secs] 
2016-08-24T16:27:54.568+0000: 8393.490: Total time for which application threads were stopped: 0.0064041 seconds, Stopping threads took: 0.0000998 seconds
2016-08-24T16:27:54.609+0000: 8393.531: [GC (Allocation Failure) 8393.531: [ParNew
Desired survivor size 8716288 bytes, new threshold 6 (max 6)
- age   1:      69016 bytes,      69016 total
- age   3:       1344 bytes,      70360 total
- age   4:        160 bytes,      70520 total
- age   5:     276760 bytes,     347280 total
: 136822K->359K(153344K), 0.0060083 secs] 292129K->155668K(1031552K), 0.0061236 secs] [Times: user=0.01 sys=0.00, real=0.00 secs] 
2016-08-24T16:27:54.616+0000: 8393.537: Total time for which application threads were stopped: 0.0070357 seconds, Stopping threads took: 0.0001174 seconds
2016-08-24T16:27:54.653+0000: 8393.575: [GC (Allocation Failure) 8393.575: [ParNew
Desired survivor size 8716288 bytes, new threshold 6 (max 6)
- age   1:      80816 bytes,      80816 total
- age   2:      17000 bytes,      97816 total
- age   4:       1344 bytes,      99160 total
- age   5:        160 bytes,      99320 total
- age   6:     276760 bytes,     376080 total
: 136679K->502K(153344K), 0.0060065 secs] 291988K->155810K(1031552K), 0.0060966 secs] [Times: user=0.01 sys=0.00, real=0.00 secs] 
2016-08-24T16:27:54.660+0000: 8393.581: Total time for which application threads were stopped: 0.0068981 seconds, Stopping threads took: 0.0001019 seconds
2016-08-24T16:27:54.701+0000: 8393.622: [GC (Allocation Failure) 8393.622: [ParNew
Desired survivor size 8716288 bytes, new threshold 6 (max 6)
- age   1:      86176 bytes,      86176 total
- age   3:       1000 bytes,      87176 total
- age   5:       1312 bytes,      88488 total
- age   6:        160 bytes,      88648 total
: 136822K->361K(153344K), 0.0063703 secs] 292130K->155944K(1031552K), 0.0064871 secs] [Times: user=0.01 sys=0.00, real=0.00 secs] 
2016-08-24T16:27:54.708+0000: 8393.629: Total time for which application threads were stopped: 0.0073864 seconds, Stopping threads took: 0.0001148 seconds
2016-08-24T16:27:54.748+0000: 8393.669: [GC (Allocation Failure) 8393.669: [ParNew
Desired survivor size 8716288 bytes, new threshold 6 (max 6)
- age   1:      62776 bytes,      62776 total
- age   2:      19424 bytes,      82200 total
- age   4:       1000 bytes,      83200 total
- age   6:       1312 bytes,      84512 total
: 136681K->171K(153344K), 0.0053949 secs] 292264K->155754K(1031552K), 0.0054820 secs] [Times: user=0.01 sys=0.00, real=0.01 secs] 
2016-08-24T16:27:54.753+0000: 8393.675: Total time for which application threads were stopped: 0.0063012 seconds, Stopping threads took: 0.0001046 seconds
2016-08-24T16:27:54.795+0000: 8393.716: [GC (Allocation Failure) 8393.716: [ParNew
Desired survivor size 8716288 bytes, new threshold 6 (max 6)
- age   1:      84200 bytes,      84200 total
- age   3:       1000 bytes,      85200 total
- age   5:        968 bytes,      86168 total
: 136491K->106K(153344K), 0.0057202 secs] 292074K->155691K(1031552K), 0.0058345 secs] [Times: user=0.01 sys=0.00, real=0.01 secs] 
2016-08-24T16:27:54.801+0000: 8393.722: Total time for which application threads were stopped: 0.0067020 seconds, Stopping threads took: 0.0001014 seconds
2016-08-24T16:27:54.842+0000: 8393.764: [GC (Allocation Failure) 8393.764: [ParNew
Desired survivor size 8716288 bytes, new threshold 6 (max 6)
- age   1:      46400 bytes,      46400 total
- age   2:       1000 bytes,      47400 total
- age   4:        968 bytes,      48368 total
- age   6:        968 bytes,      49336 total
: 136426K->79K(153344K), 0.0053068 secs] 292011K->155664K(1031552K), 0.0053938 secs] [Times: user=0.01 sys=0.00, real=0.00 secs] 
2016-08-24T16:27:54.848+0000: 8393.769: Total time for which application threads were stopped: 0.0062099 seconds, Stopping threads took: 0.0000881 seconds
2016-08-24T16:27:54.886+0000: 8393.807: [GC (Allocation Failure) 8393.807: [ParNew
Desired survivor size 8716288 bytes, new threshold 6 (max 6)
- age   1:      80392 bytes,      80392 total
- age   2:       4632 bytes,      85024 total
- age   3:       1000 bytes,      86024 total
- age   5:        968 bytes,      86992 total
: 136399K->91K(153344K), 0.0055246 secs] 291984K->155677K(1031552K), 0.0056378 secs] [Times: user=0.01 sys=0.00, real=0.01 secs] 
2016-08-24T16:27:54.891+0000: 8393.813: Total time for which application threads were stopped: 0.0064688 seconds, Stopping threads took: 0.0000984 seconds
2016-08-24T16:27:55.662+0000: 8394.583: Total time for which application threads were stopped: 0.0020411 seconds, Stopping threads took: 0.0002722 seconds
2016-08-24T16:27:55.663+0000: 8394.584: Total time for which application threads were stopped: 0.0012432 seconds, Stopping threads took: 0.0001082 seconds
2016-08-24T16:27:55.665+0000: 8394.586: Total time for which application threads were stopped: 0.0013256 seconds, Stopping threads took: 0.0002700 seconds
2016-08-24T16:27:55.814+0000: 8394.735: Total time for which application threads were stopped: 0.0022706 seconds, Stopping threads took: 0.0003515 seconds
2016-08-24T16:27:55.818+0000: 8394.739: Total time for which application threads were stopped: 0.0016585 seconds, Stopping threads took: 0.0001413 seconds
2016-08-24T16:27:55.820+0000: 8394.741: Total time for which application threads were stopped: 0.0015357 seconds, Stopping threads took: 0.0001764 seconds
2016-08-24T16:28:04.565+0000: 8403.487: [GC (Allocation Failure) 8403.487: [ParNew
Desired survivor size 8716288 bytes, new threshold 6 (max 6)
- age   1:     990800 bytes,     990800 total
- age   3:        968 bytes,     991768 total
- age   4:        968 bytes,     992736 total
- age   6:        968 bytes,     993704 total
: 136411K->987K(153344K), 0.0081604 secs] 291997K->156572K(1031552K), 0.0083002 secs] [Times: user=0.02 sys=0.00, real=0.01 secs] 
2016-08-24T16:28:04.574+0000: 8403.495: Total time for which application threads were stopped: 0.0092126 seconds, Stopping threads took: 0.0001049 seconds
2016-08-24T16:28:04.615+0000: 8403.537: [GC (Allocation Failure) 8403.537: [ParNew
Desired survivor size 8716288 bytes, new threshold 6 (max 6)
- age   1:      85248 bytes,      85248 total
- age   2:     294376 bytes,     379624 total
- age   4:        968 bytes,     380592 total
- age   5:        968 bytes,     381560 total
: 137307K->495K(153344K), 0.0061294 secs] 292892K->156082K(1031552K), 0.0062440 secs] [Times: user=0.01 sys=0.00, real=0.01 secs] 
2016-08-24T16:28:04.622+0000: 8403.543: Total time for which application threads were stopped: 0.0070873 seconds, Stopping threads took: 0.0000963 seconds
2016-08-24T16:28:04.662+0000: 8403.584: [GC (Allocation Failure) 8403.584: [ParNew
Desired survivor size 8716288 bytes, new threshold 6 (max 6)
- age   1:      49768 bytes,      49768 total
- age   2:        248 bytes,      50016 total
- age   3:     288864 bytes,     338880 total
- age   5:        968 bytes,     339848 total
- age   6:        968 bytes,     340816 total
: 136815K->499K(153344K), 0.0059705 secs] 292402K->156086K(1031552K), 0.0060824 secs] [Times: user=0.01 sys=0.00, real=0.01 secs] 
2016-08-24T16:28:04.668+0000: 8403.590: Total time for which application threads were stopped: 0.0069214 seconds, Stopping threads took: 0.0001018 seconds
2016-08-24T16:28:04.709+0000: 8403.631: [GC (Allocation Failure) 8403.631: [ParNew
Desired survivor size 8716288 bytes, new threshold 6 (max 6)
- age   1:      88320 bytes,      88320 total
- age   2:       6400 bytes,      94720 total
- age   3:        248 bytes,      94968 total
- age   4:     288864 bytes,     383832 total
- age   6:        968 bytes,     384800 total
: 136819K->488K(153344K), 0.0062585 secs] 292406K->156075K(1031552K), 0.0063728 secs] [Times: user=0.01 sys=0.00, real=0.00 secs] 
2016-08-24T16:28:04.716+0000: 8403.637: Total time for which application threads were stopped: 0.0072572 seconds, Stopping threads took: 0.0001103 seconds
2016-08-24T16:28:04.759+0000: 8403.680: [GC (Allocation Failure) 8403.680: [ParNew
Desired survivor size 8716288 bytes, new threshold 6 (max 6)
- age   1:      63256 bytes,      63256 total
- age   3:       1096 bytes,      64352 total
- age   4:        248 bytes,      64600 total
- age   5:     287016 bytes,     351616 total
: 136808K->532K(153344K), 0.0063231 secs] 292395K->156120K(1031552K), 0.0064374 secs] [Times: user=0.01 sys=0.00, real=0.01 secs] 
2016-08-24T16:28:04.765+0000: 8403.687: Total time for which application threads were stopped: 0.0072663 seconds, Stopping threads took: 0.0000993 seconds
2016-08-24T16:28:04.806+0000: 8403.727: [GC (Allocation Failure) 8403.728: [ParNew
Desired survivor size 8716288 bytes, new threshold 6 (max 6)
- age   1:      82216 bytes,      82216 total
- age   2:       9608 bytes,      91824 total
- age   4:       1096 bytes,      92920 total
- age   5:        248 bytes,      93168 total
- age   6:     287016 bytes,     380184 total
: 136852K->505K(153344K), 0.0063764 secs] 292440K->156093K(1031552K), 0.0064946 secs] [Times: user=0.01 sys=0.00, real=0.01 secs] 
2016-08-24T16:28:04.813+0000: 8403.734: Total time for which application threads were stopped: 0.0073722 seconds, Stopping threads took: 0.0001211 seconds
2016-08-24T16:28:04.854+0000: 8403.776: [GC (Allocation Failure) 8403.776: [ParNew
Desired survivor size 8716288 bytes, new threshold 6 (max 6)
- age   1:      79280 bytes,      79280 total
- age   3:       1000 bytes,      80280 total
- age   5:       1064 bytes,      81344 total
- age   6:        248 bytes,      81592 total
: 136825K->368K(153344K), 0.0066284 secs] 292413K->156241K(1031552K), 0.0067430 secs] [Times: user=0.01 sys=0.00, real=0.01 secs] 
2016-08-24T16:28:04.861+0000: 8403.783: Total time for which application threads were stopped: 0.0075805 seconds, Stopping threads took: 0.0001000 seconds
2016-08-24T16:28:04.900+0000: 8403.822: [GC (Allocation Failure) 8403.822: [ParNew
Desired survivor size 8716288 bytes, new threshold 6 (max 6)
- age   1:      68816 bytes,      68816 total
- age   2:      13104 bytes,      81920 total
- age   4:       1000 bytes,      82920 total
- age   6:       1064 bytes,      83984 total
: 136688K->171K(153344K), 0.0050684 secs] 292561K->156044K(1031552K), 0.0051768 secs] [Times: user=0.01 sys=0.00, real=0.00 secs] 
2016-08-24T16:28:04.906+0000: 8403.827: Total time for which application threads were stopped: 0.0060329 seconds, Stopping threads took: 0.0001022 seconds
2016-08-24T16:28:04.947+0000: 8403.869: [GC (Allocation Failure) 8403.869: [ParNew
Desired survivor size 8716288 bytes, new threshold 6 (max 6)
- age   1:      73408 bytes,      73408 total
- age   3:       1000 bytes,      74408 total
- age   5:        968 bytes,      75376 total
: 136491K->85K(153344K), 0.0048932 secs] 292364K->155959K(1031552K), 0.0049906 secs] [Times: user=0.01 sys=0.00, real=0.01 secs] 
2016-08-24T16:28:04.952+0000: 8403.874: Total time for which application threads were stopped: 0.0058186 seconds, Stopping threads took: 0.0001029 seconds
2016-08-24T16:28:04.990+0000: 8403.912: [GC (Allocation Failure) 8403.912: [ParNew
Desired survivor size 8716288 bytes, new threshold 6 (max 6)
- age   1:      80184 bytes,      80184 total
- age   2:      15264 bytes,      95448 total
- age   4:       1000 bytes,      96448 total
- age   6:        968 bytes,      97416 total
: 136405K->110K(153344K), 0.0049943 secs] 292279K->155984K(1031552K), 0.0050962 secs] [Times: user=0.01 sys=0.00, real=0.00 secs] 
2016-08-24T16:28:04.995+0000: 8403.917: Total time for which application threads were stopped: 0.0059145 seconds, Stopping threads took: 0.0000974 seconds
2016-08-24T16:28:05.036+0000: 8403.958: [GC (Allocation Failure) 8403.958: [ParNew
Desired survivor size 8716288 bytes, new threshold 6 (max 6)
- age   1:      76064 bytes,      76064 total
- age   3:       1000 bytes,      77064 total
- age   5:        968 bytes,      78032 total
: 136430K->118K(153344K), 0.0050024 secs] 292304K->155993K(1031552K), 0.0051390 secs] [Times: user=0.01 sys=0.00, real=0.01 secs] 
2016-08-24T16:28:05.042+0000: 8403.963: Total time for which application threads were stopped: 0.0059491 seconds, Stopping threads took: 0.0001028 seconds
2016-08-24T16:28:05.081+0000: 8404.002: [GC (Allocation Failure) 8404.002: [ParNew
Desired survivor size 8716288 bytes, new threshold 6 (max 6)
- age   1:      84952 bytes,      84952 total
- age   2:      18792 bytes,     103744 total
- age   4:       1000 bytes,     104744 total
- age   6:        968 bytes,     105712 total
: 136438K->121K(153344K), 0.0049566 secs] 292313K->155996K(1031552K), 0.0050578 secs] [Times: user=0.01 sys=0.00, real=0.00 secs] 
2016-08-24T16:28:05.086+0000: 8404.007: Total time for which application threads were stopped: 0.0059355 seconds, Stopping threads took: 0.0000972 seconds
2016-08-24T16:28:14.387+0000: 8413.308: [GC (Allocation Failure) 8413.308: [ParNew
Desired survivor size 8716288 bytes, new threshold 6 (max 6)
- age   1:     853392 bytes,     853392 total
- age   3:        968 bytes,     854360 total
- age   5:        968 bytes,     855328 total
: 136441K->852K(153344K), 0.0076526 secs] 292316K->156728K(1031552K), 0.0077687 secs] [Times: user=0.02 sys=0.00, real=0.01 secs] 
2016-08-24T16:28:14.394+0000: 8413.316: Total time for which application threads were stopped: 0.0085985 seconds, Stopping threads took: 0.0001015 seconds
2016-08-24T16:28:14.433+0000: 8413.354: [GC (Allocation Failure) 8413.354: [ParNew
Desired survivor size 8716288 bytes, new threshold 6 (max 6)
- age   1:      74176 bytes,      74176 total
- age   2:     237888 bytes,     312064 total
- age   4:        968 bytes,     313032 total
- age   6:        968 bytes,     314000 total
: 137172K->341K(153344K), 0.0056854 secs] 293048K->156217K(1031552K), 0.0057905 secs] [Times: user=0.01 sys=0.00, real=0.00 secs] 
2016-08-24T16:28:14.439+0000: 8413.360: Total time for which application threads were stopped: 0.0066682 seconds, Stopping threads took: 0.0001022 seconds
2016-08-24T16:28:14.480+0000: 8413.401: [GC (Allocation Failure) 8413.402: [ParNew
Desired survivor size 8716288 bytes, new threshold 6 (max 6)
- age   1:      77672 bytes,      77672 total
- age   2:         72 bytes,      77744 total
- age   3:     218048 bytes,     295792 total
- age   5:        968 bytes,     296760 total
: 136661K->418K(153344K), 0.0061171 secs] 292537K->156296K(1031552K), 0.0062373 secs] [Times: user=0.01 sys=0.00, real=0.01 secs] 
2016-08-24T16:28:14.486+0000: 8413.408: Total time for which application threads were stopped: 0.0070865 seconds, Stopping threads took: 0.0001032 seconds
2016-08-24T16:28:14.528+0000: 8413.449: [GC (Allocation Failure) 8413.449: [ParNew
Desired survivor size 8716288 bytes, new threshold 6 (max 6)
- age   1:      49968 bytes,      49968 total
- age   2:       1096 bytes,      51064 total
- age   3:         72 bytes,      51136 total
- age   4:     215264 bytes,     266400 total
- age   6:        968 bytes,     267368 total
: 136738K->420K(153344K), 0.0052310 secs] 292616K->156297K(1031552K), 0.0053313 secs] [Times: user=0.01 sys=0.00, real=0.01 secs] 
2016-08-24T16:28:14.533+0000: 8413.455: Total time for which application threads were stopped: 0.0061376 seconds, Stopping threads took: 0.0000806 seconds
2016-08-24T16:28:14.573+0000: 8413.495: [GC (Allocation Failure) 8413.495: [ParNew
Desired survivor size 8716288 bytes, new threshold 6 (max 6)
- age   1:      68936 bytes,      68936 total
- age   2:       4376 bytes,      73312 total
- age   3:       1096 bytes,      74408 total
- age   4:         72 bytes,      74480 total
- age   5:     215264 bytes,     289744 total
: 136740K->412K(153344K), 0.0061398 secs] 292617K->156290K(1031552K), 0.0062587 secs] [Times: user=0.02 sys=0.00, real=0.00 secs] 
2016-08-24T16:28:14.580+0000: 8413.501: Total time for which application threads were stopped: 0.0073402 seconds, Stopping threads took: 0.0001024 seconds
2016-08-24T16:28:14.626+0000: 8413.547: [GC (Allocation Failure) 8413.547: [ParNew
Desired survivor size 8716288 bytes, new threshold 6 (max 6)
- age   1:      58576 bytes,      58576 total
- age   3:       1336 bytes,      59912 total
- age   4:       1064 bytes,      60976 total
- age   5:         72 bytes,      61048 total
- age   6:     213448 bytes,     274496 total
: 136732K->359K(153344K), 0.0058360 secs] 292610K->156237K(1031552K), 0.0059723 secs] [Times: user=0.01 sys=0.00, real=0.01 secs] 
2016-08-24T16:28:14.632+0000: 8413.553: Total time for which application threads were stopped: 0.0069669 seconds, Stopping threads took: 0.0001037 seconds
2016-08-24T16:28:14.678+0000: 8413.599: [GC (Allocation Failure) 8413.600: [ParNew
Desired survivor size 8716288 bytes, new threshold 6 (max 6)
- age   1:      71600 bytes,      71600 total
- age   2:       5624 bytes,      77224 total
- age   4:       1336 bytes,      78560 total
- age   5:       1064 bytes,      79624 total
- age   6:         72 bytes,      79696 total
: 136679K->264K(153344K), 0.0065429 secs] 292557K->156355K(1031552K), 0.0066683 secs] [Times: user=0.01 sys=0.00, real=0.01 secs] 
2016-08-24T16:28:14.685+0000: 8413.606: Total time for which application threads were stopped: 0.0076772 seconds, Stopping threads took: 0.0000915 seconds
2016-08-24T16:28:14.726+0000: 8413.648: [GC (Allocation Failure) 8413.648: [ParNew
Desired survivor size 8716288 bytes, new threshold 6 (max 6)
- age   1:      61976 bytes,      61976 total
- age   3:       1000 bytes,      62976 total
- age   5:       1304 bytes,      64280 total
- age   6:       1064 bytes,      65344 total
: 136584K->100K(153344K), 0.0049572 secs] 292675K->156190K(1031552K), 0.0050712 secs] [Times: user=0.01 sys=0.00, real=0.01 secs] 
2016-08-24T16:28:14.732+0000: 8413.653: Total time for which application threads were stopped: 0.0059857 seconds, Stopping threads took: 0.0001195 seconds
2016-08-24T16:28:14.769+0000: 8413.691: [GC (Allocation Failure) 8413.691: [ParNew
Desired survivor size 8716288 bytes, new threshold 6 (max 6)
- age   1:      67704 bytes,      67704 total
- age   2:       9432 bytes,      77136 total
- age   4:       1000 bytes,      78136 total
- age   6:       1304 bytes,      79440 total
: 136420K->88K(153344K), 0.0053551 secs] 292510K->156180K(1031552K), 0.0054718 secs] [Times: user=0.01 sys=0.00, real=0.00 secs] 
2016-08-24T16:28:14.775+0000: 8413.696: Total time for which application threads were stopped: 0.0062761 seconds, Stopping threads took: 0.0000983 seconds
2016-08-24T16:28:14.816+0000: 8413.737: [GC (Allocation Failure) 8413.737: [ParNew
Desired survivor size 8716288 bytes, new threshold 6 (max 6)
- age   1:      73424 bytes,      73424 total
- age   3:       1000 bytes,      74424 total
- age   5:        968 bytes,      75392 total
: 136408K->96K(153344K), 0.0053403 secs] 292500K->156189K(1031552K), 0.0054604 secs] [Times: user=0.01 sys=0.00, real=0.01 secs] 
2016-08-24T16:28:14.821+0000: 8413.743: Total time for which application threads were stopped: 0.0063147 seconds, Stopping threads took: 0.0000954 seconds
2016-08-24T16:28:14.859+0000: 8413.781: [GC (Allocation Failure) 8413.781: [ParNew
Desired survivor size 8716288 bytes, new threshold 6 (max 6)
- age   1:      81888 bytes,      81888 total
- age   2:      12776 bytes,      94664 total
- age   4:       1000 bytes,      95664 total
- age   6:        968 bytes,      96632 total
: 136416K->112K(153344K), 0.0050480 secs] 292509K->156205K(1031552K), 0.0051383 secs] [Times: user=0.01 sys=0.00, real=0.01 secs] 
2016-08-24T16:28:14.865+0000: 8413.786: Total time for which application threads were stopped: 0.0059774 seconds, Stopping threads took: 0.0001183 seconds
2016-08-24T16:28:18.866+0000: 8417.788: Total time for which application threads were stopped: 0.0007298 seconds, Stopping threads took: 0.0001309 seconds
2016-08-24T16:28:22.868+0000: 8421.789: Total time for which application threads were stopped: 0.0007640 seconds, Stopping threads took: 0.0001328 seconds
2016-08-24T16:28:23.869+0000: 8422.790: Total time for which application threads were stopped: 0.0007011 seconds, Stopping threads took: 0.0001129 seconds
2016-08-24T16:28:24.421+0000: 8423.342: [GC (Allocation Failure) 8423.342: [ParNew
Desired survivor size 8716288 bytes, new threshold 6 (max 6)
- age   1:    1475096 bytes,    1475096 total
- age   3:        968 bytes,    1476064 total
- age   5:        968 bytes,    1477032 total
: 136432K->1467K(153344K), 0.0088585 secs] 292525K->157561K(1031552K), 0.0089953 secs] [Times: user=0.01 sys=0.00, real=0.01 secs] 
2016-08-24T16:28:24.430+0000: 8423.351: Total time for which application threads were stopped: 0.0098874 seconds, Stopping threads took: 0.0001307 seconds
2016-08-24T16:28:24.468+0000: 8423.389: [GC (Allocation Failure) 8423.389: [ParNew
Desired survivor size 8716288 bytes, new threshold 6 (max 6)
- age   1:      87840 bytes,      87840 total
- age   2:     397712 bytes,     485552 total
- age   4:        968 bytes,     486520 total
- age   6:        968 bytes,     487488 total
: 137787K->665K(153344K), 0.0060736 secs] 293881K->156759K(1031552K), 0.0061793 secs] [Times: user=0.01 sys=0.00, real=0.01 secs] 
2016-08-24T16:28:24.474+0000: 8423.396: Total time for which application threads were stopped: 0.0070368 seconds, Stopping threads took: 0.0000988 seconds
2016-08-24T16:28:24.516+0000: 8423.437: [GC (Allocation Failure) 8423.437: [ParNew
Desired survivor size 8716288 bytes, new threshold 6 (max 6)
- age   1:      62168 bytes,      62168 total
- age   2:        288 bytes,      62456 total
- age   3:     385400 bytes,     447856 total
- age   5:        968 bytes,     448824 total
: 136985K->650K(153344K), 0.0060787 secs] 293079K->156745K(1031552K), 0.0061883 secs] [Times: user=0.02 sys=0.00, real=0.01 secs] 
2016-08-24T16:28:24.522+0000: 8423.444: Total time for which application threads were stopped: 0.0070325 seconds, Stopping threads took: 0.0001006 seconds
2016-08-24T16:28:24.560+0000: 8423.482: [GC (Allocation Failure) 8423.482: [ParNew
Desired survivor size 8716288 bytes, new threshold 6 (max 6)
- age   1:      71952 bytes,      71952 total
- age   2:      14184 bytes,      86136 total
- age   3:        288 bytes,      86424 total
- age   4:     385400 bytes,     471824 total
- age   6:        968 bytes,     472792 total
: 136970K->841K(153344K), 0.0060088 secs] 293065K->156936K(1031552K), 0.0061142 secs] [Times: user=0.01 sys=0.00, real=0.00 secs] 
2016-08-24T16:28:24.566+0000: 8423.488: Total time for which application threads were stopped: 0.0069563 seconds, Stopping threads took: 0.0001015 seconds
2016-08-24T16:28:24.606+0000: 8423.527: [GC (Allocation Failure) 8423.527: [ParNew
Desired survivor size 8716288 bytes, new threshold 6 (max 6)
- age   1:      70368 bytes,      70368 total
- age   3:       1096 bytes,      71464 total
- age   4:        288 bytes,      71752 total
- age   5:     382904 bytes,     454656 total
: 137161K->555K(153344K), 0.0060343 secs] 293256K->156651K(1031552K), 0.0061395 secs] [Times: user=0.01 sys=0.00, real=0.01 secs] 
2016-08-24T16:28:24.612+0000: 8423.534: Total time for which application threads were stopped: 0.0069737 seconds, Stopping threads took: 0.0001030 seconds
2016-08-24T16:28:24.652+0000: 8423.574: [GC (Allocation Failure) 8423.574: [ParNew
Desired survivor size 8716288 bytes, new threshold 6 (max 6)
- age   1:      76168 bytes,      76168 total
- age   2:      17000 bytes,      93168 total
- age   4:       1096 bytes,      94264 total
- age   5:        288 bytes,      94552 total
- age   6:     382904 bytes,     477456 total
: 136875K->594K(153344K), 0.0059937 secs] 292971K->156690K(1031552K), 0.0060988 secs] [Times: user=0.01 sys=0.00, real=0.00 secs] 
2016-08-24T16:28:24.658+0000: 8423.580: Total time for which application threads were stopped: 0.0069313 seconds, Stopping threads took: 0.0001021 seconds
2016-08-24T16:28:24.699+0000: 8423.621: [GC (Allocation Failure) 8423.621: [ParNew
Desired survivor size 8716288 bytes, new threshold 6 (max 6)
- age   1:      76984 bytes,      76984 total
- age   3:       1000 bytes,      77984 total
- age   5:       1064 bytes,      79048 total
- age   6:        288 bytes,      79336 total
: 136914K->451K(153344K), 0.0066875 secs] 293010K->156928K(1031552K), 0.0068066 secs] [Times: user=0.01 sys=0.00, real=0.01 secs] 
2016-08-24T16:28:24.706+0000: 8423.628: Total time for which application threads were stopped: 0.0076455 seconds, Stopping threads took: 0.0001029 seconds
2016-08-24T16:28:24.745+0000: 8423.666: [GC (Allocation Failure) 8423.667: [ParNew
Desired survivor size 8716288 bytes, new threshold 6 (max 6)
- age   1:      74880 bytes,      74880 total
- age   2:      19600 bytes,      94480 total
- age   4:       1000 bytes,      95480 total
- age   6:       1064 bytes,      96544 total
: 136771K->147K(153344K), 0.0051134 secs] 293248K->156623K(1031552K), 0.0052229 secs] [Times: user=0.01 sys=0.00, real=0.01 secs] 
2016-08-24T16:28:24.750+0000: 8423.672: Total time for which application threads were stopped: 0.0060593 seconds, Stopping threads took: 0.0000976 seconds
2016-08-24T16:28:24.791+0000: 8423.713: [GC (Allocation Failure) 8423.713: [ParNew
Desired survivor size 8716288 bytes, new threshold 6 (max 6)
- age   1:      76488 bytes,      76488 total
- age   3:       1000 bytes,      77488 total
- age   5:        968 bytes,      78456 total
: 136467K->112K(153344K), 0.0052362 secs] 292943K->156590K(1031552K), 0.0053373 secs] [Times: user=0.01 sys=0.00, real=0.00 secs] 
2016-08-24T16:28:24.797+0000: 8423.718: Total time for which application threads were stopped: 0.0061605 seconds, Stopping threads took: 0.0001003 seconds
2016-08-24T16:28:24.836+0000: 8423.758: [GC (Allocation Failure) 8423.758: [ParNew
Desired survivor size 8716288 bytes, new threshold 6 (max 6)
- age   1:      59184 bytes,      59184 total
- age   2:       1000 bytes,      60184 total
- age   4:        968 bytes,      61152 total
- age   6:        968 bytes,      62120 total
: 136432K->76K(153344K), 0.0051055 secs] 292910K->156554K(1031552K), 0.0052090 secs] [Times: user=0.01 sys=0.00, real=0.01 secs] 
2016-08-24T16:28:24.842+0000: 8423.763: Total time for which application threads were stopped: 0.0060741 seconds, Stopping threads took: 0.0000958 seconds
2016-08-24T16:28:24.882+0000: 8423.803: [GC (Allocation Failure) 8423.803: [ParNew
Desired survivor size 8716288 bytes, new threshold 6 (max 6)
- age   1:      91576 bytes,      91576 total
- age   2:       4632 bytes,      96208 total
- age   3:       1000 bytes,      97208 total
- age   5:        968 bytes,      98176 total
: 136396K->112K(153344K), 0.0052481 secs] 292874K->156591K(1031552K), 0.0053513 secs] [Times: user=0.01 sys=0.00, real=0.00 secs] 
2016-08-24T16:28:24.887+0000: 8423.809: Total time for which application threads were stopped: 0.0061891 seconds, Stopping threads took: 0.0000999 seconds
2016-08-24T16:28:34.334+0000: 8433.255: [GC (Allocation Failure) 8433.256: [ParNew
Desired survivor size 8716288 bytes, new threshold 6 (max 6)
- age   1:     905656 bytes,     905656 total
- age   3:        968 bytes,     906624 total
- age   4:        968 bytes,     907592 total
- age   6:        968 bytes,     908560 total
: 136432K->912K(153344K), 0.0077329 secs] 292911K->157391K(1031552K), 0.0078640 secs] [Times: user=0.02 sys=0.00, real=0.01 secs] 
2016-08-24T16:28:34.342+0000: 8433.263: Total time for which application threads were stopped: 0.0087713 seconds, Stopping threads took: 0.0001051 seconds
2016-08-24T16:28:34.381+0000: 8433.303: [GC (Allocation Failure) 8433.303: [ParNew
Desired survivor size 8716288 bytes, new threshold 6 (max 6)
- age   1:      83752 bytes,      83752 total
- age   2:     229232 bytes,     312984 total
- age   4:        968 bytes,     313952 total
- age   5:        968 bytes,     314920 total
: 137232K->416K(153344K), 0.0057278 secs] 293711K->156895K(1031552K), 0.0058347 secs] [Times: user=0.01 sys=0.00, real=0.00 secs] 
2016-08-24T16:28:34.387+0000: 8433.309: Total time for which application threads were stopped: 0.0066646 seconds, Stopping threads took: 0.0000979 seconds
2016-08-24T16:28:34.429+0000: 8433.350: [GC (Allocation Failure) 8433.350: [ParNew
Desired survivor size 8716288 bytes, new threshold 6 (max 6)
- age   1:      50080 bytes,      50080 total
- age   2:        160 bytes,      50240 total
- age   3:     223640 bytes,     273880 total
- age   5:        968 bytes,     274848 total
- age   6:        968 bytes,     275816 total
: 136736K->412K(153344K), 0.0057681 secs] 293215K->156891K(1031552K), 0.0058854 secs] [Times: user=0.01 sys=0.00, real=0.00 secs] 
2016-08-24T16:28:34.435+0000: 8433.356: Total time for which application threads were stopped: 0.0067421 seconds, Stopping threads took: 0.0001024 seconds
2016-08-24T16:28:34.474+0000: 8433.396: [GC (Allocation Failure) 8433.396: [ParNew
Desired survivor size 8716288 bytes, new threshold 6 (max 6)
- age   1:      64232 bytes,      64232 total
- age   2:       7472 bytes,      71704 total
- age   3:        160 bytes,      71864 total
- age   4:     223640 bytes,     295504 total
- age   6:        968 bytes,     296472 total
: 136732K->411K(153344K), 0.0058050 secs] 293211K->156891K(1031552K), 0.0059161 secs] [Times: user=0.01 sys=0.00, real=0.01 secs] 
2016-08-24T16:28:34.480+0000: 8433.402: Total time for which application threads were stopped: 0.0067281 seconds, Stopping threads took: 0.0000991 seconds
2016-08-24T16:28:34.522+0000: 8433.444: [GC (Allocation Failure) 8433.444: [ParNew
Desired survivor size 8716288 bytes, new threshold 6 (max 6)
- age   1:      50848 bytes,      50848 total
- age   3:       1096 bytes,      51944 total
- age   4:         88 bytes,      52032 total
- age   5:     221792 bytes,     273824 total
: 136731K->392K(153344K), 0.0062138 secs] 293211K->156874K(1031552K), 0.0063285 secs] [Times: user=0.02 sys=0.00, real=0.01 secs] 
2016-08-24T16:28:34.529+0000: 8433.450: Total time for which application threads were stopped: 0.0071802 seconds, Stopping threads took: 0.0000974 seconds
2016-08-24T16:28:34.570+0000: 8433.491: [GC (Allocation Failure) 8433.492: [ParNew
Desired survivor size 8716288 bytes, new threshold 6 (max 6)
- age   1:      73136 bytes,      73136 total
- age   2:      10536 bytes,      83672 total
- age   4:       1096 bytes,      84768 total
- age   5:         88 bytes,      84856 total
- age   6:     221792 bytes,     306648 total
: 136712K->387K(153344K), 0.0065276 secs] 293194K->156868K(1031552K), 0.0066423 secs] [Times: user=0.01 sys=0.00, real=0.00 secs] 
2016-08-24T16:28:34.577+0000: 8433.498: Total time for which application threads were stopped: 0.0075240 seconds, Stopping threads took: 0.0001372 seconds
2016-08-24T16:28:34.619+0000: 8433.540: [GC (Allocation Failure) 8433.540: [ParNew
Desired survivor size 8716288 bytes, new threshold 6 (max 6)
- age   1:      71952 bytes,      71952 total
- age   3:       1248 bytes,      73200 total
- age   5:       1064 bytes,      74264 total
- age   6:         88 bytes,      74352 total
: 136707K->295K(153344K), 0.0065441 secs] 293188K->156995K(1031552K), 0.0066720 secs] [Times: user=0.02 sys=0.00, real=0.01 secs] 
2016-08-24T16:28:34.626+0000: 8433.547: Total time for which application threads were stopped: 0.0075105 seconds, Stopping threads took: 0.0001009 seconds
2016-08-24T16:28:34.666+0000: 8433.588: [GC (Allocation Failure) 8433.588: [ParNew
Desired survivor size 8716288 bytes, new threshold 6 (max 6)
- age   1:      61088 bytes,      61088 total
- age   2:      13992 bytes,      75080 total
- age   4:       1248 bytes,      76328 total
- age   6:       1064 bytes,      77392 total
: 136615K->140K(153344K), 0.0059252 secs] 293315K->156841K(1031552K), 0.0060371 secs] [Times: user=0.01 sys=0.00, real=0.01 secs] 
2016-08-24T16:28:34.672+0000: 8433.594: Total time for which application threads were stopped: 0.0068889 seconds, Stopping threads took: 0.0001014 seconds
2016-08-24T16:28:34.714+0000: 8433.636: [GC (Allocation Failure) 8433.636: [ParNew
Desired survivor size 8716288 bytes, new threshold 6 (max 6)
- age   1:      74840 bytes,      74840 total
- age   3:       1000 bytes,      75840 total
- age   5:       1216 bytes,      77056 total
: 136460K->89K(153344K), 0.0060564 secs] 293161K->156790K(1031552K), 0.0061705 secs] [Times: user=0.01 sys=0.00, real=0.01 secs] 
2016-08-24T16:28:34.721+0000: 8433.642: Total time for which application threads were stopped: 0.0070412 seconds, Stopping threads took: 0.0001157 seconds
2016-08-24T16:28:34.762+0000: 8433.683: [GC (Allocation Failure) 8433.683: [ParNew
Desired survivor size 8716288 bytes, new threshold 6 (max 6)
- age   1:      85600 bytes,      85600 total
- age   2:      16240 bytes,     101840 total
- age   4:       1000 bytes,     102840 total
- age   6:       1144 bytes,     103984 total
: 136409K->131K(153344K), 0.0060114 secs] 293110K->156832K(1031552K), 0.0061422 secs] [Times: user=0.01 sys=0.00, real=0.00 secs] 
2016-08-24T16:28:34.768+0000: 8433.689: Total time for which application threads were stopped: 0.0070286 seconds, Stopping threads took: 0.0001029 seconds
2016-08-24T16:28:34.810+0000: 8433.731: [GC (Allocation Failure) 8433.731: [ParNew
Desired survivor size 8716288 bytes, new threshold 6 (max 6)
- age   1:      80632 bytes,      80632 total
- age   2:        248 bytes,      80880 total
- age   3:       1000 bytes,      81880 total
- age   5:        968 bytes,      82848 total
: 136451K->94K(153344K), 0.0060115 secs] 293152K->156797K(1031552K), 0.0061258 secs] [Times: user=0.01 sys=0.00, real=0.00 secs] 
2016-08-24T16:28:34.816+0000: 8433.738: Total time for which application threads were stopped: 0.0069852 seconds, Stopping threads took: 0.0001057 seconds
2016-08-24T16:28:34.857+0000: 8433.779: [GC (Allocation Failure) 8433.779: [ParNew
Desired survivor size 8716288 bytes, new threshold 6 (max 6)
- age   1:      61904 bytes,      61904 total
- age   2:      19336 bytes,      81240 total
- age   3:        248 bytes,      81488 total
- age   4:       1000 bytes,      82488 total
- age   6:        968 bytes,      83456 total
: 136414K->108K(153344K), 0.0059622 secs] 293117K->156810K(1031552K), 0.0060787 secs] [Times: user=0.01 sys=0.00, real=0.01 secs] 
2016-08-24T16:28:34.863+0000: 8433.785: Total time for which application threads were stopped: 0.0069660 seconds, Stopping threads took: 0.0001037 seconds
2016-08-24T16:28:44.449+0000: 8443.371: [GC (Allocation Failure) 8443.371: [ParNew
Desired survivor size 8716288 bytes, new threshold 6 (max 6)
- age   1:    1139400 bytes,    1139400 total
- age   3:        968 bytes,    1140368 total
- age   4:        128 bytes,    1140496 total
- age   5:        968 bytes,    1141464 total
: 136428K->1138K(153344K), 0.0081248 secs] 293130K->157842K(1031552K), 0.0082531 secs] [Times: user=0.02 sys=0.00, real=0.00 secs] 
2016-08-24T16:28:44.458+0000: 8443.379: Total time for which application threads were stopped: 0.0091070 seconds, Stopping threads took: 0.0001011 seconds
2016-08-24T16:28:44.498+0000: 8443.420: [GC (Allocation Failure) 8443.420: [ParNew
Desired survivor size 8716288 bytes, new threshold 6 (max 6)
- age   1:      80488 bytes,      80488 total
- age   2:     333688 bytes,     414176 total
- age   4:        968 bytes,     415144 total
- age   5:        128 bytes,     415272 total
- age   6:        968 bytes,     416240 total
: 137458K->566K(153344K), 0.0058767 secs] 294162K->157269K(1031552K), 0.0059810 secs] [Times: user=0.01 sys=0.00, real=0.01 secs] 
2016-08-24T16:28:44.504+0000: 8443.426: Total time for which application threads were stopped: 0.0068163 seconds, Stopping threads took: 0.0000987 seconds
2016-08-24T16:28:44.544+0000: 8443.465: [GC (Allocation Failure) 8443.465: [ParNew
Desired survivor size 8716288 bytes, new threshold 6 (max 6)
- age   1:      78280 bytes,      78280 total
- age   2:         72 bytes,      78352 total
- age   3:     313768 bytes,     392120 total
- age   5:        968 bytes,     393088 total
- age   6:        128 bytes,     393216 total
: 136886K->554K(153344K), 0.0055536 secs] 293589K->157258K(1031552K), 0.0056606 secs] [Times: user=0.01 sys=0.00, real=0.01 secs] 
2016-08-24T16:28:44.549+0000: 8443.471: Total time for which application threads were stopped: 0.0064691 seconds, Stopping threads took: 0.0000959 seconds
2016-08-24T16:28:44.591+0000: 8443.512: [GC (Allocation Failure) 8443.512: [ParNew
Desired survivor size 8716288 bytes, new threshold 6 (max 6)
- age   1:      67704 bytes,      67704 total
- age   2:       1096 bytes,      68800 total
- age   3:         72 bytes,      68872 total
- age   4:     311920 bytes,     380792 total
- age   6:        968 bytes,     381760 total
: 136874K->560K(153344K), 0.0057778 secs] 293578K->157265K(1031552K), 0.0058945 secs] [Times: user=0.01 sys=0.00, real=0.00 secs] 
2016-08-24T16:28:44.597+0000: 8443.518: Total time for which application threads were stopped: 0.0066787 seconds, Stopping threads took: 0.0000924 seconds
2016-08-24T16:28:44.637+0000: 8443.558: [GC (Allocation Failure) 8443.558: [ParNew
Desired survivor size 8716288 bytes, new threshold 6 (max 6)
- age   1:      68080 bytes,      68080 total
- age   2:       4104 bytes,      72184 total
- age   3:       1096 bytes,      73280 total
- age   4:         72 bytes,      73352 total
- age   5:     311920 bytes,     385272 total
: 136880K->542K(153344K), 0.0061091 secs] 293585K->157248K(1031552K), 0.0062317 secs] [Times: user=0.02 sys=0.00, real=0.01 secs] 
2016-08-24T16:28:44.643+0000: 8443.565: Total time for which application threads were stopped: 0.0071422 seconds, Stopping threads took: 0.0001011 seconds
2016-08-24T16:28:44.685+0000: 8443.606: [GC (Allocation Failure) 8443.606: [ParNew
Desired survivor size 8716288 bytes, new threshold 6 (max 6)
- age   1:      53872 bytes,      53872 total
- age   3:       1000 bytes,      54872 total
- age   4:       1064 bytes,      55936 total
- age   5:         72 bytes,      56008 total
- age   6:     310104 bytes,     366112 total
: 136862K->544K(153344K), 0.0059961 secs] 293568K->157250K(1031552K), 0.0060847 secs] [Times: user=0.01 sys=0.00, real=0.01 secs] 
2016-08-24T16:28:44.691+0000: 8443.612: Total time for which application threads were stopped: 0.0069177 seconds, Stopping threads took: 0.0001059 seconds
2016-08-24T16:28:44.730+0000: 8443.652: [GC (Allocation Failure) 8443.652: [ParNew
Desired survivor size 8716288 bytes, new threshold 6 (max 6)
- age   1:      83480 bytes,      83480 total
- age   2:       6192 bytes,      89672 total
- age   4:       1000 bytes,      90672 total
- age   5:       1064 bytes,      91736 total
- age   6:         72 bytes,      91808 total
: 136864K->362K(153344K), 0.0071168 secs] 293570K->157378K(1031552K), 0.0072363 secs] [Times: user=0.01 sys=0.00, real=0.00 secs] 
2016-08-24T16:28:44.738+0000: 8443.659: Total time for which application threads were stopped: 0.0081031 seconds, Stopping threads took: 0.0001017 seconds
2016-08-24T16:28:44.779+0000: 8443.701: [GC (Allocation Failure) 8443.701: [ParNew
Desired survivor size 8716288 bytes, new threshold 6 (max 6)
- age   1:      72248 bytes,      72248 total
- age   3:       1000 bytes,      73248 total
- age   5:        968 bytes,      74216 total
- age   6:       1064 bytes,      75280 total
: 136682K->126K(153344K), 0.0055336 secs] 293698K->157142K(1031552K), 0.0056236 secs] [Times: user=0.01 sys=0.00, real=0.01 secs] 
2016-08-24T16:28:44.785+0000: 8443.707: Total time for which application threads were stopped: 0.0064703 seconds, Stopping threads took: 0.0001023 seconds
2016-08-24T16:28:44.825+0000: 8443.747: [GC (Allocation Failure) 8443.747: [ParNew
Desired survivor size 8716288 bytes, new threshold 6 (max 6)
- age   1:      61808 bytes,      61808 total
- age   2:       9432 bytes,      71240 total
- age   4:       1000 bytes,      72240 total
- age   6:        968 bytes,      73208 total
: 136446K->90K(153344K), 0.0057682 secs] 293462K->157106K(1031552K), 0.0058812 secs] [Times: user=0.01 sys=0.00, real=0.01 secs] 
2016-08-24T16:28:44.831+0000: 8443.753: Total time for which application threads were stopped: 0.0067709 seconds, Stopping threads took: 0.0001347 seconds
2016-08-24T16:28:44.873+0000: 8443.795: [GC (Allocation Failure) 8443.795: [ParNew
Desired survivor size 8716288 bytes, new threshold 6 (max 6)
- age   1:      71520 bytes,      71520 total
- age   3:       1000 bytes,      72520 total
- age   5:        968 bytes,      73488 total
: 136410K->93K(153344K), 0.0054924 secs] 293426K->157110K(1031552K), 0.0055820 secs] [Times: user=0.01 sys=0.00, real=0.00 secs] 
2016-08-24T16:28:44.879+0000: 8443.800: Total time for which application threads were stopped: 0.0064118 seconds, Stopping threads took: 0.0001038 seconds
2016-08-24T16:28:44.919+0000: 8443.840: [GC (Allocation Failure) 8443.841: [ParNew
Desired survivor size 8716288 bytes, new threshold 6 (max 6)
- age   1:      78504 bytes,      78504 total
- age   2:      12992 bytes,      91496 total
- age   4:       1000 bytes,      92496 total
- age   6:        968 bytes,      93464 total
: 136413K->107K(153344K), 0.0058263 secs] 293430K->157124K(1031552K), 0.0059397 secs] [Times: user=0.01 sys=0.00, real=0.01 secs] 
2016-08-24T16:28:44.925+0000: 8443.847: Total time for which application threads were stopped: 0.0068250 seconds, Stopping threads took: 0.0001020 seconds
2016-08-24T16:28:48.928+0000: 8447.849: Total time for which application threads were stopped: 0.0018053 seconds, Stopping threads took: 0.0002591 seconds
2016-08-24T16:28:54.390+0000: 8453.312: [GC (Allocation Failure) 8453.312: [ParNew
Desired survivor size 8716288 bytes, new threshold 6 (max 6)
- age   1:    1177760 bytes,    1177760 total
- age   3:        968 bytes,    1178728 total
- age   5:        968 bytes,    1179696 total
: 136427K->1176K(153344K), 0.0086877 secs] 293444K->158195K(1031552K), 0.0088098 secs] [Times: user=0.02 sys=0.00, real=0.00 secs] 
2016-08-24T16:28:54.399+0000: 8453.321: Total time for which application threads were stopped: 0.0096414 seconds, Stopping threads took: 0.0000978 seconds
2016-08-24T16:28:54.439+0000: 8453.361: [GC (Allocation Failure) 8453.361: [ParNew
Desired survivor size 8716288 bytes, new threshold 6 (max 6)
- age   1:      74168 bytes,      74168 total
- age   2:     309904 bytes,     384072 total
- age   4:        968 bytes,     385040 total
- age   6:        968 bytes,     386008 total
: 137496K->561K(153344K), 0.0060741 secs] 294515K->157580K(1031552K), 0.0061775 secs] [Times: user=0.01 sys=0.00, real=0.01 secs] 
2016-08-24T16:28:54.445+0000: 8453.367: Total time for which application threads were stopped: 0.0070301 seconds, Stopping threads took: 0.0001269 seconds
2016-08-24T16:28:54.485+0000: 8453.406: [GC (Allocation Failure) 8453.406: [ParNew
Desired survivor size 8716288 bytes, new threshold 6 (max 6)
- age   1:      60104 bytes,      60104 total
- age   2:         72 bytes,      60176 total
- age   3:     296648 bytes,     356824 total
- age   5:        968 bytes,     357792 total
: 136881K->515K(153344K), 0.0059479 secs] 293900K->157535K(1031552K), 0.0060546 secs] [Times: user=0.01 sys=0.00, real=0.01 secs] 
2016-08-24T16:28:54.491+0000: 8453.412: Total time for which application threads were stopped: 0.0069299 seconds, Stopping threads took: 0.0001256 seconds
2016-08-24T16:28:54.531+0000: 8453.453: [GC (Allocation Failure) 8453.453: [ParNew
Desired survivor size 8716288 bytes, new threshold 6 (max 6)
- age   1:      79384 bytes,      79384 total
- age   2:      14560 bytes,      93944 total
- age   3:         72 bytes,      94016 total
- age   4:     295872 bytes,     389888 total
- age   6:        968 bytes,     390856 total
: 136835K->507K(153344K), 0.0060753 secs] 293855K->157526K(1031552K), 0.0061802 secs] [Times: user=0.02 sys=0.00, real=0.00 secs] 
2016-08-24T16:28:54.538+0000: 8453.459: Total time for which application threads were stopped: 0.0070100 seconds, Stopping threads took: 0.0001033 seconds
2016-08-24T16:28:54.577+0000: 8453.498: [GC (Allocation Failure) 8453.499: [ParNew
Desired survivor size 8716288 bytes, new threshold 6 (max 6)
- age   1:      65192 bytes,      65192 total
- age   2:        448 bytes,      65640 total
- age   3:       1096 bytes,      66736 total
- age   4:         72 bytes,      66808 total
- age   5:     294024 bytes,     360832 total
: 136827K->545K(153344K), 0.0062639 secs] 293846K->157566K(1031552K), 0.0063787 secs] [Times: user=0.01 sys=0.00, real=0.01 secs] 
2016-08-24T16:28:54.583+0000: 8453.505: Total time for which application threads were stopped: 0.0072719 seconds, Stopping threads took: 0.0001005 seconds
2016-08-24T16:28:54.624+0000: 8453.545: [GC (Allocation Failure) 8453.546: [ParNew
Desired survivor size 8716288 bytes, new threshold 6 (max 6)
- age   1:      82928 bytes,      82928 total
- age   2:      17760 bytes,     100688 total
- age   3:        448 bytes,     101136 total
- age   4:       1096 bytes,     102232 total
- age   5:         72 bytes,     102304 total
- age   6:     294024 bytes,     396328 total
: 136865K->519K(153344K), 0.0061406 secs] 293886K->157539K(1031552K), 0.0062451 secs] [Times: user=0.01 sys=0.00, real=0.01 secs] 
2016-08-24T16:28:54.630+0000: 8453.552: Total time for which application threads were stopped: 0.0070783 seconds, Stopping threads took: 0.0001224 seconds
2016-08-24T16:28:54.671+0000: 8453.593: [GC (Allocation Failure) 8453.593: [ParNew
Desired survivor size 8716288 bytes, new threshold 6 (max 6)
- age   1:      79576 bytes,      79576 total
- age   3:       1000 bytes,      80576 total
- age   4:        448 bytes,      81024 total
- age   5:       1064 bytes,      82088 total
- age   6:         72 bytes,      82160 total
: 136839K->379K(153344K), 0.0068071 secs] 293859K->157691K(1031552K), 0.0069251 secs] [Times: user=0.02 sys=0.00, real=0.00 secs] 
2016-08-24T16:28:54.679+0000: 8453.600: Total time for which application threads were stopped: 0.0077753 seconds, Stopping threads took: 0.0001025 seconds
2016-08-24T16:28:54.719+0000: 8453.640: [GC (Allocation Failure) 8453.640: [ParNew
Desired survivor size 8716288 bytes, new threshold 6 (max 6)
- age   1:      85008 bytes,      85008 total
- age   2:      20696 bytes,     105704 total
- age   4:       1000 bytes,     106704 total
- age   5:        448 bytes,     107152 total
- age   6:       1064 bytes,     108216 total
: 136699K->178K(153344K), 0.0055277 secs] 294011K->157490K(1031552K), 0.0056247 secs] [Times: user=0.01 sys=0.00, real=0.01 secs] 
2016-08-24T16:28:54.724+0000: 8453.646: Total time for which application threads were stopped: 0.0064184 seconds, Stopping threads took: 0.0001012 seconds
2016-08-24T16:28:54.766+0000: 8453.687: [GC (Allocation Failure) 8453.687: [ParNew
Desired survivor size 8716288 bytes, new threshold 6 (max 6)
- age   1:      95520 bytes,      95520 total
- age   3:       1000 bytes,      96520 total
- age   5:        968 bytes,      97488 total
- age   6:        448 bytes,      97936 total
: 136498K->136K(153344K), 0.0056260 secs] 293810K->157450K(1031552K), 0.0057419 secs] [Times: user=0.01 sys=0.00, real=0.01 secs] 
2016-08-24T16:28:54.772+0000: 8453.693: Total time for which application threads were stopped: 0.0066103 seconds, Stopping threads took: 0.0000998 seconds
2016-08-24T16:28:54.813+0000: 8453.735: [GC (Allocation Failure) 8453.735: [ParNew
Desired survivor size 8716288 bytes, new threshold 6 (max 6)
- age   1:      54504 bytes,      54504 total
- age   2:       1000 bytes,      55504 total
- age   4:        968 bytes,      56472 total
- age   6:        968 bytes,      57440 total
: 136456K->86K(153344K), 0.0056848 secs] 293770K->157400K(1031552K), 0.0058063 secs] [Times: user=0.01 sys=0.00, real=0.00 secs] 
2016-08-24T16:28:54.819+0000: 8453.741: Total time for which application threads were stopped: 0.0066811 seconds, Stopping threads took: 0.0001019 seconds
2016-08-24T16:28:54.860+0000: 8453.781: [GC (Allocation Failure) 8453.781: [ParNew
Desired survivor size 8716288 bytes, new threshold 6 (max 6)
- age   1:      83040 bytes,      83040 total
- age   2:       4976 bytes,      88016 total
- age   3:       1000 bytes,      89016 total
- age   5:        968 bytes,      89984 total
: 136406K->101K(153344K), 0.0062895 secs] 293720K->157416K(1031552K), 0.0064131 secs] [Times: user=0.01 sys=0.00, real=0.01 secs] 
2016-08-24T16:28:54.866+0000: 8453.788: Total time for which application threads were stopped: 0.0072771 seconds, Stopping threads took: 0.0001192 seconds
2016-08-24T16:28:55.867+0000: 8454.789: Total time for which application threads were stopped: 0.0007238 seconds, Stopping threads took: 0.0001291 seconds
2016-08-24T16:28:58.662+0000: 8457.584: Total time for which application threads were stopped: 0.0006614 seconds, Stopping threads took: 0.0000942 seconds
2016-08-24T16:28:58.663+0000: 8457.584: Total time for which application threads were stopped: 0.0002847 seconds, Stopping threads took: 0.0000235 seconds
2016-08-24T16:28:58.663+0000: 8457.585: Total time for which application threads were stopped: 0.0004197 seconds, Stopping threads took: 0.0000864 seconds
2016-08-24T16:28:58.810+0000: 8457.732: Total time for which application threads were stopped: 0.0006280 seconds, Stopping threads took: 0.0000758 seconds
2016-08-24T16:28:58.811+0000: 8457.732: Total time for which application threads were stopped: 0.0004948 seconds, Stopping threads took: 0.0001533 seconds
2016-08-24T16:28:58.813+0000: 8457.734: Total time for which application threads were stopped: 0.0019107 seconds, Stopping threads took: 0.0000967 seconds
2016-08-24T16:29:01.814+0000: 8460.736: Total time for which application threads were stopped: 0.0008000 seconds, Stopping threads took: 0.0001263 seconds
2016-08-24T16:29:04.547+0000: 8463.469: [GC (Allocation Failure) 8463.469: [ParNew
Desired survivor size 8716288 bytes, new threshold 6 (max 6)
- age   1:    1021432 bytes,    1021432 total
- age   3:        968 bytes,    1022400 total
- age   4:        968 bytes,    1023368 total
- age   6:        968 bytes,    1024336 total
: 136421K->1017K(153344K), 0.0075373 secs] 293736K->158332K(1031552K), 0.0076712 secs] [Times: user=0.01 sys=0.00, real=0.01 secs] 
2016-08-24T16:29:04.555+0000: 8463.477: Total time for which application threads were stopped: 0.0085558 seconds, Stopping threads took: 0.0001225 seconds
2016-08-24T16:29:04.595+0000: 8463.517: [GC (Allocation Failure) 8463.517: [ParNew
Desired survivor size 8716288 bytes, new threshold 6 (max 6)
- age   1:      66432 bytes,      66432 total
- age   2:     297792 bytes,     364224 total
- age   4:        968 bytes,     365192 total
- age   5:        968 bytes,     366160 total
: 137337K->532K(153344K), 0.0055550 secs] 294652K->157848K(1031552K), 0.0056658 secs] [Times: user=0.01 sys=0.00, real=0.01 secs] 
2016-08-24T16:29:04.601+0000: 8463.522: Total time for which application threads were stopped: 0.0064954 seconds, Stopping threads took: 0.0001046 seconds
2016-08-24T16:29:04.642+0000: 8463.564: [GC (Allocation Failure) 8463.564: [ParNew
Desired survivor size 8716288 bytes, new threshold 6 (max 6)
- age   1:      64616 bytes,      64616 total
- age   2:        160 bytes,      64776 total
- age   3:     292000 bytes,     356776 total
- age   5:        968 bytes,     357744 total
- age   6:        968 bytes,     358712 total
: 136852K->491K(153344K), 0.0053990 secs] 294168K->157807K(1031552K), 0.0055058 secs] [Times: user=0.01 sys=0.00, real=0.00 secs] 
2016-08-24T16:29:04.648+0000: 8463.570: Total time for which application threads were stopped: 0.0063229 seconds, Stopping threads took: 0.0001030 seconds
2016-08-24T16:29:04.686+0000: 8463.608: [GC (Allocation Failure) 8463.608: [ParNew
Desired survivor size 8716288 bytes, new threshold 6 (max 6)
- age   1:      69968 bytes,      69968 total
- age   2:       7728 bytes,      77696 total
- age   3:        160 bytes,      77856 total
- age   4:     292000 bytes,     369856 total
- age   6:        968 bytes,     370824 total
: 136811K->505K(153344K), 0.0055077 secs] 294127K->157822K(1031552K), 0.0056096 secs] [Times: user=0.01 sys=0.00, real=0.01 secs] 
2016-08-24T16:29:04.692+0000: 8463.613: Total time for which application threads were stopped: 0.0064251 seconds, Stopping threads took: 0.0000987 seconds
2016-08-24T16:29:04.733+0000: 8463.655: [GC (Allocation Failure) 8463.655: [ParNew
Desired survivor size 8716288 bytes, new threshold 6 (max 6)
- age   1:      57272 bytes,      57272 total
- age   3:       1096 bytes,      58368 total
- age   4:        160 bytes,      58528 total
- age   5:     289720 bytes,     348248 total
: 136825K->519K(153344K), 0.0055381 secs] 294142K->157837K(1031552K), 0.0056412 secs] [Times: user=0.01 sys=0.00, real=0.00 secs] 
2016-08-24T16:29:04.739+0000: 8463.660: Total time for which application threads were stopped: 0.0064738 seconds, Stopping threads took: 0.0001088 seconds
2016-08-24T16:29:04.777+0000: 8463.698: [GC (Allocation Failure) 8463.698: [ParNew
Desired survivor size 8716288 bytes, new threshold 6 (max 6)
- age   1:      90176 bytes,      90176 total
- age   2:      10448 bytes,     100624 total
- age   4:       1096 bytes,     101720 total
- age   5:        160 bytes,     101880 total
- age   6:     289720 bytes,     391600 total
: 136839K->501K(153344K), 0.0055591 secs] 294157K->157819K(1031552K), 0.0056746 secs] [Times: user=0.01 sys=0.00, real=0.01 secs] 
2016-08-24T16:29:04.783+0000: 8463.704: Total time for which application threads were stopped: 0.0065293 seconds, Stopping threads took: 0.0001030 seconds
2016-08-24T16:29:04.823+0000: 8463.745: [GC (Allocation Failure) 8463.745: [ParNew
Desired survivor size 8716288 bytes, new threshold 6 (max 6)
- age   1:      64864 bytes,      64864 total
- age   3:       1000 bytes,      65864 total
- age   5:       1064 bytes,      66928 total
- age   6:        160 bytes,      67088 total
: 136821K->375K(153344K), 0.0064826 secs] 294139K->157980K(1031552K), 0.0065896 secs] [Times: user=0.01 sys=0.00, real=0.01 secs] 
2016-08-24T16:29:04.830+0000: 8463.751: Total time for which application threads were stopped: 0.0074065 seconds, Stopping threads took: 0.0001004 seconds
2016-08-24T16:29:04.870+0000: 8463.791: [GC (Allocation Failure) 8463.791: [ParNew
Desired survivor size 8716288 bytes, new threshold 6 (max 6)
- age   1:      68072 bytes,      68072 total
- age   2:      14088 bytes,      82160 total
- age   4:       1000 bytes,      83160 total
- age   6:       1064 bytes,      84224 total
: 136695K->169K(153344K), 0.0054160 secs] 294300K->157774K(1031552K), 0.0055154 secs] [Times: user=0.01 sys=0.00, real=0.00 secs] 
2016-08-24T16:29:04.875+0000: 8463.797: Total time for which application threads were stopped: 0.0063124 seconds, Stopping threads took: 0.0000846 seconds
2016-08-24T16:29:04.916+0000: 8463.837: [GC (Allocation Failure) 8463.837: [ParNew
Desired survivor size 8716288 bytes, new threshold 6 (max 6)
- age   1:      78136 bytes,      78136 total
- age   3:       1000 bytes,      79136 total
- age   5:        968 bytes,      80104 total
: 136489K->101K(153344K), 0.0057629 secs] 294094K->157707K(1031552K), 0.0058752 secs] [Times: user=0.01 sys=0.00, real=0.01 secs] 
2016-08-24T16:29:04.922+0000: 8463.843: Total time for which application threads were stopped: 0.0067269 seconds, Stopping threads took: 0.0001001 seconds
2016-08-24T16:29:04.962+0000: 8463.884: [GC (Allocation Failure) 8463.884: [ParNew
Desired survivor size 8716288 bytes, new threshold 6 (max 6)
- age   1:      65848 bytes,      65848 total
- age   2:      16736 bytes,      82584 total
- age   4:       1000 bytes,      83584 total
- age   6:        968 bytes,      84552 total
: 136421K->98K(153344K), 0.0056288 secs] 294027K->157704K(1031552K), 0.0057187 secs] [Times: user=0.01 sys=0.00, real=0.00 secs] 
2016-08-24T16:29:04.968+0000: 8463.889: Total time for which application threads were stopped: 0.0065696 seconds, Stopping threads took: 0.0001122 seconds
2016-08-24T16:29:05.007+0000: 8463.929: [GC (Allocation Failure) 8463.929: [ParNew
Desired survivor size 8716288 bytes, new threshold 6 (max 6)
- age   1:      69392 bytes,      69392 total
- age   3:       1000 bytes,      70392 total
- age   5:        968 bytes,      71360 total
: 136418K->104K(153344K), 0.0053378 secs] 294024K->157711K(1031552K), 0.0054249 secs] [Times: user=0.01 sys=0.00, real=0.01 secs] 
2016-08-24T16:29:05.013+0000: 8463.934: Total time for which application threads were stopped: 0.0062246 seconds, Stopping threads took: 0.0000945 seconds
2016-08-24T16:29:05.053+0000: 8463.974: [GC (Allocation Failure) 8463.974: [ParNew
Desired survivor size 8716288 bytes, new threshold 6 (max 6)
- age   1:      74192 bytes,      74192 total
- age   2:      19336 bytes,      93528 total
- age   4:       1000 bytes,      94528 total
- age   6:        968 bytes,      95496 total
: 136424K->108K(153344K), 0.0056927 secs] 294031K->157716K(1031552K), 0.0058060 secs] [Times: user=0.01 sys=0.00, real=0.00 secs] 
2016-08-24T16:29:05.059+0000: 8463.980: Total time for which application threads were stopped: 0.0067051 seconds, Stopping threads took: 0.0000982 seconds
2016-08-24T16:29:14.384+0000: 8473.306: [GC (Allocation Failure) 8473.306: [ParNew
Desired survivor size 8716288 bytes, new threshold 6 (max 6)
- age   1:     944776 bytes,     944776 total
- age   3:        968 bytes,     945744 total
- age   5:        968 bytes,     946712 total
: 136428K->948K(153344K), 0.0079813 secs] 294036K->158556K(1031552K), 0.0081021 secs] [Times: user=0.01 sys=0.00, real=0.01 secs] 
2016-08-24T16:29:14.393+0000: 8473.314: Total time for which application threads were stopped: 0.0090130 seconds, Stopping threads took: 0.0001024 seconds
2016-08-24T16:29:14.433+0000: 8473.354: [GC (Allocation Failure) 8473.354: [ParNew
Desired survivor size 8716288 bytes, new threshold 6 (max 6)
- age   1:      64648 bytes,      64648 total
- age   2:     243288 bytes,     307936 total
- age   4:        968 bytes,     308904 total
- age   6:        968 bytes,     309872 total
: 137268K->338K(153344K), 0.0057374 secs] 294876K->157946K(1031552K), 0.0058498 secs] [Times: user=0.01 sys=0.00, real=0.00 secs] 
2016-08-24T16:29:14.439+0000: 8473.360: Total time for which application threads were stopped: 0.0066987 seconds, Stopping threads took: 0.0001061 seconds
2016-08-24T16:29:14.478+0000: 8473.400: [GC (Allocation Failure) 8473.400: [ParNew
Desired survivor size 8716288 bytes, new threshold 6 (max 6)
- age   1:      64952 bytes,      64952 total
- age   2:         72 bytes,      65024 total
- age   3:     222824 bytes,     287848 total
- age   5:        968 bytes,     288816 total
: 136658K->414K(153344K), 0.0061614 secs] 294266K->158023K(1031552K), 0.0062818 secs] [Times: user=0.01 sys=0.00, real=0.01 secs] 
2016-08-24T16:29:14.485+0000: 8473.406: Total time for which application threads were stopped: 0.0071429 seconds, Stopping threads took: 0.0000986 seconds
2016-08-24T16:29:14.528+0000: 8473.449: [GC (Allocation Failure) 8473.449: [ParNew
Desired survivor size 8716288 bytes, new threshold 6 (max 6)
- age   1:      65528 bytes,      65528 total
- age   2:       1208 bytes,      66736 total
- age   3:         72 bytes,      66808 total
- age   4:     220344 bytes,     287152 total
- age   6:        968 bytes,     288120 total
: 136734K->424K(153344K), 0.0068193 secs] 294343K->158033K(1031552K), 0.0069501 secs] [Times: user=0.02 sys=0.00, real=0.01 secs] 
2016-08-24T16:29:14.535+0000: 8473.456: Total time for which application threads were stopped: 0.0078008 seconds, Stopping threads took: 0.0000991 seconds
2016-08-24T16:29:14.575+0000: 8473.496: [GC (Allocation Failure) 8473.496: [ParNew
Desired survivor size 8716288 bytes, new threshold 6 (max 6)
- age   1:      64560 bytes,      64560 total
- age   2:       4696 bytes,      69256 total
- age   3:       1096 bytes,      70352 total
- age   4:         72 bytes,      70424 total
- age   5:     220344 bytes,     290768 total
: 136744K->400K(153344K), 0.0062637 secs] 294353K->158010K(1031552K), 0.0063674 secs] [Times: user=0.01 sys=0.00, real=0.01 secs] 
2016-08-24T16:29:14.581+0000: 8473.503: Total time for which application threads were stopped: 0.0071726 seconds, Stopping threads took: 0.0000994 seconds
2016-08-24T16:29:14.624+0000: 8473.545: [GC (Allocation Failure) 8473.545: [ParNew
Desired survivor size 8716288 bytes, new threshold 6 (max 6)
- age   1:      51600 bytes,      51600 total
- age   3:       1336 bytes,      52936 total
- age   4:       1064 bytes,      54000 total
- age   5:         72 bytes,      54072 total
- age   6:     218528 bytes,     272600 total
: 136720K->385K(153344K), 0.0071032 secs] 294330K->157995K(1031552K), 0.0072302 secs] [Times: user=0.02 sys=0.00, real=0.01 secs] 
2016-08-24T16:29:14.631+0000: 8473.553: Total time for which application threads were stopped: 0.0081227 seconds, Stopping threads took: 0.0001002 seconds
2016-08-24T16:29:14.672+0000: 8473.594: [GC (Allocation Failure) 8473.594: [ParNew
Desired survivor size 8716288 bytes, new threshold 6 (max 6)
- age   1:      76520 bytes,      76520 total
- age   2:       7376 bytes,      83896 total
- age   4:       1336 bytes,      85232 total
- age   5:       1064 bytes,      86296 total
- age   6:         72 bytes,      86368 total
: 136705K->267K(153344K), 0.0073365 secs] 294315K->158095K(1031552K), 0.0074479 secs] [Times: user=0.01 sys=0.00, real=0.00 secs] 
2016-08-24T16:29:14.680+0000: 8473.601: Total time for which application threads were stopped: 0.0082693 seconds, Stopping threads took: 0.0001020 seconds
2016-08-24T16:29:14.722+0000: 8473.643: [GC (Allocation Failure) 8473.643: [ParNew
Desired survivor size 8716288 bytes, new threshold 6 (max 6)
- age   1:      50280 bytes,      50280 total
- age   3:       1000 bytes,      51280 total
- age   5:       1304 bytes,      52584 total
- age   6:       1064 bytes,      53648 total
: 136587K->104K(153344K), 0.0058157 secs] 294415K->157932K(1031552K), 0.0059301 secs] [Times: user=0.01 sys=0.00, real=0.00 secs] 
2016-08-24T16:29:14.728+0000: 8473.649: Total time for which application threads were stopped: 0.0067960 seconds, Stopping threads took: 0.0001009 seconds
2016-08-24T16:29:14.768+0000: 8473.690: [GC (Allocation Failure) 8473.690: [ParNew
Desired survivor size 8716288 bytes, new threshold 6 (max 6)
- age   1:      91656 bytes,      91656 total
- age   2:      10288 bytes,     101944 total
- age   4:       1000 bytes,     102944 total
- age   6:       1304 bytes,     104248 total
: 136424K->114K(153344K), 0.0063353 secs] 294252K->157943K(1031552K), 0.0064328 secs] [Times: user=0.01 sys=0.00, real=0.00 secs] 
2016-08-24T16:29:14.775+0000: 8473.696: Total time for which application threads were stopped: 0.0072854 seconds, Stopping threads took: 0.0001046 seconds
2016-08-24T16:29:14.817+0000: 8473.739: [GC (Allocation Failure) 8473.739: [ParNew
Desired survivor size 8716288 bytes, new threshold 6 (max 6)
- age   1:      66104 bytes,      66104 total
- age   3:       1000 bytes,      67104 total
- age   5:        968 bytes,      68072 total
: 136434K->92K(153344K), 0.0060500 secs] 294263K->157922K(1031552K), 0.0061674 secs] [Times: user=0.01 sys=0.00, real=0.01 secs] 
2016-08-24T16:29:14.823+0000: 8473.745: Total time for which application threads were stopped: 0.0070250 seconds, Stopping threads took: 0.0001192 seconds
2016-08-24T16:29:14.864+0000: 8473.786: [GC (Allocation Failure) 8473.786: [ParNew
Desired survivor size 8716288 bytes, new threshold 6 (max 6)
- age   1:      61520 bytes,      61520 total
- age   2:      13832 bytes,      75352 total
- age   4:       1000 bytes,      76352 total
- age   6:        968 bytes,      77320 total
: 136412K->84K(153344K), 0.0058864 secs] 294242K->157914K(1031552K), 0.0059824 secs] [Times: user=0.01 sys=0.00, real=0.01 secs] 
2016-08-24T16:29:14.870+0000: 8473.792: Total time for which application threads were stopped: 0.0068303 seconds, Stopping threads took: 0.0001053 seconds
2016-08-24T16:29:17.873+0000: 8476.795: Total time for which application threads were stopped: 0.0019511 seconds, Stopping threads took: 0.0002662 seconds
2016-08-24T16:29:24.533+0000: 8483.455: [GC (Allocation Failure) 8483.455: [ParNew
Desired survivor size 8716288 bytes, new threshold 6 (max 6)
- age   1:    1382296 bytes,    1382296 total
- age   3:        968 bytes,    1383264 total
- age   5:        968 bytes,    1384232 total
: 136404K->1382K(153344K), 0.0093234 secs] 294234K->159213K(1031552K), 0.0094598 secs] [Times: user=0.01 sys=0.00, real=0.01 secs] 
2016-08-24T16:29:24.543+0000: 8483.465: Total time for which application threads were stopped: 0.0103049 seconds, Stopping threads took: 0.0001008 seconds
2016-08-24T16:29:24.582+0000: 8483.504: [GC (Allocation Failure) 8483.504: [ParNew
Desired survivor size 8716288 bytes, new threshold 6 (max 6)
- age   1:      76968 bytes,      76968 total
- age   2:     339456 bytes,     416424 total
- age   4:        968 bytes,     417392 total
- age   6:        968 bytes,     418360 total
: 137702K->591K(153344K), 0.0063875 secs] 295533K->158422K(1031552K), 0.0065011 secs] [Times: user=0.01 sys=0.00, real=0.01 secs] 
2016-08-24T16:29:24.589+0000: 8483.510: Total time for which application threads were stopped: 0.0073508 seconds, Stopping threads took: 0.0000979 seconds
2016-08-24T16:29:24.629+0000: 8483.551: [GC (Allocation Failure) 8483.551: [ParNew
Desired survivor size 8716288 bytes, new threshold 6 (max 6)
- age   1:      75544 bytes,      75544 total
- age   2:         72 bytes,      75616 total
- age   3:     325408 bytes,     401024 total
- age   5:        968 bytes,     401992 total
: 136911K->556K(153344K), 0.0055490 secs] 294742K->158388K(1031552K), 0.0056535 secs] [Times: user=0.01 sys=0.00, real=0.00 secs] 
2016-08-24T16:29:24.635+0000: 8483.556: Total time for which application threads were stopped: 0.0064976 seconds, Stopping threads took: 0.0001191 seconds
2016-08-24T16:29:24.675+0000: 8483.596: [GC (Allocation Failure) 8483.596: [ParNew
Desired survivor size 8716288 bytes, new threshold 6 (max 6)
- age   1:      69408 bytes,      69408 total
- age   2:      14680 bytes,      84088 total
- age   3:         72 bytes,      84160 total
- age   4:     324024 bytes,     408184 total
- age   6:        968 bytes,     409152 total
: 136876K->566K(153344K), 0.0057441 secs] 294708K->158398K(1031552K), 0.0058503 secs] [Times: user=0.01 sys=0.00, real=0.01 secs] 
2016-08-24T16:29:24.681+0000: 8483.602: Total time for which application threads were stopped: 0.0066806 seconds, Stopping threads took: 0.0000999 seconds
2016-08-24T16:29:24.720+0000: 8483.642: [GC (Allocation Failure) 8483.642: [ParNew
Desired survivor size 8716288 bytes, new threshold 6 (max 6)
- age   1:      61880 bytes,      61880 total
- age   2:        232 bytes,      62112 total
- age   3:       1096 bytes,      63208 total
- age   4:         72 bytes,      63280 total
- age   5:     322176 bytes,     385456 total
: 136886K->580K(153344K), 0.0055989 secs] 294718K->158413K(1031552K), 0.0057019 secs] [Times: user=0.01 sys=0.00, real=0.01 secs] 
2016-08-24T16:29:24.726+0000: 8483.647: Total time for which application threads were stopped: 0.0065294 seconds, Stopping threads took: 0.0000991 seconds
2016-08-24T16:29:24.766+0000: 8483.687: [GC (Allocation Failure) 8483.687: [ParNew
Desired survivor size 8716288 bytes, new threshold 6 (max 6)
- age   1:      76008 bytes,      76008 total
- age   2:      17760 bytes,      93768 total
- age   3:        232 bytes,      94000 total
- age   4:       1096 bytes,      95096 total
- age   5:         72 bytes,      95168 total
- age   6:     322176 bytes,     417344 total
: 136900K->555K(153344K), 0.0056810 secs] 294733K->158388K(1031552K), 0.0057893 secs] [Times: user=0.01 sys=0.00, real=0.01 secs] 
2016-08-24T16:29:24.771+0000: 8483.693: Total time for which application threads were stopped: 0.0066258 seconds, Stopping threads took: 0.0000984 seconds
2016-08-24T16:29:24.811+0000: 8483.732: [GC (Allocation Failure) 8483.732: [ParNew
Desired survivor size 8716288 bytes, new threshold 6 (max 6)
- age   1:      83528 bytes,      83528 total
- age   3:       1000 bytes,      84528 total
- age   4:        232 bytes,      84760 total
- age   5:       1064 bytes,      85824 total
- age   6:         72 bytes,      85896 total
: 136875K->400K(153344K), 0.0073326 secs] 294708K->158553K(1031552K), 0.0074557 secs] [Times: user=0.01 sys=0.00, real=0.00 secs] 
2016-08-24T16:29:24.818+0000: 8483.740: Total time for which application threads were stopped: 0.0082925 seconds, Stopping threads took: 0.0000926 seconds
2016-08-24T16:29:24.859+0000: 8483.781: [GC (Allocation Failure) 8483.781: [ParNew
Desired survivor size 8716288 bytes, new threshold 6 (max 6)
- age   1:      84232 bytes,      84232 total
- age   2:      21272 bytes,     105504 total
- age   4:       1000 bytes,     106504 total
- age   5:        232 bytes,     106736 total
- age   6:       1064 bytes,     107800 total
: 136720K->187K(153344K), 0.0058381 secs] 294873K->158340K(1031552K), 0.0059429 secs] [Times: user=0.01 sys=0.00, real=0.01 secs] 
2016-08-24T16:29:24.865+0000: 8483.787: Total time for which application threads were stopped: 0.0067902 seconds, Stopping threads took: 0.0001035 seconds
2016-08-24T16:29:24.905+0000: 8483.827: [GC (Allocation Failure) 8483.827: [ParNew
Desired survivor size 8716288 bytes, new threshold 6 (max 6)
- age   1:      83520 bytes,      83520 total
- age   3:       1000 bytes,      84520 total
- age   5:        968 bytes,      85488 total
- age   6:        232 bytes,      85720 total
: 136507K->112K(153344K), 0.0061535 secs] 294660K->158266K(1031552K), 0.0062844 secs] [Times: user=0.01 sys=0.00, real=0.01 secs] 
2016-08-24T16:29:24.912+0000: 8483.833: Total time for which application threads were stopped: 0.0071524 seconds, Stopping threads took: 0.0001052 seconds
2016-08-24T16:29:24.955+0000: 8483.876: [GC (Allocation Failure) 8483.876: [ParNew
Desired survivor size 8716288 bytes, new threshold 6 (max 6)
- age   1:      58104 bytes,      58104 total
- age   2:       1000 bytes,      59104 total
- age   4:        968 bytes,      60072 total
- age   6:        968 bytes,      61040 total
: 136432K->107K(153344K), 0.0057913 secs] 294586K->158261K(1031552K), 0.0059043 secs] [Times: user=0.01 sys=0.00, real=0.01 secs] 
2016-08-24T16:29:24.961+0000: 8483.882: Total time for which application threads were stopped: 0.0067259 seconds, Stopping threads took: 0.0001039 seconds
2016-08-24T16:29:25.000+0000: 8483.921: [GC (Allocation Failure) 8483.921: [ParNew
Desired survivor size 8716288 bytes, new threshold 6 (max 6)
- age   1:      91408 bytes,      91408 total
- age   2:       5536 bytes,      96944 total
- age   3:       1000 bytes,      97944 total
- age   5:        968 bytes,      98912 total
: 136427K->108K(153344K), 0.0058105 secs] 294581K->158263K(1031552K), 0.0059262 secs] [Times: user=0.01 sys=0.00, real=0.01 secs] 
2016-08-24T16:29:25.006+0000: 8483.927: Total time for which application threads were stopped: 0.0067814 seconds, Stopping threads took: 0.0000998 seconds
2016-08-24T16:29:34.349+0000: 8493.271: [GC (Allocation Failure) 8493.271: [ParNew
Desired survivor size 8716288 bytes, new threshold 6 (max 6)
- age   1:     884800 bytes,     884800 total
- age   3:        968 bytes,     885768 total
- age   4:        968 bytes,     886736 total
- age   6:        968 bytes,     887704 total
: 136428K->902K(153344K), 0.0074308 secs] 294583K->159057K(1031552K), 0.0075509 secs] [Times: user=0.02 sys=0.00, real=0.00 secs] 
2016-08-24T16:29:34.357+0000: 8493.279: Total time for which application threads were stopped: 0.0084037 seconds, Stopping threads took: 0.0000986 seconds
2016-08-24T16:29:34.395+0000: 8493.317: [GC (Allocation Failure) 8493.317: [ParNew
Desired survivor size 8716288 bytes, new threshold 6 (max 6)
- age   1:      76400 bytes,      76400 total
- age   2:     227536 bytes,     303936 total
- age   4:        968 bytes,     304904 total
- age   5:        968 bytes,     305872 total
: 137222K->428K(153344K), 0.0058312 secs] 295377K->158584K(1031552K), 0.0059345 secs] [Times: user=0.01 sys=0.00, real=0.01 secs] 
2016-08-24T16:29:34.401+0000: 8493.323: Total time for which application threads were stopped: 0.0067538 seconds, Stopping threads took: 0.0000975 seconds
2016-08-24T16:29:34.440+0000: 8493.362: [GC (Allocation Failure) 8493.362: [ParNew
Desired survivor size 8716288 bytes, new threshold 6 (max 6)
- age   1:      67288 bytes,      67288 total
- age   2:        248 bytes,      67536 total
- age   3:     221328 bytes,     288864 total
- age   5:        968 bytes,     289832 total
- age   6:        968 bytes,     290800 total
: 136748K->408K(153344K), 0.0057059 secs] 294904K->158564K(1031552K), 0.0058096 secs] [Times: user=0.01 sys=0.00, real=0.00 secs] 
2016-08-24T16:29:34.446+0000: 8493.368: Total time for which application threads were stopped: 0.0066572 seconds, Stopping threads took: 0.0001003 seconds
2016-08-24T16:29:34.487+0000: 8493.408: [GC (Allocation Failure) 8493.408: [ParNew
Desired survivor size 8716288 bytes, new threshold 6 (max 6)
- age   1:      88984 bytes,      88984 total
- age   2:       8664 bytes,      97648 total
- age   3:        248 bytes,      97896 total
- age   4:     221328 bytes,     319224 total
- age   6:        968 bytes,     320192 total
: 136728K->407K(153344K), 0.0058285 secs] 294884K->158564K(1031552K), 0.0059452 secs] [Times: user=0.01 sys=0.00, real=0.01 secs] 
2016-08-24T16:29:34.493+0000: 8493.414: Total time for which application threads were stopped: 0.0067898 seconds, Stopping threads took: 0.0001013 seconds
2016-08-24T16:29:34.535+0000: 8493.456: [GC (Allocation Failure) 8493.456: [ParNew
Desired survivor size 8716288 bytes, new threshold 6 (max 6)
- age   1:      60352 bytes,      60352 total
- age   3:       1096 bytes,      61448 total
- age   4:        176 bytes,      61624 total
- age   5:     219480 bytes,     281104 total
: 136727K->441K(153344K), 0.0057290 secs] 294884K->158599K(1031552K), 0.0058311 secs] [Times: user=0.01 sys=0.00, real=0.01 secs] 
2016-08-24T16:29:34.540+0000: 8493.462: Total time for which application threads were stopped: 0.0066782 seconds, Stopping threads took: 0.0000978 seconds
2016-08-24T16:29:34.579+0000: 8493.500: [GC (Allocation Failure) 8493.500: [ParNew
Desired survivor size 8716288 bytes, new threshold 6 (max 6)
- age   1:      79416 bytes,      79416 total
- age   2:      12176 bytes,      91592 total
- age   4:       1096 bytes,      92688 total
- age   5:        176 bytes,      92864 total
- age   6:     219480 bytes,     312344 total
: 136761K->431K(153344K), 0.0054951 secs] 294919K->158589K(1031552K), 0.0056075 secs] [Times: user=0.01 sys=0.00, real=0.01 secs] 
2016-08-24T16:29:34.585+0000: 8493.506: Total time for which application threads were stopped: 0.0064204 seconds, Stopping threads took: 0.0000957 seconds
2016-08-24T16:29:34.624+0000: 8493.546: [GC (Allocation Failure) 8493.546: [ParNew
Desired survivor size 8716288 bytes, new threshold 6 (max 6)
- age   1:      68024 bytes,      68024 total
- age   3:       1336 bytes,      69360 total
- age   5:       1064 bytes,      70424 total
- age   6:        176 bytes,      70600 total
: 136751K->276K(153344K), 0.0060291 secs] 294909K->158650K(1031552K), 0.0061390 secs] [Times: user=0.02 sys=0.00, real=0.01 secs] 
2016-08-24T16:29:34.631+0000: 8493.552: Total time for which application threads were stopped: 0.0070181 seconds, Stopping threads took: 0.0001028 seconds
2016-08-24T16:29:34.668+0000: 8493.590: [GC (Allocation Failure) 8493.590: [ParNew
Desired survivor size 8716288 bytes, new threshold 6 (max 6)
- age   1:      66696 bytes,      66696 total
- age   2:      14464 bytes,      81160 total
- age   4:       1336 bytes,      82496 total
- age   6:       1064 bytes,      83560 total
: 136596K->132K(153344K), 0.0052735 secs] 294970K->158507K(1031552K), 0.0053955 secs] [Times: user=0.01 sys=0.00, real=0.00 secs] 
2016-08-24T16:29:34.674+0000: 8493.595: Total time for which application threads were stopped: 0.0062250 seconds, Stopping threads took: 0.0000965 seconds
2016-08-24T16:29:34.714+0000: 8493.636: [GC (Allocation Failure) 8493.636: [ParNew
Desired survivor size 8716288 bytes, new threshold 6 (max 6)
- age   1:      79392 bytes,      79392 total
- age   3:       1000 bytes,      80392 total
- age   5:       1304 bytes,      81696 total
: 136452K->104K(153344K), 0.0052482 secs] 294827K->158480K(1031552K), 0.0053511 secs] [Times: user=0.01 sys=0.00, real=0.00 secs] 
2016-08-24T16:29:34.720+0000: 8493.641: Total time for which application threads were stopped: 0.0062047 seconds, Stopping threads took: 0.0001011 seconds
2016-08-24T16:29:34.758+0000: 8493.679: [GC (Allocation Failure) 8493.679: [ParNew
Desired survivor size 8716288 bytes, new threshold 6 (max 6)
- age   1:      73752 bytes,      73752 total
- age   2:      17560 bytes,      91312 total
- age   4:       1000 bytes,      92312 total
- age   6:       1232 bytes,      93544 total
: 136424K->119K(153344K), 0.0052148 secs] 294800K->158495K(1031552K), 0.0053137 secs] [Times: user=0.01 sys=0.00, real=0.01 secs] 
2016-08-24T16:29:34.763+0000: 8493.684: Total time for which application threads were stopped: 0.0061093 seconds, Stopping threads took: 0.0001017 seconds
2016-08-24T16:29:34.804+0000: 8493.726: [GC (Allocation Failure) 8493.726: [ParNew
Desired survivor size 8716288 bytes, new threshold 6 (max 6)
- age   1:      77096 bytes,      77096 total
- age   2:        248 bytes,      77344 total
- age   3:       1000 bytes,      78344 total
- age   5:        968 bytes,      79312 total
: 136439K->114K(153344K), 0.0050629 secs] 294815K->158491K(1031552K), 0.0051745 secs] [Times: user=0.01 sys=0.00, real=0.01 secs] 
2016-08-24T16:29:34.809+0000: 8493.731: Total time for which application threads were stopped: 0.0059956 seconds, Stopping threads took: 0.0001130 seconds
2016-08-24T16:29:34.849+0000: 8493.771: [GC (Allocation Failure) 8493.771: [ParNew
Desired survivor size 8716288 bytes, new threshold 6 (max 6)
- age   1:      82480 bytes,      82480 total
- age   2:      20592 bytes,     103072 total
- age   3:        248 bytes,     103320 total
- age   4:       1000 bytes,     104320 total
- age   6:        968 bytes,     105288 total
: 136434K->110K(153344K), 0.0052153 secs] 294811K->158487K(1031552K), 0.0053631 secs] [Times: user=0.01 sys=0.00, real=0.00 secs] 
2016-08-24T16:29:34.855+0000: 8493.776: Total time for which application threads were stopped: 0.0062544 seconds, Stopping threads took: 0.0000986 seconds
2016-08-24T16:29:37.858+0000: 8496.779: Total time for which application threads were stopped: 0.0020088 seconds, Stopping threads took: 0.0003237 seconds
2016-08-24T16:29:43.918+0000: 8502.839: Total time for which application threads were stopped: 0.0008003 seconds, Stopping threads took: 0.0001502 seconds
2016-08-24T16:29:43.919+0000: 8502.841: Total time for which application threads were stopped: 0.0005486 seconds, Stopping threads took: 0.0000541 seconds
2016-08-24T16:29:43.957+0000: 8502.878: [GC (Allocation Failure) 8502.879: [ParNew
Desired survivor size 8716288 bytes, new threshold 6 (max 6)
- age   1:    1098792 bytes,    1098792 total
- age   3:        968 bytes,    1099760 total
- age   4:        128 bytes,    1099888 total
- age   5:        968 bytes,    1100856 total
: 136430K->1085K(153344K), 0.0081129 secs] 294807K->159463K(1031552K), 0.0082351 secs] [Times: user=0.01 sys=0.00, real=0.01 secs] 
2016-08-24T16:29:43.965+0000: 8502.887: Total time for which application threads were stopped: 0.0090965 seconds, Stopping threads took: 0.0000936 seconds
2016-08-24T16:29:44.005+0000: 8502.927: [GC (Allocation Failure) 8502.927: [ParNew
Desired survivor size 8716288 bytes, new threshold 6 (max 6)
- age   1:      71024 bytes,      71024 total
- age   2:     336840 bytes,     407864 total
- age   4:        968 bytes,     408832 total
- age   5:        128 bytes,     408960 total
- age   6:        968 bytes,     409928 total
: 137405K->566K(153344K), 0.0058084 secs] 295783K->158944K(1031552K), 0.0059154 secs] [Times: user=0.01 sys=0.00, real=0.01 secs] 
2016-08-24T16:29:44.011+0000: 8502.933: Total time for which application threads were stopped: 0.0067203 seconds, Stopping threads took: 0.0000991 seconds
2016-08-24T16:29:44.053+0000: 8502.975: [GC (Allocation Failure) 8502.975: [ParNew
Desired survivor size 8716288 bytes, new threshold 6 (max 6)
- age   1:      82784 bytes,      82784 total
- age   2:         72 bytes,      82856 total
- age   3:     315936 bytes,     398792 total
- age   5:        968 bytes,     399760 total
- age   6:        128 bytes,     399888 total
: 136886K->718K(153344K), 0.0056305 secs] 295264K->159097K(1031552K), 0.0057387 secs] [Times: user=0.01 sys=0.00, real=0.00 secs] 
2016-08-24T16:29:44.059+0000: 8502.981: Total time for which application threads were stopped: 0.0065722 seconds, Stopping threads took: 0.0001040 seconds
2016-08-24T16:29:44.098+0000: 8503.020: [GC (Allocation Failure) 8503.020: [ParNew
Desired survivor size 8716288 bytes, new threshold 6 (max 6)
- age   1:      57576 bytes,      57576 total
- age   2:       1096 bytes,      58672 total
- age   3:         72 bytes,      58744 total
- age   4:     312920 bytes,     371664 total
- age   6:        968 bytes,     372632 total
: 137038K->470K(153344K), 0.0054396 secs] 295417K->158849K(1031552K), 0.0055459 secs] [Times: user=0.02 sys=0.00, real=0.01 secs] 
2016-08-24T16:29:44.104+0000: 8503.026: Total time for which application threads were stopped: 0.0063789 seconds, Stopping threads took: 0.0000966 seconds
2016-08-24T16:29:44.143+0000: 8503.065: [GC (Allocation Failure) 8503.065: [ParNew
Desired survivor size 8716288 bytes, new threshold 6 (max 6)
- age   1:      60400 bytes,      60400 total
- age   2:       4864 bytes,      65264 total
- age   3:       1096 bytes,      66360 total
- age   4:         72 bytes,      66432 total
- age   5:     312920 bytes,     379352 total
: 136790K->484K(153344K), 0.0064155 secs] 295169K->158864K(1031552K), 0.0065246 secs] [Times: user=0.01 sys=0.00, real=0.01 secs] 
2016-08-24T16:29:44.150+0000: 8503.072: Total time for which application threads were stopped: 0.0073639 seconds, Stopping threads took: 0.0000986 seconds
2016-08-24T16:29:44.191+0000: 8503.113: [GC (Allocation Failure) 8503.113: [ParNew
Desired survivor size 8716288 bytes, new threshold 6 (max 6)
- age   1:      53976 bytes,      53976 total
- age   3:       1232 bytes,      55208 total
- age   4:       1064 bytes,      56272 total
- age   5:         72 bytes,      56344 total
- age   6:     311104 bytes,     367448 total
: 136804K->526K(153344K), 0.0063630 secs] 295184K->158906K(1031552K), 0.0064810 secs] [Times: user=0.01 sys=0.00, real=0.00 secs] 
2016-08-24T16:29:44.198+0000: 8503.119: Total time for which application threads were stopped: 0.0073330 seconds, Stopping threads took: 0.0001007 seconds
2016-08-24T16:29:44.237+0000: 8503.158: [GC (Allocation Failure) 8503.158: [ParNew
Desired survivor size 8716288 bytes, new threshold 6 (max 6)
- age   1:      76160 bytes,      76160 total
- age   2:       7832 bytes,      83992 total
- age   4:       1232 bytes,      85224 total
- age   5:       1064 bytes,      86288 total
- age   6:         72 bytes,      86360 total
: 136846K->359K(153344K), 0.0079690 secs] 295226K->159049K(1031552K), 0.0080782 secs] [Times: user=0.01 sys=0.00, real=0.01 secs] 
2016-08-24T16:29:44.245+0000: 8503.166: Total time for which application threads were stopped: 0.0089242 seconds, Stopping threads took: 0.0001016 seconds
2016-08-24T16:29:44.284+0000: 8503.206: [GC (Allocation Failure) 8503.206: [ParNew
Desired survivor size 8716288 bytes, new threshold 6 (max 6)
- age   1:      69080 bytes,      69080 total
- age   3:       1000 bytes,      70080 total
- age   5:       1200 bytes,      71280 total
- age   6:       1064 bytes,      72344 total
: 136679K->124K(153344K), 0.0051937 secs] 295369K->158815K(1031552K), 0.0053215 secs] [Times: user=0.01 sys=0.00, real=0.01 secs] 
2016-08-24T16:29:44.290+0000: 8503.211: Total time for which application threads were stopped: 0.0061648 seconds, Stopping threads took: 0.0000993 seconds
2016-08-24T16:29:44.330+0000: 8503.252: [GC (Allocation Failure) 8503.252: [ParNew
Desired survivor size 8716288 bytes, new threshold 6 (max 6)
- age   1:      88184 bytes,      88184 total
- age   2:      10864 bytes,      99048 total
- age   4:       1000 bytes,     100048 total
- age   6:       1200 bytes,     101248 total
: 136444K->127K(153344K), 0.0049683 secs] 295135K->158818K(1031552K), 0.0050895 secs] [Times: user=0.01 sys=0.00, real=0.00 secs] 
2016-08-24T16:29:44.335+0000: 8503.257: Total time for which application threads were stopped: 0.0060771 seconds, Stopping threads took: 0.0001149 seconds
2016-08-24T16:29:44.376+0000: 8503.297: [GC (Allocation Failure) 8503.297: [ParNew
Desired survivor size 8716288 bytes, new threshold 6 (max 6)
- age   1:      74024 bytes,      74024 total
- age   3:       1000 bytes,      75024 total
- age   5:        968 bytes,      75992 total
: 136447K->121K(153344K), 0.0052814 secs] 295138K->158814K(1031552K), 0.0053815 secs] [Times: user=0.01 sys=0.00, real=0.01 secs] 
2016-08-24T16:29:44.381+0000: 8503.303: Total time for which application threads were stopped: 0.0061816 seconds, Stopping threads took: 0.0000976 seconds
2016-08-24T16:29:44.421+0000: 8503.342: [GC (Allocation Failure) 8503.342: [ParNew
Desired survivor size 8716288 bytes, new threshold 6 (max 6)
- age   1:      69040 bytes,      69040 total
- age   2:      14088 bytes,      83128 total
- age   4:       1000 bytes,      84128 total
- age   6:        968 bytes,      85096 total
: 136441K->90K(153344K), 0.0053374 secs] 295134K->158783K(1031552K), 0.0054468 secs] [Times: user=0.01 sys=0.00, real=0.00 secs] 
2016-08-24T16:29:44.426+0000: 8503.348: Total time for which application threads were stopped: 0.0062638 seconds, Stopping threads took: 0.0000990 seconds
2016-08-24T16:29:47.429+0000: 8506.351: Total time for which application threads were stopped: 0.0019397 seconds, Stopping threads took: 0.0002618 seconds
2016-08-24T16:29:54.463+0000: 8513.384: [GC (Allocation Failure) 8513.384: [ParNew
Desired survivor size 8716288 bytes, new threshold 6 (max 6)
- age   1:    1069888 bytes,    1069888 total
- age   3:        968 bytes,    1070856 total
- age   5:        968 bytes,    1071824 total
: 136410K->1068K(153344K), 0.0081962 secs] 295103K->159762K(1031552K), 0.0083190 secs] [Times: user=0.01 sys=0.00, real=0.01 secs] 
2016-08-24T16:29:54.471+0000: 8513.393: Total time for which application threads were stopped: 0.0091503 seconds, Stopping threads took: 0.0000966 seconds
2016-08-24T16:29:54.511+0000: 8513.432: [GC (Allocation Failure) 8513.433: [ParNew
Desired survivor size 8716288 bytes, new threshold 6 (max 6)
- age   1:      65816 bytes,      65816 total
- age   2:     294624 bytes,     360440 total
- age   4:        968 bytes,     361408 total
- age   6:        968 bytes,     362376 total
: 137388K->518K(153344K), 0.0055308 secs] 296082K->159212K(1031552K), 0.0056350 secs] [Times: user=0.01 sys=0.00, real=0.00 secs] 
2016-08-24T16:29:54.517+0000: 8513.438: Total time for which application threads were stopped: 0.0064322 seconds, Stopping threads took: 0.0000935 seconds
2016-08-24T16:29:54.558+0000: 8513.480: [GC (Allocation Failure) 8513.480: [ParNew
Desired survivor size 8716288 bytes, new threshold 6 (max 6)
- age   1:      59392 bytes,      59392 total
- age   2:         72 bytes,      59464 total
- age   3:     278896 bytes,     338360 total
- age   5:        968 bytes,     339328 total
: 136838K->483K(153344K), 0.0056700 secs] 295532K->159178K(1031552K), 0.0057789 secs] [Times: user=0.01 sys=0.00, real=0.01 secs] 
2016-08-24T16:29:54.564+0000: 8513.486: Total time for which application threads were stopped: 0.0066454 seconds, Stopping threads took: 0.0000979 seconds
2016-08-24T16:29:54.602+0000: 8513.523: [GC (Allocation Failure) 8513.523: [ParNew
Desired survivor size 8716288 bytes, new threshold 6 (max 6)
- age   1:      74600 bytes,      74600 total
- age   2:      15784 bytes,      90384 total
- age   3:         72 bytes,      90456 total
- age   4:     278896 bytes,     369352 total
- age   6:        968 bytes,     370320 total
: 136803K->482K(153344K), 0.0059454 secs] 295498K->159176K(1031552K), 0.0060538 secs] [Times: user=0.01 sys=0.00, real=0.00 secs] 
2016-08-24T16:29:54.608+0000: 8513.530: Total time for which application threads were stopped: 0.0068802 seconds, Stopping threads took: 0.0000984 seconds
2016-08-24T16:29:54.649+0000: 8513.571: [GC (Allocation Failure) 8513.571: [ParNew
Desired survivor size 8716288 bytes, new threshold 6 (max 6)
- age   1:      77904 bytes,      77904 total
- age   3:       1432 bytes,      79336 total
- age   4:         72 bytes,      79408 total
- age   5:     277048 bytes,     356456 total
: 136802K->514K(153344K), 0.0058358 secs] 295496K->159210K(1031552K), 0.0059395 secs] [Times: user=0.02 sys=0.00, real=0.00 secs] 
2016-08-24T16:29:54.655+0000: 8513.577: Total time for which application threads were stopped: 0.0067703 seconds, Stopping threads took: 0.0001058 seconds
2016-08-24T16:29:54.694+0000: 8513.615: [GC (Allocation Failure) 8513.615: [ParNew
Desired survivor size 8716288 bytes, new threshold 6 (max 6)
- age   1:      76976 bytes,      76976 total
- age   2:      18968 bytes,      95944 total
- age   4:       1432 bytes,      97376 total
- age   5:         72 bytes,      97448 total
- age   6:     277048 bytes,     374496 total
: 136834K->506K(153344K), 0.0057132 secs] 295530K->159202K(1031552K), 0.0058261 secs] [Times: user=0.01 sys=0.00, real=0.00 secs] 
2016-08-24T16:29:54.699+0000: 8513.621: Total time for which application threads were stopped: 0.0066310 seconds, Stopping threads took: 0.0000981 seconds
2016-08-24T16:29:54.741+0000: 8513.663: [GC (Allocation Failure) 8513.663: [ParNew
Desired survivor size 8716288 bytes, new threshold 6 (max 6)
- age   1:      73472 bytes,      73472 total
- age   3:       1000 bytes,      74472 total
- age   5:       1400 bytes,      75872 total
- age   6:         72 bytes,      75944 total
: 136826K->363K(153344K), 0.0068852 secs] 295522K->159334K(1031552K), 0.0070168 secs] [Times: user=0.01 sys=0.00, real=0.01 secs] 
2016-08-24T16:29:54.748+0000: 8513.670: Total time for which application threads were stopped: 0.0079105 seconds, Stopping threads took: 0.0000873 seconds
2016-08-24T16:29:54.788+0000: 8513.710: [GC (Allocation Failure) 8513.710: [ParNew
Desired survivor size 8716288 bytes, new threshold 6 (max 6)
- age   1:      51696 bytes,      51696 total
- age   2:       1000 bytes,      52696 total
- age   4:        968 bytes,      53664 total
- age   6:       1400 bytes,      55064 total
: 136683K->125K(153344K), 0.0058210 secs] 295654K->159096K(1031552K), 0.0059341 secs] [Times: user=0.01 sys=0.00, real=0.00 secs] 
2016-08-24T16:29:54.794+0000: 8513.716: Total time for which application threads were stopped: 0.0067550 seconds, Stopping threads took: 0.0000939 seconds
2016-08-24T16:29:54.835+0000: 8513.756: [GC (Allocation Failure) 8513.756: [ParNew
Desired survivor size 8716288 bytes, new threshold 6 (max 6)
- age   1:      76344 bytes,      76344 total
- age   2:       4360 bytes,      80704 total
- age   3:       1000 bytes,      81704 total
- age   5:        968 bytes,      82672 total
: 136445K->98K(153344K), 0.0060172 secs] 295416K->159071K(1031552K), 0.0061351 secs] [Times: user=0.02 sys=0.00, real=0.01 secs] 
2016-08-24T16:29:54.841+0000: 8513.762: Total time for which application threads were stopped: 0.0070249 seconds, Stopping threads took: 0.0001242 seconds
2016-08-24T16:29:54.882+0000: 8513.804: [GC (Allocation Failure) 8513.804: [ParNew
Desired survivor size 8716288 bytes, new threshold 6 (max 6)
- age   1:      46920 bytes,      46920 total
- age   3:       1000 bytes,      47920 total
- age   4:        968 bytes,      48888 total
- age   6:        968 bytes,      49856 total
: 136418K->73K(153344K), 0.0059835 secs] 295391K->159046K(1031552K), 0.0061030 secs] [Times: user=0.01 sys=0.00, real=0.01 secs] 
2016-08-24T16:29:54.889+0000: 8513.810: Total time for which application threads were stopped: 0.0069707 seconds, Stopping threads took: 0.0001002 seconds
2016-08-24T16:29:54.929+0000: 8513.850: [GC (Allocation Failure) 8513.850: [ParNew
Desired survivor size 8716288 bytes, new threshold 6 (max 6)
- age   1:      67432 bytes,      67432 total
- age   2:       7376 bytes,      74808 total
- age   4:       1000 bytes,      75808 total
- age   5:        968 bytes,      76776 total
: 136393K->84K(153344K), 0.0057073 secs] 295366K->159057K(1031552K), 0.0058262 secs] [Times: user=0.01 sys=0.00, real=0.00 secs] 
2016-08-24T16:29:54.935+0000: 8513.856: Total time for which application threads were stopped: 0.0068179 seconds, Stopping threads took: 0.0001191 seconds
2016-08-24T16:30:01.664+0000: 8520.585: Total time for which application threads were stopped: 0.0009942 seconds, Stopping threads took: 0.0001369 seconds
2016-08-24T16:30:01.665+0000: 8520.586: Total time for which application threads were stopped: 0.0006624 seconds, Stopping threads took: 0.0000889 seconds
2016-08-24T16:30:01.666+0000: 8520.587: Total time for which application threads were stopped: 0.0006353 seconds, Stopping threads took: 0.0000903 seconds
2016-08-24T16:30:01.811+0000: 8520.732: Total time for which application threads were stopped: 0.0009799 seconds, Stopping threads took: 0.0001336 seconds
2016-08-24T16:30:01.811+0000: 8520.733: Total time for which application threads were stopped: 0.0005759 seconds, Stopping threads took: 0.0000472 seconds
2016-08-24T16:30:01.812+0000: 8520.734: Total time for which application threads were stopped: 0.0007566 seconds, Stopping threads took: 0.0001300 seconds
2016-08-24T16:30:04.721+0000: 8523.642: [GC (Allocation Failure) 8523.642: [ParNew
Desired survivor size 8716288 bytes, new threshold 6 (max 6)
- age   1:    1018960 bytes,    1018960 total
- age   3:        968 bytes,    1019928 total
- age   5:        968 bytes,    1020896 total
- age   6:        968 bytes,    1021864 total
: 136404K->1002K(153344K), 0.0085479 secs] 295377K->159976K(1031552K), 0.0086831 secs] [Times: user=0.01 sys=0.00, real=0.01 secs] 
2016-08-24T16:30:04.729+0000: 8523.651: Total time for which application threads were stopped: 0.0094932 seconds, Stopping threads took: 0.0000881 seconds
2016-08-24T16:30:04.767+0000: 8523.689: [GC (Allocation Failure) 8523.689: [ParNew
Desired survivor size 8716288 bytes, new threshold 6 (max 6)
- age   1:      62576 bytes,      62576 total
- age   2:     296480 bytes,     359056 total
- age   4:        968 bytes,     360024 total
- age   6:        968 bytes,     360992 total
: 137322K->463K(153344K), 0.0065771 secs] 296296K->159437K(1031552K), 0.0066805 secs] [Times: user=0.02 sys=0.00, real=0.01 secs] 
2016-08-24T16:30:04.774+0000: 8523.696: Total time for which application threads were stopped: 0.0074382 seconds, Stopping threads took: 0.0000890 seconds
2016-08-24T16:30:04.813+0000: 8523.735: [GC (Allocation Failure) 8523.735: [ParNew
Desired survivor size 8716288 bytes, new threshold 6 (max 6)
- age   1:      69656 bytes,      69656 total
- age   2:        144 bytes,      69800 total
- age   3:     283512 bytes,     353312 total
- age   5:        968 bytes,     354280 total
: 136783K->488K(153344K), 0.0065901 secs] 295757K->159463K(1031552K), 0.0066930 secs] [Times: user=0.01 sys=0.00, real=0.00 secs] 
2016-08-24T16:30:04.820+0000: 8523.742: Total time for which application threads were stopped: 0.0074572 seconds, Stopping threads took: 0.0000849 seconds
2016-08-24T16:30:04.858+0000: 8523.779: [GC (Allocation Failure) 8523.779: [ParNew
Desired survivor size 8716288 bytes, new threshold 6 (max 6)
- age   1:      71832 bytes,      71832 total
- age   2:      10016 bytes,      81848 total
- age   3:        144 bytes,      81992 total
- age   4:     283512 bytes,     365504 total
- age   6:        968 bytes,     366472 total
: 136808K->475K(153344K), 0.0066049 secs] 295783K->159450K(1031552K), 0.0067118 secs] [Times: user=0.02 sys=0.00, real=0.01 secs] 
2016-08-24T16:30:04.865+0000: 8523.786: Total time for which application threads were stopped: 0.0074734 seconds, Stopping threads took: 0.0000879 seconds
2016-08-24T16:30:04.903+0000: 8523.825: [GC (Allocation Failure) 8523.825: [ParNew
Desired survivor size 8716288 bytes, new threshold 6 (max 6)
- age   1:      58960 bytes,      58960 total
- age   3:       1952 bytes,      60912 total
- age   4:        144 bytes,      61056 total
- age   5:     281232 bytes,     342288 total
: 136795K->511K(153344K), 0.0065501 secs] 295770K->159487K(1031552K), 0.0066523 secs] [Times: user=0.02 sys=0.00, real=0.01 secs] 
2016-08-24T16:30:04.910+0000: 8523.832: Total time for which application threads were stopped: 0.0074145 seconds, Stopping threads took: 0.0000904 seconds
2016-08-24T16:30:04.948+0000: 8523.869: [GC (Allocation Failure) 8523.869: [ParNew
Desired survivor size 8716288 bytes, new threshold 6 (max 6)
- age   1:      80056 bytes,      80056 total
- age   2:      12480 bytes,      92536 total
- age   4:       1952 bytes,      94488 total
- age   5:        144 bytes,      94632 total
- age   6:     281232 bytes,     375864 total
: 136831K->491K(153344K), 0.0065760 secs] 295807K->159467K(1031552K), 0.0066787 secs] [Times: user=0.01 sys=0.00, real=0.01 secs] 
2016-08-24T16:30:04.955+0000: 8523.876: Total time for which application threads were stopped: 0.0074375 seconds, Stopping threads took: 0.0000894 seconds
2016-08-24T16:30:04.993+0000: 8523.915: [GC (Allocation Failure) 8523.915: [ParNew
Desired survivor size 8716288 bytes, new threshold 6 (max 6)
- age   1:      70088 bytes,      70088 total
- age   3:       1000 bytes,      71088 total
- age   5:       1920 bytes,      73008 total
- age   6:        144 bytes,      73152 total
: 136811K->358K(153344K), 0.0071790 secs] 295787K->159613K(1031552K), 0.0072945 secs] [Times: user=0.01 sys=0.00, real=0.01 secs] 
2016-08-24T16:30:05.001+0000: 8523.922: Total time for which application threads were stopped: 0.0080683 seconds, Stopping threads took: 0.0000868 seconds
2016-08-24T16:30:05.039+0000: 8523.960: [GC (Allocation Failure) 8523.960: [ParNew
Desired survivor size 8716288 bytes, new threshold 6 (max 6)
- age   1:      74392 bytes,      74392 total
- age   2:      14704 bytes,      89096 total
- age   4:       1000 bytes,      90096 total
- age   6:       1920 bytes,      92016 total
: 136678K->164K(153344K), 0.0060015 secs] 295933K->159418K(1031552K), 0.0061007 secs] [Times: user=0.01 sys=0.00, real=0.01 secs] 
2016-08-24T16:30:05.045+0000: 8523.966: Total time for which application threads were stopped: 0.0069062 seconds, Stopping threads took: 0.0000863 seconds
2016-08-24T16:30:05.084+0000: 8524.005: [GC (Allocation Failure) 8524.005: [ParNew
Desired survivor size 8716288 bytes, new threshold 6 (max 6)
- age   1:      78016 bytes,      78016 total
- age   3:       1000 bytes,      79016 total
- age   5:        968 bytes,      79984 total
: 136484K->99K(153344K), 0.0060407 secs] 295738K->159356K(1031552K), 0.0061401 secs] [Times: user=0.01 sys=0.00, real=0.01 secs] 
2016-08-24T16:30:05.090+0000: 8524.011: Total time for which application threads were stopped: 0.0069020 seconds, Stopping threads took: 0.0000917 seconds
2016-08-24T16:30:05.127+0000: 8524.049: [GC (Allocation Failure) 8524.049: [ParNew
Desired survivor size 8716288 bytes, new threshold 6 (max 6)
- age   1:      92696 bytes,      92696 total
- age   2:      18296 bytes,     110992 total
- age   4:       1000 bytes,     111992 total
- age   6:        968 bytes,     112960 total
: 136419K->142K(153344K), 0.0059796 secs] 295676K->159399K(1031552K), 0.0060810 secs] [Times: user=0.01 sys=0.00, real=0.01 secs] 
2016-08-24T16:30:05.134+0000: 8524.055: Total time for which application threads were stopped: 0.0068553 seconds, Stopping threads took: 0.0000918 seconds
2016-08-24T16:30:05.173+0000: 8524.094: [GC (Allocation Failure) 8524.094: [ParNew
Desired survivor size 8716288 bytes, new threshold 6 (max 6)
- age   1:      85688 bytes,      85688 total
- age   3:       1000 bytes,      86688 total
- age   5:        968 bytes,      87656 total
: 136462K->137K(153344K), 0.0060318 secs] 295719K->159394K(1031552K), 0.0061306 secs] [Times: user=0.01 sys=0.00, real=0.00 secs] 
2016-08-24T16:30:05.179+0000: 8524.101: Total time for which application threads were stopped: 0.0069144 seconds, Stopping threads took: 0.0001001 seconds
2016-08-24T16:30:05.220+0000: 8524.141: [GC (Allocation Failure) 8524.141: [ParNew
Desired survivor size 8716288 bytes, new threshold 6 (max 6)
- age   1:     192256 bytes,     192256 total
- age   2:       2536 bytes,     194792 total
- age   4:       1000 bytes,     195792 total
- age   6:        968 bytes,     196760 total
: 136457K->206K(153344K), 0.0061883 secs] 295714K->159464K(1031552K), 0.0062815 secs] [Times: user=0.01 sys=0.00, real=0.01 secs] 
2016-08-24T16:30:05.226+0000: 8524.148: Total time for which application threads were stopped: 0.0070391 seconds, Stopping threads took: 0.0001134 seconds
2016-08-24T16:30:13.229+0000: 8532.151: Total time for which application threads were stopped: 0.0012589 seconds, Stopping threads took: 0.0001882 seconds
2016-08-24T16:30:14.373+0000: 8533.295: [GC (Allocation Failure) 8533.295: [ParNew
Desired survivor size 8716288 bytes, new threshold 6 (max 6)
- age   1:     768704 bytes,     768704 total
- age   2:      96648 bytes,     865352 total
- age   3:       1056 bytes,     866408 total
- age   5:        968 bytes,     867376 total
: 136526K->900K(153344K), 0.0071246 secs] 295784K->160158K(1031552K), 0.0072593 secs] [Times: user=0.01 sys=0.00, real=0.01 secs] 
2016-08-24T16:30:14.381+0000: 8533.302: Total time for which application threads were stopped: 0.0080984 seconds, Stopping threads took: 0.0001001 seconds
2016-08-24T16:30:14.418+0000: 8533.340: [GC (Allocation Failure) 8533.340: [ParNew
Desired survivor size 8716288 bytes, new threshold 6 (max 6)
- age   1:      68856 bytes,      68856 total
- age   2:     158584 bytes,     227440 total
- age   3:      80976 bytes,     308416 total
- age   4:       1056 bytes,     309472 total
- age   6:        968 bytes,     310440 total
: 137220K->377K(153344K), 0.0056888 secs] 296478K->159635K(1031552K), 0.0058136 secs] [Times: user=0.01 sys=0.00, real=0.01 secs] 
2016-08-24T16:30:14.424+0000: 8533.346: Total time for which application threads were stopped: 0.0066312 seconds, Stopping threads took: 0.0000991 seconds
2016-08-24T16:30:14.465+0000: 8533.387: [GC (Allocation Failure) 8533.387: [ParNew
Desired survivor size 8716288 bytes, new threshold 6 (max 6)
- age   1:      75224 bytes,      75224 total
- age   2:         72 bytes,      75296 total
- age   3:     136512 bytes,     211808 total
- age   4:      80976 bytes,     292784 total
- age   5:       1056 bytes,     293840 total
: 136697K->420K(153344K), 0.0057400 secs] 295955K->159680K(1031552K), 0.0058454 secs] [Times: user=0.01 sys=0.00, real=0.01 secs] 
2016-08-24T16:30:14.471+0000: 8533.393: Total time for which application threads were stopped: 0.0066832 seconds, Stopping threads took: 0.0000990 seconds
2016-08-24T16:30:14.513+0000: 8533.434: [GC (Allocation Failure) 8533.434: [ParNew
Desired survivor size 8716288 bytes, new threshold 6 (max 6)
- age   1:      61968 bytes,      61968 total
- age   2:       1096 bytes,      63064 total
- age   3:         72 bytes,      63136 total
- age   4:     134664 bytes,     197800 total
- age   5:      80976 bytes,     278776 total
- age   6:       1056 bytes,     279832 total
: 136740K->413K(153344K), 0.0058560 secs] 296000K->159673K(1031552K), 0.0059613 secs] [Times: user=0.01 sys=0.00, real=0.00 secs] 
2016-08-24T16:30:14.519+0000: 8533.440: Total time for which application threads were stopped: 0.0068168 seconds, Stopping threads took: 0.0000983 seconds
2016-08-24T16:30:14.559+0000: 8533.480: [GC (Allocation Failure) 8533.481: [ParNew
Desired survivor size 8716288 bytes, new threshold 6 (max 6)
- age   1:      61752 bytes,      61752 total
- age   2:       5240 bytes,      66992 total
- age   3:       1096 bytes,      68088 total
- age   4:         72 bytes,      68160 total
- age   5:     134232 bytes,     202392 total
- age   6:      80976 bytes,     283368 total
: 136733K->396K(153344K), 0.0057588 secs] 295993K->159657K(1031552K), 0.0058648 secs] [Times: user=0.01 sys=0.00, real=0.01 secs] 
2016-08-24T16:30:14.565+0000: 8533.486: Total time for which application threads were stopped: 0.0066898 seconds, Stopping threads took: 0.0000873 seconds
2016-08-24T16:30:14.606+0000: 8533.527: [GC (Allocation Failure) 8533.527: [ParNew
Desired survivor size 8716288 bytes, new threshold 6 (max 6)
- age   1:      67824 bytes,      67824 total
- age   2:        160 bytes,      67984 total
- age   3:       1000 bytes,      68984 total
- age   4:       1064 bytes,      70048 total
- age   5:         72 bytes,      70120 total
- age   6:     132416 bytes,     202536 total
: 136716K->399K(153344K), 0.0058734 secs] 295977K->159740K(1031552K), 0.0059786 secs] [Times: user=0.01 sys=0.00, real=0.01 secs] 
2016-08-24T16:30:14.612+0000: 8533.533: Total time for which application threads were stopped: 0.0068213 seconds, Stopping threads took: 0.0001016 seconds
2016-08-24T16:30:14.652+0000: 8533.573: [GC (Allocation Failure) 8533.573: [ParNew
Desired survivor size 8716288 bytes, new threshold 6 (max 6)
- age   1:      68968 bytes,      68968 total
- age   2:       8808 bytes,      77776 total
- age   3:        160 bytes,      77936 total
- age   4:       1000 bytes,      78936 total
- age   5:       1064 bytes,      80000 total
- age   6:         72 bytes,      80072 total
: 136719K->155K(153344K), 0.0057283 secs] 296060K->159628K(1031552K), 0.0058327 secs] [Times: user=0.02 sys=0.00, real=0.00 secs] 
2016-08-24T16:30:14.658+0000: 8533.579: Total time for which application threads were stopped: 0.0066772 seconds, Stopping threads took: 0.0001020 seconds
2016-08-24T16:30:14.697+0000: 8533.618: [GC (Allocation Failure) 8533.618: [ParNew
Desired survivor size 8716288 bytes, new threshold 6 (max 6)
- age   1:      81056 bytes,      81056 total
- age   3:       1000 bytes,      82056 total
- age   4:        160 bytes,      82216 total
- age   5:        968 bytes,      83184 total
- age   6:       1064 bytes,      84248 total
: 136475K->118K(153344K), 0.0051135 secs] 295948K->159591K(1031552K), 0.0052147 secs] [Times: user=0.01 sys=0.00, real=0.01 secs] 
2016-08-24T16:30:14.702+0000: 8533.623: Total time for which application threads were stopped: 0.0060704 seconds, Stopping threads took: 0.0001024 seconds
2016-08-24T16:30:14.742+0000: 8533.664: [GC (Allocation Failure) 8533.664: [ParNew
Desired survivor size 8716288 bytes, new threshold 6 (max 6)
- age   1:      80032 bytes,      80032 total
- age   2:      11952 bytes,      91984 total
- age   4:       1000 bytes,      92984 total
- age   5:        160 bytes,      93144 total
- age   6:        968 bytes,      94112 total
: 136438K->107K(153344K), 0.0052217 secs] 295911K->159581K(1031552K), 0.0053198 secs] [Times: user=0.01 sys=0.00, real=0.00 secs] 
2016-08-24T16:30:14.748+0000: 8533.669: Total time for which application threads were stopped: 0.0061943 seconds, Stopping threads took: 0.0001371 seconds
2016-08-24T16:30:14.788+0000: 8533.710: [GC (Allocation Failure) 8533.710: [ParNew
Desired survivor size 8716288 bytes, new threshold 6 (max 6)
- age   1:      64184 bytes,      64184 total
- age   3:       1000 bytes,      65184 total
- age   5:        968 bytes,      66152 total
- age   6:        160 bytes,      66312 total
: 136427K->107K(153344K), 0.0051359 secs] 295901K->159582K(1031552K), 0.0052595 secs] [Times: user=0.01 sys=0.00, real=0.00 secs] 
2016-08-24T16:30:14.794+0000: 8533.715: Total time for which application threads were stopped: 0.0060914 seconds, Stopping threads took: 0.0000963 seconds
2016-08-24T16:30:14.831+0000: 8533.753: [GC (Allocation Failure) 8533.753: [ParNew
Desired survivor size 8716288 bytes, new threshold 6 (max 6)
- age   1:      89200 bytes,      89200 total
- age   2:      14584 bytes,     103784 total
- age   4:       1000 bytes,     104784 total
- age   6:        968 bytes,     105752 total
: 136427K->115K(153344K), 0.0051462 secs] 295902K->159591K(1031552K), 0.0052471 secs] [Times: user=0.01 sys=0.00, real=0.00 secs] 
2016-08-24T16:30:14.837+0000: 8533.758: Total time for which application threads were stopped: 0.0060796 seconds, Stopping threads took: 0.0000867 seconds
2016-08-24T16:30:19.839+0000: 8538.760: Total time for which application threads were stopped: 0.0008440 seconds, Stopping threads took: 0.0001301 seconds
2016-08-24T16:30:24.418+0000: 8543.340: [GC (Allocation Failure) 8543.340: [ParNew
Desired survivor size 8716288 bytes, new threshold 6 (max 6)
- age   1:    1364872 bytes,    1364872 total
- age   3:        968 bytes,    1365840 total
- age   5:        968 bytes,    1366808 total
: 136435K->1383K(153344K), 0.0082970 secs] 295911K->160860K(1031552K), 0.0084239 secs] [Times: user=0.01 sys=0.00, real=0.01 secs] 
2016-08-24T16:30:24.427+0000: 8543.348: Total time for which application threads were stopped: 0.0092710 seconds, Stopping threads took: 0.0000978 seconds
2016-08-24T16:30:24.466+0000: 8543.388: [GC (Allocation Failure) 8543.388: [ParNew
Desired survivor size 8716288 bytes, new threshold 6 (max 6)
- age   1:      65792 bytes,      65792 total
- age   2:     331432 bytes,     397224 total
- age   4:        968 bytes,     398192 total
- age   6:        968 bytes,     399160 total
: 137703K->597K(153344K), 0.0057523 secs] 297180K->160074K(1031552K), 0.0058669 secs] [Times: user=0.02 sys=0.00, real=0.01 secs] 
2016-08-24T16:30:24.472+0000: 8543.394: Total time for which application threads were stopped: 0.0066830 seconds, Stopping threads took: 0.0001005 seconds
2016-08-24T16:30:24.513+0000: 8543.435: [GC (Allocation Failure) 8543.435: [ParNew
Desired survivor size 8716288 bytes, new threshold 6 (max 6)
- age   1:      64968 bytes,      64968 total
- age   2:        328 bytes,      65296 total
- age   3:     315896 bytes,     381192 total
- age   5:        968 bytes,     382160 total
: 136917K->538K(153344K), 0.0054680 secs] 296394K->160016K(1031552K), 0.0055817 secs] [Times: user=0.01 sys=0.00, real=0.00 secs] 
2016-08-24T16:30:24.519+0000: 8543.441: Total time for which application threads were stopped: 0.0064223 seconds, Stopping threads took: 0.0001036 seconds
2016-08-24T16:30:24.561+0000: 8543.483: [GC (Allocation Failure) 8543.483: [ParNew
Desired survivor size 8716288 bytes, new threshold 6 (max 6)
- age   1:      63576 bytes,      63576 total
- age   2:      16456 bytes,      80032 total
- age   3:        328 bytes,      80360 total
- age   4:     315896 bytes,     396256 total
- age   6:        968 bytes,     397224 total
: 136858K->543K(153344K), 0.0059591 secs] 296336K->160020K(1031552K), 0.0060660 secs] [Times: user=0.01 sys=0.00, real=0.00 secs] 
2016-08-24T16:30:24.567+0000: 8543.489: Total time for which application threads were stopped: 0.0069250 seconds, Stopping threads took: 0.0000973 seconds
2016-08-24T16:30:24.609+0000: 8543.531: [GC (Allocation Failure) 8543.531: [ParNew
Desired survivor size 8716288 bytes, new threshold 6 (max 6)
- age   1:      64456 bytes,      64456 total
- age   3:       1096 bytes,      65552 total
- age   4:        256 bytes,      65808 total
- age   5:     313384 bytes,     379192 total
: 136863K->559K(153344K), 0.0061308 secs] 296340K->160038K(1031552K), 0.0062380 secs] [Times: user=0.01 sys=0.00, real=0.00 secs] 
2016-08-24T16:30:24.616+0000: 8543.537: Total time for which application threads were stopped: 0.0070714 seconds, Stopping threads took: 0.0001077 seconds
2016-08-24T16:30:24.656+0000: 8543.577: [GC (Allocation Failure) 8543.577: [ParNew
Desired survivor size 8716288 bytes, new threshold 6 (max 6)
- age   1:      70416 bytes,      70416 total
- age   2:      19568 bytes,      89984 total
- age   4:       1096 bytes,      91080 total
- age   5:        256 bytes,      91336 total
- age   6:     313384 bytes,     404720 total
: 136879K->542K(153344K), 0.0065572 secs] 296358K->160020K(1031552K), 0.0066673 secs] [Times: user=0.01 sys=0.00, real=0.01 secs] 
2016-08-24T16:30:24.663+0000: 8543.584: Total time for which application threads were stopped: 0.0074800 seconds, Stopping threads took: 0.0000869 seconds
2016-08-24T16:30:24.703+0000: 8543.624: [GC (Allocation Failure) 8543.625: [ParNew
Desired survivor size 8716288 bytes, new threshold 6 (max 6)
- age   1:      77432 bytes,      77432 total
- age   3:       1232 bytes,      78664 total
- age   5:       1064 bytes,      79728 total
- age   6:        256 bytes,      79984 total
: 136862K->392K(153344K), 0.0072489 secs] 296340K->160181K(1031552K), 0.0073635 secs] [Times: user=0.02 sys=0.00, real=0.01 secs] 
2016-08-24T16:30:24.710+0000: 8543.632: Total time for which application threads were stopped: 0.0082102 seconds, Stopping threads took: 0.0000992 seconds
2016-08-24T16:30:24.751+0000: 8543.673: [GC (Allocation Failure) 8543.673: [ParNew
Desired survivor size 8716288 bytes, new threshold 6 (max 6)
- age   1:      52488 bytes,      52488 total
- age   2:       1000 bytes,      53488 total
- age   4:       1200 bytes,      54688 total
- age   6:       1064 bytes,      55752 total
: 136712K->132K(153344K), 0.0056319 secs] 296501K->159921K(1031552K), 0.0057414 secs] [Times: user=0.01 sys=0.00, real=0.00 secs] 
2016-08-24T16:30:24.757+0000: 8543.678: Total time for which application threads were stopped: 0.0065855 seconds, Stopping threads took: 0.0000972 seconds
2016-08-24T16:30:24.796+0000: 8543.717: [GC (Allocation Failure) 8543.717: [ParNew
Desired survivor size 8716288 bytes, new threshold 6 (max 6)
- age   1:      74184 bytes,      74184 total
- age   2:       4560 bytes,      78744 total
- age   3:       1000 bytes,      79744 total
- age   5:       1200 bytes,      80944 total
: 136452K->103K(153344K), 0.0049291 secs] 296241K->159893K(1031552K), 0.0050416 secs] [Times: user=0.01 sys=0.00, real=0.01 secs] 
2016-08-24T16:30:24.801+0000: 8543.722: Total time for which application threads were stopped: 0.0058792 seconds, Stopping threads took: 0.0000997 seconds
2016-08-24T16:30:24.840+0000: 8543.762: [GC (Allocation Failure) 8543.762: [ParNew
Desired survivor size 8716288 bytes, new threshold 6 (max 6)
- age   1:      76872 bytes,      76872 total
- age   3:       1000 bytes,      77872 total
- age   4:        968 bytes,      78840 total
- age   6:       1200 bytes,      80040 total
: 136423K->94K(153344K), 0.0052681 secs] 296213K->159885K(1031552K), 0.0054005 secs] [Times: user=0.01 sys=0.00, real=0.00 secs] 
2016-08-24T16:30:24.846+0000: 8543.767: Total time for which application threads were stopped: 0.0062885 seconds, Stopping threads took: 0.0001024 seconds
2016-08-24T16:30:24.885+0000: 8543.807: [GC (Allocation Failure) 8543.807: [ParNew
Desired survivor size 8716288 bytes, new threshold 6 (max 6)
- age   1:      74176 bytes,      74176 total
- age   2:       7632 bytes,      81808 total
- age   4:       1000 bytes,      82808 total
- age   5:        968 bytes,      83776 total
: 136414K->99K(153344K), 0.0055835 secs] 296205K->159891K(1031552K), 0.0056928 secs] [Times: user=0.01 sys=0.00, real=0.01 secs] 
2016-08-24T16:30:24.891+0000: 8543.813: Total time for which application threads were stopped: 0.0065523 seconds, Stopping threads took: 0.0000983 seconds
2016-08-24T16:30:34.454+0000: 8553.375: [GC (Allocation Failure) 8553.375: [ParNew
Desired survivor size 8716288 bytes, new threshold 6 (max 6)
- age   1:     872912 bytes,     872912 total
- age   3:        968 bytes,     873880 total
- age   5:        968 bytes,     874848 total
- age   6:        968 bytes,     875816 total
: 136419K->879K(153344K), 0.0072603 secs] 296211K->160670K(1031552K), 0.0073909 secs] [Times: user=0.01 sys=0.00, real=0.01 secs] 
2016-08-24T16:30:34.461+0000: 8553.383: Total time for which application threads were stopped: 0.0082571 seconds, Stopping threads took: 0.0001274 seconds
2016-08-24T16:30:34.503+0000: 8553.425: [GC (Allocation Failure) 8553.425: [ParNew
Desired survivor size 8716288 bytes, new threshold 6 (max 6)
- age   1:      84248 bytes,      84248 total
- age   2:     227312 bytes,     311560 total
- age   4:        968 bytes,     312528 total
- age   6:        968 bytes,     313496 total
: 137199K->404K(153344K), 0.0053978 secs] 296990K->160196K(1031552K), 0.0055026 secs] [Times: user=0.01 sys=0.00, real=0.01 secs] 
2016-08-24T16:30:34.509+0000: 8553.431: Total time for which application threads were stopped: 0.0063141 seconds, Stopping threads took: 0.0000950 seconds
2016-08-24T16:30:34.549+0000: 8553.470: [GC (Allocation Failure) 8553.470: [ParNew
Desired survivor size 8716288 bytes, new threshold 6 (max 6)
- age   1:      70448 bytes,      70448 total
- age   3:     218344 bytes,     288792 total
- age   5:        968 bytes,     289760 total
: 136724K->408K(153344K), 0.0057263 secs] 296516K->160201K(1031552K), 0.0058329 secs] [Times: user=0.02 sys=0.00, real=0.00 secs] 
2016-08-24T16:30:34.555+0000: 8553.476: Total time for which application threads were stopped: 0.0067158 seconds, Stopping threads took: 0.0001078 seconds
2016-08-24T16:30:34.597+0000: 8553.519: [GC (Allocation Failure) 8553.519: [ParNew
Desired survivor size 8716288 bytes, new threshold 6 (max 6)
- age   1:      77536 bytes,      77536 total
- age   2:      10480 bytes,      88016 total
- age   4:     218344 bytes,     306360 total
- age   6:        968 bytes,     307328 total
: 136728K->408K(153344K), 0.0057307 secs] 296521K->160202K(1031552K), 0.0058344 secs] [Times: user=0.01 sys=0.00, real=0.01 secs] 
2016-08-24T16:30:34.603+0000: 8553.525: Total time for which application threads were stopped: 0.0066346 seconds, Stopping threads took: 0.0000944 seconds
2016-08-24T16:30:34.646+0000: 8553.567: [GC (Allocation Failure) 8553.567: [ParNew
Desired survivor size 8716288 bytes, new threshold 6 (max 6)
- age   1:      84480 bytes,      84480 total
- age   3:       1456 bytes,      85936 total
- age   5:     216496 bytes,     302432 total
: 136728K->429K(153344K), 0.0063187 secs] 296522K->160223K(1031552K), 0.0064611 secs] [Times: user=0.01 sys=0.00, real=0.01 secs] 
2016-08-24T16:30:34.652+0000: 8553.574: Total time for which application threads were stopped: 0.0073444 seconds, Stopping threads took: 0.0000990 seconds
2016-08-24T16:30:34.695+0000: 8553.616: [GC (Allocation Failure) 8553.616: [ParNew
Desired survivor size 8716288 bytes, new threshold 6 (max 6)
- age   1:      66400 bytes,      66400 total
- age   2:      13832 bytes,      80232 total
- age   4:       1456 bytes,      81688 total
- age   6:     216496 bytes,     298184 total
: 136749K->423K(153344K), 0.0056690 secs] 296543K->160217K(1031552K), 0.0057696 secs] [Times: user=0.01 sys=0.00, real=0.01 secs] 
2016-08-24T16:30:34.700+0000: 8553.622: Total time for which application threads were stopped: 0.0066109 seconds, Stopping threads took: 0.0001299 seconds
2016-08-24T16:30:34.743+0000: 8553.664: [GC (Allocation Failure) 8553.664: [ParNew
Desired survivor size 8716288 bytes, new threshold 6 (max 6)
- age   1:      62320 bytes,      62320 total
- age   3:       1000 bytes,      63320 total
- age   5:       1352 bytes,      64672 total
: 136743K->290K(153344K), 0.0061634 secs] 296537K->160298K(1031552K), 0.0062570 secs] [Times: user=0.01 sys=0.00, real=0.01 secs] 
2016-08-24T16:30:34.749+0000: 8553.671: Total time for which application threads were stopped: 0.0070685 seconds, Stopping threads took: 0.0001169 seconds
2016-08-24T16:30:34.791+0000: 8553.712: [GC (Allocation Failure) 8553.712: [ParNew
Desired survivor size 8716288 bytes, new threshold 6 (max 6)
- age   1:      92096 bytes,      92096 total
- age   2:      16168 bytes,     108264 total
- age   4:       1000 bytes,     109264 total
- age   6:       1352 bytes,     110616 total
: 136610K->139K(153344K), 0.0056874 secs] 296618K->160147K(1031552K), 0.0058020 secs] [Times: user=0.01 sys=0.00, real=0.00 secs] 
2016-08-24T16:30:34.797+0000: 8553.718: Total time for which application threads were stopped: 0.0067160 seconds, Stopping threads took: 0.0001177 seconds
2016-08-24T16:30:34.837+0000: 8553.759: [GC (Allocation Failure) 8553.759: [ParNew
Desired survivor size 8716288 bytes, new threshold 6 (max 6)
- age   1:      81328 bytes,      81328 total
- age   3:       1248 bytes,      82576 total
- age   5:        968 bytes,      83544 total
: 136459K->143K(153344K), 0.0053658 secs] 296467K->160153K(1031552K), 0.0054512 secs] [Times: user=0.01 sys=0.00, real=0.01 secs] 
2016-08-24T16:30:34.843+0000: 8553.764: Total time for which application threads were stopped: 0.0062650 seconds, Stopping threads took: 0.0001237 seconds
2016-08-24T16:30:34.883+0000: 8553.805: [GC (Allocation Failure) 8553.805: [ParNew
Desired survivor size 8716288 bytes, new threshold 6 (max 6)
- age   1:      61928 bytes,      61928 total
- age   2:      19160 bytes,      81088 total
- age   4:       1248 bytes,      82336 total
- age   6:        968 bytes,      83304 total
: 136463K->105K(153344K), 0.0056041 secs] 296473K->160114K(1031552K), 0.0057166 secs] [Times: user=0.01 sys=0.00, real=0.01 secs] 
2016-08-24T16:30:34.889+0000: 8553.810: Total time for which application threads were stopped: 0.0065863 seconds, Stopping threads took: 0.0000999 seconds
2016-08-24T16:30:34.929+0000: 8553.851: [GC (Allocation Failure) 8553.851: [ParNew
Desired survivor size 8716288 bytes, new threshold 6 (max 6)
- age   1:      81472 bytes,      81472 total
- age   3:       1000 bytes,      82472 total
- age   5:       1216 bytes,      83688 total
: 136425K->103K(153344K), 0.0054216 secs] 296434K->160114K(1031552K), 0.0055124 secs] [Times: user=0.01 sys=0.00, real=0.00 secs] 
2016-08-24T16:30:34.935+0000: 8553.856: Total time for which application threads were stopped: 0.0063163 seconds, Stopping threads took: 0.0001000 seconds
2016-08-24T16:30:35.034+0000: 8553.956: [GC (Allocation Failure) 8553.956: [ParNew
Desired survivor size 8716288 bytes, new threshold 6 (max 6)
- age   1:     282904 bytes,     282904 total
- age   2:       2296 bytes,     285200 total
- age   4:        968 bytes,     286168 total
- age   6:       1120 bytes,     287288 total
: 136423K->298K(153344K), 0.0083926 secs] 296434K->160308K(1031552K), 0.0086065 secs] [Times: user=0.02 sys=0.00, real=0.01 secs] 
2016-08-24T16:30:35.043+0000: 8553.964: Total time for which application threads were stopped: 0.0132880 seconds, Stopping threads took: 0.0028723 seconds
2016-08-24T16:30:44.433+0000: 8563.355: [GC (Allocation Failure) 8563.355: [ParNew
Desired survivor size 8716288 bytes, new threshold 6 (max 6)
- age   1:     877464 bytes,     877464 total
- age   2:     124376 bytes,    1001840 total
- age   3:        968 bytes,    1002808 total
- age   5:        968 bytes,    1003776 total
: 136618K->993K(153344K), 0.0075391 secs] 296628K->161004K(1031552K), 0.0076656 secs] [Times: user=0.01 sys=0.00, real=0.01 secs] 
2016-08-24T16:30:44.441+0000: 8563.363: Total time for which application threads were stopped: 0.0085089 seconds, Stopping threads took: 0.0000971 seconds
2016-08-24T16:30:44.482+0000: 8563.404: [GC (Allocation Failure) 8563.404: [ParNew
Desired survivor size 8716288 bytes, new threshold 6 (max 6)
- age   1:      58208 bytes,      58208 total
- age   2:     189056 bytes,     247264 total
- age   3:      96536 bytes,     343800 total
- age   4:        968 bytes,     344768 total
- age   6:        968 bytes,     345736 total
: 137313K->447K(153344K), 0.0054222 secs] 297324K->160458K(1031552K), 0.0055220 secs] [Times: user=0.01 sys=0.00, real=0.00 secs] 
2016-08-24T16:30:44.488+0000: 8563.410: Total time for which application threads were stopped: 0.0062756 seconds, Stopping threads took: 0.0000917 seconds
2016-08-24T16:30:44.530+0000: 8563.451: [GC (Allocation Failure) 8563.451: [ParNew
Desired survivor size 8716288 bytes, new threshold 6 (max 6)
- age   1:      81720 bytes,      81720 total
- age   2:       4112 bytes,      85832 total
- age   3:     189056 bytes,     274888 total
- age   4:      96536 bytes,     371424 total
- age   5:        968 bytes,     372392 total
: 136767K->477K(153344K), 0.0054497 secs] 296778K->160489K(1031552K), 0.0055551 secs] [Times: user=0.01 sys=0.00, real=0.00 secs] 
2016-08-24T16:30:44.536+0000: 8563.457: Total time for which application threads were stopped: 0.0063846 seconds, Stopping threads took: 0.0000995 seconds
2016-08-24T16:30:44.576+0000: 8563.498: [GC (Allocation Failure) 8563.498: [ParNew
Desired survivor size 8716288 bytes, new threshold 6 (max 6)
- age   1:      58088 bytes,      58088 total
- age   3:       1192 bytes,      59280 total
- age   4:     187208 bytes,     246488 total
- age   5:      96536 bytes,     343024 total
- age   6:        968 bytes,     343992 total
: 136797K->513K(153344K), 0.0058827 secs] 296809K->160525K(1031552K), 0.0059984 secs] [Times: user=0.01 sys=0.00, real=0.01 secs] 
2016-08-24T16:30:44.582+0000: 8563.504: Total time for which application threads were stopped: 0.0068338 seconds, Stopping threads took: 0.0001010 seconds
2016-08-24T16:30:44.622+0000: 8563.543: [GC (Allocation Failure) 8563.543: [ParNew
Desired survivor size 8716288 bytes, new threshold 6 (max 6)
- age   1:      71336 bytes,      71336 total
- age   2:       5536 bytes,      76872 total
- age   4:       1192 bytes,      78064 total
- age   5:     187208 bytes,     265272 total
- age   6:      96536 bytes,     361808 total
: 136833K->493K(153344K), 0.0056279 secs] 296845K->160506K(1031552K), 0.0057425 secs] [Times: user=0.01 sys=0.00, real=0.00 secs] 
2016-08-24T16:30:44.627+0000: 8563.549: Total time for which application threads were stopped: 0.0065762 seconds, Stopping threads took: 0.0001012 seconds
2016-08-24T16:30:44.668+0000: 8563.589: [GC (Allocation Failure) 8563.589: [ParNew
Desired survivor size 8716288 bytes, new threshold 6 (max 6)
- age   1:      63568 bytes,      63568 total
- age   3:       1000 bytes,      64568 total
- age   5:       1160 bytes,      65728 total
- age   6:     185392 bytes,     251120 total
: 136813K->509K(153344K), 0.0052624 secs] 296826K->160619K(1031552K), 0.0053718 secs] [Times: user=0.01 sys=0.00, real=0.01 secs] 
2016-08-24T16:30:44.673+0000: 8563.595: Total time for which application threads were stopped: 0.0061819 seconds, Stopping threads took: 0.0000958 seconds
2016-08-24T16:30:44.711+0000: 8563.632: [GC (Allocation Failure) 8563.632: [ParNew
Desired survivor size 8716288 bytes, new threshold 6 (max 6)
- age   1:      68768 bytes,      68768 total
- age   2:       9064 bytes,      77832 total
- age   4:       1000 bytes,      78832 total
- age   6:       1160 bytes,      79992 total
: 136829K->190K(153344K), 0.0056576 secs] 296939K->160485K(1031552K), 0.0057623 secs] [Times: user=0.01 sys=0.00, real=0.00 secs] 
2016-08-24T16:30:44.717+0000: 8563.638: Total time for which application threads were stopped: 0.0065584 seconds, Stopping threads took: 0.0000947 seconds
2016-08-24T16:30:44.758+0000: 8563.679: [GC (Allocation Failure) 8563.679: [ParNew
Desired survivor size 8716288 bytes, new threshold 6 (max 6)
- age   1:      55720 bytes,      55720 total
- age   3:       1000 bytes,      56720 total
- age   5:        968 bytes,      57688 total
: 136510K->86K(153344K), 0.0050624 secs] 296805K->160381K(1031552K), 0.0051670 secs] [Times: user=0.01 sys=0.00, real=0.01 secs] 
2016-08-24T16:30:44.763+0000: 8563.685: Total time for which application threads were stopped: 0.0059807 seconds, Stopping threads took: 0.0001019 seconds
2016-08-24T16:30:44.801+0000: 8563.723: [GC (Allocation Failure) 8563.723: [ParNew
Desired survivor size 8716288 bytes, new threshold 6 (max 6)
- age   1:      73392 bytes,      73392 total
- age   2:      12480 bytes,      85872 total
- age   4:       1000 bytes,      86872 total
- age   6:        968 bytes,      87840 total
: 136406K->98K(153344K), 0.0058143 secs] 296701K->160393K(1031552K), 0.0059366 secs] [Times: user=0.01 sys=0.00, real=0.00 secs] 
2016-08-24T16:30:44.808+0000: 8563.729: Total time for which application threads were stopped: 0.0068286 seconds, Stopping threads took: 0.0000965 seconds
2016-08-24T16:30:44.851+0000: 8563.772: [GC (Allocation Failure) 8563.772: [ParNew
Desired survivor size 8716288 bytes, new threshold 6 (max 6)
- age   1:      64656 bytes,      64656 total
- age   3:       1000 bytes,      65656 total
- age   5:        968 bytes,      66624 total
: 136418K->76K(153344K), 0.0058512 secs] 296713K->160373K(1031552K), 0.0059458 secs] [Times: user=0.01 sys=0.00, real=0.00 secs] 
2016-08-24T16:30:44.857+0000: 8563.778: Total time for which application threads were stopped: 0.0067228 seconds, Stopping threads took: 0.0000988 seconds
2016-08-24T16:30:44.896+0000: 8563.817: [GC (Allocation Failure) 8563.817: [ParNew
Desired survivor size 8716288 bytes, new threshold 6 (max 6)
- age   1:      68584 bytes,      68584 total
- age   2:      14704 bytes,      83288 total
- age   4:       1000 bytes,      84288 total
- age   6:        968 bytes,      85256 total
: 136396K->99K(153344K), 0.0053670 secs] 296693K->160395K(1031552K), 0.0054784 secs] [Times: user=0.01 sys=0.00, real=0.01 secs] 
2016-08-24T16:30:44.902+0000: 8563.823: Total time for which application threads were stopped: 0.0063401 seconds, Stopping threads took: 0.0001038 seconds
2016-08-24T16:30:54.407+0000: 8573.328: [GC (Allocation Failure) 8573.328: [ParNew
Desired survivor size 8716288 bytes, new threshold 6 (max 6)
- age   1:    1040624 bytes,    1040624 total
- age   3:        968 bytes,    1041592 total
- age   5:        968 bytes,    1042560 total
: 136419K->1026K(153344K), 0.0087575 secs] 296715K->161324K(1031552K), 0.0088916 secs] [Times: user=0.01 sys=0.00, real=0.01 secs] 
2016-08-24T16:30:54.416+0000: 8573.337: Total time for which application threads were stopped: 0.0097925 seconds, Stopping threads took: 0.0001190 seconds
2016-08-24T16:30:54.454+0000: 8573.375: [GC (Allocation Failure) 8573.375: [ParNew
Desired survivor size 8716288 bytes, new threshold 6 (max 6)
- age   1:      62552 bytes,      62552 total
- age   2:     298264 bytes,     360816 total
- age   4:        968 bytes,     361784 total
- age   6:        968 bytes,     362752 total
: 137346K->495K(153344K), 0.0058894 secs] 297644K->160793K(1031552K), 0.0060040 secs] [Times: user=0.01 sys=0.00, real=0.00 secs] 
2016-08-24T16:30:54.460+0000: 8573.381: Total time for which application threads were stopped: 0.0068531 seconds, Stopping threads took: 0.0001169 seconds
2016-08-24T16:30:54.501+0000: 8573.422: [GC (Allocation Failure) 8573.422: [ParNew
Desired survivor size 8716288 bytes, new threshold 6 (max 6)
- age   1:      85280 bytes,      85280 total
- age   2:         72 bytes,      85352 total
- age   3:     282496 bytes,     367848 total
- age   5:        968 bytes,     368816 total
: 136815K->482K(153344K), 0.0057689 secs] 297113K->160781K(1031552K), 0.0058771 secs] [Times: user=0.01 sys=0.00, real=0.00 secs] 
2016-08-24T16:30:54.507+0000: 8573.428: Total time for which application threads were stopped: 0.0067790 seconds, Stopping threads took: 0.0000958 seconds
2016-08-24T16:30:54.548+0000: 8573.470: [GC (Allocation Failure) 8573.470: [ParNew
Desired survivor size 8716288 bytes, new threshold 6 (max 6)
- age   1:      71224 bytes,      71224 total
- age   2:      17656 bytes,      88880 total
- age   3:         72 bytes,      88952 total
- age   4:     281784 bytes,     370736 total
- age   6:        968 bytes,     371704 total
: 136802K->512K(153344K), 0.0062074 secs] 297101K->160811K(1031552K), 0.0063188 secs] [Times: user=0.02 sys=0.00, real=0.00 secs] 
2016-08-24T16:30:54.555+0000: 8573.476: Total time for which application threads were stopped: 0.0071587 seconds, Stopping threads took: 0.0001004 seconds
2016-08-24T16:30:54.597+0000: 8573.518: [GC (Allocation Failure) 8573.518: [ParNew
Desired survivor size 8716288 bytes, new threshold 6 (max 6)
- age   1:      79896 bytes,      79896 total
- age   2:        336 bytes,      80232 total
- age   3:       1096 bytes,      81328 total
- age   4:         72 bytes,      81400 total
- age   5:     279936 bytes,     361336 total
: 136832K->523K(153344K), 0.0062074 secs] 297131K->160823K(1031552K), 0.0063126 secs] [Times: user=0.01 sys=0.00, real=0.01 secs] 
2016-08-24T16:30:54.603+0000: 8573.525: Total time for which application threads were stopped: 0.0071585 seconds, Stopping threads took: 0.0001013 seconds
2016-08-24T16:30:54.643+0000: 8573.564: [GC (Allocation Failure) 8573.564: [ParNew
Desired survivor size 8716288 bytes, new threshold 6 (max 6)
- age   1:      86896 bytes,      86896 total
- age   2:      20592 bytes,     107488 total
- age   3:        336 bytes,     107824 total
- age   4:       1096 bytes,     108920 total
- age   5:         72 bytes,     108992 total
- age   6:     279936 bytes,     388928 total
: 136843K->517K(153344K), 0.0061179 secs] 297143K->160816K(1031552K), 0.0062391 secs] [Times: user=0.01 sys=0.00, real=0.01 secs] 
2016-08-24T16:30:54.649+0000: 8573.571: Total time for which application threads were stopped: 0.0070584 seconds, Stopping threads took: 0.0000964 seconds
2016-08-24T16:30:54.691+0000: 8573.613: [GC (Allocation Failure) 8573.613: [ParNew
Desired survivor size 8716288 bytes, new threshold 6 (max 6)
- age   1:      76840 bytes,      76840 total
- age   3:       1000 bytes,      77840 total
- age   4:        336 bytes,      78176 total
- age   5:       1064 bytes,      79240 total
- age   6:         72 bytes,      79312 total
: 136837K->375K(153344K), 0.0071434 secs] 297136K->160952K(1031552K), 0.0072559 secs] [Times: user=0.01 sys=0.00, real=0.00 secs] 
2016-08-24T16:30:54.699+0000: 8573.620: Total time for which application threads were stopped: 0.0080853 seconds, Stopping threads took: 0.0001000 seconds
2016-08-24T16:30:54.741+0000: 8573.662: [GC (Allocation Failure) 8573.663: [ParNew
Desired survivor size 8716288 bytes, new threshold 6 (max 6)
- age   1:      64056 bytes,      64056 total
- age   2:       1000 bytes,      65056 total
- age   4:        968 bytes,      66024 total
- age   5:        336 bytes,      66360 total
- age   6:       1064 bytes,      67424 total
: 136695K->126K(153344K), 0.0058905 secs] 297272K->160704K(1031552K), 0.0060076 secs] [Times: user=0.01 sys=0.00, real=0.00 secs] 
2016-08-24T16:30:54.747+0000: 8573.669: Total time for which application threads were stopped: 0.0069145 seconds, Stopping threads took: 0.0001176 seconds
2016-08-24T16:30:54.788+0000: 8573.710: [GC (Allocation Failure) 8573.710: [ParNew
Desired survivor size 8716288 bytes, new threshold 6 (max 6)
- age   1:      61152 bytes,      61152 total
- age   2:       4976 bytes,      66128 total
- age   3:       1000 bytes,      67128 total
- age   5:        968 bytes,      68096 total
- age   6:        336 bytes,      68432 total
: 136446K->94K(153344K), 0.0060769 secs] 297024K->160673K(1031552K), 0.0061848 secs] [Times: user=0.01 sys=0.00, real=0.01 secs] 
2016-08-24T16:30:54.794+0000: 8573.716: Total time for which application threads were stopped: 0.0069857 seconds, Stopping threads took: 0.0000875 seconds
2016-08-24T16:30:54.836+0000: 8573.757: [GC (Allocation Failure) 8573.757: [ParNew
Desired survivor size 8716288 bytes, new threshold 6 (max 6)
- age   1:      55408 bytes,      55408 total
- age   3:       1000 bytes,      56408 total
- age   4:        968 bytes,      57376 total
- age   6:        968 bytes,      58344 total
: 136414K->75K(153344K), 0.0065232 secs] 296993K->160654K(1031552K), 0.0066459 secs] [Times: user=0.01 sys=0.00, real=0.01 secs] 
2016-08-24T16:30:54.843+0000: 8573.764: Total time for which application threads were stopped: 0.0075089 seconds, Stopping threads took: 0.0001005 seconds
2016-08-24T16:30:54.884+0000: 8573.805: [GC (Allocation Failure) 8573.806: [ParNew
Desired survivor size 8716288 bytes, new threshold 6 (max 6)
- age   1:      66232 bytes,      66232 total
- age   2:       8656 bytes,      74888 total
- age   4:       1000 bytes,      75888 total
- age   5:        968 bytes,      76856 total
: 136395K->82K(153344K), 0.0062011 secs] 296974K->160661K(1031552K), 0.0062942 secs] [Times: user=0.02 sys=0.00, real=0.01 secs] 
2016-08-24T16:30:54.890+0000: 8573.812: Total time for which application threads were stopped: 0.0071078 seconds, Stopping threads took: 0.0000954 seconds
2016-08-24T16:31:04.460+0000: 8583.382: [GC (Allocation Failure) 8583.382: [ParNew
Desired survivor size 8716288 bytes, new threshold 6 (max 6)
- age   1:     987000 bytes,     987000 total
- age   3:        968 bytes,     987968 total
- age   5:        968 bytes,     988936 total
- age   6:        968 bytes,     989904 total
: 136402K->978K(153344K), 0.0092591 secs] 296981K->161558K(1031552K), 0.0094075 secs] [Times: user=0.01 sys=0.00, real=0.01 secs] 
2016-08-24T16:31:04.470+0000: 8583.391: Total time for which application threads were stopped: 0.0103894 seconds, Stopping threads took: 0.0001234 seconds
2016-08-24T16:31:04.511+0000: 8583.432: [GC (Allocation Failure) 8583.432: [ParNew
Desired survivor size 8716288 bytes, new threshold 6 (max 6)
- age   1:      78400 bytes,      78400 total
- age   2:     279304 bytes,     357704 total
- age   4:        968 bytes,     358672 total
- age   6:        968 bytes,     359640 total
: 137298K->485K(153344K), 0.0072187 secs] 297878K->161066K(1031552K), 0.0073794 secs] [Times: user=0.02 sys=0.00, real=0.00 secs] 
2016-08-24T16:31:04.518+0000: 8583.440: Total time for which application threads were stopped: 0.0083227 seconds, Stopping threads took: 0.0001050 seconds
2016-08-24T16:31:04.561+0000: 8583.482: [GC (Allocation Failure) 8583.483: [ParNew
Desired survivor size 8716288 bytes, new threshold 6 (max 6)
- age   1:      72152 bytes,      72152 total
- age   2:        184 bytes,      72336 total
- age   3:     270184 bytes,     342520 total
- age   5:        968 bytes,     343488 total
: 136805K->475K(153344K), 0.0079897 secs] 297386K->161057K(1031552K), 0.0081547 secs] [Times: user=0.02 sys=0.00, real=0.01 secs] 
2016-08-24T16:31:04.569+0000: 8583.491: Total time for which application threads were stopped: 0.0093265 seconds, Stopping threads took: 0.0001355 seconds
2016-08-24T16:31:04.617+0000: 8583.538: [GC (Allocation Failure) 8583.538: [ParNew
Desired survivor size 8716288 bytes, new threshold 6 (max 6)
- age   1:      85560 bytes,      85560 total
- age   2:      11064 bytes,      96624 total
- age   3:        184 bytes,      96808 total
- age   4:     270184 bytes,     366992 total
- age   6:        968 bytes,     367960 total
: 136795K->485K(153344K), 0.0066644 secs] 297377K->161067K(1031552K), 0.0068099 secs] [Times: user=0.01 sys=0.00, real=0.01 secs] 
2016-08-24T16:31:04.624+0000: 8583.545: Total time for which application threads were stopped: 0.0077068 seconds, Stopping threads took: 0.0001160 seconds
2016-08-24T16:31:04.666+0000: 8583.587: [GC (Allocation Failure) 8583.587: [ParNew
Desired survivor size 8716288 bytes, new threshold 6 (max 6)
- age   1:      84536 bytes,      84536 total
- age   3:       1096 bytes,      85632 total
- age   4:        184 bytes,      85816 total
- age   5:     268336 bytes,     354152 total
: 136805K->512K(153344K), 0.0066493 secs] 297387K->161095K(1031552K), 0.0067906 secs] [Times: user=0.01 sys=0.00, real=0.01 secs] 
2016-08-24T16:31:04.673+0000: 8583.594: Total time for which application threads were stopped: 0.0078147 seconds, Stopping threads took: 0.0001317 seconds
2016-08-24T16:31:04.676+0000: 8583.597: Total time for which application threads were stopped: 0.0009269 seconds, Stopping threads took: 0.0002084 seconds
2016-08-24T16:31:04.677+0000: 8583.598: Total time for which application threads were stopped: 0.0007838 seconds, Stopping threads took: 0.0001686 seconds
2016-08-24T16:31:04.678+0000: 8583.599: Total time for which application threads were stopped: 0.0006575 seconds, Stopping threads took: 0.0001152 seconds
2016-08-24T16:31:04.717+0000: 8583.638: [GC (Allocation Failure) 8583.638: [ParNew
Desired survivor size 8716288 bytes, new threshold 6 (max 6)
- age   1:      85256 bytes,      85256 total
- age   2:      14088 bytes,      99344 total
- age   4:       1096 bytes,     100440 total
- age   5:        184 bytes,     100624 total
- age   6:     268304 bytes,     368928 total
: 136832K->501K(153344K), 0.0066657 secs] 297415K->161084K(1031552K), 0.0067986 secs] [Times: user=0.02 sys=0.00, real=0.01 secs] 
2016-08-24T16:31:04.724+0000: 8583.645: Total time for which application threads were stopped: 0.0078778 seconds, Stopping threads took: 0.0001309 seconds
2016-08-24T16:31:04.766+0000: 8583.687: [GC (Allocation Failure) 8583.687: [ParNew
Desired survivor size 8716288 bytes, new threshold 6 (max 6)
- age   1:      74192 bytes,      74192 total
- age   2:       7232 bytes,      81424 total
- age   3:       1000 bytes,      82424 total
- age   5:       1064 bytes,      83488 total
- age   6:        184 bytes,      83672 total
: 136821K->356K(153344K), 0.0072355 secs] 297404K->161204K(1031552K), 0.0073758 secs] [Times: user=0.01 sys=0.00, real=0.01 secs] 
2016-08-24T16:31:04.773+0000: 8583.695: Total time for which application threads were stopped: 0.0083015 seconds, Stopping threads took: 0.0001198 seconds
2016-08-24T16:31:04.812+0000: 8583.734: [GC (Allocation Failure) 8583.734: [ParNew
Desired survivor size 8716288 bytes, new threshold 6 (max 6)
- age   1:      77464 bytes,      77464 total
- age   2:      17280 bytes,      94744 total
- age   3:       7232 bytes,     101976 total
- age   4:       1000 bytes,     102976 total
- age   6:       1064 bytes,     104040 total
: 136676K->169K(153344K), 0.0062250 secs] 297524K->161017K(1031552K), 0.0063427 secs] [Times: user=0.02 sys=0.00, real=0.00 secs] 
2016-08-24T16:31:04.819+0000: 8583.740: Total time for which application threads were stopped: 0.0073003 seconds, Stopping threads took: 0.0002262 seconds
2016-08-24T16:31:04.829+0000: 8583.750: Total time for which application threads were stopped: 0.0046323 seconds, Stopping threads took: 0.0039598 seconds
2016-08-24T16:31:04.830+0000: 8583.751: Total time for which application threads were stopped: 0.0006327 seconds, Stopping threads took: 0.0000924 seconds
2016-08-24T16:31:04.830+0000: 8583.752: Total time for which application threads were stopped: 0.0006064 seconds, Stopping threads took: 0.0000988 seconds
2016-08-24T16:31:04.868+0000: 8583.789: [GC (Allocation Failure) 8583.789: [ParNew
Desired survivor size 8716288 bytes, new threshold 6 (max 6)
- age   1:      73392 bytes,      73392 total
- age   2:       6288 bytes,      79680 total
- age   3:       1000 bytes,      80680 total
- age   4:       7232 bytes,      87912 total
- age   5:        968 bytes,      88880 total
: 136489K->108K(153344K), 0.0060935 secs] 297337K->160958K(1031552K), 0.0062235 secs] [Times: user=0.01 sys=0.00, real=0.01 secs] 
2016-08-24T16:31:04.874+0000: 8583.796: Total time for which application threads were stopped: 0.0070995 seconds, Stopping threads took: 0.0000923 seconds
2016-08-24T16:31:04.914+0000: 8583.836: [GC (Allocation Failure) 8583.836: [ParNew
Desired survivor size 8716288 bytes, new threshold 6 (max 6)
- age   1:      83752 bytes,      83752 total
- age   2:      20960 bytes,     104712 total
- age   3:       6288 bytes,     111000 total
- age   4:       1000 bytes,     112000 total
- age   5:       7232 bytes,     119232 total
- age   6:        968 bytes,     120200 total
: 136428K->160K(153344K), 0.0061051 secs] 297278K->161009K(1031552K), 0.0062166 secs] [Times: user=0.02 sys=0.00, real=0.01 secs] 
2016-08-24T16:31:04.921+0000: 8583.842: Total time for which application threads were stopped: 0.0070938 seconds, Stopping threads took: 0.0001266 seconds
2016-08-24T16:31:04.962+0000: 8583.883: [GC (Allocation Failure) 8583.884: [ParNew
Desired survivor size 8716288 bytes, new threshold 6 (max 6)
- age   1:      73792 bytes,      73792 total
- age   3:       1944 bytes,      75736 total
- age   4:       6288 bytes,      82024 total
- age   5:        968 bytes,      82992 total
- age   6:       7232 bytes,      90224 total
: 136480K->144K(153344K), 0.0061869 secs] 297329K->160994K(1031552K), 0.0063069 secs] [Times: user=0.01 sys=0.00, real=0.01 secs] 
2016-08-24T16:31:04.968+0000: 8583.890: Total time for which application threads were stopped: 0.0071770 seconds, Stopping threads took: 0.0001022 seconds
2016-08-24T16:31:07.841+0000: 8586.763: [GC (Allocation Failure) 8586.763: [ParNew
Desired survivor size 8716288 bytes, new threshold 6 (max 6)
- age   1:     371248 bytes,     371248 total
- age   2:        968 bytes,     372216 total
- age   4:       1144 bytes,     373360 total
- age   5:        856 bytes,     374216 total
- age   6:        968 bytes,     375184 total
: 136464K->382K(153344K), 0.0085988 secs] 297314K->161234K(1031552K), 0.0087567 secs] [Times: user=0.01 sys=0.00, real=0.01 secs] 
2016-08-24T16:31:07.850+0000: 8586.771: Total time for which application threads were stopped: 0.0105806 seconds, Stopping threads took: 0.0001939 seconds
2016-08-24T16:31:14.746+0000: 8593.668: [GC (Allocation Failure) 8593.668: [ParNew
Desired survivor size 8716288 bytes, new threshold 6 (max 6)
- age   1:     608136 bytes,     608136 total
- age   2:      94896 bytes,     703032 total
- age   3:        968 bytes,     704000 total
- age   5:       1144 bytes,     705144 total
- age   6:        824 bytes,     705968 total
: 136702K->731K(153344K), 0.0067690 secs] 297554K->161583K(1031552K), 0.0069306 secs] [Times: user=0.01 sys=0.00, real=0.01 secs] 
2016-08-24T16:31:14.754+0000: 8593.675: Total time for which application threads were stopped: 0.0079362 seconds, Stopping threads took: 0.0001085 seconds
2016-08-24T16:31:14.793+0000: 8593.714: [GC (Allocation Failure) 8593.714: [ParNew
Desired survivor size 8716288 bytes, new threshold 6 (max 6)
- age   1:      52368 bytes,      52368 total
- age   2:     133672 bytes,     186040 total
- age   3:      92440 bytes,     278480 total
- age   4:        968 bytes,     279448 total
- age   6:       1144 bytes,     280592 total
: 137051K->394K(153344K), 0.0057014 secs] 297903K->161247K(1031552K), 0.0058026 secs] [Times: user=0.01 sys=0.00, real=0.00 secs] 
2016-08-24T16:31:14.799+0000: 8593.720: Total time for which application threads were stopped: 0.0066214 seconds, Stopping threads took: 0.0000838 seconds
2016-08-24T16:31:14.837+0000: 8593.759: [GC (Allocation Failure) 8593.759: [ParNew
Desired survivor size 8716288 bytes, new threshold 6 (max 6)
- age   1:      67752 bytes,      67752 total
- age   2:       4456 bytes,      72208 total
- age   3:     133672 bytes,     205880 total
- age   4:      92440 bytes,     298320 total
- age   5:        968 bytes,     299288 total
: 136714K->391K(153344K), 0.0053238 secs] 297567K->161245K(1031552K), 0.0054361 secs] [Times: user=0.01 sys=0.00, real=0.01 secs] 
2016-08-24T16:31:14.843+0000: 8593.764: Total time for which application threads were stopped: 0.0062644 seconds, Stopping threads took: 0.0000988 seconds
2016-08-24T16:31:14.882+0000: 8593.803: [GC (Allocation Failure) 8593.803: [ParNew
Desired survivor size 8716288 bytes, new threshold 6 (max 6)
- age   1:      56616 bytes,      56616 total
- age   3:       1096 bytes,      57712 total
- age   4:     131824 bytes,     189536 total
- age   5:      92440 bytes,     281976 total
- age   6:        968 bytes,     282944 total
: 136711K->412K(153344K), 0.0057578 secs] 297565K->161266K(1031552K), 0.0058636 secs] [Times: user=0.01 sys=0.00, real=0.00 secs] 
2016-08-24T16:31:14.888+0000: 8593.809: Total time for which application threads were stopped: 0.0066949 seconds, Stopping threads took: 0.0000999 seconds
2016-08-24T16:31:14.925+0000: 8593.847: [GC (Allocation Failure) 8593.847: [ParNew
Desired survivor size 8716288 bytes, new threshold 6 (max 6)
- age   1:      71056 bytes,      71056 total
- age   2:       7272 bytes,      78328 total
- age   4:       1096 bytes,      79424 total
- age   5:     131824 bytes,     211248 total
- age   6:      92440 bytes,     303688 total
: 136732K->403K(153344K), 0.0057788 secs] 297586K->161258K(1031552K), 0.0058895 secs] [Times: user=0.01 sys=0.00, real=0.01 secs] 
2016-08-24T16:31:14.931+0000: 8593.853: Total time for which application threads were stopped: 0.0067556 seconds, Stopping threads took: 0.0001239 seconds
2016-08-24T16:31:14.972+0000: 8593.893: [GC (Allocation Failure) 8593.893: [ParNew
Desired survivor size 8716288 bytes, new threshold 6 (max 6)
- age   1:      63968 bytes,      63968 total
- age   3:       1000 bytes,      64968 total
- age   5:       1064 bytes,      66032 total
- age   6:     130008 bytes,     196040 total
: 136723K->420K(153344K), 0.0074466 secs] 297578K->161368K(1031552K), 0.0075653 secs] [Times: user=0.01 sys=0.00, real=0.00 secs] 
2016-08-24T16:31:14.980+0000: 8593.901: Total time for which application threads were stopped: 0.0083700 seconds, Stopping threads took: 0.0000869 seconds
2016-08-24T16:31:15.018+0000: 8593.939: [GC (Allocation Failure) 8593.939: [ParNew
Desired survivor size 8716288 bytes, new threshold 6 (max 6)
- age   1:      75552 bytes,      75552 total
- age   2:       9872 bytes,      85424 total
- age   4:       1000 bytes,      86424 total
- age   6:       1064 bytes,      87488 total
: 136740K->158K(153344K), 0.0072602 secs] 297688K->161235K(1031552K), 0.0073725 secs] [Times: user=0.02 sys=0.00, real=0.01 secs] 
2016-08-24T16:31:15.025+0000: 8593.947: Total time for which application threads were stopped: 0.0081550 seconds, Stopping threads took: 0.0000897 seconds
2016-08-24T16:31:15.065+0000: 8593.987: [GC (Allocation Failure) 8593.987: [ParNew
Desired survivor size 8716288 bytes, new threshold 6 (max 6)
- age   1:      77832 bytes,      77832 total
- age   3:       1000 bytes,      78832 total
- age   5:        968 bytes,      79800 total
: 136478K->111K(153344K), 0.0063071 secs] 297555K->161189K(1031552K), 0.0064153 secs] [Times: user=0.01 sys=0.00, real=0.01 secs] 
2016-08-24T16:31:15.072+0000: 8593.993: Total time for which application threads were stopped: 0.0071828 seconds, Stopping threads took: 0.0000862 seconds
2016-08-24T16:31:15.111+0000: 8594.032: [GC (Allocation Failure) 8594.032: [ParNew
Desired survivor size 8716288 bytes, new threshold 6 (max 6)
- age   1:      66128 bytes,      66128 total
- age   2:      13832 bytes,      79960 total
- age   4:       1000 bytes,      80960 total
- age   6:        968 bytes,      81928 total
: 136431K->90K(153344K), 0.0058996 secs] 297509K->161168K(1031552K), 0.0059995 secs] [Times: user=0.01 sys=0.00, real=0.00 secs] 
2016-08-24T16:31:15.117+0000: 8594.038: Total time for which application threads were stopped: 0.0067525 seconds, Stopping threads took: 0.0000887 seconds
2016-08-24T16:31:15.156+0000: 8594.077: [GC (Allocation Failure) 8594.077: [ParNew
Desired survivor size 8716288 bytes, new threshold 6 (max 6)
- age   1:      75784 bytes,      75784 total
- age   3:       1000 bytes,      76784 total
- age   5:        968 bytes,      77752 total
: 136410K->115K(153344K), 0.0058864 secs] 297488K->161194K(1031552K), 0.0059956 secs] [Times: user=0.01 sys=0.00, real=0.01 secs] 
2016-08-24T16:31:15.162+0000: 8594.083: Total time for which application threads were stopped: 0.0067551 seconds, Stopping threads took: 0.0000901 seconds
2016-08-24T16:31:15.200+0000: 8594.121: [GC (Allocation Failure) 8594.121: [ParNew
Desired survivor size 8716288 bytes, new threshold 6 (max 6)
- age   1:      83120 bytes,      83120 total
- age   2:      15440 bytes,      98560 total
- age   4:       1000 bytes,      99560 total
- age   6:        968 bytes,     100528 total
: 136435K->112K(153344K), 0.0067547 secs] 297514K->161192K(1031552K), 0.0068630 secs] [Times: user=0.02 sys=0.00, real=0.01 secs] 
2016-08-24T16:31:15.207+0000: 8594.128: Total time for which application threads were stopped: 0.0076520 seconds, Stopping threads took: 0.0000894 seconds
2016-08-24T16:31:24.379+0000: 8603.300: [GC (Allocation Failure) 8603.301: [ParNew
Desired survivor size 8716288 bytes, new threshold 6 (max 6)
- age   1:    1300192 bytes,    1300192 total
- age   3:        968 bytes,    1301160 total
- age   5:        968 bytes,    1302128 total
: 136432K->1290K(153344K), 0.0080074 secs] 297512K->162370K(1031552K), 0.0081345 secs] [Times: user=0.02 sys=0.00, real=0.01 secs] 
2016-08-24T16:31:24.387+0000: 8603.309: Total time for which application threads were stopped: 0.0089628 seconds, Stopping threads took: 0.0001020 seconds
2016-08-24T16:31:24.425+0000: 8603.346: [GC (Allocation Failure) 8603.347: [ParNew
Desired survivor size 8716288 bytes, new threshold 6 (max 6)
- age   1:      67560 bytes,      67560 total
- age   2:     345248 bytes,     412808 total
- age   4:        968 bytes,     413776 total
- age   6:        968 bytes,     414744 total
: 137610K->461K(153344K), 0.0059905 secs] 298690K->161541K(1031552K), 0.0060956 secs] [Times: user=0.01 sys=0.00, real=0.01 secs] 
2016-08-24T16:31:24.431+0000: 8603.353: Total time for which application threads were stopped: 0.0069213 seconds, Stopping threads took: 0.0001006 seconds
2016-08-24T16:31:24.472+0000: 8603.394: [GC (Allocation Failure) 8603.394: [ParNew
Desired survivor size 8716288 bytes, new threshold 6 (max 6)
- age   1:      80392 bytes,      80392 total
- age   2:         96 bytes,      80488 total
- age   3:     329216 bytes,     409704 total
- age   5:        968 bytes,     410672 total
: 136781K->560K(153344K), 0.0059565 secs] 297861K->161642K(1031552K), 0.0060724 secs] [Times: user=0.01 sys=0.00, real=0.00 secs] 
2016-08-24T16:31:24.479+0000: 8603.400: Total time for which application threads were stopped: 0.0068772 seconds, Stopping threads took: 0.0001005 seconds
2016-08-24T16:31:24.518+0000: 8603.440: [GC (Allocation Failure) 8603.440: [ParNew
Desired survivor size 8716288 bytes, new threshold 6 (max 6)
- age   1:      69712 bytes,      69712 total
- age   2:      17856 bytes,      87568 total
- age   3:         96 bytes,      87664 total
- age   4:     329216 bytes,     416880 total
- age   6:        968 bytes,     417848 total
: 136880K->577K(153344K), 0.0063889 secs] 297962K->161658K(1031552K), 0.0065057 secs] [Times: user=0.01 sys=0.00, real=0.01 secs] 
2016-08-24T16:31:24.525+0000: 8603.446: Total time for which application threads were stopped: 0.0073797 seconds, Stopping threads took: 0.0001041 seconds
2016-08-24T16:31:24.567+0000: 8603.488: [GC (Allocation Failure) 8603.488: [ParNew
Desired survivor size 8716288 bytes, new threshold 6 (max 6)
- age   1:      77056 bytes,      77056 total
- age   3:       1096 bytes,      78152 total
- age   4:         96 bytes,      78248 total
- age   5:     327368 bytes,     405616 total
: 136897K->590K(153344K), 0.0061582 secs] 297978K->161672K(1031552K), 0.0062553 secs] [Times: user=0.01 sys=0.00, real=0.01 secs] 
2016-08-24T16:31:24.573+0000: 8603.494: Total time for which application threads were stopped: 0.0070893 seconds, Stopping threads took: 0.0001024 seconds
2016-08-24T16:31:24.611+0000: 8603.532: [GC (Allocation Failure) 8603.532: [ParNew
Desired survivor size 8716288 bytes, new threshold 6 (max 6)
- age   1:      89712 bytes,      89712 total
- age   2:      21272 bytes,     110984 total
- age   4:       1096 bytes,     112080 total
- age   5:         96 bytes,     112176 total
- age   6:     327368 bytes,     439544 total
: 136910K->582K(153344K), 0.0063779 secs] 297992K->161664K(1031552K), 0.0064937 secs] [Times: user=0.01 sys=0.00, real=0.00 secs] 
2016-08-24T16:31:24.617+0000: 8603.539: Total time for which application threads were stopped: 0.0073479 seconds, Stopping threads took: 0.0000968 seconds
2016-08-24T16:31:24.659+0000: 8603.580: [GC (Allocation Failure) 8603.580: [ParNew
Desired survivor size 8716288 bytes, new threshold 6 (max 6)
- age   1:      79360 bytes,      79360 total
- age   3:       1000 bytes,      80360 total
- age   5:       1064 bytes,      81424 total
- age   6:         96 bytes,      81520 total
: 136902K->421K(153344K), 0.0068066 secs] 297984K->161828K(1031552K), 0.0069084 secs] [Times: user=0.02 sys=0.00, real=0.01 secs] 
2016-08-24T16:31:24.666+0000: 8603.587: Total time for which application threads were stopped: 0.0077283 seconds, Stopping threads took: 0.0000995 seconds
2016-08-24T16:31:24.705+0000: 8603.626: [GC (Allocation Failure) 8603.626: [ParNew
Desired survivor size 8716288 bytes, new threshold 6 (max 6)
- age   1:      64472 bytes,      64472 total
- age   2:       1000 bytes,      65472 total
- age   4:        968 bytes,      66440 total
- age   6:       1064 bytes,      67504 total
: 136741K->139K(153344K), 0.0059797 secs] 298148K->161546K(1031552K), 0.0060996 secs] [Times: user=0.01 sys=0.00, real=0.01 secs] 
2016-08-24T16:31:24.711+0000: 8603.632: Total time for which application threads were stopped: 0.0070079 seconds, Stopping threads took: 0.0001002 seconds
2016-08-24T16:31:24.752+0000: 8603.673: [GC (Allocation Failure) 8603.673: [ParNew
Desired survivor size 8716288 bytes, new threshold 6 (max 6)
- age   1:      66752 bytes,      66752 total
- age   2:       5536 bytes,      72288 total
- age   3:       1000 bytes,      73288 total
- age   5:        968 bytes,      74256 total
: 136459K->101K(153344K), 0.0059930 secs] 297866K->161509K(1031552K), 0.0060912 secs] [Times: user=0.01 sys=0.00, real=0.00 secs] 
2016-08-24T16:31:24.758+0000: 8603.679: Total time for which application threads were stopped: 0.0069203 seconds, Stopping threads took: 0.0001107 seconds
2016-08-24T16:31:24.800+0000: 8603.722: [GC (Allocation Failure) 8603.722: [ParNew
Desired survivor size 8716288 bytes, new threshold 6 (max 6)
- age   1:      80968 bytes,      80968 total
- age   3:       1000 bytes,      81968 total
- age   4:        968 bytes,      82936 total
- age   6:        968 bytes,      83904 total
: 136421K->94K(153344K), 0.0062752 secs] 297829K->161502K(1031552K), 0.0064034 secs] [Times: user=0.02 sys=0.00, real=0.00 secs] 
2016-08-24T16:31:24.807+0000: 8603.728: Total time for which application threads were stopped: 0.0073129 seconds, Stopping threads took: 0.0001143 seconds
2016-08-24T16:31:24.847+0000: 8603.768: [GC (Allocation Failure) 8603.768: [ParNew
Desired survivor size 8716288 bytes, new threshold 6 (max 6)
- age   1:      84816 bytes,      84816 total
- age   2:       8888 bytes,      93704 total
- age   4:       1000 bytes,      94704 total
- age   5:        968 bytes,      95672 total
: 136414K->113K(153344K), 0.0059086 secs] 297822K->161522K(1031552K), 0.0060035 secs] [Times: user=0.00 sys=0.00, real=0.01 secs] 
2016-08-24T16:31:24.853+0000: 8603.774: Total time for which application threads were stopped: 0.0068279 seconds, Stopping threads took: 0.0001011 seconds
2016-08-24T16:31:34.578+0000: 8613.499: [GC (Allocation Failure) 8613.499: [ParNew
Desired survivor size 8716288 bytes, new threshold 6 (max 6)
- age   1:     899224 bytes,     899224 total
- age   3:        968 bytes,     900192 total
- age   5:        968 bytes,     901160 total
- age   6:        968 bytes,     902128 total
: 136433K->891K(153344K), 0.0082231 secs] 297842K->162300K(1031552K), 0.0083596 secs] [Times: user=0.02 sys=0.00, real=0.01 secs] 
2016-08-24T16:31:34.586+0000: 8613.508: Total time for which application threads were stopped: 0.0092759 seconds, Stopping threads took: 0.0000996 seconds
2016-08-24T16:31:34.626+0000: 8613.547: [GC (Allocation Failure) 8613.547: [ParNew
Desired survivor size 8716288 bytes, new threshold 6 (max 6)
- age   1:      67776 bytes,      67776 total
- age   2:     245232 bytes,     313008 total
- age   4:        968 bytes,     313976 total
- age   6:        968 bytes,     314944 total
: 137211K->418K(153344K), 0.0061304 secs] 298620K->161828K(1031552K), 0.0062429 secs] [Times: user=0.01 sys=0.00, real=0.01 secs] 
2016-08-24T16:31:34.632+0000: 8613.553: Total time for which application threads were stopped: 0.0070643 seconds, Stopping threads took: 0.0001014 seconds
2016-08-24T16:31:34.675+0000: 8613.597: [GC (Allocation Failure) 8613.597: [ParNew
Desired survivor size 8716288 bytes, new threshold 6 (max 6)
- age   1:      67664 bytes,      67664 total
- age   2:        160 bytes,      67824 total
- age   3:     235432 bytes,     303256 total
- age   5:        968 bytes,     304224 total
: 136738K->541K(153344K), 0.0063989 secs] 298148K->161952K(1031552K), 0.0065100 secs] [Times: user=0.01 sys=0.00, real=0.01 secs] 
2016-08-24T16:31:34.682+0000: 8613.603: Total time for which application threads were stopped: 0.0073624 seconds, Stopping threads took: 0.0001181 seconds
2016-08-24T16:31:34.722+0000: 8613.644: [GC (Allocation Failure) 8613.644: [ParNew
Desired survivor size 8716288 bytes, new threshold 6 (max 6)
- age   1:      68664 bytes,      68664 total
- age   2:      11936 bytes,      80600 total
- age   3:        160 bytes,      80760 total
- age   4:     235432 bytes,     316192 total
- age   6:        968 bytes,     317160 total
: 136861K->360K(153344K), 0.0062563 secs] 298272K->161771K(1031552K), 0.0063681 secs] [Times: user=0.01 sys=0.00, real=0.01 secs] 
2016-08-24T16:31:34.729+0000: 8613.650: Total time for which application threads were stopped: 0.0072056 seconds, Stopping threads took: 0.0000982 seconds
2016-08-24T16:31:34.772+0000: 8613.693: [GC (Allocation Failure) 8613.693: [ParNew
Desired survivor size 8716288 bytes, new threshold 6 (max 6)
- age   1:      78280 bytes,      78280 total
- age   3:       1096 bytes,      79376 total
- age   4:         88 bytes,      79464 total
- age   5:     233584 bytes,     313048 total
: 136680K->525K(153344K), 0.0063350 secs] 298091K->161937K(1031552K), 0.0064571 secs] [Times: user=0.01 sys=0.00, real=0.00 secs] 
2016-08-24T16:31:34.778+0000: 8613.700: Total time for which application threads were stopped: 0.0072882 seconds, Stopping threads took: 0.0000981 seconds
2016-08-24T16:31:34.817+0000: 8613.738: [GC (Allocation Failure) 8613.738: [ParNew
Desired survivor size 8716288 bytes, new threshold 6 (max 6)
- age   1:      70136 bytes,      70136 total
- age   2:      14824 bytes,      84960 total
- age   4:       1096 bytes,      86056 total
- age   5:         88 bytes,      86144 total
- age   6:     233584 bytes,     319728 total
: 136845K->358K(153344K), 0.0056627 secs] 298257K->161770K(1031552K), 0.0057665 secs] [Times: user=0.01 sys=0.00, real=0.01 secs] 
2016-08-24T16:31:34.823+0000: 8613.744: Total time for which application threads were stopped: 0.0066224 seconds, Stopping threads took: 0.0000963 seconds
2016-08-24T16:31:34.863+0000: 8613.785: [GC (Allocation Failure) 8613.785: [ParNew
Desired survivor size 8716288 bytes, new threshold 6 (max 6)
- age   1:      75064 bytes,      75064 total
- age   3:       1360 bytes,      76424 total
- age   5:       1064 bytes,      77488 total
- age   6:         88 bytes,      77576 total
: 136678K->284K(153344K), 0.0060536 secs] 298090K->161927K(1031552K), 0.0061592 secs] [Times: user=0.01 sys=0.00, real=0.01 secs] 
2016-08-24T16:31:34.870+0000: 8613.791: Total time for which application threads were stopped: 0.0070026 seconds, Stopping threads took: 0.0000986 seconds
2016-08-24T16:31:34.908+0000: 8613.830: [GC (Allocation Failure) 8613.830: [ParNew
Desired survivor size 8716288 bytes, new threshold 6 (max 6)
- age   1:      87600 bytes,      87600 total
- age   2:      17560 bytes,     105160 total
- age   4:       1360 bytes,     106520 total
- age   6:       1064 bytes,     107584 total
: 136604K->139K(153344K), 0.0054219 secs] 298247K->161782K(1031552K), 0.0055483 secs] [Times: user=0.00 sys=0.00, real=0.01 secs] 
2016-08-24T16:31:34.914+0000: 8613.835: Total time for which application threads were stopped: 0.0063703 seconds, Stopping threads took: 0.0001009 seconds
2016-08-24T16:31:34.953+0000: 8613.875: [GC (Allocation Failure) 8613.875: [ParNew
Desired survivor size 8716288 bytes, new threshold 6 (max 6)
- age   1:      69768 bytes,      69768 total
- age   3:       1000 bytes,      70768 total
- age   5:       1328 bytes,      72096 total
: 136459K->104K(153344K), 0.0051756 secs] 298102K->161748K(1031552K), 0.0052744 secs] [Times: user=0.01 sys=0.00, real=0.00 secs] 
2016-08-24T16:31:34.959+0000: 8613.880: Total time for which application threads were stopped: 0.0060921 seconds, Stopping threads took: 0.0001009 seconds
2016-08-24T16:31:34.999+0000: 8613.920: [GC (Allocation Failure) 8613.920: [ParNew
Desired survivor size 8716288 bytes, new threshold 6 (max 6)
- age   1:      73272 bytes,      73272 total
- age   2:      20696 bytes,      93968 total
- age   4:       1000 bytes,      94968 total
- age   6:       1328 bytes,      96296 total
: 136424K->114K(153344K), 0.0054340 secs] 298068K->161759K(1031552K), 0.0055360 secs] [Times: user=0.01 sys=0.00, real=0.01 secs] 
2016-08-24T16:31:35.004+0000: 8613.926: Total time for which application threads were stopped: 0.0063816 seconds, Stopping threads took: 0.0001044 seconds
2016-08-24T16:31:35.044+0000: 8613.965: [GC (Allocation Failure) 8613.965: [ParNew
Desired survivor size 8716288 bytes, new threshold 6 (max 6)
- age   1:      70752 bytes,      70752 total
- age   3:       1000 bytes,      71752 total
- age   5:        968 bytes,      72720 total
: 136434K->87K(153344K), 0.0055394 secs] 298079K->161733K(1031552K), 0.0056410 secs] [Times: user=0.02 sys=0.00, real=0.01 secs] 
2016-08-24T16:31:35.049+0000: 8613.971: Total time for which application threads were stopped: 0.0064459 seconds, Stopping threads took: 0.0000999 seconds
2016-08-24T16:31:40.671+0000: 8619.593: [GC (Allocation Failure) 8619.593: [ParNew
Desired survivor size 8716288 bytes, new threshold 6 (max 6)
- age   1:     733784 bytes,     733784 total
- age   2:        968 bytes,     734752 total
- age   4:        968 bytes,     735720 total
- age   6:        968 bytes,     736688 total
: 136407K->746K(153344K), 0.0104458 secs] 298053K->162391K(1031552K), 0.0106597 secs] [Times: user=0.02 sys=0.00, real=0.01 secs] 
2016-08-24T16:31:40.682+0000: 8619.604: Total time for which application threads were stopped: 0.0126817 seconds, Stopping threads took: 0.0002313 seconds
2016-08-24T16:31:44.386+0000: 8623.308: [GC (Allocation Failure) 8623.308: [ParNew
Desired survivor size 8716288 bytes, new threshold 6 (max 6)
- age   1:     426360 bytes,     426360 total
- age   2:     121232 bytes,     547592 total
- age   3:        968 bytes,     548560 total
- age   5:        968 bytes,     549528 total
: 137066K->555K(153344K), 0.0067557 secs] 298711K->162202K(1031552K), 0.0068753 secs] [Times: user=0.02 sys=0.00, real=0.01 secs] 
2016-08-24T16:31:44.393+0000: 8623.315: Total time for which application threads were stopped: 0.0077066 seconds, Stopping threads took: 0.0000989 seconds
2016-08-24T16:31:44.432+0000: 8623.354: [GC (Allocation Failure) 8623.354: [ParNew
Desired survivor size 8716288 bytes, new threshold 6 (max 6)
- age   1:      59056 bytes,      59056 total
- age   2:     118064 bytes,     177120 total
- age   3:     108384 bytes,     285504 total
- age   4:        968 bytes,     286472 total
- age   6:        968 bytes,     287440 total
: 136875K->407K(153344K), 0.0061091 secs] 298522K->162053K(1031552K), 0.0062368 secs] [Times: user=0.01 sys=0.00, real=0.00 secs] 
2016-08-24T16:31:44.439+0000: 8623.360: Total time for which application threads were stopped: 0.0070655 seconds, Stopping threads took: 0.0000967 seconds
2016-08-24T16:31:44.479+0000: 8623.401: [GC (Allocation Failure) 8623.401: [ParNew
Desired survivor size 8716288 bytes, new threshold 6 (max 6)
- age   1:      81424 bytes,      81424 total
- age   2:       4680 bytes,      86104 total
- age   3:     118064 bytes,     204168 total
- age   4:     108384 bytes,     312552 total
- age   5:        968 bytes,     313520 total
: 136727K->525K(153344K), 0.0067321 secs] 298373K->162173K(1031552K), 0.0068333 secs] [Times: user=0.01 sys=0.00, real=0.01 secs] 
2016-08-24T16:31:44.486+0000: 8623.408: Total time for which application threads were stopped: 0.0076310 seconds, Stopping threads took: 0.0000995 seconds
2016-08-24T16:31:44.529+0000: 8623.450: [GC (Allocation Failure) 8623.450: [ParNew
Desired survivor size 8716288 bytes, new threshold 6 (max 6)
- age   1:      62792 bytes,      62792 total
- age   3:       1120 bytes,      63912 total
- age   4:     116216 bytes,     180128 total
- age   5:     108384 bytes,     288512 total
- age   6:        968 bytes,     289480 total
: 136845K->360K(153344K), 0.0068933 secs] 298493K->162008K(1031552K), 0.0070267 secs] [Times: user=0.01 sys=0.00, real=0.00 secs] 
2016-08-24T16:31:44.536+0000: 8623.457: Total time for which application threads were stopped: 0.0079911 seconds, Stopping threads took: 0.0000982 seconds
2016-08-24T16:31:44.577+0000: 8623.498: [GC (Allocation Failure) 8623.498: [ParNew
Desired survivor size 8716288 bytes, new threshold 6 (max 6)
- age   1:      82824 bytes,      82824 total
- age   2:       7632 bytes,      90456 total
- age   4:       1120 bytes,      91576 total
- age   5:     116216 bytes,     207792 total
- age   6:     108384 bytes,     316176 total
: 136680K->391K(153344K), 0.0063174 secs] 298328K->162039K(1031552K), 0.0064097 secs] [Times: user=0.01 sys=0.00, real=0.01 secs] 
2016-08-24T16:31:44.583+0000: 8623.505: Total time for which application threads were stopped: 0.0072506 seconds, Stopping threads took: 0.0001234 seconds
2016-08-24T16:31:44.624+0000: 8623.545: [GC (Allocation Failure) 8623.545: [ParNew
Desired survivor size 8716288 bytes, new threshold 6 (max 6)
- age   1:      75784 bytes,      75784 total
- age   3:       1000 bytes,      76784 total
- age   5:       1088 bytes,      77872 total
- age   6:     114400 bytes,     192272 total
: 136711K->284K(153344K), 0.0069547 secs] 298359K->162040K(1031552K), 0.0070763 secs] [Times: user=0.02 sys=0.00, real=0.01 secs] 
2016-08-24T16:31:44.631+0000: 8623.552: Total time for which application threads were stopped: 0.0079338 seconds, Stopping threads took: 0.0000969 seconds
2016-08-24T16:31:44.672+0000: 8623.594: [GC (Allocation Failure) 8623.594: [ParNew
Desired survivor size 8716288 bytes, new threshold 6 (max 6)
- age   1:      76368 bytes,      76368 total
- age   2:      10448 bytes,      86816 total
- age   4:       1000 bytes,      87816 total
- age   6:       1088 bytes,      88904 total
: 136604K->213K(153344K), 0.0068508 secs] 298360K->162084K(1031552K), 0.0069486 secs] [Times: user=0.01 sys=0.00, real=0.00 secs] 
2016-08-24T16:31:44.679+0000: 8623.601: Total time for which application threads were stopped: 0.0077589 seconds, Stopping threads took: 0.0001028 seconds
2016-08-24T16:31:44.722+0000: 8623.643: [GC (Allocation Failure) 8623.643: [ParNew
Desired survivor size 8716288 bytes, new threshold 6 (max 6)
- age   1:      75080 bytes,      75080 total
- age   3:       1000 bytes,      76080 total
- age   5:        968 bytes,      77048 total
: 136533K->123K(153344K), 0.0054989 secs] 298404K->161995K(1031552K), 0.0055918 secs] [Times: user=0.01 sys=0.00, real=0.00 secs] 
2016-08-24T16:31:44.728+0000: 8623.649: Total time for which application threads were stopped: 0.0063953 seconds, Stopping threads took: 0.0001018 seconds
2016-08-24T16:31:44.768+0000: 8623.689: [GC (Allocation Failure) 8623.689: [ParNew
Desired survivor size 8716288 bytes, new threshold 6 (max 6)
- age   1:      77056 bytes,      77056 total
- age   2:      14088 bytes,      91144 total
- age   4:       1000 bytes,      92144 total
- age   6:        968 bytes,      93112 total
: 136443K->106K(153344K), 0.0062785 secs] 298315K->161978K(1031552K), 0.0064115 secs] [Times: user=0.02 sys=0.00, real=0.01 secs] 
2016-08-24T16:31:44.774+0000: 8623.696: Total time for which application threads were stopped: 0.0072589 seconds, Stopping threads took: 0.0000997 seconds
2016-08-24T16:31:44.817+0000: 8623.738: [GC (Allocation Failure) 8623.739: [ParNew
Desired survivor size 8716288 bytes, new threshold 6 (max 6)
- age   1:      64176 bytes,      64176 total
- age   3:       1000 bytes,      65176 total
- age   5:        968 bytes,      66144 total
: 136426K->107K(153344K), 0.0062820 secs] 298298K->161980K(1031552K), 0.0064011 secs] [Times: user=0.01 sys=0.00, real=0.01 secs] 
2016-08-24T16:31:44.823+0000: 8623.745: Total time for which application threads were stopped: 0.0072837 seconds, Stopping threads took: 0.0000998 seconds
2016-08-24T16:31:44.863+0000: 8623.785: [GC (Allocation Failure) 8623.785: [ParNew
Desired survivor size 8716288 bytes, new threshold 6 (max 6)
- age   1:      76592 bytes,      76592 total
- age   2:      17000 bytes,      93592 total
- age   4:       1000 bytes,      94592 total
- age   6:        968 bytes,      95560 total
: 136427K->107K(153344K), 0.0067054 secs] 298300K->161981K(1031552K), 0.0068305 secs] [Times: user=0.01 sys=0.00, real=0.01 secs] 
2016-08-24T16:31:44.870+0000: 8623.792: Total time for which application threads were stopped: 0.0076941 seconds, Stopping threads took: 0.0001017 seconds
2016-08-24T16:31:53.945+0000: 8632.867: [GC (Allocation Failure) 8632.867: [ParNew
Desired survivor size 8716288 bytes, new threshold 6 (max 6)
- age   1:    1039312 bytes,    1039312 total
- age   3:        968 bytes,    1040280 total
- age   5:        968 bytes,    1041248 total
: 136427K->1036K(153344K), 0.0076699 secs] 298301K->162910K(1031552K), 0.0077923 secs] [Times: user=0.02 sys=0.00, real=0.01 secs] 
2016-08-24T16:31:53.953+0000: 8632.875: Total time for which application threads were stopped: 0.0086425 seconds, Stopping threads took: 0.0001077 seconds
2016-08-24T16:31:53.991+0000: 8632.913: [GC (Allocation Failure) 8632.913: [ParNew
Desired survivor size 8716288 bytes, new threshold 6 (max 6)
- age   1:      62992 bytes,      62992 total
- age   2:     322992 bytes,     385984 total
- age   4:        968 bytes,     386952 total
- age   6:        968 bytes,     387920 total
: 137356K->572K(153344K), 0.0057086 secs] 299230K->162446K(1031552K), 0.0058165 secs] [Times: user=0.01 sys=0.00, real=0.00 secs] 
2016-08-24T16:31:53.997+0000: 8632.919: Total time for which application threads were stopped: 0.0066398 seconds, Stopping threads took: 0.0001009 seconds
2016-08-24T16:31:54.036+0000: 8632.958: [GC (Allocation Failure) 8632.958: [ParNew
Desired survivor size 8716288 bytes, new threshold 6 (max 6)
- age   1:      76824 bytes,      76824 total
- age   2:         72 bytes,      76896 total
- age   3:     306336 bytes,     383232 total
- age   5:        968 bytes,     384200 total
: 136892K->502K(153344K), 0.0056727 secs] 298766K->162377K(1031552K), 0.0057813 secs] [Times: user=0.01 sys=0.00, real=0.01 secs] 
2016-08-24T16:31:54.042+0000: 8632.964: Total time for which application threads were stopped: 0.0065684 seconds, Stopping threads took: 0.0000972 seconds
2016-08-24T16:31:54.084+0000: 8633.006: [GC (Allocation Failure) 8633.006: [ParNew
Desired survivor size 8716288 bytes, new threshold 6 (max 6)
- age   1:      83688 bytes,      83688 total
- age   2:      18888 bytes,     102576 total
- age   3:         72 bytes,     102648 total
- age   4:     306336 bytes,     408984 total
- age   6:        968 bytes,     409952 total
: 136822K->534K(153344K), 0.0057585 secs] 298697K->162409K(1031552K), 0.0059012 secs] [Times: user=0.01 sys=0.00, real=0.01 secs] 
2016-08-24T16:31:54.090+0000: 8633.012: Total time for which application threads were stopped: 0.0067961 seconds, Stopping threads took: 0.0001205 seconds
2016-08-24T16:31:54.131+0000: 8633.053: [GC (Allocation Failure) 8633.053: [ParNew
Desired survivor size 8716288 bytes, new threshold 6 (max 6)
- age   1:      73544 bytes,      73544 total
- age   3:       1096 bytes,      74640 total
- age   4:         72 bytes,      74712 total
- age   5:     304488 bytes,     379200 total
: 136854K->574K(153344K), 0.0060131 secs] 298729K->162450K(1031552K), 0.0061359 secs] [Times: user=0.02 sys=0.00, real=0.00 secs] 
2016-08-24T16:31:54.137+0000: 8633.059: Total time for which application threads were stopped: 0.0069510 seconds, Stopping threads took: 0.0001009 seconds
2016-08-24T16:31:54.179+0000: 8633.100: [GC (Allocation Failure) 8633.100: [ParNew
Desired survivor size 8716288 bytes, new threshold 6 (max 6)
- age   1:      51384 bytes,      51384 total
- age   2:       1000 bytes,      52384 total
- age   4:       1064 bytes,      53448 total
- age   5:         72 bytes,      53520 total
- age   6:     302672 bytes,     356192 total
: 136894K->547K(153344K), 0.0059599 secs] 298770K->162424K(1031552K), 0.0060622 secs] [Times: user=0.01 sys=0.00, real=0.01 secs] 
2016-08-24T16:31:54.185+0000: 8633.106: Total time for which application threads were stopped: 0.0068530 seconds, Stopping threads took: 0.0000979 seconds
2016-08-24T16:31:54.224+0000: 8633.146: [GC (Allocation Failure) 8633.146: [ParNew
Desired survivor size 8716288 bytes, new threshold 6 (max 6)
- age   1:      80688 bytes,      80688 total
- age   2:       4360 bytes,      85048 total
- age   3:       1000 bytes,      86048 total
- age   5:       1064 bytes,      87112 total
- age   6:         72 bytes,      87184 total
: 136867K->352K(153344K), 0.0069684 secs] 298744K->162531K(1031552K), 0.0071021 secs] [Times: user=0.01 sys=0.00, real=0.01 secs] 
2016-08-24T16:31:54.231+0000: 8633.153: Total time for which application threads were stopped: 0.0079496 seconds, Stopping threads took: 0.0000959 seconds
2016-08-24T16:31:54.273+0000: 8633.195: [GC (Allocation Failure) 8633.195: [ParNew
Desired survivor size 8716288 bytes, new threshold 6 (max 6)
- age   1:      69568 bytes,      69568 total
- age   2:        248 bytes,      69816 total
- age   3:       1000 bytes,      70816 total
- age   4:        968 bytes,      71784 total
- age   6:       1064 bytes,      72848 total
: 136672K->122K(153344K), 0.0051874 secs] 298851K->162300K(1031552K), 0.0052862 secs] [Times: user=0.01 sys=0.00, real=0.00 secs] 
2016-08-24T16:31:54.279+0000: 8633.200: Total time for which application threads were stopped: 0.0060628 seconds, Stopping threads took: 0.0000951 seconds
2016-08-24T16:31:54.318+0000: 8633.240: [GC (Allocation Failure) 8633.240: [ParNew
Desired survivor size 8716288 bytes, new threshold 6 (max 6)
- age   1:      68552 bytes,      68552 total
- age   2:       7272 bytes,      75824 total
- age   3:        248 bytes,      76072 total
- age   4:       1000 bytes,      77072 total
- age   5:        968 bytes,      78040 total
: 136442K->107K(153344K), 0.0056584 secs] 298620K->162287K(1031552K), 0.0057789 secs] [Times: user=0.01 sys=0.00, real=0.01 secs] 
2016-08-24T16:31:54.324+0000: 8633.246: Total time for which application threads were stopped: 0.0066376 seconds, Stopping threads took: 0.0001559 seconds
2016-08-24T16:31:54.365+0000: 8633.287: [GC (Allocation Failure) 8633.287: [ParNew
Desired survivor size 8716288 bytes, new threshold 6 (max 6)
- age   1:      74368 bytes,      74368 total
- age   3:       1000 bytes,      75368 total
- age   4:        248 bytes,      75616 total
- age   5:        968 bytes,      76584 total
- age   6:        968 bytes,      77552 total
: 136427K->97K(153344K), 0.0057137 secs] 298607K->162277K(1031552K), 0.0058253 secs] [Times: user=0.01 sys=0.00, real=0.01 secs] 
2016-08-24T16:31:54.371+0000: 8633.293: Total time for which application threads were stopped: 0.0067220 seconds, Stopping threads took: 0.0001012 seconds
2016-08-24T16:31:54.410+0000: 8633.332: [GC (Allocation Failure) 8633.332: [ParNew
Desired survivor size 8716288 bytes, new threshold 6 (max 6)
- age   1:      68072 bytes,      68072 total
- age   2:       9872 bytes,      77944 total
- age   4:       1000 bytes,      78944 total
- age   5:        248 bytes,      79192 total
- age   6:        968 bytes,      80160 total
: 136417K->89K(153344K), 0.0054244 secs] 298597K->162270K(1031552K), 0.0055201 secs] [Times: user=0.01 sys=0.00, real=0.00 secs] 
2016-08-24T16:31:54.416+0000: 8633.337: Total time for which application threads were stopped: 0.0063002 seconds, Stopping threads took: 0.0001024 seconds
2016-08-24T16:32:04.461+0000: 8643.383: [GC (Allocation Failure) 8643.383: [ParNew
Desired survivor size 8716288 bytes, new threshold 6 (max 6)
- age   1:    1058144 bytes,    1058144 total
- age   3:        968 bytes,    1059112 total
- age   5:        968 bytes,    1060080 total
- age   6:         64 bytes,    1060144 total
: 136409K->1063K(153344K), 0.0080207 secs] 298590K->163245K(1031552K), 0.0081525 secs] [Times: user=0.01 sys=0.00, real=0.01 secs] 
2016-08-24T16:32:04.470+0000: 8643.391: Total time for which application threads were stopped: 0.0090115 seconds, Stopping threads took: 0.0001210 seconds
2016-08-24T16:32:04.510+0000: 8643.432: [GC (Allocation Failure) 8643.432: [ParNew
Desired survivor size 8716288 bytes, new threshold 6 (max 6)
- age   1:      88104 bytes,      88104 total
- age   2:     290752 bytes,     378856 total
- age   4:        968 bytes,     379824 total
- age   6:        968 bytes,     380792 total
: 137383K->483K(153344K), 0.0057344 secs] 299565K->162665K(1031552K), 0.0058359 secs] [Times: user=0.02 sys=0.00, real=0.00 secs] 
2016-08-24T16:32:04.516+0000: 8643.437: Total time for which application threads were stopped: 0.0066540 seconds, Stopping threads took: 0.0000985 seconds
2016-08-24T16:32:04.556+0000: 8643.477: [GC (Allocation Failure) 8643.477: [ParNew
Desired survivor size 8716288 bytes, new threshold 6 (max 6)
- age   1:      77400 bytes,      77400 total
- age   2:        232 bytes,      77632 total
- age   3:     280456 bytes,     358088 total
- age   5:        968 bytes,     359056 total
: 136803K->655K(153344K), 0.0057500 secs] 298985K->162838K(1031552K), 0.0058518 secs] [Times: user=0.01 sys=0.00, real=0.01 secs] 
2016-08-24T16:32:04.562+0000: 8643.483: Total time for which application threads were stopped: 0.0066495 seconds, Stopping threads took: 0.0001012 seconds
2016-08-24T16:32:04.600+0000: 8643.522: [GC (Allocation Failure) 8643.522: [ParNew
Desired survivor size 8716288 bytes, new threshold 6 (max 6)
- age   1:      64512 bytes,      64512 total
- age   2:      12576 bytes,      77088 total
- age   3:        232 bytes,      77320 total
- age   4:     280456 bytes,     357776 total
- age   6:        968 bytes,     358744 total
: 136975K->428K(153344K), 0.0057456 secs] 299158K->162610K(1031552K), 0.0058758 secs] [Times: user=0.01 sys=0.00, real=0.01 secs] 
2016-08-24T16:32:04.606+0000: 8643.528: Total time for which application threads were stopped: 0.0066762 seconds, Stopping threads took: 0.0000974 seconds
2016-08-24T16:32:04.647+0000: 8643.569: [GC (Allocation Failure) 8643.569: [ParNew
Desired survivor size 8716288 bytes, new threshold 6 (max 6)
- age   1:      59424 bytes,      59424 total
- age   3:       1096 bytes,      60520 total
- age   4:        232 bytes,      60752 total
- age   5:     278608 bytes,     339360 total
: 136748K->460K(153344K), 0.0061753 secs] 298930K->162644K(1031552K), 0.0062710 secs] [Times: user=0.01 sys=0.00, real=0.01 secs] 
2016-08-24T16:32:04.654+0000: 8643.575: Total time for which application threads were stopped: 0.0070848 seconds, Stopping threads took: 0.0001022 seconds
2016-08-24T16:32:04.694+0000: 8643.615: [GC (Allocation Failure) 8643.615: [ParNew
Desired survivor size 8716288 bytes, new threshold 6 (max 6)
- age   1:      80600 bytes,      80600 total
- age   2:      14704 bytes,      95304 total
- age   4:       1096 bytes,      96400 total
- age   5:        232 bytes,      96632 total
- age   6:     278608 bytes,     375240 total
: 136780K->620K(153344K), 0.0059712 secs] 298964K->162804K(1031552K), 0.0060989 secs] [Times: user=0.01 sys=0.00, real=0.00 secs] 
2016-08-24T16:32:04.700+0000: 8643.621: Total time for which application threads were stopped: 0.0069281 seconds, Stopping threads took: 0.0001002 seconds
2016-08-24T16:32:04.742+0000: 8643.664: [GC (Allocation Failure) 8643.664: [ParNew
Desired survivor size 8716288 bytes, new threshold 6 (max 6)
- age   1:      85688 bytes,      85688 total
- age   3:       1000 bytes,      86688 total
- age   5:       1064 bytes,      87752 total
- age   6:        232 bytes,      87984 total
: 136940K->233K(153344K), 0.0070243 secs] 299124K->162692K(1031552K), 0.0071440 secs] [Times: user=0.01 sys=0.00, real=0.01 secs] 
2016-08-24T16:32:04.749+0000: 8643.671: Total time for which application threads were stopped: 0.0080296 seconds, Stopping threads took: 0.0000999 seconds
2016-08-24T16:32:04.787+0000: 8643.709: [GC (Allocation Failure) 8643.709: [ParNew
Desired survivor size 8716288 bytes, new threshold 6 (max 6)
- age   1:      82552 bytes,      82552 total
- age   2:      18384 bytes,     100936 total
- age   4:       1000 bytes,     101936 total
- age   6:       1064 bytes,     103000 total
: 136553K->127K(153344K), 0.0057129 secs] 299012K->162587K(1031552K), 0.0058272 secs] [Times: user=0.01 sys=0.00, real=0.01 secs] 
2016-08-24T16:32:04.793+0000: 8643.715: Total time for which application threads were stopped: 0.0066645 seconds, Stopping threads took: 0.0001015 seconds
2016-08-24T16:32:04.835+0000: 8643.756: [GC (Allocation Failure) 8643.756: [ParNew
Desired survivor size 8716288 bytes, new threshold 6 (max 6)
- age   1:      72344 bytes,      72344 total
- age   3:       1000 bytes,      73344 total
- age   5:        968 bytes,      74312 total
: 136447K->100K(153344K), 0.0055079 secs] 298907K->162561K(1031552K), 0.0055957 secs] [Times: user=0.01 sys=0.00, real=0.01 secs] 
2016-08-24T16:32:04.840+0000: 8643.762: Total time for which application threads were stopped: 0.0063930 seconds, Stopping threads took: 0.0001036 seconds
2016-08-24T16:32:04.882+0000: 8643.803: [GC (Allocation Failure) 8643.803: [ParNew
Desired survivor size 8716288 bytes, new threshold 6 (max 6)
- age   1:      53072 bytes,      53072 total
- age   2:       1000 bytes,      54072 total
- age   4:        968 bytes,      55040 total
- age   6:        968 bytes,      56008 total
: 136420K->67K(153344K), 0.0054987 secs] 298881K->162527K(1031552K), 0.0056179 secs] [Times: user=0.01 sys=0.00, real=0.00 secs] 
2016-08-24T16:32:04.888+0000: 8643.809: Total time for which application threads were stopped: 0.0064201 seconds, Stopping threads took: 0.0000928 seconds
2016-08-24T16:32:04.928+0000: 8643.849: [GC (Allocation Failure) 8643.849: [ParNew
Desired survivor size 8716288 bytes, new threshold 6 (max 6)
- age   1:      66944 bytes,      66944 total
- age   2:       3984 bytes,      70928 total
- age   3:       1000 bytes,      71928 total
- age   5:        968 bytes,      72896 total
: 136387K->78K(153344K), 0.0058630 secs] 298847K->162540K(1031552K), 0.0059837 secs] [Times: user=0.01 sys=0.00, real=0.01 secs] 
2016-08-24T16:32:04.934+0000: 8643.855: Total time for which application threads were stopped: 0.0069029 seconds, Stopping threads took: 0.0001033 seconds
2016-08-24T16:32:07.682+0000: 8646.603: Total time for which application threads were stopped: 0.0021219 seconds, Stopping threads took: 0.0003590 seconds
2016-08-24T16:32:07.683+0000: 8646.605: Total time for which application threads were stopped: 0.0012311 seconds, Stopping threads took: 0.0001195 seconds
2016-08-24T16:32:07.685+0000: 8646.606: Total time for which application threads were stopped: 0.0013627 seconds, Stopping threads took: 0.0001520 seconds
2016-08-24T16:32:07.833+0000: 8646.755: Total time for which application threads were stopped: 0.0013112 seconds, Stopping threads took: 0.0001599 seconds
2016-08-24T16:32:07.834+0000: 8646.755: Total time for which application threads were stopped: 0.0007469 seconds, Stopping threads took: 0.0000574 seconds
2016-08-24T16:32:07.835+0000: 8646.756: Total time for which application threads were stopped: 0.0007974 seconds, Stopping threads took: 0.0000946 seconds
2016-08-24T16:32:10.836+0000: 8649.758: Total time for which application threads were stopped: 0.0006775 seconds, Stopping threads took: 0.0001106 seconds
2016-08-24T16:32:14.415+0000: 8653.336: [GC (Allocation Failure) 8653.336: [ParNew
Desired survivor size 8716288 bytes, new threshold 6 (max 6)
- age   1:     785408 bytes,     785408 total
- age   3:        968 bytes,     786376 total
- age   4:        968 bytes,     787344 total
- age   6:        968 bytes,     788312 total
: 136398K->797K(153344K), 0.0070072 secs] 298860K->163258K(1031552K), 0.0071318 secs] [Times: user=0.01 sys=0.00, real=0.01 secs] 
2016-08-24T16:32:14.422+0000: 8653.343: Total time for which application threads were stopped: 0.0079217 seconds, Stopping threads took: 0.0000940 seconds
2016-08-24T16:32:14.466+0000: 8653.388: [GC (Allocation Failure) 8653.388: [ParNew
Desired survivor size 8716288 bytes, new threshold 6 (max 6)
- age   1:     143960 bytes,     143960 total
- age   2:     156392 bytes,     300352 total
- age   4:        968 bytes,     301320 total
- age   5:        968 bytes,     302288 total
: 137117K->316K(153344K), 0.0057425 secs] 299578K->162778K(1031552K), 0.0058480 secs] [Times: user=0.02 sys=0.00, real=0.01 secs] 
2016-08-24T16:32:14.472+0000: 8653.394: Total time for which application threads were stopped: 0.0066697 seconds, Stopping threads took: 0.0000984 seconds
2016-08-24T16:32:14.511+0000: 8653.433: [GC (Allocation Failure) 8653.433: [ParNew
Desired survivor size 8716288 bytes, new threshold 6 (max 6)
- age   1:      60888 bytes,      60888 total
- age   2:      57656 bytes,     118544 total
- age   3:     153936 bytes,     272480 total
- age   5:        968 bytes,     273448 total
- age   6:        968 bytes,     274416 total
: 136636K->362K(153344K), 0.0056861 secs] 299098K->162824K(1031552K), 0.0057986 secs] [Times: user=0.02 sys=0.00, real=0.00 secs] 
2016-08-24T16:32:14.517+0000: 8653.439: Total time for which application threads were stopped: 0.0065977 seconds, Stopping threads took: 0.0000965 seconds
2016-08-24T16:32:14.557+0000: 8653.479: [GC (Allocation Failure) 8653.479: [ParNew
Desired survivor size 8716288 bytes, new threshold 6 (max 6)
- age   1:      89880 bytes,      89880 total
- age   2:       4952 bytes,      94832 total
- age   3:      57048 bytes,     151880 total
- age   4:     153752 bytes,     305632 total
- age   6:        968 bytes,     306600 total
: 136682K->382K(153344K), 0.0062117 secs] 299144K->162845K(1031552K), 0.0063276 secs] [Times: user=0.01 sys=0.00, real=0.01 secs] 
2016-08-24T16:32:14.564+0000: 8653.485: Total time for which application threads were stopped: 0.0071995 seconds, Stopping threads took: 0.0000965 seconds
2016-08-24T16:32:14.606+0000: 8653.527: [GC (Allocation Failure) 8653.527: [ParNew
Desired survivor size 8716288 bytes, new threshold 6 (max 6)
- age   1:      64864 bytes,      64864 total
- age   2:       5760 bytes,      70624 total
- age   3:       1096 bytes,      71720 total
- age   4:      55200 bytes,     126920 total
- age   5:     153752 bytes,     280672 total
: 136702K->415K(153344K), 0.0061421 secs] 299165K->162880K(1031552K), 0.0062333 secs] [Times: user=0.01 sys=0.00, real=0.01 secs] 
2016-08-24T16:32:14.612+0000: 8653.533: Total time for which application threads were stopped: 0.0070382 seconds, Stopping threads took: 0.0001041 seconds
2016-08-24T16:32:14.652+0000: 8653.573: [GC (Allocation Failure) 8653.573: [ParNew
Desired survivor size 8716288 bytes, new threshold 6 (max 6)
- age   1:      62064 bytes,      62064 total
- age   2:       8032 bytes,      70096 total
- age   3:       5760 bytes,      75856 total
- age   4:       1096 bytes,      76952 total
- age   5:      55200 bytes,     132152 total
- age   6:     153752 bytes,     285904 total
: 136735K->398K(153344K), 0.0056922 secs] 299200K->162863K(1031552K), 0.0057968 secs] [Times: user=0.01 sys=0.00, real=0.00 secs] 
2016-08-24T16:32:14.658+0000: 8653.579: Total time for which application threads were stopped: 0.0066280 seconds, Stopping threads took: 0.0000984 seconds
2016-08-24T16:32:14.697+0000: 8653.618: [GC (Allocation Failure) 8653.618: [ParNew
Desired survivor size 8716288 bytes, new threshold 6 (max 6)
- age   1:      73528 bytes,      73528 total
- age   3:       1000 bytes,      74528 total
- age   4:       5760 bytes,      80288 total
- age   5:       1064 bytes,      81352 total
- age   6:      53384 bytes,     134736 total
: 136718K->278K(153344K), 0.0059363 secs] 299183K->162896K(1031552K), 0.0060519 secs] [Times: user=0.01 sys=0.00, real=0.01 secs] 
2016-08-24T16:32:14.703+0000: 8653.624: Total time for which application threads were stopped: 0.0069296 seconds, Stopping threads took: 0.0000995 seconds
2016-08-24T16:32:14.740+0000: 8653.662: [GC (Allocation Failure) 8653.662: [ParNew
Desired survivor size 8716288 bytes, new threshold 6 (max 6)
- age   1:      82256 bytes,      82256 total
- age   2:      11544 bytes,      93800 total
- age   4:       1000 bytes,      94800 total
- age   5:       5760 bytes,     100560 total
- age   6:       1064 bytes,     101624 total
: 136598K->164K(153344K), 0.0056481 secs] 299216K->162835K(1031552K), 0.0057527 secs] [Times: user=0.01 sys=0.00, real=0.00 secs] 
2016-08-24T16:32:14.746+0000: 8653.668: Total time for which application threads were stopped: 0.0066196 seconds, Stopping threads took: 0.0000986 seconds
2016-08-24T16:32:14.787+0000: 8653.709: [GC (Allocation Failure) 8653.709: [ParNew
Desired survivor size 8716288 bytes, new threshold 6 (max 6)
- age   1:      63928 bytes,      63928 total
- age   3:       1000 bytes,      64928 total
- age   5:        968 bytes,      65896 total
- age   6:       5760 bytes,      71656 total
: 136484K->102K(153344K), 0.0055979 secs] 299155K->162775K(1031552K), 0.0056927 secs] [Times: user=0.01 sys=0.00, real=0.01 secs] 
2016-08-24T16:32:14.793+0000: 8653.715: Total time for which application threads were stopped: 0.0065224 seconds, Stopping threads took: 0.0000958 seconds
2016-08-24T16:32:14.832+0000: 8653.754: [GC (Allocation Failure) 8653.754: [ParNew
Desired survivor size 8716288 bytes, new threshold 6 (max 6)
- age   1:      69392 bytes,      69392 total
- age   2:      14360 bytes,      83752 total
- age   4:       1000 bytes,      84752 total
- age   6:        968 bytes,      85720 total
: 136422K->95K(153344K), 0.0054946 secs] 299095K->162773K(1031552K), 0.0056286 secs] [Times: user=0.01 sys=0.00, real=0.00 secs] 
2016-08-24T16:32:14.838+0000: 8653.759: Total time for which application threads were stopped: 0.0064887 seconds, Stopping threads took: 0.0000993 seconds
2016-08-24T16:32:14.877+0000: 8653.798: [GC (Allocation Failure) 8653.798: [ParNew
Desired survivor size 8716288 bytes, new threshold 6 (max 6)
- age   1:      69952 bytes,      69952 total
- age   3:       1000 bytes,      70952 total
- age   5:        968 bytes,      71920 total
: 136415K->98K(153344K), 0.0057695 secs] 299093K->162777K(1031552K), 0.0058875 secs] [Times: user=0.02 sys=0.00, real=0.01 secs] 
2016-08-24T16:32:14.883+0000: 8653.804: Total time for which application threads were stopped: 0.0068073 seconds, Stopping threads took: 0.0000997 seconds
2016-08-24T16:32:14.923+0000: 8653.844: [GC (Allocation Failure) 8653.845: [ParNew
Desired survivor size 8716288 bytes, new threshold 6 (max 6)
- age   1:      61976 bytes,      61976 total
- age   2:      17496 bytes,      79472 total
- age   4:       1000 bytes,      80472 total
- age   6:        968 bytes,      81440 total
: 136418K->94K(153344K), 0.0053105 secs] 299097K->162773K(1031552K), 0.0054040 secs] [Times: user=0.01 sys=0.00, real=0.01 secs] 
2016-08-24T16:32:14.928+0000: 8653.850: Total time for which application threads were stopped: 0.0062515 seconds, Stopping threads took: 0.0001070 seconds
2016-08-24T16:32:24.254+0000: 8663.176: [GC (Allocation Failure) 8663.176: [ParNew
Desired survivor size 8716288 bytes, new threshold 6 (max 6)
- age   1:    1299976 bytes,    1299976 total
- age   3:        968 bytes,    1300944 total
- age   5:        968 bytes,    1301912 total
: 136414K->1291K(153344K), 0.0089406 secs] 299093K->163971K(1031552K), 0.0090729 secs] [Times: user=0.02 sys=0.00, real=0.01 secs] 
2016-08-24T16:32:24.264+0000: 8663.185: Total time for which application threads were stopped: 0.0098995 seconds, Stopping threads took: 0.0001028 seconds
2016-08-24T16:32:24.303+0000: 8663.224: [GC (Allocation Failure) 8663.224: [ParNew
Desired survivor size 8716288 bytes, new threshold 6 (max 6)
- age   1:      71616 bytes,      71616 total
- age   2:     320112 bytes,     391728 total
- age   4:        968 bytes,     392696 total
- age   6:        968 bytes,     393664 total
: 137611K->534K(153344K), 0.0056015 secs] 300291K->163214K(1031552K), 0.0057154 secs] [Times: user=0.01 sys=0.00, real=0.01 secs] 
2016-08-24T16:32:24.308+0000: 8663.230: Total time for which application threads were stopped: 0.0065489 seconds, Stopping threads took: 0.0001160 seconds
2016-08-24T16:32:24.350+0000: 8663.272: [GC (Allocation Failure) 8663.272: [ParNew
Desired survivor size 8716288 bytes, new threshold 6 (max 6)
- age   1:      60832 bytes,      60832 total
- age   2:         96 bytes,      60928 total
- age   3:     303312 bytes,     364240 total
- age   5:        968 bytes,     365208 total
: 136854K->521K(153344K), 0.0062660 secs] 299534K->163202K(1031552K), 0.0064143 secs] [Times: user=0.01 sys=0.00, real=0.00 secs] 
2016-08-24T16:32:24.357+0000: 8663.278: Total time for which application threads were stopped: 0.0073497 seconds, Stopping threads took: 0.0001117 seconds
2016-08-24T16:32:24.396+0000: 8663.317: [GC (Allocation Failure) 8663.318: [ParNew
Desired survivor size 8716288 bytes, new threshold 6 (max 6)
- age   1:      66424 bytes,      66424 total
- age   2:      18888 bytes,      85312 total
- age   3:         96 bytes,      85408 total
- age   4:     303312 bytes,     388720 total
- age   6:        968 bytes,     389688 total
: 136841K->518K(153344K), 0.0061143 secs] 299522K->163199K(1031552K), 0.0062137 secs] [Times: user=0.01 sys=0.00, real=0.01 secs] 
2016-08-24T16:32:24.402+0000: 8663.324: Total time for which application threads were stopped: 0.0069972 seconds, Stopping threads took: 0.0001003 seconds
2016-08-24T16:32:24.441+0000: 8663.363: [GC (Allocation Failure) 8663.363: [ParNew
Desired survivor size 8716288 bytes, new threshold 6 (max 6)
- age   1:      82696 bytes,      82696 total
- age   3:       1096 bytes,      83792 total
- age   4:         96 bytes,      83888 total
- age   5:     301464 bytes,     385352 total
: 136838K->547K(153344K), 0.0062039 secs] 299519K->163229K(1031552K), 0.0063175 secs] [Times: user=0.01 sys=0.00, real=0.00 secs] 
2016-08-24T16:32:24.448+0000: 8663.369: Total time for which application threads were stopped: 0.0071591 seconds, Stopping threads took: 0.0000993 seconds
2016-08-24T16:32:24.487+0000: 8663.408: [GC (Allocation Failure) 8663.408: [ParNew
Desired survivor size 8716288 bytes, new threshold 6 (max 6)
- age   1:      63968 bytes,      63968 total
- age   2:       1000 bytes,      64968 total
- age   4:       1064 bytes,      66032 total
- age   5:         96 bytes,      66128 total
- age   6:     299648 bytes,     365776 total
: 136867K->547K(153344K), 0.0060455 secs] 299549K->163229K(1031552K), 0.0061363 secs] [Times: user=0.01 sys=0.00, real=0.01 secs] 
2016-08-24T16:32:24.493+0000: 8663.415: Total time for which application threads were stopped: 0.0069461 seconds, Stopping threads took: 0.0000945 seconds
2016-08-24T16:32:24.532+0000: 8663.453: [GC (Allocation Failure) 8663.453: [ParNew
Desired survivor size 8716288 bytes, new threshold 6 (max 6)
- age   1:      60976 bytes,      60976 total
- age   2:       4360 bytes,      65336 total
- age   3:       1000 bytes,      66336 total
- age   5:       1064 bytes,      67400 total
- age   6:         96 bytes,      67496 total
: 136867K->359K(153344K), 0.0074504 secs] 299549K->163340K(1031552K), 0.0075717 secs] [Times: user=0.02 sys=0.00, real=0.00 secs] 
2016-08-24T16:32:24.539+0000: 8663.461: Total time for which application threads were stopped: 0.0084094 seconds, Stopping threads took: 0.0001074 seconds
2016-08-24T16:32:24.579+0000: 8663.500: [GC (Allocation Failure) 8663.500: [ParNew
Desired survivor size 8716288 bytes, new threshold 6 (max 6)
- age   1:      48832 bytes,      48832 total
- age   3:       1000 bytes,      49832 total
- age   4:        968 bytes,      50800 total
- age   6:       1064 bytes,      51864 total
: 136679K->120K(153344K), 0.0055130 secs] 299660K->163100K(1031552K), 0.0056086 secs] [Times: user=0.01 sys=0.00, real=0.01 secs] 
2016-08-24T16:32:24.584+0000: 8663.506: Total time for which application threads were stopped: 0.0063958 seconds, Stopping threads took: 0.0000997 seconds
2016-08-24T16:32:24.623+0000: 8663.544: [GC (Allocation Failure) 8663.544: [ParNew
Desired survivor size 8716288 bytes, new threshold 6 (max 6)
- age   1:      76040 bytes,      76040 total
- age   2:       7272 bytes,      83312 total
- age   4:       1000 bytes,      84312 total
- age   5:        968 bytes,      85280 total
: 136440K->101K(153344K), 0.0057040 secs] 299420K->163083K(1031552K), 0.0058199 secs] [Times: user=0.01 sys=0.00, real=0.01 secs] 
2016-08-24T16:32:24.629+0000: 8663.550: Total time for which application threads were stopped: 0.0066658 seconds, Stopping threads took: 0.0000972 seconds
2016-08-24T16:32:24.668+0000: 8663.589: [GC (Allocation Failure) 8663.589: [ParNew
Desired survivor size 8716288 bytes, new threshold 6 (max 6)
- age   1:      73904 bytes,      73904 total
- age   3:       1000 bytes,      74904 total
- age   5:        968 bytes,      75872 total
- age   6:        968 bytes,      76840 total
: 136421K->97K(153344K), 0.0053602 secs] 299403K->163078K(1031552K), 0.0054433 secs] [Times: user=0.01 sys=0.00, real=0.01 secs] 
2016-08-24T16:32:24.673+0000: 8663.595: Total time for which application threads were stopped: 0.0062412 seconds, Stopping threads took: 0.0001206 seconds
2016-08-24T16:32:24.712+0000: 8663.634: [GC (Allocation Failure) 8663.634: [ParNew
Desired survivor size 8716288 bytes, new threshold 6 (max 6)
- age   1:      88080 bytes,      88080 total
- age   2:       9960 bytes,      98040 total
- age   4:       1000 bytes,      99040 total
- age   6:        968 bytes,     100008 total
: 136417K->137K(153344K), 0.0057354 secs] 299398K->163120K(1031552K), 0.0058752 secs] [Times: user=0.01 sys=0.00, real=0.00 secs] 
2016-08-24T16:32:24.718+0000: 8663.640: Total time for which application threads were stopped: 0.0067536 seconds, Stopping threads took: 0.0001030 seconds
2016-08-24T16:32:34.388+0000: 8673.310: [GC (Allocation Failure) 8673.310: [ParNew
Desired survivor size 8716288 bytes, new threshold 6 (max 6)
- age   1:     938480 bytes,     938480 total
- age   3:        968 bytes,     939448 total
- age   5:        968 bytes,     940416 total
: 136457K->951K(153344K), 0.0073724 secs] 299440K->163935K(1031552K), 0.0074935 secs] [Times: user=0.02 sys=0.00, real=0.00 secs] 
2016-08-24T16:32:34.396+0000: 8673.317: Total time for which application threads were stopped: 0.0083557 seconds, Stopping threads took: 0.0001216 seconds
2016-08-24T16:32:34.437+0000: 8673.358: [GC (Allocation Failure) 8673.358: [ParNew
Desired survivor size 8716288 bytes, new threshold 6 (max 6)
- age   1:      70672 bytes,      70672 total
- age   2:     252480 bytes,     323152 total
- age   4:        968 bytes,     324120 total
- age   6:        968 bytes,     325088 total
: 137271K->357K(153344K), 0.0055845 secs] 300255K->163340K(1031552K), 0.0056930 secs] [Times: user=0.01 sys=0.00, real=0.01 secs] 
2016-08-24T16:32:34.443+0000: 8673.364: Total time for which application threads were stopped: 0.0065702 seconds, Stopping threads took: 0.0000963 seconds
2016-08-24T16:32:34.485+0000: 8673.406: [GC (Allocation Failure) 8673.406: [ParNew
Desired survivor size 8716288 bytes, new threshold 6 (max 6)
- age   1:      64976 bytes,      64976 total
- age   3:     241640 bytes,     306616 total
- age   5:        968 bytes,     307584 total
: 136677K->415K(153344K), 0.0062237 secs] 299660K->163399K(1031552K), 0.0063450 secs] [Times: user=0.02 sys=0.00, real=0.01 secs] 
2016-08-24T16:32:34.491+0000: 8673.413: Total time for which application threads were stopped: 0.0072327 seconds, Stopping threads took: 0.0001166 seconds
2016-08-24T16:32:34.530+0000: 8673.452: [GC (Allocation Failure) 8673.452: [ParNew
Desired survivor size 8716288 bytes, new threshold 6 (max 6)
- age   1:      73384 bytes,      73384 total
- age   2:      13088 bytes,      86472 total
- age   4:     241144 bytes,     327616 total
- age   6:        968 bytes,     328584 total
: 136735K->427K(153344K), 0.0062224 secs] 299719K->163412K(1031552K), 0.0063288 secs] [Times: user=0.01 sys=0.00, real=0.00 secs] 
2016-08-24T16:32:34.537+0000: 8673.458: Total time for which application threads were stopped: 0.0071419 seconds, Stopping threads took: 0.0001020 seconds
2016-08-24T16:32:34.579+0000: 8673.500: [GC (Allocation Failure) 8673.500: [ParNew
Desired survivor size 8716288 bytes, new threshold 6 (max 6)
- age   1:      56160 bytes,      56160 total
- age   2:        248 bytes,      56408 total
- age   3:       1096 bytes,      57504 total
- age   5:     239296 bytes,     296800 total
: 136747K->453K(153344K), 0.0069065 secs] 299732K->163438K(1031552K), 0.0070345 secs] [Times: user=0.01 sys=0.00, real=0.01 secs] 
2016-08-24T16:32:34.586+0000: 8673.507: Total time for which application threads were stopped: 0.0078972 seconds, Stopping threads took: 0.0001017 seconds
2016-08-24T16:32:34.626+0000: 8673.547: [GC (Allocation Failure) 8673.547: [ParNew
Desired survivor size 8716288 bytes, new threshold 6 (max 6)
- age   1:      81368 bytes,      81368 total
- age   2:      15264 bytes,      96632 total
- age   3:        248 bytes,      96880 total
- age   4:       1096 bytes,      97976 total
- age   6:     239296 bytes,     337272 total
: 136773K->425K(153344K), 0.0062132 secs] 299758K->163411K(1031552K), 0.0063151 secs] [Times: user=0.01 sys=0.00, real=0.01 secs] 
2016-08-24T16:32:34.632+0000: 8673.554: Total time for which application threads were stopped: 0.0071281 seconds, Stopping threads took: 0.0000996 seconds
2016-08-24T16:32:34.675+0000: 8673.596: [GC (Allocation Failure) 8673.596: [ParNew
Desired survivor size 8716288 bytes, new threshold 6 (max 6)
- age   1:      80400 bytes,      80400 total
- age   3:       1000 bytes,      81400 total
- age   4:        248 bytes,      81648 total
- age   5:       1064 bytes,      82712 total
: 136745K->322K(153344K), 0.0073485 secs] 299731K->163544K(1031552K), 0.0074754 secs] [Times: user=0.01 sys=0.00, real=0.01 secs] 
2016-08-24T16:32:34.682+0000: 8673.604: Total time for which application threads were stopped: 0.0083776 seconds, Stopping threads took: 0.0001218 seconds
2016-08-24T16:32:34.721+0000: 8673.643: [GC (Allocation Failure) 8673.643: [ParNew
Desired survivor size 8716288 bytes, new threshold 6 (max 6)
- age   1:      72584 bytes,      72584 total
- age   2:      18616 bytes,      91200 total
- age   4:       1000 bytes,      92200 total
- age   5:        248 bytes,      92448 total
- age   6:       1064 bytes,      93512 total
: 136642K->153K(153344K), 0.0056883 secs] 299864K->163375K(1031552K), 0.0057907 secs] [Times: user=0.02 sys=0.00, real=0.00 secs] 
2016-08-24T16:32:34.727+0000: 8673.648: Total time for which application threads were stopped: 0.0066636 seconds, Stopping threads took: 0.0000980 seconds
2016-08-24T16:32:34.769+0000: 8673.690: [GC (Allocation Failure) 8673.690: [ParNew
Desired survivor size 8716288 bytes, new threshold 6 (max 6)
- age   1:      76432 bytes,      76432 total
- age   3:       1000 bytes,      77432 total
- age   5:        968 bytes,      78400 total
- age   6:        176 bytes,      78576 total
: 136473K->98K(153344K), 0.0057658 secs] 299695K->163321K(1031552K), 0.0058837 secs] [Times: user=0.01 sys=0.00, real=0.00 secs] 
2016-08-24T16:32:34.775+0000: 8673.696: Total time for which application threads were stopped: 0.0067721 seconds, Stopping threads took: 0.0000963 seconds
2016-08-24T16:32:34.814+0000: 8673.735: [GC (Allocation Failure) 8673.735: [ParNew
Desired survivor size 8716288 bytes, new threshold 6 (max 6)
- age   1:      65528 bytes,      65528 total
- age   2:       1248 bytes,      66776 total
- age   4:        968 bytes,      67744 total
- age   6:        968 bytes,      68712 total
: 136418K->99K(153344K), 0.0054062 secs] 299641K->163322K(1031552K), 0.0055050 secs] [Times: user=0.01 sys=0.00, real=0.00 secs] 
2016-08-24T16:32:34.819+0000: 8673.741: Total time for which application threads were stopped: 0.0062591 seconds, Stopping threads took: 0.0001026 seconds
2016-08-24T16:32:34.859+0000: 8673.781: [GC (Allocation Failure) 8673.781: [ParNew
Desired survivor size 8716288 bytes, new threshold 6 (max 6)
- age   1:      84048 bytes,      84048 total
- age   2:       4360 bytes,      88408 total
- age   3:       1248 bytes,      89656 total
- age   5:        968 bytes,      90624 total
: 136419K->100K(153344K), 0.0057165 secs] 299642K->163324K(1031552K), 0.0058348 secs] [Times: user=0.01 sys=0.00, real=0.01 secs] 
2016-08-24T16:32:34.865+0000: 8673.787: Total time for which application threads were stopped: 0.0067006 seconds, Stopping threads took: 0.0001022 seconds
2016-08-24T16:32:44.419+0000: 8683.340: [GC (Allocation Failure) 8683.340: [ParNew
Desired survivor size 8716288 bytes, new threshold 6 (max 6)
- age   1:    1124368 bytes,    1124368 total
- age   3:        968 bytes,    1125336 total
- age   4:       1096 bytes,    1126432 total
- age   6:        968 bytes,    1127400 total
: 136420K->1136K(153344K), 0.0081366 secs] 299644K->164361K(1031552K), 0.0082593 secs] [Times: user=0.02 sys=0.00, real=0.01 secs] 
2016-08-24T16:32:44.427+0000: 8683.349: Total time for which application threads were stopped: 0.0091212 seconds, Stopping threads took: 0.0001742 seconds
2016-08-24T16:32:44.467+0000: 8683.389: [GC (Allocation Failure) 8683.389: [ParNew
Desired survivor size 8716288 bytes, new threshold 6 (max 6)
- age   1:      81144 bytes,      81144 total
- age   2:     289496 bytes,     370640 total
- age   4:        968 bytes,     371608 total
- age   5:       1096 bytes,     372704 total
: 137456K->513K(153344K), 0.0062879 secs] 300681K->163738K(1031552K), 0.0064007 secs] [Times: user=0.01 sys=0.00, real=0.01 secs] 
2016-08-24T16:32:44.474+0000: 8683.395: Total time for which application threads were stopped: 0.0072141 seconds, Stopping threads took: 0.0000962 seconds
2016-08-24T16:32:44.516+0000: 8683.438: [GC (Allocation Failure) 8683.438: [ParNew
Desired survivor size 8716288 bytes, new threshold 6 (max 6)
- age   1:      50480 bytes,      50480 total
- age   2:       1120 bytes,      51600 total
- age   3:     286264 bytes,     337864 total
- age   5:        968 bytes,     338832 total
- age   6:       1096 bytes,     339928 total
: 136833K->493K(153344K), 0.0066011 secs] 300058K->163718K(1031552K), 0.0067133 secs] [Times: user=0.02 sys=0.00, real=0.01 secs] 
2016-08-24T16:32:44.523+0000: 8683.445: Total time for which application threads were stopped: 0.0075353 seconds, Stopping threads took: 0.0000967 seconds
2016-08-24T16:32:44.563+0000: 8683.484: [GC (Allocation Failure) 8683.484: [ParNew
Desired survivor size 8716288 bytes, new threshold 6 (max 6)
- age   1:      89864 bytes,      89864 total
- age   2:       5632 bytes,      95496 total
- age   3:       1120 bytes,      96616 total
- age   4:     286264 bytes,     382880 total
- age   6:        968 bytes,     383848 total
: 136813K->483K(153344K), 0.0065063 secs] 300038K->163709K(1031552K), 0.0066223 secs] [Times: user=0.01 sys=0.00, real=0.01 secs] 
2016-08-24T16:32:44.569+0000: 8683.491: Total time for which application threads were stopped: 0.0074399 seconds, Stopping threads took: 0.0000940 seconds
2016-08-24T16:32:44.610+0000: 8683.531: [GC (Allocation Failure) 8683.531: [ParNew
Desired survivor size 8716288 bytes, new threshold 6 (max 6)
- age   1:      56480 bytes,      56480 total
- age   3:       1096 bytes,      57576 total
- age   4:       1088 bytes,      58664 total
- age   5:     284448 bytes,     343112 total
: 136803K->531K(153344K), 0.0066067 secs] 300029K->163759K(1031552K), 0.0067386 secs] [Times: user=0.01 sys=0.00, real=0.00 secs] 
2016-08-24T16:32:44.616+0000: 8683.538: Total time for which application threads were stopped: 0.0075857 seconds, Stopping threads took: 0.0000958 seconds
2016-08-24T16:32:44.658+0000: 8683.579: [GC (Allocation Failure) 8683.579: [ParNew
Desired survivor size 8716288 bytes, new threshold 6 (max 6)
- age   1:      71696 bytes,      71696 total
- age   2:       8888 bytes,      80584 total
- age   4:       1096 bytes,      81680 total
- age   5:       1088 bytes,      82768 total
- age   6:     284448 bytes,     367216 total
: 136851K->494K(153344K), 0.0068294 secs] 300079K->163722K(1031552K), 0.0069716 secs] [Times: user=0.01 sys=0.00, real=0.01 secs] 
2016-08-24T16:32:44.665+0000: 8683.587: Total time for which application threads were stopped: 0.0078432 seconds, Stopping threads took: 0.0001181 seconds
2016-08-24T16:32:44.706+0000: 8683.627: [GC (Allocation Failure) 8683.628: [ParNew
Desired survivor size 8716288 bytes, new threshold 6 (max 6)
- age   1:      75632 bytes,      75632 total
- age   3:       1000 bytes,      76632 total
- age   5:       1064 bytes,      77696 total
- age   6:       1088 bytes,      78784 total
: 136814K->356K(153344K), 0.0074044 secs] 300042K->163865K(1031552K), 0.0075386 secs] [Times: user=0.02 sys=0.00, real=0.01 secs] 
2016-08-24T16:32:44.714+0000: 8683.635: Total time for which application threads were stopped: 0.0083949 seconds, Stopping threads took: 0.0001042 seconds
2016-08-24T16:32:44.755+0000: 8683.676: [GC (Allocation Failure) 8683.676: [ParNew
Desired survivor size 8716288 bytes, new threshold 6 (max 6)
- age   1:      76208 bytes,      76208 total
- age   2:      12328 bytes,      88536 total
- age   4:       1000 bytes,      89536 total
- age   6:       1064 bytes,      90600 total
: 136676K->169K(153344K), 0.0062863 secs] 300185K->163679K(1031552K), 0.0064112 secs] [Times: user=0.01 sys=0.00, real=0.01 secs] 
2016-08-24T16:32:44.761+0000: 8683.683: Total time for which application threads were stopped: 0.0072553 seconds, Stopping threads took: 0.0001049 seconds
2016-08-24T16:32:44.802+0000: 8683.723: [GC (Allocation Failure) 8683.724: [ParNew
Desired survivor size 8716288 bytes, new threshold 6 (max 6)
- age   1:      65320 bytes,      65320 total
- age   3:       1000 bytes,      66320 total
- age   5:        968 bytes,      67288 total
: 136489K->86K(153344K), 0.0061821 secs] 299999K->163597K(1031552K), 0.0063012 secs] [Times: user=0.01 sys=0.00, real=0.01 secs] 
2016-08-24T16:32:44.808+0000: 8683.730: Total time for which application threads were stopped: 0.0071514 seconds, Stopping threads took: 0.0001028 seconds
2016-08-24T16:32:44.850+0000: 8683.771: [GC (Allocation Failure) 8683.771: [ParNew
Desired survivor size 8716288 bytes, new threshold 6 (max 6)
- age   1:      87600 bytes,      87600 total
- age   2:      14584 bytes,     102184 total
- age   4:       1000 bytes,     103184 total
- age   6:        968 bytes,     104152 total
: 136406K->115K(153344K), 0.0062841 secs] 299917K->163626K(1031552K), 0.0064094 secs] [Times: user=0.02 sys=0.00, real=0.00 secs] 
2016-08-24T16:32:44.856+0000: 8683.778: Total time for which application threads were stopped: 0.0072652 seconds, Stopping threads took: 0.0001037 seconds
2016-08-24T16:32:44.899+0000: 8683.821: [GC (Allocation Failure) 8683.821: [ParNew
Desired survivor size 8716288 bytes, new threshold 6 (max 6)
- age   1:      82224 bytes,      82224 total
- age   3:       1000 bytes,      83224 total
- age   5:        968 bytes,      84192 total
: 136435K->118K(153344K), 0.0063384 secs] 299946K->163630K(1031552K), 0.0064641 secs] [Times: user=0.01 sys=0.00, real=0.01 secs] 
2016-08-24T16:32:44.906+0000: 8683.827: Total time for which application threads were stopped: 0.0073448 seconds, Stopping threads took: 0.0001066 seconds
2016-08-24T16:32:44.945+0000: 8683.867: [GC (Allocation Failure) 8683.867: [ParNew
Desired survivor size 8716288 bytes, new threshold 6 (max 6)
- age   1:      71368 bytes,      71368 total
- age   2:      17848 bytes,      89216 total
- age   4:       1000 bytes,      90216 total
- age   6:        968 bytes,      91184 total
: 136438K->113K(153344K), 0.0054615 secs] 299950K->163625K(1031552K), 0.0055834 secs] [Times: user=0.01 sys=0.00, real=0.01 secs] 
2016-08-24T16:32:44.951+0000: 8683.872: Total time for which application threads were stopped: 0.0064389 seconds, Stopping threads took: 0.0001036 seconds
2016-08-24T16:32:45.953+0000: 8684.874: Total time for which application threads were stopped: 0.0019375 seconds, Stopping threads took: 0.0002371 seconds
2016-08-24T16:32:53.874+0000: 8692.795: [GC (Allocation Failure) 8692.795: [ParNew
Desired survivor size 8716288 bytes, new threshold 6 (max 6)
- age   1:    1060608 bytes,    1060608 total
- age   3:        968 bytes,    1061576 total
- age   5:        968 bytes,    1062544 total
: 136433K->1072K(153344K), 0.0130145 secs] 299945K->164585K(1031552K), 0.0131347 secs] [Times: user=0.02 sys=0.00, real=0.01 secs] 
2016-08-24T16:32:53.887+0000: 8692.808: Total time for which application threads were stopped: 0.0139225 seconds, Stopping threads took: 0.0001020 seconds
2016-08-24T16:32:53.925+0000: 8692.846: [GC (Allocation Failure) 8692.846: [ParNew
Desired survivor size 8716288 bytes, new threshold 6 (max 6)
- age   1:      78824 bytes,      78824 total
- age   2:     317128 bytes,     395952 total
- age   4:        968 bytes,     396920 total
- age   6:        968 bytes,     397888 total
: 137392K->538K(153344K), 0.0063296 secs] 300905K->164051K(1031552K), 0.0064781 secs] [Times: user=0.02 sys=0.00, real=0.01 secs] 
2016-08-24T16:32:53.932+0000: 8692.853: Total time for which application threads were stopped: 0.0075333 seconds, Stopping threads took: 0.0001029 seconds
2016-08-24T16:32:53.971+0000: 8692.893: [GC (Allocation Failure) 8692.893: [ParNew
Desired survivor size 8716288 bytes, new threshold 6 (max 6)
- age   1:      83504 bytes,      83504 total
- age   2:         72 bytes,      83576 total
- age   3:     298264 bytes,     381840 total
- age   5:        968 bytes,     382808 total
: 136858K->506K(153344K), 0.0063930 secs] 300371K->164020K(1031552K), 0.0064966 secs] [Times: user=0.01 sys=0.00, real=0.00 secs] 
2016-08-24T16:32:53.978+0000: 8692.900: Total time for which application threads were stopped: 0.0073384 seconds, Stopping threads took: 0.0001006 seconds
2016-08-24T16:32:54.017+0000: 8692.938: [GC (Allocation Failure) 8692.938: [ParNew
Desired survivor size 8716288 bytes, new threshold 6 (max 6)
- age   1:      78104 bytes,      78104 total
- age   2:      20432 bytes,      98536 total
- age   3:         72 bytes,      98608 total
- age   4:     298264 bytes,     396872 total
- age   6:        968 bytes,     397840 total
: 136826K->536K(153344K), 0.0057891 secs] 300340K->164050K(1031552K), 0.0059053 secs] [Times: user=0.01 sys=0.00, real=0.01 secs] 
2016-08-24T16:32:54.023+0000: 8692.944: Total time for which application threads were stopped: 0.0067729 seconds, Stopping threads took: 0.0000982 seconds
2016-08-24T16:32:54.065+0000: 8692.986: [GC (Allocation Failure) 8692.986: [ParNew
Desired survivor size 8716288 bytes, new threshold 6 (max 6)
- age   1:      88328 bytes,      88328 total
- age   3:       1096 bytes,      89424 total
- age   4:         72 bytes,      89496 total
- age   5:     296416 bytes,     385912 total
: 136856K->559K(153344K), 0.0059875 secs] 300370K->164074K(1031552K), 0.0060769 secs] [Times: user=0.01 sys=0.00, real=0.01 secs] 
2016-08-24T16:32:54.071+0000: 8692.992: Total time for which application threads were stopped: 0.0069068 seconds, Stopping threads took: 0.0001001 seconds
2016-08-24T16:32:54.110+0000: 8693.032: [GC (Allocation Failure) 8693.032: [ParNew
Desired survivor size 8716288 bytes, new threshold 6 (max 6)
- age   1:      65424 bytes,      65424 total
- age   2:       1000 bytes,      66424 total
- age   4:       1064 bytes,      67488 total
- age   5:         72 bytes,      67560 total
- age   6:     294600 bytes,     362160 total
: 136879K->376K(153344K), 0.0062514 secs] 300394K->163891K(1031552K), 0.0063834 secs] [Times: user=0.02 sys=0.00, real=0.00 secs] 
2016-08-24T16:32:54.117+0000: 8693.038: Total time for which application threads were stopped: 0.0072486 seconds, Stopping threads took: 0.0001006 seconds
2016-08-24T16:32:54.159+0000: 8693.080: [GC (Allocation Failure) 8693.081: [ParNew
Desired survivor size 8716288 bytes, new threshold 6 (max 6)
- age   1:      62096 bytes,      62096 total
- age   2:       4976 bytes,      67072 total
- age   3:       1000 bytes,      68072 total
- age   5:       1064 bytes,      69136 total
- age   6:         72 bytes,      69208 total
: 136696K->357K(153344K), 0.0065098 secs] 300211K->164166K(1031552K), 0.0066199 secs] [Times: user=0.01 sys=0.00, real=0.01 secs] 
2016-08-24T16:32:54.166+0000: 8693.087: Total time for which application threads were stopped: 0.0074140 seconds, Stopping threads took: 0.0001042 seconds
2016-08-24T16:32:54.205+0000: 8693.126: [GC (Allocation Failure) 8693.126: [ParNew
Desired survivor size 8716288 bytes, new threshold 6 (max 6)
- age   1:      67104 bytes,      67104 total
- age   3:       1000 bytes,      68104 total
- age   4:        968 bytes,      69072 total
- age   6:       1064 bytes,      70136 total
: 136677K->122K(153344K), 0.0055683 secs] 300486K->163931K(1031552K), 0.0056864 secs] [Times: user=0.01 sys=0.00, real=0.01 secs] 
2016-08-24T16:32:54.210+0000: 8693.132: Total time for which application threads were stopped: 0.0065909 seconds, Stopping threads took: 0.0001028 seconds
2016-08-24T16:32:54.251+0000: 8693.173: [GC (Allocation Failure) 8693.173: [ParNew
Desired survivor size 8716288 bytes, new threshold 6 (max 6)
- age   1:      84440 bytes,      84440 total
- age   2:       8272 bytes,      92712 total
- age   4:       1000 bytes,      93712 total
- age   5:        968 bytes,      94680 total
: 136442K->110K(153344K), 0.0058978 secs] 300251K->163920K(1031552K), 0.0060159 secs] [Times: user=0.02 sys=0.00, real=0.00 secs] 
2016-08-24T16:32:54.257+0000: 8693.179: Total time for which application threads were stopped: 0.0069920 seconds, Stopping threads took: 0.0001548 seconds
2016-08-24T16:32:54.298+0000: 8693.219: [GC (Allocation Failure) 8693.219: [ParNew
Desired survivor size 8716288 bytes, new threshold 6 (max 6)
- age   1:      62160 bytes,      62160 total
- age   3:       1000 bytes,      63160 total
- age   5:        968 bytes,      64128 total
- age   6:        968 bytes,      65096 total
: 136430K->85K(153344K), 0.0058596 secs] 300240K->163896K(1031552K), 0.0059765 secs] [Times: user=0.01 sys=0.00, real=0.01 secs] 
2016-08-24T16:32:54.304+0000: 8693.225: Total time for which application threads were stopped: 0.0068277 seconds, Stopping threads took: 0.0001018 seconds
2016-08-24T16:32:54.345+0000: 8693.266: [GC (Allocation Failure) 8693.266: [ParNew
Desired survivor size 8716288 bytes, new threshold 6 (max 6)
- age   1:      90152 bytes,      90152 total
- age   2:      11872 bytes,     102024 total
- age   4:       1000 bytes,     103024 total
- age   6:        968 bytes,     103992 total
: 136405K->107K(153344K), 0.0061295 secs] 300216K->163919K(1031552K), 0.0062698 secs] [Times: user=0.01 sys=0.00, real=0.01 secs] 
2016-08-24T16:32:54.351+0000: 8693.273: Total time for which application threads were stopped: 0.0072407 seconds, Stopping threads took: 0.0001199 seconds
2016-08-24T16:33:04.445+0000: 8703.367: [GC (Allocation Failure) 8703.367: [ParNew
Desired survivor size 8716288 bytes, new threshold 6 (max 6)
- age   1:    1026520 bytes,    1026520 total
- age   3:        968 bytes,    1027488 total
- age   5:        968 bytes,    1028456 total
: 136427K->1033K(153344K), 0.0077914 secs] 300239K->164845K(1031552K), 0.0079178 secs] [Times: user=0.01 sys=0.00, real=0.01 secs] 
2016-08-24T16:33:04.453+0000: 8703.375: Total time for which application threads were stopped: 0.0087241 seconds, Stopping threads took: 0.0000961 seconds
2016-08-24T16:33:04.492+0000: 8703.413: [GC (Allocation Failure) 8703.413: [ParNew
Desired survivor size 8716288 bytes, new threshold 6 (max 6)
- age   1:      66104 bytes,      66104 total
- age   2:     279000 bytes,     345104 total
- age   4:        968 bytes,     346072 total
- age   6:        968 bytes,     347040 total
: 137353K->514K(153344K), 0.0056744 secs] 301165K->164326K(1031552K), 0.0057895 secs] [Times: user=0.01 sys=0.00, real=0.00 secs] 
2016-08-24T16:33:04.498+0000: 8703.419: Total time for which application threads were stopped: 0.0066205 seconds, Stopping threads took: 0.0001019 seconds
2016-08-24T16:33:04.539+0000: 8703.460: [GC (Allocation Failure) 8703.461: [ParNew
Desired survivor size 8716288 bytes, new threshold 6 (max 6)
- age   1:      61456 bytes,      61456 total
- age   2:         24 bytes,      61480 total
- age   3:     266472 bytes,     327952 total
- age   5:        968 bytes,     328920 total
: 136834K->468K(153344K), 0.0057452 secs] 300646K->164281K(1031552K), 0.0058475 secs] [Times: user=0.01 sys=0.01, real=0.01 secs] 
2016-08-24T16:33:04.545+0000: 8703.466: Total time for which application threads were stopped: 0.0066298 seconds, Stopping threads took: 0.0000837 seconds
2016-08-24T16:33:04.583+0000: 8703.504: [GC (Allocation Failure) 8703.505: [ParNew
Desired survivor size 8716288 bytes, new threshold 6 (max 6)
- age   1:      90448 bytes,      90448 total
- age   2:      14184 bytes,     104632 total
- age   3:         24 bytes,     104656 total
- age   4:     266472 bytes,     371128 total
- age   6:        968 bytes,     372096 total
: 136788K->462K(153344K), 0.0056607 secs] 300601K->164275K(1031552K), 0.0057641 secs] [Times: user=0.01 sys=0.00, real=0.01 secs] 
2016-08-24T16:33:04.589+0000: 8703.510: Total time for which application threads were stopped: 0.0065716 seconds, Stopping threads took: 0.0000975 seconds
2016-08-24T16:33:04.630+0000: 8703.552: [GC (Allocation Failure) 8703.552: [ParNew
Desired survivor size 8716288 bytes, new threshold 6 (max 6)
- age   1:      56352 bytes,      56352 total
- age   3:       1096 bytes,      57448 total
- age   4:         24 bytes,      57472 total
- age   5:     264624 bytes,     322096 total
: 136782K->510K(153344K), 0.0061255 secs] 300595K->164324K(1031552K), 0.0062435 secs] [Times: user=0.01 sys=0.00, real=0.00 secs] 
2016-08-24T16:33:04.636+0000: 8703.558: Total time for which application threads were stopped: 0.0070995 seconds, Stopping threads took: 0.0000996 seconds
2016-08-24T16:33:04.675+0000: 8703.597: [GC (Allocation Failure) 8703.597: [ParNew
Desired survivor size 8716288 bytes, new threshold 6 (max 6)
- age   1:      63264 bytes,      63264 total
- age   2:      17000 bytes,      80264 total
- age   4:       1096 bytes,      81360 total
- age   5:         24 bytes,      81384 total
- age   6:     264624 bytes,     346008 total
: 136830K->404K(153344K), 0.0067912 secs] 300644K->164218K(1031552K), 0.0069220 secs] [Times: user=0.02 sys=0.00, real=0.01 secs] 
2016-08-24T16:33:04.682+0000: 8703.604: Total time for which application threads were stopped: 0.0077742 seconds, Stopping threads took: 0.0000973 seconds
2016-08-24T16:33:04.725+0000: 8703.647: [GC (Allocation Failure) 8703.647: [ParNew
Desired survivor size 8716288 bytes, new threshold 6 (max 6)
- age   1:      82328 bytes,      82328 total
- age   3:       1000 bytes,      83328 total
- age   5:       1064 bytes,      84392 total
- age   6:         24 bytes,      84416 total
: 136724K->308K(153344K), 0.0070412 secs] 300538K->164384K(1031552K), 0.0071594 secs] [Times: user=0.01 sys=0.00, real=0.01 secs] 
2016-08-24T16:33:04.733+0000: 8703.654: Total time for which application threads were stopped: 0.0080188 seconds, Stopping threads took: 0.0001046 seconds
2016-08-24T16:33:04.772+0000: 8703.693: [GC (Allocation Failure) 8703.693: [ParNew
Desired survivor size 8716288 bytes, new threshold 6 (max 6)
- age   1:      80464 bytes,      80464 total
- age   2:      19600 bytes,     100064 total
- age   4:       1000 bytes,     101064 total
- age   6:       1064 bytes,     102128 total
: 136628K->150K(153344K), 0.0059582 secs] 300704K->164226K(1031552K), 0.0060726 secs] [Times: user=0.01 sys=0.00, real=0.00 secs] 
2016-08-24T16:33:04.778+0000: 8703.699: Total time for which application threads were stopped: 0.0069090 seconds, Stopping threads took: 0.0001129 seconds
2016-08-24T16:33:04.820+0000: 8703.742: [GC (Allocation Failure) 8703.742: [ParNew
Desired survivor size 8716288 bytes, new threshold 6 (max 6)
- age   1:      82776 bytes,      82776 total
- age   3:       1000 bytes,      83776 total
- age   5:        968 bytes,      84744 total
: 136470K->124K(153344K), 0.0057933 secs] 300546K->164201K(1031552K), 0.0059448 secs] [Times: user=0.01 sys=0.00, real=0.00 secs] 
2016-08-24T16:33:04.826+0000: 8703.748: Total time for which application threads were stopped: 0.0067944 seconds, Stopping threads took: 0.0001040 seconds
2016-08-24T16:33:04.866+0000: 8703.787: [GC (Allocation Failure) 8703.787: [ParNew
Desired survivor size 8716288 bytes, new threshold 6 (max 6)
- age   1:      46136 bytes,      46136 total
- age   2:       1000 bytes,      47136 total
- age   4:        968 bytes,      48104 total
- age   6:        968 bytes,      49072 total
: 136444K->63K(153344K), 0.0062974 secs] 300521K->164140K(1031552K), 0.0064309 secs] [Times: user=0.01 sys=0.00, real=0.01 secs] 
2016-08-24T16:33:04.872+0000: 8703.794: Total time for which application threads were stopped: 0.0072926 seconds, Stopping threads took: 0.0000984 seconds
2016-08-24T16:33:04.914+0000: 8703.835: [GC (Allocation Failure) 8703.835: [ParNew
Desired survivor size 8716288 bytes, new threshold 6 (max 6)
- age   1:      80520 bytes,      80520 total
- age   2:       4632 bytes,      85152 total
- age   3:       1000 bytes,      86152 total
- age   5:        968 bytes,      87120 total
: 136383K->93K(153344K), 0.0064207 secs] 300460K->164172K(1031552K), 0.0065415 secs] [Times: user=0.02 sys=0.00, real=0.01 secs] 
2016-08-24T16:33:04.921+0000: 8703.842: Total time for which application threads were stopped: 0.0074285 seconds, Stopping threads took: 0.0000999 seconds
2016-08-24T16:33:10.684+0000: 8709.605: Total time for which application threads were stopped: 0.0017788 seconds, Stopping threads took: 0.0002219 seconds
2016-08-24T16:33:10.686+0000: 8709.607: Total time for which application threads were stopped: 0.0014539 seconds, Stopping threads took: 0.0001759 seconds
2016-08-24T16:33:10.688+0000: 8709.609: Total time for which application threads were stopped: 0.0015471 seconds, Stopping threads took: 0.0001769 seconds
2016-08-24T16:33:10.836+0000: 8709.758: Total time for which application threads were stopped: 0.0017559 seconds, Stopping threads took: 0.0001964 seconds
2016-08-24T16:33:10.838+0000: 8709.759: Total time for which application threads were stopped: 0.0015138 seconds, Stopping threads took: 0.0003094 seconds
2016-08-24T16:33:10.840+0000: 8709.761: Total time for which application threads were stopped: 0.0013818 seconds, Stopping threads took: 0.0002128 seconds
2016-08-24T16:33:13.838+0000: 8712.759: [GC (Allocation Failure) 8712.759: [ParNew
Desired survivor size 8716288 bytes, new threshold 6 (max 6)
- age   1:     870448 bytes,     870448 total
- age   3:        968 bytes,     871416 total
- age   4:        968 bytes,     872384 total
- age   6:        968 bytes,     873352 total
: 136413K->866K(153344K), 0.0084950 secs] 300492K->164944K(1031552K), 0.0086175 secs] [Times: user=0.01 sys=0.00, real=0.01 secs] 
2016-08-24T16:33:13.846+0000: 8712.768: Total time for which application threads were stopped: 0.0095750 seconds, Stopping threads took: 0.0001636 seconds
2016-08-24T16:33:13.892+0000: 8712.813: [GC (Allocation Failure) 8712.813: [ParNew
Desired survivor size 8716288 bytes, new threshold 6 (max 6)
- age   1:      71312 bytes,      71312 total
- age   2:     247864 bytes,     319176 total
- age   4:        968 bytes,     320144 total
- age   5:        968 bytes,     321112 total
: 137186K->348K(153344K), 0.0065822 secs] 301264K->164427K(1031552K), 0.0066949 secs] [Times: user=0.01 sys=0.00, real=0.00 secs] 
2016-08-24T16:33:13.899+0000: 8712.820: Total time for which application threads were stopped: 0.0075281 seconds, Stopping threads took: 0.0000870 seconds
2016-08-24T16:33:13.939+0000: 8712.861: [GC (Allocation Failure) 8712.861: [ParNew
Desired survivor size 8716288 bytes, new threshold 6 (max 6)
- age   1:      68760 bytes,      68760 total
- age   2:        320 bytes,      69080 total
- age   3:     242200 bytes,     311280 total
- age   5:        968 bytes,     312248 total
- age   6:        968 bytes,     313216 total
: 136668K->404K(153344K), 0.0065492 secs] 300747K->164483K(1031552K), 0.0066732 secs] [Times: user=0.02 sys=0.00, real=0.01 secs] 
2016-08-24T16:33:13.946+0000: 8712.868: Total time for which application threads were stopped: 0.0075201 seconds, Stopping threads took: 0.0001049 seconds
2016-08-24T16:33:13.985+0000: 8712.907: [GC (Allocation Failure) 8712.907: [ParNew
Desired survivor size 8716288 bytes, new threshold 6 (max 6)
- age   1:      74616 bytes,      74616 total
- age   2:       7104 bytes,      81720 total
- age   3:        320 bytes,      82040 total
- age   4:     242200 bytes,     324240 total
- age   6:        968 bytes,     325208 total
: 136724K->434K(153344K), 0.0058938 secs] 300803K->164514K(1031552K), 0.0059990 secs] [Times: user=0.01 sys=0.00, real=0.01 secs] 
2016-08-24T16:33:13.991+0000: 8712.913: Total time for which application threads were stopped: 0.0068499 seconds, Stopping threads took: 0.0000969 seconds
2016-08-24T16:33:14.031+0000: 8712.952: [GC (Allocation Failure) 8712.952: [ParNew
Desired survivor size 8716288 bytes, new threshold 6 (max 6)
- age   1:      60200 bytes,      60200 total
- age   3:       1096 bytes,      61296 total
- age   4:        320 bytes,      61616 total
- age   5:     240352 bytes,     301968 total
: 136754K->452K(153344K), 0.0059194 secs] 300834K->164533K(1031552K), 0.0060215 secs] [Times: user=0.01 sys=0.00, real=0.00 secs] 
2016-08-24T16:33:14.037+0000: 8712.958: Total time for which application threads were stopped: 0.0068223 seconds, Stopping threads took: 0.0000975 seconds
2016-08-24T16:33:14.075+0000: 8712.997: [GC (Allocation Failure) 8712.997: [ParNew
Desired survivor size 8716288 bytes, new threshold 6 (max 6)
- age   1:      64192 bytes,      64192 total
- age   2:       9608 bytes,      73800 total
- age   4:       1096 bytes,      74896 total
- age   5:        320 bytes,      75216 total
- age   6:     240352 bytes,     315568 total
: 136772K->431K(153344K), 0.0059208 secs] 300853K->164512K(1031552K), 0.0060228 secs] [Times: user=0.01 sys=0.00, real=0.01 secs] 
2016-08-24T16:33:14.081+0000: 8713.003: Total time for which application threads were stopped: 0.0068406 seconds, Stopping threads took: 0.0000978 seconds
2016-08-24T16:33:14.124+0000: 8713.045: [GC (Allocation Failure) 8713.045: [ParNew
Desired survivor size 8716288 bytes, new threshold 6 (max 6)
- age   1:      66992 bytes,      66992 total
- age   3:       1000 bytes,      67992 total
- age   5:       1064 bytes,      69056 total
- age   6:        320 bytes,      69376 total
: 136751K->308K(153344K), 0.0061934 secs] 300832K->164626K(1031552K), 0.0063135 secs] [Times: user=0.02 sys=0.00, real=0.01 secs] 
2016-08-24T16:33:14.130+0000: 8713.052: Total time for which application threads were stopped: 0.0072092 seconds, Stopping threads took: 0.0001144 seconds
2016-08-24T16:33:14.168+0000: 8713.089: [GC (Allocation Failure) 8713.089: [ParNew
Desired survivor size 8716288 bytes, new threshold 6 (max 6)
- age   1:      76104 bytes,      76104 total
- age   2:      13776 bytes,      89880 total
- age   4:       1000 bytes,      90880 total
- age   6:       1064 bytes,      91944 total
: 136628K->145K(153344K), 0.0051528 secs] 300946K->164465K(1031552K), 0.0052531 secs] [Times: user=0.01 sys=0.00, real=0.01 secs] 
2016-08-24T16:33:14.173+0000: 8713.095: Total time for which application threads were stopped: 0.0060599 seconds, Stopping threads took: 0.0001018 seconds
2016-08-24T16:33:14.213+0000: 8713.135: [GC (Allocation Failure) 8713.135: [ParNew
Desired survivor size 8716288 bytes, new threshold 6 (max 6)
- age   1:      75000 bytes,      75000 total
- age   3:       1000 bytes,      76000 total
- age   5:       1000 bytes,      77000 total
: 136465K->91K(153344K), 0.0054302 secs] 300785K->164411K(1031552K), 0.0055419 secs] [Times: user=0.01 sys=0.00, real=0.00 secs] 
2016-08-24T16:33:14.219+0000: 8713.141: Total time for which application threads were stopped: 0.0063716 seconds, Stopping threads took: 0.0001000 seconds
2016-08-24T16:33:14.257+0000: 8713.179: [GC (Allocation Failure) 8713.179: [ParNew
Desired survivor size 8716288 bytes, new threshold 6 (max 6)
- age   1:      83912 bytes,      83912 total
- age   2:      15264 bytes,      99176 total
- age   4:       1000 bytes,     100176 total
- age   6:       1000 bytes,     101176 total
: 136411K->136K(153344K), 0.0056740 secs] 300731K->164456K(1031552K), 0.0058024 secs] [Times: user=0.02 sys=0.00, real=0.01 secs] 
2016-08-24T16:33:14.263+0000: 8713.185: Total time for which application threads were stopped: 0.0066385 seconds, Stopping threads took: 0.0000989 seconds
2016-08-24T16:33:14.302+0000: 8713.224: [GC (Allocation Failure) 8713.224: [ParNew
Desired survivor size 8716288 bytes, new threshold 6 (max 6)
- age   1:      76776 bytes,      76776 total
- age   3:       1000 bytes,      77776 total
- age   5:        968 bytes,      78744 total
: 136456K->93K(153344K), 0.0054806 secs] 300776K->164414K(1031552K), 0.0055659 secs] [Times: user=0.01 sys=0.00, real=0.00 secs] 
2016-08-24T16:33:14.308+0000: 8713.230: Total time for which application threads were stopped: 0.0063491 seconds, Stopping threads took: 0.0001027 seconds
2016-08-24T16:33:14.347+0000: 8713.269: [GC (Allocation Failure) 8713.269: [ParNew
Desired survivor size 8716288 bytes, new threshold 6 (max 6)
- age   1:      82576 bytes,      82576 total
- age   2:      19040 bytes,     101616 total
- age   4:       1000 bytes,     102616 total
- age   6:        968 bytes,     103584 total
: 136413K->126K(153344K), 0.0066145 secs] 300734K->164447K(1031552K), 0.0067727 secs] [Times: user=0.02 sys=0.00, real=0.01 secs] 
2016-08-24T16:33:14.354+0000: 8713.276: Total time for which application threads were stopped: 0.0078478 seconds, Stopping threads took: 0.0001082 seconds
2016-08-24T16:33:24.467+0000: 8723.389: [GC (Allocation Failure) 8723.389: [ParNew
Desired survivor size 8716288 bytes, new threshold 6 (max 6)
- age   1:    1393984 bytes,    1393984 total
- age   3:        968 bytes,    1394952 total
- age   5:        968 bytes,    1395920 total
: 136446K->1381K(153344K), 0.0084253 secs] 300767K->165703K(1031552K), 0.0085517 secs] [Times: user=0.01 sys=0.00, real=0.01 secs] 
2016-08-24T16:33:24.476+0000: 8723.397: Total time for which application threads were stopped: 0.0093949 seconds, Stopping threads took: 0.0000986 seconds
2016-08-24T16:33:24.516+0000: 8723.438: [GC (Allocation Failure) 8723.438: [ParNew
Desired survivor size 8716288 bytes, new threshold 6 (max 6)
- age   1:      81784 bytes,      81784 total
- age   2:     321552 bytes,     403336 total
- age   4:        968 bytes,     404304 total
- age   6:        968 bytes,     405272 total
: 137701K->555K(153344K), 0.0057886 secs] 302023K->164877K(1031552K), 0.0059124 secs] [Times: user=0.01 sys=0.00, real=0.01 secs] 
2016-08-24T16:33:24.522+0000: 8723.444: Total time for which application threads were stopped: 0.0067396 seconds, Stopping threads took: 0.0000992 seconds
2016-08-24T16:33:24.564+0000: 8723.485: [GC (Allocation Failure) 8723.485: [ParNew
Desired survivor size 8716288 bytes, new threshold 6 (max 6)
- age   1:      74232 bytes,      74232 total
- age   2:        168 bytes,      74400 total
- age   3:     302544 bytes,     376944 total
- age   5:        968 bytes,     377912 total
: 136875K->537K(153344K), 0.0063211 secs] 301197K->164860K(1031552K), 0.0064524 secs] [Times: user=0.01 sys=0.00, real=0.01 secs] 
2016-08-24T16:33:24.570+0000: 8723.492: Total time for which application threads were stopped: 0.0074201 seconds, Stopping threads took: 0.0001525 seconds
2016-08-24T16:33:24.610+0000: 8723.532: [GC (Allocation Failure) 8723.532: [ParNew
Desired survivor size 8716288 bytes, new threshold 6 (max 6)
- age   1:      90344 bytes,      90344 total
- age   2:      20688 bytes,     111032 total
- age   3:        168 bytes,     111200 total
- age   4:     302544 bytes,     413744 total
- age   6:        968 bytes,     414712 total
: 136857K->539K(153344K), 0.0065084 secs] 301180K->164862K(1031552K), 0.0066389 secs] [Times: user=0.02 sys=0.00, real=0.00 secs] 
2016-08-24T16:33:24.617+0000: 8723.539: Total time for which application threads were stopped: 0.0074908 seconds, Stopping threads took: 0.0000993 seconds
2016-08-24T16:33:24.659+0000: 8723.580: [GC (Allocation Failure) 8723.580: [ParNew
Desired survivor size 8716288 bytes, new threshold 6 (max 6)
- age   1:      89096 bytes,      89096 total
- age   3:       1096 bytes,      90192 total
- age   4:        168 bytes,      90360 total
- age   5:     300696 bytes,     391056 total
: 136859K->578K(153344K), 0.0063772 secs] 301182K->164902K(1031552K), 0.0064951 secs] [Times: user=0.01 sys=0.00, real=0.01 secs] 
2016-08-24T16:33:24.665+0000: 8723.587: Total time for which application threads were stopped: 0.0073447 seconds, Stopping threads took: 0.0001030 seconds
2016-08-24T16:33:24.707+0000: 8723.629: [GC (Allocation Failure) 8723.629: [ParNew
Desired survivor size 8716288 bytes, new threshold 6 (max 6)
- age   1:      56136 bytes,      56136 total
- age   2:       1000 bytes,      57136 total
- age   4:       1064 bytes,      58200 total
- age   5:        168 bytes,      58368 total
- age   6:     298880 bytes,     357248 total
: 136898K->558K(153344K), 0.0064136 secs] 301222K->164882K(1031552K), 0.0065327 secs] [Times: user=0.02 sys=0.00, real=0.01 secs] 
2016-08-24T16:33:24.714+0000: 8723.635: Total time for which application threads were stopped: 0.0073790 seconds, Stopping threads took: 0.0000985 seconds
2016-08-24T16:33:24.754+0000: 8723.676: [GC (Allocation Failure) 8723.676: [ParNew
Desired survivor size 8716288 bytes, new threshold 6 (max 6)
- age   1:      76984 bytes,      76984 total
- age   2:       4976 bytes,      81960 total
- age   3:       1000 bytes,      82960 total
- age   5:       1064 bytes,      84024 total
- age   6:        168 bytes,      84192 total
: 136878K->356K(153344K), 0.0069627 secs] 301202K->164977K(1031552K), 0.0070807 secs] [Times: user=0.01 sys=0.00, real=0.01 secs] 
2016-08-24T16:33:24.761+0000: 8723.683: Total time for which application threads were stopped: 0.0079649 seconds, Stopping threads took: 0.0001048 seconds
2016-08-24T16:33:24.803+0000: 8723.725: [GC (Allocation Failure) 8723.725: [ParNew
Desired survivor size 8716288 bytes, new threshold 6 (max 6)
- age   1:      72080 bytes,      72080 total
- age   3:       1000 bytes,      73080 total
- age   4:        968 bytes,      74048 total
- age   6:       1064 bytes,      75112 total
: 136676K->124K(153344K), 0.0061062 secs] 301297K->164746K(1031552K), 0.0062235 secs] [Times: user=0.02 sys=0.00, real=0.01 secs] 
2016-08-24T16:33:24.809+0000: 8723.731: Total time for which application threads were stopped: 0.0070837 seconds, Stopping threads took: 0.0001293 seconds
2016-08-24T16:33:24.850+0000: 8723.771: [GC (Allocation Failure) 8723.771: [ParNew
Desired survivor size 8716288 bytes, new threshold 6 (max 6)
- age   1:      67128 bytes,      67128 total
- age   2:       8656 bytes,      75784 total
- age   4:       1000 bytes,      76784 total
- age   5:        968 bytes,      77752 total
: 136444K->89K(153344K), 0.0053780 secs] 301066K->164712K(1031552K), 0.0054709 secs] [Times: user=0.01 sys=0.00, real=0.00 secs] 
2016-08-24T16:33:24.855+0000: 8723.777: Total time for which application threads were stopped: 0.0062658 seconds, Stopping threads took: 0.0001058 seconds
2016-08-24T16:33:24.894+0000: 8723.816: [GC (Allocation Failure) 8723.816: [ParNew
Desired survivor size 8716288 bytes, new threshold 6 (max 6)
- age   1:      72280 bytes,      72280 total
- age   3:       1000 bytes,      73280 total
- age   5:       1000 bytes,      74280 total
- age   6:        968 bytes,      75248 total
: 136409K->96K(153344K), 0.0054531 secs] 301032K->164719K(1031552K), 0.0055681 secs] [Times: user=0.01 sys=0.00, real=0.00 secs] 
2016-08-24T16:33:24.900+0000: 8723.822: Total time for which application threads were stopped: 0.0064236 seconds, Stopping threads took: 0.0001000 seconds
2016-08-24T16:33:24.941+0000: 8723.862: [GC (Allocation Failure) 8723.862: [ParNew
Desired survivor size 8716288 bytes, new threshold 6 (max 6)
- age   1:      71656 bytes,      71656 total
- age   2:      11952 bytes,      83608 total
- age   4:       1000 bytes,      84608 total
- age   6:       1000 bytes,      85608 total
: 136416K->114K(153344K), 0.0056117 secs] 301039K->164738K(1031552K), 0.0057116 secs] [Times: user=0.01 sys=0.00, real=0.00 secs] 
2016-08-24T16:33:24.947+0000: 8723.868: Total time for which application threads were stopped: 0.0065769 seconds, Stopping threads took: 0.0001351 seconds
2016-08-24T16:33:27.949+0000: 8726.871: Total time for which application threads were stopped: 0.0019309 seconds, Stopping threads took: 0.0002695 seconds
2016-08-24T16:33:34.395+0000: 8733.316: [GC (Allocation Failure) 8733.316: [ParNew
Desired survivor size 8716288 bytes, new threshold 6 (max 6)
- age   1:     998856 bytes,     998856 total
- age   3:        968 bytes,     999824 total
- age   5:        968 bytes,    1000792 total
: 136434K->1004K(153344K), 0.0079022 secs] 301058K->165629K(1031552K), 0.0080299 secs] [Times: user=0.01 sys=0.00, real=0.01 secs] 
2016-08-24T16:33:34.403+0000: 8733.324: Total time for which application threads were stopped: 0.0089121 seconds, Stopping threads took: 0.0001255 seconds
2016-08-24T16:33:34.441+0000: 8733.363: [GC (Allocation Failure) 8733.363: [ParNew
Desired survivor size 8716288 bytes, new threshold 6 (max 6)
- age   1:      83464 bytes,      83464 total
- age   2:     274904 bytes,     358368 total
- age   4:        968 bytes,     359336 total
- age   6:        968 bytes,     360304 total
: 137324K->525K(153344K), 0.0058695 secs] 301949K->165150K(1031552K), 0.0059860 secs] [Times: user=0.01 sys=0.00, real=0.00 secs] 
2016-08-24T16:33:34.448+0000: 8733.369: Total time for which application threads were stopped: 0.0067797 seconds, Stopping threads took: 0.0000994 seconds
2016-08-24T16:33:34.489+0000: 8733.410: [GC (Allocation Failure) 8733.410: [ParNew
Desired survivor size 8716288 bytes, new threshold 6 (max 6)
- age   1:      69968 bytes,      69968 total
- age   3:     262632 bytes,     332600 total
- age   5:        968 bytes,     333568 total
: 136845K->482K(153344K), 0.0058118 secs] 301470K->165107K(1031552K), 0.0059167 secs] [Times: user=0.01 sys=0.00, real=0.00 secs] 
2016-08-24T16:33:34.495+0000: 8733.416: Total time for which application threads were stopped: 0.0067867 seconds, Stopping threads took: 0.0001014 seconds
2016-08-24T16:33:34.533+0000: 8733.454: [GC (Allocation Failure) 8733.454: [ParNew
Desired survivor size 8716288 bytes, new threshold 6 (max 6)
- age   1:      64344 bytes,      64344 total
- age   2:      14184 bytes,      78528 total
- age   4:     262056 bytes,     340584 total
- age   6:        968 bytes,     341552 total
: 136802K->472K(153344K), 0.0059856 secs] 301427K->165098K(1031552K), 0.0060953 secs] [Times: user=0.01 sys=0.00, real=0.00 secs] 
2016-08-24T16:33:34.539+0000: 8733.461: Total time for which application threads were stopped: 0.0069281 seconds, Stopping threads took: 0.0001008 seconds
2016-08-24T16:33:34.580+0000: 8733.501: [GC (Allocation Failure) 8733.501: [ParNew
Desired survivor size 8716288 bytes, new threshold 6 (max 6)
- age   1:      65792 bytes,      65792 total
- age   2:        248 bytes,      66040 total
- age   3:       1096 bytes,      67136 total
- age   5:     260208 bytes,     327344 total
: 136792K->330K(153344K), 0.0068856 secs] 301418K->164957K(1031552K), 0.0070073 secs] [Times: user=0.02 sys=0.00, real=0.01 secs] 
2016-08-24T16:33:34.587+0000: 8733.509: Total time for which application threads were stopped: 0.0078909 seconds, Stopping threads took: 0.0001063 seconds
2016-08-24T16:33:34.626+0000: 8733.547: [GC (Allocation Failure) 8733.547: [ParNew
Desired survivor size 8716288 bytes, new threshold 6 (max 6)
- age   1:      71248 bytes,      71248 total
- age   2:      17280 bytes,      88528 total
- age   3:        248 bytes,      88776 total
- age   4:       1096 bytes,      89872 total
- age   6:     260208 bytes,     350080 total
: 136650K->468K(153344K), 0.0063732 secs] 301277K->165095K(1031552K), 0.0065106 secs] [Times: user=0.01 sys=0.00, real=0.01 secs] 
2016-08-24T16:33:34.632+0000: 8733.554: Total time for which application threads were stopped: 0.0073850 seconds, Stopping threads took: 0.0000980 seconds
2016-08-24T16:33:34.675+0000: 8733.597: [GC (Allocation Failure) 8733.597: [ParNew
Desired survivor size 8716288 bytes, new threshold 6 (max 6)
- age   1:      76688 bytes,      76688 total
- age   3:       1000 bytes,      77688 total
- age   4:        248 bytes,      77936 total
- age   5:       1064 bytes,      79000 total
: 136788K->336K(153344K), 0.0071012 secs] 301415K->165220K(1031552K), 0.0072005 secs] [Times: user=0.02 sys=0.00, real=0.01 secs] 
2016-08-24T16:33:34.683+0000: 8733.604: Total time for which application threads were stopped: 0.0080314 seconds, Stopping threads took: 0.0001029 seconds
2016-08-24T16:33:34.723+0000: 8733.645: [GC (Allocation Failure) 8733.645: [ParNew
Desired survivor size 8716288 bytes, new threshold 6 (max 6)
- age   1:      62928 bytes,      62928 total
- age   2:      20016 bytes,      82944 total
- age   4:       1000 bytes,      83944 total
- age   5:        248 bytes,      84192 total
- age   6:       1064 bytes,      85256 total
: 136656K->160K(153344K), 0.0062806 secs] 301540K->165044K(1031552K), 0.0064035 secs] [Times: user=0.01 sys=0.00, real=0.01 secs] 
2016-08-24T16:33:34.730+0000: 8733.651: Total time for which application threads were stopped: 0.0072861 seconds, Stopping threads took: 0.0001024 seconds
2016-08-24T16:33:34.773+0000: 8733.694: [GC (Allocation Failure) 8733.694: [ParNew
Desired survivor size 8716288 bytes, new threshold 6 (max 6)
- age   1:      72920 bytes,      72920 total
- age   3:       1000 bytes,      73920 total
- age   5:        968 bytes,      74888 total
- age   6:        176 bytes,      75064 total
: 136480K->86K(153344K), 0.0057149 secs] 301364K->164972K(1031552K), 0.0058215 secs] [Times: user=0.01 sys=0.00, real=0.00 secs] 
2016-08-24T16:33:34.779+0000: 8733.700: Total time for which application threads were stopped: 0.0066988 seconds, Stopping threads took: 0.0001154 seconds
2016-08-24T16:33:34.821+0000: 8733.743: [GC (Allocation Failure) 8733.743: [ParNew
Desired survivor size 8716288 bytes, new threshold 6 (max 6)
- age   1:      56776 bytes,      56776 total
- age   2:       1248 bytes,      58024 total
- age   4:        968 bytes,      58992 total
- age   6:        968 bytes,      59960 total
: 136406K->70K(153344K), 0.0059238 secs] 301292K->164956K(1031552K), 0.0060142 secs] [Times: user=0.01 sys=0.00, real=0.00 secs] 
2016-08-24T16:33:34.827+0000: 8733.749: Total time for which application threads were stopped: 0.0068237 seconds, Stopping threads took: 0.0001197 seconds
2016-08-24T16:33:34.867+0000: 8733.788: [GC (Allocation Failure) 8733.788: [ParNew
Desired survivor size 8716288 bytes, new threshold 6 (max 6)
- age   1:      73200 bytes,      73200 total
- age   2:       4856 bytes,      78056 total
- age   3:       1248 bytes,      79304 total
- age   5:        968 bytes,      80272 total
: 136390K->86K(153344K), 0.0065780 secs] 301276K->164973K(1031552K), 0.0067011 secs] [Times: user=0.01 sys=0.00, real=0.01 secs] 
2016-08-24T16:33:34.874+0000: 8733.795: Total time for which application threads were stopped: 0.0075567 seconds, Stopping threads took: 0.0000956 seconds
2016-08-24T16:33:44.567+0000: 8743.489: [GC (Allocation Failure) 8743.489: [ParNew
Desired survivor size 8716288 bytes, new threshold 6 (max 6)
- age   1:    1037696 bytes,    1037696 total
- age   3:        968 bytes,    1038664 total
- age   4:       1096 bytes,    1039760 total
- age   6:        968 bytes,    1040728 total
: 136406K->1047K(153344K), 0.0080252 secs] 301293K->165934K(1031552K), 0.0081571 secs] [Times: user=0.02 sys=0.00, real=0.01 secs] 
2016-08-24T16:33:44.576+0000: 8743.497: Total time for which application threads were stopped: 0.0090489 seconds, Stopping threads took: 0.0001151 seconds
2016-08-24T16:33:44.616+0000: 8743.538: [GC (Allocation Failure) 8743.538: [ParNew
Desired survivor size 8716288 bytes, new threshold 6 (max 6)
- age   1:      77712 bytes,      77712 total
- age   2:     284424 bytes,     362136 total
- age   4:        968 bytes,     363104 total
- age   5:       1096 bytes,     364200 total
: 137367K->472K(153344K), 0.0071169 secs] 302254K->165360K(1031552K), 0.0073321 secs] [Times: user=0.01 sys=0.00, real=0.01 secs] 
2016-08-24T16:33:44.624+0000: 8743.545: Total time for which application threads were stopped: 0.0083699 seconds, Stopping threads took: 0.0001085 seconds
2016-08-24T16:33:44.665+0000: 8743.586: [GC (Allocation Failure) 8743.587: [ParNew
Desired survivor size 8716288 bytes, new threshold 6 (max 6)
- age   1:      53312 bytes,      53312 total
- age   2:         72 bytes,      53384 total
- age   3:     278640 bytes,     332024 total
- age   5:        968 bytes,     332992 total
- age   6:       1096 bytes,     334088 total
: 136792K->457K(153344K), 0.0073683 secs] 301680K->165344K(1031552K), 0.0075071 secs] [Times: user=0.02 sys=0.00, real=0.01 secs] 
2016-08-24T16:33:44.673+0000: 8743.594: Total time for which application threads were stopped: 0.0086623 seconds, Stopping threads took: 0.0001077 seconds
2016-08-24T16:33:44.713+0000: 8743.634: [GC (Allocation Failure) 8743.635: [ParNew
Desired survivor size 8716288 bytes, new threshold 6 (max 6)
- age   1:      79672 bytes,      79672 total
- age   2:       7648 bytes,      87320 total
- age   3:         72 bytes,      87392 total
- age   4:     278640 bytes,     366032 total
- age   6:        968 bytes,     367000 total
: 136777K->470K(153344K), 0.0077238 secs] 301664K->165358K(1031552K), 0.0078878 secs] [Times: user=0.01 sys=0.00, real=0.01 secs] 
2016-08-24T16:33:44.721+0000: 8743.643: Total time for which application threads were stopped: 0.0090441 seconds, Stopping threads took: 0.0001151 seconds
2016-08-24T16:33:44.764+0000: 8743.685: [GC (Allocation Failure) 8743.686: [ParNew
Desired survivor size 8716288 bytes, new threshold 6 (max 6)
- age   1:      75592 bytes,      75592 total
- age   3:       1096 bytes,      76688 total
- age   4:         72 bytes,      76760 total
- age   5:     276792 bytes,     353552 total
: 136790K->506K(153344K), 0.0071893 secs] 301678K->165396K(1031552K), 0.0073335 secs] [Times: user=0.01 sys=0.00, real=0.01 secs] 
2016-08-24T16:33:44.771+0000: 8743.693: Total time for which application threads were stopped: 0.0082945 seconds, Stopping threads took: 0.0001233 seconds
2016-08-24T16:33:44.813+0000: 8743.734: [GC (Allocation Failure) 8743.734: [ParNew
Desired survivor size 8716288 bytes, new threshold 6 (max 6)
- age   1:      68456 bytes,      68456 total
- age   2:      10288 bytes,      78744 total
- age   4:       1096 bytes,      79840 total
- age   5:         72 bytes,      79912 total
- age   6:     276792 bytes,     356704 total
: 136826K->503K(153344K), 0.0071163 secs] 301716K->165393K(1031552K), 0.0072775 secs] [Times: user=0.02 sys=0.00, real=0.00 secs] 
2016-08-24T16:33:44.820+0000: 8743.742: Total time for which application threads were stopped: 0.0084410 seconds, Stopping threads took: 0.0001354 seconds
2016-08-24T16:33:44.864+0000: 8743.785: [GC (Allocation Failure) 8743.785: [ParNew
Desired survivor size 8716288 bytes, new threshold 6 (max 6)
- age   1:      72440 bytes,      72440 total
- age   3:       1000 bytes,      73440 total
- age   5:       1064 bytes,      74504 total
- age   6:         72 bytes,      74576 total
: 136823K->350K(153344K), 0.0077988 secs] 301713K->165513K(1031552K), 0.0079367 secs] [Times: user=0.01 sys=0.00, real=0.01 secs] 
2016-08-24T16:33:44.872+0000: 8743.793: Total time for which application threads were stopped: 0.0088277 seconds, Stopping threads took: 0.0001186 seconds
2016-08-24T16:33:44.912+0000: 8743.834: [GC (Allocation Failure) 8743.834: [ParNew
Desired survivor size 8716288 bytes, new threshold 6 (max 6)
- age   1:      79136 bytes,      79136 total
- age   2:      14088 bytes,      93224 total
- age   4:       1000 bytes,      94224 total
- age   6:       1064 bytes,      95288 total
: 136670K->119K(153344K), 0.0059195 secs] 301833K->165282K(1031552K), 0.0060693 secs] [Times: user=0.01 sys=0.00, real=0.00 secs] 
2016-08-24T16:33:44.919+0000: 8743.840: Total time for which application threads were stopped: 0.0071252 seconds, Stopping threads took: 0.0001107 seconds
2016-08-24T16:33:44.962+0000: 8743.883: [GC (Allocation Failure) 8743.883: [ParNew
Desired survivor size 8716288 bytes, new threshold 6 (max 6)
- age   1:      64768 bytes,      64768 total
- age   3:       1000 bytes,      65768 total
- age   5:        968 bytes,      66736 total
: 136439K->98K(153344K), 0.0060145 secs] 301602K->165262K(1031552K), 0.0061366 secs] [Times: user=0.01 sys=0.00, real=0.00 secs] 
2016-08-24T16:33:44.968+0000: 8743.890: Total time for which application threads were stopped: 0.0069998 seconds, Stopping threads took: 0.0001063 seconds
2016-08-24T16:33:45.007+0000: 8743.928: [GC (Allocation Failure) 8743.929: [ParNew
Desired survivor size 8716288 bytes, new threshold 6 (max 6)
- age   1:      62376 bytes,      62376 total
- age   2:      16360 bytes,      78736 total
- age   4:       1000 bytes,      79736 total
- age   6:        968 bytes,      80704 total
: 136418K->91K(153344K), 0.0058097 secs] 301582K->165255K(1031552K), 0.0059591 secs] [Times: user=0.01 sys=0.00, real=0.01 secs] 
2016-08-24T16:33:45.013+0000: 8743.935: Total time for which application threads were stopped: 0.0067957 seconds, Stopping threads took: 0.0001350 seconds
2016-08-24T16:33:45.054+0000: 8743.975: [GC (Allocation Failure) 8743.975: [ParNew
Desired survivor size 8716288 bytes, new threshold 6 (max 6)
- age   1:      64144 bytes,      64144 total
- age   3:       1000 bytes,      65144 total
- age   5:        968 bytes,      66112 total
: 136411K->75K(153344K), 0.0060815 secs] 301575K->165240K(1031552K), 0.0062297 secs] [Times: user=0.01 sys=0.00, real=0.00 secs] 
2016-08-24T16:33:45.060+0000: 8743.982: Total time for which application threads were stopped: 0.0071186 seconds, Stopping threads took: 0.0000979 seconds
2016-08-24T16:33:45.102+0000: 8744.024: [GC (Allocation Failure) 8744.024: [ParNew
Desired survivor size 8716288 bytes, new threshold 6 (max 6)
- age   1:      69896 bytes,      69896 total
- age   2:      19336 bytes,      89232 total
- age   4:       1000 bytes,      90232 total
- age   6:        968 bytes,      91200 total
: 136395K->114K(153344K), 0.0063572 secs] 301560K->165280K(1031552K), 0.0064884 secs] [Times: user=0.02 sys=0.00, real=0.01 secs] 
2016-08-24T16:33:45.109+0000: 8744.030: Total time for which application threads were stopped: 0.0074684 seconds, Stopping threads took: 0.0001251 seconds
2016-08-24T16:33:50.111+0000: 8749.033: Total time for which application threads were stopped: 0.0017507 seconds, Stopping threads took: 0.0002538 seconds
2016-08-24T16:33:54.386+0000: 8753.307: [GC (Allocation Failure) 8753.307: [ParNew
Desired survivor size 8716288 bytes, new threshold 6 (max 6)
- age   1:    1168120 bytes,    1168120 total
- age   3:        968 bytes,    1169088 total
- age   5:        968 bytes,    1170056 total
: 136434K->1169K(153344K), 0.0079908 secs] 301600K->166335K(1031552K), 0.0081284 secs] [Times: user=0.01 sys=0.00, real=0.01 secs] 
2016-08-24T16:33:54.394+0000: 8753.316: Total time for which application threads were stopped: 0.0090724 seconds, Stopping threads took: 0.0001288 seconds
2016-08-24T16:33:54.432+0000: 8753.353: [GC (Allocation Failure) 8753.353: [ParNew
Desired survivor size 8716288 bytes, new threshold 6 (max 6)
- age   1:      66688 bytes,      66688 total
- age   2:     342192 bytes,     408880 total
- age   4:        968 bytes,     409848 total
- age   6:        968 bytes,     410816 total
: 137489K->442K(153344K), 0.0059984 secs] 302655K->165608K(1031552K), 0.0061032 secs] [Times: user=0.01 sys=0.00, real=0.00 secs] 
2016-08-24T16:33:54.438+0000: 8753.360: Total time for which application threads were stopped: 0.0069202 seconds, Stopping threads took: 0.0000973 seconds
2016-08-24T16:33:54.479+0000: 8753.401: [GC (Allocation Failure) 8753.401: [ParNew
Desired survivor size 8716288 bytes, new threshold 6 (max 6)
- age   1:      72896 bytes,      72896 total
- age   2:         72 bytes,      72968 total
- age   3:     322272 bytes,     395240 total
- age   5:        968 bytes,     396208 total
: 136762K->551K(153344K), 0.0060000 secs] 301928K->165718K(1031552K), 0.0061135 secs] [Times: user=0.01 sys=0.00, real=0.01 secs] 
2016-08-24T16:33:54.485+0000: 8753.407: Total time for which application threads were stopped: 0.0069580 seconds, Stopping threads took: 0.0001297 seconds
2016-08-24T16:33:54.525+0000: 8753.446: [GC (Allocation Failure) 8753.447: [ParNew
Desired survivor size 8716288 bytes, new threshold 6 (max 6)
- age   1:      70704 bytes,      70704 total
- age   2:       1096 bytes,      71800 total
- age   3:         72 bytes,      71872 total
- age   4:     319920 bytes,     391792 total
- age   6:        968 bytes,     392760 total
: 136871K->562K(153344K), 0.0061050 secs] 302038K->165729K(1031552K), 0.0062079 secs] [Times: user=0.02 sys=0.00, real=0.01 secs] 
2016-08-24T16:33:54.531+0000: 8753.453: Total time for which application threads were stopped: 0.0069932 seconds, Stopping threads took: 0.0000922 seconds
2016-08-24T16:33:54.572+0000: 8753.493: [GC (Allocation Failure) 8753.493: [ParNew
Desired survivor size 8716288 bytes, new threshold 6 (max 6)
- age   1:      66864 bytes,      66864 total
- age   2:       4440 bytes,      71304 total
- age   3:       1096 bytes,      72400 total
- age   4:         72 bytes,      72472 total
- age   5:     319920 bytes,     392392 total
: 136882K->555K(153344K), 0.0066102 secs] 302049K->165723K(1031552K), 0.0067253 secs] [Times: user=0.01 sys=0.00, real=0.00 secs] 
2016-08-24T16:33:54.579+0000: 8753.500: Total time for which application threads were stopped: 0.0075717 seconds, Stopping threads took: 0.0001008 seconds
2016-08-24T16:33:54.620+0000: 8753.542: [GC (Allocation Failure) 8753.542: [ParNew
Desired survivor size 8716288 bytes, new threshold 6 (max 6)
- age   1:      70608 bytes,      70608 total
- age   3:       1336 bytes,      71944 total
- age   4:       1064 bytes,      73008 total
- age   5:         72 bytes,      73080 total
- age   6:     318104 bytes,     391184 total
: 136875K->555K(153344K), 0.0067062 secs] 302043K->165723K(1031552K), 0.0068337 secs] [Times: user=0.01 sys=0.00, real=0.01 secs] 
2016-08-24T16:33:54.627+0000: 8753.548: Total time for which application threads were stopped: 0.0077150 seconds, Stopping threads took: 0.0001004 seconds
2016-08-24T16:33:54.668+0000: 8753.590: [GC (Allocation Failure) 8753.590: [ParNew
Desired survivor size 8716288 bytes, new threshold 6 (max 6)
- age   1:      78616 bytes,      78616 total
- age   2:       6416 bytes,      85032 total
- age   4:       1336 bytes,      86368 total
- age   5:       1064 bytes,      87432 total
- age   6:         72 bytes,      87504 total
: 136875K->383K(153344K), 0.0075427 secs] 302043K->165869K(1031552K), 0.0076591 secs] [Times: user=0.01 sys=0.00, real=0.01 secs] 
2016-08-24T16:33:54.676+0000: 8753.597: Total time for which application threads were stopped: 0.0084793 seconds, Stopping threads took: 0.0001052 seconds
2016-08-24T16:33:54.718+0000: 8753.639: [GC (Allocation Failure) 8753.639: [ParNew
Desired survivor size 8716288 bytes, new threshold 6 (max 6)
- age   1:      52760 bytes,      52760 total
- age   3:       1000 bytes,      53760 total
- age   5:       1304 bytes,      55064 total
- age   6:       1064 bytes,      56128 total
: 136703K->131K(153344K), 0.0056923 secs] 302189K->165617K(1031552K), 0.0058055 secs] [Times: user=0.01 sys=0.00, real=0.01 secs] 
2016-08-24T16:33:54.724+0000: 8753.645: Total time for which application threads were stopped: 0.0066298 seconds, Stopping threads took: 0.0000993 seconds
2016-08-24T16:33:54.764+0000: 8753.686: [GC (Allocation Failure) 8753.686: [ParNew
Desired survivor size 8716288 bytes, new threshold 6 (max 6)
- age   1:      82944 bytes,      82944 total
- age   2:       9608 bytes,      92552 total
- age   4:       1000 bytes,      93552 total
- age   6:       1304 bytes,      94856 total
: 136451K->121K(153344K), 0.0058187 secs] 301937K->165608K(1031552K), 0.0059343 secs] [Times: user=0.01 sys=0.00, real=0.01 secs] 
2016-08-24T16:33:54.770+0000: 8753.692: Total time for which application threads were stopped: 0.0067655 seconds, Stopping threads took: 0.0001006 seconds
2016-08-24T16:33:54.810+0000: 8753.731: [GC (Allocation Failure) 8753.731: [ParNew
Desired survivor size 8716288 bytes, new threshold 6 (max 6)
- age   1:      64304 bytes,      64304 total
- age   3:       1000 bytes,      65304 total
- age   5:        968 bytes,      66272 total
: 136441K->88K(153344K), 0.0060789 secs] 301928K->165576K(1031552K), 0.0062013 secs] [Times: user=0.01 sys=0.00, real=0.00 secs] 
2016-08-24T16:33:54.816+0000: 8753.738: Total time for which application threads were stopped: 0.0070501 seconds, Stopping threads took: 0.0000855 seconds
2016-08-24T16:33:54.858+0000: 8753.779: [GC (Allocation Failure) 8753.779: [ParNew
Desired survivor size 8716288 bytes, new threshold 6 (max 6)
- age   1:      70880 bytes,      70880 total
- age   2:      13104 bytes,      83984 total
- age   4:       1000 bytes,      84984 total
- age   6:        968 bytes,      85952 total
: 136408K->107K(153344K), 0.0057104 secs] 301896K->165595K(1031552K), 0.0058088 secs] [Times: user=0.01 sys=0.00, real=0.01 secs] 
2016-08-24T16:33:54.864+0000: 8753.785: Total time for which application threads were stopped: 0.0066160 seconds, Stopping threads took: 0.0001046 seconds
2016-08-24T16:33:55.866+0000: 8754.787: Total time for which application threads were stopped: 0.0018522 seconds, Stopping threads took: 0.0002689 seconds
2016-08-24T16:34:04.572+0000: 8763.494: [GC (Allocation Failure) 8763.494: [ParNew
Desired survivor size 8716288 bytes, new threshold 6 (max 6)
- age   1:     953600 bytes,     953600 total
- age   3:        968 bytes,     954568 total
- age   5:        968 bytes,     955536 total
: 136427K->955K(153344K), 0.0073868 secs] 301915K->166445K(1031552K), 0.0075473 secs] [Times: user=0.01 sys=0.00, real=0.00 secs] 
2016-08-24T16:34:04.580+0000: 8763.501: Total time for which application threads were stopped: 0.0083763 seconds, Stopping threads took: 0.0001012 seconds
2016-08-24T16:34:04.618+0000: 8763.539: [GC (Allocation Failure) 8763.539: [ParNew
Desired survivor size 8716288 bytes, new threshold 6 (max 6)
- age   1:      85632 bytes,      85632 total
- age   2:     270912 bytes,     356544 total
- age   4:        968 bytes,     357512 total
- age   6:        968 bytes,     358480 total
: 137275K->489K(153344K), 0.0058741 secs] 302765K->165978K(1031552K), 0.0059795 secs] [Times: user=0.01 sys=0.00, real=0.01 secs] 
2016-08-24T16:34:04.624+0000: 8763.545: Total time for which application threads were stopped: 0.0067839 seconds, Stopping threads took: 0.0001020 seconds
2016-08-24T16:34:04.666+0000: 8763.587: [GC (Allocation Failure) 8763.587: [ParNew
Desired survivor size 8716288 bytes, new threshold 6 (max 6)
- age   1:      57672 bytes,      57672 total
- age   2:        160 bytes,      57832 total
- age   3:     257200 bytes,     315032 total
- age   5:        968 bytes,     316000 total
: 136809K->472K(153344K), 0.0059521 secs] 302298K->165962K(1031552K), 0.0060576 secs] [Times: user=0.01 sys=0.00, real=0.01 secs] 
2016-08-24T16:34:04.672+0000: 8763.593: Total time for which application threads were stopped: 0.0069008 seconds, Stopping threads took: 0.0001203 seconds
2016-08-24T16:34:04.711+0000: 8763.633: [GC (Allocation Failure) 8763.633: [ParNew
Desired survivor size 8716288 bytes, new threshold 6 (max 6)
- age   1:      82568 bytes,      82568 total
- age   2:      14800 bytes,      97368 total
- age   3:        160 bytes,      97528 total
- age   4:     257200 bytes,     354728 total
- age   6:        968 bytes,     355696 total
: 136792K->450K(153344K), 0.0064730 secs] 302282K->165940K(1031552K), 0.0065860 secs] [Times: user=0.02 sys=0.00, real=0.00 secs] 
2016-08-24T16:34:04.718+0000: 8763.639: Total time for which application threads were stopped: 0.0074112 seconds, Stopping threads took: 0.0000972 seconds
2016-08-24T16:34:04.763+0000: 8763.684: [GC (Allocation Failure) 8763.684: [ParNew
Desired survivor size 8716288 bytes, new threshold 6 (max 6)
- age   1:      59776 bytes,      59776 total
- age   3:       1096 bytes,      60872 total
- age   4:        160 bytes,      61032 total
- age   5:     255352 bytes,     316384 total
: 136770K->340K(153344K), 0.0058164 secs] 302260K->165831K(1031552K), 0.0059377 secs] [Times: user=0.01 sys=0.00, real=0.01 secs] 
2016-08-24T16:34:04.769+0000: 8763.690: Total time for which application threads were stopped: 0.0067524 seconds, Stopping threads took: 0.0001029 seconds
2016-08-24T16:34:04.811+0000: 8763.733: [GC (Allocation Failure) 8763.733: [ParNew
Desired survivor size 8716288 bytes, new threshold 6 (max 6)
- age   1:      79896 bytes,      79896 total
- age   2:      18296 bytes,      98192 total
- age   4:       1096 bytes,      99288 total
- age   5:        160 bytes,      99448 total
- age   6:     255352 bytes,     354800 total
: 136660K->457K(153344K), 0.0059035 secs] 302151K->165948K(1031552K), 0.0060095 secs] [Times: user=0.01 sys=0.00, real=0.00 secs] 
2016-08-24T16:34:04.817+0000: 8763.739: Total time for which application threads were stopped: 0.0068280 seconds, Stopping threads took: 0.0000949 seconds
2016-08-24T16:34:04.856+0000: 8763.777: [GC (Allocation Failure) 8763.778: [ParNew
Desired survivor size 8716288 bytes, new threshold 6 (max 6)
- age   1:      77112 bytes,      77112 total
- age   3:       1000 bytes,      78112 total
- age   5:       1064 bytes,      79176 total
- age   6:        160 bytes,      79336 total
: 136777K->339K(153344K), 0.0068760 secs] 302268K->166083K(1031552K), 0.0069907 secs] [Times: user=0.01 sys=0.00, real=0.01 secs] 
2016-08-24T16:34:04.863+0000: 8763.785: Total time for which application threads were stopped: 0.0079049 seconds, Stopping threads took: 0.0000995 seconds
2016-08-24T16:34:04.906+0000: 8763.827: [GC (Allocation Failure) 8763.827: [ParNew
Desired survivor size 8716288 bytes, new threshold 6 (max 6)
- age   1:      58560 bytes,      58560 total
- age   2:       1000 bytes,      59560 total
- age   4:        968 bytes,      60528 total
- age   6:       1064 bytes,      61592 total
: 136659K->121K(153344K), 0.0053870 secs] 302403K->165865K(1031552K), 0.0054848 secs] [Times: user=0.01 sys=0.00, real=0.01 secs] 
2016-08-24T16:34:04.911+0000: 8763.833: Total time for which application threads were stopped: 0.0062505 seconds, Stopping threads took: 0.0000923 seconds
2016-08-24T16:34:04.949+0000: 8763.871: [GC (Allocation Failure) 8763.871: [ParNew
Desired survivor size 8716288 bytes, new threshold 6 (max 6)
- age   1:      85264 bytes,      85264 total
- age   2:       3920 bytes,      89184 total
- age   3:       1000 bytes,      90184 total
- age   5:        968 bytes,      91152 total
: 136441K->102K(153344K), 0.0055458 secs] 302185K->165847K(1031552K), 0.0056520 secs] [Times: user=0.01 sys=0.00, real=0.00 secs] 
2016-08-24T16:34:04.955+0000: 8763.876: Total time for which application threads were stopped: 0.0064777 seconds, Stopping threads took: 0.0001007 seconds
2016-08-24T16:34:04.994+0000: 8763.915: [GC (Allocation Failure) 8763.915: [ParNew
Desired survivor size 8716288 bytes, new threshold 6 (max 6)
- age   1:      58504 bytes,      58504 total
- age   3:       1000 bytes,      59504 total
- age   4:       1000 bytes,      60504 total
- age   6:        968 bytes,      61472 total
: 136422K->81K(153344K), 0.0056896 secs] 302167K->165826K(1031552K), 0.0058123 secs] [Times: user=0.01 sys=0.00, real=0.00 secs] 
2016-08-24T16:34:05.000+0000: 8763.921: Total time for which application threads were stopped: 0.0066535 seconds, Stopping threads took: 0.0001011 seconds
2016-08-24T16:34:05.040+0000: 8763.962: [GC (Allocation Failure) 8763.962: [ParNew
Desired survivor size 8716288 bytes, new threshold 6 (max 6)
- age   1:      76632 bytes,      76632 total
- age   2:       5536 bytes,      82168 total
- age   4:       1000 bytes,      83168 total
- age   5:       1000 bytes,      84168 total
: 136401K->89K(153344K), 0.0052857 secs] 302146K->165835K(1031552K), 0.0053865 secs] [Times: user=0.01 sys=0.00, real=0.00 secs] 
2016-08-24T16:34:05.046+0000: 8763.967: Total time for which application threads were stopped: 0.0062461 seconds, Stopping threads took: 0.0001160 seconds
2016-08-24T16:34:13.689+0000: 8772.611: Total time for which application threads were stopped: 0.0019513 seconds, Stopping threads took: 0.0002249 seconds
2016-08-24T16:34:13.691+0000: 8772.612: Total time for which application threads were stopped: 0.0012011 seconds, Stopping threads took: 0.0001016 seconds
2016-08-24T16:34:13.692+0000: 8772.614: Total time for which application threads were stopped: 0.0013492 seconds, Stopping threads took: 0.0001531 seconds
2016-08-24T16:34:13.851+0000: 8772.773: Total time for which application threads were stopped: 0.0017814 seconds, Stopping threads took: 0.0002232 seconds
2016-08-24T16:34:13.853+0000: 8772.774: Total time for which application threads were stopped: 0.0012884 seconds, Stopping threads took: 0.0001019 seconds
2016-08-24T16:34:13.858+0000: 8772.779: Total time for which application threads were stopped: 0.0049049 seconds, Stopping threads took: 0.0001502 seconds
2016-08-24T16:34:14.089+0000: 8773.011: [GC (Allocation Failure) 8773.011: [ParNew
Desired survivor size 8716288 bytes, new threshold 6 (max 6)
- age   1:     976688 bytes,     976688 total
- age   3:        968 bytes,     977656 total
- age   5:        968 bytes,     978624 total
- age   6:        968 bytes,     979592 total
: 136409K->965K(153344K), 0.0078976 secs] 302155K->166711K(1031552K), 0.0080488 secs] [Times: user=0.02 sys=0.00, real=0.00 secs] 
2016-08-24T16:34:14.097+0000: 8773.019: Total time for which application threads were stopped: 0.0088847 seconds, Stopping threads took: 0.0001045 seconds
2016-08-24T16:34:14.138+0000: 8773.060: [GC (Allocation Failure) 8773.060: [ParNew
Desired survivor size 8716288 bytes, new threshold 6 (max 6)
- age   1:      74232 bytes,      74232 total
- age   2:     275448 bytes,     349680 total
- age   4:        968 bytes,     350648 total
- age   6:        968 bytes,     351616 total
: 137285K->498K(153344K), 0.0058995 secs] 303031K->166245K(1031552K), 0.0060142 secs] [Times: user=0.01 sys=0.00, real=0.01 secs] 
2016-08-24T16:34:14.144+0000: 8773.066: Total time for which application threads were stopped: 0.0068390 seconds, Stopping threads took: 0.0001000 seconds
2016-08-24T16:34:14.184+0000: 8773.105: [GC (Allocation Failure) 8773.105: [ParNew
Desired survivor size 8716288 bytes, new threshold 6 (max 6)
- age   1:      66704 bytes,      66704 total
- age   2:        232 bytes,      66936 total
- age   3:     268904 bytes,     335840 total
- age   5:        968 bytes,     336808 total
: 136818K->470K(153344K), 0.0056501 secs] 302565K->166219K(1031552K), 0.0057571 secs] [Times: user=0.01 sys=0.00, real=0.01 secs] 
2016-08-24T16:34:14.190+0000: 8773.111: Total time for which application threads were stopped: 0.0065779 seconds, Stopping threads took: 0.0000965 seconds
2016-08-24T16:34:14.230+0000: 8773.151: [GC (Allocation Failure) 8773.151: [ParNew
Desired survivor size 8716288 bytes, new threshold 6 (max 6)
- age   1:      69008 bytes,      69008 total
- age   2:       8904 bytes,      77912 total
- age   3:        232 bytes,      78144 total
- age   4:     268904 bytes,     347048 total
- age   6:        968 bytes,     348016 total
: 136790K->473K(153344K), 0.0058702 secs] 302539K->166221K(1031552K), 0.0059749 secs] [Times: user=0.01 sys=0.00, real=0.00 secs] 
2016-08-24T16:34:14.236+0000: 8773.157: Total time for which application threads were stopped: 0.0067983 seconds, Stopping threads took: 0.0000976 seconds
2016-08-24T16:34:14.275+0000: 8773.196: [GC (Allocation Failure) 8773.196: [ParNew
Desired survivor size 8716288 bytes, new threshold 6 (max 6)
- age   1:      73888 bytes,      73888 total
- age   3:       1096 bytes,      74984 total
- age   4:        232 bytes,      75216 total
- age   5:     267056 bytes,     342272 total
: 136793K->489K(153344K), 0.0064206 secs] 302541K->166238K(1031552K), 0.0065294 secs] [Times: user=0.02 sys=0.00, real=0.01 secs] 
2016-08-24T16:34:14.281+0000: 8773.203: Total time for which application threads were stopped: 0.0073528 seconds, Stopping threads took: 0.0001044 seconds
2016-08-24T16:34:14.322+0000: 8773.243: [GC (Allocation Failure) 8773.243: [ParNew
Desired survivor size 8716288 bytes, new threshold 6 (max 6)
- age   1:      74344 bytes,      74344 total
- age   2:      11952 bytes,      86296 total
- age   4:       1096 bytes,      87392 total
- age   5:        232 bytes,      87624 total
- age   6:     267056 bytes,     354680 total
: 136809K->487K(153344K), 0.0059082 secs] 302558K->166236K(1031552K), 0.0060393 secs] [Times: user=0.01 sys=0.00, real=0.00 secs] 
2016-08-24T16:34:14.328+0000: 8773.249: Total time for which application threads were stopped: 0.0068570 seconds, Stopping threads took: 0.0000946 seconds
2016-08-24T16:34:14.375+0000: 8773.297: [GC (Allocation Failure) 8773.297: [ParNew
Desired survivor size 8716288 bytes, new threshold 6 (max 6)
- age   1:      59728 bytes,      59728 total
- age   3:       1000 bytes,      60728 total
- age   5:       1064 bytes,      61792 total
- age   6:        160 bytes,      61952 total
: 136807K->341K(153344K), 0.0062758 secs] 302556K->166355K(1031552K), 0.0064066 secs] [Times: user=0.01 sys=0.00, real=0.01 secs] 
2016-08-24T16:34:14.382+0000: 8773.303: Total time for which application threads were stopped: 0.0072521 seconds, Stopping threads took: 0.0001191 seconds
2016-08-24T16:34:14.420+0000: 8773.342: [GC (Allocation Failure) 8773.342: [ParNew
Desired survivor size 8716288 bytes, new threshold 6 (max 6)
- age   1:      84080 bytes,      84080 total
- age   2:      14832 bytes,      98912 total
- age   4:       1000 bytes,      99912 total
- age   6:       1064 bytes,     100976 total
: 136661K->154K(153344K), 0.0050938 secs] 302675K->166168K(1031552K), 0.0052209 secs] [Times: user=0.01 sys=0.00, real=0.00 secs] 
2016-08-24T16:34:14.426+0000: 8773.347: Total time for which application threads were stopped: 0.0060686 seconds, Stopping threads took: 0.0001080 seconds
2016-08-24T16:34:14.467+0000: 8773.389: [GC (Allocation Failure) 8773.389: [ParNew
Desired survivor size 8716288 bytes, new threshold 6 (max 6)
- age   1:      60832 bytes,      60832 total
- age   3:       1248 bytes,      62080 total
- age   5:        968 bytes,      63048 total
: 136474K->79K(153344K), 0.0052612 secs] 302488K->166094K(1031552K), 0.0053649 secs] [Times: user=0.01 sys=0.00, real=0.01 secs] 
2016-08-24T16:34:14.473+0000: 8773.394: Total time for which application threads were stopped: 0.0062077 seconds, Stopping threads took: 0.0001203 seconds
2016-08-24T16:34:14.512+0000: 8773.433: [GC (Allocation Failure) 8773.434: [ParNew
Desired survivor size 8716288 bytes, new threshold 6 (max 6)
- age   1:      69488 bytes,      69488 total
- age   2:      17760 bytes,      87248 total
- age   4:       1248 bytes,      88496 total
- age   6:        968 bytes,      89464 total
: 136399K->98K(153344K), 0.0049864 secs] 302414K->166113K(1031552K), 0.0050886 secs] [Times: user=0.01 sys=0.00, real=0.00 secs] 
2016-08-24T16:34:14.517+0000: 8773.439: Total time for which application threads were stopped: 0.0058944 seconds, Stopping threads took: 0.0000905 seconds
2016-08-24T16:34:14.558+0000: 8773.479: [GC (Allocation Failure) 8773.479: [ParNew
Desired survivor size 8716288 bytes, new threshold 6 (max 6)
- age   1:      80376 bytes,      80376 total
- age   3:       1000 bytes,      81376 total
- age   5:       1144 bytes,      82520 total
: 136418K->101K(153344K), 0.0052632 secs] 302433K->166117K(1031552K), 0.0053675 secs] [Times: user=0.01 sys=0.00, real=0.01 secs] 
2016-08-24T16:34:14.563+0000: 8773.485: Total time for which application threads were stopped: 0.0061982 seconds, Stopping threads took: 0.0000988 seconds
2016-08-24T16:34:14.603+0000: 8773.525: [GC (Allocation Failure) 8773.525: [ParNew
Desired survivor size 8716288 bytes, new threshold 6 (max 6)
- age   1:      84832 bytes,      84832 total
- age   2:      21520 bytes,     106352 total
- age   4:       1000 bytes,     107352 total
- age   6:       1144 bytes,     108496 total
: 136421K->128K(153344K), 0.0053781 secs] 302437K->166144K(1031552K), 0.0054902 secs] [Times: user=0.01 sys=0.00, real=0.01 secs] 
2016-08-24T16:34:14.609+0000: 8773.530: Total time for which application threads were stopped: 0.0063311 seconds, Stopping threads took: 0.0001239 seconds
2016-08-24T16:34:17.611+0000: 8776.533: Total time for which application threads were stopped: 0.0015880 seconds, Stopping threads took: 0.0002238 seconds
2016-08-24T16:34:19.612+0000: 8778.534: Total time for which application threads were stopped: 0.0008570 seconds, Stopping threads took: 0.0001330 seconds
2016-08-24T16:34:23.993+0000: 8782.914: [GC (Allocation Failure) 8782.914: [ParNew
Desired survivor size 8716288 bytes, new threshold 6 (max 6)
- age   1:    1284840 bytes,    1284840 total
- age   3:        968 bytes,    1285808 total
- age   5:        968 bytes,    1286776 total
: 136448K->1308K(153344K), 0.0083250 secs] 302464K->167324K(1031552K), 0.0084530 secs] [Times: user=0.02 sys=0.00, real=0.01 secs] 
2016-08-24T16:34:24.002+0000: 8782.923: Total time for which application threads were stopped: 0.0093024 seconds, Stopping threads took: 0.0000988 seconds
2016-08-24T16:34:24.039+0000: 8782.961: [GC (Allocation Failure) 8782.961: [ParNew
Desired survivor size 8716288 bytes, new threshold 6 (max 6)
- age   1:      71304 bytes,      71304 total
- age   2:     314152 bytes,     385456 total
- age   4:        968 bytes,     386424 total
- age   6:        968 bytes,     387392 total
: 137628K->432K(153344K), 0.0055903 secs] 303644K->166448K(1031552K), 0.0057025 secs] [Times: user=0.02 sys=0.00, real=0.01 secs] 
2016-08-24T16:34:24.045+0000: 8782.966: Total time for which application threads were stopped: 0.0065328 seconds, Stopping threads took: 0.0001008 seconds
2016-08-24T16:34:24.086+0000: 8783.007: [GC (Allocation Failure) 8783.007: [ParNew
Desired survivor size 8716288 bytes, new threshold 6 (max 6)
- age   1:      87352 bytes,      87352 total
- age   2:         72 bytes,      87424 total
- age   3:     293544 bytes,     380968 total
- age   5:        968 bytes,     381936 total
: 136752K->523K(153344K), 0.0059755 secs] 302768K->166541K(1031552K), 0.0060932 secs] [Times: user=0.01 sys=0.00, real=0.01 secs] 
2016-08-24T16:34:24.092+0000: 8783.013: Total time for which application threads were stopped: 0.0069614 seconds, Stopping threads took: 0.0000952 seconds
2016-08-24T16:34:24.138+0000: 8783.060: [GC (Allocation Failure) 8783.060: [ParNew
Desired survivor size 8716288 bytes, new threshold 6 (max 6)
- age   1:      74648 bytes,      74648 total
- age   2:       1096 bytes,      75744 total
- age   3:         72 bytes,      75816 total
- age   4:     291696 bytes,     367512 total
- age   6:        968 bytes,     368480 total
: 136843K->536K(153344K), 0.0065640 secs] 302861K->166554K(1031552K), 0.0066663 secs] [Times: user=0.02 sys=0.00, real=0.01 secs] 
2016-08-24T16:34:24.145+0000: 8783.067: Total time for which application threads were stopped: 0.0074838 seconds, Stopping threads took: 0.0000978 seconds
2016-08-24T16:34:24.184+0000: 8783.105: [GC (Allocation Failure) 8783.106: [ParNew
Desired survivor size 8716288 bytes, new threshold 6 (max 6)
- age   1:      90984 bytes,      90984 total
- age   2:       4360 bytes,      95344 total
- age   3:       1096 bytes,      96440 total
- age   4:         72 bytes,      96512 total
- age   5:     291696 bytes,     388208 total
: 136856K->523K(153344K), 0.0064004 secs] 302874K->166542K(1031552K), 0.0065170 secs] [Times: user=0.01 sys=0.00, real=0.01 secs] 
2016-08-24T16:34:24.191+0000: 8783.112: Total time for which application threads were stopped: 0.0073717 seconds, Stopping threads took: 0.0001015 seconds
2016-08-24T16:34:24.233+0000: 8783.154: [GC (Allocation Failure) 8783.154: [ParNew
Desired survivor size 8716288 bytes, new threshold 6 (max 6)
- age   1:      69376 bytes,      69376 total
- age   3:       1000 bytes,      70376 total
- age   4:       1064 bytes,      71440 total
- age   5:         72 bytes,      71512 total
- age   6:     289880 bytes,     361392 total
: 136843K->544K(153344K), 0.0060489 secs] 302862K->166562K(1031552K), 0.0061499 secs] [Times: user=0.01 sys=0.00, real=0.00 secs] 
2016-08-24T16:34:24.239+0000: 8783.160: Total time for which application threads were stopped: 0.0069667 seconds, Stopping threads took: 0.0000953 seconds
2016-08-24T16:34:24.278+0000: 8783.200: [GC (Allocation Failure) 8783.200: [ParNew
Desired survivor size 8716288 bytes, new threshold 6 (max 6)
- age   1:      80840 bytes,      80840 total
- age   2:       7376 bytes,      88216 total
- age   4:       1000 bytes,      89216 total
- age   5:       1064 bytes,      90280 total
- age   6:         72 bytes,      90352 total
: 136864K->359K(153344K), 0.0066431 secs] 302882K->166667K(1031552K), 0.0067606 secs] [Times: user=0.02 sys=0.00, real=0.01 secs] 
2016-08-24T16:34:24.285+0000: 8783.206: Total time for which application threads were stopped: 0.0076121 seconds, Stopping threads took: 0.0000982 seconds
2016-08-24T16:34:24.327+0000: 8783.248: [GC (Allocation Failure) 8783.249: [ParNew
Desired survivor size 8716288 bytes, new threshold 6 (max 6)
- age   1:      59664 bytes,      59664 total
- age   3:       1000 bytes,      60664 total
- age   5:        968 bytes,      61632 total
- age   6:       1064 bytes,      62696 total
: 136679K->125K(153344K), 0.0053422 secs] 302987K->166432K(1031552K), 0.0054316 secs] [Times: user=0.01 sys=0.00, real=0.01 secs] 
2016-08-24T16:34:24.333+0000: 8783.254: Total time for which application threads were stopped: 0.0062646 seconds, Stopping threads took: 0.0001043 seconds
2016-08-24T16:34:24.379+0000: 8783.301: [GC (Allocation Failure) 8783.301: [ParNew
Desired survivor size 8716288 bytes, new threshold 6 (max 6)
- age   1:      68760 bytes,      68760 total
- age   2:      10288 bytes,      79048 total
- age   4:       1000 bytes,      80048 total
- age   6:        968 bytes,      81016 total
: 136445K->93K(153344K), 0.0061935 secs] 302752K->166402K(1031552K), 0.0063636 secs] [Times: user=0.01 sys=0.00, real=0.01 secs] 
2016-08-24T16:34:24.386+0000: 8783.307: Total time for which application threads were stopped: 0.0074704 seconds, Stopping threads took: 0.0001321 seconds
2016-08-24T16:34:24.427+0000: 8783.349: [GC (Allocation Failure) 8783.349: [ParNew
Desired survivor size 8716288 bytes, new threshold 6 (max 6)
- age   1:      72112 bytes,      72112 total
- age   2:        248 bytes,      72360 total
- age   3:       1000 bytes,      73360 total
- age   5:        968 bytes,      74328 total
: 136413K->99K(153344K), 0.0066092 secs] 302722K->166408K(1031552K), 0.0067331 secs] [Times: user=0.01 sys=0.00, real=0.01 secs] 
2016-08-24T16:34:24.434+0000: 8783.355: Total time for which application threads were stopped: 0.0075913 seconds, Stopping threads took: 0.0000948 seconds
2016-08-24T16:34:24.475+0000: 8783.396: [GC (Allocation Failure) 8783.396: [ParNew
Desired survivor size 8716288 bytes, new threshold 6 (max 6)
- age   1:      79200 bytes,      79200 total
- age   2:      13992 bytes,      93192 total
- age   3:        248 bytes,      93440 total
- age   4:       1000 bytes,      94440 total
- age   6:        968 bytes,      95408 total
: 136419K->106K(153344K), 0.0064484 secs] 302728K->166415K(1031552K), 0.0065749 secs] [Times: user=0.01 sys=0.00, real=0.01 secs] 
2016-08-24T16:34:24.482+0000: 8783.403: Total time for which application threads were stopped: 0.0074658 seconds, Stopping threads took: 0.0001043 seconds
2016-08-24T16:34:26.483+0000: 8785.404: Total time for which application threads were stopped: 0.0006499 seconds, Stopping threads took: 0.0001108 seconds
2016-08-24T16:34:34.377+0000: 8793.298: [GC (Allocation Failure) 8793.298: [ParNew
Desired survivor size 8716288 bytes, new threshold 6 (max 6)
- age   1:    1023632 bytes,    1023632 total
- age   3:        968 bytes,    1024600 total
- age   4:        128 bytes,    1024728 total
- age   5:        968 bytes,    1025696 total
: 136426K->1006K(153344K), 0.0088100 secs] 302735K->167317K(1031552K), 0.0089641 secs] [Times: user=0.02 sys=0.00, real=0.01 secs] 
2016-08-24T16:34:34.386+0000: 8793.307: Total time for which application threads were stopped: 0.0098339 seconds, Stopping threads took: 0.0000901 seconds
2016-08-24T16:34:34.425+0000: 8793.346: [GC (Allocation Failure) 8793.346: [ParNew
Desired survivor size 8716288 bytes, new threshold 6 (max 6)
- age   1:      71088 bytes,      71088 total
- age   2:     273896 bytes,     344984 total
- age   4:        968 bytes,     345952 total
- age   5:        128 bytes,     346080 total
- age   6:        968 bytes,     347048 total
: 137326K->407K(153344K), 0.0069213 secs] 303637K->166718K(1031552K), 0.0070419 secs] [Times: user=0.01 sys=0.00, real=0.01 secs] 
2016-08-24T16:34:34.432+0000: 8793.353: Total time for which application threads were stopped: 0.0078563 seconds, Stopping threads took: 0.0000889 seconds
2016-08-24T16:34:34.471+0000: 8793.393: [GC (Allocation Failure) 8793.393: [ParNew
Desired survivor size 8716288 bytes, new threshold 6 (max 6)
- age   1:      69608 bytes,      69608 total
- age   2:        184 bytes,      69792 total
- age   3:     259672 bytes,     329464 total
- age   5:        968 bytes,     330432 total
- age   6:        128 bytes,     330560 total
: 136727K->468K(153344K), 0.0072940 secs] 303038K->166780K(1031552K), 0.0074055 secs] [Times: user=0.02 sys=0.00, real=0.00 secs] 
2016-08-24T16:34:34.479+0000: 8793.400: Total time for which application threads were stopped: 0.0081907 seconds, Stopping threads took: 0.0000884 seconds
2016-08-24T16:34:34.517+0000: 8793.439: [GC (Allocation Failure) 8793.439: [ParNew
Desired survivor size 8716288 bytes, new threshold 6 (max 6)
- age   1:      83304 bytes,      83304 total
- age   2:      15360 bytes,      98664 total
- age   3:        184 bytes,      98848 total
- age   4:     259672 bytes,     358520 total
- age   6:        968 bytes,     359488 total
: 136788K->482K(153344K), 0.0070569 secs] 303100K->166793K(1031552K), 0.0071693 secs] [Times: user=0.01 sys=0.00, real=0.01 secs] 
2016-08-24T16:34:34.525+0000: 8793.446: Total time for which application threads were stopped: 0.0079635 seconds, Stopping threads took: 0.0000893 seconds
2016-08-24T16:34:34.565+0000: 8793.486: [GC (Allocation Failure) 8793.486: [ParNew
Desired survivor size 8716288 bytes, new threshold 6 (max 6)
- age   1:      69720 bytes,      69720 total
- age   3:       1096 bytes,      70816 total
- age   4:        152 bytes,      70968 total
- age   5:     256816 bytes,     327784 total
: 136802K->483K(153344K), 0.0063953 secs] 303113K->166796K(1031552K), 0.0064971 secs] [Times: user=0.01 sys=0.00, real=0.01 secs] 
2016-08-24T16:34:34.571+0000: 8793.493: Total time for which application threads were stopped: 0.0072914 seconds, Stopping threads took: 0.0000920 seconds
2016-08-24T16:34:34.609+0000: 8793.530: [GC (Allocation Failure) 8793.530: [ParNew
Desired survivor size 8716288 bytes, new threshold 6 (max 6)
- age   1:      64680 bytes,      64680 total
- age   2:      18864 bytes,      83544 total
- age   4:       1096 bytes,      84640 total
- age   5:        152 bytes,      84792 total
- age   6:     256816 bytes,     341608 total
: 136803K->481K(153344K), 0.0067588 secs] 303116K->166794K(1031552K), 0.0068728 secs] [Times: user=0.01 sys=0.00, real=0.00 secs] 
2016-08-24T16:34:34.616+0000: 8793.537: Total time for which application threads were stopped: 0.0077082 seconds, Stopping threads took: 0.0000907 seconds
2016-08-24T16:34:34.655+0000: 8793.576: [GC (Allocation Failure) 8793.576: [ParNew
Desired survivor size 8716288 bytes, new threshold 6 (max 6)
- age   1:      93712 bytes,      93712 total
- age   3:       1248 bytes,      94960 total
- age   5:       1064 bytes,      96024 total
- age   6:        152 bytes,      96176 total
: 136801K->321K(153344K), 0.0073449 secs] 303114K->166887K(1031552K), 0.0074444 secs] [Times: user=0.01 sys=0.00, real=0.01 secs] 
2016-08-24T16:34:34.662+0000: 8793.584: Total time for which application threads were stopped: 0.0081843 seconds, Stopping threads took: 0.0000891 seconds
2016-08-24T16:34:34.701+0000: 8793.622: [GC (Allocation Failure) 8793.622: [ParNew
Desired survivor size 8716288 bytes, new threshold 6 (max 6)
- age   1:      47832 bytes,      47832 total
- age   2:       1000 bytes,      48832 total
- age   4:       1216 bytes,      50048 total
- age   6:       1064 bytes,      51112 total
: 136641K->123K(153344K), 0.0064434 secs] 303207K->166690K(1031552K), 0.0065629 secs] [Times: user=0.01 sys=0.00, real=0.00 secs] 
2016-08-24T16:34:34.707+0000: 8793.629: Total time for which application threads were stopped: 0.0073473 seconds, Stopping threads took: 0.0000911 seconds
2016-08-24T16:34:34.746+0000: 8793.667: [GC (Allocation Failure) 8793.667: [ParNew
Desired survivor size 8716288 bytes, new threshold 6 (max 6)
- age   1:      82976 bytes,      82976 total
- age   2:       4280 bytes,      87256 total
- age   3:       1000 bytes,      88256 total
- age   5:       1144 bytes,      89400 total
: 136443K->95K(153344K), 0.0058756 secs] 303010K->166663K(1031552K), 0.0060001 secs] [Times: user=0.01 sys=0.00, real=0.01 secs] 
2016-08-24T16:34:34.752+0000: 8793.673: Total time for which application threads were stopped: 0.0068627 seconds, Stopping threads took: 0.0000972 seconds
2016-08-24T16:34:34.793+0000: 8793.715: [GC (Allocation Failure) 8793.715: [ParNew
Desired survivor size 8716288 bytes, new threshold 6 (max 6)
- age   1:      60576 bytes,      60576 total
- age   2:        248 bytes,      60824 total
- age   3:       1000 bytes,      61824 total
- age   4:        968 bytes,      62792 total
- age   6:       1144 bytes,      63936 total
: 136415K->100K(153344K), 0.0054136 secs] 302983K->166668K(1031552K), 0.0054981 secs] [Times: user=0.01 sys=0.00, real=0.00 secs] 
2016-08-24T16:34:34.799+0000: 8793.720: Total time for which application threads were stopped: 0.0062820 seconds, Stopping threads took: 0.0000847 seconds
2016-08-24T16:34:34.837+0000: 8793.758: [GC (Allocation Failure) 8793.758: [ParNew
Desired survivor size 8716288 bytes, new threshold 6 (max 6)
- age   1:      68504 bytes,      68504 total
- age   2:       6568 bytes,      75072 total
- age   3:        248 bytes,      75320 total
- age   4:       1000 bytes,      76320 total
- age   5:        968 bytes,      77288 total
: 136420K->91K(153344K), 0.0052011 secs] 302988K->166660K(1031552K), 0.0053157 secs] [Times: user=0.01 sys=0.00, real=0.01 secs] 
2016-08-24T16:34:34.842+0000: 8793.764: Total time for which application threads were stopped: 0.0061905 seconds, Stopping threads took: 0.0001011 seconds
2016-08-24T16:34:44.542+0000: 8803.464: [GC (Allocation Failure) 8803.464: [ParNew
Desired survivor size 8716288 bytes, new threshold 6 (max 6)
- age   1:    1020752 bytes,    1020752 total
- age   3:        968 bytes,    1021720 total
- age   4:        128 bytes,    1021848 total
- age   5:        968 bytes,    1022816 total
- age   6:        968 bytes,    1023784 total
: 136411K->1009K(153344K), 0.0073781 secs] 302980K->167579K(1031552K), 0.0075104 secs] [Times: user=0.02 sys=0.00, real=0.01 secs] 
2016-08-24T16:34:44.550+0000: 8803.472: Total time for which application threads were stopped: 0.0083772 seconds, Stopping threads took: 0.0000986 seconds
2016-08-24T16:34:44.588+0000: 8803.510: [GC (Allocation Failure) 8803.510: [ParNew
Desired survivor size 8716288 bytes, new threshold 6 (max 6)
- age   1:      76088 bytes,      76088 total
- age   2:     278832 bytes,     354920 total
- age   4:        968 bytes,     355888 total
- age   5:        128 bytes,     356016 total
- age   6:        968 bytes,     356984 total
: 137329K->488K(153344K), 0.0055461 secs] 303899K->167058K(1031552K), 0.0056527 secs] [Times: user=0.01 sys=0.00, real=0.00 secs] 
2016-08-24T16:34:44.594+0000: 8803.516: Total time for which application threads were stopped: 0.0065163 seconds, Stopping threads took: 0.0000974 seconds
2016-08-24T16:34:44.636+0000: 8803.557: [GC (Allocation Failure) 8803.557: [ParNew
Desired survivor size 8716288 bytes, new threshold 6 (max 6)
- age   1:      65872 bytes,      65872 total
- age   2:        320 bytes,      66192 total
- age   3:     271992 bytes,     338184 total
- age   5:        968 bytes,     339152 total
- age   6:        128 bytes,     339280 total
: 136808K->474K(153344K), 0.0057725 secs] 303378K->167045K(1031552K), 0.0058905 secs] [Times: user=0.01 sys=0.00, real=0.01 secs] 
2016-08-24T16:34:44.642+0000: 8803.563: Total time for which application threads were stopped: 0.0067359 seconds, Stopping threads took: 0.0001215 seconds
2016-08-24 16:34:44 GC log file has reached the maximum size. Saved as log/gc.log.1
