2016-08-24 16:34:44 GC log file created log/gc.log.2
Java HotSpot(TM) 64-Bit Server VM (25.40-b25) for linux-amd64 JRE (1.8.0_40-b25), built on Feb 10 2015 21:29:53 by "java_re" with gcc 4.3.0 20080428 (Red Hat 4.3.0-8)
Memory: 4k page, physical 8176932k(5245996k free), swap 0k(0k free)
CommandLine flags: -XX:CICompilerCount=2 -XX:+CMSClassUnloadingEnabled -XX:+CMSParallelRemarkEnabled -XX:+CMSScavengeBeforeRemark -XX:GCLogFileSize=1048576 -XX:InitialHeapSize=1073741824 -XX:MaxHeapSize=1073741824 -XX:MaxNewSize=174456832 -XX:MaxTenuringThreshold=6 -XX:MinHeapDeltaBytes=196608 -XX:NewSize=174456832 -XX:NumberOfGCLogFiles=5 -XX:OldPLABSize=16 -XX:OldSize=899284992 -XX:+PrintGC -XX:+PrintGCApplicationStoppedTime -XX:+PrintGCCause -XX:+PrintGCDateStamps -XX:+PrintGCDetails -XX:+PrintGCTimeStamps -XX:+PrintTenuringDistribution -XX:+ScavengeBeforeFullGC -XX:+UseCompressedClassPointers -XX:+UseCompressedOops -XX:+UseConcMarkSweepGC -XX:+UseGCLogFileRotation -XX:+UseParNewGC 
2016-08-24T16:34:44.682+0000: 8803.604: [GC (Allocation Failure) 8803.604: [ParNew
Desired survivor size 8716288 bytes, new threshold 6 (max 6)
- age   1:      63664 bytes,      63664 total
- age   2:       9160 bytes,      72824 total
- age   3:        320 bytes,      73144 total
- age   4:     271992 bytes,     345136 total
- age   6:        968 bytes,     346104 total
: 136794K->476K(153344K), 0.0055651 secs] 303365K->167047K(1031552K), 0.0056802 secs] [Times: user=0.01 sys=0.00, real=0.01 secs] 
2016-08-24T16:34:44.688+0000: 8803.610: Total time for which application threads were stopped: 0.0073062 seconds, Stopping threads took: 0.0000990 seconds
2016-08-24T16:34:44.727+0000: 8803.648: [GC (Allocation Failure) 8803.649: [ParNew
Desired survivor size 8716288 bytes, new threshold 6 (max 6)
- age   1:      72688 bytes,      72688 total
- age   3:       1096 bytes,      73784 total
- age   4:        320 bytes,      74104 total
- age   5:     270144 bytes,     344248 total
: 136796K->489K(153344K), 0.0057063 secs] 303367K->167061K(1031552K), 0.0058088 secs] [Times: user=0.01 sys=0.00, real=0.01 secs] 
2016-08-24T16:34:44.733+0000: 8803.654: Total time for which application threads were stopped: 0.0066323 seconds, Stopping threads took: 0.0001202 seconds
2016-08-24T16:34:44.772+0000: 8803.693: [GC (Allocation Failure) 8803.693: [ParNew
Desired survivor size 8716288 bytes, new threshold 6 (max 6)
- age   1:      80432 bytes,      80432 total
- age   2:      12392 bytes,      92824 total
- age   4:       1096 bytes,      93920 total
- age   5:        320 bytes,      94240 total
- age   6:     270144 bytes,     364384 total
: 136809K->488K(153344K), 0.0056048 secs] 303381K->167060K(1031552K), 0.0057067 secs] [Times: user=0.01 sys=0.00, real=0.00 secs] 
2016-08-24T16:34:44.778+0000: 8803.699: Total time for which application threads were stopped: 0.0065325 seconds, Stopping threads took: 0.0000974 seconds
2016-08-24T16:34:44.817+0000: 8803.738: [GC (Allocation Failure) 8803.738: [ParNew
Desired survivor size 8716288 bytes, new threshold 6 (max 6)
- age   1:      70056 bytes,      70056 total
- age   3:       1000 bytes,      71056 total
- age   5:       1064 bytes,      72120 total
- age   6:        320 bytes,      72440 total
: 136808K->349K(153344K), 0.0061700 secs] 303380K->167189K(1031552K), 0.0062802 secs] [Times: user=0.01 sys=0.00, real=0.01 secs] 
2016-08-24T16:34:44.823+0000: 8803.745: Total time for which application threads were stopped: 0.0071516 seconds, Stopping threads took: 0.0001017 seconds
2016-08-24T16:34:44.863+0000: 8803.785: [GC (Allocation Failure) 8803.785: [ParNew
Desired survivor size 8716288 bytes, new threshold 6 (max 6)
- age   1:      72192 bytes,      72192 total
- age   2:      14704 bytes,      86896 total
- age   4:       1000 bytes,      87896 total
- age   6:       1064 bytes,      88960 total
: 136669K->117K(153344K), 0.0058053 secs] 303509K->166958K(1031552K), 0.0059224 secs] [Times: user=0.01 sys=0.00, real=0.01 secs] 
2016-08-24T16:34:44.869+0000: 8803.791: Total time for which application threads were stopped: 0.0067998 seconds, Stopping threads took: 0.0000967 seconds
2016-08-24T16:34:44.911+0000: 8803.832: [GC (Allocation Failure) 8803.832: [ParNew
Desired survivor size 8716288 bytes, new threshold 6 (max 6)
- age   1:      85400 bytes,      85400 total
- age   3:       1000 bytes,      86400 total
- age   5:        968 bytes,      87368 total
: 136437K->127K(153344K), 0.0057108 secs] 303278K->166969K(1031552K), 0.0058090 secs] [Times: user=0.01 sys=0.00, real=0.00 secs] 
2016-08-24T16:34:44.917+0000: 8803.838: Total time for which application threads were stopped: 0.0065862 seconds, Stopping threads took: 0.0000978 seconds
2016-08-24T16:34:44.956+0000: 8803.878: [GC (Allocation Failure) 8803.878: [ParNew
Desired survivor size 8716288 bytes, new threshold 6 (max 6)
- age   1:      61744 bytes,      61744 total
- age   2:      18296 bytes,      80040 total
- age   4:       1000 bytes,      81040 total
- age   6:        968 bytes,      82008 total
: 136447K->102K(153344K), 0.0055521 secs] 303289K->166944K(1031552K), 0.0056705 secs] [Times: user=0.01 sys=0.00, real=0.01 secs] 
2016-08-24T16:34:44.962+0000: 8803.884: Total time for which application threads were stopped: 0.0065781 seconds, Stopping threads took: 0.0000959 seconds
2016-08-24T16:34:45.004+0000: 8803.926: [GC (Allocation Failure) 8803.926: [ParNew
Desired survivor size 8716288 bytes, new threshold 6 (max 6)
- age   1:      75792 bytes,      75792 total
- age   3:       1000 bytes,      76792 total
- age   5:        968 bytes,      77760 total
: 136422K->99K(153344K), 0.0054730 secs] 303264K->166941K(1031552K), 0.0055637 secs] [Times: user=0.01 sys=0.00, real=0.01 secs] 
2016-08-24T16:34:45.010+0000: 8803.931: Total time for which application threads were stopped: 0.0063931 seconds, Stopping threads took: 0.0001029 seconds
2016-08-24T16:34:45.052+0000: 8803.973: [GC (Allocation Failure) 8803.973: [ParNew
Desired survivor size 8716288 bytes, new threshold 6 (max 6)
- age   1:     148272 bytes,     148272 total
- age   2:       2448 bytes,     150720 total
- age   4:       1000 bytes,     151720 total
- age   6:        968 bytes,     152688 total
: 136419K->170K(153344K), 0.0057051 secs] 303261K->167013K(1031552K), 0.0058068 secs] [Times: user=0.01 sys=0.00, real=0.00 secs] 
2016-08-24T16:34:45.058+0000: 8803.979: Total time for which application threads were stopped: 0.0065561 seconds, Stopping threads took: 0.0000884 seconds
2016-08-24T16:34:54.357+0000: 8813.279: [GC (Allocation Failure) 8813.279: [ParNew
Desired survivor size 8716288 bytes, new threshold 6 (max 6)
- age   1:    1065624 bytes,    1065624 total
- age   2:      85688 bytes,    1151312 total
- age   3:        968 bytes,    1152280 total
- age   5:       1000 bytes,    1153280 total
: 136490K->1147K(153344K), 0.0104524 secs] 303333K->167991K(1031552K), 0.0109600 secs] [Times: user=0.02 sys=0.00, real=0.02 secs] 
2016-08-24T16:34:54.368+0000: 8813.290: Total time for which application threads were stopped: 0.0148786 seconds, Stopping threads took: 0.0004562 seconds
2016-08-24T16:34:54.407+0000: 8813.329: [GC (Allocation Failure) 8813.329: [ParNew
Desired survivor size 8716288 bytes, new threshold 6 (max 6)
- age   1:      73664 bytes,      73664 total
- age   2:     257472 bytes,     331136 total
- age   3:      78304 bytes,     409440 total
- age   4:        968 bytes,     410408 total
- age   6:       1000 bytes,     411408 total
: 137467K->506K(153344K), 0.0061068 secs] 304311K->167349K(1031552K), 0.0061989 secs] [Times: user=0.01 sys=0.00, real=0.01 secs] 
2016-08-24T16:34:54.414+0000: 8813.335: Total time for which application threads were stopped: 0.0069752 seconds, Stopping threads took: 0.0000967 seconds
2016-08-24T16:34:54.453+0000: 8813.374: [GC (Allocation Failure) 8813.374: [ParNew
Desired survivor size 8716288 bytes, new threshold 6 (max 6)
- age   1:      73448 bytes,      73448 total
- age   2:        320 bytes,      73768 total
- age   3:     236152 bytes,     309920 total
- age   4:      78304 bytes,     388224 total
- age   5:        968 bytes,     389192 total
: 136826K->546K(153344K), 0.0059585 secs] 303669K->167390K(1031552K), 0.0060731 secs] [Times: user=0.01 sys=0.00, real=0.00 secs] 
2016-08-24T16:34:54.459+0000: 8813.380: Total time for which application threads were stopped: 0.0069144 seconds, Stopping threads took: 0.0000983 seconds
2016-08-24T16:34:54.500+0000: 8813.421: [GC (Allocation Failure) 8813.421: [ParNew
Desired survivor size 8716288 bytes, new threshold 6 (max 6)
- age   1:      64424 bytes,      64424 total
- age   2:       1096 bytes,      65520 total
- age   3:        320 bytes,      65840 total
- age   4:     234304 bytes,     300144 total
- age   5:      78304 bytes,     378448 total
- age   6:        968 bytes,     379416 total
: 136866K->548K(153344K), 0.0059412 secs] 303710K->167393K(1031552K), 0.0060548 secs] [Times: user=0.01 sys=0.00, real=0.01 secs] 
2016-08-24T16:34:54.506+0000: 8813.427: Total time for which application threads were stopped: 0.0069020 seconds, Stopping threads took: 0.0000979 seconds
2016-08-24T16:34:54.544+0000: 8813.465: [GC (Allocation Failure) 8813.465: [ParNew
Desired survivor size 8716288 bytes, new threshold 6 (max 6)
- age   1:      69576 bytes,      69576 total
- age   2:       4856 bytes,      74432 total
- age   3:       1096 bytes,      75528 total
- age   4:        248 bytes,      75776 total
- age   5:     234304 bytes,     310080 total
- age   6:      78304 bytes,     388384 total
: 136868K->538K(153344K), 0.0061609 secs] 303713K->167383K(1031552K), 0.0062788 secs] [Times: user=0.01 sys=0.00, real=0.01 secs] 
2016-08-24T16:34:54.550+0000: 8813.472: Total time for which application threads were stopped: 0.0071108 seconds, Stopping threads took: 0.0000997 seconds
2016-08-24T16:34:54.589+0000: 8813.511: [GC (Allocation Failure) 8813.511: [ParNew
Desired survivor size 8716288 bytes, new threshold 6 (max 6)
- age   1:      62728 bytes,      62728 total
- age   2:        336 bytes,      63064 total
- age   3:       1000 bytes,      64064 total
- age   4:       1096 bytes,      65160 total
- age   5:        248 bytes,      65408 total
- age   6:     232488 bytes,     297896 total
: 136858K->551K(153344K), 0.0063700 secs] 303703K->167474K(1031552K), 0.0064850 secs] [Times: user=0.02 sys=0.00, real=0.00 secs] 
2016-08-24T16:34:54.596+0000: 8813.517: Total time for which application threads were stopped: 0.0072954 seconds, Stopping threads took: 0.0000976 seconds
2016-08-24T16:34:54.634+0000: 8813.555: [GC (Allocation Failure) 8813.555: [ParNew
Desired survivor size 8716288 bytes, new threshold 6 (max 6)
- age   1:      78472 bytes,      78472 total
- age   2:       8032 bytes,      86504 total
- age   3:        336 bytes,      86840 total
- age   4:       1000 bytes,      87840 total
- age   5:       1096 bytes,      88936 total
- age   6:        248 bytes,      89184 total
: 136871K->216K(153344K), 0.0063475 secs] 303794K->167372K(1031552K), 0.0064657 secs] [Times: user=0.02 sys=0.00, real=0.00 secs] 
2016-08-24T16:34:54.640+0000: 8813.562: Total time for which application threads were stopped: 0.0073457 seconds, Stopping threads took: 0.0001213 seconds
2016-08-24T16:34:54.679+0000: 8813.601: [GC (Allocation Failure) 8813.601: [ParNew
Desired survivor size 8716288 bytes, new threshold 6 (max 6)
- age   1:      58968 bytes,      58968 total
- age   3:       1000 bytes,      59968 total
- age   4:        336 bytes,      60304 total
- age   5:        968 bytes,      61272 total
- age   6:       1096 bytes,      62368 total
: 136536K->92K(153344K), 0.0056321 secs] 303692K->167249K(1031552K), 0.0057215 secs] [Times: user=0.01 sys=0.00, real=0.01 secs] 
2016-08-24T16:34:54.685+0000: 8813.606: Total time for which application threads were stopped: 0.0065078 seconds, Stopping threads took: 0.0001015 seconds
2016-08-24T16:34:54.722+0000: 8813.644: [GC (Allocation Failure) 8813.644: [ParNew
Desired survivor size 8716288 bytes, new threshold 6 (max 6)
- age   1:      63440 bytes,      63440 total
- age   2:      11544 bytes,      74984 total
- age   4:       1000 bytes,      75984 total
- age   5:        336 bytes,      76320 total
- age   6:        968 bytes,      77288 total
: 136412K->97K(153344K), 0.0058860 secs] 303569K->167255K(1031552K), 0.0060094 secs] [Times: user=0.01 sys=0.00, real=0.01 secs] 
2016-08-24T16:34:54.729+0000: 8813.650: Total time for which application threads were stopped: 0.0068612 seconds, Stopping threads took: 0.0000997 seconds
2016-08-24T16:34:54.770+0000: 8813.692: [GC (Allocation Failure) 8813.692: [ParNew
Desired survivor size 8716288 bytes, new threshold 6 (max 6)
- age   1:      58656 bytes,      58656 total
- age   3:       1000 bytes,      59656 total
- age   5:        968 bytes,      60624 total
- age   6:        336 bytes,      60960 total
: 136417K->89K(153344K), 0.0055301 secs] 303575K->167247K(1031552K), 0.0056155 secs] [Times: user=0.01 sys=0.00, real=0.00 secs] 
2016-08-24T16:34:54.776+0000: 8813.697: Total time for which application threads were stopped: 0.0063950 seconds, Stopping threads took: 0.0001018 seconds
2016-08-24T16:34:54.815+0000: 8813.736: [GC (Allocation Failure) 8813.736: [ParNew
Desired survivor size 8716288 bytes, new threshold 6 (max 6)
- age   1:      62096 bytes,      62096 total
- age   2:      14288 bytes,      76384 total
- age   4:       1000 bytes,      77384 total
- age   6:        968 bytes,      78352 total
: 136409K->88K(153344K), 0.0053857 secs] 303567K->167246K(1031552K), 0.0054979 secs] [Times: user=0.01 sys=0.00, real=0.01 secs] 
2016-08-24T16:34:54.821+0000: 8813.742: Total time for which application threads were stopped: 0.0063508 seconds, Stopping threads took: 0.0000967 seconds
2016-08-24T16:34:55.821+0000: 8814.743: Total time for which application threads were stopped: 0.0006598 seconds, Stopping threads took: 0.0001371 seconds
2016-08-24T16:35:04.417+0000: 8823.338: [GC (Allocation Failure) 8823.338: [ParNew
Desired survivor size 8716288 bytes, new threshold 6 (max 6)
- age   1:     887864 bytes,     887864 total
- age   3:        968 bytes,     888832 total
- age   5:        968 bytes,     889800 total
: 136408K->888K(153344K), 0.0076419 secs] 303566K->168047K(1031552K), 0.0077679 secs] [Times: user=0.01 sys=0.00, real=0.01 secs] 
2016-08-24T16:35:04.425+0000: 8823.346: Total time for which application threads were stopped: 0.0087293 seconds, Stopping threads took: 0.0001118 seconds
2016-08-24T16:35:04.462+0000: 8823.384: [GC (Allocation Failure) 8823.384: [ParNew
Desired survivor size 8716288 bytes, new threshold 6 (max 6)
- age   1:      62136 bytes,      62136 total
- age   2:     261536 bytes,     323672 total
- age   4:        968 bytes,     324640 total
- age   6:        968 bytes,     325608 total
: 137208K->428K(153344K), 0.0057238 secs] 304367K->167588K(1031552K), 0.0058245 secs] [Times: user=0.01 sys=0.00, real=0.01 secs] 
2016-08-24T16:35:04.468+0000: 8823.390: Total time for which application threads were stopped: 0.0066318 seconds, Stopping threads took: 0.0000990 seconds
2016-08-24T16:35:04.507+0000: 8823.429: [GC (Allocation Failure) 8823.429: [ParNew
Desired survivor size 8716288 bytes, new threshold 6 (max 6)
- age   1:      76504 bytes,      76504 total
- age   3:     246216 bytes,     322720 total
- age   5:        968 bytes,     323688 total
: 136748K->426K(153344K), 0.0060172 secs] 303908K->167587K(1031552K), 0.0061208 secs] [Times: user=0.01 sys=0.00, real=0.01 secs] 
2016-08-24T16:35:04.514+0000: 8823.435: Total time for which application threads were stopped: 0.0069156 seconds, Stopping threads took: 0.0000974 seconds
2016-08-24T16:35:04.551+0000: 8823.473: [GC (Allocation Failure) 8823.473: [ParNew
Desired survivor size 8716288 bytes, new threshold 6 (max 6)
- age   1:      62224 bytes,      62224 total
- age   2:      17096 bytes,      79320 total
- age   4:     246216 bytes,     325536 total
- age   6:        968 bytes,     326504 total
: 136746K->451K(153344K), 0.0059487 secs] 303907K->167612K(1031552K), 0.0060577 secs] [Times: user=0.01 sys=0.00, real=0.00 secs] 
2016-08-24T16:35:04.558+0000: 8823.479: Total time for which application threads were stopped: 0.0069019 seconds, Stopping threads took: 0.0001023 seconds
2016-08-24T16:35:04.599+0000: 8823.520: [GC (Allocation Failure) 8823.521: [ParNew
Desired survivor size 8716288 bytes, new threshold 6 (max 6)
- age   1:      73264 bytes,      73264 total
- age   3:       1096 bytes,      74360 total
- age   5:     244368 bytes,     318728 total
: 136771K->458K(153344K), 0.0059014 secs] 303932K->167619K(1031552K), 0.0060203 secs] [Times: user=0.02 sys=0.00, real=0.01 secs] 
2016-08-24T16:35:04.605+0000: 8823.527: Total time for which application threads were stopped: 0.0068509 seconds, Stopping threads took: 0.0001007 seconds
2016-08-24T16:35:04.643+0000: 8823.564: [GC (Allocation Failure) 8823.564: [ParNew
Desired survivor size 8716288 bytes, new threshold 6 (max 6)
- age   1:      78888 bytes,      78888 total
- age   2:      19600 bytes,      98488 total
- age   4:       1096 bytes,      99584 total
- age   6:     244368 bytes,     343952 total
: 136778K->452K(153344K), 0.0057954 secs] 303939K->167614K(1031552K), 0.0058989 secs] [Times: user=0.01 sys=0.00, real=0.01 secs] 
2016-08-24T16:35:04.649+0000: 8823.570: Total time for which application threads were stopped: 0.0067399 seconds, Stopping threads took: 0.0001160 seconds
2016-08-24T16:35:04.690+0000: 8823.611: [GC (Allocation Failure) 8823.612: [ParNew
Desired survivor size 8716288 bytes, new threshold 6 (max 6)
- age   1:      72144 bytes,      72144 total
- age   3:       1000 bytes,      73144 total
- age   5:       1064 bytes,      74208 total
: 136772K->332K(153344K), 0.0061024 secs] 303934K->167735K(1031552K), 0.0062395 secs] [Times: user=0.00 sys=0.00, real=0.00 secs] 
2016-08-24T16:35:04.696+0000: 8823.618: Total time for which application threads were stopped: 0.0070669 seconds, Stopping threads took: 0.0000975 seconds
2016-08-24T16:35:04.735+0000: 8823.657: [GC (Allocation Failure) 8823.657: [ParNew
Desired survivor size 8716288 bytes, new threshold 6 (max 6)
- age   1:      62464 bytes,      62464 total
- age   2:       1000 bytes,      63464 total
- age   4:        968 bytes,      64432 total
- age   6:       1064 bytes,      65496 total
: 136652K->115K(153344K), 0.0057702 secs] 304055K->167518K(1031552K), 0.0058898 secs] [Times: user=0.01 sys=0.00, real=0.01 secs] 
2016-08-24T16:35:04.741+0000: 8823.663: Total time for which application threads were stopped: 0.0067317 seconds, Stopping threads took: 0.0000996 seconds
2016-08-24T16:35:04.782+0000: 8823.703: [GC (Allocation Failure) 8823.703: [ParNew
Desired survivor size 8716288 bytes, new threshold 6 (max 6)
- age   1:      64864 bytes,      64864 total
- age   2:       4736 bytes,      69600 total
- age   3:       1000 bytes,      70600 total
- age   5:        968 bytes,      71568 total
: 136435K->87K(153344K), 0.0060422 secs] 303838K->167491K(1031552K), 0.0061607 secs] [Times: user=0.01 sys=0.00, real=0.00 secs] 
2016-08-24T16:35:04.788+0000: 8823.710: Total time for which application threads were stopped: 0.0070235 seconds, Stopping threads took: 0.0001037 seconds
2016-08-24T16:35:04.829+0000: 8823.751: [GC (Allocation Failure) 8823.751: [ParNew
Desired survivor size 8716288 bytes, new threshold 6 (max 6)
- age   1:      60416 bytes,      60416 total
- age   3:       1000 bytes,      61416 total
- age   4:        968 bytes,      62384 total
- age   6:        968 bytes,      63352 total
: 136407K->86K(153344K), 0.0056994 secs] 303811K->167490K(1031552K), 0.0058114 secs] [Times: user=0.01 sys=0.00, real=0.00 secs] 
2016-08-24T16:35:04.835+0000: 8823.757: Total time for which application threads were stopped: 0.0066507 seconds, Stopping threads took: 0.0001003 seconds
2016-08-24T16:35:04.873+0000: 8823.794: [GC (Allocation Failure) 8823.794: [ParNew
Desired survivor size 8716288 bytes, new threshold 6 (max 6)
- age   1:      82592 bytes,      82592 total
- age   2:       7832 bytes,      90424 total
- age   4:       1000 bytes,      91424 total
- age   5:        968 bytes,      92392 total
: 136406K->101K(153344K), 0.0056961 secs] 303810K->167506K(1031552K), 0.0058117 secs] [Times: user=0.02 sys=0.00, real=0.00 secs] 
2016-08-24T16:35:04.879+0000: 8823.800: Total time for which application threads were stopped: 0.0066927 seconds, Stopping threads took: 0.0000995 seconds
2016-08-24T16:35:14.401+0000: 8833.323: [GC (Allocation Failure) 8833.323: [ParNew
Desired survivor size 8716288 bytes, new threshold 6 (max 6)
- age   1:     962328 bytes,     962328 total
- age   3:        968 bytes,     963296 total
- age   5:        968 bytes,     964264 total
- age   6:        968 bytes,     965232 total
: 136421K->986K(153344K), 0.0074756 secs] 303826K->168391K(1031552K), 0.0076244 secs] [Times: user=0.01 sys=0.00, real=0.01 secs] 
2016-08-24T16:35:14.409+0000: 8833.331: Total time for which application threads were stopped: 0.0086567 seconds, Stopping threads took: 0.0001358 seconds
2016-08-24T16:35:14.447+0000: 8833.369: [GC (Allocation Failure) 8833.369: [ParNew
Desired survivor size 8716288 bytes, new threshold 6 (max 6)
- age   1:      68112 bytes,      68112 total
- age   2:     265416 bytes,     333528 total
- age   4:        968 bytes,     334496 total
- age   6:        968 bytes,     335464 total
: 137306K->473K(153344K), 0.0054678 secs] 304711K->167879K(1031552K), 0.0055787 secs] [Times: user=0.02 sys=0.00, real=0.01 secs] 
2016-08-24T16:35:14.453+0000: 8833.375: Total time for which application threads were stopped: 0.0064166 seconds, Stopping threads took: 0.0001004 seconds
2016-08-24T16:35:14.494+0000: 8833.415: [GC (Allocation Failure) 8833.415: [ParNew
Desired survivor size 8716288 bytes, new threshold 6 (max 6)
- age   1:      66864 bytes,      66864 total
- age   2:        440 bytes,      67304 total
- age   3:     256560 bytes,     323864 total
- age   5:        968 bytes,     324832 total
: 136793K->461K(153344K), 0.0055736 secs] 304199K->167868K(1031552K), 0.0056783 secs] [Times: user=0.01 sys=0.00, real=0.00 secs] 
2016-08-24T16:35:14.499+0000: 8833.421: Total time for which application threads were stopped: 0.0064804 seconds, Stopping threads took: 0.0000997 seconds
2016-08-24T16:35:14.537+0000: 8833.459: [GC (Allocation Failure) 8833.459: [ParNew
Desired survivor size 8716288 bytes, new threshold 6 (max 6)
- age   1:      74480 bytes,      74480 total
- age   2:      10384 bytes,      84864 total
- age   3:        336 bytes,      85200 total
- age   4:     256520 bytes,     341720 total
- age   6:        968 bytes,     342688 total
: 136781K->438K(153344K), 0.0057981 secs] 304188K->167845K(1031552K), 0.0059034 secs] [Times: user=0.01 sys=0.00, real=0.01 secs] 
2016-08-24T16:35:14.543+0000: 8833.465: Total time for which application threads were stopped: 0.0067400 seconds, Stopping threads took: 0.0001254 seconds
2016-08-24T16:35:14.583+0000: 8833.504: [GC (Allocation Failure) 8833.504: [ParNew
Desired survivor size 8716288 bytes, new threshold 6 (max 6)
- age   1:      78040 bytes,      78040 total
- age   2:        248 bytes,      78288 total
- age   3:       1096 bytes,      79384 total
- age   4:        336 bytes,      79720 total
- age   5:     254672 bytes,     334392 total
: 136758K->491K(153344K), 0.0057979 secs] 304165K->167899K(1031552K), 0.0059283 secs] [Times: user=0.01 sys=0.00, real=0.01 secs] 
2016-08-24T16:35:14.589+0000: 8833.510: Total time for which application threads were stopped: 0.0067584 seconds, Stopping threads took: 0.0000992 seconds
2016-08-24T16:35:14.628+0000: 8833.550: [GC (Allocation Failure) 8833.550: [ParNew
Desired survivor size 8716288 bytes, new threshold 6 (max 6)
- age   1:      63712 bytes,      63712 total
- age   2:      13992 bytes,      77704 total
- age   3:        248 bytes,      77952 total
- age   4:       1096 bytes,      79048 total
- age   5:        336 bytes,      79384 total
- age   6:     254672 bytes,     334056 total
: 136811K->467K(153344K), 0.0053430 secs] 304219K->167875K(1031552K), 0.0054495 secs] [Times: user=0.00 sys=0.00, real=0.00 secs] 
2016-08-24T16:35:14.634+0000: 8833.555: Total time for which application threads were stopped: 0.0062835 seconds, Stopping threads took: 0.0000963 seconds
2016-08-24T16:35:14.675+0000: 8833.596: [GC (Allocation Failure) 8833.597: [ParNew
Desired survivor size 8716288 bytes, new threshold 6 (max 6)
- age   1:      82336 bytes,      82336 total
- age   3:       1000 bytes,      83336 total
- age   4:        248 bytes,      83584 total
- age   5:       1064 bytes,      84648 total
- age   6:        336 bytes,      84984 total
: 136787K->310K(153344K), 0.0064476 secs] 304195K->167970K(1031552K), 0.0065770 secs] [Times: user=0.01 sys=0.00, real=0.01 secs] 
2016-08-24T16:35:14.682+0000: 8833.603: Total time for which application threads were stopped: 0.0074387 seconds, Stopping threads took: 0.0001004 seconds
2016-08-24T16:35:14.721+0000: 8833.643: [GC (Allocation Failure) 8833.643: [ParNew
Desired survivor size 8716288 bytes, new threshold 6 (max 6)
- age   1:      80528 bytes,      80528 total
- age   2:      16192 bytes,      96720 total
- age   4:       1000 bytes,      97720 total
- age   5:        248 bytes,      97968 total
- age   6:       1064 bytes,      99032 total
: 136630K->152K(153344K), 0.0056188 secs] 304290K->167812K(1031552K), 0.0057125 secs] [Times: user=0.01 sys=0.00, real=0.00 secs] 
2016-08-24T16:35:14.727+0000: 8833.648: Total time for which application threads were stopped: 0.0065325 seconds, Stopping threads took: 0.0001201 seconds
2016-08-24T16:35:14.769+0000: 8833.690: [GC (Allocation Failure) 8833.690: [ParNew
Desired survivor size 8716288 bytes, new threshold 6 (max 6)
- age   1:      69024 bytes,      69024 total
- age   3:       1000 bytes,      70024 total
- age   5:        968 bytes,      70992 total
- age   6:        248 bytes,      71240 total
: 136472K->77K(153344K), 0.0059040 secs] 304132K->167739K(1031552K), 0.0060214 secs] [Times: user=0.01 sys=0.00, real=0.00 secs] 
2016-08-24T16:35:14.775+0000: 8833.696: Total time for which application threads were stopped: 0.0069083 seconds, Stopping threads took: 0.0001013 seconds
2016-08-24T16:35:14.815+0000: 8833.736: [GC (Allocation Failure) 8833.736: [ParNew
Desired survivor size 8716288 bytes, new threshold 6 (max 6)
- age   1:      83232 bytes,      83232 total
- age   2:      19336 bytes,     102568 total
- age   4:       1000 bytes,     103568 total
- age   6:        968 bytes,     104536 total
: 136397K->125K(153344K), 0.0059106 secs] 304059K->167787K(1031552K), 0.0060102 secs] [Times: user=0.02 sys=0.00, real=0.01 secs] 
2016-08-24T16:35:14.821+0000: 8833.742: Total time for which application threads were stopped: 0.0068169 seconds, Stopping threads took: 0.0000992 seconds
2016-08-24T16:35:14.863+0000: 8833.785: [GC (Allocation Failure) 8833.785: [ParNew
Desired survivor size 8716288 bytes, new threshold 6 (max 6)
- age   1:      69032 bytes,      69032 total
- age   3:       1000 bytes,      70032 total
- age   5:        968 bytes,      71000 total
: 136445K->127K(153344K), 0.0057846 secs] 304107K->167789K(1031552K), 0.0058808 secs] [Times: user=0.01 sys=0.00, real=0.01 secs] 
2016-08-24T16:35:14.869+0000: 8833.791: Total time for which application threads were stopped: 0.0066557 seconds, Stopping threads took: 0.0000994 seconds
2016-08-24T16:35:14.970+0000: 8833.892: [GC (Allocation Failure) 8833.892: [ParNew
Desired survivor size 8716288 bytes, new threshold 6 (max 6)
- age   1:     295024 bytes,     295024 total
- age   2:        968 bytes,     295992 total
- age   4:        968 bytes,     296960 total
- age   6:        968 bytes,     297928 total
: 136447K->294K(153344K), 0.0068277 secs] 304109K->167957K(1031552K), 0.0069537 secs] [Times: user=0.01 sys=0.00, real=0.00 secs] 
2016-08-24T16:35:14.977+0000: 8833.899: Total time for which application threads were stopped: 0.0080785 seconds, Stopping threads took: 0.0002128 seconds
2016-08-24T16:35:16.691+0000: 8835.613: Total time for which application threads were stopped: 0.0013872 seconds, Stopping threads took: 0.0001517 seconds
2016-08-24T16:35:16.692+0000: 8835.614: Total time for which application threads were stopped: 0.0010265 seconds, Stopping threads took: 0.0000831 seconds
2016-08-24T16:35:16.694+0000: 8835.615: Total time for which application threads were stopped: 0.0009903 seconds, Stopping threads took: 0.0001930 seconds
2016-08-24T16:35:16.854+0000: 8835.776: Total time for which application threads were stopped: 0.0008300 seconds, Stopping threads took: 0.0001190 seconds
2016-08-24T16:35:16.858+0000: 8835.779: Total time for which application threads were stopped: 0.0033260 seconds, Stopping threads took: 0.0000363 seconds
2016-08-24T16:35:16.858+0000: 8835.780: Total time for which application threads were stopped: 0.0005055 seconds, Stopping threads took: 0.0000656 seconds
2016-08-24T16:35:18.861+0000: 8837.782: Total time for which application threads were stopped: 0.0018820 seconds, Stopping threads took: 0.0002592 seconds
2016-08-24T16:35:24.571+0000: 8843.492: [GC (Allocation Failure) 8843.492: [ParNew
Desired survivor size 8716288 bytes, new threshold 6 (max 6)
- age   1:    1226656 bytes,    1226656 total
- age   2:      92944 bytes,    1319600 total
- age   3:        968 bytes,    1320568 total
- age   5:        968 bytes,    1321536 total
: 136614K->1334K(153344K), 0.0100102 secs] 304277K->168998K(1031552K), 0.0101579 secs] [Times: user=0.02 sys=0.00, real=0.01 secs] 
2016-08-24T16:35:24.581+0000: 8843.503: Total time for which application threads were stopped: 0.0109893 seconds, Stopping threads took: 0.0000981 seconds
2016-08-24T16:35:24.622+0000: 8843.543: [GC (Allocation Failure) 8843.543: [ParNew
Desired survivor size 8716288 bytes, new threshold 6 (max 6)
- age   1:      76640 bytes,      76640 total
- age   2:     276792 bytes,     353432 total
- age   3:      90168 bytes,     443600 total
- age   4:        968 bytes,     444568 total
- age   6:        968 bytes,     445536 total
: 137654K->528K(153344K), 0.0060007 secs] 305318K->168192K(1031552K), 0.0061130 secs] [Times: user=0.01 sys=0.00, real=0.00 secs] 
2016-08-24T16:35:24.628+0000: 8843.550: Total time for which application threads were stopped: 0.0069578 seconds, Stopping threads took: 0.0001017 seconds
2016-08-24T16:35:24.667+0000: 8843.588: [GC (Allocation Failure) 8843.588: [ParNew
Desired survivor size 8716288 bytes, new threshold 6 (max 6)
- age   1:      74968 bytes,      74968 total
- age   2:        288 bytes,      75256 total
- age   3:     255168 bytes,     330424 total
- age   4:      90168 bytes,     420592 total
- age   5:        968 bytes,     421560 total
: 136848K->610K(153344K), 0.0067509 secs] 304512K->168275K(1031552K), 0.0068633 secs] [Times: user=0.02 sys=0.00, real=0.01 secs] 
2016-08-24T16:35:24.674+0000: 8843.595: Total time for which application threads were stopped: 0.0077072 seconds, Stopping threads took: 0.0001002 seconds
2016-08-24T16:35:24.717+0000: 8843.638: [GC (Allocation Failure) 8843.638: [ParNew
Desired survivor size 8716288 bytes, new threshold 6 (max 6)
- age   1:      66728 bytes,      66728 total
- age   2:       1096 bytes,      67824 total
- age   3:        288 bytes,      68112 total
- age   4:     253320 bytes,     321432 total
- age   5:      90168 bytes,     411600 total
- age   6:        968 bytes,     412568 total
: 136930K->599K(153344K), 0.0065807 secs] 304595K->168264K(1031552K), 0.0067043 secs] [Times: user=0.01 sys=0.00, real=0.01 secs] 
2016-08-24T16:35:24.723+0000: 8843.645: Total time for which application threads were stopped: 0.0076963 seconds, Stopping threads took: 0.0001016 seconds
2016-08-24T16:35:24.762+0000: 8843.684: [GC (Allocation Failure) 8843.684: [ParNew
Desired survivor size 8716288 bytes, new threshold 6 (max 6)
- age   1:      70640 bytes,      70640 total
- age   2:       4856 bytes,      75496 total
- age   3:       1096 bytes,      76592 total
- age   4:        288 bytes,      76880 total
- age   5:     253320 bytes,     330200 total
- age   6:      90168 bytes,     420368 total
: 136919K->587K(153344K), 0.0070230 secs] 304584K->168253K(1031552K), 0.0071228 secs] [Times: user=0.02 sys=0.00, real=0.01 secs] 
2016-08-24T16:35:24.769+0000: 8843.691: Total time for which application threads were stopped: 0.0079567 seconds, Stopping threads took: 0.0001033 seconds
2016-08-24T16:35:24.812+0000: 8843.734: [GC (Allocation Failure) 8843.734: [ParNew
Desired survivor size 8716288 bytes, new threshold 6 (max 6)
- age   1:      57000 bytes,      57000 total
- age   3:       1000 bytes,      58000 total
- age   4:       1064 bytes,      59064 total
- age   5:        288 bytes,      59352 total
- age   6:     251504 bytes,     310856 total
: 136907K->410K(153344K), 0.0072040 secs] 304573K->168166K(1031552K), 0.0073412 secs] [Times: user=0.01 sys=0.00, real=0.00 secs] 
2016-08-24T16:35:24.820+0000: 8843.741: Total time for which application threads were stopped: 0.0082310 seconds, Stopping threads took: 0.0001000 seconds
2016-08-24T16:35:24.861+0000: 8843.782: [GC (Allocation Failure) 8843.782: [ParNew
Desired survivor size 8716288 bytes, new threshold 6 (max 6)
- age   1:      80680 bytes,      80680 total
- age   2:       8120 bytes,      88800 total
- age   4:       1000 bytes,      89800 total
- age   5:       1064 bytes,      90864 total
- age   6:        288 bytes,      91152 total
: 136730K->329K(153344K), 0.0069402 secs] 304486K->168336K(1031552K), 0.0070388 secs] [Times: user=0.01 sys=0.00, real=0.00 secs] 
2016-08-24T16:35:24.868+0000: 8843.789: Total time for which application threads were stopped: 0.0079017 seconds, Stopping threads took: 0.0001002 seconds
2016-08-24T16:35:24.910+0000: 8843.831: [GC (Allocation Failure) 8843.831: [ParNew
Desired survivor size 8716288 bytes, new threshold 6 (max 6)
- age   1:      69688 bytes,      69688 total
- age   3:       1000 bytes,      70688 total
- age   5:        968 bytes,      71656 total
- age   6:       1064 bytes,      72720 total
: 136649K->118K(153344K), 0.0058669 secs] 304656K->168124K(1031552K), 0.0059804 secs] [Times: user=0.01 sys=0.00, real=0.00 secs] 
2016-08-24T16:35:24.916+0000: 8843.837: Total time for which application threads were stopped: 0.0068472 seconds, Stopping threads took: 0.0000955 seconds
2016-08-24T16:35:24.956+0000: 8843.878: [GC (Allocation Failure) 8843.878: [ParNew
Desired survivor size 8716288 bytes, new threshold 6 (max 6)
- age   1:      88784 bytes,      88784 total
- age   2:      11544 bytes,     100328 total
- age   4:       1000 bytes,     101328 total
- age   6:        968 bytes,     102296 total
: 136438K->123K(153344K), 0.0062302 secs] 304444K->168131K(1031552K), 0.0063404 secs] [Times: user=0.02 sys=0.00, real=0.01 secs] 
2016-08-24T16:35:24.963+0000: 8843.884: Total time for which application threads were stopped: 0.0071810 seconds, Stopping threads took: 0.0001321 seconds
2016-08-24T16:35:25.002+0000: 8843.924: [GC (Allocation Failure) 8843.924: [ParNew
Desired survivor size 8716288 bytes, new threshold 6 (max 6)
- age   1:      64976 bytes,      64976 total
- age   3:       1000 bytes,      65976 total
- age   5:        968 bytes,      66944 total
: 136443K->92K(153344K), 0.0064090 secs] 304451K->168100K(1031552K), 0.0065286 secs] [Times: user=0.01 sys=0.00, real=0.01 secs] 
2016-08-24T16:35:25.009+0000: 8843.931: Total time for which application threads were stopped: 0.0073759 seconds, Stopping threads took: 0.0000978 seconds
2016-08-24T16:35:25.051+0000: 8843.972: [GC (Allocation Failure) 8843.972: [ParNew
Desired survivor size 8716288 bytes, new threshold 6 (max 6)
- age   1:      64776 bytes,      64776 total
- age   2:      14360 bytes,      79136 total
- age   4:       1000 bytes,      80136 total
- age   6:        968 bytes,      81104 total
: 136412K->97K(153344K), 0.0061284 secs] 304420K->168106K(1031552K), 0.0062224 secs] [Times: user=0.01 sys=0.00, real=0.00 secs] 
2016-08-24T16:35:25.057+0000: 8843.979: Total time for which application threads were stopped: 0.0070472 seconds, Stopping threads took: 0.0001030 seconds
2016-08-24T16:35:28.058+0000: 8846.980: Total time for which application threads were stopped: 0.0006543 seconds, Stopping threads took: 0.0001097 seconds
2016-08-24T16:35:34.366+0000: 8853.288: [GC (Allocation Failure) 8853.288: [ParNew
Desired survivor size 8716288 bytes, new threshold 6 (max 6)
- age   1:     955536 bytes,     955536 total
- age   3:        968 bytes,     956504 total
- age   5:        968 bytes,     957472 total
: 136417K->942K(153344K), 0.0075592 secs] 304426K->168951K(1031552K), 0.0077085 secs] [Times: user=0.01 sys=0.00, real=0.01 secs] 
2016-08-24T16:35:34.374+0000: 8853.296: Total time for which application threads were stopped: 0.0085621 seconds, Stopping threads took: 0.0001370 seconds
2016-08-24T16:35:34.413+0000: 8853.335: [GC (Allocation Failure) 8853.335: [ParNew
Desired survivor size 8716288 bytes, new threshold 6 (max 6)
- age   1:      68040 bytes,      68040 total
- age   2:     266920 bytes,     334960 total
- age   4:        968 bytes,     335928 total
- age   6:        968 bytes,     336896 total
: 137262K->431K(153344K), 0.0055605 secs] 305271K->168441K(1031552K), 0.0056769 secs] [Times: user=0.02 sys=0.00, real=0.00 secs] 
2016-08-24T16:35:34.419+0000: 8853.341: Total time for which application threads were stopped: 0.0065006 seconds, Stopping threads took: 0.0000897 seconds
2016-08-24T16:35:34.461+0000: 8853.382: [GC (Allocation Failure) 8853.382: [ParNew
Desired survivor size 8716288 bytes, new threshold 6 (max 6)
- age   1:      73928 bytes,      73928 total
- age   2:        344 bytes,      74272 total
- age   3:     251600 bytes,     325872 total
- age   5:        968 bytes,     326840 total
: 136751K->439K(153344K), 0.0060305 secs] 304761K->168449K(1031552K), 0.0061259 secs] [Times: user=0.01 sys=0.00, real=0.00 secs] 
2016-08-24T16:35:34.467+0000: 8853.389: Total time for which application threads were stopped: 0.0070086 seconds, Stopping threads took: 0.0001468 seconds
2016-08-24T16:35:34.505+0000: 8853.426: [GC (Allocation Failure) 8853.426: [ParNew
Desired survivor size 8716288 bytes, new threshold 6 (max 6)
- age   1:      63376 bytes,      63376 total
- age   2:      17096 bytes,      80472 total
- age   3:        344 bytes,      80816 total
- age   4:     251600 bytes,     332416 total
- age   6:        968 bytes,     333384 total
: 136759K->458K(153344K), 0.0060363 secs] 304769K->168468K(1031552K), 0.0061561 secs] [Times: user=0.02 sys=0.00, real=0.01 secs] 
2016-08-24T16:35:34.511+0000: 8853.433: Total time for which application threads were stopped: 0.0070335 seconds, Stopping threads took: 0.0000970 seconds
2016-08-24T16:35:34.553+0000: 8853.475: [GC (Allocation Failure) 8853.475: [ParNew
Desired survivor size 8716288 bytes, new threshold 6 (max 6)
- age   1:      79736 bytes,      79736 total
- age   3:       1096 bytes,      80832 total
- age   4:        272 bytes,      81104 total
- age   5:     249752 bytes,     330856 total
: 136778K->467K(153344K), 0.0059181 secs] 304788K->168478K(1031552K), 0.0060116 secs] [Times: user=0.01 sys=0.00, real=0.00 secs] 
2016-08-24T16:35:34.559+0000: 8853.481: Total time for which application threads were stopped: 0.0068180 seconds, Stopping threads took: 0.0000885 seconds
2016-08-24T16:35:34.598+0000: 8853.519: [GC (Allocation Failure) 8853.519: [ParNew
Desired survivor size 8716288 bytes, new threshold 6 (max 6)
- age   1:      80200 bytes,      80200 total
- age   2:      19936 bytes,     100136 total
- age   4:       1096 bytes,     101232 total
- age   5:        272 bytes,     101504 total
- age   6:     249752 bytes,     351256 total
: 136787K->483K(153344K), 0.0059393 secs] 304798K->168494K(1031552K), 0.0060568 secs] [Times: user=0.01 sys=0.00, real=0.01 secs] 
2016-08-24T16:35:34.604+0000: 8853.526: Total time for which application threads were stopped: 0.0069347 seconds, Stopping threads took: 0.0000996 seconds
2016-08-24T16:35:34.647+0000: 8853.568: [GC (Allocation Failure) 8853.568: [ParNew
Desired survivor size 8716288 bytes, new threshold 6 (max 6)
- age   1:      71160 bytes,      71160 total
- age   3:       1336 bytes,      72496 total
- age   5:       1064 bytes,      73560 total
- age   6:        272 bytes,      73832 total
: 136803K->328K(153344K), 0.0059896 secs] 304814K->168587K(1031552K), 0.0060848 secs] [Times: user=0.01 sys=0.00, real=0.01 secs] 
2016-08-24T16:35:34.653+0000: 8853.575: Total time for which application threads were stopped: 0.0069473 seconds, Stopping threads took: 0.0001255 seconds
2016-08-24T16:35:34.693+0000: 8853.614: [GC (Allocation Failure) 8853.614: [ParNew
Desired survivor size 8716288 bytes, new threshold 6 (max 6)
- age   1:      70304 bytes,      70304 total
- age   2:       1000 bytes,      71304 total
- age   4:       1304 bytes,      72608 total
- age   6:       1064 bytes,      73672 total
: 136648K->114K(153344K), 0.0053960 secs] 304907K->168373K(1031552K), 0.0055182 secs] [Times: user=0.01 sys=0.00, real=0.00 secs] 
2016-08-24T16:35:34.698+0000: 8853.620: Total time for which application threads were stopped: 0.0064093 seconds, Stopping threads took: 0.0000898 seconds
2016-08-24T16:35:34.740+0000: 8853.661: [GC (Allocation Failure) 8853.661: [ParNew
Desired survivor size 8716288 bytes, new threshold 6 (max 6)
- age   1:      71848 bytes,      71848 total
- age   2:       4632 bytes,      76480 total
- age   3:       1000 bytes,      77480 total
- age   5:       1304 bytes,      78784 total
: 136434K->100K(153344K), 0.0054686 secs] 304693K->168360K(1031552K), 0.0055577 secs] [Times: user=0.02 sys=0.00, real=0.01 secs] 
2016-08-24T16:35:34.745+0000: 8853.667: Total time for which application threads were stopped: 0.0064029 seconds, Stopping threads took: 0.0001065 seconds
2016-08-24T16:35:34.785+0000: 8853.707: [GC (Allocation Failure) 8853.707: [ParNew
Desired survivor size 8716288 bytes, new threshold 6 (max 6)
- age   1:      80032 bytes,      80032 total
- age   3:       1000 bytes,      81032 total
- age   4:        968 bytes,      82000 total
- age   6:       1232 bytes,      83232 total
: 136420K->116K(153344K), 0.0058336 secs] 304680K->168376K(1031552K), 0.0059510 secs] [Times: user=0.01 sys=0.00, real=0.01 secs] 
2016-08-24T16:35:34.791+0000: 8853.713: Total time for which application threads were stopped: 0.0068239 seconds, Stopping threads took: 0.0001156 seconds
2016-08-24T16:35:34.834+0000: 8853.756: [GC (Allocation Failure) 8853.756: [ParNew
Desired survivor size 8716288 bytes, new threshold 6 (max 6)
- age   1:      67368 bytes,      67368 total
- age   2:       8080 bytes,      75448 total
- age   4:       1000 bytes,      76448 total
- age   5:        968 bytes,      77416 total
: 136436K->89K(153344K), 0.0053826 secs] 304696K->168350K(1031552K), 0.0054681 secs] [Times: user=0.01 sys=0.00, real=0.00 secs] 
2016-08-24T16:35:34.840+0000: 8853.761: Total time for which application threads were stopped: 0.0062376 seconds, Stopping threads took: 0.0000973 seconds
2016-08-24T16:35:43.847+0000: 8862.769: [GC (Allocation Failure) 8862.769: [ParNew
Desired survivor size 8716288 bytes, new threshold 6 (max 6)
- age   1:    1018600 bytes,    1018600 total
- age   3:       1032 bytes,    1019632 total
- age   5:        968 bytes,    1020600 total
- age   6:        968 bytes,    1021568 total
: 136409K->1013K(153344K), 0.0077031 secs] 304670K->169274K(1031552K), 0.0078230 secs] [Times: user=0.01 sys=0.00, real=0.01 secs] 
2016-08-24T16:35:43.855+0000: 8862.777: Total time for which application threads were stopped: 0.0087991 seconds, Stopping threads took: 0.0001044 seconds
2016-08-24T16:35:43.894+0000: 8862.816: [GC (Allocation Failure) 8862.816: [ParNew
Desired survivor size 8716288 bytes, new threshold 6 (max 6)
- age   1:      72832 bytes,      72832 total
- age   2:     283680 bytes,     356512 total
- age   4:       1032 bytes,     357544 total
- age   6:        968 bytes,     358512 total
: 137333K->460K(153344K), 0.0057111 secs] 305594K->168721K(1031552K), 0.0058150 secs] [Times: user=0.01 sys=0.00, real=0.01 secs] 
2016-08-24T16:35:43.900+0000: 8862.822: Total time for which application threads were stopped: 0.0066419 seconds, Stopping threads took: 0.0001005 seconds
2016-08-24T16:35:43.941+0000: 8862.863: [GC (Allocation Failure) 8862.863: [ParNew
Desired survivor size 8716288 bytes, new threshold 6 (max 6)
- age   1:      77416 bytes,      77416 total
- age   2:        232 bytes,      77648 total
- age   3:     274568 bytes,     352216 total
- age   5:       1032 bytes,     353248 total
: 136780K->613K(153344K), 0.0057729 secs] 305041K->168876K(1031552K), 0.0058736 secs] [Times: user=0.01 sys=0.00, real=0.00 secs] 
2016-08-24T16:35:43.947+0000: 8862.869: Total time for which application threads were stopped: 0.0066756 seconds, Stopping threads took: 0.0001020 seconds
2016-08-24T16:35:43.986+0000: 8862.908: [GC (Allocation Failure) 8862.908: [ParNew
Desired survivor size 8716288 bytes, new threshold 6 (max 6)
- age   1:      82720 bytes,      82720 total
- age   2:      10056 bytes,      92776 total
- age   3:        232 bytes,      93008 total
- age   4:     274568 bytes,     367576 total
- age   6:       1032 bytes,     368608 total
: 136933K->412K(153344K), 0.0065619 secs] 305196K->168675K(1031552K), 0.0066935 secs] [Times: user=0.01 sys=0.00, real=0.01 secs] 
2016-08-24T16:35:43.993+0000: 8862.915: Total time for which application threads were stopped: 0.0075421 seconds, Stopping threads took: 0.0001008 seconds
2016-08-24T16:35:44.033+0000: 8862.955: [GC (Allocation Failure) 8862.955: [ParNew
Desired survivor size 8716288 bytes, new threshold 6 (max 6)
- age   1:      70104 bytes,      70104 total
- age   3:       1096 bytes,      71200 total
- age   4:        232 bytes,      71432 total
- age   5:     272720 bytes,     344152 total
: 136732K->474K(153344K), 0.0063653 secs] 304995K->168737K(1031552K), 0.0064906 secs] [Times: user=0.01 sys=0.00, real=0.00 secs] 
2016-08-24T16:35:44.040+0000: 8862.962: Total time for which application threads were stopped: 0.0073632 seconds, Stopping threads took: 0.0000985 seconds
2016-08-24T16:35:44.081+0000: 8863.002: [GC (Allocation Failure) 8863.002: [ParNew
Desired survivor size 8716288 bytes, new threshold 6 (max 6)
- age   1:      82696 bytes,      82696 total
- age   2:      13832 bytes,      96528 total
- age   4:       1096 bytes,      97624 total
- age   5:        232 bytes,      97856 total
- age   6:     272720 bytes,     370576 total
: 136794K->479K(153344K), 0.0064419 secs] 305057K->168743K(1031552K), 0.0065569 secs] [Times: user=0.02 sys=0.00, real=0.00 secs] 
2016-08-24T16:35:44.088+0000: 8863.009: Total time for which application threads were stopped: 0.0074002 seconds, Stopping threads took: 0.0000884 seconds
2016-08-24T16:35:44.127+0000: 8863.049: [GC (Allocation Failure) 8863.049: [ParNew
Desired survivor size 8716288 bytes, new threshold 6 (max 6)
- age   1:      59936 bytes,      59936 total
- age   3:       1000 bytes,      60936 total
- age   5:       1064 bytes,      62000 total
- age   6:        232 bytes,      62232 total
: 136799K->353K(153344K), 0.0067723 secs] 305063K->168887K(1031552K), 0.0068884 secs] [Times: user=0.01 sys=0.00, real=0.01 secs] 
2016-08-24T16:35:44.134+0000: 8863.056: Total time for which application threads were stopped: 0.0077323 seconds, Stopping threads took: 0.0001209 seconds
2016-08-24T16:35:44.174+0000: 8863.096: [GC (Allocation Failure) 8863.096: [ParNew
Desired survivor size 8716288 bytes, new threshold 6 (max 6)
- age   1:      89888 bytes,      89888 total
- age   2:      15920 bytes,     105808 total
- age   4:       1000 bytes,     106808 total
- age   6:       1064 bytes,     107872 total
: 136673K->161K(153344K), 0.0061713 secs] 305207K->168696K(1031552K), 0.0062948 secs] [Times: user=0.01 sys=0.00, real=0.01 secs] 
2016-08-24T16:35:44.181+0000: 8863.102: Total time for which application threads were stopped: 0.0071341 seconds, Stopping threads took: 0.0001036 seconds
2016-08-24T16:35:44.220+0000: 8863.142: [GC (Allocation Failure) 8863.142: [ParNew
Desired survivor size 8716288 bytes, new threshold 6 (max 6)
- age   1:      76600 bytes,      76600 total
- age   3:       1000 bytes,      77600 total
- age   5:        968 bytes,      78568 total
: 136481K->106K(153344K), 0.0060559 secs] 305016K->168641K(1031552K), 0.0061752 secs] [Times: user=0.01 sys=0.00, real=0.01 secs] 
2016-08-24T16:35:44.226+0000: 8863.148: Total time for which application threads were stopped: 0.0070187 seconds, Stopping threads took: 0.0001024 seconds
2016-08-24T16:35:44.267+0000: 8863.188: [GC (Allocation Failure) 8863.188: [ParNew
Desired survivor size 8716288 bytes, new threshold 6 (max 6)
- age   1:      72792 bytes,      72792 total
- age   2:      19160 bytes,      91952 total
- age   4:       1000 bytes,      92952 total
- age   6:        968 bytes,      93920 total
: 136426K->103K(153344K), 0.0060711 secs] 304961K->168638K(1031552K), 0.0062019 secs] [Times: user=0.02 sys=0.00, real=0.01 secs] 
2016-08-24T16:35:44.273+0000: 8863.194: Total time for which application threads were stopped: 0.0071105 seconds, Stopping threads took: 0.0001032 seconds
2016-08-24T16:35:44.313+0000: 8863.235: [GC (Allocation Failure) 8863.235: [ParNew
Desired survivor size 8716288 bytes, new threshold 6 (max 6)
- age   1:      86744 bytes,      86744 total
- age   3:       1000 bytes,      87744 total
- age   5:        968 bytes,      88712 total
: 136423K->112K(153344K), 0.0060846 secs] 304958K->168648K(1031552K), 0.0062033 secs] [Times: user=0.01 sys=0.00, real=0.00 secs] 
2016-08-24T16:35:44.319+0000: 8863.241: Total time for which application threads were stopped: 0.0070942 seconds, Stopping threads took: 0.0001359 seconds
2016-08-24T16:35:44.519+0000: 8863.441: [GC (Allocation Failure) 8863.441: [ParNew
Desired survivor size 8716288 bytes, new threshold 6 (max 6)
- age   1:     261424 bytes,     261424 total
- age   2:       2296 bytes,     263720 total
- age   4:        968 bytes,     264688 total
- age   6:        968 bytes,     265656 total
: 136432K->301K(153344K), 0.0061464 secs] 304968K->168837K(1031552K), 0.0062482 secs] [Times: user=0.01 sys=0.00, real=0.01 secs] 
2016-08-24T16:35:44.525+0000: 8863.447: Total time for which application threads were stopped: 0.0071627 seconds, Stopping threads took: 0.0001651 seconds
2016-08-24T16:35:47.528+0000: 8866.449: Total time for which application threads were stopped: 0.0018193 seconds, Stopping threads took: 0.0002664 seconds
2016-08-24T16:35:54.450+0000: 8873.371: [GC (Allocation Failure) 8873.371: [ParNew
Desired survivor size 8716288 bytes, new threshold 6 (max 6)
- age   1:    1024032 bytes,    1024032 total
- age   2:     108944 bytes,    1132976 total
- age   3:        968 bytes,    1133944 total
- age   5:        968 bytes,    1134912 total
: 136621K->1154K(153344K), 0.0081346 secs] 305157K->169691K(1031552K), 0.0082541 secs] [Times: user=0.02 sys=0.00, real=0.00 secs] 
2016-08-24T16:35:54.458+0000: 8873.379: Total time for which application threads were stopped: 0.0090617 seconds, Stopping threads took: 0.0000975 seconds
2016-08-24T16:35:54.497+0000: 8873.418: [GC (Allocation Failure) 8873.418: [ParNew
Desired survivor size 8716288 bytes, new threshold 6 (max 6)
- age   1:      73888 bytes,      73888 total
- age   2:     243760 bytes,     317648 total
- age   3:      89008 bytes,     406656 total
- age   4:        968 bytes,     407624 total
- age   6:        968 bytes,     408592 total
: 137474K->618K(153344K), 0.0059563 secs] 306011K->169155K(1031552K), 0.0060698 secs] [Times: user=0.01 sys=0.00, real=0.01 secs] 
2016-08-24T16:35:54.503+0000: 8873.425: Total time for which application threads were stopped: 0.0069130 seconds, Stopping threads took: 0.0001080 seconds
2016-08-24T16:35:54.544+0000: 8873.466: [GC (Allocation Failure) 8873.466: [ParNew
Desired survivor size 8716288 bytes, new threshold 6 (max 6)
- age   1:      74880 bytes,      74880 total
- age   2:         96 bytes,      74976 total
- age   3:     220992 bytes,     295968 total
- age   4:      89008 bytes,     384976 total
- age   5:        968 bytes,     385944 total
: 136938K->380K(153344K), 0.0060424 secs] 305475K->168919K(1031552K), 0.0061686 secs] [Times: user=0.01 sys=0.00, real=0.01 secs] 
2016-08-24T16:35:54.551+0000: 8873.472: Total time for which application threads were stopped: 0.0070000 seconds, Stopping threads took: 0.0001147 seconds
2016-08-24T16:35:54.591+0000: 8873.513: [GC (Allocation Failure) 8873.513: [ParNew
Desired survivor size 8716288 bytes, new threshold 6 (max 6)
- age   1:      61136 bytes,      61136 total
- age   2:       1432 bytes,      62568 total
- age   3:         96 bytes,      62664 total
- age   4:     219144 bytes,     281808 total
- age   5:      89008 bytes,     370816 total
- age   6:        968 bytes,     371784 total
: 136700K->547K(153344K), 0.0059385 secs] 305239K->169086K(1031552K), 0.0060617 secs] [Times: user=0.01 sys=0.00, real=0.00 secs] 
2016-08-24T16:35:54.597+0000: 8873.519: Total time for which application threads were stopped: 0.0069015 seconds, Stopping threads took: 0.0000957 seconds
2016-08-24T16:35:54.637+0000: 8873.559: [GC (Allocation Failure) 8873.559: [ParNew
Desired survivor size 8716288 bytes, new threshold 6 (max 6)
- age   1:      80024 bytes,      80024 total
- age   2:       5152 bytes,      85176 total
- age   3:       1432 bytes,      86608 total
- age   4:         96 bytes,      86704 total
- age   5:     219144 bytes,     305848 total
- age   6:      89008 bytes,     394856 total
: 136867K->697K(153344K), 0.0064777 secs] 305406K->169236K(1031552K), 0.0065937 secs] [Times: user=0.01 sys=0.00, real=0.01 secs] 
2016-08-24T16:35:54.644+0000: 8873.566: Total time for which application threads were stopped: 0.0074422 seconds, Stopping threads took: 0.0000977 seconds
2016-08-24T16:35:54.686+0000: 8873.607: [GC (Allocation Failure) 8873.607: [ParNew
Desired survivor size 8716288 bytes, new threshold 6 (max 6)
- age   1:      65896 bytes,      65896 total
- age   3:       1000 bytes,      66896 total
- age   4:       1400 bytes,      68296 total
- age   5:         96 bytes,      68392 total
- age   6:     217328 bytes,     285720 total
: 137017K->357K(153344K), 0.0065496 secs] 305556K->168985K(1031552K), 0.0066692 secs] [Times: user=0.01 sys=0.00, real=0.01 secs] 
2016-08-24T16:35:54.693+0000: 8873.614: Total time for which application threads were stopped: 0.0075229 seconds, Stopping threads took: 0.0001014 seconds
2016-08-24T16:35:54.733+0000: 8873.654: [GC (Allocation Failure) 8873.655: [ParNew
Desired survivor size 8716288 bytes, new threshold 6 (max 6)
- age   1:      66312 bytes,      66312 total
- age   2:       8808 bytes,      75120 total
- age   4:       1000 bytes,      76120 total
- age   5:       1400 bytes,      77520 total
- age   6:         96 bytes,      77616 total
: 136677K->270K(153344K), 0.0068864 secs] 305305K->169115K(1031552K), 0.0070058 secs] [Times: user=0.01 sys=0.00, real=0.00 secs] 
2016-08-24T16:35:54.740+0000: 8873.662: Total time for which application threads were stopped: 0.0078978 seconds, Stopping threads took: 0.0001023 seconds
2016-08-24T16:35:54.782+0000: 8873.703: [GC (Allocation Failure) 8873.703: [ParNew
Desired survivor size 8716288 bytes, new threshold 6 (max 6)
- age   1:      67048 bytes,      67048 total
- age   3:       1000 bytes,      68048 total
- age   5:        968 bytes,      69016 total
- age   6:       1400 bytes,      70416 total
: 136590K->101K(153344K), 0.0060170 secs] 305435K->168947K(1031552K), 0.0061329 secs] [Times: user=0.01 sys=0.00, real=0.00 secs] 
2016-08-24T16:35:54.788+0000: 8873.710: Total time for which application threads were stopped: 0.0069945 seconds, Stopping threads took: 0.0001037 seconds
2016-08-24T16:35:54.829+0000: 8873.750: [GC (Allocation Failure) 8873.750: [ParNew
Desired survivor size 8716288 bytes, new threshold 6 (max 6)
- age   1:      88824 bytes,      88824 total
- age   2:      11952 bytes,     100776 total
- age   4:       1000 bytes,     101776 total
- age   6:        968 bytes,     102744 total
: 136421K->125K(153344K), 0.0059320 secs] 305267K->168972K(1031552K), 0.0060439 secs] [Times: user=0.01 sys=0.00, real=0.00 secs] 
2016-08-24T16:35:54.835+0000: 8873.756: Total time for which application threads were stopped: 0.0069207 seconds, Stopping threads took: 0.0001013 seconds
2016-08-24T16:35:54.876+0000: 8873.798: [GC (Allocation Failure) 8873.798: [ParNew
Desired survivor size 8716288 bytes, new threshold 6 (max 6)
- age   1:      60552 bytes,      60552 total
- age   3:       1000 bytes,      61552 total
- age   5:        968 bytes,      62520 total
: 136445K->89K(153344K), 0.0059389 secs] 305292K->168937K(1031552K), 0.0060572 secs] [Times: user=0.01 sys=0.00, real=0.01 secs] 
2016-08-24T16:35:54.883+0000: 8873.804: Total time for which application threads were stopped: 0.0069249 seconds, Stopping threads took: 0.0001035 seconds
2016-08-24T16:35:54.923+0000: 8873.845: [GC (Allocation Failure) 8873.845: [ParNew
Desired survivor size 8716288 bytes, new threshold 6 (max 6)
- age   1:      77304 bytes,      77304 total
- age   2:      14584 bytes,      91888 total
- age   4:       1000 bytes,      92888 total
- age   6:        968 bytes,      93856 total
: 136409K->103K(153344K), 0.0059703 secs] 305257K->168951K(1031552K), 0.0060980 secs] [Times: user=0.01 sys=0.00, real=0.01 secs] 
2016-08-24T16:35:54.929+0000: 8873.851: Total time for which application threads were stopped: 0.0069200 seconds, Stopping threads took: 0.0001033 seconds
2016-08-24T16:35:55.930+0000: 8874.852: Total time for which application threads were stopped: 0.0007478 seconds, Stopping threads took: 0.0001284 seconds
2016-08-24T16:36:04.413+0000: 8883.334: [GC (Allocation Failure) 8883.334: [ParNew
Desired survivor size 8716288 bytes, new threshold 6 (max 6)
- age   1:     901696 bytes,     901696 total
- age   3:        968 bytes,     902664 total
- age   5:        968 bytes,     903632 total
: 136423K->918K(153344K), 0.0073824 secs] 305271K->169766K(1031552K), 0.0075144 secs] [Times: user=0.01 sys=0.00, real=0.01 secs] 
2016-08-24T16:36:04.420+0000: 8883.342: Total time for which application threads were stopped: 0.0084417 seconds, Stopping threads took: 0.0001345 seconds
2016-08-24T16:36:04.458+0000: 8883.380: [GC (Allocation Failure) 8883.380: [ParNew
Desired survivor size 8716288 bytes, new threshold 6 (max 6)
- age   1:      90512 bytes,      90512 total
- age   2:     264984 bytes,     355496 total
- age   4:        968 bytes,     356464 total
- age   6:        968 bytes,     357432 total
: 137238K->379K(153344K), 0.0057376 secs] 306086K->169228K(1031552K), 0.0058426 secs] [Times: user=0.01 sys=0.00, real=0.01 secs] 
2016-08-24T16:36:04.464+0000: 8883.385: Total time for which application threads were stopped: 0.0066536 seconds, Stopping threads took: 0.0000995 seconds
2016-08-24T16:36:04.503+0000: 8883.425: [GC (Allocation Failure) 8883.425: [ParNew
Desired survivor size 8716288 bytes, new threshold 6 (max 6)
- age   1:      74888 bytes,      74888 total
- age   2:        248 bytes,      75136 total
- age   3:     249392 bytes,     324528 total
- age   5:        968 bytes,     325496 total
: 136699K->476K(153344K), 0.0058080 secs] 305548K->169325K(1031552K), 0.0059100 secs] [Times: user=0.01 sys=0.00, real=0.01 secs] 
2016-08-24T16:36:04.509+0000: 8883.431: Total time for which application threads were stopped: 0.0067160 seconds, Stopping threads took: 0.0000989 seconds
2016-08-24T16:36:04.549+0000: 8883.470: [GC (Allocation Failure) 8883.470: [ParNew
Desired survivor size 8716288 bytes, new threshold 6 (max 6)
- age   1:      67560 bytes,      67560 total
- age   2:      17656 bytes,      85216 total
- age   3:        248 bytes,      85464 total
- age   4:     249392 bytes,     334856 total
- age   6:        968 bytes,     335824 total
: 136796K->463K(153344K), 0.0060294 secs] 305645K->169312K(1031552K), 0.0061435 secs] [Times: user=0.02 sys=0.00, real=0.00 secs] 
2016-08-24T16:36:04.555+0000: 8883.477: Total time for which application threads were stopped: 0.0070108 seconds, Stopping threads took: 0.0000927 seconds
2016-08-24T16:36:04.594+0000: 8883.516: [GC (Allocation Failure) 8883.516: [ParNew
Desired survivor size 8716288 bytes, new threshold 6 (max 6)
- age   1:      76544 bytes,      76544 total
- age   3:       1096 bytes,      77640 total
- age   4:        248 bytes,      77888 total
- age   5:     247544 bytes,     325432 total
: 136783K->471K(153344K), 0.0058034 secs] 305632K->169322K(1031552K), 0.0058981 secs] [Times: user=0.01 sys=0.00, real=0.01 secs] 
2016-08-24T16:36:04.600+0000: 8883.522: Total time for which application threads were stopped: 0.0066998 seconds, Stopping threads took: 0.0001027 seconds
2016-08-24T16:36:04.640+0000: 8883.561: [GC (Allocation Failure) 8883.561: [ParNew
Desired survivor size 8716288 bytes, new threshold 6 (max 6)
- age   1:      80144 bytes,      80144 total
- age   2:      20592 bytes,     100736 total
- age   4:       1096 bytes,     101832 total
- age   5:        248 bytes,     102080 total
- age   6:     247544 bytes,     349624 total
: 136791K->479K(153344K), 0.0062275 secs] 305642K->169330K(1031552K), 0.0063542 secs] [Times: user=0.01 sys=0.00, real=0.01 secs] 
2016-08-24T16:36:04.646+0000: 8883.568: Total time for which application threads were stopped: 0.0072047 seconds, Stopping threads took: 0.0001020 seconds
2016-08-24T16:36:04.686+0000: 8883.607: [GC (Allocation Failure) 8883.607: [ParNew
Desired survivor size 8716288 bytes, new threshold 6 (max 6)
- age   1:      83248 bytes,      83248 total
- age   3:       1000 bytes,      84248 total
- age   5:       1064 bytes,      85312 total
- age   6:        248 bytes,      85560 total
: 136799K->326K(153344K), 0.0063710 secs] 305650K->169421K(1031552K), 0.0064620 secs] [Times: user=0.01 sys=0.00, real=0.01 secs] 
2016-08-24T16:36:04.692+0000: 8883.614: Total time for which application threads were stopped: 0.0072664 seconds, Stopping threads took: 0.0001029 seconds
2016-08-24T16:36:04.733+0000: 8883.655: [GC (Allocation Failure) 8883.655: [ParNew
Desired survivor size 8716288 bytes, new threshold 6 (max 6)
- age   1:      62200 bytes,      62200 total
- age   2:       1000 bytes,      63200 total
- age   4:        968 bytes,      64168 total
- age   6:       1064 bytes,      65232 total
: 136646K->115K(153344K), 0.0055993 secs] 305741K->169211K(1031552K), 0.0057220 secs] [Times: user=0.01 sys=0.00, real=0.00 secs] 
2016-08-24T16:36:04.739+0000: 8883.661: Total time for which application threads were stopped: 0.0065728 seconds, Stopping threads took: 0.0001000 seconds
2016-08-24T16:36:04.778+0000: 8883.699: [GC (Allocation Failure) 8883.699: [ParNew
Desired survivor size 8716288 bytes, new threshold 6 (max 6)
- age   1:      60640 bytes,      60640 total
- age   2:       4976 bytes,      65616 total
- age   3:       1000 bytes,      66616 total
- age   5:        968 bytes,      67584 total
: 136435K->73K(153344K), 0.0054236 secs] 305531K->169170K(1031552K), 0.0055118 secs] [Times: user=0.01 sys=0.00, real=0.01 secs] 
2016-08-24T16:36:04.784+0000: 8883.705: Total time for which application threads were stopped: 0.0063133 seconds, Stopping threads took: 0.0001025 seconds
2016-08-24T16:36:04.825+0000: 8883.746: [GC (Allocation Failure) 8883.746: [ParNew
Desired survivor size 8716288 bytes, new threshold 6 (max 6)
- age   1:      54800 bytes,      54800 total
- age   3:       1000 bytes,      55800 total
- age   4:        968 bytes,      56768 total
- age   6:        968 bytes,      57736 total
: 136393K->82K(153344K), 0.0056638 secs] 305490K->169179K(1031552K), 0.0057797 secs] [Times: user=0.01 sys=0.00, real=0.01 secs] 
2016-08-24T16:36:04.831+0000: 8883.752: Total time for which application threads were stopped: 0.0066573 seconds, Stopping threads took: 0.0000954 seconds
2016-08-24T16:36:04.871+0000: 8883.792: [GC (Allocation Failure) 8883.793: [ParNew
Desired survivor size 8716288 bytes, new threshold 6 (max 6)
- age   1:      63208 bytes,      63208 total
- age   2:       8568 bytes,      71776 total
- age   4:       1000 bytes,      72776 total
- age   5:        968 bytes,      73744 total
: 136402K->83K(153344K), 0.0052287 secs] 305499K->169181K(1031552K), 0.0053156 secs] [Times: user=0.01 sys=0.00, real=0.00 secs] 
2016-08-24T16:36:04.876+0000: 8883.798: Total time for which application threads were stopped: 0.0061122 seconds, Stopping threads took: 0.0001055 seconds
2016-08-24T16:36:14.393+0000: 8893.314: [GC (Allocation Failure) 8893.314: [ParNew
Desired survivor size 8716288 bytes, new threshold 6 (max 6)
- age   1:     937200 bytes,     937200 total
- age   3:        968 bytes,     938168 total
- age   5:        968 bytes,     939136 total
- age   6:        968 bytes,     940104 total
: 136403K->936K(153344K), 0.0077368 secs] 305501K->170033K(1031552K), 0.0078726 secs] [Times: user=0.01 sys=0.00, real=0.01 secs] 
2016-08-24T16:36:14.401+0000: 8893.322: Total time for which application threads were stopped: 0.0130338 seconds, Stopping threads took: 0.0044290 seconds
2016-08-24T16:36:14.442+0000: 8893.364: [GC (Allocation Failure) 8893.364: [ParNew
Desired survivor size 8716288 bytes, new threshold 6 (max 6)
- age   1:      75880 bytes,      75880 total
- age   2:     255880 bytes,     331760 total
- age   4:        968 bytes,     332728 total
- age   6:        968 bytes,     333696 total
: 137256K->426K(153344K), 0.0052542 secs] 306353K->169525K(1031552K), 0.0053673 secs] [Times: user=0.01 sys=0.00, real=0.00 secs] 
2016-08-24T16:36:14.448+0000: 8893.369: Total time for which application threads were stopped: 0.0062166 seconds, Stopping threads took: 0.0000952 seconds
2016-08-24T16:36:14.487+0000: 8893.408: [GC (Allocation Failure) 8893.408: [ParNew
Desired survivor size 8716288 bytes, new threshold 6 (max 6)
- age   1:      60224 bytes,      60224 total
- age   2:        648 bytes,      60872 total
- age   3:     246744 bytes,     307616 total
- age   5:        968 bytes,     308584 total
: 136746K->435K(153344K), 0.0055202 secs] 305845K->169535K(1031552K), 0.0056236 secs] [Times: user=0.01 sys=0.00, real=0.01 secs] 
2016-08-24T16:36:14.492+0000: 8893.414: Total time for which application threads were stopped: 0.0064461 seconds, Stopping threads took: 0.0000975 seconds
2016-08-24T16:36:14.532+0000: 8893.454: [GC (Allocation Failure) 8893.454: [ParNew
Desired survivor size 8716288 bytes, new threshold 6 (max 6)
- age   1:      78528 bytes,      78528 total
- age   2:      10960 bytes,      89488 total
- age   3:        544 bytes,      90032 total
- age   4:     246704 bytes,     336736 total
- age   6:        968 bytes,     337704 total
: 136755K->570K(153344K), 0.0058839 secs] 305855K->169670K(1031552K), 0.0060256 secs] [Times: user=0.01 sys=0.00, real=0.00 secs] 
2016-08-24T16:36:14.539+0000: 8893.460: Total time for which application threads were stopped: 0.0069055 seconds, Stopping threads took: 0.0001054 seconds
2016-08-24T16:36:14.581+0000: 8893.502: [GC (Allocation Failure) 8893.502: [ParNew
Desired survivor size 8716288 bytes, new threshold 6 (max 6)
- age   1:      72440 bytes,      72440 total
- age   2:        336 bytes,      72776 total
- age   3:       1096 bytes,      73872 total
- age   4:        544 bytes,      74416 total
- age   5:     244856 bytes,     319272 total
: 136890K->391K(153344K), 0.0064144 secs] 305990K->169492K(1031552K), 0.0065321 secs] [Times: user=0.01 sys=0.00, real=0.00 secs] 
2016-08-24T16:36:14.587+0000: 8893.509: Total time for which application threads were stopped: 0.0073991 seconds, Stopping threads took: 0.0001157 seconds
2016-08-24T16:36:14.628+0000: 8893.549: [GC (Allocation Failure) 8893.549: [ParNew
Desired survivor size 8716288 bytes, new threshold 6 (max 6)
- age   1:      74360 bytes,      74360 total
- age   2:      14088 bytes,      88448 total
- age   3:        336 bytes,      88784 total
- age   4:       1096 bytes,      89880 total
- age   5:        544 bytes,      90424 total
- age   6:     244856 bytes,     335280 total
: 136711K->425K(153344K), 0.0063773 secs] 305812K->169526K(1031552K), 0.0064989 secs] [Times: user=0.02 sys=0.00, real=0.01 secs] 
2016-08-24T16:36:14.634+0000: 8893.556: Total time for which application threads were stopped: 0.0073786 seconds, Stopping threads took: 0.0001033 seconds
2016-08-24T16:36:14.677+0000: 8893.598: [GC (Allocation Failure) 8893.598: [ParNew
Desired survivor size 8716288 bytes, new threshold 6 (max 6)
- age   1:      72512 bytes,      72512 total
- age   3:       1000 bytes,      73512 total
- age   4:        336 bytes,      73848 total
- age   5:       1064 bytes,      74912 total
- age   6:        544 bytes,      75456 total
: 136745K->304K(153344K), 0.0070374 secs] 305846K->169646K(1031552K), 0.0071547 secs] [Times: user=0.01 sys=0.00, real=0.01 secs] 
2016-08-24T16:36:14.684+0000: 8893.605: Total time for which application threads were stopped: 0.0080513 seconds, Stopping threads took: 0.0000992 seconds
2016-08-24T16:36:14.724+0000: 8893.646: [GC (Allocation Failure) 8893.646: [ParNew
Desired survivor size 8716288 bytes, new threshold 6 (max 6)
- age   1:      62216 bytes,      62216 total
- age   2:      17000 bytes,      79216 total
- age   4:       1000 bytes,      80216 total
- age   5:        336 bytes,      80552 total
- age   6:       1064 bytes,      81616 total
: 136624K->147K(153344K), 0.0060945 secs] 305966K->169490K(1031552K), 0.0062241 secs] [Times: user=0.02 sys=0.00, real=0.01 secs] 
2016-08-24T16:36:14.731+0000: 8893.652: Total time for which application threads were stopped: 0.0071087 seconds, Stopping threads took: 0.0001046 seconds
2016-08-24T16:36:14.772+0000: 8893.694: [GC (Allocation Failure) 8893.694: [ParNew
Desired survivor size 8716288 bytes, new threshold 6 (max 6)
- age   1:      79512 bytes,      79512 total
- age   3:       1000 bytes,      80512 total
- age   5:        968 bytes,      81480 total
- age   6:        336 bytes,      81816 total
: 136467K->94K(153344K), 0.0061548 secs] 305810K->169438K(1031552K), 0.0062906 secs] [Times: user=0.01 sys=0.00, real=0.00 secs] 
2016-08-24T16:36:14.779+0000: 8893.700: Total time for which application threads were stopped: 0.0071348 seconds, Stopping threads took: 0.0001069 seconds
2016-08-24T16:36:14.819+0000: 8893.741: [GC (Allocation Failure) 8893.741: [ParNew
Desired survivor size 8716288 bytes, new threshold 6 (max 6)
- age   1:      64808 bytes,      64808 total
- age   2:      19600 bytes,      84408 total
- age   4:       1000 bytes,      85408 total
- age   6:        968 bytes,      86376 total
: 136414K->118K(153344K), 0.0060723 secs] 305758K->169463K(1031552K), 0.0061890 secs] [Times: user=0.01 sys=0.00, real=0.01 secs] 
2016-08-24T16:36:14.825+0000: 8893.747: Total time for which application threads were stopped: 0.0070432 seconds, Stopping threads took: 0.0001074 seconds
2016-08-24T16:36:14.867+0000: 8893.789: [GC (Allocation Failure) 8893.789: [ParNew
Desired survivor size 8716288 bytes, new threshold 6 (max 6)
- age   1:      75672 bytes,      75672 total
- age   3:       1000 bytes,      76672 total
- age   5:        968 bytes,      77640 total
: 136438K->95K(153344K), 0.0060537 secs] 305783K->169440K(1031552K), 0.0061798 secs] [Times: user=0.01 sys=0.00, real=0.01 secs] 
2016-08-24T16:36:14.874+0000: 8893.795: Total time for which application threads were stopped: 0.0070053 seconds, Stopping threads took: 0.0001053 seconds
2016-08-24T16:36:17.277+0000: 8896.199: [GC (Allocation Failure) 8896.199: [ParNew
Desired survivor size 8716288 bytes, new threshold 6 (max 6)
- age   1:     410032 bytes,     410032 total
- age   2:        968 bytes,     411000 total
- age   4:        968 bytes,     411968 total
- age   6:        968 bytes,     412936 total
: 136415K->422K(153344K), 0.0137611 secs] 305760K->169767K(1031552K), 0.0139635 secs] [Times: user=0.02 sys=0.00, real=0.02 secs] 
2016-08-24T16:36:17.291+0000: 8896.213: Total time for which application threads were stopped: 0.0159519 seconds, Stopping threads took: 0.0002401 seconds
2016-08-24T16:36:19.697+0000: 8898.619: Total time for which application threads were stopped: 0.0019007 seconds, Stopping threads took: 0.0002300 seconds
2016-08-24T16:36:19.699+0000: 8898.621: Total time for which application threads were stopped: 0.0013003 seconds, Stopping threads took: 0.0001815 seconds
2016-08-24T16:36:19.701+0000: 8898.622: Total time for which application threads were stopped: 0.0011379 seconds, Stopping threads took: 0.0001768 seconds
2016-08-24T16:36:19.861+0000: 8898.783: Total time for which application threads were stopped: 0.0018270 seconds, Stopping threads took: 0.0001975 seconds
2016-08-24T16:36:19.863+0000: 8898.784: Total time for which application threads were stopped: 0.0012297 seconds, Stopping threads took: 0.0001288 seconds
2016-08-24T16:36:19.865+0000: 8898.786: Total time for which application threads were stopped: 0.0013493 seconds, Stopping threads took: 0.0001340 seconds
2016-08-24T16:36:24.584+0000: 8903.505: [GC (Allocation Failure) 8903.505: [ParNew
Desired survivor size 8716288 bytes, new threshold 6 (max 6)
- age   1:     938088 bytes,     938088 total
- age   2:      93408 bytes,    1031496 total
- age   3:        968 bytes,    1032464 total
- age   5:        968 bytes,    1033432 total
: 136742K->1047K(153344K), 0.0092283 secs] 306087K->170394K(1031552K), 0.0093737 secs] [Times: user=0.01 sys=0.00, real=0.01 secs] 
2016-08-24T16:36:24.593+0000: 8903.515: Total time for which application threads were stopped: 0.0102421 seconds, Stopping threads took: 0.0000997 seconds
2016-08-24T16:36:24.637+0000: 8903.559: [GC (Allocation Failure) 8903.559: [ParNew
Desired survivor size 8716288 bytes, new threshold 6 (max 6)
- age   1:     132760 bytes,     132760 total
- age   2:     182576 bytes,     315336 total
- age   3:      90952 bytes,     406288 total
- age   4:        968 bytes,     407256 total
- age   6:        968 bytes,     408224 total
: 137367K->565K(153344K), 0.0056013 secs] 306714K->169912K(1031552K), 0.0057000 secs] [Times: user=0.01 sys=0.00, real=0.01 secs] 
2016-08-24T16:36:24.643+0000: 8903.564: Total time for which application threads were stopped: 0.0065779 seconds, Stopping threads took: 0.0001152 seconds
2016-08-24T16:36:24.684+0000: 8903.605: [GC (Allocation Failure) 8903.605: [ParNew
Desired survivor size 8716288 bytes, new threshold 6 (max 6)
- age   1:      85384 bytes,      85384 total
- age   2:       2072 bytes,      87456 total
- age   3:     182216 bytes,     269672 total
- age   4:      90952 bytes,     360624 total
- age   5:        968 bytes,     361592 total
: 136885K->541K(153344K), 0.0056247 secs] 306232K->169889K(1031552K), 0.0057273 secs] [Times: user=0.01 sys=0.00, real=0.01 secs] 
2016-08-24T16:36:24.690+0000: 8903.611: Total time for which application threads were stopped: 0.0065268 seconds, Stopping threads took: 0.0001004 seconds
2016-08-24T16:36:24.729+0000: 8903.650: [GC (Allocation Failure) 8903.650: [ParNew
Desired survivor size 8716288 bytes, new threshold 6 (max 6)
- age   1:      48488 bytes,      48488 total
- age   2:        240 bytes,      48728 total
- age   3:        856 bytes,      49584 total
- age   4:     180368 bytes,     229952 total
- age   5:      90952 bytes,     320904 total
- age   6:        968 bytes,     321872 total
: 136861K->519K(153344K), 0.0056534 secs] 306209K->169866K(1031552K), 0.0057627 secs] [Times: user=0.01 sys=0.00, real=0.00 secs] 
2016-08-24T16:36:24.735+0000: 8903.656: Total time for which application threads were stopped: 0.0066201 seconds, Stopping threads took: 0.0001101 seconds
2016-08-24T16:36:24.775+0000: 8903.696: [GC (Allocation Failure) 8903.696: [ParNew
Desired survivor size 8716288 bytes, new threshold 6 (max 6)
- age   1:      80248 bytes,      80248 total
- age   2:       5536 bytes,      85784 total
- age   3:        240 bytes,      86024 total
- age   4:        856 bytes,      86880 total
- age   5:     180368 bytes,     267248 total
- age   6:      90952 bytes,     358200 total
: 136839K->404K(153344K), 0.0064201 secs] 306186K->169753K(1031552K), 0.0065337 secs] [Times: user=0.01 sys=0.00, real=0.01 secs] 
2016-08-24T16:36:24.781+0000: 8903.703: Total time for which application threads were stopped: 0.0073520 seconds, Stopping threads took: 0.0001005 seconds
2016-08-24T16:36:24.821+0000: 8903.743: [GC (Allocation Failure) 8903.743: [ParNew
Desired survivor size 8716288 bytes, new threshold 6 (max 6)
- age   1:      63816 bytes,      63816 total
- age   3:       1000 bytes,      64816 total
- age   4:        240 bytes,      65056 total
- age   5:        856 bytes,      65912 total
- age   6:     178520 bytes,     244432 total
: 136724K->460K(153344K), 0.0068222 secs] 306073K->169899K(1031552K), 0.0069476 secs] [Times: user=0.01 sys=0.00, real=0.01 secs] 
2016-08-24T16:36:24.829+0000: 8903.750: Total time for which application threads were stopped: 0.0078383 seconds, Stopping threads took: 0.0001009 seconds
2016-08-24T16:36:24.869+0000: 8903.791: [GC (Allocation Failure) 8903.791: [ParNew
Desired survivor size 8716288 bytes, new threshold 6 (max 6)
- age   1:      67928 bytes,      67928 total
- age   2:       8888 bytes,      76816 total
- age   4:       1000 bytes,      77816 total
- age   5:        240 bytes,      78056 total
- age   6:        856 bytes,      78912 total
: 136780K->180K(153344K), 0.0066805 secs] 306219K->169798K(1031552K), 0.0067796 secs] [Times: user=0.01 sys=0.00, real=0.00 secs] 
2016-08-24T16:36:24.876+0000: 8903.798: Total time for which application threads were stopped: 0.0075884 seconds, Stopping threads took: 0.0001014 seconds
2016-08-24T16:36:24.918+0000: 8903.839: [GC (Allocation Failure) 8903.839: [ParNew
Desired survivor size 8716288 bytes, new threshold 6 (max 6)
- age   1:      54496 bytes,      54496 total
- age   3:       1000 bytes,      55496 total
- age   5:        968 bytes,      56464 total
- age   6:        240 bytes,      56704 total
: 136500K->83K(153344K), 0.0060742 secs] 306118K->169701K(1031552K), 0.0061986 secs] [Times: user=0.01 sys=0.00, real=0.01 secs] 
2016-08-24T16:36:24.924+0000: 8903.845: Total time for which application threads were stopped: 0.0070586 seconds, Stopping threads took: 0.0000991 seconds
2016-08-24T16:36:24.966+0000: 8903.887: [GC (Allocation Failure) 8903.887: [ParNew
Desired survivor size 8716288 bytes, new threshold 6 (max 6)
- age   1:      82928 bytes,      82928 total
- age   2:      12392 bytes,      95320 total
- age   4:       1000 bytes,      96320 total
- age   6:        968 bytes,      97288 total
: 136403K->104K(153344K), 0.0060030 secs] 306021K->169723K(1031552K), 0.0061006 secs] [Times: user=0.02 sys=0.00, real=0.01 secs] 
2016-08-24T16:36:24.972+0000: 8903.894: Total time for which application threads were stopped: 0.0069352 seconds, Stopping threads took: 0.0000994 seconds
2016-08-24T16:36:25.013+0000: 8903.935: [GC (Allocation Failure) 8903.935: [ParNew
Desired survivor size 8716288 bytes, new threshold 6 (max 6)
- age   1:      60944 bytes,      60944 total
- age   3:       1000 bytes,      61944 total
- age   5:        968 bytes,      62912 total
: 136424K->107K(153344K), 0.0063834 secs] 306043K->169727K(1031552K), 0.0065107 secs] [Times: user=0.01 sys=0.00, real=0.00 secs] 
2016-08-24T16:36:25.020+0000: 8903.942: Total time for which application threads were stopped: 0.0073846 seconds, Stopping threads took: 0.0000998 seconds
2016-08-24T16:36:25.062+0000: 8903.984: [GC (Allocation Failure) 8903.984: [ParNew
Desired survivor size 8716288 bytes, new threshold 6 (max 6)
- age   1:      76664 bytes,      76664 total
- age   2:      14704 bytes,      91368 total
- age   4:       1000 bytes,      92368 total
- age   6:        968 bytes,      93336 total
: 136427K->108K(153344K), 0.0064645 secs] 306047K->169728K(1031552K), 0.0065915 secs] [Times: user=0.02 sys=0.00, real=0.01 secs] 
2016-08-24T16:36:25.069+0000: 8903.990: Total time for which application threads were stopped: 0.0074793 seconds, Stopping threads took: 0.0001026 seconds
2016-08-24T16:36:33.072+0000: 8911.994: Total time for which application threads were stopped: 0.0016855 seconds, Stopping threads took: 0.0002284 seconds
2016-08-24T16:36:34.342+0000: 8913.263: [GC (Allocation Failure) 8913.263: [ParNew
Desired survivor size 8716288 bytes, new threshold 6 (max 6)
- age   1:     949320 bytes,     949320 total
- age   3:        968 bytes,     950288 total
- age   5:        968 bytes,     951256 total
: 136428K->948K(153344K), 0.0080855 secs] 306048K->170569K(1031552K), 0.0082127 secs] [Times: user=0.02 sys=0.00, real=0.01 secs] 
2016-08-24T16:36:34.350+0000: 8913.271: Total time for which application threads were stopped: 0.0089983 seconds, Stopping threads took: 0.0000903 seconds
2016-08-24T16:36:34.393+0000: 8913.314: [GC (Allocation Failure) 8913.315: [ParNew
Desired survivor size 8716288 bytes, new threshold 6 (max 6)
- age   1:      81704 bytes,      81704 total
- age   2:     253872 bytes,     335576 total
- age   4:        968 bytes,     336544 total
- age   6:        968 bytes,     337512 total
: 137268K->497K(153344K), 0.0067632 secs] 306889K->170117K(1031552K), 0.0069302 secs] [Times: user=0.01 sys=0.00, real=0.00 secs] 
2016-08-24T16:36:34.400+0000: 8913.322: Total time for which application threads were stopped: 0.0080888 seconds, Stopping threads took: 0.0001099 seconds
2016-08-24T16:36:34.444+0000: 8913.366: [GC (Allocation Failure) 8913.366: [ParNew
Desired survivor size 8716288 bytes, new threshold 6 (max 6)
- age   1:      77512 bytes,      77512 total
- age   2:         96 bytes,      77608 total
- age   3:     238280 bytes,     315888 total
- age   5:        968 bytes,     316856 total
: 136817K->454K(153344K), 0.0053869 secs] 306437K->170076K(1031552K), 0.0054953 secs] [Times: user=0.01 sys=0.00, real=0.01 secs] 
2016-08-24T16:36:34.450+0000: 8913.371: Total time for which application threads were stopped: 0.0063050 seconds, Stopping threads took: 0.0000982 seconds
2016-08-24T16:36:34.488+0000: 8913.409: [GC (Allocation Failure) 8913.410: [ParNew
Desired survivor size 8716288 bytes, new threshold 6 (max 6)
- age   1:      69360 bytes,      69360 total
- age   2:      17656 bytes,      87016 total
- age   3:         96 bytes,      87112 total
- age   4:     237704 bytes,     324816 total
- age   6:        968 bytes,     325784 total
: 136774K->448K(153344K), 0.0054570 secs] 306396K->170070K(1031552K), 0.0055750 secs] [Times: user=0.01 sys=0.00, real=0.01 secs] 
2016-08-24T16:36:34.494+0000: 8913.415: Total time for which application threads were stopped: 0.0064068 seconds, Stopping threads took: 0.0000960 seconds
2016-08-24T16:36:34.533+0000: 8913.454: [GC (Allocation Failure) 8913.454: [ParNew
Desired survivor size 8716288 bytes, new threshold 6 (max 6)
- age   1:      74288 bytes,      74288 total
- age   2:         88 bytes,      74376 total
- age   3:       1096 bytes,      75472 total
- age   4:         96 bytes,      75568 total
- age   5:     235856 bytes,     311424 total
: 136768K->457K(153344K), 0.0058030 secs] 306390K->170079K(1031552K), 0.0058965 secs] [Times: user=0.01 sys=0.00, real=0.00 secs] 
2016-08-24T16:36:34.539+0000: 8913.460: Total time for which application threads were stopped: 0.0067328 seconds, Stopping threads took: 0.0001040 seconds
2016-08-24T16:36:34.577+0000: 8913.498: [GC (Allocation Failure) 8913.498: [ParNew
Desired survivor size 8716288 bytes, new threshold 6 (max 6)
- age   1:      63816 bytes,      63816 total
- age   2:      20928 bytes,      84744 total
- age   3:         88 bytes,      84832 total
- age   4:       1096 bytes,      85928 total
- age   5:         96 bytes,      86024 total
- age   6:     235856 bytes,     321880 total
: 136777K->445K(153344K), 0.0061114 secs] 306399K->170067K(1031552K), 0.0062293 secs] [Times: user=0.01 sys=0.00, real=0.01 secs] 
2016-08-24T16:36:34.583+0000: 8913.504: Total time for which application threads were stopped: 0.0071320 seconds, Stopping threads took: 0.0001004 seconds
2016-08-24T16:36:34.624+0000: 8913.546: [GC (Allocation Failure) 8913.546: [ParNew
Desired survivor size 8716288 bytes, new threshold 6 (max 6)
- age   1:      69256 bytes,      69256 total
- age   3:       1336 bytes,      70592 total
- age   4:         88 bytes,      70680 total
- age   5:       1064 bytes,      71744 total
- age   6:         96 bytes,      71840 total
: 136765K->314K(153344K), 0.0066296 secs] 306387K->170169K(1031552K), 0.0067764 secs] [Times: user=0.02 sys=0.00, real=0.01 secs] 
2016-08-24T16:36:34.631+0000: 8913.552: Total time for which application threads were stopped: 0.0076216 seconds, Stopping threads took: 0.0001025 seconds
2016-08-24T16:36:34.670+0000: 8913.592: [GC (Allocation Failure) 8913.592: [ParNew
Desired survivor size 8716288 bytes, new threshold 6 (max 6)
- age   1:      57712 bytes,      57712 total
- age   2:       1000 bytes,      58712 total
- age   4:       1304 bytes,      60016 total
- age   5:         88 bytes,      60104 total
- age   6:       1064 bytes,      61168 total
: 136634K->110K(153344K), 0.0056820 secs] 306489K->169965K(1031552K), 0.0057679 secs] [Times: user=0.01 sys=0.00, real=0.00 secs] 
2016-08-24T16:36:34.676+0000: 8913.597: Total time for which application threads were stopped: 0.0065588 seconds, Stopping threads took: 0.0000975 seconds
2016-08-24T16:36:34.716+0000: 8913.637: [GC (Allocation Failure) 8913.637: [ParNew
Desired survivor size 8716288 bytes, new threshold 6 (max 6)
- age   1:      71512 bytes,      71512 total
- age   2:       4976 bytes,      76488 total
- age   3:       1000 bytes,      77488 total
- age   5:       1304 bytes,      78792 total
- age   6:         88 bytes,      78880 total
: 136430K->84K(153344K), 0.0058576 secs] 306285K->169940K(1031552K), 0.0059861 secs] [Times: user=0.01 sys=0.00, real=0.01 secs] 
2016-08-24T16:36:34.722+0000: 8913.643: Total time for which application threads were stopped: 0.0068458 seconds, Stopping threads took: 0.0000990 seconds
2016-08-24T16:36:34.761+0000: 8913.682: [GC (Allocation Failure) 8913.683: [ParNew
Desired survivor size 8716288 bytes, new threshold 6 (max 6)
- age   1:      71568 bytes,      71568 total
- age   3:       1000 bytes,      72568 total
- age   4:        968 bytes,      73536 total
- age   6:       1232 bytes,      74768 total
: 136404K->92K(153344K), 0.0057893 secs] 306260K->169949K(1031552K), 0.0058787 secs] [Times: user=0.01 sys=0.00, real=0.00 secs] 
2016-08-24T16:36:34.767+0000: 8913.688: Total time for which application threads were stopped: 0.0066858 seconds, Stopping threads took: 0.0001018 seconds
2016-08-24T16:36:34.807+0000: 8913.729: [GC (Allocation Failure) 8913.729: [ParNew
Desired survivor size 8716288 bytes, new threshold 6 (max 6)
- age   1:      74400 bytes,      74400 total
- age   2:       8928 bytes,      83328 total
- age   4:       1000 bytes,      84328 total
- age   5:        968 bytes,      85296 total
: 136412K->110K(153344K), 0.0063952 secs] 306269K->169968K(1031552K), 0.0065235 secs] [Times: user=0.01 sys=0.00, real=0.01 secs] 
2016-08-24T16:36:34.814+0000: 8913.735: Total time for which application threads were stopped: 0.0074397 seconds, Stopping threads took: 0.0001020 seconds
2016-08-24T16:36:43.866+0000: 8922.788: [GC (Allocation Failure) 8922.788: [ParNew
Desired survivor size 8716288 bytes, new threshold 6 (max 6)
- age   1:     979712 bytes,     979712 total
- age   3:       1232 bytes,     980944 total
- age   5:        968 bytes,     981912 total
- age   6:        968 bytes,     982880 total
: 136430K->992K(153344K), 0.0077056 secs] 306288K->170850K(1031552K), 0.0078324 secs] [Times: user=0.02 sys=0.00, real=0.01 secs] 
2016-08-24T16:36:43.874+0000: 8922.796: Total time for which application threads were stopped: 0.0086497 seconds, Stopping threads took: 0.0001013 seconds
2016-08-24T16:36:43.915+0000: 8922.836: [GC (Allocation Failure) 8922.836: [ParNew
Desired survivor size 8716288 bytes, new threshold 6 (max 6)
- age   1:      79248 bytes,      79248 total
- age   2:     280856 bytes,     360104 total
- age   4:       1232 bytes,     361336 total
- age   6:        968 bytes,     362304 total
: 137312K->498K(153344K), 0.0059304 secs] 307170K->170357K(1031552K), 0.0060365 secs] [Times: user=0.01 sys=0.00, real=0.01 secs] 
2016-08-24T16:36:43.921+0000: 8922.842: Total time for which application threads were stopped: 0.0068802 seconds, Stopping threads took: 0.0001158 seconds
2016-08-24T16:36:43.962+0000: 8922.884: [GC (Allocation Failure) 8922.884: [ParNew
Desired survivor size 8716288 bytes, new threshold 6 (max 6)
- age   1:      56968 bytes,      56968 total
- age   2:        232 bytes,      57200 total
- age   3:     271520 bytes,     328720 total
- age   5:       1232 bytes,     329952 total
: 136818K->331K(153344K), 0.0060275 secs] 306677K->170191K(1031552K), 0.0061230 secs] [Times: user=0.01 sys=0.00, real=0.01 secs] 
2016-08-24T16:36:43.968+0000: 8922.890: Total time for which application threads were stopped: 0.0069465 seconds, Stopping threads took: 0.0000986 seconds
2016-08-24T16:36:44.008+0000: 8922.930: [GC (Allocation Failure) 8922.930: [ParNew
Desired survivor size 8716288 bytes, new threshold 6 (max 6)
- age   1:      81792 bytes,      81792 total
- age   2:      11064 bytes,      92856 total
- age   3:        232 bytes,      93088 total
- age   4:     271520 bytes,     364608 total
- age   6:       1232 bytes,     365840 total
: 136651K->472K(153344K), 0.0062511 secs] 306511K->170332K(1031552K), 0.0063719 secs] [Times: user=0.01 sys=0.00, real=0.00 secs] 
2016-08-24T16:36:44.015+0000: 8922.936: Total time for which application threads were stopped: 0.0072430 seconds, Stopping threads took: 0.0000977 seconds
2016-08-24T16:36:44.057+0000: 8922.978: [GC (Allocation Failure) 8922.979: [ParNew
Desired survivor size 8716288 bytes, new threshold 6 (max 6)
- age   1:      78816 bytes,      78816 total
- age   3:       1096 bytes,      79912 total
- age   4:        232 bytes,      80144 total
- age   5:     269672 bytes,     349816 total
: 136792K->506K(153344K), 0.0055796 secs] 306652K->170367K(1031552K), 0.0056850 secs] [Times: user=0.01 sys=0.00, real=0.01 secs] 
2016-08-24T16:36:44.063+0000: 8922.984: Total time for which application threads were stopped: 0.0064825 seconds, Stopping threads took: 0.0000856 seconds
2016-08-24T16:36:44.103+0000: 8923.024: [GC (Allocation Failure) 8923.025: [ParNew
Desired survivor size 8716288 bytes, new threshold 6 (max 6)
- age   1:      73776 bytes,      73776 total
- age   2:      14208 bytes,      87984 total
- age   4:       1096 bytes,      89080 total
- age   5:        232 bytes,      89312 total
- age   6:     269672 bytes,     358984 total
: 136826K->496K(153344K), 0.0062439 secs] 306687K->170357K(1031552K), 0.0063570 secs] [Times: user=0.01 sys=0.00, real=0.01 secs] 
2016-08-24T16:36:44.109+0000: 8923.031: Total time for which application threads were stopped: 0.0071909 seconds, Stopping threads took: 0.0000982 seconds
2016-08-24T16:36:44.151+0000: 8923.073: [GC (Allocation Failure) 8923.073: [ParNew
Desired survivor size 8716288 bytes, new threshold 6 (max 6)
- age   1:      59976 bytes,      59976 total
- age   3:       1000 bytes,      60976 total
- age   5:       1064 bytes,      62040 total
- age   6:        232 bytes,      62272 total
: 136816K->347K(153344K), 0.0061015 secs] 306677K->170476K(1031552K), 0.0061942 secs] [Times: user=0.01 sys=0.00, real=0.00 secs] 
2016-08-24T16:36:44.158+0000: 8923.079: Total time for which application threads were stopped: 0.0070246 seconds, Stopping threads took: 0.0001042 seconds
2016-08-24T16:36:44.196+0000: 8923.117: [GC (Allocation Failure) 8923.117: [ParNew
Desired survivor size 8716288 bytes, new threshold 6 (max 6)
- age   1:      77248 bytes,      77248 total
- age   2:      17280 bytes,      94528 total
- age   4:       1000 bytes,      95528 total
- age   6:       1064 bytes,      96592 total
: 136667K->160K(153344K), 0.0058173 secs] 306796K->170288K(1031552K), 0.0059314 secs] [Times: user=0.02 sys=0.00, real=0.01 secs] 
2016-08-24T16:36:44.202+0000: 8923.123: Total time for which application threads were stopped: 0.0067894 seconds, Stopping threads took: 0.0000986 seconds
2016-08-24T16:36:44.244+0000: 8923.165: [GC (Allocation Failure) 8923.165: [ParNew
Desired survivor size 8716288 bytes, new threshold 6 (max 6)
- age   1:      72488 bytes,      72488 total
- age   3:       1000 bytes,      73488 total
- age   5:        968 bytes,      74456 total
: 136480K->98K(153344K), 0.0052589 secs] 306608K->170228K(1031552K), 0.0053509 secs] [Times: user=0.01 sys=0.00, real=0.01 secs] 
2016-08-24T16:36:44.249+0000: 8923.171: Total time for which application threads were stopped: 0.0061697 seconds, Stopping threads took: 0.0001037 seconds
2016-08-24T16:36:44.287+0000: 8923.208: [GC (Allocation Failure) 8923.208: [ParNew
Desired survivor size 8716288 bytes, new threshold 6 (max 6)
- age   1:      64392 bytes,      64392 total
- age   2:      20016 bytes,      84408 total
- age   4:       1000 bytes,      85408 total
- age   6:        968 bytes,      86376 total
: 136418K->114K(153344K), 0.0057493 secs] 306548K->170244K(1031552K), 0.0058601 secs] [Times: user=0.01 sys=0.00, real=0.01 secs] 
2016-08-24T16:36:44.293+0000: 8923.214: Total time for which application threads were stopped: 0.0066840 seconds, Stopping threads took: 0.0000992 seconds
2016-08-24T16:36:44.334+0000: 8923.256: [GC (Allocation Failure) 8923.256: [ParNew
Desired survivor size 8716288 bytes, new threshold 6 (max 6)
- age   1:      75040 bytes,      75040 total
- age   3:       1000 bytes,      76040 total
- age   5:        968 bytes,      77008 total
: 136434K->108K(153344K), 0.0055453 secs] 306564K->170239K(1031552K), 0.0056353 secs] [Times: user=0.01 sys=0.00, real=0.00 secs] 
2016-08-24T16:36:44.340+0000: 8923.262: Total time for which application threads were stopped: 0.0064474 seconds, Stopping threads took: 0.0001017 seconds
2016-08-24T16:36:47.295+0000: 8926.217: [GC (Allocation Failure) 8926.217: [ParNew
Desired survivor size 8716288 bytes, new threshold 6 (max 6)
- age   1:     509920 bytes,     509920 total
- age   2:        968 bytes,     510888 total
- age   4:        968 bytes,     511856 total
- age   6:        968 bytes,     512824 total
: 136428K->509K(153344K), 0.0068542 secs] 306559K->170640K(1031552K), 0.0069812 secs] [Times: user=0.01 sys=0.00, real=0.01 secs] 
2016-08-24T16:36:47.302+0000: 8926.224: Total time for which application threads were stopped: 0.0078280 seconds, Stopping threads took: 0.0001165 seconds
2016-08-24T16:36:53.867+0000: 8932.788: [GC (Allocation Failure) 8932.788: [ParNew
Desired survivor size 8716288 bytes, new threshold 6 (max 6)
- age   1:     761456 bytes,     761456 total
- age   2:     115560 bytes,     877016 total
- age   3:        968 bytes,     877984 total
- age   5:        968 bytes,     878952 total
: 136829K->938K(153344K), 0.0076024 secs] 306960K->171069K(1031552K), 0.0077227 secs] [Times: user=0.01 sys=0.00, real=0.01 secs] 
2016-08-24T16:36:53.875+0000: 8932.796: Total time for which application threads were stopped: 0.0085637 seconds, Stopping threads took: 0.0000996 seconds
2016-08-24T16:36:53.916+0000: 8932.838: [GC (Allocation Failure) 8932.838: [ParNew
Desired survivor size 8716288 bytes, new threshold 6 (max 6)
- age   1:      67280 bytes,      67280 total
- age   2:     172992 bytes,     240272 total
- age   3:     107896 bytes,     348168 total
- age   4:        968 bytes,     349136 total
- age   6:        968 bytes,     350104 total
: 137258K->590K(153344K), 0.0058323 secs] 307389K->170722K(1031552K), 0.0059420 secs] [Times: user=0.02 sys=0.00, real=0.01 secs] 
2016-08-24T16:36:53.922+0000: 8932.844: Total time for which application threads were stopped: 0.0067239 seconds, Stopping threads took: 0.0000910 seconds
2016-08-24T16:36:53.962+0000: 8932.884: [GC (Allocation Failure) 8932.884: [ParNew
Desired survivor size 8716288 bytes, new threshold 6 (max 6)
- age   1:      68376 bytes,      68376 total
- age   2:       4224 bytes,      72600 total
- age   3:     172992 bytes,     245592 total
- age   4:     107896 bytes,     353488 total
- age   5:        968 bytes,     354456 total
: 136910K->416K(153344K), 0.0056978 secs] 307042K->170549K(1031552K), 0.0057981 secs] [Times: user=0.01 sys=0.00, real=0.01 secs] 
2016-08-24T16:36:53.968+0000: 8932.890: Total time for which application threads were stopped: 0.0065945 seconds, Stopping threads took: 0.0001004 seconds
2016-08-24T16:36:54.008+0000: 8932.929: [GC (Allocation Failure) 8932.929: [ParNew
Desired survivor size 8716288 bytes, new threshold 6 (max 6)
- age   1:      50728 bytes,      50728 total
- age   3:       1120 bytes,      51848 total
- age   4:     171144 bytes,     222992 total
- age   5:     107896 bytes,     330888 total
- age   6:        968 bytes,     331856 total
: 136736K->569K(153344K), 0.0063382 secs] 306869K->170701K(1031552K), 0.0064765 secs] [Times: user=0.01 sys=0.00, real=0.01 secs] 
2016-08-24T16:36:54.014+0000: 8932.936: Total time for which application threads were stopped: 0.0073261 seconds, Stopping threads took: 0.0000987 seconds
2016-08-24T16:36:54.055+0000: 8932.977: [GC (Allocation Failure) 8932.977: [ParNew
Desired survivor size 8716288 bytes, new threshold 6 (max 6)
- age   1:      91136 bytes,      91136 total
- age   2:       6304 bytes,      97440 total
- age   4:       1120 bytes,      98560 total
- age   5:     171144 bytes,     269704 total
- age   6:     107896 bytes,     377600 total
: 136889K->474K(153344K), 0.0067098 secs] 307021K->170608K(1031552K), 0.0068179 secs] [Times: user=0.02 sys=0.00, real=0.01 secs] 
2016-08-24T16:36:54.062+0000: 8932.984: Total time for which application threads were stopped: 0.0076412 seconds, Stopping threads took: 0.0001005 seconds
2016-08-24T16:36:54.104+0000: 8933.025: [GC (Allocation Failure) 8933.026: [ParNew
Desired survivor size 8716288 bytes, new threshold 6 (max 6)
- age   1:      66600 bytes,      66600 total
- age   3:       1000 bytes,      67600 total
- age   5:       1088 bytes,      68688 total
- age   6:     169328 bytes,     238016 total
: 136794K->477K(153344K), 0.0065251 secs] 306928K->170718K(1031552K), 0.0066659 secs] [Times: user=0.01 sys=0.00, real=0.01 secs] 
2016-08-24T16:36:54.111+0000: 8933.032: Total time for which application threads were stopped: 0.0075331 seconds, Stopping threads took: 0.0001032 seconds
2016-08-24T16:36:54.152+0000: 8933.074: [GC (Allocation Failure) 8933.074: [ParNew
Desired survivor size 8716288 bytes, new threshold 6 (max 6)
- age   1:      64592 bytes,      64592 total
- age   2:       9608 bytes,      74200 total
- age   4:       1000 bytes,      75200 total
- age   6:       1088 bytes,      76288 total
: 136797K->181K(153344K), 0.0065406 secs] 307038K->170591K(1031552K), 0.0066505 secs] [Times: user=0.01 sys=0.00, real=0.00 secs] 
2016-08-24T16:36:54.159+0000: 8933.081: Total time for which application threads were stopped: 0.0074961 seconds, Stopping threads took: 0.0001037 seconds
2016-08-24T16:36:54.199+0000: 8933.121: [GC (Allocation Failure) 8933.121: [ParNew
Desired survivor size 8716288 bytes, new threshold 6 (max 6)
- age   1:      59136 bytes,      59136 total
- age   3:       1000 bytes,      60136 total
- age   5:       1000 bytes,      61136 total
: 136501K->83K(153344K), 0.0056713 secs] 306911K->170495K(1031552K), 0.0057629 secs] [Times: user=0.01 sys=0.00, real=0.01 secs] 
2016-08-24T16:36:54.205+0000: 8933.127: Total time for which application threads were stopped: 0.0065531 seconds, Stopping threads took: 0.0001021 seconds
2016-08-24T16:36:54.245+0000: 8933.166: [GC (Allocation Failure) 8933.166: [ParNew
Desired survivor size 8716288 bytes, new threshold 6 (max 6)
- age   1:      74008 bytes,      74008 total
- age   2:      13104 bytes,      87112 total
- age   4:       1000 bytes,      88112 total
- age   6:       1000 bytes,      89112 total
: 136403K->97K(153344K), 0.0054079 secs] 306815K->170509K(1031552K), 0.0055229 secs] [Times: user=0.01 sys=0.00, real=0.01 secs] 
2016-08-24T16:36:54.250+0000: 8933.172: Total time for which application threads were stopped: 0.0063892 seconds, Stopping threads took: 0.0000942 seconds
2016-08-24T16:36:54.290+0000: 8933.211: [GC (Allocation Failure) 8933.211: [ParNew
Desired survivor size 8716288 bytes, new threshold 6 (max 6)
- age   1:      58472 bytes,      58472 total
- age   3:       1000 bytes,      59472 total
- age   5:        968 bytes,      60440 total
: 136417K->77K(153344K), 0.0052733 secs] 306829K->170489K(1031552K), 0.0053607 secs] [Times: user=0.01 sys=0.00, real=0.00 secs] 
2016-08-24T16:36:54.295+0000: 8933.217: Total time for which application threads were stopped: 0.0061341 seconds, Stopping threads took: 0.0000951 seconds
2016-08-24T16:36:54.335+0000: 8933.256: [GC (Allocation Failure) 8933.257: [ParNew
Desired survivor size 8716288 bytes, new threshold 6 (max 6)
- age   1:      63064 bytes,      63064 total
- age   2:      15264 bytes,      78328 total
- age   4:       1000 bytes,      79328 total
- age   6:        968 bytes,      80296 total
: 136397K->94K(153344K), 0.0054940 secs] 306809K->170506K(1031552K), 0.0056096 secs] [Times: user=0.02 sys=0.00, real=0.01 secs] 
2016-08-24T16:36:54.341+0000: 8933.262: Total time for which application threads were stopped: 0.0064487 seconds, Stopping threads took: 0.0000961 seconds
2016-08-24T16:36:56.342+0000: 8935.263: Total time for which application threads were stopped: 0.0007262 seconds, Stopping threads took: 0.0001246 seconds
2016-08-24T16:37:04.368+0000: 8943.290: [GC (Allocation Failure) 8943.290: [ParNew
Desired survivor size 8716288 bytes, new threshold 6 (max 6)
- age   1:     958416 bytes,     958416 total
- age   3:        968 bytes,     959384 total
- age   5:        968 bytes,     960352 total
: 136414K->962K(153344K), 0.0073825 secs] 306826K->171375K(1031552K), 0.0075339 secs] [Times: user=0.01 sys=0.00, real=0.01 secs] 
2016-08-24T16:37:04.376+0000: 8943.297: Total time for which application threads were stopped: 0.0084052 seconds, Stopping threads took: 0.0001216 seconds
2016-08-24T16:37:04.415+0000: 8943.336: [GC (Allocation Failure) 8943.336: [ParNew
Desired survivor size 8716288 bytes, new threshold 6 (max 6)
- age   1:      82032 bytes,      82032 total
- age   2:     266688 bytes,     348720 total
- age   4:        968 bytes,     349688 total
- age   6:        968 bytes,     350656 total
: 137282K->479K(153344K), 0.0054759 secs] 307695K->170893K(1031552K), 0.0055954 secs] [Times: user=0.01 sys=0.00, real=0.01 secs] 
2016-08-24T16:37:04.420+0000: 8943.342: Total time for which application threads were stopped: 0.0063818 seconds, Stopping threads took: 0.0000981 seconds
2016-08-24T16:37:04.462+0000: 8943.383: [GC (Allocation Failure) 8943.383: [ParNew
Desired survivor size 8716288 bytes, new threshold 6 (max 6)
- age   1:      59936 bytes,      59936 total
- age   2:         72 bytes,      60008 total
- age   3:     250752 bytes,     310760 total
- age   5:        968 bytes,     311728 total
: 136799K->323K(153344K), 0.0056381 secs] 307213K->170737K(1031552K), 0.0057366 secs] [Times: user=0.01 sys=0.00, real=0.00 secs] 
2016-08-24T16:37:04.468+0000: 8943.389: Total time for which application threads were stopped: 0.0065212 seconds, Stopping threads took: 0.0000997 seconds
2016-08-24T16:37:04.506+0000: 8943.427: [GC (Allocation Failure) 8943.427: [ParNew
Desired survivor size 8716288 bytes, new threshold 6 (max 6)
- age   1:      88184 bytes,      88184 total
- age   2:      18392 bytes,     106576 total
- age   3:         72 bytes,     106648 total
- age   4:     250752 bytes,     357400 total
- age   6:        968 bytes,     358368 total
: 136643K->445K(153344K), 0.0059029 secs] 307057K->170859K(1031552K), 0.0060190 secs] [Times: user=0.01 sys=0.00, real=0.01 secs] 
2016-08-24T16:37:04.512+0000: 8943.433: Total time for which application threads were stopped: 0.0068689 seconds, Stopping threads took: 0.0001009 seconds
2016-08-24T16:37:04.554+0000: 8943.475: [GC (Allocation Failure) 8943.475: [ParNew
Desired survivor size 8716288 bytes, new threshold 6 (max 6)
- age   1:      68784 bytes,      68784 total
- age   3:       1096 bytes,      69880 total
- age   4:         72 bytes,      69952 total
- age   5:     248264 bytes,     318216 total
: 136765K->340K(153344K), 0.0059335 secs] 307179K->170755K(1031552K), 0.0060198 secs] [Times: user=0.01 sys=0.00, real=0.00 secs] 
2016-08-24T16:37:04.560+0000: 8943.481: Total time for which application threads were stopped: 0.0067884 seconds, Stopping threads took: 0.0000943 seconds
2016-08-24T16:37:04.601+0000: 8943.523: [GC (Allocation Failure) 8943.523: [ParNew
Desired survivor size 8716288 bytes, new threshold 6 (max 6)
- age   1:      49104 bytes,      49104 total
- age   2:       1248 bytes,      50352 total
- age   4:       1064 bytes,      51416 total
- age   5:         72 bytes,      51488 total
- age   6:     246448 bytes,     297936 total
: 136660K->461K(153344K), 0.0060057 secs] 307075K->170877K(1031552K), 0.0061152 secs] [Times: user=0.01 sys=0.00, real=0.00 secs] 
2016-08-24T16:37:04.608+0000: 8943.529: Total time for which application threads were stopped: 0.0069150 seconds, Stopping threads took: 0.0000931 seconds
2016-08-24T16:37:04.648+0000: 8943.569: [GC (Allocation Failure) 8943.569: [ParNew
Desired survivor size 8716288 bytes, new threshold 6 (max 6)
- age   1:      66328 bytes,      66328 total
- age   2:       3920 bytes,      70248 total
- age   3:       1248 bytes,      71496 total
- age   5:       1064 bytes,      72560 total
- age   6:         72 bytes,      72632 total
: 136781K->201K(153344K), 0.0061285 secs] 307197K->170862K(1031552K), 0.0062245 secs] [Times: user=0.01 sys=0.00, real=0.01 secs] 
2016-08-24T16:37:04.654+0000: 8943.576: Total time for which application threads were stopped: 0.0070264 seconds, Stopping threads took: 0.0001161 seconds
2016-08-24T16:37:04.693+0000: 8943.615: [GC (Allocation Failure) 8943.615: [ParNew
Desired survivor size 8716288 bytes, new threshold 6 (max 6)
- age   1:      47680 bytes,      47680 total
- age   3:       1000 bytes,      48680 total
- age   4:       1216 bytes,      49896 total
- age   6:       1064 bytes,      50960 total
: 136521K->84K(153344K), 0.0057263 secs] 307182K->170745K(1031552K), 0.0058481 secs] [Times: user=0.01 sys=0.00, real=0.00 secs] 
2016-08-24T16:37:04.699+0000: 8943.621: Total time for which application threads were stopped: 0.0067811 seconds, Stopping threads took: 0.0001152 seconds
2016-08-24T16:37:04.740+0000: 8943.661: [GC (Allocation Failure) 8943.661: [ParNew
Desired survivor size 8716288 bytes, new threshold 6 (max 6)
- age   1:      65016 bytes,      65016 total
- age   2:       5536 bytes,      70552 total
- age   4:       1000 bytes,      71552 total
- age   5:       1216 bytes,      72768 total
: 136404K->84K(153344K), 0.0056978 secs] 307065K->170747K(1031552K), 0.0057866 secs] [Times: user=0.01 sys=0.00, real=0.01 secs] 
2016-08-24T16:37:04.746+0000: 8943.667: Total time for which application threads were stopped: 0.0065704 seconds, Stopping threads took: 0.0001022 seconds
2016-08-24T16:37:04.787+0000: 8943.708: [GC (Allocation Failure) 8943.708: [ParNew
Desired survivor size 8716288 bytes, new threshold 6 (max 6)
- age   1:      69888 bytes,      69888 total
- age   3:       1000 bytes,      70888 total
- age   5:        968 bytes,      71856 total
- age   6:       1216 bytes,      73072 total
: 136404K->81K(153344K), 0.0057809 secs] 307067K->170743K(1031552K), 0.0058930 secs] [Times: user=0.01 sys=0.00, real=0.01 secs] 
2016-08-24T16:37:04.793+0000: 8943.714: Total time for which application threads were stopped: 0.0067536 seconds, Stopping threads took: 0.0001190 seconds
2016-08-24T16:37:04.834+0000: 8943.755: [GC (Allocation Failure) 8943.755: [ParNew
Desired survivor size 8716288 bytes, new threshold 6 (max 6)
- age   1:      86120 bytes,      86120 total
- age   2:       9064 bytes,      95184 total
- age   4:       1000 bytes,      96184 total
- age   6:        968 bytes,      97152 total
: 136401K->122K(153344K), 0.0058668 secs] 307063K->170785K(1031552K), 0.0059834 secs] [Times: user=0.01 sys=0.00, real=0.00 secs] 
2016-08-24T16:37:04.840+0000: 8943.761: Total time for which application threads were stopped: 0.0068444 seconds, Stopping threads took: 0.0000960 seconds
2016-08-24T16:37:13.877+0000: 8952.799: [GC (Allocation Failure) 8952.799: [ParNew
Desired survivor size 8716288 bytes, new threshold 6 (max 6)
- age   1:     916040 bytes,     916040 total
- age   3:        968 bytes,     917008 total
- age   5:        968 bytes,     917976 total
: 136442K->943K(153344K), 0.0083215 secs] 307105K->171607K(1031552K), 0.0084625 secs] [Times: user=0.01 sys=0.00, real=0.01 secs] 
2016-08-24T16:37:13.886+0000: 8952.807: Total time for which application threads were stopped: 0.0093149 seconds, Stopping threads took: 0.0001033 seconds
2016-08-24T16:37:13.925+0000: 8952.846: [GC (Allocation Failure) 8952.846: [ParNew
Desired survivor size 8716288 bytes, new threshold 6 (max 6)
- age   1:      69928 bytes,      69928 total
- age   2:     245880 bytes,     315808 total
- age   4:        968 bytes,     316776 total
- age   6:        968 bytes,     317744 total
: 137263K->445K(153344K), 0.0054662 secs] 307927K->171110K(1031552K), 0.0055721 secs] [Times: user=0.01 sys=0.00, real=0.01 secs] 
2016-08-24T16:37:13.931+0000: 8952.852: Total time for which application threads were stopped: 0.0063940 seconds, Stopping threads took: 0.0000969 seconds
2016-08-24T16:37:13.972+0000: 8952.893: [GC (Allocation Failure) 8952.893: [ParNew
Desired survivor size 8716288 bytes, new threshold 6 (max 6)
- age   1:      59000 bytes,      59000 total
- age   2:        256 bytes,      59256 total
- age   3:     235768 bytes,     295024 total
- age   5:        968 bytes,     295992 total
: 136765K->423K(153344K), 0.0057972 secs] 307430K->171088K(1031552K), 0.0059033 secs] [Times: user=0.01 sys=0.00, real=0.00 secs] 
2016-08-24T16:37:13.978+0000: 8952.899: Total time for which application threads were stopped: 0.0067454 seconds, Stopping threads took: 0.0001154 seconds
2016-08-24T16:37:14.017+0000: 8952.939: [GC (Allocation Failure) 8952.939: [ParNew
Desired survivor size 8716288 bytes, new threshold 6 (max 6)
- age   1:      81840 bytes,      81840 total
- age   2:      12048 bytes,      93888 total
- age   3:        256 bytes,      94144 total
- age   4:     235768 bytes,     329912 total
- age   6:        968 bytes,     330880 total
: 136743K->548K(153344K), 0.0057596 secs] 307408K->171213K(1031552K), 0.0058723 secs] [Times: user=0.02 sys=0.00, real=0.01 secs] 
2016-08-24T16:37:14.023+0000: 8952.945: Total time for which application threads were stopped: 0.0067043 seconds, Stopping threads took: 0.0001168 seconds
2016-08-24T16:37:14.064+0000: 8952.986: [GC (Allocation Failure) 8952.986: [ParNew
Desired survivor size 8716288 bytes, new threshold 6 (max 6)
- age   1:      66760 bytes,      66760 total
- age   3:       1096 bytes,      67856 total
- age   4:        256 bytes,      68112 total
- age   5:     233920 bytes,     302032 total
: 136868K->377K(153344K), 0.0058531 secs] 307533K->171043K(1031552K), 0.0059789 secs] [Times: user=0.01 sys=0.00, real=0.01 secs] 
2016-08-24T16:37:14.071+0000: 8952.992: Total time for which application threads were stopped: 0.0068213 seconds, Stopping threads took: 0.0000989 seconds
2016-08-24T16:37:14.110+0000: 8953.032: [GC (Allocation Failure) 8953.032: [ParNew
Desired survivor size 8716288 bytes, new threshold 6 (max 6)
- age   1:      66832 bytes,      66832 total
- age   2:      14584 bytes,      81416 total
- age   4:       1096 bytes,      82512 total
- age   5:        256 bytes,      82768 total
- age   6:     233920 bytes,     316688 total
: 136697K->508K(153344K), 0.0057725 secs] 307363K->171174K(1031552K), 0.0058799 secs] [Times: user=0.01 sys=0.00, real=0.00 secs] 
2016-08-24T16:37:14.116+0000: 8953.038: Total time for which application threads were stopped: 0.0066915 seconds, Stopping threads took: 0.0000998 seconds
2016-08-24T16:37:14.157+0000: 8953.079: [GC (Allocation Failure) 8953.079: [ParNew
Desired survivor size 8716288 bytes, new threshold 6 (max 6)
- age   1:      66464 bytes,      66464 total
- age   3:       1000 bytes,      67464 total
- age   5:       1064 bytes,      68528 total
- age   6:        256 bytes,      68784 total
: 136828K->198K(153344K), 0.0061534 secs] 307494K->171095K(1031552K), 0.0062626 secs] [Times: user=0.01 sys=0.00, real=0.01 secs] 
2016-08-24T16:37:14.163+0000: 8953.085: Total time for which application threads were stopped: 0.0070904 seconds, Stopping threads took: 0.0000946 seconds
2016-08-24T16:37:14.204+0000: 8953.125: [GC (Allocation Failure) 8953.126: [ParNew
Desired survivor size 8716288 bytes, new threshold 6 (max 6)
- age   1:      74088 bytes,      74088 total
- age   2:      17760 bytes,      91848 total
- age   4:       1000 bytes,      92848 total
- age   6:       1064 bytes,      93912 total
: 136518K->128K(153344K), 0.0060386 secs] 307415K->171025K(1031552K), 0.0061452 secs] [Times: user=0.02 sys=0.00, real=0.01 secs] 
2016-08-24T16:37:14.210+0000: 8953.132: Total time for which application threads were stopped: 0.0069658 seconds, Stopping threads took: 0.0001033 seconds
2016-08-24T16:37:14.252+0000: 8953.174: [GC (Allocation Failure) 8953.174: [ParNew
Desired survivor size 8716288 bytes, new threshold 6 (max 6)
- age   1:      87576 bytes,      87576 total
- age   3:       1000 bytes,      88576 total
- age   5:        968 bytes,      89544 total
: 136448K->116K(153344K), 0.0064451 secs] 307345K->171014K(1031552K), 0.0065674 secs] [Times: user=0.01 sys=0.00, real=0.00 secs] 
2016-08-24T16:37:14.259+0000: 8953.181: Total time for which application threads were stopped: 0.0074258 seconds, Stopping threads took: 0.0001003 seconds
2016-08-24T16:37:14.300+0000: 8953.222: [GC (Allocation Failure) 8953.222: [ParNew
Desired survivor size 8716288 bytes, new threshold 6 (max 6)
- age   1:      66616 bytes,      66616 total
- age   2:      21272 bytes,      87888 total
- age   4:       1000 bytes,      88888 total
- age   6:        968 bytes,      89856 total
: 136436K->116K(153344K), 0.0060212 secs] 307334K->171015K(1031552K), 0.0061270 secs] [Times: user=0.01 sys=0.00, real=0.01 secs] 
2016-08-24T16:37:14.306+0000: 8953.228: Total time for which application threads were stopped: 0.0069346 seconds, Stopping threads took: 0.0001052 seconds
2016-08-24T16:37:14.348+0000: 8953.270: [GC (Allocation Failure) 8953.270: [ParNew
Desired survivor size 8716288 bytes, new threshold 6 (max 6)
- age   1:      69472 bytes,      69472 total
- age   3:       1000 bytes,      70472 total
- age   5:        968 bytes,      71440 total
: 136436K->88K(153344K), 0.0062060 secs] 307335K->170987K(1031552K), 0.0063407 secs] [Times: user=0.01 sys=0.00, real=0.00 secs] 
2016-08-24T16:37:14.355+0000: 8953.276: Total time for which application threads were stopped: 0.0072215 seconds, Stopping threads took: 0.0001013 seconds
2016-08-24T16:37:19.750+0000: 8958.671: [GC (Allocation Failure) 8958.672: [ParNew
Desired survivor size 8716288 bytes, new threshold 6 (max 6)
- age   1:     859432 bytes,     859432 total
- age   2:        968 bytes,     860400 total
- age   4:        968 bytes,     861368 total
- age   6:        968 bytes,     862336 total
: 136408K->862K(153344K), 0.0147006 secs] 307307K->171762K(1031552K), 0.0149221 secs] [Times: user=0.03 sys=0.00, real=0.01 secs] 
2016-08-24T16:37:19.765+0000: 8958.686: Total time for which application threads were stopped: 0.0168984 seconds, Stopping threads took: 0.0002233 seconds
2016-08-24T16:37:22.698+0000: 8961.620: Total time for which application threads were stopped: 0.0006281 seconds, Stopping threads took: 0.0001041 seconds
2016-08-24T16:37:22.699+0000: 8961.620: Total time for which application threads were stopped: 0.0003224 seconds, Stopping threads took: 0.0000481 seconds
2016-08-24T16:37:22.699+0000: 8961.621: Total time for which application threads were stopped: 0.0003536 seconds, Stopping threads took: 0.0000724 seconds
2016-08-24T16:37:22.862+0000: 8961.784: Total time for which application threads were stopped: 0.0006165 seconds, Stopping threads took: 0.0000777 seconds
2016-08-24T16:37:22.862+0000: 8961.784: Total time for which application threads were stopped: 0.0003420 seconds, Stopping threads took: 0.0000400 seconds
2016-08-24T16:37:22.863+0000: 8961.784: Total time for which application threads were stopped: 0.0003080 seconds, Stopping threads took: 0.0000300 seconds
2016-08-24T16:37:23.865+0000: 8962.786: [GC (Allocation Failure) 8962.787: [ParNew
Desired survivor size 8716288 bytes, new threshold 6 (max 6)
- age   1:     513688 bytes,     513688 total
- age   2:     142144 bytes,     655832 total
- age   3:        968 bytes,     656800 total
- age   5:        968 bytes,     657768 total
: 137182K->730K(153344K), 0.0072590 secs] 308082K->171631K(1031552K), 0.0073755 secs] [Times: user=0.01 sys=0.00, real=0.01 secs] 
2016-08-24T16:37:23.872+0000: 8962.794: Total time for which application threads were stopped: 0.0082384 seconds, Stopping threads took: 0.0000962 seconds
2016-08-24T16:37:23.912+0000: 8962.834: [GC (Allocation Failure) 8962.834: [ParNew
Desired survivor size 8716288 bytes, new threshold 6 (max 6)
- age   1:      56432 bytes,      56432 total
- age   2:     132064 bytes,     188496 total
- age   3:     139720 bytes,     328216 total
- age   4:        968 bytes,     329184 total
- age   6:        968 bytes,     330152 total
: 137050K->472K(153344K), 0.0066711 secs] 307951K->171372K(1031552K), 0.0067840 secs] [Times: user=0.01 sys=0.00, real=0.00 secs] 
2016-08-24T16:37:23.919+0000: 8962.841: Total time for which application threads were stopped: 0.0076170 seconds, Stopping threads took: 0.0000975 seconds
2016-08-24T16:37:23.960+0000: 8962.882: [GC (Allocation Failure) 8962.882: [ParNew
Desired survivor size 8716288 bytes, new threshold 6 (max 6)
- age   1:      72960 bytes,      72960 total
- age   2:       4576 bytes,      77536 total
- age   3:     132064 bytes,     209600 total
- age   4:     139720 bytes,     349320 total
- age   5:        968 bytes,     350288 total
: 136792K->465K(153344K), 0.0064356 secs] 307692K->171367K(1031552K), 0.0065729 secs] [Times: user=0.02 sys=0.00, real=0.00 secs] 
2016-08-24T16:37:23.967+0000: 8962.889: Total time for which application threads were stopped: 0.0074481 seconds, Stopping threads took: 0.0000987 seconds
2016-08-24T16:37:24.009+0000: 8962.931: [GC (Allocation Failure) 8962.931: [ParNew
Desired survivor size 8716288 bytes, new threshold 6 (max 6)
- age   1:      69272 bytes,      69272 total
- age   3:       1096 bytes,      70368 total
- age   4:     130216 bytes,     200584 total
- age   5:     139720 bytes,     340304 total
- age   6:        968 bytes,     341272 total
: 136785K->503K(153344K), 0.0064751 secs] 307687K->171404K(1031552K), 0.0065946 secs] [Times: user=0.01 sys=0.00, real=0.00 secs] 
2016-08-24T16:37:24.016+0000: 8962.937: Total time for which application threads were stopped: 0.0074919 seconds, Stopping threads took: 0.0001039 seconds
2016-08-24T16:37:24.057+0000: 8962.978: [GC (Allocation Failure) 8962.978: [ParNew
Desired survivor size 8716288 bytes, new threshold 6 (max 6)
- age   1:      64336 bytes,      64336 total
- age   2:       7552 bytes,      71888 total
- age   4:       1096 bytes,      72984 total
- age   5:     130216 bytes,     203200 total
- age   6:     139720 bytes,     342920 total
: 136823K->468K(153344K), 0.0063227 secs] 307724K->171370K(1031552K), 0.0064181 secs] [Times: user=0.01 sys=0.00, real=0.01 secs] 
2016-08-24T16:37:24.063+0000: 8962.985: Total time for which application threads were stopped: 0.0072694 seconds, Stopping threads took: 0.0001016 seconds
2016-08-24T16:37:24.106+0000: 8963.027: [GC (Allocation Failure) 8963.027: [ParNew
Desired survivor size 8716288 bytes, new threshold 6 (max 6)
- age   1:      81080 bytes,      81080 total
- age   3:       1000 bytes,      82080 total
- age   5:       1064 bytes,      83144 total
- age   6:     128400 bytes,     211544 total
: 136788K->331K(153344K), 0.0059696 secs] 307690K->171373K(1031552K), 0.0060723 secs] [Times: user=0.02 sys=0.00, real=0.01 secs] 
2016-08-24T16:37:24.112+0000: 8963.033: Total time for which application threads were stopped: 0.0068854 seconds, Stopping threads took: 0.0000964 seconds
2016-08-24T16:37:24.152+0000: 8963.074: [GC (Allocation Failure) 8963.074: [ParNew
Desired survivor size 8716288 bytes, new threshold 6 (max 6)
- age   1:      73296 bytes,      73296 total
- age   2:      10288 bytes,      83584 total
- age   4:       1000 bytes,      84584 total
- age   6:       1064 bytes,      85648 total
: 136651K->174K(153344K), 0.0060762 secs] 307693K->171344K(1031552K), 0.0061815 secs] [Times: user=0.01 sys=0.00, real=0.00 secs] 
2016-08-24T16:37:24.159+0000: 8963.080: Total time for which application threads were stopped: 0.0070239 seconds, Stopping threads took: 0.0001009 seconds
2016-08-24T16:37:24.201+0000: 8963.122: [GC (Allocation Failure) 8963.122: [ParNew
Desired survivor size 8716288 bytes, new threshold 6 (max 6)
- age   1:      59648 bytes,      59648 total
- age   3:       1000 bytes,      60648 total
- age   5:        968 bytes,      61616 total
: 136494K->83K(153344K), 0.0055450 secs] 307664K->171255K(1031552K), 0.0056504 secs] [Times: user=0.01 sys=0.00, real=0.00 secs] 
2016-08-24T16:37:24.206+0000: 8963.128: Total time for which application threads were stopped: 0.0064937 seconds, Stopping threads took: 0.0000990 seconds
2016-08-24T16:37:24.245+0000: 8963.166: [GC (Allocation Failure) 8963.166: [ParNew
Desired survivor size 8716288 bytes, new threshold 6 (max 6)
- age   1:      73264 bytes,      73264 total
- age   2:      14088 bytes,      87352 total
- age   4:       1000 bytes,      88352 total
- age   6:        968 bytes,      89320 total
: 136403K->106K(153344K), 0.0054773 secs] 307575K->171278K(1031552K), 0.0055791 secs] [Times: user=0.01 sys=0.00, real=0.01 secs] 
2016-08-24T16:37:24.251+0000: 8963.172: Total time for which application threads were stopped: 0.0063998 seconds, Stopping threads took: 0.0001003 seconds
2016-08-24T16:37:24.293+0000: 8963.214: [GC (Allocation Failure) 8963.214: [ParNew
Desired survivor size 8716288 bytes, new threshold 6 (max 6)
- age   1:      68848 bytes,      68848 total
- age   3:       1000 bytes,      69848 total
- age   5:        968 bytes,      70816 total
: 136426K->77K(153344K), 0.0052680 secs] 307598K->171249K(1031552K), 0.0053778 secs] [Times: user=0.01 sys=0.00, real=0.00 secs] 
2016-08-24T16:37:24.298+0000: 8963.220: Total time for which application threads were stopped: 0.0062172 seconds, Stopping threads took: 0.0001131 seconds
2016-08-24T16:37:24.336+0000: 8963.257: [GC (Allocation Failure) 8963.257: [ParNew
Desired survivor size 8716288 bytes, new threshold 6 (max 6)
- age   1:      67416 bytes,      67416 total
- age   2:      16416 bytes,      83832 total
- age   4:       1000 bytes,      84832 total
- age   6:        968 bytes,      85800 total
: 136397K->111K(153344K), 0.0054035 secs] 307569K->171283K(1031552K), 0.0055055 secs] [Times: user=0.01 sys=0.00, real=0.01 secs] 
2016-08-24T16:37:24.341+0000: 8963.263: Total time for which application threads were stopped: 0.0063325 seconds, Stopping threads took: 0.0001022 seconds
2016-08-24T16:37:25.343+0000: 8964.265: Total time for which application threads were stopped: 0.0017944 seconds, Stopping threads took: 0.0002608 seconds
2016-08-24T16:37:26.346+0000: 8965.267: Total time for which application threads were stopped: 0.0019954 seconds, Stopping threads took: 0.0002940 seconds
2016-08-24T16:37:34.522+0000: 8973.444: [GC (Allocation Failure) 8973.444: [ParNew
Desired survivor size 8716288 bytes, new threshold 6 (max 6)
- age   1:    1060520 bytes,    1060520 total
- age   3:        968 bytes,    1061488 total
- age   5:        968 bytes,    1062456 total
: 136431K->1073K(153344K), 0.0077216 secs] 307603K->172246K(1031552K), 0.0078419 secs] [Times: user=0.02 sys=0.00, real=0.01 secs] 
2016-08-24T16:37:34.530+0000: 8973.452: Total time for which application threads were stopped: 0.0086588 seconds, Stopping threads took: 0.0000955 seconds
2016-08-24T16:37:34.570+0000: 8973.491: [GC (Allocation Failure) 8973.491: [ParNew
Desired survivor size 8716288 bytes, new threshold 6 (max 6)
- age   1:      75584 bytes,      75584 total
- age   2:     264400 bytes,     339984 total
- age   4:        968 bytes,     340952 total
- age   6:        968 bytes,     341920 total
: 137393K->458K(153344K), 0.0058160 secs] 308566K->171632K(1031552K), 0.0059247 secs] [Times: user=0.01 sys=0.00, real=0.00 secs] 
2016-08-24T16:37:34.576+0000: 8973.497: Total time for which application threads were stopped: 0.0067761 seconds, Stopping threads took: 0.0001012 seconds
2016-08-24T16:37:34.617+0000: 8973.538: [GC (Allocation Failure) 8973.539: [ParNew
Desired survivor size 8716288 bytes, new threshold 6 (max 6)
- age   1:      72232 bytes,      72232 total
- age   2:        344 bytes,      72576 total
- age   3:     248464 bytes,     321040 total
- age   5:        968 bytes,     322008 total
: 136778K->453K(153344K), 0.0060567 secs] 307952K->171628K(1031552K), 0.0061632 secs] [Times: user=0.01 sys=0.00, real=0.01 secs] 
2016-08-24T16:37:34.623+0000: 8973.545: Total time for which application threads were stopped: 0.0070046 seconds, Stopping threads took: 0.0000993 seconds
2016-08-24T16:37:34.664+0000: 8973.585: [GC (Allocation Failure) 8973.585: [ParNew
Desired survivor size 8716288 bytes, new threshold 6 (max 6)
- age   1:      65128 bytes,      65128 total
- age   2:      18392 bytes,      83520 total
- age   3:        344 bytes,      83864 total
- age   4:     248464 bytes,     332328 total
- age   6:        968 bytes,     333296 total
: 136773K->453K(153344K), 0.0064860 secs] 307948K->171627K(1031552K), 0.0066022 secs] [Times: user=0.02 sys=0.00, real=0.01 secs] 
2016-08-24T16:37:34.671+0000: 8973.592: Total time for which application threads were stopped: 0.0074505 seconds, Stopping threads took: 0.0000992 seconds
2016-08-24T16:37:34.713+0000: 8973.634: [GC (Allocation Failure) 8973.634: [ParNew
Desired survivor size 8716288 bytes, new threshold 6 (max 6)
- age   1:      70376 bytes,      70376 total
- age   3:       1096 bytes,      71472 total
- age   4:        344 bytes,      71816 total
- age   5:     246616 bytes,     318432 total
: 136773K->467K(153344K), 0.0061708 secs] 307947K->171642K(1031552K), 0.0062905 secs] [Times: user=0.01 sys=0.00, real=0.00 secs] 
2016-08-24T16:37:34.719+0000: 8973.641: Total time for which application threads were stopped: 0.0071513 seconds, Stopping threads took: 0.0001033 seconds
2016-08-24T16:37:34.761+0000: 8973.683: [GC (Allocation Failure) 8973.683: [ParNew
Desired survivor size 8716288 bytes, new threshold 6 (max 6)
- age   1:      55632 bytes,      55632 total
- age   2:       1000 bytes,      56632 total
- age   4:       1064 bytes,      57696 total
- age   5:        272 bytes,      57968 total
- age   6:     244376 bytes,     302344 total
: 136787K->456K(153344K), 0.0057413 secs] 307962K->171631K(1031552K), 0.0058454 secs] [Times: user=0.01 sys=0.00, real=0.00 secs] 
2016-08-24T16:37:34.767+0000: 8973.689: Total time for which application threads were stopped: 0.0066210 seconds, Stopping threads took: 0.0000930 seconds
2016-08-24T16:37:34.807+0000: 8973.729: [GC (Allocation Failure) 8973.729: [ParNew
Desired survivor size 8716288 bytes, new threshold 6 (max 6)
- age   1:      67872 bytes,      67872 total
- age   2:       4256 bytes,      72128 total
- age   3:       1000 bytes,      73128 total
- age   5:       1064 bytes,      74192 total
- age   6:        272 bytes,      74464 total
: 136776K->299K(153344K), 0.0076157 secs] 307951K->171717K(1031552K), 0.0077454 secs] [Times: user=0.01 sys=0.00, real=0.01 secs] 
2016-08-24T16:37:34.815+0000: 8973.737: Total time for which application threads were stopped: 0.0086102 seconds, Stopping threads took: 0.0000988 seconds
2016-08-24T16:37:34.857+0000: 8973.779: [GC (Allocation Failure) 8973.779: [ParNew
Desired survivor size 8716288 bytes, new threshold 6 (max 6)
- age   1:      75208 bytes,      75208 total
- age   3:       1336 bytes,      76544 total
- age   4:        968 bytes,      77512 total
- age   6:       1064 bytes,      78576 total
: 136619K->143K(153344K), 0.0059960 secs] 308037K->171561K(1031552K), 0.0061150 secs] [Times: user=0.01 sys=0.00, real=0.01 secs] 
2016-08-24T16:37:34.864+0000: 8973.785: Total time for which application threads were stopped: 0.0070306 seconds, Stopping threads took: 0.0001003 seconds
2016-08-24T16:37:34.904+0000: 8973.826: [GC (Allocation Failure) 8973.826: [ParNew
Desired survivor size 8716288 bytes, new threshold 6 (max 6)
- age   1:      93160 bytes,      93160 total
- age   2:       5536 bytes,      98696 total
- age   4:       1336 bytes,     100032 total
- age   5:        968 bytes,     101000 total
: 136463K->120K(153344K), 0.0061262 secs] 307881K->171540K(1031552K), 0.0062191 secs] [Times: user=0.00 sys=0.01, real=0.01 secs] 
2016-08-24T16:37:34.910+0000: 8973.832: Total time for which application threads were stopped: 0.0070329 seconds, Stopping threads took: 0.0001024 seconds
2016-08-24T16:37:34.953+0000: 8973.875: [GC (Allocation Failure) 8973.875: [ParNew
Desired survivor size 8716288 bytes, new threshold 6 (max 6)
- age   1:      71568 bytes,      71568 total
- age   3:       1000 bytes,      72568 total
- age   5:       1304 bytes,      73872 total
- age   6:        968 bytes,      74840 total
: 136440K->90K(153344K), 0.0058922 secs] 307860K->171509K(1031552K), 0.0060101 secs] [Times: user=0.01 sys=0.00, real=0.00 secs] 
2016-08-24T16:37:34.959+0000: 8973.881: Total time for which application threads were stopped: 0.0068743 seconds, Stopping threads took: 0.0001038 seconds
2016-08-24T16:37:35.000+0000: 8973.922: [GC (Allocation Failure) 8973.922: [ParNew
Desired survivor size 8716288 bytes, new threshold 6 (max 6)
- age   1:      72184 bytes,      72184 total
- age   2:       9064 bytes,      81248 total
- age   4:       1000 bytes,      82248 total
- age   6:       1304 bytes,      83552 total
: 136410K->119K(153344K), 0.0056815 secs] 307829K->171539K(1031552K), 0.0057694 secs] [Times: user=0.01 sys=0.00, real=0.00 secs] 
2016-08-24T16:37:35.006+0000: 8973.928: Total time for which application threads were stopped: 0.0065889 seconds, Stopping threads took: 0.0001061 seconds
2016-08-24T16:37:36.008+0000: 8974.930: Total time for which application threads were stopped: 0.0019151 seconds, Stopping threads took: 0.0002584 seconds
2016-08-24T16:37:44.367+0000: 8983.288: [GC (Allocation Failure) 8983.289: [ParNew
Desired survivor size 8716288 bytes, new threshold 6 (max 6)
- age   1:     998000 bytes,     998000 total
- age   3:        968 bytes,     998968 total
- age   5:        968 bytes,     999936 total
: 136439K->987K(153344K), 0.0076675 secs] 307859K->172409K(1031552K), 0.0078118 secs] [Times: user=0.01 sys=0.00, real=0.01 secs] 
2016-08-24T16:37:44.375+0000: 8983.296: Total time for which application threads were stopped: 0.0087070 seconds, Stopping threads took: 0.0000997 seconds
2016-08-24T16:37:44.415+0000: 8983.336: [GC (Allocation Failure) 8983.336: [ParNew
Desired survivor size 8716288 bytes, new threshold 6 (max 6)
- age   1:      64016 bytes,      64016 total
- age   2:     286248 bytes,     350264 total
- age   4:        968 bytes,     351232 total
- age   6:        968 bytes,     352200 total
: 137307K->465K(153344K), 0.0072655 secs] 308729K->171886K(1031552K), 0.0074355 secs] [Times: user=0.01 sys=0.00, real=0.01 secs] 
2016-08-24T16:37:44.422+0000: 8983.344: Total time for which application threads were stopped: 0.0085001 seconds, Stopping threads took: 0.0001084 seconds
2016-08-24T16:37:44.464+0000: 8983.385: [GC (Allocation Failure) 8983.385: [ParNew
Desired survivor size 8716288 bytes, new threshold 6 (max 6)
- age   1:      68312 bytes,      68312 total
- age   2:        304 bytes,      68616 total
- age   3:     276136 bytes,     344752 total
- age   5:        968 bytes,     345720 total
: 136785K->464K(153344K), 0.0059593 secs] 308206K->171887K(1031552K), 0.0060934 secs] [Times: user=0.01 sys=0.00, real=0.01 secs] 
2016-08-24T16:37:44.470+0000: 8983.392: Total time for which application threads were stopped: 0.0069143 seconds, Stopping threads took: 0.0000969 seconds
2016-08-24T16:37:44.512+0000: 8983.433: [GC (Allocation Failure) 8983.433: [ParNew
Desired survivor size 8716288 bytes, new threshold 6 (max 6)
- age   1:      82168 bytes,      82168 total
- age   2:      12048 bytes,      94216 total
- age   3:        304 bytes,      94520 total
- age   4:     276136 bytes,     370656 total
- age   6:        968 bytes,     371624 total
: 136784K->484K(153344K), 0.0061625 secs] 308207K->171907K(1031552K), 0.0062635 secs] [Times: user=0.01 sys=0.00, real=0.00 secs] 
2016-08-24T16:37:44.518+0000: 8983.440: Total time for which application threads were stopped: 0.0070983 seconds, Stopping threads took: 0.0001000 seconds
2016-08-24T16:37:44.560+0000: 8983.481: [GC (Allocation Failure) 8983.481: [ParNew
Desired survivor size 8716288 bytes, new threshold 6 (max 6)
- age   1:      81336 bytes,      81336 total
- age   3:       1096 bytes,      82432 total
- age   4:        304 bytes,      82736 total
- age   5:     274288 bytes,     357024 total
: 136804K->513K(153344K), 0.0064709 secs] 308227K->171937K(1031552K), 0.0065934 secs] [Times: user=0.01 sys=0.00, real=0.01 secs] 
2016-08-24T16:37:44.566+0000: 8983.488: Total time for which application threads were stopped: 0.0074460 seconds, Stopping threads took: 0.0001034 seconds
2016-08-24T16:37:44.607+0000: 8983.529: [GC (Allocation Failure) 8983.529: [ParNew
Desired survivor size 8716288 bytes, new threshold 6 (max 6)
- age   1:      82040 bytes,      82040 total
- age   2:      14464 bytes,      96504 total
- age   4:       1096 bytes,      97600 total
- age   5:        304 bytes,      97904 total
- age   6:     274288 bytes,     372192 total
: 136833K->505K(153344K), 0.0061029 secs] 308257K->171929K(1031552K), 0.0061958 secs] [Times: user=0.01 sys=0.00, real=0.01 secs] 
2016-08-24T16:37:44.614+0000: 8983.535: Total time for which application threads were stopped: 0.0070166 seconds, Stopping threads took: 0.0001050 seconds
2016-08-24T16:37:44.655+0000: 8983.577: [GC (Allocation Failure) 8983.577: [ParNew
Desired survivor size 8716288 bytes, new threshold 6 (max 6)
- age   1:      62672 bytes,      62672 total
- age   3:       1000 bytes,      63672 total
- age   5:       1064 bytes,      64736 total
- age   6:        304 bytes,      65040 total
: 136825K->361K(153344K), 0.0067568 secs] 308249K->172057K(1031552K), 0.0068912 secs] [Times: user=0.02 sys=0.00, real=0.01 secs] 
2016-08-24T16:37:44.662+0000: 8983.584: Total time for which application threads were stopped: 0.0077721 seconds, Stopping threads took: 0.0000995 seconds
2016-08-24T16:37:44.703+0000: 8983.625: [GC (Allocation Failure) 8983.625: [ParNew
Desired survivor size 8716288 bytes, new threshold 6 (max 6)
- age   1:      72000 bytes,      72000 total
- age   2:      17760 bytes,      89760 total
- age   4:       1000 bytes,      90760 total
- age   6:       1064 bytes,      91824 total
: 136681K->121K(153344K), 0.0056572 secs] 308377K->171817K(1031552K), 0.0057457 secs] [Times: user=0.01 sys=0.00, real=0.01 secs] 
2016-08-24T16:37:44.709+0000: 8983.630: Total time for which application threads were stopped: 0.0065543 seconds, Stopping threads took: 0.0001007 seconds
2016-08-24T16:37:44.750+0000: 8983.672: [GC (Allocation Failure) 8983.672: [ParNew
Desired survivor size 8716288 bytes, new threshold 6 (max 6)
- age   1:      80800 bytes,      80800 total
- age   3:       1000 bytes,      81800 total
- age   5:        968 bytes,      82768 total
: 136441K->128K(153344K), 0.0057569 secs] 308137K->171825K(1031552K), 0.0058828 secs] [Times: user=0.01 sys=0.00, real=0.00 secs] 
2016-08-24T16:37:44.756+0000: 8983.678: Total time for which application threads were stopped: 0.0067202 seconds, Stopping threads took: 0.0000994 seconds
2016-08-24T16:37:44.796+0000: 8983.718: [GC (Allocation Failure) 8983.718: [ParNew
Desired survivor size 8716288 bytes, new threshold 6 (max 6)
- age   1:      82800 bytes,      82800 total
- age   2:      20768 bytes,     103568 total
- age   4:       1000 bytes,     104568 total
- age   6:        968 bytes,     105536 total
: 136448K->119K(153344K), 0.0058807 secs] 308145K->171816K(1031552K), 0.0059984 secs] [Times: user=0.01 sys=0.00, real=0.01 secs] 
2016-08-24T16:37:44.803+0000: 8983.724: Total time for which application threads were stopped: 0.0069099 seconds, Stopping threads took: 0.0001196 seconds
2016-08-24T16:37:44.844+0000: 8983.765: [GC (Allocation Failure) 8983.765: [ParNew
Desired survivor size 8716288 bytes, new threshold 6 (max 6)
- age   1:      66728 bytes,      66728 total
- age   2:        248 bytes,      66976 total
- age   3:       1000 bytes,      67976 total
- age   5:        968 bytes,      68944 total
: 136439K->124K(153344K), 0.0062191 secs] 308136K->171822K(1031552K), 0.0063374 secs] [Times: user=0.01 sys=0.00, real=0.01 secs] 
2016-08-24T16:37:44.850+0000: 8983.772: Total time for which application threads were stopped: 0.0071793 seconds, Stopping threads took: 0.0001007 seconds
2016-08-24T16:37:46.851+0000: 8985.773: Total time for which application threads were stopped: 0.0006458 seconds, Stopping threads took: 0.0001139 seconds
2016-08-24T16:37:51.609+0000: 8990.531: [GC (Allocation Failure) 8990.531: [ParNew
Desired survivor size 8716288 bytes, new threshold 6 (max 6)
- age   1:     772632 bytes,     772632 total
- age   2:        968 bytes,     773600 total
- age   3:         64 bytes,     773664 total
- age   4:        968 bytes,     774632 total
- age   6:        968 bytes,     775600 total
: 136444K->767K(153344K), 0.0148660 secs] 308142K->172465K(1031552K), 0.0150937 secs] [Times: user=0.02 sys=0.00, real=0.01 secs] 
2016-08-24T16:37:51.625+0000: 8990.546: Total time for which application threads were stopped: 0.0172598 seconds, Stopping threads took: 0.0002334 seconds
2016-08-24T16:37:54.427+0000: 8993.349: [GC (Allocation Failure) 8993.349: [ParNew
Desired survivor size 8716288 bytes, new threshold 6 (max 6)
- age   1:     486032 bytes,     486032 total
- age   2:     128736 bytes,     614768 total
- age   3:        968 bytes,     615736 total
- age   4:         64 bytes,     615800 total
- age   5:        968 bytes,     616768 total
: 137087K->666K(153344K), 0.0076366 secs] 308785K->172365K(1031552K), 0.0077521 secs] [Times: user=0.02 sys=0.00, real=0.01 secs] 
2016-08-24T16:37:54.435+0000: 8993.357: Total time for which application threads were stopped: 0.0085846 seconds, Stopping threads took: 0.0001052 seconds
2016-08-24T16:37:54.477+0000: 8993.399: [GC (Allocation Failure) 8993.399: [ParNew
Desired survivor size 8716288 bytes, new threshold 6 (max 6)
- age   1:      58912 bytes,      58912 total
- age   2:     148336 bytes,     207248 total
- age   3:     121072 bytes,     328320 total
- age   4:        968 bytes,     329288 total
- age   5:         64 bytes,     329352 total
- age   6:        968 bytes,     330320 total
: 136986K->442K(153344K), 0.0065690 secs] 308685K->172141K(1031552K), 0.0066873 secs] [Times: user=0.02 sys=0.00, real=0.01 secs] 
2016-08-24T16:37:54.484+0000: 8993.406: Total time for which application threads were stopped: 0.0075174 seconds, Stopping threads took: 0.0001010 seconds
2016-08-24T16:37:54.522+0000: 8993.443: [GC (Allocation Failure) 8993.443: [ParNew
Desired survivor size 8716288 bytes, new threshold 6 (max 6)
- age   1:      81552 bytes,      81552 total
- age   2:       4600 bytes,      86152 total
- age   3:     148336 bytes,     234488 total
- age   4:     121072 bytes,     355560 total
- age   5:        968 bytes,     356528 total
- age   6:         64 bytes,     356592 total
: 136762K->615K(153344K), 0.0067064 secs] 308461K->172315K(1031552K), 0.0068218 secs] [Times: user=0.01 sys=0.00, real=0.01 secs] 
2016-08-24T16:37:54.529+0000: 8993.450: Total time for which application threads were stopped: 0.0076437 seconds, Stopping threads took: 0.0001012 seconds
2016-08-24T16:37:54.571+0000: 8993.492: [GC (Allocation Failure) 8993.492: [ParNew
Desired survivor size 8716288 bytes, new threshold 6 (max 6)
- age   1:      62760 bytes,      62760 total
- age   3:       1120 bytes,      63880 total
- age   4:     146096 bytes,     209976 total
- age   5:     120960 bytes,     330936 total
- age   6:        968 bytes,     331904 total
: 136935K->399K(153344K), 0.0065441 secs] 308635K->172099K(1031552K), 0.0066620 secs] [Times: user=0.02 sys=0.00, real=0.00 secs] 
2016-08-24T16:37:54.578+0000: 8993.499: Total time for which application threads were stopped: 0.0074929 seconds, Stopping threads took: 0.0001034 seconds
2016-08-24T16:37:54.618+0000: 8993.539: [GC (Allocation Failure) 8993.539: [ParNew
Desired survivor size 8716288 bytes, new threshold 6 (max 6)
- age   1:      89024 bytes,      89024 total
- age   2:       7800 bytes,      96824 total
- age   4:       1120 bytes,      97944 total
- age   5:     146096 bytes,     244040 total
- age   6:     120960 bytes,     365000 total
: 136719K->562K(153344K), 0.0065569 secs] 308419K->172263K(1031552K), 0.0066820 secs] [Times: user=0.01 sys=0.00, real=0.01 secs] 
2016-08-24T16:37:54.625+0000: 8993.546: Total time for which application threads were stopped: 0.0075219 seconds, Stopping threads took: 0.0001030 seconds
2016-08-24T16:37:54.666+0000: 8993.588: [GC (Allocation Failure) 8993.588: [ParNew
Desired survivor size 8716288 bytes, new threshold 6 (max 6)
- age   1:      50504 bytes,      50504 total
- age   3:       1248 bytes,      51752 total
- age   5:       1088 bytes,      52840 total
- age   6:     144280 bytes,     197120 total
: 136882K->341K(153344K), 0.0069229 secs] 308583K->172162K(1031552K), 0.0070519 secs] [Times: user=0.02 sys=0.00, real=0.01 secs] 
2016-08-24T16:37:54.674+0000: 8993.595: Total time for which application threads were stopped: 0.0079071 seconds, Stopping threads took: 0.0001019 seconds
2016-08-24T16:37:54.712+0000: 8993.634: [GC (Allocation Failure) 8993.634: [ParNew
Desired survivor size 8716288 bytes, new threshold 6 (max 6)
- age   1:      73824 bytes,      73824 total
- age   2:      10288 bytes,      84112 total
- age   4:       1248 bytes,      85360 total
- age   6:       1088 bytes,      86448 total
: 136661K->171K(153344K), 0.0066315 secs] 308482K->172137K(1031552K), 0.0067744 secs] [Times: user=0.01 sys=0.00, real=0.00 secs] 
2016-08-24T16:37:54.719+0000: 8993.641: Total time for which application threads were stopped: 0.0076442 seconds, Stopping threads took: 0.0001157 seconds
2016-08-24T16:37:54.758+0000: 8993.680: [GC (Allocation Failure) 8993.680: [ParNew
Desired survivor size 8716288 bytes, new threshold 6 (max 6)
- age   1:      59696 bytes,      59696 total
- age   3:       1000 bytes,      60696 total
- age   5:       1216 bytes,      61912 total
: 136491K->83K(153344K), 0.0061508 secs] 308457K->172050K(1031552K), 0.0062808 secs] [Times: user=0.01 sys=0.00, real=0.01 secs] 
2016-08-24T16:37:54.765+0000: 8993.686: Total time for which application threads were stopped: 0.0071328 seconds, Stopping threads took: 0.0001011 seconds
2016-08-24T16:37:54.805+0000: 8993.727: [GC (Allocation Failure) 8993.727: [ParNew
Desired survivor size 8716288 bytes, new threshold 6 (max 6)
- age   1:      70840 bytes,      70840 total
- age   2:      14088 bytes,      84928 total
- age   4:       1000 bytes,      85928 total
- age   6:       1144 bytes,      87072 total
: 136403K->95K(153344K), 0.0059829 secs] 308370K->172062K(1031552K), 0.0060983 secs] [Times: user=0.01 sys=0.00, real=0.01 secs] 
2016-08-24T16:37:54.811+0000: 8993.733: Total time for which application threads were stopped: 0.0069840 seconds, Stopping threads took: 0.0001234 seconds
2016-08-24T16:37:54.850+0000: 8993.772: [GC (Allocation Failure) 8993.772: [ParNew
Desired survivor size 8716288 bytes, new threshold 6 (max 6)
- age   1:      76840 bytes,      76840 total
- age   2:        248 bytes,      77088 total
- age   3:       1000 bytes,      78088 total
- age   5:        968 bytes,      79056 total
: 136415K->97K(153344K), 0.0061462 secs] 308382K->172065K(1031552K), 0.0062599 secs] [Times: user=0.02 sys=0.00, real=0.00 secs] 
2016-08-24T16:37:54.857+0000: 8993.778: Total time for which application threads were stopped: 0.0070834 seconds, Stopping threads took: 0.0001037 seconds
2016-08-24T16:37:54.898+0000: 8993.820: [GC (Allocation Failure) 8993.820: [ParNew
Desired survivor size 8716288 bytes, new threshold 6 (max 6)
- age   1:      75696 bytes,      75696 total
- age   2:      16480 bytes,      92176 total
- age   3:        248 bytes,      92424 total
- age   4:       1000 bytes,      93424 total
- age   6:        968 bytes,      94392 total
: 136417K->122K(153344K), 0.0062476 secs] 308385K->172091K(1031552K), 0.0063663 secs] [Times: user=0.01 sys=0.00, real=0.01 secs] 
2016-08-24T16:37:54.905+0000: 8993.826: Total time for which application threads were stopped: 0.0072207 seconds, Stopping threads took: 0.0001016 seconds
2016-08-24T16:38:04.550+0000: 9003.471: [GC (Allocation Failure) 9003.471: [ParNew
Desired survivor size 8716288 bytes, new threshold 6 (max 6)
- age   1:     966856 bytes,     966856 total
- age   3:        968 bytes,     967824 total
- age   5:        968 bytes,     968792 total
: 136442K->974K(153344K), 0.0079611 secs] 308411K->172943K(1031552K), 0.0080827 secs] [Times: user=0.01 sys=0.00, real=0.00 secs] 
2016-08-24T16:38:04.558+0000: 9003.480: Total time for which application threads were stopped: 0.0089052 seconds, Stopping threads took: 0.0001003 seconds
2016-08-24T16:38:04.598+0000: 9003.519: [GC (Allocation Failure) 9003.519: [ParNew
Desired survivor size 8716288 bytes, new threshold 6 (max 6)
- age   1:      74056 bytes,      74056 total
- age   2:     288704 bytes,     362760 total
- age   4:        968 bytes,     363728 total
- age   6:        968 bytes,     364696 total
: 137294K->550K(153344K), 0.0058953 secs] 309263K->172519K(1031552K), 0.0060021 secs] [Times: user=0.02 sys=0.00, real=0.01 secs] 
2016-08-24T16:38:04.604+0000: 9003.525: Total time for which application threads were stopped: 0.0068243 seconds, Stopping threads took: 0.0000996 seconds
2016-08-24T16:38:04.645+0000: 9003.567: [GC (Allocation Failure) 9003.567: [ParNew
Desired survivor size 8716288 bytes, new threshold 6 (max 6)
- age   1:      59744 bytes,      59744 total
- age   2:         72 bytes,      59816 total
- age   3:     272208 bytes,     332024 total
- age   5:        968 bytes,     332992 total
: 136870K->492K(153344K), 0.0060023 secs] 308839K->172463K(1031552K), 0.0061136 secs] [Times: user=0.01 sys=0.00, real=0.01 secs] 
2016-08-24T16:38:04.652+0000: 9003.573: Total time for which application threads were stopped: 0.0069391 seconds, Stopping threads took: 0.0000989 seconds
2016-08-24T16:38:04.692+0000: 9003.613: [GC (Allocation Failure) 9003.613: [ParNew
Desired survivor size 8716288 bytes, new threshold 6 (max 6)
- age   1:      66600 bytes,      66600 total
- age   2:      18888 bytes,      85488 total
- age   3:         72 bytes,      85560 total
- age   4:     272208 bytes,     357768 total
- age   6:        968 bytes,     358736 total
: 136812K->475K(153344K), 0.0061275 secs] 308783K->172445K(1031552K), 0.0062200 secs] [Times: user=0.01 sys=0.00, real=0.00 secs] 
2016-08-24T16:38:04.698+0000: 9003.619: Total time for which application threads were stopped: 0.0070109 seconds, Stopping threads took: 0.0001031 seconds
2016-08-24T16:38:04.741+0000: 9003.663: [GC (Allocation Failure) 9003.663: [ParNew
Desired survivor size 8716288 bytes, new threshold 6 (max 6)
- age   1:      79088 bytes,      79088 total
- age   3:       1096 bytes,      80184 total
- age   4:         72 bytes,      80256 total
- age   5:     270360 bytes,     350616 total
: 136795K->503K(153344K), 0.0062162 secs] 308765K->172474K(1031552K), 0.0063333 secs] [Times: user=0.01 sys=0.00, real=0.00 secs] 
2016-08-24T16:38:04.748+0000: 9003.669: Total time for which application threads were stopped: 0.0071731 seconds, Stopping threads took: 0.0001071 seconds
2016-08-24T16:38:04.789+0000: 9003.710: [GC (Allocation Failure) 9003.710: [ParNew
Desired survivor size 8716288 bytes, new threshold 6 (max 6)
- age   1:      56824 bytes,      56824 total
- age   2:       1000 bytes,      57824 total
- age   4:       1096 bytes,      58920 total
- age   5:         72 bytes,      58992 total
- age   6:     268512 bytes,     327504 total
: 136823K->498K(153344K), 0.0064901 secs] 308794K->172469K(1031552K), 0.0066057 secs] [Times: user=0.01 sys=0.00, real=0.00 secs] 
2016-08-24T16:38:04.795+0000: 9003.717: Total time for which application threads were stopped: 0.0074576 seconds, Stopping threads took: 0.0000828 seconds
2016-08-24T16:38:04.836+0000: 9003.757: [GC (Allocation Failure) 9003.757: [ParNew
Desired survivor size 8716288 bytes, new threshold 6 (max 6)
- age   1:      68184 bytes,      68184 total
- age   2:       4360 bytes,      72544 total
- age   3:       1000 bytes,      73544 total
- age   5:       1096 bytes,      74640 total
- age   6:         72 bytes,      74712 total
: 136818K->323K(153344K), 0.0065192 secs] 308789K->172561K(1031552K), 0.0066191 secs] [Times: user=0.02 sys=0.00, real=0.01 secs] 
2016-08-24T16:38:04.843+0000: 9003.764: Total time for which application threads were stopped: 0.0074436 seconds, Stopping threads took: 0.0001034 seconds
2016-08-24T16:38:04.885+0000: 9003.806: [GC (Allocation Failure) 9003.806: [ParNew
Desired survivor size 8716288 bytes, new threshold 6 (max 6)
- age   1:      56536 bytes,      56536 total
- age   2:        160 bytes,      56696 total
- age   3:       1000 bytes,      57696 total
- age   4:        968 bytes,      58664 total
- age   6:       1096 bytes,      59760 total
: 136643K->112K(153344K), 0.0057407 secs] 308881K->172351K(1031552K), 0.0058534 secs] [Times: user=0.01 sys=0.00, real=0.01 secs] 
2016-08-24T16:38:04.891+0000: 9003.812: Total time for which application threads were stopped: 0.0067117 seconds, Stopping threads took: 0.0000993 seconds
2016-08-24T16:38:04.931+0000: 9003.853: [GC (Allocation Failure) 9003.853: [ParNew
Desired survivor size 8716288 bytes, new threshold 6 (max 6)
- age   1:      69960 bytes,      69960 total
- age   2:       7272 bytes,      77232 total
- age   3:        160 bytes,      77392 total
- age   4:       1000 bytes,      78392 total
- age   5:        968 bytes,      79360 total
: 136432K->87K(153344K), 0.0058643 secs] 308671K->172326K(1031552K), 0.0059804 secs] [Times: user=0.01 sys=0.00, real=0.00 secs] 
2016-08-24T16:38:04.937+0000: 9003.859: Total time for which application threads were stopped: 0.0068105 seconds, Stopping threads took: 0.0001032 seconds
2016-08-24T16:38:04.981+0000: 9003.902: [GC (Allocation Failure) 9003.902: [ParNew
Desired survivor size 8716288 bytes, new threshold 6 (max 6)
- age   1:      64064 bytes,      64064 total
- age   3:       1000 bytes,      65064 total
- age   4:        160 bytes,      65224 total
- age   5:        968 bytes,      66192 total
- age   6:        968 bytes,      67160 total
: 136407K->92K(153344K), 0.0057896 secs] 308646K->172331K(1031552K), 0.0059266 secs] [Times: user=0.01 sys=0.00, real=0.00 secs] 
2016-08-24T16:38:04.987+0000: 9003.908: Total time for which application threads were stopped: 0.0068208 seconds, Stopping threads took: 0.0001168 seconds
2016-08-24T16:38:05.027+0000: 9003.949: [GC (Allocation Failure) 9003.949: [ParNew
Desired survivor size 8716288 bytes, new threshold 6 (max 6)
- age   1:      79064 bytes,      79064 total
- age   2:       9872 bytes,      88936 total
- age   4:       1000 bytes,      89936 total
- age   5:        160 bytes,      90096 total
- age   6:        968 bytes,      91064 total
: 136412K->99K(153344K), 0.0059659 secs] 308651K->172339K(1031552K), 0.0060825 secs] [Times: user=0.01 sys=0.00, real=0.01 secs] 
2016-08-24T16:38:05.034+0000: 9003.955: Total time for which application threads were stopped: 0.0069308 seconds, Stopping threads took: 0.0001062 seconds
2016-08-24T16:38:14.354+0000: 9013.275: [GC (Allocation Failure) 9013.275: [ParNew
Desired survivor size 8716288 bytes, new threshold 6 (max 6)
- age   1:     950728 bytes,     950728 total
- age   3:       1000 bytes,     951728 total
- age   5:        968 bytes,     952696 total
- age   6:         64 bytes,     952760 total
: 136419K->958K(153344K), 0.0092956 secs] 308659K->173199K(1031552K), 0.0094202 secs] [Times: user=0.02 sys=0.00, real=0.01 secs] 
2016-08-24T16:38:14.363+0000: 9013.285: Total time for which application threads were stopped: 0.0102619 seconds, Stopping threads took: 0.0000927 seconds
2016-08-24T16:38:14.403+0000: 9013.324: [GC (Allocation Failure) 9013.324: [ParNew
Desired survivor size 8716288 bytes, new threshold 6 (max 6)
- age   1:      83728 bytes,      83728 total
- age   2:     243936 bytes,     327664 total
- age   4:       1000 bytes,     328664 total
- age   6:        968 bytes,     329632 total
: 137278K->430K(153344K), 0.0059960 secs] 309519K->172671K(1031552K), 0.0061340 secs] [Times: user=0.01 sys=0.00, real=0.01 secs] 
2016-08-24T16:38:14.409+0000: 9013.331: Total time for which application threads were stopped: 0.0071529 seconds, Stopping threads took: 0.0001107 seconds
2016-08-24T16:38:14.450+0000: 9013.371: [GC (Allocation Failure) 9013.371: [ParNew
Desired survivor size 8716288 bytes, new threshold 6 (max 6)
- age   1:      65264 bytes,      65264 total
- age   2:         96 bytes,      65360 total
- age   3:     233200 bytes,     298560 total
- age   5:       1000 bytes,     299560 total
: 136750K->434K(153344K), 0.0055317 secs] 308991K->172677K(1031552K), 0.0056466 secs] [Times: user=0.01 sys=0.00, real=0.00 secs] 
2016-08-24T16:38:14.456+0000: 9013.377: Total time for which application threads were stopped: 0.0064484 seconds, Stopping threads took: 0.0000951 seconds
2016-08-24T16:38:14.496+0000: 9013.418: [GC (Allocation Failure) 9013.418: [ParNew
Desired survivor size 8716288 bytes, new threshold 6 (max 6)
- age   1:      80488 bytes,      80488 total
- age   2:      12984 bytes,      93472 total
- age   3:         96 bytes,      93568 total
- age   4:     233200 bytes,     326768 total
- age   6:       1000 bytes,     327768 total
: 136754K->553K(153344K), 0.0063537 secs] 308997K->172795K(1031552K), 0.0064926 secs] [Times: user=0.01 sys=0.00, real=0.01 secs] 
2016-08-24T16:38:14.503+0000: 9013.425: Total time for which application threads were stopped: 0.0073511 seconds, Stopping threads took: 0.0001032 seconds
2016-08-24T16:38:14.545+0000: 9013.467: [GC (Allocation Failure) 9013.467: [ParNew
Desired survivor size 8716288 bytes, new threshold 6 (max 6)
- age   1:      65616 bytes,      65616 total
- age   3:       1096 bytes,      66712 total
- age   4:         96 bytes,      66808 total
- age   5:     230784 bytes,     297592 total
: 136873K->376K(153344K), 0.0065357 secs] 309115K->172620K(1031552K), 0.0066671 secs] [Times: user=0.01 sys=0.00, real=0.01 secs] 
2016-08-24T16:38:14.552+0000: 9013.473: Total time for which application threads were stopped: 0.0075442 seconds, Stopping threads took: 0.0001044 seconds
2016-08-24T16:38:14.592+0000: 9013.514: [GC (Allocation Failure) 9013.514: [ParNew
Desired survivor size 8716288 bytes, new threshold 6 (max 6)
- age   1:      63720 bytes,      63720 total
- age   2:      15600 bytes,      79320 total
- age   4:       1096 bytes,      80416 total
- age   5:         96 bytes,      80512 total
- age   6:     230784 bytes,     311296 total
: 136696K->503K(153344K), 0.0063185 secs] 308940K->172747K(1031552K), 0.0064346 secs] [Times: user=0.01 sys=0.00, real=0.00 secs] 
2016-08-24T16:38:14.599+0000: 9013.520: Total time for which application threads were stopped: 0.0072921 seconds, Stopping threads took: 0.0001060 seconds
2016-08-24T16:38:14.640+0000: 9013.562: [GC (Allocation Failure) 9013.562: [ParNew
Desired survivor size 8716288 bytes, new threshold 6 (max 6)
- age   1:      75504 bytes,      75504 total
- age   3:       1336 bytes,      76840 total
- age   5:       1064 bytes,      77904 total
- age   6:         96 bytes,      78000 total
: 136823K->195K(153344K), 0.0065596 secs] 309067K->172666K(1031552K), 0.0066793 secs] [Times: user=0.01 sys=0.00, real=0.00 secs] 
2016-08-24T16:38:14.647+0000: 9013.569: Total time for which application threads were stopped: 0.0075447 seconds, Stopping threads took: 0.0001025 seconds
2016-08-24T16:38:14.688+0000: 9013.609: [GC (Allocation Failure) 9013.609: [ParNew
Desired survivor size 8716288 bytes, new threshold 6 (max 6)
- age   1:      82160 bytes,      82160 total
- age   2:      18616 bytes,     100776 total
- age   4:       1336 bytes,     102112 total
- age   6:       1064 bytes,     103176 total
: 136515K->133K(153344K), 0.0053160 secs] 308986K->172605K(1031552K), 0.0054029 secs] [Times: user=0.01 sys=0.00, real=0.01 secs] 
2016-08-24T16:38:14.693+0000: 9013.615: Total time for which application threads were stopped: 0.0061887 seconds, Stopping threads took: 0.0001028 seconds
2016-08-24T16:38:14.732+0000: 9013.654: [GC (Allocation Failure) 9013.654: [ParNew
Desired survivor size 8716288 bytes, new threshold 6 (max 6)
- age   1:      70600 bytes,      70600 total
- age   3:       1000 bytes,      71600 total
- age   5:       1304 bytes,      72904 total
: 136453K->129K(153344K), 0.0062718 secs] 308925K->172602K(1031552K), 0.0063919 secs] [Times: user=0.01 sys=0.00, real=0.00 secs] 
2016-08-24T16:38:14.739+0000: 9013.660: Total time for which application threads were stopped: 0.0072517 seconds, Stopping threads took: 0.0001026 seconds
2016-08-24T16:38:14.781+0000: 9013.703: [GC (Allocation Failure) 9013.703: [ParNew
Desired survivor size 8716288 bytes, new threshold 6 (max 6)
- age   1:      53984 bytes,      53984 total
- age   2:       1000 bytes,      54984 total
- age   4:        968 bytes,      55952 total
- age   6:       1304 bytes,      57256 total
: 136449K->61K(153344K), 0.0054032 secs] 308922K->172534K(1031552K), 0.0054899 secs] [Times: user=0.01 sys=0.00, real=0.00 secs] 
2016-08-24T16:38:14.787+0000: 9013.708: Total time for which application threads were stopped: 0.0062435 seconds, Stopping threads took: 0.0000945 seconds
2016-08-24T16:38:14.825+0000: 9013.746: [GC (Allocation Failure) 9013.746: [ParNew
Desired survivor size 8716288 bytes, new threshold 6 (max 6)
- age   1:      65792 bytes,      65792 total
- age   2:       4104 bytes,      69896 total
- age   3:       1000 bytes,      70896 total
- age   5:        968 bytes,      71864 total
: 136381K->75K(153344K), 0.0055997 secs] 308854K->172549K(1031552K), 0.0057131 secs] [Times: user=0.01 sys=0.00, real=0.01 secs] 
2016-08-24T16:38:14.830+0000: 9013.752: Total time for which application threads were stopped: 0.0065969 seconds, Stopping threads took: 0.0000965 seconds
2016-08-24T16:38:23.766+0000: 9022.688: [GC (Allocation Failure) 9022.688: [ParNew
Desired survivor size 8716288 bytes, new threshold 6 (max 6)
- age   1:    1169264 bytes,    1169264 total
- age   2:        128 bytes,    1169392 total
- age   3:        968 bytes,    1170360 total
- age   4:        968 bytes,    1171328 total
- age   6:        968 bytes,    1172296 total
: 136395K->1156K(153344K), 0.0107268 secs] 308869K->173630K(1031552K), 0.0109076 secs] [Times: user=0.02 sys=0.00, real=0.01 secs] 
2016-08-24T16:38:23.777+0000: 9022.699: Total time for which application threads were stopped: 0.0117723 seconds, Stopping threads took: 0.0001061 seconds
2016-08-24T16:38:24.426+0000: 9023.348: [GC (Allocation Failure) 9023.348: [ParNew
Desired survivor size 8716288 bytes, new threshold 6 (max 6)
- age   1:     222704 bytes,     222704 total
- age   2:     169992 bytes,     392696 total
- age   3:        128 bytes,     392824 total
- age   4:        968 bytes,     393792 total
- age   5:        968 bytes,     394760 total
: 137476K->470K(153344K), 0.0069264 secs] 309950K->172945K(1031552K), 0.0070570 secs] [Times: user=0.02 sys=0.00, real=0.01 secs] 
2016-08-24T16:38:24.433+0000: 9023.355: Total time for which application threads were stopped: 0.0079500 seconds, Stopping threads took: 0.0001473 seconds
2016-08-24T16:38:24.473+0000: 9023.394: [GC (Allocation Failure) 9023.394: [ParNew
Desired survivor size 8716288 bytes, new threshold 6 (max 6)
- age   1:      46040 bytes,      46040 total
- age   2:      86888 bytes,     132928 total
- age   3:     167536 bytes,     300464 total
- age   4:        128 bytes,     300592 total
- age   5:        968 bytes,     301560 total
- age   6:        968 bytes,     302528 total
: 136790K->436K(153344K), 0.0063974 secs] 309265K->172911K(1031552K), 0.0065191 secs] [Times: user=0.01 sys=0.00, real=0.00 secs] 
2016-08-24T16:38:24.479+0000: 9023.401: Total time for which application threads were stopped: 0.0074001 seconds, Stopping threads took: 0.0000974 seconds
2016-08-24T16:38:24.519+0000: 9023.441: [GC (Allocation Failure) 9023.441: [ParNew
Desired survivor size 8716288 bytes, new threshold 6 (max 6)
- age   1:      65512 bytes,      65512 total
- age   2:       4832 bytes,      70344 total
- age   3:      86888 bytes,     157232 total
- age   4:     167536 bytes,     324768 total
- age   5:        128 bytes,     324896 total
- age   6:        968 bytes,     325864 total
: 136756K->442K(153344K), 0.0065449 secs] 309231K->172917K(1031552K), 0.0066606 secs] [Times: user=0.01 sys=0.00, real=0.01 secs] 
2016-08-24T16:38:24.526+0000: 9023.448: Total time for which application threads were stopped: 0.0075103 seconds, Stopping threads took: 0.0001039 seconds
2016-08-24T16:38:24.568+0000: 9023.489: [GC (Allocation Failure) 9023.489: [ParNew
Desired survivor size 8716288 bytes, new threshold 6 (max 6)
- age   1:      49288 bytes,      49288 total
- age   3:       1096 bytes,      50384 total
- age   4:      85040 bytes,     135424 total
- age   5:     167536 bytes,     302960 total
- age   6:        128 bytes,     303088 total
: 136762K->436K(153344K), 0.0065657 secs] 309237K->172913K(1031552K), 0.0066821 secs] [Times: user=0.02 sys=0.00, real=0.01 secs] 
2016-08-24T16:38:24.575+0000: 9023.496: Total time for which application threads were stopped: 0.0075178 seconds, Stopping threads took: 0.0001008 seconds
2016-08-24T16:38:24.613+0000: 9023.534: [GC (Allocation Failure) 9023.534: [ParNew
Desired survivor size 8716288 bytes, new threshold 6 (max 6)
- age   1:      71144 bytes,      71144 total
- age   2:       8032 bytes,      79176 total
- age   4:       1096 bytes,      80272 total
- age   5:      85040 bytes,     165312 total
- age   6:     167536 bytes,     332848 total
: 136756K->428K(153344K), 0.0065193 secs] 309233K->172905K(1031552K), 0.0066322 secs] [Times: user=0.01 sys=0.00, real=0.00 secs] 
2016-08-24T16:38:24.619+0000: 9023.541: Total time for which application threads were stopped: 0.0074731 seconds, Stopping threads took: 0.0001023 seconds
2016-08-24T16:38:24.661+0000: 9023.583: [GC (Allocation Failure) 9023.583: [ParNew
Desired survivor size 8716288 bytes, new threshold 6 (max 6)
- age   1:      71776 bytes,      71776 total
- age   3:       1000 bytes,      72776 total
- age   5:       1064 bytes,      73840 total
- age   6:      83224 bytes,     157064 total
: 136748K->317K(153344K), 0.0067885 secs] 309225K->172962K(1031552K), 0.0069146 secs] [Times: user=0.01 sys=0.00, real=0.00 secs] 
2016-08-24T16:38:24.668+0000: 9023.590: Total time for which application threads were stopped: 0.0077800 seconds, Stopping threads took: 0.0001231 seconds
2016-08-24T16:38:24.709+0000: 9023.630: [GC (Allocation Failure) 9023.630: [ParNew
Desired survivor size 8716288 bytes, new threshold 6 (max 6)
- age   1:      73392 bytes,      73392 total
- age   2:      11040 bytes,      84432 total
- age   4:       1000 bytes,      85432 total
- age   6:       1064 bytes,      86496 total
: 136637K->152K(153344K), 0.0063765 secs] 309282K->172880K(1031552K), 0.0064931 secs] [Times: user=0.02 sys=0.00, real=0.00 secs] 
2016-08-24T16:38:24.715+0000: 9023.637: Total time for which application threads were stopped: 0.0074152 seconds, Stopping threads took: 0.0001004 seconds
2016-08-24T16:38:24.757+0000: 9023.679: [GC (Allocation Failure) 9023.679: [ParNew
Desired survivor size 8716288 bytes, new threshold 6 (max 6)
- age   1:      72112 bytes,      72112 total
- age   3:       1000 bytes,      73112 total
- age   5:        968 bytes,      74080 total
: 136472K->105K(153344K), 0.0060364 secs] 309200K->172834K(1031552K), 0.0061535 secs] [Times: user=0.01 sys=0.00, real=0.01 secs] 
2016-08-24T16:38:24.763+0000: 9023.685: Total time for which application threads were stopped: 0.0069887 seconds, Stopping threads took: 0.0001092 seconds
2016-08-24T16:38:24.804+0000: 9023.725: [GC (Allocation Failure) 9023.725: [ParNew
Desired survivor size 8716288 bytes, new threshold 6 (max 6)
- age   1:      78224 bytes,      78224 total
- age   2:      14208 bytes,      92432 total
- age   4:       1000 bytes,      93432 total
- age   6:        968 bytes,      94400 total
: 136425K->110K(153344K), 0.0063000 secs] 309154K->172839K(1031552K), 0.0064387 secs] [Times: user=0.01 sys=0.00, real=0.01 secs] 
2016-08-24T16:38:24.810+0000: 9023.732: Total time for which application threads were stopped: 0.0072722 seconds, Stopping threads took: 0.0001026 seconds
2016-08-24T16:38:24.854+0000: 9023.775: [GC (Allocation Failure) 9023.775: [ParNew
Desired survivor size 8716288 bytes, new threshold 6 (max 6)
- age   1:      57944 bytes,      57944 total
- age   3:       1000 bytes,      58944 total
- age   5:        968 bytes,      59912 total
: 136430K->83K(153344K), 0.0060862 secs] 309159K->172813K(1031552K), 0.0062035 secs] [Times: user=0.01 sys=0.00, real=0.00 secs] 
2016-08-24T16:38:24.860+0000: 9023.782: Total time for which application threads were stopped: 0.0070651 seconds, Stopping threads took: 0.0001222 seconds
2016-08-24T16:38:24.901+0000: 9023.822: [GC (Allocation Failure) 9023.822: [ParNew
Desired survivor size 8716288 bytes, new threshold 6 (max 6)
- age   1:      74792 bytes,      74792 total
- age   2:      17520 bytes,      92312 total
- age   4:       1000 bytes,      93312 total
- age   6:        968 bytes,      94280 total
: 136403K->100K(153344K), 0.0060480 secs] 309133K->172830K(1031552K), 0.0061664 secs] [Times: user=0.01 sys=0.00, real=0.00 secs] 
2016-08-24T16:38:24.907+0000: 9023.828: Total time for which application threads were stopped: 0.0070499 seconds, Stopping threads took: 0.0001034 seconds
2016-08-24T16:38:25.701+0000: 9024.623: Total time for which application threads were stopped: 0.0019510 seconds, Stopping threads took: 0.0002265 seconds
2016-08-24T16:38:25.703+0000: 9024.624: Total time for which application threads were stopped: 0.0011923 seconds, Stopping threads took: 0.0001047 seconds
2016-08-24T16:38:25.704+0000: 9024.626: Total time for which application threads were stopped: 0.0013220 seconds, Stopping threads took: 0.0001494 seconds
2016-08-24T16:38:25.865+0000: 9024.787: Total time for which application threads were stopped: 0.0018871 seconds, Stopping threads took: 0.0002267 seconds
2016-08-24T16:38:25.867+0000: 9024.788: Total time for which application threads were stopped: 0.0012604 seconds, Stopping threads took: 0.0001069 seconds
2016-08-24T16:38:25.868+0000: 9024.790: Total time for which application threads were stopped: 0.0013307 seconds, Stopping threads took: 0.0001497 seconds
2016-08-24T16:38:29.871+0000: 9028.793: Total time for which application threads were stopped: 0.0017724 seconds, Stopping threads took: 0.0002630 seconds
2016-08-24T16:38:34.834+0000: 9033.756: [GC (Allocation Failure) 9033.756: [ParNew
Desired survivor size 8716288 bytes, new threshold 6 (max 6)
- age   1:    1024400 bytes,    1024400 total
- age   3:       1032 bytes,    1025432 total
- age   5:        968 bytes,    1026400 total
: 136420K->1050K(153344K), 0.0079136 secs] 309150K->173781K(1031552K), 0.0080437 secs] [Times: user=0.02 sys=0.00, real=0.01 secs] 
2016-08-24T16:38:34.842+0000: 9033.764: Total time for which application threads were stopped: 0.0089724 seconds, Stopping threads took: 0.0001011 seconds
2016-08-24T16:38:34.882+0000: 9033.804: [GC (Allocation Failure) 9033.804: [ParNew
Desired survivor size 8716288 bytes, new threshold 6 (max 6)
- age   1:      68736 bytes,      68736 total
- age   2:     270704 bytes,     339440 total
- age   4:       1032 bytes,     340472 total
- age   6:        968 bytes,     341440 total
: 137370K->496K(153344K), 0.0058536 secs] 310101K->173227K(1031552K), 0.0059592 secs] [Times: user=0.01 sys=0.00, real=0.01 secs] 
2016-08-24T16:38:34.888+0000: 9033.810: Total time for which application threads were stopped: 0.0067771 seconds, Stopping threads took: 0.0001027 seconds
2016-08-24T16:38:34.930+0000: 9033.852: [GC (Allocation Failure) 9033.852: [ParNew
Desired survivor size 8716288 bytes, new threshold 6 (max 6)
- age   1:      74792 bytes,      74792 total
- age   2:        184 bytes,      74976 total
- age   3:     254208 bytes,     329184 total
- age   5:       1032 bytes,     330216 total
: 136816K->458K(153344K), 0.0056723 secs] 309547K->173189K(1031552K), 0.0057853 secs] [Times: user=0.01 sys=0.00, real=0.00 secs] 
2016-08-24T16:38:34.936+0000: 9033.858: Total time for which application threads were stopped: 0.0066144 seconds, Stopping threads took: 0.0000992 seconds
2016-08-24T16:38:34.976+0000: 9033.898: [GC (Allocation Failure) 9033.898: [ParNew
Desired survivor size 8716288 bytes, new threshold 6 (max 6)
- age   1:      66024 bytes,      66024 total
- age   2:      18888 bytes,      84912 total
- age   3:        184 bytes,      85096 total
- age   4:     254208 bytes,     339304 total
- age   6:       1032 bytes,     340336 total
: 136778K->463K(153344K), 0.0057998 secs] 309509K->173195K(1031552K), 0.0059021 secs] [Times: user=0.01 sys=0.00, real=0.01 secs] 
2016-08-24T16:38:34.982+0000: 9033.904: Total time for which application threads were stopped: 0.0067104 seconds, Stopping threads took: 0.0001006 seconds
2016-08-24T16:38:35.024+0000: 9033.945: [GC (Allocation Failure) 9033.945: [ParNew
Desired survivor size 8716288 bytes, new threshold 6 (max 6)
- age   1:      82200 bytes,      82200 total
- age   3:       1096 bytes,      83296 total
- age   4:        184 bytes,      83480 total
- age   5:     252360 bytes,     335840 total
: 136783K->494K(153344K), 0.0060341 secs] 309515K->173227K(1031552K), 0.0061452 secs] [Times: user=0.01 sys=0.00, real=0.01 secs] 
2016-08-24T16:38:35.030+0000: 9033.951: Total time for which application threads were stopped: 0.0069795 seconds, Stopping threads took: 0.0001008 seconds
2016-08-24T16:38:35.071+0000: 9033.993: [GC (Allocation Failure) 9033.993: [ParNew
Desired survivor size 8716288 bytes, new threshold 6 (max 6)
- age   1:      67448 bytes,      67448 total
- age   2:       1000 bytes,      68448 total
- age   4:       1064 bytes,      69512 total
- age   5:        184 bytes,      69696 total
- age   6:     250544 bytes,     320240 total
: 136814K->459K(153344K), 0.0058694 secs] 309547K->173192K(1031552K), 0.0059601 secs] [Times: user=0.02 sys=0.00, real=0.00 secs] 
2016-08-24T16:38:35.077+0000: 9033.999: Total time for which application threads were stopped: 0.0067340 seconds, Stopping threads took: 0.0000989 seconds
2016-08-24T16:38:35.116+0000: 9034.037: [GC (Allocation Failure) 9034.037: [ParNew
Desired survivor size 8716288 bytes, new threshold 6 (max 6)
- age   1:      65712 bytes,      65712 total
- age   2:       4360 bytes,      70072 total
- age   3:       1000 bytes,      71072 total
- age   5:       1064 bytes,      72136 total
- age   6:        184 bytes,      72320 total
: 136779K->311K(153344K), 0.0061683 secs] 309512K->173293K(1031552K), 0.0062964 secs] [Times: user=0.02 sys=0.00, real=0.01 secs] 
2016-08-24T16:38:35.122+0000: 9034.044: Total time for which application threads were stopped: 0.0071192 seconds, Stopping threads took: 0.0000995 seconds
2016-08-24T16:38:35.164+0000: 9034.086: [GC (Allocation Failure) 9034.086: [ParNew
Desired survivor size 8716288 bytes, new threshold 6 (max 6)
- age   1:      53960 bytes,      53960 total
- age   3:       1000 bytes,      54960 total
- age   4:        968 bytes,      55928 total
- age   6:       1064 bytes,      56992 total
: 136631K->109K(153344K), 0.0052010 secs] 309613K->173091K(1031552K), 0.0053098 secs] [Times: user=0.01 sys=0.00, real=0.01 secs] 
2016-08-24T16:38:35.169+0000: 9034.091: Total time for which application threads were stopped: 0.0061515 seconds, Stopping threads took: 0.0001137 seconds
2016-08-24T16:38:35.207+0000: 9034.129: [GC (Allocation Failure) 9034.129: [ParNew
Desired survivor size 8716288 bytes, new threshold 6 (max 6)
- age   1:      69312 bytes,      69312 total
- age   2:       7272 bytes,      76584 total
- age   4:       1000 bytes,      77584 total
- age   5:        968 bytes,      78552 total
: 136429K->84K(153344K), 0.0055959 secs] 309411K->173068K(1031552K), 0.0057100 secs] [Times: user=0.01 sys=0.00, real=0.01 secs] 
2016-08-24T16:38:35.213+0000: 9034.134: Total time for which application threads were stopped: 0.0065603 seconds, Stopping threads took: 0.0001003 seconds
2016-08-24T16:38:35.255+0000: 9034.176: [GC (Allocation Failure) 9034.176: [ParNew
Desired survivor size 8716288 bytes, new threshold 6 (max 6)
- age   1:      61456 bytes,      61456 total
- age   3:       1000 bytes,      62456 total
- age   5:        968 bytes,      63424 total
- age   6:        968 bytes,      64392 total
: 136404K->71K(153344K), 0.0054808 secs] 309388K->173055K(1031552K), 0.0055755 secs] [Times: user=0.01 sys=0.00, real=0.01 secs] 
2016-08-24T16:38:35.260+0000: 9034.182: Total time for which application threads were stopped: 0.0063672 seconds, Stopping threads took: 0.0001055 seconds
2016-08-24T16:38:35.299+0000: 9034.220: [GC (Allocation Failure) 9034.220: [ParNew
Desired survivor size 8716288 bytes, new threshold 6 (max 6)
- age   1:      69432 bytes,      69432 total
- age   2:       9872 bytes,      79304 total
- age   4:       1000 bytes,      80304 total
- age   6:        968 bytes,      81272 total
: 136391K->95K(153344K), 0.0057453 secs] 309375K->173080K(1031552K), 0.0058568 secs] [Times: user=0.01 sys=0.00, real=0.01 secs] 
2016-08-24T16:38:35.305+0000: 9034.226: Total time for which application threads were stopped: 0.0067536 seconds, Stopping threads took: 0.0001152 seconds
2016-08-24T16:38:44.832+0000: 9043.753: [GC (Allocation Failure) 9043.753: [ParNew
Desired survivor size 8716288 bytes, new threshold 6 (max 6)
- age   1:    1032184 bytes,    1032184 total
- age   3:        968 bytes,    1033152 total
- age   5:        968 bytes,    1034120 total
: 136415K->1025K(153344K), 0.0080926 secs] 309400K->174011K(1031552K), 0.0082158 secs] [Times: user=0.01 sys=0.00, real=0.00 secs] 
2016-08-24T16:38:44.840+0000: 9043.761: Total time for which application threads were stopped: 0.0090542 seconds, Stopping threads took: 0.0001017 seconds
2016-08-24T16:38:44.878+0000: 9043.799: [GC (Allocation Failure) 9043.799: [ParNew
Desired survivor size 8716288 bytes, new threshold 6 (max 6)
- age   1:      64472 bytes,      64472 total
- age   2:     289024 bytes,     353496 total
- age   4:        968 bytes,     354464 total
- age   6:        968 bytes,     355432 total
: 137345K->525K(153344K), 0.0055323 secs] 310331K->173511K(1031552K), 0.0056474 secs] [Times: user=0.02 sys=0.00, real=0.01 secs] 
2016-08-24T16:38:44.883+0000: 9043.805: Total time for which application threads were stopped: 0.0064663 seconds, Stopping threads took: 0.0000854 seconds
2016-08-24T16:38:44.925+0000: 9043.846: [GC (Allocation Failure) 9043.846: [ParNew
Desired survivor size 8716288 bytes, new threshold 6 (max 6)
- age   1:      61472 bytes,      61472 total
- age   2:         72 bytes,      61544 total
- age   3:     278288 bytes,     339832 total
- age   5:        968 bytes,     340800 total
: 136845K->481K(153344K), 0.0061158 secs] 309831K->173467K(1031552K), 0.0062314 secs] [Times: user=0.01 sys=0.00, real=0.01 secs] 
2016-08-24T16:38:44.931+0000: 9043.853: Total time for which application threads were stopped: 0.0070997 seconds, Stopping threads took: 0.0001146 seconds
2016-08-24T16:38:44.971+0000: 9043.893: [GC (Allocation Failure) 9043.893: [ParNew
Desired survivor size 8716288 bytes, new threshold 6 (max 6)
- age   1:     100024 bytes,     100024 total
- age   2:      12760 bytes,     112784 total
- age   3:         72 bytes,     112856 total
- age   4:     276128 bytes,     388984 total
- age   6:        968 bytes,     389952 total
: 136801K->486K(153344K), 0.0060824 secs] 309787K->173472K(1031552K), 0.0061991 secs] [Times: user=0.01 sys=0.00, real=0.00 secs] 
2016-08-24T16:38:44.977+0000: 9043.899: Total time for which application threads were stopped: 0.0070351 seconds, Stopping threads took: 0.0000941 seconds
2016-08-24T16:38:45.020+0000: 9043.941: [GC (Allocation Failure) 9043.941: [ParNew
Desired survivor size 8716288 bytes, new threshold 6 (max 6)
- age   1:      63048 bytes,      63048 total
- age   2:       5584 bytes,      68632 total
- age   3:       1096 bytes,      69728 total
- age   4:         72 bytes,      69800 total
- age   5:     274280 bytes,     344080 total
: 136806K->528K(153344K), 0.0065954 secs] 309792K->173515K(1031552K), 0.0066914 secs] [Times: user=0.02 sys=0.00, real=0.01 secs] 
2016-08-24T16:38:45.027+0000: 9043.948: Total time for which application threads were stopped: 0.0075153 seconds, Stopping threads took: 0.0001037 seconds
2016-08-24T16:38:45.066+0000: 9043.987: [GC (Allocation Failure) 9043.987: [ParNew
Desired survivor size 8716288 bytes, new threshold 6 (max 6)
- age   1:      70256 bytes,      70256 total
- age   2:      14880 bytes,      85136 total
- age   3:       5584 bytes,      90720 total
- age   4:       1096 bytes,      91816 total
- age   5:         72 bytes,      91888 total
- age   6:     274280 bytes,     366168 total
: 136848K->496K(153344K), 0.0066162 secs] 309835K->173483K(1031552K), 0.0067405 secs] [Times: user=0.01 sys=0.00, real=0.01 secs] 
2016-08-24T16:38:45.073+0000: 9043.994: Total time for which application threads were stopped: 0.0076179 seconds, Stopping threads took: 0.0000985 seconds
2016-08-24T16:38:45.115+0000: 9044.037: [GC (Allocation Failure) 9044.037: [ParNew
Desired survivor size 8716288 bytes, new threshold 6 (max 6)
- age   1:      90576 bytes,      90576 total
- age   3:       1000 bytes,      91576 total
- age   4:       5584 bytes,      97160 total
- age   5:       1064 bytes,      98224 total
- age   6:         72 bytes,      98296 total
: 136816K->355K(153344K), 0.0071858 secs] 309803K->173614K(1031552K), 0.0073068 secs] [Times: user=0.02 sys=0.00, real=0.01 secs] 
2016-08-24T16:38:45.122+0000: 9044.044: Total time for which application threads were stopped: 0.0081877 seconds, Stopping threads took: 0.0000983 seconds
2016-08-24T16:38:45.164+0000: 9044.085: [GC (Allocation Failure) 9044.085: [ParNew
Desired survivor size 8716288 bytes, new threshold 6 (max 6)
- age   1:      61496 bytes,      61496 total
- age   2:      18536 bytes,      80032 total
- age   4:       1000 bytes,      81032 total
- age   5:       5584 bytes,      86616 total
- age   6:       1064 bytes,      87680 total
: 136675K->125K(153344K), 0.0059355 secs] 309934K->173384K(1031552K), 0.0060326 secs] [Times: user=0.01 sys=0.00, real=0.01 secs] 
2016-08-24T16:38:45.170+0000: 9044.091: Total time for which application threads were stopped: 0.0068622 seconds, Stopping threads took: 0.0000990 seconds
2016-08-24T16:38:45.209+0000: 9044.131: [GC (Allocation Failure) 9044.131: [ParNew
Desired survivor size 8716288 bytes, new threshold 6 (max 6)
- age   1:      69288 bytes,      69288 total
- age   3:       1000 bytes,      70288 total
- age   5:        968 bytes,      71256 total
- age   6:       5584 bytes,      76840 total
: 136445K->98K(153344K), 0.0058115 secs] 309704K->173358K(1031552K), 0.0059444 secs] [Times: user=0.01 sys=0.00, real=0.00 secs] 
2016-08-24T16:38:45.216+0000: 9044.137: Total time for which application threads were stopped: 0.0068263 seconds, Stopping threads took: 0.0001085 seconds
2016-08-24T16:38:45.259+0000: 9044.180: [GC (Allocation Failure) 9044.180: [ParNew
Desired survivor size 8716288 bytes, new threshold 6 (max 6)
- age   1:      50432 bytes,      50432 total
- age   2:       1000 bytes,      51432 total
- age   4:        968 bytes,      52400 total
- age   6:        968 bytes,      53368 total
: 136418K->78K(153344K), 0.0060132 secs] 309678K->173344K(1031552K), 0.0061065 secs] [Times: user=0.01 sys=0.00, real=0.01 secs] 
2016-08-24T16:38:45.265+0000: 9044.186: Total time for which application threads were stopped: 0.0069036 seconds, Stopping threads took: 0.0000965 seconds
2016-08-24T16:38:45.304+0000: 9044.225: [GC (Allocation Failure) 9044.225: [ParNew
Desired survivor size 8716288 bytes, new threshold 6 (max 6)
- age   1:      76192 bytes,      76192 total
- age   2:       4104 bytes,      80296 total
- age   3:       1000 bytes,      81296 total
- age   5:        968 bytes,      82264 total
: 136398K->90K(153344K), 0.0058082 secs] 309664K->173358K(1031552K), 0.0059224 secs] [Times: user=0.01 sys=0.00, real=0.01 secs] 
2016-08-24T16:38:45.310+0000: 9044.231: Total time for which application threads were stopped: 0.0067911 seconds, Stopping threads took: 0.0001012 seconds
2016-08-24T16:38:48.311+0000: 9047.232: Total time for which application threads were stopped: 0.0006434 seconds, Stopping threads took: 0.0001147 seconds
2016-08-24T16:38:54.356+0000: 9053.277: [GC (Allocation Failure) 9053.277: [ParNew
Desired survivor size 8716288 bytes, new threshold 6 (max 6)
- age   1:    1087624 bytes,    1087624 total
- age   3:        968 bytes,    1088592 total
- age   4:        968 bytes,    1089560 total
- age   6:        968 bytes,    1090528 total
: 136410K->1078K(153344K), 0.0115547 secs] 309678K->174346K(1031552K), 0.0117900 secs] [Times: user=0.02 sys=0.00, real=0.01 secs] 
2016-08-24T16:38:54.368+0000: 9053.289: Total time for which application threads were stopped: 0.0138076 seconds, Stopping threads took: 0.0003168 seconds
2016-08-24T16:38:54.413+0000: 9053.335: [GC (Allocation Failure) 9053.335: [ParNew
Desired survivor size 8716288 bytes, new threshold 6 (max 6)
- age   1:     142320 bytes,     142320 total
- age   2:     261280 bytes,     403600 total
- age   4:        968 bytes,     404568 total
- age   5:        968 bytes,     405536 total
: 137398K->580K(153344K), 0.0070433 secs] 310666K->173848K(1031552K), 0.0071850 secs] [Times: user=0.02 sys=0.00, real=0.01 secs] 
2016-08-24T16:38:54.421+0000: 9053.342: Total time for which application threads were stopped: 0.0082751 seconds, Stopping threads took: 0.0000958 seconds
2016-08-24T16:38:54.461+0000: 9053.383: [GC (Allocation Failure) 9053.383: [ParNew
Desired survivor size 8716288 bytes, new threshold 6 (max 6)
- age   1:      53160 bytes,      53160 total
- age   2:      44712 bytes,      97872 total
- age   3:     260984 bytes,     358856 total
- age   5:        968 bytes,     359824 total
- age   6:        968 bytes,     360792 total
: 136900K->643K(153344K), 0.0069307 secs] 310168K->173911K(1031552K), 0.0070536 secs] [Times: user=0.01 sys=0.00, real=0.01 secs] 
2016-08-24T16:38:54.469+0000: 9053.390: Total time for which application threads were stopped: 0.0079252 seconds, Stopping threads took: 0.0001181 seconds
2016-08-24T16:38:54.511+0000: 9053.432: [GC (Allocation Failure) 9053.432: [ParNew
Desired survivor size 8716288 bytes, new threshold 6 (max 6)
- age   1:      81976 bytes,      81976 total
- age   2:       4952 bytes,      86928 total
- age   3:      44712 bytes,     131640 total
- age   4:     260984 bytes,     392624 total
- age   6:        968 bytes,     393592 total
: 136963K->520K(153344K), 0.0070967 secs] 310231K->173790K(1031552K), 0.0072312 secs] [Times: user=0.02 sys=0.00, real=0.00 secs] 
2016-08-24T16:38:54.518+0000: 9053.440: Total time for which application threads were stopped: 0.0080860 seconds, Stopping threads took: 0.0001036 seconds
2016-08-24T16:38:54.558+0000: 9053.480: [GC (Allocation Failure) 9053.480: [ParNew
Desired survivor size 8716288 bytes, new threshold 6 (max 6)
- age   1:      80224 bytes,      80224 total
- age   3:       1096 bytes,      81320 total
- age   4:      42576 bytes,     123896 total
- age   5:     260984 bytes,     384880 total
: 136840K->660K(153344K), 0.0067444 secs] 310110K->173930K(1031552K), 0.0068660 secs] [Times: user=0.01 sys=0.00, real=0.01 secs] 
2016-08-24T16:38:54.565+0000: 9053.487: Total time for which application threads were stopped: 0.0077037 seconds, Stopping threads took: 0.0000971 seconds
2016-08-24T16:38:54.607+0000: 9053.528: [GC (Allocation Failure) 9053.528: [ParNew
Desired survivor size 8716288 bytes, new threshold 6 (max 6)
- age   1:      71896 bytes,      71896 total
- age   2:       8456 bytes,      80352 total
- age   4:       1096 bytes,      81448 total
- age   5:      42576 bytes,     124024 total
- age   6:     260984 bytes,     385008 total
: 136980K->461K(153344K), 0.0069430 secs] 310250K->173732K(1031552K), 0.0070684 secs] [Times: user=0.02 sys=0.00, real=0.01 secs] 
2016-08-24T16:38:54.614+0000: 9053.535: Total time for which application threads were stopped: 0.0079202 seconds, Stopping threads took: 0.0001003 seconds
2016-08-24T16:38:54.658+0000: 9053.579: [GC (Allocation Failure) 9053.579: [ParNew
Desired survivor size 8716288 bytes, new threshold 6 (max 6)
- age   1:      58176 bytes,      58176 total
- age   3:       1336 bytes,      59512 total
- age   5:       1064 bytes,      60576 total
- age   6:      40760 bytes,     101336 total
: 136781K->330K(153344K), 0.0061510 secs] 310052K->173861K(1031552K), 0.0062687 secs] [Times: user=0.01 sys=0.00, real=0.01 secs] 
2016-08-24T16:38:54.664+0000: 9053.586: Total time for which application threads were stopped: 0.0071121 seconds, Stopping threads took: 0.0000969 seconds
2016-08-24T16:38:54.703+0000: 9053.624: [GC (Allocation Failure) 9053.624: [ParNew
Desired survivor size 8716288 bytes, new threshold 6 (max 6)
- age   1:      74032 bytes,      74032 total
- age   2:      11544 bytes,      85576 total
- age   4:       1336 bytes,      86912 total
- age   6:       1064 bytes,      87976 total
: 136650K->126K(153344K), 0.0061211 secs] 310181K->173698K(1031552K), 0.0062131 secs] [Times: user=0.02 sys=0.00, real=0.01 secs] 
2016-08-24T16:38:54.709+0000: 9053.631: Total time for which application threads were stopped: 0.0070002 seconds, Stopping threads took: 0.0000987 seconds
2016-08-24T16:38:54.752+0000: 9053.673: [GC (Allocation Failure) 9053.673: [ParNew
Desired survivor size 8716288 bytes, new threshold 6 (max 6)
- age   1:      71592 bytes,      71592 total
- age   3:       1000 bytes,      72592 total
- age   5:       1304 bytes,      73896 total
: 136446K->97K(153344K), 0.0062945 secs] 310018K->173670K(1031552K), 0.0064195 secs] [Times: user=0.01 sys=0.00, real=0.00 secs] 
2016-08-24T16:38:54.758+0000: 9053.680: Total time for which application threads were stopped: 0.0072812 seconds, Stopping threads took: 0.0001034 seconds
2016-08-24T16:38:54.799+0000: 9053.721: [GC (Allocation Failure) 9053.721: [ParNew
Desired survivor size 8716288 bytes, new threshold 6 (max 6)
- age   1:      75616 bytes,      75616 total
- age   2:      14360 bytes,      89976 total
- age   4:       1000 bytes,      90976 total
- age   6:       1304 bytes,      92280 total
: 136417K->105K(153344K), 0.0057797 secs] 309990K->173677K(1031552K), 0.0058707 secs] [Times: user=0.01 sys=0.00, real=0.01 secs] 
2016-08-24T16:38:54.805+0000: 9053.727: Total time for which application threads were stopped: 0.0067239 seconds, Stopping threads took: 0.0000989 seconds
2016-08-24T16:38:54.848+0000: 9053.769: [GC (Allocation Failure) 9053.769: [ParNew
Desired survivor size 8716288 bytes, new threshold 6 (max 6)
- age   1:      73608 bytes,      73608 total
- age   3:       1000 bytes,      74608 total
- age   5:        968 bytes,      75576 total
: 136425K->107K(153344K), 0.0063499 secs] 309997K->173681K(1031552K), 0.0064731 secs] [Times: user=0.01 sys=0.00, real=0.01 secs] 
2016-08-24T16:38:54.854+0000: 9053.776: Total time for which application threads were stopped: 0.0073298 seconds, Stopping threads took: 0.0001036 seconds
2016-08-24T16:38:54.896+0000: 9053.817: [GC (Allocation Failure) 9053.817: [ParNew
Desired survivor size 8716288 bytes, new threshold 6 (max 6)
- age   1:      76608 bytes,      76608 total
- age   2:      17808 bytes,      94416 total
- age   4:       1000 bytes,      95416 total
- age   6:        968 bytes,      96384 total
: 136427K->114K(153344K), 0.0058582 secs] 310001K->173688K(1031552K), 0.0059482 secs] [Times: user=0.01 sys=0.00, real=0.01 secs] 
2016-08-24T16:38:54.902+0000: 9053.823: Total time for which application threads were stopped: 0.0067436 seconds, Stopping threads took: 0.0001004 seconds
2016-08-24T16:38:55.903+0000: 9054.824: Total time for which application threads were stopped: 0.0007003 seconds, Stopping threads took: 0.0001235 seconds
2016-08-24T16:39:04.492+0000: 9063.413: [GC (Allocation Failure) 9063.414: [ParNew
Desired survivor size 8716288 bytes, new threshold 6 (max 6)
- age   1:     963688 bytes,     963688 total
- age   3:        968 bytes,     964656 total
- age   5:        968 bytes,     965624 total
: 136434K->989K(153344K), 0.0075848 secs] 310008K->174564K(1031552K), 0.0077329 secs] [Times: user=0.01 sys=0.00, real=0.00 secs] 
2016-08-24T16:39:04.500+0000: 9063.421: Total time for which application threads were stopped: 0.0085946 seconds, Stopping threads took: 0.0001015 seconds
2016-08-24T16:39:04.539+0000: 9063.461: [GC (Allocation Failure) 9063.461: [ParNew
Desired survivor size 8716288 bytes, new threshold 6 (max 6)
- age   1:      72864 bytes,      72864 total
- age   2:     314424 bytes,     387288 total
- age   4:        968 bytes,     388256 total
- age   6:        968 bytes,     389224 total
: 137309K->536K(153344K), 0.0053518 secs] 310884K->174111K(1031552K), 0.0054602 secs] [Times: user=0.01 sys=0.00, real=0.01 secs] 
2016-08-24T16:39:04.545+0000: 9063.466: Total time for which application threads were stopped: 0.0063013 seconds, Stopping threads took: 0.0001247 seconds
2016-08-24T16:39:04.585+0000: 9063.506: [GC (Allocation Failure) 9063.506: [ParNew
Desired survivor size 8716288 bytes, new threshold 6 (max 6)
- age   1:      78336 bytes,      78336 total
- age   2:        160 bytes,      78496 total
- age   3:     296088 bytes,     374584 total
- age   5:        968 bytes,     375552 total
: 136856K->677K(153344K), 0.0054587 secs] 310431K->174253K(1031552K), 0.0055638 secs] [Times: user=0.01 sys=0.00, real=0.01 secs] 
2016-08-24T16:39:04.590+0000: 9063.512: Total time for which application threads were stopped: 0.0064057 seconds, Stopping threads took: 0.0001229 seconds
2016-08-24T16:39:04.628+0000: 9063.550: [GC (Allocation Failure) 9063.550: [ParNew
Desired survivor size 8716288 bytes, new threshold 6 (max 6)
- age   1:      81032 bytes,      81032 total
- age   2:      19784 bytes,     100816 total
- age   3:        160 bytes,     100976 total
- age   4:     296088 bytes,     397064 total
- age   6:        968 bytes,     398032 total
: 136997K->445K(153344K), 0.0055792 secs] 310573K->174021K(1031552K), 0.0057087 secs] [Times: user=0.01 sys=0.00, real=0.00 secs] 
2016-08-24T16:39:04.634+0000: 9063.556: Total time for which application threads were stopped: 0.0065311 seconds, Stopping threads took: 0.0000990 seconds
2016-08-24T16:39:04.674+0000: 9063.596: [GC (Allocation Failure) 9063.596: [ParNew
Desired survivor size 8716288 bytes, new threshold 6 (max 6)
- age   1:      85280 bytes,      85280 total
- age   3:       1096 bytes,      86376 total
- age   4:        160 bytes,      86536 total
- age   5:     294240 bytes,     380776 total
: 136765K->512K(153344K), 0.0057712 secs] 310341K->174089K(1031552K), 0.0059064 secs] [Times: user=0.01 sys=0.00, real=0.00 secs] 
2016-08-24T16:39:04.680+0000: 9063.602: Total time for which application threads were stopped: 0.0067387 seconds, Stopping threads took: 0.0001020 seconds
2016-08-24T16:39:04.723+0000: 9063.644: [GC (Allocation Failure) 9063.644: [ParNew
Desired survivor size 8716288 bytes, new threshold 6 (max 6)
- age   1:      51904 bytes,      51904 total
- age   2:       1000 bytes,      52904 total
- age   4:       1064 bytes,      53968 total
- age   5:        160 bytes,      54128 total
- age   6:     292424 bytes,     346552 total
: 136832K->530K(153344K), 0.0058579 secs] 310409K->174107K(1031552K), 0.0059765 secs] [Times: user=0.02 sys=0.00, real=0.01 secs] 
2016-08-24T16:39:04.729+0000: 9063.650: Total time for which application threads were stopped: 0.0067899 seconds, Stopping threads took: 0.0000995 seconds
2016-08-24T16:39:04.771+0000: 9063.693: [GC (Allocation Failure) 9063.693: [ParNew
Desired survivor size 8716288 bytes, new threshold 6 (max 6)
- age   1:      63104 bytes,      63104 total
- age   2:       4736 bytes,      67840 total
- age   3:       1000 bytes,      68840 total
- age   5:       1064 bytes,      69904 total
- age   6:        160 bytes,      70064 total
: 136850K->343K(153344K), 0.0065084 secs] 310427K->174211K(1031552K), 0.0066219 secs] [Times: user=0.01 sys=0.00, real=0.00 secs] 
2016-08-24T16:39:04.778+0000: 9063.699: Total time for which application threads were stopped: 0.0074484 seconds, Stopping threads took: 0.0000959 seconds
2016-08-24T16:39:04.818+0000: 9063.740: [GC (Allocation Failure) 9063.740: [ParNew
Desired survivor size 8716288 bytes, new threshold 6 (max 6)
- age   1:      66616 bytes,      66616 total
- age   3:       1000 bytes,      67616 total
- age   4:        968 bytes,      68584 total
- age   6:       1064 bytes,      69648 total
: 136663K->118K(153344K), 0.0060118 secs] 310531K->173987K(1031552K), 0.0061367 secs] [Times: user=0.01 sys=0.00, real=0.01 secs] 
2016-08-24T16:39:04.825+0000: 9063.746: Total time for which application threads were stopped: 0.0069970 seconds, Stopping threads took: 0.0000979 seconds
2016-08-24T16:39:04.865+0000: 9063.786: [GC (Allocation Failure) 9063.786: [ParNew
Desired survivor size 8716288 bytes, new threshold 6 (max 6)
- age   1:      67288 bytes,      67288 total
- age   2:       8032 bytes,      75320 total
- age   4:       1000 bytes,      76320 total
- age   5:        968 bytes,      77288 total
: 136438K->84K(153344K), 0.0052468 secs] 310307K->173954K(1031552K), 0.0053466 secs] [Times: user=0.01 sys=0.00, real=0.01 secs] 
2016-08-24T16:39:04.870+0000: 9063.791: Total time for which application threads were stopped: 0.0061695 seconds, Stopping threads took: 0.0001001 seconds
2016-08-24T16:39:04.909+0000: 9063.831: [GC (Allocation Failure) 9063.831: [ParNew
Desired survivor size 8716288 bytes, new threshold 6 (max 6)
- age   1:      56560 bytes,      56560 total
- age   3:       1000 bytes,      57560 total
- age   5:        968 bytes,      58528 total
- age   6:        968 bytes,      59496 total
: 136404K->92K(153344K), 0.0051616 secs] 310274K->173962K(1031552K), 0.0052657 secs] [Times: user=0.01 sys=0.00, real=0.00 secs] 
2016-08-24T16:39:04.915+0000: 9063.836: Total time for which application threads were stopped: 0.0061175 seconds, Stopping threads took: 0.0001609 seconds
2016-08-24T16:39:04.956+0000: 9063.877: [GC (Allocation Failure) 9063.877: [ParNew
Desired survivor size 8716288 bytes, new threshold 6 (max 6)
- age   1:      86424 bytes,      86424 total
- age   2:      10968 bytes,      97392 total
- age   4:       1000 bytes,      98392 total
- age   6:        968 bytes,      99360 total
: 136412K->103K(153344K), 0.0053487 secs] 310282K->173974K(1031552K), 0.0054551 secs] [Times: user=0.01 sys=0.00, real=0.01 secs] 
2016-08-24T16:39:04.961+0000: 9063.883: Total time for which application threads were stopped: 0.0062806 seconds, Stopping threads took: 0.0000976 seconds
2016-08-24T16:39:14.426+0000: 9073.348: [GC (Allocation Failure) 9073.348: [ParNew
Desired survivor size 8716288 bytes, new threshold 6 (max 6)
- age   1:     847616 bytes,     847616 total
- age   2:        128 bytes,     847744 total
- age   3:        968 bytes,     848712 total
- age   5:        968 bytes,     849680 total
: 136423K->850K(153344K), 0.0075071 secs] 310294K->174722K(1031552K), 0.0076432 secs] [Times: user=0.01 sys=0.00, real=0.01 secs] 
2016-08-24T16:39:14.434+0000: 9073.355: Total time for which application threads were stopped: 0.0085241 seconds, Stopping threads took: 0.0001151 seconds
2016-08-24T16:39:14.473+0000: 9073.394: [GC (Allocation Failure) 9073.394: [ParNew
Desired survivor size 8716288 bytes, new threshold 6 (max 6)
- age   1:      65200 bytes,      65200 total
- age   2:     229320 bytes,     294520 total
- age   3:        128 bytes,     294648 total
- age   4:        968 bytes,     295616 total
- age   6:        968 bytes,     296584 total
: 137170K->403K(153344K), 0.0058462 secs] 311042K->174274K(1031552K), 0.0059516 secs] [Times: user=0.01 sys=0.00, real=0.00 secs] 
2016-08-24T16:39:14.479+0000: 9073.400: Total time for which application threads were stopped: 0.0067947 seconds, Stopping threads took: 0.0000968 seconds
2016-08-24T16:39:14.519+0000: 9073.440: [GC (Allocation Failure) 9073.440: [ParNew
Desired survivor size 8716288 bytes, new threshold 6 (max 6)
- age   1:      78560 bytes,      78560 total
- age   2:         72 bytes,      78632 total
- age   3:     217480 bytes,     296112 total
- age   4:        128 bytes,     296240 total
- age   5:        968 bytes,     297208 total
: 136723K->407K(153344K), 0.0056116 secs] 310594K->174279K(1031552K), 0.0057128 secs] [Times: user=0.01 sys=0.00, real=0.01 secs] 
2016-08-24T16:39:14.524+0000: 9073.446: Total time for which application threads were stopped: 0.0065362 seconds, Stopping threads took: 0.0000994 seconds
2016-08-24T16:39:14.562+0000: 9073.484: [GC (Allocation Failure) 9073.484: [ParNew
Desired survivor size 8716288 bytes, new threshold 6 (max 6)
- age   1:      77824 bytes,      77824 total
- age   2:      14184 bytes,      92008 total
- age   3:         72 bytes,      92080 total
- age   4:     216912 bytes,     308992 total
- age   5:        128 bytes,     309120 total
- age   6:        968 bytes,     310088 total
: 136727K->390K(153344K), 0.0062011 secs] 310599K->174263K(1031552K), 0.0063156 secs] [Times: user=0.01 sys=0.00, real=0.01 secs] 
2016-08-24T16:39:14.569+0000: 9073.490: Total time for which application threads were stopped: 0.0071258 seconds, Stopping threads took: 0.0000967 seconds
2016-08-24T16:39:14.609+0000: 9073.531: [GC (Allocation Failure) 9073.531: [ParNew
Desired survivor size 8716288 bytes, new threshold 6 (max 6)
- age   1:      67208 bytes,      67208 total
- age   2:        248 bytes,      67456 total
- age   3:       1096 bytes,      68552 total
- age   4:         72 bytes,      68624 total
- age   5:     215064 bytes,     283688 total
- age   6:        128 bytes,     283816 total
: 136710K->424K(153344K), 0.0058473 secs] 310583K->174297K(1031552K), 0.0059377 secs] [Times: user=0.01 sys=0.00, real=0.00 secs] 
2016-08-24T16:39:14.615+0000: 9073.537: Total time for which application threads were stopped: 0.0067364 seconds, Stopping threads took: 0.0001118 seconds
2016-08-24T16:39:14.654+0000: 9073.575: [GC (Allocation Failure) 9073.575: [ParNew
Desired survivor size 8716288 bytes, new threshold 6 (max 6)
- age   1:      76936 bytes,      76936 total
- age   2:      16736 bytes,      93672 total
- age   3:        248 bytes,      93920 total
- age   4:       1096 bytes,      95016 total
- age   5:         72 bytes,      95088 total
- age   6:     215064 bytes,     310152 total
: 136744K->407K(153344K), 0.0060993 secs] 310617K->174281K(1031552K), 0.0062118 secs] [Times: user=0.02 sys=0.00, real=0.00 secs] 
2016-08-24T16:39:14.660+0000: 9073.582: Total time for which application threads were stopped: 0.0070536 seconds, Stopping threads took: 0.0001155 seconds
2016-08-24T16:39:14.701+0000: 9073.622: [GC (Allocation Failure) 9073.622: [ParNew
Desired survivor size 8716288 bytes, new threshold 6 (max 6)
- age   1:      78280 bytes,      78280 total
- age   3:       1000 bytes,      79280 total
- age   4:        248 bytes,      79528 total
- age   5:       1064 bytes,      80592 total
- age   6:         72 bytes,      80664 total
: 136727K->297K(153344K), 0.0062806 secs] 310601K->174384K(1031552K), 0.0063884 secs] [Times: user=0.01 sys=0.00, real=0.00 secs] 
2016-08-24T16:39:14.707+0000: 9073.629: Total time for which application threads were stopped: 0.0072149 seconds, Stopping threads took: 0.0000964 seconds
2016-08-24T16:39:14.746+0000: 9073.667: [GC (Allocation Failure) 9073.667: [ParNew
Desired survivor size 8716288 bytes, new threshold 6 (max 6)
- age   1:      80616 bytes,      80616 total
- age   2:      19336 bytes,      99952 total
- age   4:       1000 bytes,     100952 total
- age   5:        248 bytes,     101200 total
- age   6:       1064 bytes,     102264 total
: 136617K->145K(153344K), 0.0059235 secs] 310704K->174231K(1031552K), 0.0060341 secs] [Times: user=0.01 sys=0.00, real=0.01 secs] 
2016-08-24T16:39:14.752+0000: 9073.674: Total time for which application threads were stopped: 0.0068579 seconds, Stopping threads took: 0.0000982 seconds
2016-08-24T16:39:14.794+0000: 9073.715: [GC (Allocation Failure) 9073.715: [ParNew
Desired survivor size 8716288 bytes, new threshold 6 (max 6)
- age   1:      81272 bytes,      81272 total
- age   3:       1000 bytes,      82272 total
- age   5:        968 bytes,      83240 total
- age   6:        248 bytes,      83488 total
: 136465K->101K(153344K), 0.0057100 secs] 310551K->174188K(1031552K), 0.0057979 secs] [Times: user=0.01 sys=0.00, real=0.00 secs] 
2016-08-24T16:39:14.800+0000: 9073.721: Total time for which application threads were stopped: 0.0065731 seconds, Stopping threads took: 0.0001014 seconds
2016-08-24T16:39:14.838+0000: 9073.760: [GC (Allocation Failure) 9073.760: [ParNew
Desired survivor size 8716288 bytes, new threshold 6 (max 6)
- age   1:      65328 bytes,      65328 total
- age   2:       1000 bytes,      66328 total
- age   4:        968 bytes,      67296 total
- age   6:        968 bytes,      68264 total
: 136421K->101K(153344K), 0.0059202 secs] 310508K->174189K(1031552K), 0.0060410 secs] [Times: user=0.01 sys=0.00, real=0.01 secs] 
2016-08-24T16:39:14.844+0000: 9073.766: Total time for which application threads were stopped: 0.0068859 seconds, Stopping threads took: 0.0000990 seconds
2016-08-24T16:39:14.883+0000: 9073.805: [GC (Allocation Failure) 9073.805: [ParNew
Desired survivor size 8716288 bytes, new threshold 6 (max 6)
- age   1:      69304 bytes,      69304 total
- age   2:       4632 bytes,      73936 total
- age   3:       1000 bytes,      74936 total
- age   5:        968 bytes,      75904 total
: 136421K->91K(153344K), 0.0058199 secs] 310509K->174180K(1031552K), 0.0059350 secs] [Times: user=0.01 sys=0.00, real=0.01 secs] 
2016-08-24T16:39:14.889+0000: 9073.811: Total time for which application threads were stopped: 0.0067432 seconds, Stopping threads took: 0.0000991 seconds
2016-08-24T16:39:24.222+0000: 9083.143: [GC (Allocation Failure) 9083.143: [ParNew
Desired survivor size 8716288 bytes, new threshold 6 (max 6)
- age   1:    1313696 bytes,    1313696 total
- age   3:        968 bytes,    1314664 total
- age   4:        968 bytes,    1315632 total
- age   6:        968 bytes,    1316600 total
: 136411K->1310K(153344K), 0.0108419 secs] 310500K->175398K(1031552K), 0.0109851 secs] [Times: user=0.02 sys=0.00, real=0.01 secs] 
2016-08-24T16:39:24.233+0000: 9083.154: Total time for which application threads were stopped: 0.0117859 seconds, Stopping threads took: 0.0000849 seconds
2016-08-24T16:39:24.275+0000: 9083.197: [GC (Allocation Failure) 9083.197: [ParNew
Desired survivor size 8716288 bytes, new threshold 6 (max 6)
- age   1:      74568 bytes,      74568 total
- age   2:     327448 bytes,     402016 total
- age   4:        968 bytes,     402984 total
- age   5:        968 bytes,     403952 total
: 137630K->414K(153344K), 0.0067915 secs] 311718K->174504K(1031552K), 0.0069046 secs] [Times: user=0.01 sys=0.00, real=0.01 secs] 
2016-08-24T16:39:24.282+0000: 9083.204: Total time for which application threads were stopped: 0.0076515 seconds, Stopping threads took: 0.0000883 seconds
2016-08-24T16:39:24.323+0000: 9083.244: [GC (Allocation Failure) 9083.244: [ParNew
Desired survivor size 8716288 bytes, new threshold 6 (max 6)
- age   1:      60504 bytes,      60504 total
- age   2:        192 bytes,      60696 total
- age   3:     321960 bytes,     382656 total
- age   5:        968 bytes,     383624 total
- age   6:        968 bytes,     384592 total
: 136734K->512K(153344K), 0.0067238 secs] 310824K->174601K(1031552K), 0.0068265 secs] [Times: user=0.01 sys=0.00, real=0.01 secs] 
2016-08-24T16:39:24.330+0000: 9083.251: Total time for which application threads were stopped: 0.0075836 seconds, Stopping threads took: 0.0000908 seconds
2016-08-24T16:39:24.368+0000: 9083.289: [GC (Allocation Failure) 9083.289: [ParNew
Desired survivor size 8716288 bytes, new threshold 6 (max 6)
- age   1:      67512 bytes,      67512 total
- age   2:       5720 bytes,      73232 total
- age   3:        192 bytes,      73424 total
- age   4:     321960 bytes,     395384 total
- age   6:        968 bytes,     396352 total
: 136832K->538K(153344K), 0.0073054 secs] 310921K->174629K(1031552K), 0.0074099 secs] [Times: user=0.02 sys=0.00, real=0.01 secs] 
2016-08-24T16:39:24.375+0000: 9083.297: Total time for which application threads were stopped: 0.0081627 seconds, Stopping threads took: 0.0000887 seconds
2016-08-24T16:39:24.416+0000: 9083.337: [GC (Allocation Failure) 9083.337: [ParNew
Desired survivor size 8716288 bytes, new threshold 6 (max 6)
- age   1:      55776 bytes,      55776 total
- age   3:       1096 bytes,      56872 total
- age   4:        192 bytes,      57064 total
- age   5:     320112 bytes,     377176 total
: 136858K->557K(153344K), 0.0084927 secs] 310949K->174648K(1031552K), 0.0086591 secs] [Times: user=0.02 sys=0.00, real=0.01 secs] 
2016-08-24T16:39:24.424+0000: 9083.346: Total time for which application threads were stopped: 0.0094655 seconds, Stopping threads took: 0.0000882 seconds
2016-08-24T16:39:24.464+0000: 9083.385: [GC (Allocation Failure) 9083.385: [ParNew
Desired survivor size 8716288 bytes, new threshold 6 (max 6)
- age   1:      88776 bytes,      88776 total
- age   2:       9432 bytes,      98208 total
- age   4:       1096 bytes,      99304 total
- age   5:        192 bytes,      99496 total
- age   6:     320112 bytes,     419608 total
: 136877K->540K(153344K), 0.0071405 secs] 310968K->174632K(1031552K), 0.0072539 secs] [Times: user=0.01 sys=0.00, real=0.01 secs] 
2016-08-24T16:39:24.471+0000: 9083.393: Total time for which application threads were stopped: 0.0080671 seconds, Stopping threads took: 0.0000897 seconds
2016-08-24T16:39:24.513+0000: 9083.435: [GC (Allocation Failure) 9083.435: [ParNew
Desired survivor size 8716288 bytes, new threshold 6 (max 6)
- age   1:      68904 bytes,      68904 total
- age   3:       1000 bytes,      69904 total
- age   5:       1064 bytes,      70968 total
- age   6:        192 bytes,      71160 total
: 136860K->402K(153344K), 0.0077364 secs] 310952K->174811K(1031552K), 0.0078258 secs] [Times: user=0.02 sys=0.00, real=0.01 secs] 
2016-08-24T16:39:24.521+0000: 9083.443: Total time for which application threads were stopped: 0.0085668 seconds, Stopping threads took: 0.0000889 seconds
2016-08-24T16:39:24.561+0000: 9083.482: [GC (Allocation Failure) 9083.482: [ParNew
Desired survivor size 8716288 bytes, new threshold 6 (max 6)
- age   1:      71936 bytes,      71936 total
- age   2:      12776 bytes,      84712 total
- age   4:       1000 bytes,      85712 total
- age   6:       1064 bytes,      86776 total
: 136722K->133K(153344K), 0.0067294 secs] 311131K->174542K(1031552K), 0.0068188 secs] [Times: user=0.01 sys=0.00, real=0.00 secs] 
2016-08-24T16:39:24.568+0000: 9083.489: Total time for which application threads were stopped: 0.0075779 seconds, Stopping threads took: 0.0000889 seconds
2016-08-24T16:39:24.608+0000: 9083.529: [GC (Allocation Failure) 9083.529: [ParNew
Desired survivor size 8716288 bytes, new threshold 6 (max 6)
- age   1:      79432 bytes,      79432 total
- age   3:       1000 bytes,      80432 total
- age   5:        968 bytes,      81400 total
: 136453K->120K(153344K), 0.0068352 secs] 310862K->174530K(1031552K), 0.0070060 secs] [Times: user=0.02 sys=0.00, real=0.01 secs] 
2016-08-24T16:39:24.615+0000: 9083.536: Total time for which application threads were stopped: 0.0078813 seconds, Stopping threads took: 0.0001083 seconds
2016-08-24T16:39:24.653+0000: 9083.574: [GC (Allocation Failure) 9083.575: [ParNew
Desired survivor size 8716288 bytes, new threshold 6 (max 6)
- age   1:      76464 bytes,      76464 total
- age   2:      14968 bytes,      91432 total
- age   4:       1000 bytes,      92432 total
- age   6:        968 bytes,      93400 total
: 136440K->116K(153344K), 0.0075809 secs] 310850K->174526K(1031552K), 0.0077616 secs] [Times: user=0.02 sys=0.00, real=0.01 secs] 
2016-08-24T16:39:24.661+0000: 9083.582: Total time for which application threads were stopped: 0.0089840 seconds, Stopping threads took: 0.0001056 seconds
2016-08-24T16:39:24.700+0000: 9083.622: [GC (Allocation Failure) 9083.622: [ParNew
Desired survivor size 8716288 bytes, new threshold 6 (max 6)
- age   1:      72704 bytes,      72704 total
- age   3:       1000 bytes,      73704 total
- age   5:        968 bytes,      74672 total
: 136436K->110K(153344K), 0.0068222 secs] 310846K->174521K(1031552K), 0.0069352 secs] [Times: user=0.01 sys=0.00, real=0.00 secs] 
2016-08-24T16:39:24.707+0000: 9083.629: Total time for which application threads were stopped: 0.0077352 seconds, Stopping threads took: 0.0001022 seconds
2016-08-24T16:39:24.747+0000: 9083.669: [GC (Allocation Failure) 9083.669: [ParNew
Desired survivor size 8716288 bytes, new threshold 6 (max 6)
- age   1:      65456 bytes,      65456 total
- age   2:      18616 bytes,      84072 total
- age   4:       1000 bytes,      85072 total
- age   6:        968 bytes,      86040 total
: 136430K->87K(153344K), 0.0064102 secs] 310841K->174498K(1031552K), 0.0065214 secs] [Times: user=0.02 sys=0.00, real=0.01 secs] 
2016-08-24T16:39:24.754+0000: 9083.676: Total time for which application threads were stopped: 0.0073048 seconds, Stopping threads took: 0.0000888 seconds
2016-08-24T16:39:28.703+0000: 9087.625: Total time for which application threads were stopped: 0.0006327 seconds, Stopping threads took: 0.0000893 seconds
2016-08-24T16:39:28.704+0000: 9087.625: Total time for which application threads were stopped: 0.0003251 seconds, Stopping threads took: 0.0000546 seconds
2016-08-24T16:39:28.704+0000: 9087.626: Total time for which application threads were stopped: 0.0003535 seconds, Stopping threads took: 0.0000487 seconds
2016-08-24T16:39:28.867+0000: 9087.788: Total time for which application threads were stopped: 0.0006436 seconds, Stopping threads took: 0.0000843 seconds
2016-08-24T16:39:28.867+0000: 9087.789: Total time for which application threads were stopped: 0.0004325 seconds, Stopping threads took: 0.0001663 seconds
2016-08-24T16:39:28.870+0000: 9087.791: Total time for which application threads were stopped: 0.0022180 seconds, Stopping threads took: 0.0000660 seconds
2016-08-24T16:39:31.873+0000: 9090.794: Total time for which application threads were stopped: 0.0020645 seconds, Stopping threads took: 0.0004107 seconds
2016-08-24T16:39:33.853+0000: 9092.774: [GC (Allocation Failure) 9092.774: [ParNew
Desired survivor size 8716288 bytes, new threshold 6 (max 6)
- age   1:     903712 bytes,     903712 total
- age   3:        968 bytes,     904680 total
- age   5:        968 bytes,     905648 total
: 136407K->916K(153344K), 0.0075130 secs] 310818K->175328K(1031552K), 0.0076379 secs] [Times: user=0.01 sys=0.00, real=0.01 secs] 
2016-08-24T16:39:33.861+0000: 9092.782: Total time for which application threads were stopped: 0.0085592 seconds, Stopping threads took: 0.0001113 seconds
2016-08-24T16:39:33.899+0000: 9092.820: [GC (Allocation Failure) 9092.820: [ParNew
Desired survivor size 8716288 bytes, new threshold 6 (max 6)
- age   1:      81832 bytes,      81832 total
- age   2:     246632 bytes,     328464 total
- age   4:        968 bytes,     329432 total
- age   6:        968 bytes,     330400 total
: 137236K->443K(153344K), 0.0057605 secs] 311648K->174856K(1031552K), 0.0058773 secs] [Times: user=0.02 sys=0.00, real=0.01 secs] 
2016-08-24T16:39:33.905+0000: 9092.826: Total time for which application threads were stopped: 0.0066774 seconds, Stopping threads took: 0.0001011 seconds
2016-08-24T16:39:33.946+0000: 9092.867: [GC (Allocation Failure) 9092.867: [ParNew
Desired survivor size 8716288 bytes, new threshold 6 (max 6)
- age   1:      91184 bytes,      91184 total
- age   3:     227640 bytes,     318824 total
- age   5:        968 bytes,     319792 total
: 136763K->435K(153344K), 0.0056152 secs] 311176K->174848K(1031552K), 0.0057260 secs] [Times: user=0.01 sys=0.00, real=0.01 secs] 
2016-08-24T16:39:33.952+0000: 9092.873: Total time for which application threads were stopped: 0.0065462 seconds, Stopping threads took: 0.0001004 seconds
2016-08-24T16:39:33.990+0000: 9092.911: [GC (Allocation Failure) 9092.911: [ParNew
Desired survivor size 8716288 bytes, new threshold 6 (max 6)
- age   1:      80296 bytes,      80296 total
- age   2:      20792 bytes,     101088 total
- age   4:     227640 bytes,     328728 total
- age   6:        968 bytes,     329696 total
: 136755K->465K(153344K), 0.0060283 secs] 311168K->174878K(1031552K), 0.0061396 secs] [Times: user=0.01 sys=0.00, real=0.00 secs] 
2016-08-24T16:39:33.996+0000: 9092.917: Total time for which application threads were stopped: 0.0069493 seconds, Stopping threads took: 0.0001014 seconds
2016-08-24T16:39:34.036+0000: 9092.958: [GC (Allocation Failure) 9092.958: [ParNew
Desired survivor size 8716288 bytes, new threshold 6 (max 6)
- age   1:      77496 bytes,      77496 total
- age   3:       1096 bytes,      78592 total
- age   5:     225792 bytes,     304384 total
: 136785K->444K(153344K), 0.0056040 secs] 311198K->174858K(1031552K), 0.0057113 secs] [Times: user=0.01 sys=0.00, real=0.01 secs] 
2016-08-24T16:39:34.042+0000: 9092.964: Total time for which application threads were stopped: 0.0065624 seconds, Stopping threads took: 0.0001016 seconds
2016-08-24T16:39:34.082+0000: 9093.003: [GC (Allocation Failure) 9093.003: [ParNew
Desired survivor size 8716288 bytes, new threshold 6 (max 6)
- age   1:      74464 bytes,      74464 total
- age   2:       1000 bytes,      75464 total
- age   4:       1064 bytes,      76528 total
- age   6:     223976 bytes,     300504 total
: 136764K->429K(153344K), 0.0059377 secs] 311178K->174844K(1031552K), 0.0060717 secs] [Times: user=0.01 sys=0.00, real=0.00 secs] 
2016-08-24T16:39:34.088+0000: 9093.009: Total time for which application threads were stopped: 0.0069223 seconds, Stopping threads took: 0.0001020 seconds
2016-08-24T16:39:34.125+0000: 9093.047: [GC (Allocation Failure) 9093.047: [ParNew
Desired survivor size 8716288 bytes, new threshold 6 (max 6)
- age   1:      76768 bytes,      76768 total
- age   2:       4976 bytes,      81744 total
- age   3:       1000 bytes,      82744 total
- age   5:       1064 bytes,      83808 total
: 136749K->293K(153344K), 0.0059280 secs] 311164K->174930K(1031552K), 0.0060273 secs] [Times: user=0.01 sys=0.00, real=0.01 secs] 
2016-08-24T16:39:34.132+0000: 9093.053: Total time for which application threads were stopped: 0.0068438 seconds, Stopping threads took: 0.0001015 seconds
2016-08-24T16:39:34.171+0000: 9093.092: [GC (Allocation Failure) 9093.092: [ParNew
Desired survivor size 8716288 bytes, new threshold 6 (max 6)
- age   1:      59984 bytes,      59984 total
- age   3:       1000 bytes,      60984 total
- age   4:        968 bytes,      61952 total
- age   6:       1064 bytes,      63016 total
: 136613K->108K(153344K), 0.0060480 secs] 311250K->174746K(1031552K), 0.0061761 secs] [Times: user=0.01 sys=0.00, real=0.00 secs] 
2016-08-24T16:39:34.177+0000: 9093.099: Total time for which application threads were stopped: 0.0070586 seconds, Stopping threads took: 0.0001001 seconds
2016-08-24T16:39:34.216+0000: 9093.138: [GC (Allocation Failure) 9093.138: [ParNew
Desired survivor size 8716288 bytes, new threshold 6 (max 6)
- age   1:      83008 bytes,      83008 total
- age   2:       8656 bytes,      91664 total
- age   4:       1000 bytes,      92664 total
- age   5:        968 bytes,      93632 total
: 136428K->109K(153344K), 0.0049091 secs] 311066K->174748K(1031552K), 0.0049969 secs] [Times: user=0.01 sys=0.00, real=0.01 secs] 
2016-08-24T16:39:34.221+0000: 9093.143: Total time for which application threads were stopped: 0.0057937 seconds, Stopping threads took: 0.0001005 seconds
2016-08-24T16:39:34.261+0000: 9093.183: [GC (Allocation Failure) 9093.183: [ParNew
Desired survivor size 8716288 bytes, new threshold 6 (max 6)
- age   1:      60216 bytes,      60216 total
- age   3:       1000 bytes,      61216 total
- age   5:        968 bytes,      62184 total
- age   6:        968 bytes,      63152 total
: 136429K->84K(153344K), 0.0053586 secs] 311068K->174722K(1031552K), 0.0054796 secs] [Times: user=0.01 sys=0.00, real=0.00 secs] 
2016-08-24T16:39:34.267+0000: 9093.188: Total time for which application threads were stopped: 0.0063147 seconds, Stopping threads took: 0.0000842 seconds
2016-08-24T16:39:34.307+0000: 9093.229: [GC (Allocation Failure) 9093.229: [ParNew
Desired survivor size 8716288 bytes, new threshold 6 (max 6)
- age   1:      95016 bytes,      95016 total
- age   2:      11952 bytes,     106968 total
- age   4:       1000 bytes,     107968 total
- age   6:        968 bytes,     108936 total
: 136404K->127K(153344K), 0.0050254 secs] 311042K->174767K(1031552K), 0.0051119 secs] [Times: user=0.01 sys=0.00, real=0.01 secs] 
2016-08-24T16:39:34.313+0000: 9093.234: Total time for which application threads were stopped: 0.0058882 seconds, Stopping threads took: 0.0000997 seconds
2016-08-24T16:39:43.315+0000: 9102.237: Total time for which application threads were stopped: 0.0006339 seconds, Stopping threads took: 0.0001112 seconds
2016-08-24T16:39:43.829+0000: 9102.750: [GC (Allocation Failure) 9102.750: [ParNew
Desired survivor size 8716288 bytes, new threshold 6 (max 6)
- age   1:    1075864 bytes,    1075864 total
- age   3:        968 bytes,    1076832 total
- age   5:        968 bytes,    1077800 total
: 136447K->1092K(153344K), 0.0079371 secs] 311087K->175733K(1031552K), 0.0080573 secs] [Times: user=0.01 sys=0.00, real=0.00 secs] 
2016-08-24T16:39:43.837+0000: 9102.758: Total time for which application threads were stopped: 0.0088934 seconds, Stopping threads took: 0.0000974 seconds
2016-08-24T16:39:43.877+0000: 9102.799: [GC (Allocation Failure) 9102.799: [ParNew
Desired survivor size 8716288 bytes, new threshold 6 (max 6)
- age   1:      77688 bytes,      77688 total
- age   2:     322792 bytes,     400480 total
- age   4:        968 bytes,     401448 total
- age   6:        968 bytes,     402416 total
: 137412K->560K(153344K), 0.0058261 secs] 312053K->175200K(1031552K), 0.0059317 secs] [Times: user=0.01 sys=0.00, real=0.01 secs] 
2016-08-24T16:39:43.883+0000: 9102.805: Total time for which application threads were stopped: 0.0068210 seconds, Stopping threads took: 0.0001442 seconds
2016-08-24T16:39:43.925+0000: 9102.846: [GC (Allocation Failure) 9102.846: [ParNew
Desired survivor size 8716288 bytes, new threshold 6 (max 6)
- age   1:      75672 bytes,      75672 total
- age   2:        232 bytes,      75904 total
- age   3:     310520 bytes,     386424 total
- age   5:        968 bytes,     387392 total
: 136880K->535K(153344K), 0.0063261 secs] 311520K->175176K(1031552K), 0.0064460 secs] [Times: user=0.01 sys=0.00, real=0.01 secs] 
2016-08-24T16:39:43.931+0000: 9102.853: Total time for which application threads were stopped: 0.0074047 seconds, Stopping threads took: 0.0001260 seconds
2016-08-24T16:39:43.971+0000: 9102.893: [GC (Allocation Failure) 9102.893: [ParNew
Desired survivor size 8716288 bytes, new threshold 6 (max 6)
- age   1:      82424 bytes,      82424 total
- age   2:      14184 bytes,      96608 total
- age   3:        232 bytes,      96840 total
- age   4:     310520 bytes,     407360 total
- age   6:        968 bytes,     408328 total
: 136855K->714K(153344K), 0.0062760 secs] 311496K->175355K(1031552K), 0.0064058 secs] [Times: user=0.01 sys=0.00, real=0.00 secs] 
2016-08-24T16:39:43.978+0000: 9102.899: Total time for which application threads were stopped: 0.0072598 seconds, Stopping threads took: 0.0000988 seconds
2016-08-24T16:39:44.019+0000: 9102.941: [GC (Allocation Failure) 9102.941: [ParNew
Desired survivor size 8716288 bytes, new threshold 6 (max 6)
- age   1:      77080 bytes,      77080 total
- age   3:       1096 bytes,      78176 total
- age   4:        232 bytes,      78408 total
- age   5:     308672 bytes,     387080 total
: 137034K->477K(153344K), 0.0064744 secs] 311675K->175119K(1031552K), 0.0065922 secs] [Times: user=0.02 sys=0.00, real=0.01 secs] 
2016-08-24T16:39:44.026+0000: 9102.948: Total time for which application threads were stopped: 0.0074134 seconds, Stopping threads took: 0.0001032 seconds
2016-08-24T16:39:44.067+0000: 9102.988: [GC (Allocation Failure) 9102.988: [ParNew
Desired survivor size 8716288 bytes, new threshold 6 (max 6)
- age   1:      81168 bytes,      81168 total
- age   2:      17104 bytes,      98272 total
- age   4:       1096 bytes,      99368 total
- age   5:        232 bytes,      99600 total
- age   6:     308672 bytes,     408272 total
: 136797K->662K(153344K), 0.0066701 secs] 311439K->175305K(1031552K), 0.0067868 secs] [Times: user=0.01 sys=0.00, real=0.01 secs] 
2016-08-24T16:39:44.074+0000: 9102.995: Total time for which application threads were stopped: 0.0076697 seconds, Stopping threads took: 0.0001130 seconds
2016-08-24T16:39:44.113+0000: 9103.034: [GC (Allocation Failure) 9103.034: [ParNew
Desired survivor size 8716288 bytes, new threshold 6 (max 6)
- age   1:      82048 bytes,      82048 total
- age   3:       1000 bytes,      83048 total
- age   5:       1064 bytes,      84112 total
- age   6:        232 bytes,      84344 total
: 136982K->248K(153344K), 0.0065668 secs] 311625K->175196K(1031552K), 0.0066976 secs] [Times: user=0.01 sys=0.00, real=0.00 secs] 
2016-08-24T16:39:44.119+0000: 9103.041: Total time for which application threads were stopped: 0.0076218 seconds, Stopping threads took: 0.0001021 seconds
2016-08-24T16:39:44.157+0000: 9103.079: [GC (Allocation Failure) 9103.079: [ParNew
Desired survivor size 8716288 bytes, new threshold 6 (max 6)
- age   1:      81224 bytes,      81224 total
- age   2:      20016 bytes,     101240 total
- age   4:       1000 bytes,     102240 total
- age   6:       1064 bytes,     103304 total
: 136568K->166K(153344K), 0.0059594 secs] 311516K->175114K(1031552K), 0.0060789 secs] [Times: user=0.01 sys=0.00, real=0.01 secs] 
2016-08-24T16:39:44.163+0000: 9103.085: Total time for which application threads were stopped: 0.0069341 seconds, Stopping threads took: 0.0001219 seconds
2016-08-24T16:39:44.205+0000: 9103.127: [GC (Allocation Failure) 9103.127: [ParNew
Desired survivor size 8716288 bytes, new threshold 6 (max 6)
- age   1:      73464 bytes,      73464 total
- age   3:       1000 bytes,      74464 total
- age   5:        968 bytes,      75432 total
: 136486K->99K(153344K), 0.0061700 secs] 311434K->175049K(1031552K), 0.0062889 secs] [Times: user=0.01 sys=0.00, real=0.01 secs] 
2016-08-24T16:39:44.211+0000: 9103.133: Total time for which application threads were stopped: 0.0071771 seconds, Stopping threads took: 0.0001048 seconds
2016-08-24T16:39:44.252+0000: 9103.173: [GC (Allocation Failure) 9103.173: [ParNew
Desired survivor size 8716288 bytes, new threshold 6 (max 6)
- age   1:      57552 bytes,      57552 total
- age   2:       1000 bytes,      58552 total
- age   4:        968 bytes,      59520 total
- age   6:        968 bytes,      60488 total
: 136419K->71K(153344K), 0.0060633 secs] 311369K->175021K(1031552K), 0.0061771 secs] [Times: user=0.01 sys=0.00, real=0.00 secs] 
2016-08-24T16:39:44.258+0000: 9103.180: Total time for which application threads were stopped: 0.0070042 seconds, Stopping threads took: 0.0000987 seconds
2016-08-24T16:39:44.299+0000: 9103.220: [GC (Allocation Failure) 9103.221: [ParNew
Desired survivor size 8716288 bytes, new threshold 6 (max 6)
- age   1:      68392 bytes,      68392 total
- age   2:       4736 bytes,      73128 total
- age   3:       1000 bytes,      74128 total
- age   5:        968 bytes,      75096 total
: 136391K->79K(153344K), 0.0061794 secs] 311341K->175029K(1031552K), 0.0063074 secs] [Times: user=0.01 sys=0.00, real=0.01 secs] 
2016-08-24T16:39:44.305+0000: 9103.227: Total time for which application threads were stopped: 0.0071363 seconds, Stopping threads took: 0.0001069 seconds
2016-08-24T16:39:54.445+0000: 9113.366: [GC (Allocation Failure) 9113.366: [ParNew
Desired survivor size 8716288 bytes, new threshold 6 (max 6)
- age   1:    1088200 bytes,    1088200 total
- age   3:        968 bytes,    1089168 total
- age   4:        968 bytes,    1090136 total
- age   6:        968 bytes,    1091104 total
: 136399K->1095K(153344K), 0.0081367 secs] 311349K->176045K(1031552K), 0.0082764 secs] [Times: user=0.01 sys=0.00, real=0.01 secs] 
2016-08-24T16:39:54.453+0000: 9113.375: Total time for which application threads were stopped: 0.0091993 seconds, Stopping threads took: 0.0001080 seconds
2016-08-24T16:39:54.493+0000: 9113.414: [GC (Allocation Failure) 9113.414: [ParNew
Desired survivor size 8716288 bytes, new threshold 6 (max 6)
- age   1:      74456 bytes,      74456 total
- age   2:     286672 bytes,     361128 total
- age   4:        968 bytes,     362096 total
- age   5:        968 bytes,     363064 total
: 137415K->495K(153344K), 0.0062436 secs] 312365K->175447K(1031552K), 0.0063539 secs] [Times: user=0.01 sys=0.00, real=0.00 secs] 
2016-08-24T16:39:54.499+0000: 9113.421: Total time for which application threads were stopped: 0.0072045 seconds, Stopping threads took: 0.0001127 seconds
2016-08-24T16:39:54.541+0000: 9113.462: [GC (Allocation Failure) 9113.462: [ParNew
Desired survivor size 8716288 bytes, new threshold 6 (max 6)
- age   1:      55544 bytes,      55544 total
- age   2:        160 bytes,      55704 total
- age   3:     280880 bytes,     336584 total
- age   5:        968 bytes,     337552 total
- age   6:        968 bytes,     338520 total
: 136815K->480K(153344K), 0.0058397 secs] 311767K->175432K(1031552K), 0.0059599 secs] [Times: user=0.01 sys=0.00, real=0.00 secs] 
2016-08-24T16:39:54.547+0000: 9113.468: Total time for which application threads were stopped: 0.0068587 seconds, Stopping threads took: 0.0001033 seconds
2016-08-24T16:39:54.586+0000: 9113.507: [GC (Allocation Failure) 9113.507: [ParNew
Desired survivor size 8716288 bytes, new threshold 6 (max 6)
- age   1:      75088 bytes,      75088 total
- age   2:       7720 bytes,      82808 total
- age   3:        160 bytes,      82968 total
- age   4:     280880 bytes,     363848 total
- age   6:        968 bytes,     364816 total
: 136800K->480K(153344K), 0.0058437 secs] 311752K->175433K(1031552K), 0.0059764 secs] [Times: user=0.01 sys=0.00, real=0.01 secs] 
2016-08-24T16:39:54.592+0000: 9113.513: Total time for which application threads were stopped: 0.0067952 seconds, Stopping threads took: 0.0000996 seconds
2016-08-24T16:39:54.633+0000: 9113.555: [GC (Allocation Failure) 9113.555: [ParNew
Desired survivor size 8716288 bytes, new threshold 6 (max 6)
- age   1:      53944 bytes,      53944 total
- age   3:       1344 bytes,      55288 total
- age   4:        160 bytes,      55448 total
- age   5:     279032 bytes,     334480 total
: 136800K->349K(153344K), 0.0061061 secs] 311753K->175302K(1031552K), 0.0062020 secs] [Times: user=0.01 sys=0.00, real=0.00 secs] 
2016-08-24T16:39:54.640+0000: 9113.561: Total time for which application threads were stopped: 0.0070127 seconds, Stopping threads took: 0.0001021 seconds
2016-08-24T16:39:54.677+0000: 9113.599: [GC (Allocation Failure) 9113.599: [ParNew
Desired survivor size 8716288 bytes, new threshold 6 (max 6)
- age   1:      68248 bytes,      68248 total
- age   2:      10288 bytes,      78536 total
- age   4:       1344 bytes,      79880 total
- age   5:        160 bytes,      80040 total
- age   6:     279032 bytes,     359072 total
: 136669K->482K(153344K), 0.0065883 secs] 311622K->175435K(1031552K), 0.0067189 secs] [Times: user=0.01 sys=0.00, real=0.01 secs] 
2016-08-24T16:39:54.684+0000: 9113.606: Total time for which application threads were stopped: 0.0075633 seconds, Stopping threads took: 0.0001068 seconds
2016-08-24T16:39:54.724+0000: 9113.646: [GC (Allocation Failure) 9113.646: [ParNew
Desired survivor size 8716288 bytes, new threshold 6 (max 6)
- age   1:      75864 bytes,      75864 total
- age   3:       1000 bytes,      76864 total
- age   5:       1312 bytes,      78176 total
- age   6:        160 bytes,      78336 total
: 136802K->348K(153344K), 0.0059176 secs] 311755K->175579K(1031552K), 0.0060209 secs] [Times: user=0.01 sys=0.00, real=0.01 secs] 
2016-08-24T16:39:54.730+0000: 9113.652: Total time for which application threads were stopped: 0.0068141 seconds, Stopping threads took: 0.0000980 seconds
2016-08-24T16:39:54.769+0000: 9113.690: [GC (Allocation Failure) 9113.690: [ParNew
Desired survivor size 8716288 bytes, new threshold 6 (max 6)
- age   1:      61544 bytes,      61544 total
- age   2:      13832 bytes,      75376 total
- age   4:       1000 bytes,      76376 total
- age   6:       1312 bytes,      77688 total
: 136668K->119K(153344K), 0.0055977 secs] 311899K->175350K(1031552K), 0.0057195 secs] [Times: user=0.02 sys=0.00, real=0.00 secs] 
2016-08-24T16:39:54.775+0000: 9113.696: Total time for which application threads were stopped: 0.0065665 seconds, Stopping threads took: 0.0001029 seconds
2016-08-24T16:39:54.815+0000: 9113.737: [GC (Allocation Failure) 9113.737: [ParNew
Desired survivor size 8716288 bytes, new threshold 6 (max 6)
- age   1:      70176 bytes,      70176 total
- age   3:       1000 bytes,      71176 total
- age   5:        968 bytes,      72144 total
: 136439K->106K(153344K), 0.0051050 secs] 311670K->175338K(1031552K), 0.0051877 secs] [Times: user=0.01 sys=0.00, real=0.01 secs] 
2016-08-24T16:39:54.821+0000: 9113.742: Total time for which application threads were stopped: 0.0059663 seconds, Stopping threads took: 0.0000924 seconds
2016-08-24T16:39:54.858+0000: 9113.780: [GC (Allocation Failure) 9113.780: [ParNew
Desired survivor size 8716288 bytes, new threshold 6 (max 6)
- age   1:      67840 bytes,      67840 total
- age   2:      15968 bytes,      83808 total
- age   4:       1000 bytes,      84808 total
- age   6:        968 bytes,      85776 total
: 136426K->92K(153344K), 0.0061311 secs] 311658K->175324K(1031552K), 0.0062604 secs] [Times: user=0.02 sys=0.00, real=0.01 secs] 
2016-08-24T16:39:54.865+0000: 9113.786: Total time for which application threads were stopped: 0.0071027 seconds, Stopping threads took: 0.0000972 seconds
2016-08-24T16:39:54.905+0000: 9113.827: [GC (Allocation Failure) 9113.827: [ParNew
Desired survivor size 8716288 bytes, new threshold 6 (max 6)
- age   1:      75728 bytes,      75728 total
- age   3:       1000 bytes,      76728 total
- age   5:        968 bytes,      77696 total
: 136412K->99K(153344K), 0.0053735 secs] 311644K->175331K(1031552K), 0.0054629 secs] [Times: user=0.01 sys=0.00, real=0.01 secs] 
2016-08-24T16:39:54.911+0000: 9113.832: Total time for which application threads were stopped: 0.0062644 seconds, Stopping threads took: 0.0001202 seconds
2016-08-24T16:39:54.949+0000: 9113.871: [GC (Allocation Failure) 9113.871: [ParNew
Desired survivor size 8716288 bytes, new threshold 6 (max 6)
- age   1:      75208 bytes,      75208 total
- age   2:      19336 bytes,      94544 total
- age   4:       1000 bytes,      95544 total
- age   6:        968 bytes,      96512 total
: 136419K->116K(153344K), 0.0056085 secs] 311651K->175349K(1031552K), 0.0057190 secs] [Times: user=0.01 sys=0.00, real=0.00 secs] 
2016-08-24T16:39:54.955+0000: 9113.877: Total time for which application threads were stopped: 0.0065644 seconds, Stopping threads took: 0.0001065 seconds
2016-08-24T16:39:55.956+0000: 9114.877: Total time for which application threads were stopped: 0.0006081 seconds, Stopping threads took: 0.0000770 seconds
2016-08-24T16:40:00.957+0000: 9119.879: Total time for which application threads were stopped: 0.0006377 seconds, Stopping threads took: 0.0001080 seconds
2016-08-24T16:40:04.390+0000: 9123.312: [GC (Allocation Failure) 9123.312: [ParNew
Desired survivor size 8716288 bytes, new threshold 6 (max 6)
- age   1:     960840 bytes,     960840 total
- age   3:        968 bytes,     961808 total
- age   5:        968 bytes,     962776 total
: 136436K->985K(153344K), 0.0079102 secs] 311669K->176218K(1031552K), 0.0080482 secs] [Times: user=0.02 sys=0.00, real=0.00 secs] 
2016-08-24T16:40:04.399+0000: 9123.320: Total time for which application threads were stopped: 0.0088818 seconds, Stopping threads took: 0.0000987 seconds
2016-08-24T16:40:04.441+0000: 9123.363: [GC (Allocation Failure) 9123.363: [ParNew
Desired survivor size 8716288 bytes, new threshold 6 (max 6)
- age   1:      86384 bytes,      86384 total
- age   2:     302832 bytes,     389216 total
- age   4:        968 bytes,     390184 total
- age   6:        968 bytes,     391152 total
: 137305K->538K(153344K), 0.0068917 secs] 312538K->175772K(1031552K), 0.0070376 secs] [Times: user=0.01 sys=0.00, real=0.01 secs] 
2016-08-24T16:40:04.448+0000: 9123.370: Total time for which application threads were stopped: 0.0081328 seconds, Stopping threads took: 0.0001082 seconds
2016-08-24T16:40:04.491+0000: 9123.412: [GC (Allocation Failure) 9123.412: [ParNew
Desired survivor size 8716288 bytes, new threshold 6 (max 6)
- age   1:      68696 bytes,      68696 total
- age   3:     282808 bytes,     351504 total
- age   5:        968 bytes,     352472 total
: 136858K->523K(153344K), 0.0063940 secs] 312092K->175757K(1031552K), 0.0065126 secs] [Times: user=0.01 sys=0.00, real=0.00 secs] 
2016-08-24T16:40:04.497+0000: 9123.419: Total time for which application threads were stopped: 0.0073480 seconds, Stopping threads took: 0.0001000 seconds
2016-08-24T16:40:04.537+0000: 9123.458: [GC (Allocation Failure) 9123.458: [ParNew
Desired survivor size 8716288 bytes, new threshold 6 (max 6)
- age   1:      53320 bytes,      53320 total
- age   2:       1096 bytes,      54416 total
- age   4:     280960 bytes,     335376 total
- age   6:        968 bytes,     336344 total
: 136843K->506K(153344K), 0.0064391 secs] 312077K->175740K(1031552K), 0.0065509 secs] [Times: user=0.01 sys=0.00, real=0.01 secs] 
2016-08-24T16:40:04.543+0000: 9123.465: Total time for which application threads were stopped: 0.0074113 seconds, Stopping threads took: 0.0000904 seconds
2016-08-24T16:40:04.584+0000: 9123.505: [GC (Allocation Failure) 9123.505: [ParNew
Desired survivor size 8716288 bytes, new threshold 6 (max 6)
- age   1:      77464 bytes,      77464 total
- age   2:       4360 bytes,      81824 total
- age   3:       1096 bytes,      82920 total
- age   5:     280960 bytes,     363880 total
: 136826K->479K(153344K), 0.0064488 secs] 312060K->175715K(1031552K), 0.0065694 secs] [Times: user=0.02 sys=0.00, real=0.01 secs] 
2016-08-24T16:40:04.590+0000: 9123.512: Total time for which application threads were stopped: 0.0073897 seconds, Stopping threads took: 0.0001027 seconds
2016-08-24T16:40:04.630+0000: 9123.551: [GC (Allocation Failure) 9123.551: [ParNew
Desired survivor size 8716288 bytes, new threshold 6 (max 6)
- age   1:      60184 bytes,      60184 total
- age   3:       1000 bytes,      61184 total
- age   4:       1064 bytes,      62248 total
- age   6:     279144 bytes,     341392 total
: 136799K->504K(153344K), 0.0061839 secs] 312035K->175740K(1031552K), 0.0062971 secs] [Times: user=0.01 sys=0.00, real=0.00 secs] 
2016-08-24T16:40:04.636+0000: 9123.557: Total time for which application threads were stopped: 0.0071446 seconds, Stopping threads took: 0.0001174 seconds
2016-08-24T16:40:04.676+0000: 9123.598: [GC (Allocation Failure) 9123.598: [ParNew
Desired survivor size 8716288 bytes, new threshold 6 (max 6)
- age   1:      69448 bytes,      69448 total
- age   2:       6688 bytes,      76136 total
- age   4:       1000 bytes,      77136 total
- age   5:       1064 bytes,      78200 total
: 136824K->338K(153344K), 0.0084454 secs] 312060K->175852K(1031552K), 0.0085760 secs] [Times: user=0.00 sys=0.01, real=0.01 secs] 
2016-08-24T16:40:04.685+0000: 9123.606: Total time for which application threads were stopped: 0.0094007 seconds, Stopping threads took: 0.0001060 seconds
2016-08-24T16:40:04.726+0000: 9123.648: [GC (Allocation Failure) 9123.648: [ParNew
Desired survivor size 8716288 bytes, new threshold 6 (max 6)
- age   1:      51104 bytes,      51104 total
- age   3:       1000 bytes,      52104 total
- age   5:        968 bytes,      53072 total
- age   6:       1064 bytes,      54136 total
: 136658K->118K(153344K), 0.0061065 secs] 312172K->175632K(1031552K), 0.0062222 secs] [Times: user=0.01 sys=0.00, real=0.01 secs] 
2016-08-24T16:40:04.732+0000: 9123.654: Total time for which application threads were stopped: 0.0070553 seconds, Stopping threads took: 0.0001011 seconds
2016-08-24T16:40:04.773+0000: 9123.694: [GC (Allocation Failure) 9123.694: [ParNew
Desired survivor size 8716288 bytes, new threshold 6 (max 6)
- age   1:      70856 bytes,      70856 total
- age   2:       9608 bytes,      80464 total
- age   4:       1000 bytes,      81464 total
- age   6:        968 bytes,      82432 total
: 136438K->84K(153344K), 0.0061862 secs] 311952K->175599K(1031552K), 0.0063022 secs] [Times: user=0.01 sys=0.00, real=0.00 secs] 
2016-08-24T16:40:04.779+0000: 9123.701: Total time for which application threads were stopped: 0.0071655 seconds, Stopping threads took: 0.0001016 seconds
2016-08-24T16:40:04.821+0000: 9123.743: [GC (Allocation Failure) 9123.743: [ParNew
Desired survivor size 8716288 bytes, new threshold 6 (max 6)
- age   1:      57952 bytes,      57952 total
- age   3:       1000 bytes,      58952 total
- age   5:        968 bytes,      59920 total
: 136404K->98K(153344K), 0.0061413 secs] 311919K->175614K(1031552K), 0.0062530 secs] [Times: user=0.02 sys=0.00, real=0.00 secs] 
2016-08-24T16:40:04.828+0000: 9123.749: Total time for which application threads were stopped: 0.0070686 seconds, Stopping threads took: 0.0001006 seconds
2016-08-24T16:40:04.867+0000: 9123.789: [GC (Allocation Failure) 9123.789: [ParNew
Desired survivor size 8716288 bytes, new threshold 6 (max 6)
- age   1:      68768 bytes,      68768 total
- age   2:      13776 bytes,      82544 total
- age   4:       1000 bytes,      83544 total
- age   6:        968 bytes,      84512 total
: 136418K->91K(153344K), 0.0065719 secs] 311934K->175607K(1031552K), 0.0066936 secs] [Times: user=0.01 sys=0.00, real=0.01 secs] 
2016-08-24T16:40:04.874+0000: 9123.795: Total time for which application threads were stopped: 0.0075443 seconds, Stopping threads took: 0.0000978 seconds
2016-08-24T16:40:13.829+0000: 9132.751: [GC (Allocation Failure) 9132.751: [ParNew
Desired survivor size 8716288 bytes, new threshold 6 (max 6)
- age   1:     833888 bytes,     833888 total
- age   3:        968 bytes,     834856 total
- age   5:        968 bytes,     835824 total
: 136411K->824K(153344K), 0.0081691 secs] 311927K->176341K(1031552K), 0.0083000 secs] [Times: user=0.02 sys=0.00, real=0.00 secs] 
2016-08-24T16:40:13.838+0000: 9132.759: Total time for which application threads were stopped: 0.0091154 seconds, Stopping threads took: 0.0000981 seconds
2016-08-24T16:40:13.879+0000: 9132.800: [GC (Allocation Failure) 9132.800: [ParNew
Desired survivor size 8716288 bytes, new threshold 6 (max 6)
- age   1:      78360 bytes,      78360 total
- age   2:     228256 bytes,     306616 total
- age   4:        968 bytes,     307584 total
- age   6:        968 bytes,     308552 total
: 137144K->392K(153344K), 0.0063664 secs] 312661K->175909K(1031552K), 0.0064784 secs] [Times: user=0.01 sys=0.00, real=0.01 secs] 
2016-08-24T16:40:13.885+0000: 9132.807: Total time for which application threads were stopped: 0.0073176 seconds, Stopping threads took: 0.0001027 seconds
2016-08-24T16:40:13.928+0000: 9132.849: [GC (Allocation Failure) 9132.849: [ParNew
Desired survivor size 8716288 bytes, new threshold 6 (max 6)
- age   1:      73720 bytes,      73720 total
- age   2:         72 bytes,      73792 total
- age   3:     213960 bytes,     287752 total
- age   5:        968 bytes,     288720 total
: 136712K->399K(153344K), 0.0066124 secs] 312229K->175917K(1031552K), 0.0067516 secs] [Times: user=0.02 sys=0.00, real=0.01 secs] 
2016-08-24T16:40:13.935+0000: 9132.856: Total time for which application threads were stopped: 0.0076010 seconds, Stopping threads took: 0.0001013 seconds
2016-08-24T16:40:13.976+0000: 9132.897: [GC (Allocation Failure) 9132.897: [ParNew
Desired survivor size 8716288 bytes, new threshold 6 (max 6)
- age   1:      67008 bytes,      67008 total
- age   2:      15360 bytes,      82368 total
- age   3:         72 bytes,      82440 total
- age   4:     213960 bytes,     296400 total
- age   6:        968 bytes,     297368 total
: 136719K->403K(153344K), 0.0067450 secs] 312237K->175921K(1031552K), 0.0068670 secs] [Times: user=0.01 sys=0.00, real=0.01 secs] 
2016-08-24T16:40:13.983+0000: 9132.904: Total time for which application threads were stopped: 0.0076993 seconds, Stopping threads took: 0.0000977 seconds
2016-08-24T16:40:14.025+0000: 9132.947: [GC (Allocation Failure) 9132.947: [ParNew
Desired survivor size 8716288 bytes, new threshold 6 (max 6)
- age   1:      79104 bytes,      79104 total
- age   3:       1096 bytes,      80200 total
- age   4:         72 bytes,      80272 total
- age   5:     212112 bytes,     292384 total
: 136723K->416K(153344K), 0.0060721 secs] 312241K->175935K(1031552K), 0.0061766 secs] [Times: user=0.02 sys=0.00, real=0.01 secs] 
2016-08-24T16:40:14.032+0000: 9132.953: Total time for which application threads were stopped: 0.0069829 seconds, Stopping threads took: 0.0001210 seconds
2016-08-24T16:40:14.072+0000: 9132.994: [GC (Allocation Failure) 9132.994: [ParNew
Desired survivor size 8716288 bytes, new threshold 6 (max 6)
- age   1:      74976 bytes,      74976 total
- age   2:      18616 bytes,      93592 total
- age   4:       1096 bytes,      94688 total
- age   5:         72 bytes,      94760 total
- age   6:     212112 bytes,     306872 total
: 136736K->410K(153344K), 0.0069255 secs] 312255K->175929K(1031552K), 0.0070540 secs] [Times: user=0.01 sys=0.00, real=0.00 secs] 
2016-08-24T16:40:14.079+0000: 9133.001: Total time for which application threads were stopped: 0.0079238 seconds, Stopping threads took: 0.0001022 seconds
2016-08-24T16:40:14.122+0000: 9133.043: [GC (Allocation Failure) 9133.044: [ParNew
Desired survivor size 8716288 bytes, new threshold 6 (max 6)
- age   1:      67928 bytes,      67928 total
- age   3:       1000 bytes,      68928 total
- age   5:       1064 bytes,      69992 total
- age   6:         72 bytes,      70064 total
: 136730K->297K(153344K), 0.0062006 secs] 312249K->176026K(1031552K), 0.0062912 secs] [Times: user=0.02 sys=0.00, real=0.01 secs] 
2016-08-24T16:40:14.128+0000: 9133.050: Total time for which application threads were stopped: 0.0070839 seconds, Stopping threads took: 0.0001032 seconds
2016-08-24T16:40:14.170+0000: 9133.091: [GC (Allocation Failure) 9133.091: [ParNew
Desired survivor size 8716288 bytes, new threshold 6 (max 6)
- age   1:      56928 bytes,      56928 total
- age   2:       1000 bytes,      57928 total
- age   4:       1000 bytes,      58928 total
- age   6:       1064 bytes,      59992 total
: 136617K->109K(153344K), 0.0060721 secs] 312346K->175837K(1031552K), 0.0061781 secs] [Times: user=0.01 sys=0.00, real=0.00 secs] 
2016-08-24T16:40:14.176+0000: 9133.097: Total time for which application threads were stopped: 0.0069645 seconds, Stopping threads took: 0.0000940 seconds
2016-08-24T16:40:14.216+0000: 9133.138: [GC (Allocation Failure) 9133.138: [ParNew
Desired survivor size 8716288 bytes, new threshold 6 (max 6)
- age   1:      80616 bytes,      80616 total
- age   2:       4280 bytes,      84896 total
- age   3:       1000 bytes,      85896 total
- age   5:       1000 bytes,      86896 total
: 136429K->105K(153344K), 0.0068407 secs] 312157K->175834K(1031552K), 0.0069815 secs] [Times: user=0.01 sys=0.00, real=0.01 secs] 
2016-08-24T16:40:14.223+0000: 9133.145: Total time for which application threads were stopped: 0.0078334 seconds, Stopping threads took: 0.0001041 seconds
2016-08-24T16:40:14.266+0000: 9133.187: [GC (Allocation Failure) 9133.187: [ParNew
Desired survivor size 8716288 bytes, new threshold 6 (max 6)
- age   1:      59168 bytes,      59168 total
- age   3:       1000 bytes,      60168 total
- age   4:        968 bytes,      61136 total
- age   6:       1000 bytes,      62136 total
: 136425K->75K(153344K), 0.0060371 secs] 312154K->175805K(1031552K), 0.0061507 secs] [Times: user=0.01 sys=0.00, real=0.01 secs] 
2016-08-24T16:40:14.272+0000: 9133.194: Total time for which application threads were stopped: 0.0069915 seconds, Stopping threads took: 0.0001010 seconds
2016-08-24T16:40:14.312+0000: 9133.233: [GC (Allocation Failure) 9133.233: [ParNew
Desired survivor size 8716288 bytes, new threshold 6 (max 6)
- age   1:      67888 bytes,      67888 total
- age   2:       6568 bytes,      74456 total
- age   4:       1000 bytes,      75456 total
- age   5:        968 bytes,      76424 total
: 136395K->97K(153344K), 0.0064834 secs] 312125K->175827K(1031552K), 0.0066078 secs] [Times: user=0.01 sys=0.00, real=0.00 secs] 
2016-08-24T16:40:14.318+0000: 9133.240: Total time for which application threads were stopped: 0.0074888 seconds, Stopping threads took: 0.0001302 seconds
2016-08-24T16:40:20.320+0000: 9139.242: Total time for which application threads were stopped: 0.0006660 seconds, Stopping threads took: 0.0001108 seconds
2016-08-24T16:40:23.816+0000: 9142.737: [GC (Allocation Failure) 9142.737: [ParNew
Desired survivor size 8716288 bytes, new threshold 6 (max 6)
- age   1:    1388176 bytes,    1388176 total
- age   3:        968 bytes,    1389144 total
- age   5:        968 bytes,    1390112 total
- age   6:        968 bytes,    1391080 total
: 136417K->1388K(153344K), 0.0093054 secs] 312147K->177118K(1031552K), 0.0094527 secs] [Times: user=0.02 sys=0.00, real=0.01 secs] 
2016-08-24T16:40:23.826+0000: 9142.747: Total time for which application threads were stopped: 0.0103857 seconds, Stopping threads took: 0.0001077 seconds
2016-08-24T16:40:23.864+0000: 9142.785: [GC (Allocation Failure) 9142.785: [ParNew
Desired survivor size 8716288 bytes, new threshold 6 (max 6)
- age   1:      84976 bytes,      84976 total
- age   2:     351888 bytes,     436864 total
- age   4:        968 bytes,     437832 total
- age   6:        968 bytes,     438800 total
: 137708K->607K(153344K), 0.0066325 secs] 313438K->176339K(1031552K), 0.0067425 secs] [Times: user=0.01 sys=0.00, real=0.01 secs] 
2016-08-24T16:40:23.871+0000: 9142.792: Total time for which application threads were stopped: 0.0075546 seconds, Stopping threads took: 0.0001009 seconds
2016-08-24T16:40:23.913+0000: 9142.834: [GC (Allocation Failure) 9142.834: [ParNew
Desired survivor size 8716288 bytes, new threshold 6 (max 6)
- age   1:      56504 bytes,      56504 total
- age   2:        232 bytes,      56736 total
- age   3:     345464 bytes,     402200 total
- age   5:        968 bytes,     403168 total
: 136927K->588K(153344K), 0.0061076 secs] 312659K->176321K(1031552K), 0.0062229 secs] [Times: user=0.02 sys=0.00, real=0.00 secs] 
2016-08-24T16:40:23.919+0000: 9142.841: Total time for which application threads were stopped: 0.0070567 seconds, Stopping threads took: 0.0000967 seconds
2016-08-24T16:40:23.960+0000: 9142.881: [GC (Allocation Failure) 9142.881: [ParNew
Desired survivor size 8716288 bytes, new threshold 6 (max 6)
- age   1:      79488 bytes,      79488 total
- age   2:       8304 bytes,      87792 total
- age   3:        232 bytes,      88024 total
- age   4:     345464 bytes,     433488 total
- age   6:        968 bytes,     434456 total
: 136908K->757K(153344K), 0.0066449 secs] 312641K->176489K(1031552K), 0.0067566 secs] [Times: user=0.01 sys=0.00, real=0.01 secs] 
2016-08-24T16:40:23.966+0000: 9142.888: Total time for which application threads were stopped: 0.0075911 seconds, Stopping threads took: 0.0001020 seconds
2016-08-24T16:40:24.006+0000: 9142.928: [GC (Allocation Failure) 9142.928: [ParNew
Desired survivor size 8716288 bytes, new threshold 6 (max 6)
- age   1:      65768 bytes,      65768 total
- age   3:       1096 bytes,      66864 total
- age   4:        232 bytes,      67096 total
- age   5:     343616 bytes,     410712 total
: 137077K->507K(153344K), 0.0066438 secs] 312809K->176240K(1031552K), 0.0067661 secs] [Times: user=0.01 sys=0.00, real=0.01 secs] 
2016-08-24T16:40:24.013+0000: 9142.934: Total time for which application threads were stopped: 0.0075746 seconds, Stopping threads took: 0.0000995 seconds
2016-08-24T16:40:24.057+0000: 9142.979: [GC (Allocation Failure) 9142.979: [ParNew
Desired survivor size 8716288 bytes, new threshold 6 (max 6)
- age   1:      72256 bytes,      72256 total
- age   2:      11544 bytes,      83800 total
- age   4:       1096 bytes,      84896 total
- age   5:        232 bytes,      85128 total
- age   6:     343616 bytes,     428744 total
: 136827K->705K(153344K), 0.0059966 secs] 312560K->176438K(1031552K), 0.0061003 secs] [Times: user=0.01 sys=0.00, real=0.01 secs] 
2016-08-24T16:40:24.064+0000: 9142.985: Total time for which application threads were stopped: 0.0068849 seconds, Stopping threads took: 0.0000957 seconds
2016-08-24T16:40:24.105+0000: 9143.027: [GC (Allocation Failure) 9143.027: [ParNew
Desired survivor size 8716288 bytes, new threshold 6 (max 6)
- age   1:      68584 bytes,      68584 total
- age   3:       1000 bytes,      69584 total
- age   5:       1064 bytes,      70648 total
- age   6:        232 bytes,      70880 total
: 137025K->262K(153344K), 0.0065714 secs] 312758K->176336K(1031552K), 0.0066800 secs] [Times: user=0.02 sys=0.00, real=0.01 secs] 
2016-08-24T16:40:24.112+0000: 9143.033: Total time for which application threads were stopped: 0.0074865 seconds, Stopping threads took: 0.0001009 seconds
2016-08-24T16:40:24.151+0000: 9143.073: [GC (Allocation Failure) 9143.073: [ParNew
Desired survivor size 8716288 bytes, new threshold 6 (max 6)
- age   1:      81272 bytes,      81272 total
- age   2:      14360 bytes,      95632 total
- age   4:       1000 bytes,      96632 total
- age   6:       1064 bytes,      97696 total
: 136582K->127K(153344K), 0.0058713 secs] 312656K->176202K(1031552K), 0.0059760 secs] [Times: user=0.01 sys=0.00, real=0.00 secs] 
2016-08-24T16:40:24.157+0000: 9143.079: Total time for which application threads were stopped: 0.0067795 seconds, Stopping threads took: 0.0000973 seconds
2016-08-24T16:40:24.197+0000: 9143.119: [GC (Allocation Failure) 9143.119: [ParNew
Desired survivor size 8716288 bytes, new threshold 6 (max 6)
- age   1:      60392 bytes,      60392 total
- age   3:       1000 bytes,      61392 total
- age   5:        968 bytes,      62360 total
: 136447K->96K(153344K), 0.0056611 secs] 312522K->176172K(1031552K), 0.0057681 secs] [Times: user=0.01 sys=0.00, real=0.01 secs] 
2016-08-24T16:40:24.203+0000: 9143.125: Total time for which application threads were stopped: 0.0065885 seconds, Stopping threads took: 0.0001020 seconds
2016-08-24T16:40:24.245+0000: 9143.166: [GC (Allocation Failure) 9143.166: [ParNew
Desired survivor size 8716288 bytes, new threshold 6 (max 6)
- age   1:      74696 bytes,      74696 total
- age   2:      17560 bytes,      92256 total
- age   4:       1000 bytes,      93256 total
- age   6:        968 bytes,      94224 total
: 136416K->110K(153344K), 0.0053350 secs] 312492K->176186K(1031552K), 0.0054363 secs] [Times: user=0.01 sys=0.00, real=0.01 secs] 
2016-08-24T16:40:24.250+0000: 9143.172: Total time for which application threads were stopped: 0.0062603 seconds, Stopping threads took: 0.0001016 seconds
2016-08-24T16:40:24.290+0000: 9143.211: [GC (Allocation Failure) 9143.211: [ParNew
Desired survivor size 8716288 bytes, new threshold 6 (max 6)
- age   1:      62056 bytes,      62056 total
- age   3:       1000 bytes,      63056 total
- age   5:        968 bytes,      64024 total
: 136430K->108K(153344K), 0.0053468 secs] 312506K->176185K(1031552K), 0.0054479 secs] [Times: user=0.01 sys=0.00, real=0.00 secs] 
2016-08-24T16:40:24.295+0000: 9143.217: Total time for which application threads were stopped: 0.0062413 seconds, Stopping threads took: 0.0000986 seconds
2016-08-24T16:40:24.334+0000: 9143.255: [GC (Allocation Failure) 9143.255: [ParNew
Desired survivor size 8716288 bytes, new threshold 6 (max 6)
- age   1:      84128 bytes,      84128 total
- age   2:      20592 bytes,     104720 total
- age   4:       1000 bytes,     105720 total
- age   6:        968 bytes,     106688 total
: 136428K->114K(153344K), 0.0053414 secs] 312505K->176190K(1031552K), 0.0054519 secs] [Times: user=0.01 sys=0.00, real=0.00 secs] 
2016-08-24T16:40:24.339+0000: 9143.261: Total time for which application threads were stopped: 0.0062321 seconds, Stopping threads took: 0.0000988 seconds
2016-08-24T16:40:31.706+0000: 9150.627: Total time for which application threads were stopped: 0.0020152 seconds, Stopping threads took: 0.0003985 seconds
2016-08-24T16:40:31.707+0000: 9150.629: Total time for which application threads were stopped: 0.0012081 seconds, Stopping threads took: 0.0001220 seconds
2016-08-24T16:40:31.709+0000: 9150.631: Total time for which application threads were stopped: 0.0013396 seconds, Stopping threads took: 0.0001292 seconds
2016-08-24T16:40:31.869+0000: 9150.791: Total time for which application threads were stopped: 0.0018644 seconds, Stopping threads took: 0.0002348 seconds
2016-08-24T16:40:31.871+0000: 9150.792: Total time for which application threads were stopped: 0.0012198 seconds, Stopping threads took: 0.0001322 seconds
2016-08-24T16:40:31.873+0000: 9150.794: Total time for which application threads were stopped: 0.0013323 seconds, Stopping threads took: 0.0001314 seconds
2016-08-24T16:40:34.489+0000: 9153.411: [GC (Allocation Failure) 9153.411: [ParNew
Desired survivor size 8716288 bytes, new threshold 6 (max 6)
- age   1:     885168 bytes,     885168 total
- age   3:        968 bytes,     886136 total
- age   5:        968 bytes,     887104 total
: 136434K->872K(153344K), 0.0075852 secs] 312510K->176949K(1031552K), 0.0077119 secs] [Times: user=0.02 sys=0.00, real=0.00 secs] 
2016-08-24T16:40:34.497+0000: 9153.418: Total time for which application threads were stopped: 0.0085475 seconds, Stopping threads took: 0.0001186 seconds
2016-08-24T16:40:34.537+0000: 9153.459: [GC (Allocation Failure) 9153.459: [ParNew
Desired survivor size 8716288 bytes, new threshold 6 (max 6)
- age   1:      63264 bytes,      63264 total
- age   2:     251168 bytes,     314432 total
- age   4:        968 bytes,     315400 total
- age   6:        968 bytes,     316368 total
: 137192K->479K(153344K), 0.0062623 secs] 313269K->176556K(1031552K), 0.0063826 secs] [Times: user=0.01 sys=0.00, real=0.01 secs] 
2016-08-24T16:40:34.544+0000: 9153.465: Total time for which application threads were stopped: 0.0072393 seconds, Stopping threads took: 0.0001216 seconds
2016-08-24T16:40:34.585+0000: 9153.507: [GC (Allocation Failure) 9153.507: [ParNew
Desired survivor size 8716288 bytes, new threshold 6 (max 6)
- age   1:      83288 bytes,      83288 total
- age   2:        336 bytes,      83624 total
- age   3:     229920 bytes,     313544 total
- age   5:        968 bytes,     314512 total
: 136799K->429K(153344K), 0.0058664 secs] 312876K->176507K(1031552K), 0.0059694 secs] [Times: user=0.01 sys=0.00, real=0.01 secs] 
2016-08-24T16:40:34.591+0000: 9153.513: Total time for which application threads were stopped: 0.0067758 seconds, Stopping threads took: 0.0000999 seconds
2016-08-24T16:40:34.633+0000: 9153.554: [GC (Allocation Failure) 9153.554: [ParNew
Desired survivor size 8716288 bytes, new threshold 6 (max 6)
- age   1:      68464 bytes,      68464 total
- age   2:       1096 bytes,      69560 total
- age   3:        336 bytes,      69896 total
- age   4:     228112 bytes,     298008 total
- age   6:        968 bytes,     298976 total
: 136749K->436K(153344K), 0.0059151 secs] 312827K->176514K(1031552K), 0.0060320 secs] [Times: user=0.01 sys=0.00, real=0.00 secs] 
2016-08-24T16:40:34.639+0000: 9153.560: Total time for which application threads were stopped: 0.0069147 seconds, Stopping threads took: 0.0001007 seconds
2016-08-24T16:40:34.678+0000: 9153.600: [GC (Allocation Failure) 9153.600: [ParNew
Desired survivor size 8716288 bytes, new threshold 6 (max 6)
- age   1:      77544 bytes,      77544 total
- age   2:       4736 bytes,      82280 total
- age   3:       1096 bytes,      83376 total
- age   4:        336 bytes,      83712 total
- age   5:     228072 bytes,     311784 total
: 136756K->422K(153344K), 0.0060296 secs] 312834K->176502K(1031552K), 0.0061372 secs] [Times: user=0.01 sys=0.00, real=0.01 secs] 
2016-08-24T16:40:34.684+0000: 9153.606: Total time for which application threads were stopped: 0.0069742 seconds, Stopping threads took: 0.0001303 seconds
2016-08-24T16:40:34.726+0000: 9153.647: [GC (Allocation Failure) 9153.647: [ParNew
Desired survivor size 8716288 bytes, new threshold 6 (max 6)
- age   1:      59136 bytes,      59136 total
- age   3:       1000 bytes,      60136 total
- age   4:       1064 bytes,      61200 total
- age   5:        336 bytes,      61536 total
- age   6:     220056 bytes,     281592 total
: 136742K->437K(153344K), 0.0058727 secs] 312822K->176517K(1031552K), 0.0059692 secs] [Times: user=0.01 sys=0.00, real=0.01 secs] 
2016-08-24T16:40:34.732+0000: 9153.653: Total time for which application threads were stopped: 0.0067872 seconds, Stopping threads took: 0.0001007 seconds
2016-08-24T16:40:34.772+0000: 9153.694: [GC (Allocation Failure) 9153.694: [ParNew
Desired survivor size 8716288 bytes, new threshold 6 (max 6)
- age   1:      74768 bytes,      74768 total
- age   2:      10248 bytes,      85016 total
- age   4:       1000 bytes,      86016 total
- age   5:       1064 bytes,      87080 total
- age   6:        264 bytes,      87344 total
: 136757K->191K(153344K), 0.0071666 secs] 312837K->176490K(1031552K), 0.0073166 secs] [Times: user=0.02 sys=0.00, real=0.00 secs] 
2016-08-24T16:40:34.780+0000: 9153.701: Total time for which application threads were stopped: 0.0081586 seconds, Stopping threads took: 0.0001007 seconds
2016-08-24T16:40:34.821+0000: 9153.742: [GC (Allocation Failure) 9153.742: [ParNew
Desired survivor size 8716288 bytes, new threshold 6 (max 6)
- age   1:      76320 bytes,      76320 total
- age   2:        248 bytes,      76568 total
- age   3:       3216 bytes,      79784 total
- age   5:        968 bytes,      80752 total
- age   6:       1064 bytes,      81816 total
: 136511K->111K(153344K), 0.0058646 secs] 312810K->176411K(1031552K), 0.0059550 secs] [Times: user=0.01 sys=0.00, real=0.00 secs] 
2016-08-24T16:40:34.827+0000: 9153.748: Total time for which application threads were stopped: 0.0068235 seconds, Stopping threads took: 0.0001334 seconds
2016-08-24T16:40:34.867+0000: 9153.789: [GC (Allocation Failure) 9153.789: [ParNew
Desired survivor size 8716288 bytes, new threshold 6 (max 6)
- age   1:      73368 bytes,      73368 total
- age   2:      10968 bytes,      84336 total
- age   3:        248 bytes,      84584 total
- age   4:       3216 bytes,      87800 total
- age   6:        968 bytes,      88768 total
: 136431K->111K(153344K), 0.0063826 secs] 312731K->176412K(1031552K), 0.0065061 secs] [Times: user=0.02 sys=0.00, real=0.01 secs] 
2016-08-24T16:40:34.874+0000: 9153.795: Total time for which application threads were stopped: 0.0073751 seconds, Stopping threads took: 0.0000991 seconds
2016-08-24T16:40:34.917+0000: 9153.838: [GC (Allocation Failure) 9153.838: [ParNew
Desired survivor size 8716288 bytes, new threshold 6 (max 6)
- age   1:      77088 bytes,      77088 total
- age   3:       1000 bytes,      78088 total
- age   4:        248 bytes,      78336 total
- age   5:       3216 bytes,      81552 total
: 136431K->81K(153344K), 0.0062347 secs] 312732K->176382K(1031552K), 0.0063591 secs] [Times: user=0.01 sys=0.00, real=0.01 secs] 
2016-08-24T16:40:34.923+0000: 9153.845: Total time for which application threads were stopped: 0.0072392 seconds, Stopping threads took: 0.0000979 seconds
2016-08-24T16:40:34.964+0000: 9153.886: [GC (Allocation Failure) 9153.886: [ParNew
Desired survivor size 8716288 bytes, new threshold 6 (max 6)
- age   1:      75720 bytes,      75720 total
- age   2:      16520 bytes,      92240 total
- age   4:       1000 bytes,      93240 total
- age   5:        248 bytes,      93488 total
- age   6:       3216 bytes,      96704 total
: 136401K->100K(153344K), 0.0065250 secs] 312702K->176401K(1031552K), 0.0066600 secs] [Times: user=0.02 sys=0.00, real=0.01 secs] 
2016-08-24T16:40:34.971+0000: 9153.892: Total time for which application threads were stopped: 0.0075119 seconds, Stopping threads took: 0.0000968 seconds
2016-08-24T16:40:44.538+0000: 9163.459: [GC (Allocation Failure) 9163.459: [ParNew
Desired survivor size 8716288 bytes, new threshold 6 (max 6)
- age   1:    1128552 bytes,    1128552 total
- age   3:       3400 bytes,    1131952 total
- age   5:        968 bytes,    1132920 total
: 136420K->1113K(153344K), 0.0082363 secs] 312721K->177417K(1031552K), 0.0083596 secs] [Times: user=0.01 sys=0.00, real=0.01 secs] 
2016-08-24T16:40:44.546+0000: 9163.468: Total time for which application threads were stopped: 0.0091803 seconds, Stopping threads took: 0.0000949 seconds
2016-08-24T16:40:44.586+0000: 9163.507: [GC (Allocation Failure) 9163.507: [ParNew
Desired survivor size 8716288 bytes, new threshold 6 (max 6)
- age   1:      73096 bytes,      73096 total
- age   2:     328152 bytes,     401248 total
- age   4:       3400 bytes,     404648 total
- age   6:        968 bytes,     405616 total
: 137433K->430K(153344K), 0.0059598 secs] 313737K->176734K(1031552K), 0.0060645 secs] [Times: user=0.01 sys=0.00, real=0.01 secs] 
2016-08-24T16:40:44.592+0000: 9163.514: Total time for which application threads were stopped: 0.0068511 seconds, Stopping threads took: 0.0001009 seconds
2016-08-24T16:40:44.633+0000: 9163.555: [GC (Allocation Failure) 9163.555: [ParNew
Desired survivor size 8716288 bytes, new threshold 6 (max 6)
- age   1:      60448 bytes,      60448 total
- age   2:         72 bytes,      60520 total
- age   3:     313072 bytes,     373592 total
- age   5:       3400 bytes,     376992 total
: 136750K->537K(153344K), 0.0059536 secs] 313054K->176843K(1031552K), 0.0060556 secs] [Times: user=0.01 sys=0.00, real=0.00 secs] 
2016-08-24T16:40:44.640+0000: 9163.561: Total time for which application threads were stopped: 0.0068516 seconds, Stopping threads took: 0.0001001 seconds
2016-08-24T16:40:44.678+0000: 9163.599: [GC (Allocation Failure) 9163.599: [ParNew
Desired survivor size 8716288 bytes, new threshold 6 (max 6)
- age   1:      69496 bytes,      69496 total
- age   2:      15360 bytes,      84856 total
- age   3:         72 bytes,      84928 total
- age   4:     313072 bytes,     398000 total
- age   6:       3400 bytes,     401400 total
: 136857K->536K(153344K), 0.0060158 secs] 313163K->176841K(1031552K), 0.0061203 secs] [Times: user=0.00 sys=0.01, real=0.01 secs] 
2016-08-24T16:40:44.684+0000: 9163.605: Total time for which application threads were stopped: 0.0069107 seconds, Stopping threads took: 0.0000975 seconds
2016-08-24T16:40:44.725+0000: 9163.647: [GC (Allocation Failure) 9163.647: [ParNew
Desired survivor size 8716288 bytes, new threshold 6 (max 6)
- age   1:      85016 bytes,      85016 total
- age   3:       1096 bytes,      86112 total
- age   4:         72 bytes,      86184 total
- age   5:     311224 bytes,     397408 total
: 136856K->562K(153344K), 0.0063365 secs] 313161K->176871K(1031552K), 0.0064549 secs] [Times: user=0.02 sys=0.00, real=0.01 secs] 
2016-08-24T16:40:44.732+0000: 9163.653: Total time for which application threads were stopped: 0.0073163 seconds, Stopping threads took: 0.0001014 seconds
2016-08-24T16:40:44.772+0000: 9163.693: [GC (Allocation Failure) 9163.693: [ParNew
Desired survivor size 8716288 bytes, new threshold 6 (max 6)
- age   1:      91216 bytes,      91216 total
- age   2:      18792 bytes,     110008 total
- age   4:       1096 bytes,     111104 total
- age   5:         72 bytes,     111176 total
- age   6:     311224 bytes,     422400 total
: 136882K->563K(153344K), 0.0060762 secs] 313191K->176871K(1031552K), 0.0061681 secs] [Times: user=0.01 sys=0.00, real=0.00 secs] 
2016-08-24T16:40:44.778+0000: 9163.700: Total time for which application threads were stopped: 0.0069536 seconds, Stopping threads took: 0.0001035 seconds
2016-08-24T16:40:44.820+0000: 9163.741: [GC (Allocation Failure) 9163.741: [ParNew
Desired survivor size 8716288 bytes, new threshold 6 (max 6)
- age   1:      64864 bytes,      64864 total
- age   3:       1000 bytes,      65864 total
- age   5:       1064 bytes,      66928 total
- age   6:         72 bytes,      67000 total
: 136883K->408K(153344K), 0.0067746 secs] 313191K->177024K(1031552K), 0.0069053 secs] [Times: user=0.02 sys=0.00, real=0.01 secs] 
2016-08-24T16:40:44.827+0000: 9163.748: Total time for which application threads were stopped: 0.0077683 seconds, Stopping threads took: 0.0001219 seconds
2016-08-24T16:40:44.866+0000: 9163.788: [GC (Allocation Failure) 9163.788: [ParNew
Desired survivor size 8716288 bytes, new threshold 6 (max 6)
- age   1:      54360 bytes,      54360 total
- age   2:       1232 bytes,      55592 total
- age   4:        968 bytes,      56560 total
- age   6:       1064 bytes,      57624 total
: 136728K->135K(153344K), 0.0052597 secs] 313344K->176752K(1031552K), 0.0053424 secs] [Times: user=0.01 sys=0.00, real=0.01 secs] 
2016-08-24T16:40:44.872+0000: 9163.793: Total time for which application threads were stopped: 0.0060952 seconds, Stopping threads took: 0.0000952 seconds
2016-08-24T16:40:44.912+0000: 9163.833: [GC (Allocation Failure) 9163.833: [ParNew
Desired survivor size 8716288 bytes, new threshold 6 (max 6)
- age   1:      74072 bytes,      74072 total
- age   2:       4360 bytes,      78432 total
- age   3:       1232 bytes,      79664 total
- age   5:        968 bytes,      80632 total
: 136455K->105K(153344K), 0.0056196 secs] 313072K->176722K(1031552K), 0.0057374 secs] [Times: user=0.01 sys=0.00, real=0.00 secs] 
2016-08-24T16:40:44.918+0000: 9163.839: Total time for which application threads were stopped: 0.0065974 seconds, Stopping threads took: 0.0001033 seconds
2016-08-24T16:40:44.958+0000: 9163.879: [GC (Allocation Failure) 9163.879: [ParNew
Desired survivor size 8716288 bytes, new threshold 6 (max 6)
- age   1:      62672 bytes,      62672 total
- age   3:       1000 bytes,      63672 total
- age   4:       1200 bytes,      64872 total
- age   6:        968 bytes,      65840 total
: 136425K->93K(153344K), 0.0052716 secs] 313042K->176711K(1031552K), 0.0053575 secs] [Times: user=0.01 sys=0.00, real=0.01 secs] 
2016-08-24T16:40:44.963+0000: 9163.885: Total time for which application threads were stopped: 0.0061226 seconds, Stopping threads took: 0.0001003 seconds
2016-08-24T16:40:45.003+0000: 9163.925: [GC (Allocation Failure) 9163.925: [ParNew
Desired survivor size 8716288 bytes, new threshold 6 (max 6)
- age   1:      78992 bytes,      78992 total
- age   2:       7272 bytes,      86264 total
- age   4:       1000 bytes,      87264 total
- age   5:       1200 bytes,      88464 total
: 136413K->101K(153344K), 0.0050898 secs] 313031K->176719K(1031552K), 0.0051917 secs] [Times: user=0.01 sys=0.00, real=0.01 secs] 
2016-08-24T16:40:45.009+0000: 9163.930: Total time for which application threads were stopped: 0.0059690 seconds, Stopping threads took: 0.0001058 seconds
2016-08-24T16:40:54.328+0000: 9173.250: [GC (Allocation Failure) 9173.250: [ParNew
Desired survivor size 8716288 bytes, new threshold 6 (max 6)
- age   1:     993352 bytes,     993352 total
- age   3:        968 bytes,     994320 total
- age   5:        968 bytes,     995288 total
- age   6:        992 bytes,     996280 total
: 136421K->1007K(153344K), 0.0077510 secs] 313039K->177626K(1031552K), 0.0078688 secs] [Times: user=0.01 sys=0.00, real=0.00 secs] 
2016-08-24T16:40:54.336+0000: 9173.258: Total time for which application threads were stopped: 0.0087145 seconds, Stopping threads took: 0.0000997 seconds
2016-08-24T16:40:54.379+0000: 9173.300: [GC (Allocation Failure) 9173.300: [ParNew
Desired survivor size 8716288 bytes, new threshold 6 (max 6)
- age   1:      64736 bytes,      64736 total
- age   2:     278912 bytes,     343648 total
- age   4:        968 bytes,     344616 total
- age   6:        968 bytes,     345584 total
: 137327K->494K(153344K), 0.0061939 secs] 313946K->177113K(1031552K), 0.0063261 secs] [Times: user=0.01 sys=0.00, real=0.01 secs] 
2016-08-24T16:40:54.385+0000: 9173.307: Total time for which application threads were stopped: 0.0071331 seconds, Stopping threads took: 0.0001016 seconds
2016-08-24T16:40:54.427+0000: 9173.348: [GC (Allocation Failure) 9173.348: [ParNew
Desired survivor size 8716288 bytes, new threshold 6 (max 6)
- age   1:      71784 bytes,      71784 total
- age   2:         72 bytes,      71856 total
- age   3:     271896 bytes,     343752 total
- age   5:        968 bytes,     344720 total
: 136814K->461K(153344K), 0.0066694 secs] 313433K->177082K(1031552K), 0.0068346 secs] [Times: user=0.01 sys=0.00, real=0.01 secs] 
2016-08-24T16:40:54.434+0000: 9173.355: Total time for which application threads were stopped: 0.0079046 seconds, Stopping threads took: 0.0001110 seconds
2016-08-24T16:40:54.481+0000: 9173.402: [GC (Allocation Failure) 9173.402: [ParNew
Desired survivor size 8716288 bytes, new threshold 6 (max 6)
- age   1:      71136 bytes,      71136 total
- age   2:       9528 bytes,      80664 total
- age   3:         72 bytes,      80736 total
- age   4:     271896 bytes,     352632 total
- age   6:        968 bytes,     353600 total
: 136781K->480K(153344K), 0.0058645 secs] 313402K->177100K(1031552K), 0.0059946 secs] [Times: user=0.01 sys=0.00, real=0.00 secs] 
2016-08-24T16:40:54.487+0000: 9173.409: Total time for which application threads were stopped: 0.0069518 seconds, Stopping threads took: 0.0001253 seconds
2016-08-24T16:40:54.527+0000: 9173.448: [GC (Allocation Failure) 9173.448: [ParNew
Desired survivor size 8716288 bytes, new threshold 6 (max 6)
- age   1:      81896 bytes,      81896 total
- age   3:       1096 bytes,      82992 total
- age   4:         72 bytes,      83064 total
- age   5:     269480 bytes,     352544 total
: 136800K->498K(153344K), 0.0056695 secs] 313420K->177120K(1031552K), 0.0057850 secs] [Times: user=0.01 sys=0.00, real=0.01 secs] 
2016-08-24T16:40:54.533+0000: 9173.454: Total time for which application threads were stopped: 0.0067283 seconds, Stopping threads took: 0.0000905 seconds
2016-08-24T16:40:54.573+0000: 9173.495: [GC (Allocation Failure) 9173.495: [ParNew
Desired survivor size 8716288 bytes, new threshold 6 (max 6)
- age   1:      83640 bytes,      83640 total
- age   2:      12936 bytes,      96576 total
- age   4:       1096 bytes,      97672 total
- age   5:         72 bytes,      97744 total
- age   6:     269352 bytes,     367096 total
: 136818K->497K(153344K), 0.0060746 secs] 313440K->177119K(1031552K), 0.0061902 secs] [Times: user=0.01 sys=0.00, real=0.00 secs] 
2016-08-24T16:40:54.580+0000: 9173.501: Total time for which application threads were stopped: 0.0070070 seconds, Stopping threads took: 0.0000935 seconds
2016-08-24T16:40:54.622+0000: 9173.543: [GC (Allocation Failure) 9173.543: [ParNew
Desired survivor size 8716288 bytes, new threshold 6 (max 6)
- age   1:      59376 bytes,      59376 total
- age   2:        176 bytes,      59552 total
- age   3:       1160 bytes,      60712 total
- age   5:       1064 bytes,      61776 total
- age   6:         72 bytes,      61848 total
: 136817K->353K(153344K), 0.0063323 secs] 313439K->177242K(1031552K), 0.0064308 secs] [Times: user=0.01 sys=0.00, real=0.00 secs] 
2016-08-24T16:40:54.628+0000: 9173.550: Total time for which application threads were stopped: 0.0072491 seconds, Stopping threads took: 0.0001042 seconds
2016-08-24T16:40:54.668+0000: 9173.590: [GC (Allocation Failure) 9173.590: [ParNew
Desired survivor size 8716288 bytes, new threshold 6 (max 6)
- age   1:      61624 bytes,      61624 total
- age   2:      14968 bytes,      76592 total
- age   3:        176 bytes,      76768 total
- age   4:       1160 bytes,      77928 total
- age   6:       1064 bytes,      78992 total
: 136673K->117K(153344K), 0.0057008 secs] 313562K->177006K(1031552K), 0.0058168 secs] [Times: user=0.01 sys=0.00, real=0.00 secs] 
2016-08-24T16:40:54.674+0000: 9173.596: Total time for which application threads were stopped: 0.0066958 seconds, Stopping threads took: 0.0001066 seconds
2016-08-24T16:40:54.716+0000: 9173.637: [GC (Allocation Failure) 9173.637: [ParNew
Desired survivor size 8716288 bytes, new threshold 6 (max 6)
- age   1:      61944 bytes,      61944 total
- age   3:       1000 bytes,      62944 total
- age   4:        176 bytes,      63120 total
- age   5:       1128 bytes,      64248 total
: 136437K->91K(153344K), 0.0057230 secs] 313326K->176981K(1031552K), 0.0058462 secs] [Times: user=0.01 sys=0.00, real=0.01 secs] 
2016-08-24T16:40:54.722+0000: 9173.643: Total time for which application threads were stopped: 0.0066790 seconds, Stopping threads took: 0.0001120 seconds
2016-08-24T16:40:54.762+0000: 9173.683: [GC (Allocation Failure) 9173.683: [ParNew
Desired survivor size 8716288 bytes, new threshold 6 (max 6)
- age   1:      78832 bytes,      78832 total
- age   2:      18616 bytes,      97448 total
- age   4:       1000 bytes,      98448 total
- age   5:        176 bytes,      98624 total
- age   6:       1128 bytes,      99752 total
: 136411K->104K(153344K), 0.0055584 secs] 313301K->176994K(1031552K), 0.0056469 secs] [Times: user=0.01 sys=0.00, real=0.00 secs] 
2016-08-24T16:40:54.767+0000: 9173.689: Total time for which application threads were stopped: 0.0064366 seconds, Stopping threads took: 0.0001005 seconds
2016-08-24T16:40:54.806+0000: 9173.728: [GC (Allocation Failure) 9173.728: [ParNew
Desired survivor size 8716288 bytes, new threshold 6 (max 6)
- age   1:      90368 bytes,      90368 total
- age   3:       1000 bytes,      91368 total
- age   5:        968 bytes,      92336 total
- age   6:        176 bytes,      92512 total
: 136424K->112K(153344K), 0.0054759 secs] 313314K->177003K(1031552K), 0.0055946 secs] [Times: user=0.01 sys=0.00, real=0.01 secs] 
2016-08-24T16:40:54.812+0000: 9173.734: Total time for which application threads were stopped: 0.0064386 seconds, Stopping threads took: 0.0000977 seconds
2016-08-24T16:40:54.860+0000: 9173.782: [GC (Allocation Failure) 9173.782: [ParNew
Desired survivor size 8716288 bytes, new threshold 6 (max 6)
- age   1:     191464 bytes,     191464 total
- age   2:       2416 bytes,     193880 total
- age   4:       1000 bytes,     194880 total
- age   6:        968 bytes,     195848 total
: 136432K->211K(153344K), 0.0057456 secs] 313323K->177102K(1031552K), 0.0058526 secs] [Times: user=0.01 sys=0.00, real=0.01 secs] 
2016-08-24T16:40:54.866+0000: 9173.788: Total time for which application threads were stopped: 0.0065805 seconds, Stopping threads took: 0.0000910 seconds
2016-08-24T16:41:04.837+0000: 9183.758: [GC (Allocation Failure) 9183.758: [ParNew
Desired survivor size 8716288 bytes, new threshold 6 (max 6)
- age   1:     870152 bytes,     870152 total
- age   2:      88008 bytes,     958160 total
- age   3:        968 bytes,     959128 total
- age   5:        968 bytes,     960096 total
: 136531K->1010K(153344K), 0.0077695 secs] 313422K->177902K(1031552K), 0.0078973 secs] [Times: user=0.01 sys=0.00, real=0.01 secs] 
2016-08-24T16:41:04.845+0000: 9183.766: Total time for which application threads were stopped: 0.0087991 seconds, Stopping threads took: 0.0001174 seconds
2016-08-24T16:41:04.884+0000: 9183.806: [GC (Allocation Failure) 9183.806: [ParNew
Desired survivor size 8716288 bytes, new threshold 6 (max 6)
- age   1:      82144 bytes,      82144 total
- age   2:     212160 bytes,     294304 total
- age   3:      88008 bytes,     382312 total
- age   4:        968 bytes,     383280 total
- age   6:        968 bytes,     384248 total
: 137330K->446K(153344K), 0.0059870 secs] 314222K->177338K(1031552K), 0.0060929 secs] [Times: user=0.02 sys=0.00, real=0.01 secs] 
2016-08-24T16:41:04.890+0000: 9183.812: Total time for which application threads were stopped: 0.0069054 seconds, Stopping threads took: 0.0000984 seconds
2016-08-24T16:41:04.931+0000: 9183.853: [GC (Allocation Failure) 9183.853: [ParNew
Desired survivor size 8716288 bytes, new threshold 6 (max 6)
- age   1:      65936 bytes,      65936 total
- age   2:         24 bytes,      65960 total
- age   3:     190160 bytes,     256120 total
- age   4:      88008 bytes,     344128 total
- age   5:        968 bytes,     345096 total
: 136766K->519K(153344K), 0.0058904 secs] 313658K->177412K(1031552K), 0.0060125 secs] [Times: user=0.01 sys=0.00, real=0.00 secs] 
2016-08-24T16:41:04.938+0000: 9183.859: Total time for which application threads were stopped: 0.0067994 seconds, Stopping threads took: 0.0001014 seconds
2016-08-24T16:41:04.977+0000: 9183.898: [GC (Allocation Failure) 9183.899: [ParNew
Desired survivor size 8716288 bytes, new threshold 6 (max 6)
- age   1:      52904 bytes,      52904 total
- age   2:       1096 bytes,      54000 total
- age   3:         24 bytes,      54024 total
- age   4:     188312 bytes,     242336 total
- age   5:      88008 bytes,     330344 total
- age   6:        968 bytes,     331312 total
: 136839K->494K(153344K), 0.0057637 secs] 313732K->177387K(1031552K), 0.0058661 secs] [Times: user=0.01 sys=0.00, real=0.01 secs] 
2016-08-24T16:41:04.983+0000: 9183.904: Total time for which application threads were stopped: 0.0067163 seconds, Stopping threads took: 0.0000953 seconds
2016-08-24T16:41:05.023+0000: 9183.945: [GC (Allocation Failure) 9183.945: [ParNew
Desired survivor size 8716288 bytes, new threshold 6 (max 6)
- age   1:      77696 bytes,      77696 total
- age   2:       5240 bytes,      82936 total
- age   3:       1096 bytes,      84032 total
- age   4:         24 bytes,      84056 total
- age   5:     188312 bytes,     272368 total
- age   6:      88008 bytes,     360376 total
: 136814K->473K(153344K), 0.0065107 secs] 313707K->177367K(1031552K), 0.0066231 secs] [Times: user=0.01 sys=0.00, real=0.01 secs] 
2016-08-24T16:41:05.030+0000: 9183.951: Total time for which application threads were stopped: 0.0074623 seconds, Stopping threads took: 0.0001140 seconds
2016-08-24T16:41:05.070+0000: 9183.992: [GC (Allocation Failure) 9183.992: [ParNew
Desired survivor size 8716288 bytes, new threshold 6 (max 6)
- age   1:      54736 bytes,      54736 total
- age   3:       1000 bytes,      55736 total
- age   4:       1064 bytes,      56800 total
- age   5:         24 bytes,      56824 total
- age   6:     186496 bytes,     243320 total
: 136793K->347K(153344K), 0.0065773 secs] 313687K->177329K(1031552K), 0.0066906 secs] [Times: user=0.02 sys=0.00, real=0.00 secs] 
2016-08-24T16:41:05.077+0000: 9183.999: Total time for which application threads were stopped: 0.0075190 seconds, Stopping threads took: 0.0001221 seconds
2016-08-24T16:41:05.119+0000: 9184.040: [GC (Allocation Failure) 9184.040: [ParNew
Desired survivor size 8716288 bytes, new threshold 6 (max 6)
- age   1:      81200 bytes,      81200 total
- age   2:       8808 bytes,      90008 total
- age   4:       1000 bytes,      91008 total
- age   5:       1064 bytes,      92072 total
- age   6:         24 bytes,      92096 total
: 136667K->263K(153344K), 0.0066128 secs] 313649K->177431K(1031552K), 0.0067246 secs] [Times: user=0.01 sys=0.00, real=0.01 secs] 
2016-08-24T16:41:05.125+0000: 9184.047: Total time for which application threads were stopped: 0.0075529 seconds, Stopping threads took: 0.0001014 seconds
2016-08-24T16:41:05.166+0000: 9184.088: [GC (Allocation Failure) 9184.088: [ParNew
Desired survivor size 8716288 bytes, new threshold 6 (max 6)
- age   1:      83264 bytes,      83264 total
- age   3:       1000 bytes,      84264 total
- age   5:        968 bytes,      85232 total
- age   6:       1064 bytes,      86296 total
: 136583K->142K(153344K), 0.0056108 secs] 313751K->177309K(1031552K), 0.0057208 secs] [Times: user=0.01 sys=0.00, real=0.01 secs] 
2016-08-24T16:41:05.172+0000: 9184.093: Total time for which application threads were stopped: 0.0065209 seconds, Stopping threads took: 0.0001007 seconds
2016-08-24T16:41:05.212+0000: 9184.134: [GC (Allocation Failure) 9184.134: [ParNew
Desired survivor size 8716288 bytes, new threshold 6 (max 6)
- age   1:      71416 bytes,      71416 total
- age   2:      11952 bytes,      83368 total
- age   4:       1000 bytes,      84368 total
- age   6:        968 bytes,      85336 total
: 136462K->109K(153344K), 0.0048998 secs] 313629K->177278K(1031552K), 0.0050145 secs] [Times: user=0.01 sys=0.00, real=0.00 secs] 
2016-08-24T16:41:05.217+0000: 9184.139: Total time for which application threads were stopped: 0.0058361 seconds, Stopping threads took: 0.0000969 seconds
2016-08-24T16:41:05.258+0000: 9184.180: [GC (Allocation Failure) 9184.180: [ParNew
Desired survivor size 8716288 bytes, new threshold 6 (max 6)
- age   1:      72480 bytes,      72480 total
- age   3:       1000 bytes,      73480 total
- age   5:        968 bytes,      74448 total
: 136429K->78K(153344K), 0.0051657 secs] 313598K->177248K(1031552K), 0.0052645 secs] [Times: user=0.01 sys=0.00, real=0.01 secs] 
2016-08-24T16:41:05.264+0000: 9184.185: Total time for which application threads were stopped: 0.0060701 seconds, Stopping threads took: 0.0001036 seconds
2016-08-24T16:41:05.302+0000: 9184.223: [GC (Allocation Failure) 9184.223: [ParNew
Desired survivor size 8716288 bytes, new threshold 6 (max 6)
- age   1:      60976 bytes,      60976 total
- age   2:      14584 bytes,      75560 total
- age   4:       1000 bytes,      76560 total
- age   6:        968 bytes,      77528 total
: 136398K->111K(153344K), 0.0051278 secs] 313568K->177281K(1031552K), 0.0052256 secs] [Times: user=0.01 sys=0.00, real=0.00 secs] 
2016-08-24T16:41:05.307+0000: 9184.229: Total time for which application threads were stopped: 0.0060405 seconds, Stopping threads took: 0.0000991 seconds
2016-08-24T16:41:14.549+0000: 9193.471: [GC (Allocation Failure) 9193.471: [ParNew
Desired survivor size 8716288 bytes, new threshold 6 (max 6)
- age   1:     912312 bytes,     912312 total
- age   3:        968 bytes,     913280 total
- age   5:        968 bytes,     914248 total
: 136431K->901K(153344K), 0.0079548 secs] 313601K->178072K(1031552K), 0.0080772 secs] [Times: user=0.01 sys=0.00, real=0.00 secs] 
2016-08-24T16:41:14.557+0000: 9193.479: Total time for which application threads were stopped: 0.0088604 seconds, Stopping threads took: 0.0001054 seconds
2016-08-24T16:41:14.595+0000: 9193.517: [GC (Allocation Failure) 9193.517: [ParNew
Desired survivor size 8716288 bytes, new threshold 6 (max 6)
- age   1:      84648 bytes,      84648 total
- age   2:     230944 bytes,     315592 total
- age   4:        968 bytes,     316560 total
- age   6:        968 bytes,     317528 total
: 137221K->385K(153344K), 0.0062903 secs] 314392K->177555K(1031552K), 0.0063931 secs] [Times: user=0.01 sys=0.00, real=0.01 secs] 
2016-08-24T16:41:14.602+0000: 9193.523: Total time for which application threads were stopped: 0.0071532 seconds, Stopping threads took: 0.0000905 seconds
2016-08-24T16:41:14.641+0000: 9193.563: [GC (Allocation Failure) 9193.563: [ParNew
Desired survivor size 8716288 bytes, new threshold 6 (max 6)
- age   1:      78392 bytes,      78392 total
- age   2:         72 bytes,      78464 total
- age   3:     215280 bytes,     293744 total
- age   5:        968 bytes,     294712 total
: 136705K->411K(153344K), 0.0063234 secs] 313875K->177583K(1031552K), 0.0064295 secs] [Times: user=0.02 sys=0.00, real=0.00 secs] 
2016-08-24T16:41:14.648+0000: 9193.569: Total time for which application threads were stopped: 0.0071963 seconds, Stopping threads took: 0.0001049 seconds
2016-08-24T16:41:14.685+0000: 9193.607: [GC (Allocation Failure) 9193.607: [ParNew
Desired survivor size 8716288 bytes, new threshold 6 (max 6)
- age   1:      63896 bytes,      63896 total
- age   2:      17656 bytes,      81552 total
- age   3:         72 bytes,      81624 total
- age   4:     215280 bytes,     296904 total
- age   6:        968 bytes,     297872 total
: 136731K->413K(153344K), 0.0062917 secs] 313903K->177585K(1031552K), 0.0063956 secs] [Times: user=0.02 sys=0.00, real=0.01 secs] 
2016-08-24T16:41:14.692+0000: 9193.613: Total time for which application threads were stopped: 0.0071733 seconds, Stopping threads took: 0.0000915 seconds
2016-08-24T16:41:14.730+0000: 9193.652: [GC (Allocation Failure) 9193.652: [ParNew
Desired survivor size 8716288 bytes, new threshold 6 (max 6)
- age   1:      70200 bytes,      70200 total
- age   3:       1096 bytes,      71296 total
- age   4:         72 bytes,      71368 total
- age   5:     213432 bytes,     284800 total
: 136733K->417K(153344K), 0.0063459 secs] 313905K->177590K(1031552K), 0.0064621 secs] [Times: user=0.01 sys=0.00, real=0.00 secs] 
2016-08-24T16:41:14.737+0000: 9193.659: Total time for which application threads were stopped: 0.0072302 seconds, Stopping threads took: 0.0000930 seconds
2016-08-24T16:41:14.775+0000: 9193.696: [GC (Allocation Failure) 9193.696: [ParNew
Desired survivor size 8716288 bytes, new threshold 6 (max 6)
- age   1:      70608 bytes,      70608 total
- age   2:      20592 bytes,      91200 total
- age   4:       1096 bytes,      92296 total
- age   5:         72 bytes,      92368 total
- age   6:     213432 bytes,     305800 total
: 136737K->406K(153344K), 0.0063042 secs] 313910K->177579K(1031552K), 0.0064059 secs] [Times: user=0.01 sys=0.00, real=0.01 secs] 
2016-08-24T16:41:14.781+0000: 9193.703: Total time for which application threads were stopped: 0.0071558 seconds, Stopping threads took: 0.0000915 seconds
2016-08-24T16:41:14.820+0000: 9193.741: [GC (Allocation Failure) 9193.741: [ParNew
Desired survivor size 8716288 bytes, new threshold 6 (max 6)
- age   1:      80792 bytes,      80792 total
- age   3:       1000 bytes,      81792 total
- age   5:       1064 bytes,      82856 total
- age   6:         72 bytes,      82928 total
: 136726K->295K(153344K), 0.0072828 secs] 313899K->177679K(1031552K), 0.0074029 secs] [Times: user=0.01 sys=0.00, real=0.01 secs] 
2016-08-24T16:41:14.827+0000: 9193.749: Total time for which application threads were stopped: 0.0081611 seconds, Stopping threads took: 0.0000871 seconds
2016-08-24T16:41:14.866+0000: 9193.788: [GC (Allocation Failure) 9193.788: [ParNew
Desired survivor size 8716288 bytes, new threshold 6 (max 6)
- age   1:      55896 bytes,      55896 total
- age   2:       1000 bytes,      56896 total
- age   4:        968 bytes,      57864 total
- age   6:       1064 bytes,      58928 total
: 136615K->107K(153344K), 0.0058351 secs] 313999K->177491K(1031552K), 0.0059362 secs] [Times: user=0.01 sys=0.00, real=0.01 secs] 
2016-08-24T16:41:14.872+0000: 9193.794: Total time for which application threads were stopped: 0.0066875 seconds, Stopping threads took: 0.0000898 seconds
2016-08-24T16:41:14.910+0000: 9193.831: [GC (Allocation Failure) 9193.831: [ParNew
Desired survivor size 8716288 bytes, new threshold 6 (max 6)
- age   1:      70632 bytes,      70632 total
- age   2:       4976 bytes,      75608 total
- age   3:       1000 bytes,      76608 total
- age   5:        968 bytes,      77576 total
: 136427K->81K(153344K), 0.0058341 secs] 313811K->177466K(1031552K), 0.0059367 secs] [Times: user=0.01 sys=0.00, real=0.00 secs] 
2016-08-24T16:41:14.916+0000: 9193.837: Total time for which application threads were stopped: 0.0066736 seconds, Stopping threads took: 0.0000865 seconds
2016-08-24T16:41:14.955+0000: 9193.876: [GC (Allocation Failure) 9193.876: [ParNew
Desired survivor size 8716288 bytes, new threshold 6 (max 6)
- age   1:      63824 bytes,      63824 total
- age   3:       1000 bytes,      64824 total
- age   4:        968 bytes,      65792 total
- age   6:        968 bytes,      66760 total
: 136401K->90K(153344K), 0.0059646 secs] 313786K->177475K(1031552K), 0.0060739 secs] [Times: user=0.01 sys=0.00, real=0.01 secs] 
2016-08-24T16:41:14.961+0000: 9193.882: Total time for which application threads were stopped: 0.0068325 seconds, Stopping threads took: 0.0000891 seconds
2016-08-24T16:41:14.999+0000: 9193.920: [GC (Allocation Failure) 9193.920: [ParNew
Desired survivor size 8716288 bytes, new threshold 6 (max 6)
- age   1:      90152 bytes,      90152 total
- age   2:       8568 bytes,      98720 total
- age   4:       1000 bytes,      99720 total
- age   5:        968 bytes,     100688 total
: 136410K->118K(153344K), 0.0060145 secs] 313795K->177504K(1031552K), 0.0061233 secs] [Times: user=0.01 sys=0.00, real=0.01 secs] 
2016-08-24T16:41:15.005+0000: 9193.927: Total time for which application threads were stopped: 0.0069011 seconds, Stopping threads took: 0.0000887 seconds
2016-08-24T16:41:20.007+0000: 9198.928: Total time for which application threads were stopped: 0.0007023 seconds, Stopping threads took: 0.0001250 seconds
2016-08-24T16:41:23.008+0000: 9201.929: Total time for which application threads were stopped: 0.0006505 seconds, Stopping threads took: 0.0001146 seconds
2016-08-24T16:41:24.320+0000: 9203.241: [GC (Allocation Failure) 9203.241: [ParNew
Desired survivor size 8716288 bytes, new threshold 6 (max 6)
- age   1:    1375304 bytes,    1375304 total
- age   3:        968 bytes,    1376272 total
- age   5:        968 bytes,    1377240 total
- age   6:        968 bytes,    1378208 total
: 136438K->1377K(153344K), 0.0087772 secs] 313824K->178763K(1031552K), 0.0089097 secs] [Times: user=0.01 sys=0.00, real=0.02 secs] 
2016-08-24T16:41:24.329+0000: 9203.250: Total time for which application threads were stopped: 0.0097240 seconds, Stopping threads took: 0.0000975 seconds
2016-08-24T16:41:24.367+0000: 9203.289: [GC (Allocation Failure) 9203.289: [ParNew
Desired survivor size 8716288 bytes, new threshold 6 (max 6)
- age   1:      79896 bytes,      79896 total
- age   2:     325752 bytes,     405648 total
- age   4:        968 bytes,     406616 total
- age   6:        968 bytes,     407584 total
: 137697K->432K(153344K), 0.0060367 secs] 315083K->177819K(1031552K), 0.0061436 secs] [Times: user=0.01 sys=0.00, real=0.01 secs] 
2016-08-24T16:41:24.373+0000: 9203.295: Total time for which application threads were stopped: 0.0070063 seconds, Stopping threads took: 0.0001115 seconds
2016-08-24T16:41:24.415+0000: 9203.336: [GC (Allocation Failure) 9203.336: [ParNew
Desired survivor size 8716288 bytes, new threshold 6 (max 6)
- age   1:      77784 bytes,      77784 total
- age   2:        344 bytes,      78128 total
- age   3:     317032 bytes,     395160 total
- age   5:        968 bytes,     396128 total
: 136752K->542K(153344K), 0.0063208 secs] 314139K->177930K(1031552K), 0.0064504 secs] [Times: user=0.01 sys=0.00, real=0.01 secs] 
2016-08-24T16:41:24.422+0000: 9203.343: Total time for which application threads were stopped: 0.0073259 seconds, Stopping threads took: 0.0000973 seconds
2016-08-24T16:41:24.463+0000: 9203.385: [GC (Allocation Failure) 9203.385: [ParNew
Desired survivor size 8716288 bytes, new threshold 6 (max 6)
- age   1:      65248 bytes,      65248 total
- age   2:       9968 bytes,      75216 total
- age   3:        344 bytes,      75560 total
- age   4:     317032 bytes,     392592 total
- age   6:        968 bytes,     393560 total
: 136862K->558K(153344K), 0.0065422 secs] 314250K->177946K(1031552K), 0.0066572 secs] [Times: user=0.01 sys=0.00, real=0.01 secs] 
2016-08-24T16:41:24.470+0000: 9203.392: Total time for which application threads were stopped: 0.0075136 seconds, Stopping threads took: 0.0001045 seconds
2016-08-24T16:41:24.512+0000: 9203.434: [GC (Allocation Failure) 9203.434: [ParNew
Desired survivor size 8716288 bytes, new threshold 6 (max 6)
- age   1:      61016 bytes,      61016 total
- age   3:       1096 bytes,      62112 total
- age   4:        344 bytes,      62456 total
- age   5:     315184 bytes,     377640 total
: 136878K->561K(153344K), 0.0065187 secs] 314266K->177949K(1031552K), 0.0066379 secs] [Times: user=0.01 sys=0.00, real=0.00 secs] 
2016-08-24T16:41:24.519+0000: 9203.440: Total time for which application threads were stopped: 0.0074730 seconds, Stopping threads took: 0.0001008 seconds
2016-08-24T16:41:24.558+0000: 9203.480: [GC (Allocation Failure) 9203.480: [ParNew
Desired survivor size 8716288 bytes, new threshold 6 (max 6)
- age   1:      81312 bytes,      81312 total
- age   2:      13776 bytes,      95088 total
- age   4:       1096 bytes,      96184 total
- age   5:        344 bytes,      96528 total
- age   6:     315184 bytes,     411712 total
: 136881K->539K(153344K), 0.0064954 secs] 314269K->177927K(1031552K), 0.0066190 secs] [Times: user=0.01 sys=0.00, real=0.01 secs] 
2016-08-24T16:41:24.565+0000: 9203.487: Total time for which application threads were stopped: 0.0074325 seconds, Stopping threads took: 0.0001024 seconds
2016-08-24T16:41:24.605+0000: 9203.526: [GC (Allocation Failure) 9203.526: [ParNew
Desired survivor size 8716288 bytes, new threshold 6 (max 6)
- age   1:      59416 bytes,      59416 total
- age   3:       1000 bytes,      60416 total
- age   5:       1064 bytes,      61480 total
- age   6:        344 bytes,      61824 total
: 136859K->393K(153344K), 0.0068013 secs] 314247K->178094K(1031552K), 0.0069314 secs] [Times: user=0.01 sys=0.00, real=0.01 secs] 
2016-08-24T16:41:24.612+0000: 9203.533: Total time for which application threads were stopped: 0.0078211 seconds, Stopping threads took: 0.0000953 seconds
2016-08-24T16:41:24.652+0000: 9203.573: [GC (Allocation Failure) 9203.574: [ParNew
Desired survivor size 8716288 bytes, new threshold 6 (max 6)
- age   1:      72640 bytes,      72640 total
- age   2:      15440 bytes,      88080 total
- age   4:       1000 bytes,      89080 total
- age   6:       1064 bytes,      90144 total
: 136713K->176K(153344K), 0.0058421 secs] 314414K->177877K(1031552K), 0.0059662 secs] [Times: user=0.01 sys=0.00, real=0.00 secs] 
2016-08-24T16:41:24.658+0000: 9203.580: Total time for which application threads were stopped: 0.0067872 seconds, Stopping threads took: 0.0001055 seconds
2016-08-24T16:41:24.699+0000: 9203.621: [GC (Allocation Failure) 9203.621: [ParNew
Desired survivor size 8716288 bytes, new threshold 6 (max 6)
- age   1:      75384 bytes,      75384 total
- age   3:       1000 bytes,      76384 total
- age   5:        968 bytes,      77352 total
: 136496K->108K(153344K), 0.0057688 secs] 314197K->177811K(1031552K), 0.0058830 secs] [Times: user=0.01 sys=0.00, real=0.01 secs] 
2016-08-24T16:41:24.705+0000: 9203.627: Total time for which application threads were stopped: 0.0067189 seconds, Stopping threads took: 0.0001033 seconds
2016-08-24T16:41:24.746+0000: 9203.667: [GC (Allocation Failure) 9203.668: [ParNew
Desired survivor size 8716288 bytes, new threshold 6 (max 6)
- age   1:      83232 bytes,      83232 total
- age   2:      19160 bytes,     102392 total
- age   4:       1000 bytes,     103392 total
- age   6:        968 bytes,     104360 total
: 136428K->120K(153344K), 0.0054080 secs] 314131K->177822K(1031552K), 0.0055029 secs] [Times: user=0.02 sys=0.00, real=0.01 secs] 
2016-08-24T16:41:24.752+0000: 9203.673: Total time for which application threads were stopped: 0.0063266 seconds, Stopping threads took: 0.0001157 seconds
2016-08-24T16:41:24.793+0000: 9203.714: [GC (Allocation Failure) 9203.714: [ParNew
Desired survivor size 8716288 bytes, new threshold 6 (max 6)
- age   1:      77016 bytes,      77016 total
- age   3:       1000 bytes,      78016 total
- age   5:        968 bytes,      78984 total
: 136440K->121K(153344K), 0.0056988 secs] 314142K->177825K(1031552K), 0.0058112 secs] [Times: user=0.01 sys=0.00, real=0.00 secs] 
2016-08-24T16:41:24.799+0000: 9203.720: Total time for which application threads were stopped: 0.0066799 seconds, Stopping threads took: 0.0000916 seconds
2016-08-24T16:41:24.909+0000: 9203.831: [GC (Allocation Failure) 9203.831: [ParNew
Desired survivor size 8716288 bytes, new threshold 6 (max 6)
- age   1:     237160 bytes,     237160 total
- age   2:       2296 bytes,     239456 total
- age   4:        968 bytes,     240424 total
- age   6:        968 bytes,     241392 total
: 136441K->252K(153344K), 0.0059462 secs] 314145K->177955K(1031552K), 0.0060454 secs] [Times: user=0.01 sys=0.00, real=0.00 secs] 
2016-08-24T16:41:24.915+0000: 9203.837: Total time for which application threads were stopped: 0.0068066 seconds, Stopping threads took: 0.0000957 seconds
2016-08-24T16:41:33.912+0000: 9212.834: [GC (Allocation Failure) 9212.834: [ParNew
Desired survivor size 8716288 bytes, new threshold 6 (max 6)
- age   1:     697816 bytes,     697816 total
- age   2:     109744 bytes,     807560 total
- age   3:        968 bytes,     808528 total
- age   5:        968 bytes,     809496 total
: 136572K->809K(153344K), 0.0073946 secs] 314275K->178513K(1031552K), 0.0075175 secs] [Times: user=0.01 sys=0.00, real=0.00 secs] 
2016-08-24T16:41:33.920+0000: 9212.841: Total time for which application threads were stopped: 0.0083642 seconds, Stopping threads took: 0.0001173 seconds
2016-08-24T16:41:33.963+0000: 9212.884: [GC (Allocation Failure) 9212.885: [ParNew
Desired survivor size 8716288 bytes, new threshold 6 (max 6)
- age   1:      69400 bytes,      69400 total
- age   2:     125064 bytes,     194464 total
- age   3:      89568 bytes,     284032 total
- age   4:        968 bytes,     285000 total
- age   6:        968 bytes,     285968 total
: 137129K->376K(153344K), 0.0058454 secs] 314833K->178081K(1031552K), 0.0059474 secs] [Times: user=0.02 sys=0.00, real=0.01 secs] 
2016-08-24T16:41:33.969+0000: 9212.891: Total time for which application threads were stopped: 0.0067136 seconds, Stopping threads took: 0.0000926 seconds
2016-08-24T16:41:34.009+0000: 9212.931: [GC (Allocation Failure) 9212.931: [ParNew
Desired survivor size 8716288 bytes, new threshold 6 (max 6)
- age   1:      75688 bytes,      75688 total
- age   2:       4200 bytes,      79888 total
- age   3:     125064 bytes,     204952 total
- age   4:      89568 bytes,     294520 total
- age   5:        968 bytes,     295488 total
: 136696K->391K(153344K), 0.0058276 secs] 314401K->178096K(1031552K), 0.0059424 secs] [Times: user=0.01 sys=0.00, real=0.00 secs] 
2016-08-24T16:41:34.015+0000: 9212.937: Total time for which application threads were stopped: 0.0067875 seconds, Stopping threads took: 0.0000989 seconds
2016-08-24T16:41:34.056+0000: 9212.978: [GC (Allocation Failure) 9212.978: [ParNew
Desired survivor size 8716288 bytes, new threshold 6 (max 6)
- age   1:      70192 bytes,      70192 total
- age   3:       1096 bytes,      71288 total
- age   4:     123216 bytes,     194504 total
- age   5:      89568 bytes,     284072 total
- age   6:        968 bytes,     285040 total
: 136711K->408K(153344K), 0.0060382 secs] 314416K->178113K(1031552K), 0.0061752 secs] [Times: user=0.01 sys=0.00, real=0.01 secs] 
2016-08-24T16:41:34.063+0000: 9212.984: Total time for which application threads were stopped: 0.0070131 seconds, Stopping threads took: 0.0001000 seconds
2016-08-24T16:41:34.103+0000: 9213.025: [GC (Allocation Failure) 9213.025: [ParNew
Desired survivor size 8716288 bytes, new threshold 6 (max 6)
- age   1:      77584 bytes,      77584 total
- age   2:       6192 bytes,      83776 total
- age   4:       1096 bytes,      84872 total
- age   5:     123216 bytes,     208088 total
- age   6:      89568 bytes,     297656 total
: 136728K->403K(153344K), 0.0061445 secs] 314433K->178109K(1031552K), 0.0062443 secs] [Times: user=0.01 sys=0.00, real=0.01 secs] 
2016-08-24T16:41:34.109+0000: 9213.031: Total time for which application threads were stopped: 0.0070709 seconds, Stopping threads took: 0.0001256 seconds
2016-08-24T16:41:34.151+0000: 9213.072: [GC (Allocation Failure) 9213.072: [ParNew
Desired survivor size 8716288 bytes, new threshold 6 (max 6)
- age   1:      56912 bytes,      56912 total
- age   3:       1000 bytes,      57912 total
- age   5:       1064 bytes,      58976 total
- age   6:     121400 bytes,     180376 total
: 136723K->288K(153344K), 0.0056169 secs] 314429K->178083K(1031552K), 0.0057276 secs] [Times: user=0.01 sys=0.01, real=0.00 secs] 
2016-08-24T16:41:34.157+0000: 9213.078: Total time for which application threads were stopped: 0.0065184 seconds, Stopping threads took: 0.0001002 seconds
2016-08-24T16:41:34.195+0000: 9213.116: [GC (Allocation Failure) 9213.116: [ParNew
Desired survivor size 8716288 bytes, new threshold 6 (max 6)
- age   1:      69832 bytes,      69832 total
- age   2:       9432 bytes,      79264 total
- age   4:       1000 bytes,      80264 total
- age   6:       1064 bytes,      81328 total
: 136608K->150K(153344K), 0.0055372 secs] 314403K->178066K(1031552K), 0.0056634 secs] [Times: user=0.01 sys=0.00, real=0.01 secs] 
2016-08-24T16:41:34.201+0000: 9213.122: Total time for which application threads were stopped: 0.0065340 seconds, Stopping threads took: 0.0000994 seconds
2016-08-24T16:41:34.242+0000: 9213.164: [GC (Allocation Failure) 9213.164: [ParNew
Desired survivor size 8716288 bytes, new threshold 6 (max 6)
- age   1:      57408 bytes,      57408 total
- age   3:       1000 bytes,      58408 total
- age   5:        968 bytes,      59376 total
: 136470K->77K(153344K), 0.0054528 secs] 314386K->177994K(1031552K), 0.0055619 secs] [Times: user=0.01 sys=0.00, real=0.00 secs] 
2016-08-24T16:41:34.248+0000: 9213.169: Total time for which application threads were stopped: 0.0063598 seconds, Stopping threads took: 0.0001009 seconds
2016-08-24T16:41:34.286+0000: 9213.208: [GC (Allocation Failure) 9213.208: [ParNew
Desired survivor size 8716288 bytes, new threshold 6 (max 6)
- age   1:      67544 bytes,      67544 total
- age   2:      12992 bytes,      80536 total
- age   4:       1000 bytes,      81536 total
- age   6:        968 bytes,      82504 total
: 136397K->90K(153344K), 0.0053259 secs] 314314K->178008K(1031552K), 0.0054404 secs] [Times: user=0.01 sys=0.00, real=0.01 secs] 
2016-08-24T16:41:34.292+0000: 9213.213: Total time for which application threads were stopped: 0.0062629 seconds, Stopping threads took: 0.0000995 seconds
2016-08-24T16:41:34.333+0000: 9213.254: [GC (Allocation Failure) 9213.254: [ParNew
Desired survivor size 8716288 bytes, new threshold 6 (max 6)
- age   1:      69384 bytes,      69384 total
- age   3:       1000 bytes,      70384 total
- age   5:        968 bytes,      71352 total
: 136410K->91K(153344K), 0.0052983 secs] 314328K->178009K(1031552K), 0.0053977 secs] [Times: user=0.01 sys=0.00, real=0.00 secs] 
2016-08-24T16:41:34.338+0000: 9213.260: Total time for which application threads were stopped: 0.0062309 seconds, Stopping threads took: 0.0001053 seconds
2016-08-24T16:41:34.377+0000: 9213.298: [GC (Allocation Failure) 9213.299: [ParNew
Desired survivor size 8716288 bytes, new threshold 6 (max 6)
- age   1:      68712 bytes,      68712 total
- age   2:      15264 bytes,      83976 total
- age   4:       1000 bytes,      84976 total
- age   6:        968 bytes,      85944 total
: 136411K->105K(153344K), 0.0065257 secs] 314329K->178023K(1031552K), 0.0066429 secs] [Times: user=0.01 sys=0.00, real=0.01 secs] 
2016-08-24T16:41:34.384+0000: 9213.305: Total time for which application threads were stopped: 0.0075533 seconds, Stopping threads took: 0.0000944 seconds
2016-08-24T16:41:34.706+0000: 9213.627: Total time for which application threads were stopped: 0.0006101 seconds, Stopping threads took: 0.0000885 seconds
2016-08-24T16:41:34.706+0000: 9213.628: Total time for which application threads were stopped: 0.0003061 seconds, Stopping threads took: 0.0000333 seconds
2016-08-24T16:41:34.707+0000: 9213.628: Total time for which application threads were stopped: 0.0003222 seconds, Stopping threads took: 0.0000505 seconds
2016-08-24T16:41:34.875+0000: 9213.797: Total time for which application threads were stopped: 0.0004768 seconds, Stopping threads took: 0.0000742 seconds
2016-08-24T16:41:34.876+0000: 9213.797: Total time for which application threads were stopped: 0.0003225 seconds, Stopping threads took: 0.0000488 seconds
2016-08-24T16:41:34.876+0000: 9213.798: Total time for which application threads were stopped: 0.0003181 seconds, Stopping threads took: 0.0000349 seconds
2016-08-24T16:41:37.879+0000: 9216.800: Total time for which application threads were stopped: 0.0018170 seconds, Stopping threads took: 0.0002620 seconds
2016-08-24T16:41:44.447+0000: 9223.368: [GC (Allocation Failure) 9223.368: [ParNew
Desired survivor size 8716288 bytes, new threshold 6 (max 6)
- age   1:    1208752 bytes,    1208752 total
- age   3:        968 bytes,    1209720 total
- age   5:        968 bytes,    1210688 total
: 136425K->1203K(153344K), 0.0089487 secs] 314343K->179122K(1031552K), 0.0090991 secs] [Times: user=0.01 sys=0.00, real=0.01 secs] 
2016-08-24T16:41:44.456+0000: 9223.377: Total time for which application threads were stopped: 0.0100887 seconds, Stopping threads took: 0.0001051 seconds
2016-08-24T16:41:44.495+0000: 9223.416: [GC (Allocation Failure) 9223.417: [ParNew
Desired survivor size 8716288 bytes, new threshold 6 (max 6)
- age   1:      71608 bytes,      71608 total
- age   2:     326576 bytes,     398184 total
- age   4:        968 bytes,     399152 total
- age   6:        968 bytes,     400120 total
: 137523K->555K(153344K), 0.0058718 secs] 315442K->178475K(1031552K), 0.0059876 secs] [Times: user=0.01 sys=0.00, real=0.01 secs] 
2016-08-24T16:41:44.501+0000: 9223.423: Total time for which application threads were stopped: 0.0067958 seconds, Stopping threads took: 0.0000984 seconds
2016-08-24T16:41:44.541+0000: 9223.463: [GC (Allocation Failure) 9223.463: [ParNew
Desired survivor size 8716288 bytes, new threshold 6 (max 6)
- age   1:      74304 bytes,      74304 total
- age   2:         96 bytes,      74400 total
- age   3:     311064 bytes,     385464 total
- age   5:        968 bytes,     386432 total
: 136875K->532K(153344K), 0.0055137 secs] 314795K->178453K(1031552K), 0.0056436 secs] [Times: user=0.01 sys=0.00, real=0.00 secs] 
2016-08-24T16:41:44.547+0000: 9223.468: Total time for which application threads were stopped: 0.0064700 seconds, Stopping threads took: 0.0001219 seconds
2016-08-24T16:41:44.587+0000: 9223.509: [GC (Allocation Failure) 9223.509: [ParNew
Desired survivor size 8716288 bytes, new threshold 6 (max 6)
- age   1:      67344 bytes,      67344 total
- age   2:      17376 bytes,      84720 total
- age   3:         96 bytes,      84816 total
- age   4:     311064 bytes,     395880 total
- age   6:        968 bytes,     396848 total
: 136852K->546K(153344K), 0.0059138 secs] 314773K->178466K(1031552K), 0.0060183 secs] [Times: user=0.01 sys=0.00, real=0.01 secs] 
2016-08-24T16:41:44.593+0000: 9223.515: Total time for which application threads were stopped: 0.0068318 seconds, Stopping threads took: 0.0001006 seconds
2016-08-24T16:41:44.634+0000: 9223.556: [GC (Allocation Failure) 9223.556: [ParNew
Desired survivor size 8716288 bytes, new threshold 6 (max 6)
- age   1:      64008 bytes,      64008 total
- age   3:       1096 bytes,      65104 total
- age   4:         96 bytes,      65200 total
- age   5:     309216 bytes,     374416 total
: 136866K->558K(153344K), 0.0062842 secs] 314786K->178480K(1031552K), 0.0063995 secs] [Times: user=0.01 sys=0.00, real=0.01 secs] 
2016-08-24T16:41:44.641+0000: 9223.562: Total time for which application threads were stopped: 0.0072408 seconds, Stopping threads took: 0.0001008 seconds
2016-08-24T16:41:44.681+0000: 9223.603: [GC (Allocation Failure) 9223.603: [ParNew
Desired survivor size 8716288 bytes, new threshold 6 (max 6)
- age   1:      63040 bytes,      63040 total
- age   2:      20016 bytes,      83056 total
- age   4:       1096 bytes,      84152 total
- age   5:         96 bytes,      84248 total
- age   6:     309216 bytes,     393464 total
: 136878K->539K(153344K), 0.0064507 secs] 314800K->178460K(1031552K), 0.0065655 secs] [Times: user=0.01 sys=0.00, real=0.00 secs] 
2016-08-24T16:41:44.688+0000: 9223.609: Total time for which application threads were stopped: 0.0074012 seconds, Stopping threads took: 0.0001004 seconds
2016-08-24T16:41:44.727+0000: 9223.648: [GC (Allocation Failure) 9223.649: [ParNew
Desired survivor size 8716288 bytes, new threshold 6 (max 6)
- age   1:      78016 bytes,      78016 total
- age   3:       1000 bytes,      79016 total
- age   5:       1064 bytes,      80080 total
- age   6:         96 bytes,      80176 total
: 136859K->383K(153344K), 0.0066633 secs] 314780K->178611K(1031552K), 0.0067835 secs] [Times: user=0.01 sys=0.00, real=0.01 secs] 
2016-08-24T16:41:44.734+0000: 9223.655: Total time for which application threads were stopped: 0.0075962 seconds, Stopping threads took: 0.0001001 seconds
2016-08-24T16:41:44.773+0000: 9223.695: [GC (Allocation Failure) 9223.695: [ParNew
Desired survivor size 8716288 bytes, new threshold 6 (max 6)
- age   1:      62328 bytes,      62328 total
- age   2:       1000 bytes,      63328 total
- age   4:        968 bytes,      64296 total
- age   6:       1064 bytes,      65360 total
: 136703K->129K(153344K), 0.0058253 secs] 314931K->178357K(1031552K), 0.0059409 secs] [Times: user=0.02 sys=0.00, real=0.00 secs] 
2016-08-24T16:41:44.779+0000: 9223.701: Total time for which application threads were stopped: 0.0068111 seconds, Stopping threads took: 0.0001175 seconds
2016-08-24T16:41:44.820+0000: 9223.741: [GC (Allocation Failure) 9223.742: [ParNew
Desired survivor size 8716288 bytes, new threshold 6 (max 6)
- age   1:      95808 bytes,      95808 total
- age   2:       4856 bytes,     100664 total
- age   3:       1000 bytes,     101664 total
- age   5:        968 bytes,     102632 total
: 136449K->124K(153344K), 0.0055731 secs] 314677K->178353K(1031552K), 0.0056607 secs] [Times: user=0.01 sys=0.00, real=0.01 secs] 
2016-08-24T16:41:44.826+0000: 9223.747: Total time for which application threads were stopped: 0.0065193 seconds, Stopping threads took: 0.0001175 seconds
2016-08-24T16:41:44.865+0000: 9223.786: [GC (Allocation Failure) 9223.786: [ParNew
Desired survivor size 8716288 bytes, new threshold 6 (max 6)
- age   1:      68720 bytes,      68720 total
- age   2:        232 bytes,      68952 total
- age   3:       1000 bytes,      69952 total
- age   4:        968 bytes,      70920 total
- age   6:        968 bytes,      71888 total
: 136444K->122K(153344K), 0.0058033 secs] 314673K->178351K(1031552K), 0.0059166 secs] [Times: user=0.02 sys=0.00, real=0.01 secs] 
2016-08-24T16:41:44.871+0000: 9223.792: Total time for which application threads were stopped: 0.0067820 seconds, Stopping threads took: 0.0000988 seconds
2016-08-24T16:41:44.911+0000: 9223.833: [GC (Allocation Failure) 9223.833: [ParNew
Desired survivor size 8716288 bytes, new threshold 6 (max 6)
- age   1:      65920 bytes,      65920 total
- age   2:       8032 bytes,      73952 total
- age   3:        232 bytes,      74184 total
- age   4:       1000 bytes,      75184 total
- age   5:        968 bytes,      76152 total
: 136442K->90K(153344K), 0.0061156 secs] 314671K->178320K(1031552K), 0.0062342 secs] [Times: user=0.01 sys=0.00, real=0.00 secs] 
2016-08-24T16:41:44.918+0000: 9223.839: Total time for which application threads were stopped: 0.0070769 seconds, Stopping threads took: 0.0001073 seconds
2016-08-24T16:41:54.348+0000: 9233.269: [GC (Allocation Failure) 9233.269: [ParNew
Desired survivor size 8716288 bytes, new threshold 6 (max 6)
- age   1:    1011016 bytes,    1011016 total
- age   3:        968 bytes,    1011984 total
- age   4:         88 bytes,    1012072 total
- age   5:        968 bytes,    1013040 total
- age   6:        968 bytes,    1014008 total
: 136410K->1010K(153344K), 0.0078157 secs] 314640K->179240K(1031552K), 0.0079582 secs] [Times: user=0.02 sys=0.00, real=0.01 secs] 
2016-08-24T16:41:54.356+0000: 9233.277: Total time for which application threads were stopped: 0.0087919 seconds, Stopping threads took: 0.0000975 seconds
2016-08-24T16:41:54.397+0000: 9233.319: [GC (Allocation Failure) 9233.319: [ParNew
Desired survivor size 8716288 bytes, new threshold 6 (max 6)
- age   1:      67688 bytes,      67688 total
- age   2:     278520 bytes,     346208 total
- age   4:        968 bytes,     347176 total
- age   5:         88 bytes,     347264 total
- age   6:        968 bytes,     348232 total
: 137330K->395K(153344K), 0.0058374 secs] 315560K->178626K(1031552K), 0.0059431 secs] [Times: user=0.01 sys=0.00, real=0.01 secs] 
2016-08-24T16:41:54.403+0000: 9233.325: Total time for which application threads were stopped: 0.0067360 seconds, Stopping threads took: 0.0001008 seconds
2016-08-24T16:41:54.444+0000: 9233.366: [GC (Allocation Failure) 9233.366: [ParNew
Desired survivor size 8716288 bytes, new threshold 6 (max 6)
- age   1:      63472 bytes,      63472 total
- age   2:        232 bytes,      63704 total
- age   3:     269448 bytes,     333152 total
- age   5:        968 bytes,     334120 total
- age   6:         88 bytes,     334208 total
: 136715K->446K(153344K), 0.0056571 secs] 314946K->178678K(1031552K), 0.0057841 secs] [Times: user=0.02 sys=0.00, real=0.01 secs] 
2016-08-24T16:41:54.450+0000: 9233.372: Total time for which application threads were stopped: 0.0066583 seconds, Stopping threads took: 0.0001152 seconds
2016-08-24T16:41:54.490+0000: 9233.412: [GC (Allocation Failure) 9233.412: [ParNew
Desired survivor size 8716288 bytes, new threshold 6 (max 6)
- age   1:      65720 bytes,      65720 total
- age   2:      10544 bytes,      76264 total
- age   3:        232 bytes,      76496 total
- age   4:     269448 bytes,     345944 total
- age   6:        968 bytes,     346912 total
: 136766K->467K(153344K), 0.0062477 secs] 314998K->178700K(1031552K), 0.0063786 secs] [Times: user=0.01 sys=0.00, real=0.00 secs] 
2016-08-24T16:41:54.497+0000: 9233.418: Total time for which application threads were stopped: 0.0072194 seconds, Stopping threads took: 0.0000992 seconds
2016-08-24T16:41:54.539+0000: 9233.461: [GC (Allocation Failure) 9233.461: [ParNew
Desired survivor size 8716288 bytes, new threshold 6 (max 6)
- age   1:      76968 bytes,      76968 total
- age   3:       1096 bytes,      78064 total
- age   4:        160 bytes,      78224 total
- age   5:     267600 bytes,     345824 total
: 136787K->487K(153344K), 0.0058126 secs] 315020K->178720K(1031552K), 0.0059223 secs] [Times: user=0.01 sys=0.00, real=0.01 secs] 
2016-08-24T16:41:54.545+0000: 9233.467: Total time for which application threads were stopped: 0.0067492 seconds, Stopping threads took: 0.0000993 seconds
2016-08-24T16:41:54.583+0000: 9233.505: [GC (Allocation Failure) 9233.505: [ParNew
Desired survivor size 8716288 bytes, new threshold 6 (max 6)
- age   1:      80376 bytes,      80376 total
- age   2:      14424 bytes,      94800 total
- age   4:       1096 bytes,      95896 total
- age   5:        160 bytes,      96056 total
- age   6:     267600 bytes,     363656 total
: 136807K->485K(153344K), 0.0062172 secs] 315040K->178718K(1031552K), 0.0063353 secs] [Times: user=0.01 sys=0.00, real=0.01 secs] 
2016-08-24T16:41:54.589+0000: 9233.511: Total time for which application threads were stopped: 0.0071952 seconds, Stopping threads took: 0.0001175 seconds
2016-08-24T16:41:54.629+0000: 9233.551: [GC (Allocation Failure) 9233.551: [ParNew
Desired survivor size 8716288 bytes, new threshold 6 (max 6)
- age   1:      58984 bytes,      58984 total
- age   3:       1336 bytes,      60320 total
- age   5:       1064 bytes,      61384 total
- age   6:        160 bytes,      61544 total
: 136805K->348K(153344K), 0.0068150 secs] 315038K->178847K(1031552K), 0.0069312 secs] [Times: user=0.02 sys=0.00, real=0.00 secs] 
2016-08-24T16:41:54.636+0000: 9233.558: Total time for which application threads were stopped: 0.0077835 seconds, Stopping threads took: 0.0001424 seconds
2016-08-24T16:41:54.678+0000: 9233.599: [GC (Allocation Failure) 9233.599: [ParNew
Desired survivor size 8716288 bytes, new threshold 6 (max 6)
- age   1:      77664 bytes,      77664 total
- age   2:      17000 bytes,      94664 total
- age   4:       1336 bytes,      96000 total
- age   6:       1064 bytes,      97064 total
: 136668K->118K(153344K), 0.0058798 secs] 315167K->178617K(1031552K), 0.0059886 secs] [Times: user=0.01 sys=0.00, real=0.01 secs] 
2016-08-24T16:41:54.684+0000: 9233.605: Total time for which application threads were stopped: 0.0068023 seconds, Stopping threads took: 0.0001012 seconds
2016-08-24T16:41:54.726+0000: 9233.647: [GC (Allocation Failure) 9233.647: [ParNew
Desired survivor size 8716288 bytes, new threshold 6 (max 6)
- age   1:      80216 bytes,      80216 total
- age   3:       1000 bytes,      81216 total
- age   5:       1304 bytes,      82520 total
: 136438K->133K(153344K), 0.0055428 secs] 314937K->178633K(1031552K), 0.0056490 secs] [Times: user=0.01 sys=0.00, real=0.01 secs] 
2016-08-24T16:41:54.731+0000: 9233.653: Total time for which application threads were stopped: 0.0064481 seconds, Stopping threads took: 0.0000952 seconds
2016-08-24T16:41:54.772+0000: 9233.694: [GC (Allocation Failure) 9233.694: [ParNew
Desired survivor size 8716288 bytes, new threshold 6 (max 6)
- age   1:      84160 bytes,      84160 total
- age   2:      19336 bytes,     103496 total
- age   4:       1000 bytes,     104496 total
- age   6:       1304 bytes,     105800 total
: 136453K->118K(153344K), 0.0052335 secs] 314953K->178619K(1031552K), 0.0053509 secs] [Times: user=0.01 sys=0.00, real=0.00 secs] 
2016-08-24T16:41:54.778+0000: 9233.699: Total time for which application threads were stopped: 0.0061720 seconds, Stopping threads took: 0.0001011 seconds
2016-08-24T16:41:54.819+0000: 9233.740: [GC (Allocation Failure) 9233.740: [ParNew
Desired survivor size 8716288 bytes, new threshold 6 (max 6)
- age   1:      85520 bytes,      85520 total
- age   3:       1000 bytes,      86520 total
- age   5:        968 bytes,      87488 total
: 136438K->127K(153344K), 0.0054505 secs] 314939K->178628K(1031552K), 0.0055537 secs] [Times: user=0.01 sys=0.00, real=0.01 secs] 
2016-08-24T16:41:54.824+0000: 9233.746: Total time for which application threads were stopped: 0.0063659 seconds, Stopping threads took: 0.0001001 seconds
2016-08-24T16:41:55.778+0000: 9234.700: [GC (Allocation Failure) 9234.700: [ParNew
Desired survivor size 8716288 bytes, new threshold 6 (max 6)
- age   1:     346720 bytes,     346720 total
- age   2:        968 bytes,     347688 total
- age   4:        968 bytes,     348656 total
- age   6:        968 bytes,     349624 total
: 136447K->354K(153344K), 0.0128161 secs] 314948K->178856K(1031552K), 0.0130233 secs] [Times: user=0.03 sys=0.00, real=0.02 secs] 
2016-08-24T16:41:55.791+0000: 9234.713: Total time for which application threads were stopped: 0.0150081 seconds, Stopping threads took: 0.0003037 seconds
2016-08-24T16:42:04.332+0000: 9243.254: [GC (Allocation Failure) 9243.254: [ParNew
Desired survivor size 8716288 bytes, new threshold 6 (max 6)
- age   1:     741784 bytes,     741784 total
- age   2:      99424 bytes,     841208 total
- age   3:        968 bytes,     842176 total
- age   5:        968 bytes,     843144 total
: 136674K->864K(153344K), 0.0074345 secs] 315176K->179366K(1031552K), 0.0075573 secs] [Times: user=0.02 sys=0.00, real=0.00 secs] 
2016-08-24T16:42:04.340+0000: 9243.261: Total time for which application threads were stopped: 0.0083857 seconds, Stopping threads took: 0.0000987 seconds
2016-08-24T16:42:04.380+0000: 9243.301: [GC (Allocation Failure) 9243.301: [ParNew
Desired survivor size 8716288 bytes, new threshold 6 (max 6)
- age   1:      66816 bytes,      66816 total
- age   2:     155728 bytes,     222544 total
- age   3:      96720 bytes,     319264 total
- age   4:        968 bytes,     320232 total
- age   6:        968 bytes,     321200 total
: 137184K->415K(153344K), 0.0055704 secs] 315686K->178918K(1031552K), 0.0056704 secs] [Times: user=0.01 sys=0.00, real=0.01 secs] 
2016-08-24T16:42:04.386+0000: 9243.307: Total time for which application threads were stopped: 0.0064417 seconds, Stopping threads took: 0.0001080 seconds
2016-08-24T16:42:04.426+0000: 9243.348: [GC (Allocation Failure) 9243.348: [ParNew
Desired survivor size 8716288 bytes, new threshold 6 (max 6)
- age   1:      67104 bytes,      67104 total
- age   2:       4224 bytes,      71328 total
- age   3:     155728 bytes,     227056 total
- age   4:      96720 bytes,     323776 total
- age   5:        968 bytes,     324744 total
: 136735K->439K(153344K), 0.0063610 secs] 315238K->178942K(1031552K), 0.0064796 secs] [Times: user=0.01 sys=0.00, real=0.01 secs] 
2016-08-24T16:42:04.433+0000: 9243.354: Total time for which application threads were stopped: 0.0073765 seconds, Stopping threads took: 0.0001225 seconds
2016-08-24T16:42:04.473+0000: 9243.395: [GC (Allocation Failure) 9243.395: [ParNew
Desired survivor size 8716288 bytes, new threshold 6 (max 6)
- age   1:      53824 bytes,      53824 total
- age   3:       1120 bytes,      54944 total
- age   4:     153880 bytes,     208824 total
- age   5:      96720 bytes,     305544 total
- age   6:        968 bytes,     306512 total
: 136759K->453K(153344K), 0.0067389 secs] 315262K->178956K(1031552K), 0.0068539 secs] [Times: user=0.02 sys=0.00, real=0.01 secs] 
2016-08-24T16:42:04.480+0000: 9243.402: Total time for which application threads were stopped: 0.0076816 seconds, Stopping threads took: 0.0001042 seconds
2016-08-24T16:42:04.519+0000: 9243.440: [GC (Allocation Failure) 9243.440: [ParNew
Desired survivor size 8716288 bytes, new threshold 6 (max 6)
- age   1:      93272 bytes,      93272 total
- age   2:       5800 bytes,      99072 total
- age   4:       1120 bytes,     100192 total
- age   5:     153880 bytes,     254072 total
- age   6:      96720 bytes,     350792 total
: 136773K->453K(153344K), 0.0067315 secs] 315276K->178958K(1031552K), 0.0068569 secs] [Times: user=0.01 sys=0.00, real=0.01 secs] 
2016-08-24T16:42:04.526+0000: 9243.447: Total time for which application threads were stopped: 0.0076801 seconds, Stopping threads took: 0.0001031 seconds
2016-08-24T16:42:04.565+0000: 9243.487: [GC (Allocation Failure) 9243.487: [ParNew
Desired survivor size 8716288 bytes, new threshold 6 (max 6)
- age   1:      72824 bytes,      72824 total
- age   3:       1000 bytes,      73824 total
- age   5:       1088 bytes,      74912 total
- age   6:     152064 bytes,     226976 total
: 136773K->465K(153344K), 0.0066943 secs] 315278K->179065K(1031552K), 0.0068103 secs] [Times: user=0.02 sys=0.00, real=0.01 secs] 
2016-08-24T16:42:04.572+0000: 9243.494: Total time for which application threads were stopped: 0.0076571 seconds, Stopping threads took: 0.0001027 seconds
2016-08-24T16:42:04.613+0000: 9243.534: [GC (Allocation Failure) 9243.534: [ParNew
Desired survivor size 8716288 bytes, new threshold 6 (max 6)
- age   1:      63656 bytes,      63656 total
- age   2:       9432 bytes,      73088 total
- age   4:       1000 bytes,      74088 total
- age   6:       1088 bytes,      75176 total
: 136785K->175K(153344K), 0.0065918 secs] 315385K->178927K(1031552K), 0.0067081 secs] [Times: user=0.02 sys=0.00, real=0.00 secs] 
2016-08-24T16:42:04.620+0000: 9243.541: Total time for which application threads were stopped: 0.0075730 seconds, Stopping threads took: 0.0001047 seconds
2016-08-24T16:42:04.661+0000: 9243.583: [GC (Allocation Failure) 9243.583: [ParNew
Desired survivor size 8716288 bytes, new threshold 6 (max 6)
- age   1:      80552 bytes,      80552 total
- age   3:       1000 bytes,      81552 total
- age   5:        968 bytes,      82520 total
: 136495K->104K(153344K), 0.0059547 secs] 315247K->178857K(1031552K), 0.0060705 secs] [Times: user=0.01 sys=0.00, real=0.00 secs] 
2016-08-24T16:42:04.668+0000: 9243.589: Total time for which application threads were stopped: 0.0068953 seconds, Stopping threads took: 0.0001047 seconds
2016-08-24T16:42:04.708+0000: 9243.629: [GC (Allocation Failure) 9243.629: [ParNew
Desired survivor size 8716288 bytes, new threshold 6 (max 6)
- age   1:      81960 bytes,      81960 total
- age   2:      12888 bytes,      94848 total
- age   4:       1000 bytes,      95848 total
- age   6:        968 bytes,      96816 total
: 136424K->102K(153344K), 0.0059850 secs] 315177K->178855K(1031552K), 0.0061025 secs] [Times: user=0.01 sys=0.00, real=0.01 secs] 
2016-08-24T16:42:04.714+0000: 9243.635: Total time for which application threads were stopped: 0.0069134 seconds, Stopping threads took: 0.0001001 seconds
2016-08-24T16:42:04.756+0000: 9243.677: [GC (Allocation Failure) 9243.677: [ParNew
Desired survivor size 8716288 bytes, new threshold 6 (max 6)
- age   1:      78272 bytes,      78272 total
- age   3:       1000 bytes,      79272 total
- age   5:        968 bytes,      80240 total
: 136422K->89K(153344K), 0.0061034 secs] 315175K->178844K(1031552K), 0.0062237 secs] [Times: user=0.01 sys=0.00, real=0.01 secs] 
2016-08-24T16:42:04.762+0000: 9243.684: Total time for which application threads were stopped: 0.0070947 seconds, Stopping threads took: 0.0001032 seconds
2016-08-24T16:42:04.802+0000: 9243.724: [GC (Allocation Failure) 9243.724: [ParNew
Desired survivor size 8716288 bytes, new threshold 6 (max 6)
- age   1:      69296 bytes,      69296 total
- age   2:      15264 bytes,      84560 total
- age   4:       1000 bytes,      85560 total
- age   6:        968 bytes,      86528 total
: 136409K->103K(153344K), 0.0060765 secs] 315164K->178857K(1031552K), 0.0061870 secs] [Times: user=0.01 sys=0.00, real=0.01 secs] 
2016-08-24T16:42:04.809+0000: 9243.730: Total time for which application threads were stopped: 0.0070187 seconds, Stopping threads took: 0.0001009 seconds
2016-08-24T16:42:14.530+0000: 9253.451: [GC (Allocation Failure) 9253.451: [ParNew
Desired survivor size 8716288 bytes, new threshold 6 (max 6)
- age   1:     848032 bytes,     848032 total
- age   3:        968 bytes,     849000 total
- age   5:        968 bytes,     849968 total
: 136423K->862K(153344K), 0.0073620 secs] 315177K->179617K(1031552K), 0.0074853 secs] [Times: user=0.01 sys=0.00, real=0.00 secs] 
2016-08-24T16:42:14.537+0000: 9253.459: Total time for which application threads were stopped: 0.0082929 seconds, Stopping threads took: 0.0000965 seconds
2016-08-24T16:42:14.578+0000: 9253.499: [GC (Allocation Failure) 9253.499: [ParNew
Desired survivor size 8716288 bytes, new threshold 6 (max 6)
- age   1:      88312 bytes,      88312 total
- age   2:     222032 bytes,     310344 total
- age   4:        968 bytes,     311312 total
- age   6:        968 bytes,     312280 total
: 137182K->325K(153344K), 0.0054093 secs] 315937K->179080K(1031552K), 0.0055221 secs] [Times: user=0.01 sys=0.00, real=0.01 secs] 
2016-08-24T16:42:14.583+0000: 9253.505: Total time for which application threads were stopped: 0.0063136 seconds, Stopping threads took: 0.0000964 seconds
2016-08-24T16:42:14.625+0000: 9253.546: [GC (Allocation Failure) 9253.546: [ParNew
Desired survivor size 8716288 bytes, new threshold 6 (max 6)
- age   1:      64656 bytes,      64656 total
- age   2:         72 bytes,      64728 total
- age   3:     206024 bytes,     270752 total
- age   5:        968 bytes,     271720 total
: 136645K->414K(153344K), 0.0057226 secs] 315400K->179170K(1031552K), 0.0058292 secs] [Times: user=0.01 sys=0.00, real=0.01 secs] 
2016-08-24T16:42:14.631+0000: 9253.552: Total time for which application threads were stopped: 0.0066808 seconds, Stopping threads took: 0.0000993 seconds
2016-08-24T16:42:14.670+0000: 9253.591: [GC (Allocation Failure) 9253.592: [ParNew
Desired survivor size 8716288 bytes, new threshold 6 (max 6)
- age   1:      78504 bytes,      78504 total
- age   2:      18480 bytes,      96984 total
- age   3:         72 bytes,      97056 total
- age   4:     206024 bytes,     303080 total
- age   6:        968 bytes,     304048 total
: 136734K->387K(153344K), 0.0058599 secs] 315490K->179144K(1031552K), 0.0059723 secs] [Times: user=0.02 sys=0.00, real=0.00 secs] 
2016-08-24T16:42:14.676+0000: 9253.598: Total time for which application threads were stopped: 0.0067974 seconds, Stopping threads took: 0.0001010 seconds
2016-08-24T16:42:14.718+0000: 9253.639: [GC (Allocation Failure) 9253.639: [ParNew
Desired survivor size 8716288 bytes, new threshold 6 (max 6)
- age   1:      76712 bytes,      76712 total
- age   3:       1096 bytes,      77808 total
- age   4:         72 bytes,      77880 total
- age   5:     204176 bytes,     282056 total
: 136707K->419K(153344K), 0.0058807 secs] 315464K->179177K(1031552K), 0.0059700 secs] [Times: user=0.01 sys=0.00, real=0.01 secs] 
2016-08-24T16:42:14.724+0000: 9253.645: Total time for which application threads were stopped: 0.0067642 seconds, Stopping threads took: 0.0001014 seconds
2016-08-24T16:42:14.766+0000: 9253.687: [GC (Allocation Failure) 9253.687: [ParNew
Desired survivor size 8716288 bytes, new threshold 6 (max 6)
- age   1:      58824 bytes,      58824 total
- age   2:       1000 bytes,      59824 total
- age   4:       1064 bytes,      60888 total
- age   5:         72 bytes,      60960 total
- age   6:     202360 bytes,     263320 total
: 136739K->403K(153344K), 0.0063180 secs] 315497K->179160K(1031552K), 0.0064312 secs] [Times: user=0.01 sys=0.00, real=0.01 secs] 
2016-08-24T16:42:14.772+0000: 9253.694: Total time for which application threads were stopped: 0.0072352 seconds, Stopping threads took: 0.0000979 seconds
2016-08-24T16:42:14.811+0000: 9253.733: [GC (Allocation Failure) 9253.733: [ParNew
Desired survivor size 8716288 bytes, new threshold 6 (max 6)
- age   1:      90080 bytes,      90080 total
- age   2:       4040 bytes,      94120 total
- age   3:       1000 bytes,      95120 total
- age   5:       1064 bytes,      96184 total
- age   6:         72 bytes,      96256 total
: 136723K->261K(153344K), 0.0067280 secs] 315480K->179220K(1031552K), 0.0068527 secs] [Times: user=0.01 sys=0.00, real=0.00 secs] 
2016-08-24T16:42:14.818+0000: 9253.740: Total time for which application threads were stopped: 0.0076882 seconds, Stopping threads took: 0.0000996 seconds
2016-08-24T16:42:14.860+0000: 9253.782: [GC (Allocation Failure) 9253.782: [ParNew
Desired survivor size 8716288 bytes, new threshold 6 (max 6)
- age   1:      59088 bytes,      59088 total
- age   3:       1000 bytes,      60088 total
- age   4:        968 bytes,      61056 total
- age   6:       1064 bytes,      62120 total
: 136581K->104K(153344K), 0.0059602 secs] 315540K->179063K(1031552K), 0.0060774 secs] [Times: user=0.01 sys=0.00, real=0.01 secs] 
2016-08-24T16:42:14.866+0000: 9253.788: Total time for which application threads were stopped: 0.0069215 seconds, Stopping threads took: 0.0001091 seconds
2016-08-24T16:42:14.904+0000: 9253.826: [GC (Allocation Failure) 9253.826: [ParNew
Desired survivor size 8716288 bytes, new threshold 6 (max 6)
- age   1:      67600 bytes,      67600 total
- age   2:       5624 bytes,      73224 total
- age   4:       1000 bytes,      74224 total
- age   5:        968 bytes,      75192 total
: 136424K->95K(153344K), 0.0058641 secs] 315383K->179056K(1031552K), 0.0059806 secs] [Times: user=0.01 sys=0.00, real=0.01 secs] 
2016-08-24T16:42:14.910+0000: 9253.832: Total time for which application threads were stopped: 0.0068448 seconds, Stopping threads took: 0.0000998 seconds
2016-08-24T16:42:14.949+0000: 9253.871: [GC (Allocation Failure) 9253.871: [ParNew
Desired survivor size 8716288 bytes, new threshold 6 (max 6)
- age   1:      54984 bytes,      54984 total
- age   3:       1000 bytes,      55984 total
- age   5:        968 bytes,      56952 total
- age   6:        968 bytes,      57920 total
: 136415K->87K(153344K), 0.0060298 secs] 315376K->179047K(1031552K), 0.0061387 secs] [Times: user=0.01 sys=0.00, real=0.00 secs] 
2016-08-24T16:42:14.955+0000: 9253.877: Total time for which application threads were stopped: 0.0069513 seconds, Stopping threads took: 0.0000998 seconds
2016-08-24T16:42:14.993+0000: 9253.915: [GC (Allocation Failure) 9253.915: [ParNew
Desired survivor size 8716288 bytes, new threshold 6 (max 6)
- age   1:      87544 bytes,      87544 total
- age   2:       9432 bytes,      96976 total
- age   4:       1000 bytes,      97976 total
- age   6:        968 bytes,      98944 total
: 136407K->112K(153344K), 0.0060571 secs] 315367K->179074K(1031552K), 0.0061707 secs] [Times: user=0.01 sys=0.00, real=0.00 secs] 
2016-08-24T16:42:15.000+0000: 9253.921: Total time for which application threads were stopped: 0.0070149 seconds, Stopping threads took: 0.0001009 seconds
2016-08-24T16:42:20.003+0000: 9258.924: Total time for which application threads were stopped: 0.0018070 seconds, Stopping threads took: 0.0002641 seconds
2016-08-24T16:42:24.345+0000: 9263.267: [GC (Allocation Failure) 9263.267: [ParNew
Desired survivor size 8716288 bytes, new threshold 6 (max 6)
- age   1:    1503832 bytes,    1503832 total
- age   3:        968 bytes,    1504800 total
- age   5:        968 bytes,    1505768 total
: 136432K->1480K(153344K), 0.0096760 secs] 315394K->180442K(1031552K), 0.0098213 secs] [Times: user=0.02 sys=0.00, real=0.01 secs] 
2016-08-24T16:42:24.355+0000: 9263.277: Total time for which application threads were stopped: 0.0107904 seconds, Stopping threads took: 0.0001193 seconds
2016-08-24T16:42:24.393+0000: 9263.315: [GC (Allocation Failure) 9263.315: [ParNew
Desired survivor size 8716288 bytes, new threshold 6 (max 6)
- age   1:      80328 bytes,      80328 total
- age   2:     368824 bytes,     449152 total
- age   4:        968 bytes,     450120 total
- age   6:        968 bytes,     451088 total
: 137800K->615K(153344K), 0.0062745 secs] 316762K->179577K(1031552K), 0.0063850 secs] [Times: user=0.02 sys=0.00, real=0.00 secs] 
2016-08-24T16:42:24.400+0000: 9263.321: Total time for which application threads were stopped: 0.0072296 seconds, Stopping threads took: 0.0001035 seconds
2016-08-24T16:42:24.440+0000: 9263.362: [GC (Allocation Failure) 9263.362: [ParNew
Desired survivor size 8716288 bytes, new threshold 6 (max 6)
- age   1:      74600 bytes,      74600 total
- age   2:        432 bytes,      75032 total
- age   3:     359744 bytes,     434776 total
- age   5:        968 bytes,     435744 total
: 136935K->598K(153344K), 0.0075555 secs] 315897K->179561K(1031552K), 0.0077288 secs] [Times: user=0.01 sys=0.00, real=0.00 secs] 
2016-08-24T16:42:24.448+0000: 9263.370: Total time for which application threads were stopped: 0.0087662 seconds, Stopping threads took: 0.0001538 seconds
2016-08-24T16:42:24.501+0000: 9263.422: [GC (Allocation Failure) 9263.422: [ParNew
Desired survivor size 8716288 bytes, new threshold 6 (max 6)
- age   1:      78280 bytes,      78280 total
- age   2:      10384 bytes,      88664 total
- age   3:        432 bytes,      89096 total
- age   4:     359744 bytes,     448840 total
- age   6:        968 bytes,     449808 total
: 136918K->617K(153344K), 0.0059656 secs] 315881K->179580K(1031552K), 0.0060636 secs] [Times: user=0.01 sys=0.00, real=0.00 secs] 
2016-08-24T16:42:24.507+0000: 9263.429: Total time for which application threads were stopped: 0.0069094 seconds, Stopping threads took: 0.0001006 seconds
2016-08-24T16:42:24.546+0000: 9263.467: [GC (Allocation Failure) 9263.467: [ParNew
Desired survivor size 8716288 bytes, new threshold 6 (max 6)
- age   1:      65080 bytes,      65080 total
- age   3:       1096 bytes,      66176 total
- age   4:        432 bytes,      66608 total
- age   5:     357896 bytes,     424504 total
: 136937K->637K(153344K), 0.0067949 secs] 315900K->179601K(1031552K), 0.0069248 secs] [Times: user=0.01 sys=0.00, real=0.01 secs] 
2016-08-24T16:42:24.553+0000: 9263.474: Total time for which application threads were stopped: 0.0077747 seconds, Stopping threads took: 0.0001000 seconds
2016-08-24T16:42:24.593+0000: 9263.515: [GC (Allocation Failure) 9263.515: [ParNew
Desired survivor size 8716288 bytes, new threshold 6 (max 6)
- age   1:      80184 bytes,      80184 total
- age   2:      14088 bytes,      94272 total
- age   4:       1096 bytes,      95368 total
- age   5:        432 bytes,      95800 total
- age   6:     357896 bytes,     453696 total
: 136957K->609K(153344K), 0.0067601 secs] 315921K->179573K(1031552K), 0.0068716 secs] [Times: user=0.02 sys=0.00, real=0.01 secs] 
2016-08-24T16:42:24.600+0000: 9263.522: Total time for which application threads were stopped: 0.0076816 seconds, Stopping threads took: 0.0000969 seconds
2016-08-24T16:42:24.643+0000: 9263.565: [GC (Allocation Failure) 9263.565: [ParNew
Desired survivor size 8716288 bytes, new threshold 6 (max 6)
- age   1:      75184 bytes,      75184 total
- age   3:       1000 bytes,      76184 total
- age   5:       1064 bytes,      77248 total
- age   6:        432 bytes,      77680 total
: 136929K->434K(153344K), 0.0080977 secs] 315893K->179753K(1031552K), 0.0082280 secs] [Times: user=0.02 sys=0.00, real=0.01 secs] 
2016-08-24T16:42:24.651+0000: 9263.573: Total time for which application threads were stopped: 0.0090851 seconds, Stopping threads took: 0.0000982 seconds
2016-08-24T16:42:24.692+0000: 9263.613: [GC (Allocation Failure) 9263.613: [ParNew
Desired survivor size 8716288 bytes, new threshold 6 (max 6)
- age   1:      74104 bytes,      74104 total
- age   2:      16416 bytes,      90520 total
- age   4:       1000 bytes,      91520 total
- age   6:       1064 bytes,      92584 total
: 136754K->142K(153344K), 0.0067618 secs] 316073K->179462K(1031552K), 0.0068888 secs] [Times: user=0.01 sys=0.00, real=0.00 secs] 
2016-08-24T16:42:24.699+0000: 9263.620: Total time for which application threads were stopped: 0.0077272 seconds, Stopping threads took: 0.0000982 seconds
2016-08-24T16:42:24.741+0000: 9263.663: [GC (Allocation Failure) 9263.663: [ParNew
Desired survivor size 8716288 bytes, new threshold 6 (max 6)
- age   1:      65688 bytes,      65688 total
- age   3:       1000 bytes,      66688 total
- age   5:        968 bytes,      67656 total
: 136462K->107K(153344K), 0.0060626 secs] 315782K->179427K(1031552K), 0.0061872 secs] [Times: user=0.01 sys=0.00, real=0.00 secs] 
2016-08-24T16:42:24.748+0000: 9263.669: Total time for which application threads were stopped: 0.0070412 seconds, Stopping threads took: 0.0001087 seconds
2016-08-24T16:42:24.787+0000: 9263.708: [GC (Allocation Failure) 9263.708: [ParNew
Desired survivor size 8716288 bytes, new threshold 6 (max 6)
- age   1:      76656 bytes,      76656 total
- age   2:      19336 bytes,      95992 total
- age   4:       1000 bytes,      96992 total
- age   6:        968 bytes,      97960 total
: 136427K->105K(153344K), 0.0065309 secs] 315747K->179425K(1031552K), 0.0066570 secs] [Times: user=0.01 sys=0.00, real=0.01 secs] 
2016-08-24T16:42:24.793+0000: 9263.715: Total time for which application threads were stopped: 0.0075585 seconds, Stopping threads took: 0.0001245 seconds
2016-08-24T16:42:24.833+0000: 9263.755: [GC (Allocation Failure) 9263.755: [ParNew
Desired survivor size 8716288 bytes, new threshold 6 (max 6)
- age   1:      83048 bytes,      83048 total
- age   3:       1000 bytes,      84048 total
- age   5:        968 bytes,      85016 total
: 136425K->114K(153344K), 0.0060430 secs] 315745K->179436K(1031552K), 0.0061572 secs] [Times: user=0.01 sys=0.00, real=0.00 secs] 
2016-08-24T16:42:24.839+0000: 9263.761: Total time for which application threads were stopped: 0.0070203 seconds, Stopping threads took: 0.0000974 seconds
2016-08-24T16:42:26.085+0000: 9265.007: [GC (Allocation Failure) 9265.007: [ParNew
Desired survivor size 8716288 bytes, new threshold 6 (max 6)
- age   1:     318208 bytes,     318208 total
- age   2:        968 bytes,     319176 total
- age   4:        968 bytes,     320144 total
- age   6:        968 bytes,     321112 total
: 136434K->328K(153344K), 0.0128333 secs] 315756K->179649K(1031552K), 0.0130430 secs] [Times: user=0.03 sys=0.00, real=0.01 secs] 
2016-08-24T16:42:26.098+0000: 9265.020: Total time for which application threads were stopped: 0.0150502 seconds, Stopping threads took: 0.0002347 seconds
2016-08-24T16:42:33.849+0000: 9272.770: [GC (Allocation Failure) 9272.770: [ParNew
Desired survivor size 8716288 bytes, new threshold 6 (max 6)
- age   1:     575808 bytes,     575808 total
- age   2:      94064 bytes,     669872 total
- age   3:        968 bytes,     670840 total
- age   5:        968 bytes,     671808 total
: 136648K->715K(153344K), 0.0073856 secs] 315969K->180037K(1031552K), 0.0075117 secs] [Times: user=0.01 sys=0.00, real=0.00 secs] 
2016-08-24T16:42:33.856+0000: 9272.778: Total time for which application threads were stopped: 0.0083814 seconds, Stopping threads took: 0.0000992 seconds
2016-08-24T16:42:33.897+0000: 9272.818: [GC (Allocation Failure) 9272.818: [ParNew
Desired survivor size 8716288 bytes, new threshold 6 (max 6)
- age   1:      59944 bytes,      59944 total
- age   2:     110064 bytes,     170008 total
- age   3:      91608 bytes,     261616 total
- age   4:        968 bytes,     262584 total
- age   6:        968 bytes,     263552 total
: 137035K->367K(153344K), 0.0058382 secs] 316357K->179689K(1031552K), 0.0059460 secs] [Times: user=0.01 sys=0.00, real=0.01 secs] 
2016-08-24T16:42:33.903+0000: 9272.824: Total time for which application threads were stopped: 0.0067924 seconds, Stopping threads took: 0.0000843 seconds
2016-08-24T16:42:33.943+0000: 9272.865: [GC (Allocation Failure) 9272.865: [ParNew
Desired survivor size 8716288 bytes, new threshold 6 (max 6)
- age   1:      70904 bytes,      70904 total
- age   2:       4456 bytes,      75360 total
- age   3:     110064 bytes,     185424 total
- age   4:      91608 bytes,     277032 total
- age   5:        968 bytes,     278000 total
: 136687K->358K(153344K), 0.0064145 secs] 316009K->179681K(1031552K), 0.0065262 secs] [Times: user=0.01 sys=0.00, real=0.01 secs] 
2016-08-24T16:42:33.950+0000: 9272.872: Total time for which application threads were stopped: 0.0073368 seconds, Stopping threads took: 0.0001009 seconds
2016-08-24T16:42:33.990+0000: 9272.911: [GC (Allocation Failure) 9272.912: [ParNew
Desired survivor size 8716288 bytes, new threshold 6 (max 6)
- age   1:      52752 bytes,      52752 total
- age   3:       1096 bytes,      53848 total
- age   4:     108216 bytes,     162064 total
- age   5:      91608 bytes,     253672 total
- age   6:        968 bytes,     254640 total
: 136678K->359K(153344K), 0.0061834 secs] 316001K->179682K(1031552K), 0.0063046 secs] [Times: user=0.02 sys=0.00, real=0.00 secs] 
2016-08-24T16:42:33.996+0000: 9272.918: Total time for which application threads were stopped: 0.0071279 seconds, Stopping threads took: 0.0001097 seconds
2016-08-24T16:42:34.038+0000: 9272.959: [GC (Allocation Failure) 9272.959: [ParNew
Desired survivor size 8716288 bytes, new threshold 6 (max 6)
- age   1:      74600 bytes,      74600 total
- age   2:       7272 bytes,      81872 total
- age   4:       1096 bytes,      82968 total
- age   5:     108216 bytes,     191184 total
- age   6:      91608 bytes,     282792 total
: 136679K->358K(153344K), 0.0062850 secs] 316002K->179682K(1031552K), 0.0063981 secs] [Times: user=0.01 sys=0.00, real=0.01 secs] 
2016-08-24T16:42:34.044+0000: 9272.966: Total time for which application threads were stopped: 0.0072081 seconds, Stopping threads took: 0.0000995 seconds
2016-08-24T16:42:34.085+0000: 9273.006: [GC (Allocation Failure) 9273.006: [ParNew
Desired survivor size 8716288 bytes, new threshold 6 (max 6)
- age   1:      57824 bytes,      57824 total
- age   3:       1000 bytes,      58824 total
- age   5:       1064 bytes,      59888 total
- age   6:     106400 bytes,     166288 total
: 136678K->269K(153344K), 0.0060632 secs] 316002K->179685K(1031552K), 0.0061855 secs] [Times: user=0.01 sys=0.00, real=0.01 secs] 
2016-08-24T16:42:34.091+0000: 9273.013: Total time for which application threads were stopped: 0.0070537 seconds, Stopping threads took: 0.0001135 seconds
2016-08-24T16:42:34.131+0000: 9273.053: [GC (Allocation Failure) 9273.053: [ParNew
Desired survivor size 8716288 bytes, new threshold 6 (max 6)
- age   1:      82944 bytes,      82944 total
- age   2:       9872 bytes,      92816 total
- age   4:       1000 bytes,      93816 total
- age   6:       1064 bytes,      94880 total
: 136589K->141K(153344K), 0.0065056 secs] 316005K->179662K(1031552K), 0.0066296 secs] [Times: user=0.02 sys=0.00, real=0.00 secs] 
2016-08-24T16:42:34.138+0000: 9273.060: Total time for which application threads were stopped: 0.0074933 seconds, Stopping threads took: 0.0001157 seconds
2016-08-24T16:42:34.182+0000: 9273.104: [GC (Allocation Failure) 9273.104: [ParNew
Desired survivor size 8716288 bytes, new threshold 6 (max 6)
- age   1:      56888 bytes,      56888 total
- age   3:       1000 bytes,      57888 total
- age   5:        968 bytes,      58856 total
: 136461K->85K(153344K), 0.0063187 secs] 315982K->179608K(1031552K), 0.0064403 secs] [Times: user=0.01 sys=0.00, real=0.01 secs] 
2016-08-24T16:42:34.189+0000: 9273.110: Total time for which application threads were stopped: 0.0072723 seconds, Stopping threads took: 0.0001010 seconds
2016-08-24T16:42:34.232+0000: 9273.154: [GC (Allocation Failure) 9273.154: [ParNew
Desired survivor size 8716288 bytes, new threshold 6 (max 6)
- age   1:      71136 bytes,      71136 total
- age   2:      13776 bytes,      84912 total
- age   4:       1000 bytes,      85912 total
- age   6:        968 bytes,      86880 total
: 136405K->96K(153344K), 0.0062813 secs] 315928K->179618K(1031552K), 0.0063982 secs] [Times: user=0.01 sys=0.00, real=0.00 secs] 
2016-08-24T16:42:34.239+0000: 9273.161: Total time for which application threads were stopped: 0.0072716 seconds, Stopping threads took: 0.0000987 seconds
2016-08-24T16:42:34.279+0000: 9273.200: [GC (Allocation Failure) 9273.200: [ParNew
Desired survivor size 8716288 bytes, new threshold 6 (max 6)
- age   1:      72320 bytes,      72320 total
- age   3:       1000 bytes,      73320 total
- age   5:        968 bytes,      74288 total
: 136416K->95K(153344K), 0.0064679 secs] 315938K->179619K(1031552K), 0.0065859 secs] [Times: user=0.01 sys=0.00, real=0.01 secs] 
2016-08-24T16:42:34.286+0000: 9273.207: Total time for which application threads were stopped: 0.0074221 seconds, Stopping threads took: 0.0001017 seconds
2016-08-24T16:42:34.326+0000: 9273.248: [GC (Allocation Failure) 9273.248: [ParNew
Desired survivor size 8716288 bytes, new threshold 6 (max 6)
- age   1:      68368 bytes,      68368 total
- age   2:      15352 bytes,      83720 total
- age   4:       1000 bytes,      84720 total
- age   6:        968 bytes,      85688 total
: 136415K->93K(153344K), 0.0064556 secs] 315939K->179617K(1031552K), 0.0065996 secs] [Times: user=0.02 sys=0.00, real=0.01 secs] 
2016-08-24T16:42:34.333+0000: 9273.255: Total time for which application threads were stopped: 0.0074308 seconds, Stopping threads took: 0.0001009 seconds
2016-08-24T16:42:37.710+0000: 9276.631: Total time for which application threads were stopped: 0.0019348 seconds, Stopping threads took: 0.0002255 seconds
2016-08-24T16:42:37.711+0000: 9276.633: Total time for which application threads were stopped: 0.0012674 seconds, Stopping threads took: 0.0001605 seconds
2016-08-24T16:42:37.713+0000: 9276.634: Total time for which application threads were stopped: 0.0011483 seconds, Stopping threads took: 0.0001943 seconds
2016-08-24T16:42:37.877+0000: 9276.799: Total time for which application threads were stopped: 0.0020460 seconds, Stopping threads took: 0.0002262 seconds
2016-08-24T16:42:37.879+0000: 9276.800: Total time for which application threads were stopped: 0.0012710 seconds, Stopping threads took: 0.0001579 seconds
2016-08-24T16:42:37.881+0000: 9276.802: Total time for which application threads were stopped: 0.0013349 seconds, Stopping threads took: 0.0002141 seconds
2016-08-24T16:42:44.481+0000: 9283.402: [GC (Allocation Failure) 9283.402: [ParNew
Desired survivor size 8716288 bytes, new threshold 6 (max 6)
- age   1:    1210776 bytes,    1210776 total
- age   3:       1000 bytes,    1211776 total
- age   5:        968 bytes,    1212744 total
: 136413K->1193K(153344K), 0.0082733 secs] 315937K->180718K(1031552K), 0.0083991 secs] [Times: user=0.02 sys=0.00, real=0.01 secs] 
2016-08-24T16:42:44.489+0000: 9283.411: Total time for which application threads were stopped: 0.0093645 seconds, Stopping threads took: 0.0001336 seconds
2016-08-24T16:42:44.527+0000: 9283.449: [GC (Allocation Failure) 9283.449: [ParNew
Desired survivor size 8716288 bytes, new threshold 6 (max 6)
- age   1:      60816 bytes,      60816 total
- age   2:     297704 bytes,     358520 total
- age   4:       1000 bytes,     359520 total
- age   6:        968 bytes,     360488 total
: 137513K->452K(153344K), 0.0059748 secs] 317038K->179977K(1031552K), 0.0060800 secs] [Times: user=0.02 sys=0.00, real=0.01 secs] 
2016-08-24T16:42:44.534+0000: 9283.455: Total time for which application threads were stopped: 0.0069144 seconds, Stopping threads took: 0.0000993 seconds
2016-08-24T16:42:44.573+0000: 9283.495: [GC (Allocation Failure) 9283.495: [ParNew
Desired survivor size 8716288 bytes, new threshold 6 (max 6)
- age   1:      81904 bytes,      81904 total
- age   2:         96 bytes,      82000 total
- age   3:     282040 bytes,     364040 total
- age   5:       1000 bytes,     365040 total
: 136772K->492K(153344K), 0.0059553 secs] 316297K->180017K(1031552K), 0.0060613 secs] [Times: user=0.01 sys=0.00, real=0.00 secs] 
2016-08-24T16:42:44.580+0000: 9283.501: Total time for which application threads were stopped: 0.0068774 seconds, Stopping threads took: 0.0001011 seconds
2016-08-24T16:42:44.617+0000: 9283.539: [GC (Allocation Failure) 9283.539: [ParNew
Desired survivor size 8716288 bytes, new threshold 6 (max 6)
- age   1:      72096 bytes,      72096 total
- age   2:      17656 bytes,      89752 total
- age   3:         96 bytes,      89848 total
- age   4:     282040 bytes,     371888 total
- age   6:       1000 bytes,     372888 total
: 136812K->504K(153344K), 0.0058836 secs] 316337K->180030K(1031552K), 0.0059865 secs] [Times: user=0.01 sys=0.00, real=0.01 secs] 
2016-08-24T16:42:44.623+0000: 9283.545: Total time for which application threads were stopped: 0.0067798 seconds, Stopping threads took: 0.0001010 seconds
2016-08-24T16:42:44.662+0000: 9283.584: [GC (Allocation Failure) 9283.584: [ParNew
Desired survivor size 8716288 bytes, new threshold 6 (max 6)
- age   1:      71328 bytes,      71328 total
- age   3:       1096 bytes,      72424 total
- age   4:         96 bytes,      72520 total
- age   5:     280192 bytes,     352712 total
: 136824K->501K(153344K), 0.0058507 secs] 316350K->180028K(1031552K), 0.0059654 secs] [Times: user=0.01 sys=0.00, real=0.01 secs] 
2016-08-24T16:42:44.668+0000: 9283.590: Total time for which application threads were stopped: 0.0067783 seconds, Stopping threads took: 0.0001008 seconds
2016-08-24T16:42:44.709+0000: 9283.630: [GC (Allocation Failure) 9283.630: [ParNew
Desired survivor size 8716288 bytes, new threshold 6 (max 6)
- age   1:      82480 bytes,      82480 total
- age   2:      20592 bytes,     103072 total
- age   4:       1096 bytes,     104168 total
- age   5:         96 bytes,     104264 total
- age   6:     280192 bytes,     384456 total
: 136821K->501K(153344K), 0.0059318 secs] 316348K->180028K(1031552K), 0.0060364 secs] [Times: user=0.01 sys=0.00, real=0.00 secs] 
2016-08-24T16:42:44.715+0000: 9283.636: Total time for which application threads were stopped: 0.0069056 seconds, Stopping threads took: 0.0000986 seconds
2016-08-24T16:42:44.756+0000: 9283.678: [GC (Allocation Failure) 9283.678: [ParNew
Desired survivor size 8716288 bytes, new threshold 6 (max 6)
- age   1:      71096 bytes,      71096 total
- age   3:       1000 bytes,      72096 total
- age   5:       1064 bytes,      73160 total
- age   6:         96 bytes,      73256 total
: 136821K->369K(153344K), 0.0069974 secs] 316348K->180173K(1031552K), 0.0071166 secs] [Times: user=0.01 sys=0.01, real=0.01 secs] 
2016-08-24T16:42:44.763+0000: 9283.685: Total time for which application threads were stopped: 0.0079761 seconds, Stopping threads took: 0.0001003 seconds
2016-08-24T16:42:44.806+0000: 9283.727: [GC (Allocation Failure) 9283.727: [ParNew
Desired survivor size 8716288 bytes, new threshold 6 (max 6)
- age   1:      58168 bytes,      58168 total
- age   2:       1000 bytes,      59168 total
- age   4:        968 bytes,      60136 total
- age   6:       1064 bytes,      61200 total
: 136689K->124K(153344K), 0.0053472 secs] 316493K->179928K(1031552K), 0.0054470 secs] [Times: user=0.01 sys=0.00, real=0.01 secs] 
2016-08-24T16:42:44.811+0000: 9283.733: Total time for which application threads were stopped: 0.0062438 seconds, Stopping threads took: 0.0001000 seconds
2016-08-24T16:42:44.849+0000: 9283.770: [GC (Allocation Failure) 9283.770: [ParNew
Desired survivor size 8716288 bytes, new threshold 6 (max 6)
- age   1:      67344 bytes,      67344 total
- age   2:       4976 bytes,      72320 total
- age   3:       1000 bytes,      73320 total
- age   5:        968 bytes,      74288 total
: 136444K->89K(153344K), 0.0053180 secs] 316248K->179894K(1031552K), 0.0054211 secs] [Times: user=0.01 sys=0.00, real=0.00 secs] 
2016-08-24T16:42:44.854+0000: 9283.776: Total time for which application threads were stopped: 0.0062626 seconds, Stopping threads took: 0.0001004 seconds
2016-08-24T16:42:44.896+0000: 9283.817: [GC (Allocation Failure) 9283.817: [ParNew
Desired survivor size 8716288 bytes, new threshold 6 (max 6)
- age   1:      62208 bytes,      62208 total
- age   3:       1000 bytes,      63208 total
- age   4:        968 bytes,      64176 total
- age   6:        968 bytes,      65144 total
: 136409K->90K(153344K), 0.0052090 secs] 316214K->179895K(1031552K), 0.0053145 secs] [Times: user=0.01 sys=0.00, real=0.01 secs] 
2016-08-24T16:42:44.901+0000: 9283.822: Total time for which application threads were stopped: 0.0061928 seconds, Stopping threads took: 0.0001247 seconds
2016-08-24T16:42:44.939+0000: 9283.860: [GC (Allocation Failure) 9283.860: [ParNew
Desired survivor size 8716288 bytes, new threshold 6 (max 6)
- age   1:      71760 bytes,      71760 total
- age   2:       8568 bytes,      80328 total
- age   4:       1000 bytes,      81328 total
- age   5:        968 bytes,      82296 total
: 136410K->95K(153344K), 0.0053398 secs] 316215K->179901K(1031552K), 0.0054752 secs] [Times: user=0.01 sys=0.00, real=0.01 secs] 
2016-08-24T16:42:44.944+0000: 9283.866: Total time for which application threads were stopped: 0.0063535 seconds, Stopping threads took: 0.0001003 seconds
2016-08-24T16:42:52.948+0000: 9291.869: Total time for which application threads were stopped: 0.0014373 seconds, Stopping threads took: 0.0002226 seconds
2016-08-24T16:42:54.357+0000: 9293.279: [GC (Allocation Failure) 9293.279: [ParNew
Desired survivor size 8716288 bytes, new threshold 6 (max 6)
- age   1:     926736 bytes,     926736 total
- age   3:        968 bytes,     927704 total
- age   5:        968 bytes,     928672 total
- age   6:        968 bytes,     929640 total
: 136415K->940K(153344K), 0.0076423 secs] 316221K->180746K(1031552K), 0.0077625 secs] [Times: user=0.02 sys=0.00, real=0.01 secs] 
2016-08-24T16:42:54.365+0000: 9293.286: Total time for which application threads were stopped: 0.0086185 seconds, Stopping threads took: 0.0001007 seconds
2016-08-24T16:42:54.405+0000: 9293.326: [GC (Allocation Failure) 9293.326: [ParNew
Desired survivor size 8716288 bytes, new threshold 6 (max 6)
- age   1:      70672 bytes,      70672 total
- age   2:     256512 bytes,     327184 total
- age   4:        968 bytes,     328152 total
- age   6:        968 bytes,     329120 total
: 137260K->441K(153344K), 0.0058366 secs] 317066K->180248K(1031552K), 0.0059388 secs] [Times: user=0.01 sys=0.00, real=0.01 secs] 
2016-08-24T16:42:54.411+0000: 9293.332: Total time for which application threads were stopped: 0.0068136 seconds, Stopping threads took: 0.0001259 seconds
2016-08-24T16:42:54.454+0000: 9293.375: [GC (Allocation Failure) 9293.375: [ParNew
Desired survivor size 8716288 bytes, new threshold 6 (max 6)
- age   1:      55984 bytes,      55984 total
- age   2:         72 bytes,      56056 total
- age   3:     247176 bytes,     303232 total
- age   5:        968 bytes,     304200 total
: 136761K->433K(153344K), 0.0062052 secs] 316568K->180241K(1031552K), 0.0063497 secs] [Times: user=0.01 sys=0.00, real=0.01 secs] 
2016-08-24T16:42:54.460+0000: 9293.382: Total time for which application threads were stopped: 0.0072586 seconds, Stopping threads took: 0.0001180 seconds
2016-08-24T16:42:54.503+0000: 9293.425: [GC (Allocation Failure) 9293.425: [ParNew
Desired survivor size 8716288 bytes, new threshold 6 (max 6)
- age   1:      71024 bytes,      71024 total
- age   2:      11640 bytes,      82664 total
- age   3:         72 bytes,      82736 total
- age   4:     247176 bytes,     329912 total
- age   6:        968 bytes,     330880 total
: 136753K->431K(153344K), 0.0058260 secs] 316561K->180239K(1031552K), 0.0059209 secs] [Times: user=0.01 sys=0.00, real=0.01 secs] 
2016-08-24T16:42:54.509+0000: 9293.431: Total time for which application threads were stopped: 0.0066969 seconds, Stopping threads took: 0.0000944 seconds
2016-08-24T16:42:54.548+0000: 9293.470: [GC (Allocation Failure) 9293.470: [ParNew
Desired survivor size 8716288 bytes, new threshold 6 (max 6)
- age   1:      56856 bytes,      56856 total
- age   3:       1096 bytes,      57952 total
- age   4:         72 bytes,      58024 total
- age   5:     244392 bytes,     302416 total
: 136751K->457K(153344K), 0.0060282 secs] 316559K->180265K(1031552K), 0.0061481 secs] [Times: user=0.02 sys=0.00, real=0.01 secs] 
2016-08-24T16:42:54.554+0000: 9293.476: Total time for which application threads were stopped: 0.0069940 seconds, Stopping threads took: 0.0000989 seconds
2016-08-24T16:42:54.595+0000: 9293.516: [GC (Allocation Failure) 9293.516: [ParNew
Desired survivor size 8716288 bytes, new threshold 6 (max 6)
- age   1:      73120 bytes,      73120 total
- age   2:      14896 bytes,      88016 total
- age   4:       1096 bytes,      89112 total
- age   5:         72 bytes,      89184 total
- age   6:     244392 bytes,     333576 total
: 136777K->431K(153344K), 0.0057375 secs] 316585K->180240K(1031552K), 0.0058292 secs] [Times: user=0.01 sys=0.00, real=0.01 secs] 
2016-08-24T16:42:54.601+0000: 9293.522: Total time for which application threads were stopped: 0.0066491 seconds, Stopping threads took: 0.0001419 seconds
2016-08-24T16:42:54.639+0000: 9293.561: [GC (Allocation Failure) 9293.561: [ParNew
Desired survivor size 8716288 bytes, new threshold 6 (max 6)
- age   1:      65456 bytes,      65456 total
- age   3:       1336 bytes,      66792 total
- age   5:       1096 bytes,      67888 total
- age   6:         72 bytes,      67960 total
: 136751K->318K(153344K), 0.0063254 secs] 316560K->180370K(1031552K), 0.0064554 secs] [Times: user=0.01 sys=0.00, real=0.01 secs] 
2016-08-24T16:42:54.646+0000: 9293.567: Total time for which application threads were stopped: 0.0073179 seconds, Stopping threads took: 0.0001012 seconds
2016-08-24T16:42:54.686+0000: 9293.608: [GC (Allocation Failure) 9293.608: [ParNew
Desired survivor size 8716288 bytes, new threshold 6 (max 6)
- age   1:      72416 bytes,      72416 total
- age   2:      17360 bytes,      89776 total
- age   4:       1336 bytes,      91112 total
- age   6:       1096 bytes,      92208 total
: 136638K->150K(153344K), 0.0056322 secs] 316690K->180201K(1031552K), 0.0057196 secs] [Times: user=0.01 sys=0.00, real=0.01 secs] 
2016-08-24T16:42:54.692+0000: 9293.613: Total time for which application threads were stopped: 0.0065383 seconds, Stopping threads took: 0.0001272 seconds
2016-08-24T16:42:54.733+0000: 9293.655: [GC (Allocation Failure) 9293.655: [ParNew
Desired survivor size 8716288 bytes, new threshold 6 (max 6)
- age   1:      62888 bytes,      62888 total
- age   3:       1000 bytes,      63888 total
- age   5:       1304 bytes,      65192 total
: 136470K->73K(153344K), 0.0051994 secs] 316521K->180125K(1031552K), 0.0052890 secs] [Times: user=0.01 sys=0.00, real=0.00 secs] 
2016-08-24T16:42:54.739+0000: 9293.660: Total time for which application threads were stopped: 0.0061319 seconds, Stopping threads took: 0.0001514 seconds
2016-08-24T16:42:54.777+0000: 9293.698: [GC (Allocation Failure) 9293.698: [ParNew
Desired survivor size 8716288 bytes, new threshold 6 (max 6)
- age   1:      70888 bytes,      70888 total
- age   2:      20176 bytes,      91064 total
- age   4:       1000 bytes,      92064 total
- age   6:       1304 bytes,      93368 total
: 136393K->100K(153344K), 0.0055069 secs] 316445K->180152K(1031552K), 0.0056246 secs] [Times: user=0.01 sys=0.00, real=0.01 secs] 
2016-08-24T16:42:54.783+0000: 9293.704: Total time for which application threads were stopped: 0.0065010 seconds, Stopping threads took: 0.0001146 seconds
2016-08-24T16:42:54.825+0000: 9293.746: [GC (Allocation Failure) 9293.746: [ParNew
Desired survivor size 8716288 bytes, new threshold 6 (max 6)
- age   1:      80048 bytes,      80048 total
- age   3:       1000 bytes,      81048 total
- age   5:        968 bytes,      82016 total
: 136420K->113K(153344K), 0.0057203 secs] 316472K->180166K(1031552K), 0.0058116 secs] [Times: user=0.02 sys=0.00, real=0.01 secs] 
2016-08-24T16:42:54.831+0000: 9293.752: Total time for which application threads were stopped: 0.0066524 seconds, Stopping threads took: 0.0001174 seconds
2016-08-24T16:42:58.650+0000: 9297.571: [GC (Allocation Failure) 9297.571: [ParNew
Desired survivor size 8716288 bytes, new threshold 6 (max 6)
- age   1:     582856 bytes,     582856 total
- age   2:        968 bytes,     583824 total
- age   4:        968 bytes,     584792 total
- age   6:        968 bytes,     585760 total
: 136433K->588K(153344K), 0.0067771 secs] 316486K->180641K(1031552K), 0.0068907 secs] [Times: user=0.02 sys=0.00, real=0.00 secs] 
2016-08-24T16:42:58.657+0000: 9297.578: Total time for which application threads were stopped: 0.0076650 seconds, Stopping threads took: 0.0001035 seconds
2016-08-24T16:43:04.403+0000: 9303.324: [GC (Allocation Failure) 9303.325: [ParNew
Desired survivor size 8716288 bytes, new threshold 6 (max 6)
- age   1:     498440 bytes,     498440 total
- age   2:     132448 bytes,     630888 total
- age   3:        968 bytes,     631856 total
- age   5:        968 bytes,     632824 total
: 136908K->697K(153344K), 0.0069089 secs] 316961K->180752K(1031552K), 0.0075708 secs] [Times: user=0.01 sys=0.00, real=0.01 secs] 
2016-08-24T16:43:04.411+0000: 9303.332: Total time for which application threads were stopped: 0.0084046 seconds, Stopping threads took: 0.0001020 seconds
2016-08-24T16:43:04.453+0000: 9303.375: [GC (Allocation Failure) 9303.375: [ParNew
Desired survivor size 8716288 bytes, new threshold 6 (max 6)
- age   1:      57912 bytes,      57912 total
- age   2:     114576 bytes,     172488 total
- age   3:     119600 bytes,     292088 total
- age   4:        968 bytes,     293056 total
- age   6:        968 bytes,     294024 total
: 137017K->409K(153344K), 0.0075006 secs] 317072K->180464K(1031552K), 0.0076732 secs] [Times: user=0.01 sys=0.00, real=0.01 secs] 
2016-08-24T16:43:04.461+0000: 9303.383: Total time for which application threads were stopped: 0.0087400 seconds, Stopping threads took: 0.0000917 seconds
2016-08-24T16:43:04.507+0000: 9303.428: [GC (Allocation Failure) 9303.428: [ParNew
Desired survivor size 8716288 bytes, new threshold 6 (max 6)
- age   1:      66320 bytes,      66320 total
- age   2:       4480 bytes,      70800 total
- age   3:     114576 bytes,     185376 total
- age   4:     119600 bytes,     304976 total
- age   5:        968 bytes,     305944 total
: 136729K->409K(153344K), 0.0062866 secs] 316784K->180464K(1031552K), 0.0063830 secs] [Times: user=0.01 sys=0.01, real=0.01 secs] 
2016-08-24T16:43:04.513+0000: 9303.435: Total time for which application threads were stopped: 0.0072150 seconds, Stopping threads took: 0.0001213 seconds
2016-08-24T16:43:04.555+0000: 9303.477: [GC (Allocation Failure) 9303.477: [ParNew
Desired survivor size 8716288 bytes, new threshold 6 (max 6)
- age   1:      63552 bytes,      63552 total
- age   3:       1120 bytes,      64672 total
- age   4:     112728 bytes,     177400 total
- age   5:     119600 bytes,     297000 total
- age   6:        968 bytes,     297968 total
: 136729K->425K(153344K), 0.0064621 secs] 316784K->180480K(1031552K), 0.0065799 secs] [Times: user=0.02 sys=0.00, real=0.01 secs] 
2016-08-24T16:43:04.562+0000: 9303.484: Total time for which application threads were stopped: 0.0074276 seconds, Stopping threads took: 0.0001034 seconds
2016-08-24T16:43:04.600+0000: 9303.521: [GC (Allocation Failure) 9303.521: [ParNew
Desired survivor size 8716288 bytes, new threshold 6 (max 6)
- age   1:      69808 bytes,      69808 total
- age   2:       7376 bytes,      77184 total
- age   4:       1120 bytes,      78304 total
- age   5:     112728 bytes,     191032 total
- age   6:     119600 bytes,     310632 total
: 136745K->422K(153344K), 0.0061635 secs] 316800K->180478K(1031552K), 0.0062765 secs] [Times: user=0.02 sys=0.00, real=0.01 secs] 
2016-08-24T16:43:04.606+0000: 9303.528: Total time for which application threads were stopped: 0.0071075 seconds, Stopping threads took: 0.0001001 seconds
2016-08-24T16:43:04.648+0000: 9303.569: [GC (Allocation Failure) 9303.569: [ParNew
Desired survivor size 8716288 bytes, new threshold 6 (max 6)
- age   1:      58640 bytes,      58640 total
- age   3:       1000 bytes,      59640 total
- age   5:       1088 bytes,      60728 total
- age   6:     110912 bytes,     171640 total
: 136742K->300K(153344K), 0.0061526 secs] 316798K->180476K(1031552K), 0.0062505 secs] [Times: user=0.01 sys=0.00, real=0.01 secs] 
2016-08-24T16:43:04.654+0000: 9303.576: Total time for which application threads were stopped: 0.0070925 seconds, Stopping threads took: 0.0001048 seconds
2016-08-24T16:43:04.694+0000: 9303.616: [GC (Allocation Failure) 9303.616: [ParNew
Desired survivor size 8716288 bytes, new threshold 6 (max 6)
- age   1:      90296 bytes,      90296 total
- age   2:      10288 bytes,     100584 total
- age   4:       1000 bytes,     101584 total
- age   6:       1088 bytes,     102672 total
: 136620K->150K(153344K), 0.0060478 secs] 316796K->180437K(1031552K), 0.0061602 secs] [Times: user=0.01 sys=0.00, real=0.01 secs] 
2016-08-24T16:43:04.700+0000: 9303.622: Total time for which application threads were stopped: 0.0069754 seconds, Stopping threads took: 0.0000976 seconds
2016-08-24T16:43:04.742+0000: 9303.664: [GC (Allocation Failure) 9303.664: [ParNew
Desired survivor size 8716288 bytes, new threshold 6 (max 6)
- age   1:      66456 bytes,      66456 total
- age   3:       1000 bytes,      67456 total
- age   5:        968 bytes,      68424 total
: 136470K->117K(153344K), 0.0055422 secs] 316757K->180405K(1031552K), 0.0056649 secs] [Times: user=0.01 sys=0.00, real=0.00 secs] 
2016-08-24T16:43:04.748+0000: 9303.669: Total time for which application threads were stopped: 0.0065034 seconds, Stopping threads took: 0.0001034 seconds
2016-08-24T16:43:04.788+0000: 9303.710: [GC (Allocation Failure) 9303.710: [ParNew
Desired survivor size 8716288 bytes, new threshold 6 (max 6)
- age   1:      75928 bytes,      75928 total
- age   2:      13832 bytes,      89760 total
- age   4:       1000 bytes,      90760 total
- age   6:        968 bytes,      91728 total
: 136437K->107K(153344K), 0.0058203 secs] 316725K->180395K(1031552K), 0.0059365 secs] [Times: user=0.01 sys=0.00, real=0.00 secs] 
2016-08-24T16:43:04.794+0000: 9303.716: Total time for which application threads were stopped: 0.0068099 seconds, Stopping threads took: 0.0001053 seconds
2016-08-24T16:43:04.836+0000: 9303.758: [GC (Allocation Failure) 9303.758: [ParNew
Desired survivor size 8716288 bytes, new threshold 6 (max 6)
- age   1:      60328 bytes,      60328 total
- age   3:       1000 bytes,      61328 total
- age   5:        968 bytes,      62296 total
: 136427K->102K(153344K), 0.0059003 secs] 316715K->180391K(1031552K), 0.0060201 secs] [Times: user=0.01 sys=0.00, real=0.01 secs] 
2016-08-24T16:43:04.842+0000: 9303.764: Total time for which application threads were stopped: 0.0068708 seconds, Stopping threads took: 0.0001052 seconds
2016-08-24T16:43:04.882+0000: 9303.804: [GC (Allocation Failure) 9303.804: [ParNew
Desired survivor size 8716288 bytes, new threshold 6 (max 6)
- age   1:      90576 bytes,      90576 total
- age   2:      15968 bytes,     106544 total
- age   4:       1000 bytes,     107544 total
- age   6:        968 bytes,     108512 total
: 136422K->109K(153344K), 0.0056098 secs] 316711K->180398K(1031552K), 0.0057220 secs] [Times: user=0.01 sys=0.00, real=0.00 secs] 
2016-08-24T16:43:04.888+0000: 9303.809: Total time for which application threads were stopped: 0.0065277 seconds, Stopping threads took: 0.0000851 seconds
2016-08-24T16:43:14.387+0000: 9313.308: [GC (Allocation Failure) 9313.308: [ParNew
Desired survivor size 8716288 bytes, new threshold 6 (max 6)
- age   1:     807888 bytes,     807888 total
- age   3:        968 bytes,     808856 total
- age   5:        968 bytes,     809824 total
: 136429K->817K(153344K), 0.0073645 secs] 316718K->181107K(1031552K), 0.0074949 secs] [Times: user=0.01 sys=0.00, real=0.01 secs] 
2016-08-24T16:43:14.394+0000: 9313.316: Total time for which application threads were stopped: 0.0083229 seconds, Stopping threads took: 0.0001009 seconds
2016-08-24T16:43:14.434+0000: 9313.356: [GC (Allocation Failure) 9313.356: [ParNew
Desired survivor size 8716288 bytes, new threshold 6 (max 6)
- age   1:      81840 bytes,      81840 total
- age   2:     221192 bytes,     303032 total
- age   4:        968 bytes,     304000 total
- age   6:        968 bytes,     304968 total
: 137137K->410K(153344K), 0.0060072 secs] 317427K->180700K(1031552K), 0.0061470 secs] [Times: user=0.01 sys=0.00, real=0.01 secs] 
2016-08-24T16:43:14.441+0000: 9313.362: Total time for which application threads were stopped: 0.0070700 seconds, Stopping threads took: 0.0001202 seconds
2016-08-24T16:43:14.484+0000: 9313.406: [GC (Allocation Failure) 9313.406: [ParNew
Desired survivor size 8716288 bytes, new threshold 6 (max 6)
- age   1:      64448 bytes,      64448 total
- age   2:         72 bytes,      64520 total
- age   3:     204536 bytes,     269056 total
- age   5:        968 bytes,     270024 total
: 136730K->401K(153344K), 0.0056786 secs] 317020K->180691K(1031552K), 0.0057955 secs] [Times: user=0.01 sys=0.00, real=0.01 secs] 
2016-08-24T16:43:14.490+0000: 9313.412: Total time for which application threads were stopped: 0.0066442 seconds, Stopping threads took: 0.0000965 seconds
2016-08-24T16:43:14.528+0000: 9313.450: [GC (Allocation Failure) 9313.450: [ParNew
Desired survivor size 8716288 bytes, new threshold 6 (max 6)
- age   1:      63688 bytes,      63688 total
- age   2:      19064 bytes,      82752 total
- age   3:         72 bytes,      82824 total
- age   4:     204536 bytes,     287360 total
- age   6:        968 bytes,     288328 total
: 136721K->383K(153344K), 0.0058069 secs] 317011K->180674K(1031552K), 0.0059073 secs] [Times: user=0.01 sys=0.00, real=0.00 secs] 
2016-08-24T16:43:14.535+0000: 9313.456: Total time for which application threads were stopped: 0.0069168 seconds, Stopping threads took: 0.0001998 seconds
2016-08-24T16:43:14.574+0000: 9313.496: [GC (Allocation Failure) 9313.496: [ParNew
Desired survivor size 8716288 bytes, new threshold 6 (max 6)
- age   1:      93344 bytes,      93344 total
- age   3:       1096 bytes,      94440 total
- age   4:         72 bytes,      94512 total
- age   5:     202112 bytes,     296624 total
: 136703K->402K(153344K), 0.0059596 secs] 316994K->180693K(1031552K), 0.0060842 secs] [Times: user=0.01 sys=0.00, real=0.01 secs] 
2016-08-24T16:43:14.580+0000: 9313.502: Total time for which application threads were stopped: 0.0069249 seconds, Stopping threads took: 0.0001011 seconds
2016-08-24T16:43:14.620+0000: 9313.541: [GC (Allocation Failure) 9313.541: [ParNew
Desired survivor size 8716288 bytes, new threshold 6 (max 6)
- age   1:      66880 bytes,      66880 total
- age   2:       1160 bytes,      68040 total
- age   4:       1064 bytes,      69104 total
- age   5:         72 bytes,      69176 total
- age   6:     200296 bytes,     269472 total
: 136722K->414K(153344K), 0.0053403 secs] 317013K->180705K(1031552K), 0.0054258 secs] [Times: user=0.02 sys=0.00, real=0.01 secs] 
2016-08-24T16:43:14.625+0000: 9313.547: Total time for which application threads were stopped: 0.0061805 seconds, Stopping threads took: 0.0000958 seconds
2016-08-24T16:43:14.664+0000: 9313.586: [GC (Allocation Failure) 9313.586: [ParNew
Desired survivor size 8716288 bytes, new threshold 6 (max 6)
- age   1:      70264 bytes,      70264 total
- age   2:       4360 bytes,      74624 total
- age   3:       1160 bytes,      75784 total
- age   5:       1064 bytes,      76848 total
- age   6:         72 bytes,      76920 total
: 136734K->266K(153344K), 0.0062351 secs] 317025K->180757K(1031552K), 0.0063465 secs] [Times: user=0.02 sys=0.00, real=0.01 secs] 
2016-08-24T16:43:14.671+0000: 9313.592: Total time for which application threads were stopped: 0.0071866 seconds, Stopping threads took: 0.0001015 seconds
2016-08-24T16:43:14.711+0000: 9313.632: [GC (Allocation Failure) 9313.632: [ParNew
Desired survivor size 8716288 bytes, new threshold 6 (max 6)
- age   1:      58304 bytes,      58304 total
- age   3:       1000 bytes,      59304 total
- age   4:       1128 bytes,      60432 total
- age   6:       1064 bytes,      61496 total
: 136586K->98K(153344K), 0.0053214 secs] 317077K->180590K(1031552K), 0.0054381 secs] [Times: user=0.01 sys=0.00, real=0.00 secs] 
2016-08-24T16:43:14.716+0000: 9313.638: Total time for which application threads were stopped: 0.0062887 seconds, Stopping threads took: 0.0000964 seconds
2016-08-24T16:43:14.754+0000: 9313.676: [GC (Allocation Failure) 9313.676: [ParNew
Desired survivor size 8716288 bytes, new threshold 6 (max 6)
- age   1:      76536 bytes,      76536 total
- age   2:       7376 bytes,      83912 total
- age   4:       1000 bytes,      84912 total
- age   5:       1128 bytes,      86040 total
: 136418K->101K(153344K), 0.0054797 secs] 316910K->180593K(1031552K), 0.0055940 secs] [Times: user=0.01 sys=0.00, real=0.00 secs] 
2016-08-24T16:43:14.760+0000: 9313.682: Total time for which application threads were stopped: 0.0064619 seconds, Stopping threads took: 0.0001135 seconds
2016-08-24T16:43:14.800+0000: 9313.721: [GC (Allocation Failure) 9313.721: [ParNew
Desired survivor size 8716288 bytes, new threshold 6 (max 6)
- age   1:      57768 bytes,      57768 total
- age   3:       1000 bytes,      58768 total
- age   5:       1000 bytes,      59768 total
- age   6:       1128 bytes,      60896 total
: 136421K->77K(153344K), 0.0054697 secs] 316913K->180569K(1031552K), 0.0055986 secs] [Times: user=0.01 sys=0.00, real=0.01 secs] 
2016-08-24T16:43:14.805+0000: 9313.727: Total time for which application threads were stopped: 0.0064580 seconds, Stopping threads took: 0.0001052 seconds
2016-08-24T16:43:14.846+0000: 9313.768: [GC (Allocation Failure) 9313.768: [ParNew
Desired survivor size 8716288 bytes, new threshold 6 (max 6)
- age   1:      72984 bytes,      72984 total
- age   2:      10024 bytes,      83008 total
- age   4:       1000 bytes,      84008 total
- age   6:       1000 bytes,      85008 total
: 136397K->97K(153344K), 0.0053279 secs] 316889K->180591K(1031552K), 0.0054312 secs] [Times: user=0.01 sys=0.00, real=0.01 secs] 
2016-08-24T16:43:14.852+0000: 9313.773: Total time for which application threads were stopped: 0.0062277 seconds, Stopping threads took: 0.0000996 seconds
2016-08-24T16:43:24.510+0000: 9323.431: [GC (Allocation Failure) 9323.431: [ParNew
Desired survivor size 8716288 bytes, new threshold 6 (max 6)
- age   1:    1366448 bytes,    1366448 total
- age   3:        968 bytes,    1367416 total
- age   5:        968 bytes,    1368384 total
: 136417K->1352K(153344K), 0.0082336 secs] 316911K->181847K(1031552K), 0.0083595 secs] [Times: user=0.01 sys=0.00, real=0.00 secs] 
2016-08-24T16:43:24.518+0000: 9323.440: Total time for which application threads were stopped: 0.0091838 seconds, Stopping threads took: 0.0001002 seconds
2016-08-24T16:43:24.556+0000: 9323.477: [GC (Allocation Failure) 9323.477: [ParNew
Desired survivor size 8716288 bytes, new threshold 6 (max 6)
- age   1:      69176 bytes,      69176 total
- age   2:     317152 bytes,     386328 total
- age   4:        968 bytes,     387296 total
- age   6:        968 bytes,     388264 total
: 137672K->545K(153344K), 0.0057551 secs] 318167K->181039K(1031552K), 0.0058569 secs] [Times: user=0.01 sys=0.00, real=0.01 secs] 
2016-08-24T16:43:24.562+0000: 9323.483: Total time for which application threads were stopped: 0.0066387 seconds, Stopping threads took: 0.0001011 seconds
2016-08-24T16:43:24.601+0000: 9323.522: [GC (Allocation Failure) 9323.523: [ParNew
Desired survivor size 8716288 bytes, new threshold 6 (max 6)
- age   1:      61984 bytes,      61984 total
- age   2:        328 bytes,      62312 total
- age   3:     306896 bytes,     369208 total
- age   5:        968 bytes,     370176 total
: 136865K->519K(153344K), 0.0055101 secs] 317359K->181014K(1031552K), 0.0056143 secs] [Times: user=0.01 sys=0.00, real=0.00 secs] 
2016-08-24T16:43:24.607+0000: 9323.528: Total time for which application threads were stopped: 0.0064215 seconds, Stopping threads took: 0.0000984 seconds
2016-08-24T16:43:24.646+0000: 9323.568: [GC (Allocation Failure) 9323.568: [ParNew
Desired survivor size 8716288 bytes, new threshold 6 (max 6)
- age   1:      68968 bytes,      68968 total
- age   2:      12048 bytes,      81016 total
- age   3:        328 bytes,      81344 total
- age   4:     306896 bytes,     388240 total
- age   6:        968 bytes,     389208 total
: 136839K->525K(153344K), 0.0055722 secs] 317334K->181021K(1031552K), 0.0056952 secs] [Times: user=0.01 sys=0.00, real=0.01 secs] 
2016-08-24T16:43:24.652+0000: 9323.574: Total time for which application threads were stopped: 0.0064601 seconds, Stopping threads took: 0.0001005 seconds
2016-08-24T16:43:24.691+0000: 9323.613: [GC (Allocation Failure) 9323.613: [ParNew
Desired survivor size 8716288 bytes, new threshold 6 (max 6)
- age   1:      76504 bytes,      76504 total
- age   3:       1096 bytes,      77600 total
- age   4:        328 bytes,      77928 total
- age   5:     305048 bytes,     382976 total
: 136845K->542K(153344K), 0.0064013 secs] 317341K->181039K(1031552K), 0.0065298 secs] [Times: user=0.01 sys=0.00, real=0.00 secs] 
2016-08-24T16:43:24.698+0000: 9323.620: Total time for which application threads were stopped: 0.0073611 seconds, Stopping threads took: 0.0001021 seconds
2016-08-24T16:43:24.737+0000: 9323.658: [GC (Allocation Failure) 9323.658: [ParNew
Desired survivor size 8716288 bytes, new threshold 6 (max 6)
- age   1:      73248 bytes,      73248 total
- age   2:      14584 bytes,      87832 total
- age   4:       1096 bytes,      88928 total
- age   5:        328 bytes,      89256 total
- age   6:     305048 bytes,     394304 total
: 136862K->542K(153344K), 0.0057328 secs] 317359K->181038K(1031552K), 0.0058484 secs] [Times: user=0.01 sys=0.00, real=0.01 secs] 
2016-08-24T16:43:24.743+0000: 9323.664: Total time for which application threads were stopped: 0.0066750 seconds, Stopping threads took: 0.0000933 seconds
2016-08-24T16:43:24.782+0000: 9323.703: [GC (Allocation Failure) 9323.703: [ParNew
Desired survivor size 8716288 bytes, new threshold 6 (max 6)
- age   1:      72088 bytes,      72088 total
- age   3:       1000 bytes,      73088 total
- age   5:       1064 bytes,      74152 total
- age   6:        328 bytes,      74480 total
: 136862K->383K(153344K), 0.0065383 secs] 317358K->181182K(1031552K), 0.0066561 secs] [Times: user=0.01 sys=0.00, real=0.01 secs] 
2016-08-24T16:43:24.788+0000: 9323.710: Total time for which application threads were stopped: 0.0074750 seconds, Stopping threads took: 0.0000979 seconds
2016-08-24T16:43:24.826+0000: 9323.748: [GC (Allocation Failure) 9323.748: [ParNew
Desired survivor size 8716288 bytes, new threshold 6 (max 6)
- age   1:      73440 bytes,      73440 total
- age   2:      17760 bytes,      91200 total
- age   4:       1000 bytes,      92200 total
- age   6:       1064 bytes,      93264 total
: 136703K->128K(153344K), 0.0054354 secs] 317502K->180927K(1031552K), 0.0055311 secs] [Times: user=0.01 sys=0.00, real=0.01 secs] 
2016-08-24T16:43:24.832+0000: 9323.753: Total time for which application threads were stopped: 0.0063250 seconds, Stopping threads took: 0.0001017 seconds
2016-08-24T16:43:24.871+0000: 9323.792: [GC (Allocation Failure) 9323.792: [ParNew
Desired survivor size 8716288 bytes, new threshold 6 (max 6)
- age   1:      72248 bytes,      72248 total
- age   3:       1000 bytes,      73248 total
- age   5:        968 bytes,      74216 total
: 136448K->99K(153344K), 0.0059338 secs] 317247K->180899K(1031552K), 0.0060576 secs] [Times: user=0.01 sys=0.00, real=0.00 secs] 
2016-08-24T16:43:24.877+0000: 9323.799: Total time for which application threads were stopped: 0.0069151 seconds, Stopping threads took: 0.0001015 seconds
2016-08-24T16:43:24.917+0000: 9323.838: [GC (Allocation Failure) 9323.838: [ParNew
Desired survivor size 8716288 bytes, new threshold 6 (max 6)
- age   1:      84600 bytes,      84600 total
- age   2:      21272 bytes,     105872 total
- age   4:       1000 bytes,     106872 total
- age   6:        968 bytes,     107840 total
: 136419K->114K(153344K), 0.0052868 secs] 317219K->180913K(1031552K), 0.0053752 secs] [Times: user=0.01 sys=0.00, real=0.01 secs] 
2016-08-24T16:43:24.922+0000: 9323.844: Total time for which application threads were stopped: 0.0061579 seconds, Stopping threads took: 0.0001103 seconds
2016-08-24T16:43:24.962+0000: 9323.884: [GC (Allocation Failure) 9323.884: [ParNew
Desired survivor size 8716288 bytes, new threshold 6 (max 6)
- age   1:      72544 bytes,      72544 total
- age   3:       1000 bytes,      73544 total
- age   5:        968 bytes,      74512 total
: 136434K->95K(153344K), 0.0053106 secs] 317233K->180896K(1031552K), 0.0054008 secs] [Times: user=0.01 sys=0.00, real=0.00 secs] 
2016-08-24T16:43:24.968+0000: 9323.889: Total time for which application threads were stopped: 0.0061963 seconds, Stopping threads took: 0.0001010 seconds
2016-08-24T16:43:34.320+0000: 9333.241: [GC (Allocation Failure) 9333.242: [ParNew
Desired survivor size 8716288 bytes, new threshold 6 (max 6)
- age   1:     737096 bytes,     737096 total
- age   2:        968 bytes,     738064 total
- age   4:        968 bytes,     739032 total
- age   6:        968 bytes,     740000 total
: 136415K->760K(153344K), 0.0120705 secs] 317216K->181561K(1031552K), 0.0123779 secs] [Times: user=0.02 sys=0.00, real=0.02 secs] 
2016-08-24T16:43:34.333+0000: 9333.254: Total time for which application threads were stopped: 0.0142925 seconds, Stopping threads took: 0.0002342 seconds
2016-08-24T16:43:34.381+0000: 9333.303: [GC (Allocation Failure) 9333.303: [ParNew
Desired survivor size 8716288 bytes, new threshold 6 (max 6)
- age   1:     150608 bytes,     150608 total
- age   2:     148576 bytes,     299184 total
- age   3:        968 bytes,     300152 total
- age   5:        968 bytes,     301120 total
: 137080K->372K(153344K), 0.0055708 secs] 317881K->181174K(1031552K), 0.0056778 secs] [Times: user=0.02 sys=0.00, real=0.00 secs] 
2016-08-24T16:43:34.387+0000: 9333.309: Total time for which application threads were stopped: 0.0064648 seconds, Stopping threads took: 0.0000973 seconds
2016-08-24T16:43:34.427+0000: 9333.349: [GC (Allocation Failure) 9333.349: [ParNew
Desired survivor size 8716288 bytes, new threshold 6 (max 6)
- age   1:      45704 bytes,      45704 total
- age   2:      57472 bytes,     103176 total
- age   3:     146088 bytes,     249264 total
- age   4:        968 bytes,     250232 total
- age   6:        968 bytes,     251200 total
: 136692K->259K(153344K), 0.0051523 secs] 317494K->181061K(1031552K), 0.0052611 secs] [Times: user=0.01 sys=0.00, real=0.01 secs] 
2016-08-24T16:43:34.433+0000: 9333.354: Total time for which application threads were stopped: 0.0060862 seconds, Stopping threads took: 0.0000942 seconds
2016-08-24T16:43:34.476+0000: 9333.397: [GC (Allocation Failure) 9333.397: [ParNew
Desired survivor size 8716288 bytes, new threshold 6 (max 6)
- age   1:      65656 bytes,      65656 total
- age   2:       4952 bytes,      70608 total
- age   3:      57472 bytes,     128080 total
- age   4:     146088 bytes,     274168 total
- age   5:        968 bytes,     275136 total
: 136579K->346K(153344K), 0.0058873 secs] 317381K->181149K(1031552K), 0.0060317 secs] [Times: user=0.01 sys=0.00, real=0.01 secs] 
2016-08-24T16:43:34.482+0000: 9333.403: Total time for which application threads were stopped: 0.0070124 seconds, Stopping threads took: 0.0001475 seconds
2016-08-24T16:43:34.521+0000: 9333.442: [GC (Allocation Failure) 9333.443: [ParNew
Desired survivor size 8716288 bytes, new threshold 6 (max 6)
- age   1:      56120 bytes,      56120 total
- age   3:       1096 bytes,      57216 total
- age   4:      55624 bytes,     112840 total
- age   5:     146088 bytes,     258928 total
- age   6:        968 bytes,     259896 total
: 136666K->357K(153344K), 0.0059804 secs] 317469K->181160K(1031552K), 0.0060973 secs] [Times: user=0.01 sys=0.00, real=0.00 secs] 
2016-08-24T16:43:34.527+0000: 9333.449: Total time for which application threads were stopped: 0.0069590 seconds, Stopping threads took: 0.0000867 seconds
2016-08-24T16:43:34.568+0000: 9333.490: [GC (Allocation Failure) 9333.490: [ParNew
Desired survivor size 8716288 bytes, new threshold 6 (max 6)
- age   1:      84112 bytes,      84112 total
- age   2:       8120 bytes,      92232 total
- age   4:       1096 bytes,      93328 total
- age   5:      55304 bytes,     148632 total
- age   6:     146048 bytes,     294680 total
: 136677K->470K(153344K), 0.0062278 secs] 317480K->181274K(1031552K), 0.0063631 secs] [Times: user=0.02 sys=0.00, real=0.01 secs] 
2016-08-24T16:43:34.575+0000: 9333.496: Total time for which application threads were stopped: 0.0072019 seconds, Stopping threads took: 0.0001050 seconds
2016-08-24T16:43:34.616+0000: 9333.537: [GC (Allocation Failure) 9333.538: [ParNew
Desired survivor size 8716288 bytes, new threshold 6 (max 6)
- age   1:      71360 bytes,      71360 total
- age   2:        336 bytes,      71696 total
- age   3:       1000 bytes,      72696 total
- age   5:       1064 bytes,      73760 total
- age   6:      53488 bytes,     127248 total
: 136790K->258K(153344K), 0.0063773 secs] 317594K->181207K(1031552K), 0.0064908 secs] [Times: user=0.01 sys=0.00, real=0.01 secs] 
2016-08-24T16:43:34.623+0000: 9333.544: Total time for which application threads were stopped: 0.0073451 seconds, Stopping threads took: 0.0001016 seconds
2016-08-24T16:43:34.663+0000: 9333.585: [GC (Allocation Failure) 9333.585: [ParNew
Desired survivor size 8716288 bytes, new threshold 6 (max 6)
- age   1:      65472 bytes,      65472 total
- age   2:      11544 bytes,      77016 total
- age   3:        336 bytes,      77352 total
- age   4:       1000 bytes,      78352 total
- age   6:       1064 bytes,      79416 total
: 136578K->143K(153344K), 0.0061566 secs] 317527K->181145K(1031552K), 0.0062857 secs] [Times: user=0.01 sys=0.00, real=0.01 secs] 
2016-08-24T16:43:34.670+0000: 9333.591: Total time for which application threads were stopped: 0.0071403 seconds, Stopping threads took: 0.0001038 seconds
2016-08-24T16:43:34.709+0000: 9333.631: [GC (Allocation Failure) 9333.631: [ParNew
Desired survivor size 8716288 bytes, new threshold 6 (max 6)
- age   1:      61544 bytes,      61544 total
- age   3:       1000 bytes,      62544 total
- age   4:        336 bytes,      62880 total
- age   5:        968 bytes,      63848 total
: 136463K->77K(153344K), 0.0058547 secs] 317465K->181081K(1031552K), 0.0059634 secs] [Times: user=0.01 sys=0.00, real=0.00 secs] 
2016-08-24T16:43:34.715+0000: 9333.637: Total time for which application threads were stopped: 0.0067877 seconds, Stopping threads took: 0.0001007 seconds
2016-08-24T16:43:34.756+0000: 9333.677: [GC (Allocation Failure) 9333.677: [ParNew
Desired survivor size 8716288 bytes, new threshold 6 (max 6)
- age   1:      79576 bytes,      79576 total
- age   2:      14360 bytes,      93936 total
- age   4:       1000 bytes,      94936 total
- age   5:        264 bytes,      95200 total
- age   6:        968 bytes,      96168 total
: 136397K->105K(153344K), 0.0059707 secs] 317401K->181109K(1031552K), 0.0060876 secs] [Times: user=0.01 sys=0.00, real=0.01 secs] 
2016-08-24T16:43:34.762+0000: 9333.683: Total time for which application threads were stopped: 0.0069347 seconds, Stopping threads took: 0.0000958 seconds
2016-08-24T16:43:34.802+0000: 9333.724: [GC (Allocation Failure) 9333.724: [ParNew
Desired survivor size 8716288 bytes, new threshold 6 (max 6)
- age   1:      62736 bytes,      62736 total
- age   2:       5512 bytes,      68248 total
- age   3:       1000 bytes,      69248 total
- age   5:        968 bytes,      70216 total
- age   6:        264 bytes,      70480 total
: 136425K->82K(153344K), 0.0061512 secs] 317429K->181087K(1031552K), 0.0062687 secs] [Times: user=0.01 sys=0.00, real=0.01 secs] 
2016-08-24T16:43:34.809+0000: 9333.730: Total time for which application threads were stopped: 0.0071337 seconds, Stopping threads took: 0.0001014 seconds
2016-08-24T16:43:34.848+0000: 9333.769: [GC (Allocation Failure) 9333.769: [ParNew
Desired survivor size 8716288 bytes, new threshold 6 (max 6)
- age   1:      80472 bytes,      80472 total
- age   2:      17744 bytes,      98216 total
- age   3:       5512 bytes,     103728 total
- age   4:       1000 bytes,     104728 total
- age   6:        968 bytes,     105696 total
: 136402K->129K(153344K), 0.0057741 secs] 317407K->181134K(1031552K), 0.0058963 secs] [Times: user=0.01 sys=0.00, real=0.01 secs] 
2016-08-24T16:43:34.854+0000: 9333.775: Total time for which application threads were stopped: 0.0067553 seconds, Stopping threads took: 0.0001188 seconds
2016-08-24T16:43:40.712+0000: 9339.633: Total time for which application threads were stopped: 0.0017646 seconds, Stopping threads took: 0.0002253 seconds
2016-08-24T16:43:40.713+0000: 9339.634: Total time for which application threads were stopped: 0.0008627 seconds, Stopping threads took: 0.0000969 seconds
2016-08-24T16:43:40.713+0000: 9339.635: Total time for which application threads were stopped: 0.0004162 seconds, Stopping threads took: 0.0000474 seconds
2016-08-24T16:43:40.878+0000: 9339.800: Total time for which application threads were stopped: 0.0007248 seconds, Stopping threads took: 0.0001082 seconds
2016-08-24T16:43:40.879+0000: 9339.800: Total time for which application threads were stopped: 0.0003292 seconds, Stopping threads took: 0.0000270 seconds
2016-08-24T16:43:40.879+0000: 9339.801: Total time for which application threads were stopped: 0.0003521 seconds, Stopping threads took: 0.0000475 seconds
2016-08-24T16:43:44.371+0000: 9343.292: [GC (Allocation Failure) 9343.292: [ParNew
Desired survivor size 8716288 bytes, new threshold 6 (max 6)
- age   1:    1084072 bytes,    1084072 total
- age   3:       1120 bytes,    1085192 total
- age   4:       3968 bytes,    1089160 total
- age   5:        968 bytes,    1090128 total
: 136449K->1092K(153344K), 0.0091414 secs] 317454K->182098K(1031552K), 0.0093000 secs] [Times: user=0.02 sys=0.00, real=0.01 secs] 
2016-08-24T16:43:44.380+0000: 9343.302: Total time for which application threads were stopped: 0.0101460 seconds, Stopping threads took: 0.0001032 seconds
2016-08-24T16:43:44.419+0000: 9343.341: [GC (Allocation Failure) 9343.341: [ParNew
Desired survivor size 8716288 bytes, new threshold 6 (max 6)
- age   1:      81016 bytes,      81016 total
- age   2:     299952 bytes,     380968 total
- age   4:       1120 bytes,     382088 total
- age   5:        304 bytes,     382392 total
- age   6:        968 bytes,     383360 total
: 137412K->528K(153344K), 0.0063188 secs] 318418K->181534K(1031552K), 0.0064406 secs] [Times: user=0.01 sys=0.00, real=0.01 secs] 
2016-08-24T16:43:44.426+0000: 9343.347: Total time for which application threads were stopped: 0.0072406 seconds, Stopping threads took: 0.0000991 seconds
2016-08-24T16:43:44.470+0000: 9343.392: [GC (Allocation Failure) 9343.392: [ParNew
Desired survivor size 8716288 bytes, new threshold 6 (max 6)
- age   1:      83152 bytes,      83152 total
- age   2:         96 bytes,      83248 total
- age   3:     283384 bytes,     366632 total
- age   5:       1120 bytes,     367752 total
- age   6:        304 bytes,     368056 total
: 136848K->510K(153344K), 0.0069426 secs] 317854K->181517K(1031552K), 0.0071167 secs] [Times: user=0.01 sys=0.00, real=0.00 secs] 
2016-08-24T16:43:44.478+0000: 9343.399: Total time for which application threads were stopped: 0.0081807 seconds, Stopping threads took: 0.0001091 seconds
2016-08-24T16:43:44.520+0000: 9343.442: [GC (Allocation Failure) 9343.442: [ParNew
Desired survivor size 8716288 bytes, new threshold 6 (max 6)
- age   1:      87712 bytes,      87712 total
- age   2:      18888 bytes,     106600 total
- age   3:         96 bytes,     106696 total
- age   4:     283384 bytes,     390080 total
- age   6:       1120 bytes,     391200 total
: 136830K->517K(153344K), 0.0063885 secs] 317837K->181525K(1031552K), 0.0065064 secs] [Times: user=0.00 sys=0.00, real=0.01 secs] 
2016-08-24T16:43:44.527+0000: 9343.448: Total time for which application threads were stopped: 0.0073667 seconds, Stopping threads took: 0.0001020 seconds
2016-08-24T16:43:44.566+0000: 9343.488: [GC (Allocation Failure) 9343.488: [ParNew
Desired survivor size 8716288 bytes, new threshold 6 (max 6)
- age   1:      69496 bytes,      69496 total
- age   3:       1096 bytes,      70592 total
- age   4:         96 bytes,      70688 total
- age   5:     281536 bytes,     352224 total
: 136837K->549K(153344K), 0.0060692 secs] 317845K->181557K(1031552K), 0.0061998 secs] [Times: user=0.02 sys=0.00, real=0.01 secs] 
2016-08-24T16:43:44.573+0000: 9343.494: Total time for which application threads were stopped: 0.0070393 seconds, Stopping threads took: 0.0001045 seconds
2016-08-24T16:43:44.612+0000: 9343.533: [GC (Allocation Failure) 9343.533: [ParNew
Desired survivor size 8716288 bytes, new threshold 6 (max 6)
- age   1:      54672 bytes,      54672 total
- age   2:       1000 bytes,      55672 total
- age   4:       1064 bytes,      56736 total
- age   5:         96 bytes,      56832 total
- age   6:     279720 bytes,     336552 total
: 136869K->353K(153344K), 0.0057919 secs] 317877K->181361K(1031552K), 0.0059085 secs] [Times: user=0.02 sys=0.00, real=0.00 secs] 
2016-08-24T16:43:44.618+0000: 9343.539: Total time for which application threads were stopped: 0.0067208 seconds, Stopping threads took: 0.0000932 seconds
2016-08-24T16:43:44.658+0000: 9343.579: [GC (Allocation Failure) 9343.579: [ParNew
Desired survivor size 8716288 bytes, new threshold 6 (max 6)
- age   1:      86696 bytes,      86696 total
- age   2:       4360 bytes,      91056 total
- age   3:       1000 bytes,      92056 total
- age   5:       1064 bytes,      93120 total
- age   6:         96 bytes,      93216 total
: 136673K->332K(153344K), 0.0074199 secs] 317681K->181619K(1031552K), 0.0075545 secs] [Times: user=0.01 sys=0.00, real=0.01 secs] 
2016-08-24T16:43:44.666+0000: 9343.587: Total time for which application threads were stopped: 0.0084082 seconds, Stopping threads took: 0.0001055 seconds
2016-08-24T16:43:44.705+0000: 9343.627: [GC (Allocation Failure) 9343.627: [ParNew
Desired survivor size 8716288 bytes, new threshold 6 (max 6)
- age   1:      75384 bytes,      75384 total
- age   3:       1000 bytes,      76384 total
- age   4:        968 bytes,      77352 total
- age   6:       1064 bytes,      78416 total
: 136652K->118K(153344K), 0.0055691 secs] 317939K->181404K(1031552K), 0.0056851 secs] [Times: user=0.01 sys=0.00, real=0.01 secs] 
2016-08-24T16:43:44.711+0000: 9343.632: Total time for which application threads were stopped: 0.0065409 seconds, Stopping threads took: 0.0001089 seconds
2016-08-24T16:43:44.749+0000: 9343.670: [GC (Allocation Failure) 9343.670: [ParNew
Desired survivor size 8716288 bytes, new threshold 6 (max 6)
- age   1:      69104 bytes,      69104 total
- age   2:       7272 bytes,      76376 total
- age   4:       1000 bytes,      77376 total
- age   5:        968 bytes,      78344 total
: 136438K->91K(153344K), 0.0054628 secs] 317724K->181378K(1031552K), 0.0055507 secs] [Times: user=0.01 sys=0.00, real=0.00 secs] 
2016-08-24T16:43:44.754+0000: 9343.676: Total time for which application threads were stopped: 0.0063824 seconds, Stopping threads took: 0.0000985 seconds
2016-08-24T16:43:44.795+0000: 9343.716: [GC (Allocation Failure) 9343.716: [ParNew
Desired survivor size 8716288 bytes, new threshold 6 (max 6)
- age   1:      69144 bytes,      69144 total
- age   3:       1000 bytes,      70144 total
- age   5:        968 bytes,      71112 total
- age   6:        968 bytes,      72080 total
: 136411K->95K(153344K), 0.0058449 secs] 317698K->181383K(1031552K), 0.0059549 secs] [Times: user=0.01 sys=0.00, real=0.01 secs] 
2016-08-24T16:43:44.801+0000: 9343.722: Total time for which application threads were stopped: 0.0067697 seconds, Stopping threads took: 0.0001021 seconds
2016-08-24T16:43:44.839+0000: 9343.761: [GC (Allocation Failure) 9343.761: [ParNew
Desired survivor size 8716288 bytes, new threshold 6 (max 6)
- age   1:      78264 bytes,      78264 total
- age   2:       9872 bytes,      88136 total
- age   4:       1000 bytes,      89136 total
- age   6:        968 bytes,      90104 total
: 136415K->106K(153344K), 0.0065915 secs] 317703K->181394K(1031552K), 0.0067123 secs] [Times: user=0.01 sys=0.00, real=0.01 secs] 
2016-08-24T16:43:44.846+0000: 9343.768: Total time for which application threads were stopped: 0.0075466 seconds, Stopping threads took: 0.0000998 seconds
2016-08-24T16:43:54.426+0000: 9353.348: [GC (Allocation Failure) 9353.348: [ParNew
Desired survivor size 8716288 bytes, new threshold 6 (max 6)
- age   1:    1102608 bytes,    1102608 total
- age   3:        968 bytes,    1103576 total
- age   5:        968 bytes,    1104544 total
: 136426K->1105K(153344K), 0.0092441 secs] 317714K->182395K(1031552K), 0.0093780 secs] [Times: user=0.02 sys=0.00, real=0.01 secs] 
2016-08-24T16:43:54.436+0000: 9353.357: Total time for which application threads were stopped: 0.0102030 seconds, Stopping threads took: 0.0000991 seconds
2016-08-24T16:43:54.478+0000: 9353.400: [GC (Allocation Failure) 9353.400: [ParNew
Desired survivor size 8716288 bytes, new threshold 6 (max 6)
- age   1:      67680 bytes,      67680 total
- age   2:     290736 bytes,     358416 total
- age   4:        968 bytes,     359384 total
- age   6:        968 bytes,     360352 total
: 137425K->383K(153344K), 0.0064016 secs] 318715K->181672K(1031552K), 0.0065539 secs] [Times: user=0.02 sys=0.00, real=0.01 secs] 
2016-08-24T16:43:54.485+0000: 9353.407: Total time for which application threads were stopped: 0.0074149 seconds, Stopping threads took: 0.0001225 seconds
2016-08-24T16:43:54.525+0000: 9353.447: [GC (Allocation Failure) 9353.447: [ParNew
Desired survivor size 8716288 bytes, new threshold 6 (max 6)
- age   1:      66544 bytes,      66544 total
- age   2:        232 bytes,      66776 total
- age   3:     280192 bytes,     346968 total
- age   5:        968 bytes,     347936 total
: 136703K->480K(153344K), 0.0063794 secs] 317992K->181771K(1031552K), 0.0065167 secs] [Times: user=0.01 sys=0.00, real=0.01 secs] 
2016-08-24T16:43:54.532+0000: 9353.453: Total time for which application threads were stopped: 0.0074089 seconds, Stopping threads took: 0.0001377 seconds
2016-08-24T16:43:54.570+0000: 9353.492: [GC (Allocation Failure) 9353.492: [ParNew
Desired survivor size 8716288 bytes, new threshold 6 (max 6)
- age   1:      79776 bytes,      79776 total
- age   2:      12760 bytes,      92536 total
- age   3:        160 bytes,      92696 total
- age   4:     280128 bytes,     372824 total
- age   6:        968 bytes,     373792 total
: 136800K->490K(153344K), 0.0063443 secs] 318091K->181780K(1031552K), 0.0064810 secs] [Times: user=0.01 sys=0.00, real=0.00 secs] 
2016-08-24T16:43:54.577+0000: 9353.498: Total time for which application threads were stopped: 0.0073310 seconds, Stopping threads took: 0.0000972 seconds
2016-08-24T16:43:54.618+0000: 9353.540: [GC (Allocation Failure) 9353.540: [ParNew
Desired survivor size 8716288 bytes, new threshold 6 (max 6)
- age   1:      55952 bytes,      55952 total
- age   2:        160 bytes,      56112 total
- age   3:       1096 bytes,      57208 total
- age   4:        160 bytes,      57368 total
- age   5:     278280 bytes,     335648 total
: 136810K->517K(153344K), 0.0061545 secs] 318100K->181809K(1031552K), 0.0062447 secs] [Times: user=0.02 sys=0.00, real=0.01 secs] 
2016-08-24T16:43:54.625+0000: 9353.546: Total time for which application threads were stopped: 0.0070257 seconds, Stopping threads took: 0.0001029 seconds
2016-08-24T16:43:54.665+0000: 9353.586: [GC (Allocation Failure) 9353.586: [ParNew
Desired survivor size 8716288 bytes, new threshold 6 (max 6)
- age   1:      81312 bytes,      81312 total
- age   2:      14792 bytes,      96104 total
- age   3:        160 bytes,      96264 total
- age   4:       1096 bytes,      97360 total
- age   5:        160 bytes,      97520 total
- age   6:     278280 bytes,     375800 total
: 136837K->483K(153344K), 0.0063391 secs] 318129K->181775K(1031552K), 0.0064543 secs] [Times: user=0.01 sys=0.00, real=0.01 secs] 
2016-08-24T16:43:54.671+0000: 9353.593: Total time for which application threads were stopped: 0.0073310 seconds, Stopping threads took: 0.0001040 seconds
2016-08-24T16:43:54.713+0000: 9353.635: [GC (Allocation Failure) 9353.635: [ParNew
Desired survivor size 8716288 bytes, new threshold 6 (max 6)
- age   1:      68248 bytes,      68248 total
- age   3:       1000 bytes,      69248 total
- age   4:        160 bytes,      69408 total
- age   5:       1064 bytes,      70472 total
- age   6:        160 bytes,      70632 total
: 136803K->360K(153344K), 0.0064059 secs] 318095K->181928K(1031552K), 0.0065001 secs] [Times: user=0.01 sys=0.00, real=0.00 secs] 
2016-08-24T16:43:54.720+0000: 9353.641: Total time for which application threads were stopped: 0.0073219 seconds, Stopping threads took: 0.0001036 seconds
2016-08-24T16:43:54.760+0000: 9353.681: [GC (Allocation Failure) 9353.681: [ParNew
Desired survivor size 8716288 bytes, new threshold 6 (max 6)
- age   1:      80728 bytes,      80728 total
- age   2:      18536 bytes,      99264 total
- age   4:       1000 bytes,     100264 total
- age   5:        160 bytes,     100424 total
- age   6:       1064 bytes,     101488 total
: 136680K->121K(153344K), 0.0056541 secs] 318248K->181689K(1031552K), 0.0057475 secs] [Times: user=0.01 sys=0.00, real=0.01 secs] 
2016-08-24T16:43:54.766+0000: 9353.687: Total time for which application threads were stopped: 0.0065366 seconds, Stopping threads took: 0.0001028 seconds
2016-08-24T16:43:54.804+0000: 9353.726: [GC (Allocation Failure) 9353.726: [ParNew
Desired survivor size 8716288 bytes, new threshold 6 (max 6)
- age   1:      85112 bytes,      85112 total
- age   3:       1000 bytes,      86112 total
- age   5:       1000 bytes,      87112 total
- age   6:        160 bytes,      87272 total
: 136441K->141K(153344K), 0.0057914 secs] 318009K->181710K(1031552K), 0.0059175 secs] [Times: user=0.01 sys=0.00, real=0.01 secs] 
2016-08-24T16:43:54.810+0000: 9353.732: Total time for which application threads were stopped: 0.0067567 seconds, Stopping threads took: 0.0001030 seconds
2016-08-24T16:43:54.849+0000: 9353.771: [GC (Allocation Failure) 9353.771: [ParNew
Desired survivor size 8716288 bytes, new threshold 6 (max 6)
- age   1:      57448 bytes,      57448 total
- age   2:       1000 bytes,      58448 total
- age   4:        968 bytes,      59416 total
- age   6:       1000 bytes,      60416 total
: 136461K->92K(153344K), 0.0053350 secs] 318030K->181661K(1031552K), 0.0054180 secs] [Times: user=0.01 sys=0.00, real=0.00 secs] 
2016-08-24T16:43:54.855+0000: 9353.776: Total time for which application threads were stopped: 0.0061604 seconds, Stopping threads took: 0.0000928 seconds
2016-08-24T16:43:54.894+0000: 9353.816: [GC (Allocation Failure) 9353.816: [ParNew
Desired survivor size 8716288 bytes, new threshold 6 (max 6)
- age   1:      63824 bytes,      63824 total
- age   2:       4104 bytes,      67928 total
- age   3:       1000 bytes,      68928 total
- age   5:        968 bytes,      69896 total
: 136412K->79K(153344K), 0.0058154 secs] 317981K->181649K(1031552K), 0.0059287 secs] [Times: user=0.01 sys=0.00, real=0.00 secs] 
2016-08-24T16:43:54.900+0000: 9353.822: Total time for which application threads were stopped: 0.0067796 seconds, Stopping threads took: 0.0001011 seconds
2016-08-24T16:44:04.284+0000: 9363.205: [GC (Allocation Failure) 9363.206: [ParNew
Desired survivor size 8716288 bytes, new threshold 6 (max 6)
- age   1:     949136 bytes,     949136 total
- age   3:        968 bytes,     950104 total
- age   4:        968 bytes,     951072 total
- age   6:        968 bytes,     952040 total
: 136399K->935K(153344K), 0.0088983 secs] 317969K->182506K(1031552K), 0.0090399 secs] [Times: user=0.02 sys=0.00, real=0.01 secs] 
2016-08-24T16:44:04.293+0000: 9363.215: Total time for which application threads were stopped: 0.0099313 seconds, Stopping threads took: 0.0001072 seconds
2016-08-24T16:44:04.333+0000: 9363.254: [GC (Allocation Failure) 9363.254: [ParNew
Desired survivor size 8716288 bytes, new threshold 6 (max 6)
- age   1:      87712 bytes,      87712 total
- age   2:     250320 bytes,     338032 total
- age   4:        968 bytes,     339000 total
- age   5:        968 bytes,     339968 total
: 137255K->403K(153344K), 0.0056329 secs] 318826K->181974K(1031552K), 0.0057482 secs] [Times: user=0.01 sys=0.00, real=0.00 secs] 
2016-08-24T16:44:04.338+0000: 9363.260: Total time for which application threads were stopped: 0.0065871 seconds, Stopping threads took: 0.0000998 seconds
2016-08-24T16:44:04.384+0000: 9363.306: [GC (Allocation Failure) 9363.306: [ParNew
Desired survivor size 8716288 bytes, new threshold 6 (max 6)
- age   1:      67800 bytes,      67800 total
- age   2:      15768 bytes,      83568 total
- age   3:     248080 bytes,     331648 total
- age   5:        968 bytes,     332616 total
- age   6:        968 bytes,     333584 total
: 136723K->435K(153344K), 0.0057726 secs] 318294K->182006K(1031552K), 0.0058735 secs] [Times: user=0.00 sys=0.01, real=0.01 secs] 
2016-08-24T16:44:04.390+0000: 9363.311: Total time for which application threads were stopped: 0.0066595 seconds, Stopping threads took: 0.0000991 seconds
2016-08-24T16:44:04.428+0000: 9363.349: [GC (Allocation Failure) 9363.349: [ParNew
Desired survivor size 8716288 bytes, new threshold 6 (max 6)
- age   1:      77760 bytes,      77760 total
- age   2:       5336 bytes,      83096 total
- age   3:      15768 bytes,      98864 total
- age   4:     248080 bytes,     346944 total
- age   6:        968 bytes,     347912 total
: 136755K->461K(153344K), 0.0058981 secs] 318326K->182034K(1031552K), 0.0060029 secs] [Times: user=0.01 sys=0.00, real=0.01 secs] 
2016-08-24T16:44:04.434+0000: 9363.355: Total time for which application threads were stopped: 0.0067973 seconds, Stopping threads took: 0.0000957 seconds
2016-08-24T16:44:04.475+0000: 9363.396: [GC (Allocation Failure) 9363.396: [ParNew
Desired survivor size 8716288 bytes, new threshold 6 (max 6)
- age   1:      71104 bytes,      71104 total
- age   3:       1096 bytes,      72200 total
- age   4:      15336 bytes,      87536 total
- age   5:     246664 bytes,     334200 total
: 136781K->486K(153344K), 0.0058043 secs] 318354K->182060K(1031552K), 0.0059295 secs] [Times: user=0.02 sys=0.00, real=0.01 secs] 
2016-08-24T16:44:04.481+0000: 9363.402: Total time for which application threads were stopped: 0.0068107 seconds, Stopping threads took: 0.0001346 seconds
2016-08-24T16:44:04.520+0000: 9363.441: [GC (Allocation Failure) 9363.441: [ParNew
Desired survivor size 8716288 bytes, new threshold 6 (max 6)
- age   1:      67184 bytes,      67184 total
- age   2:       8808 bytes,      75992 total
- age   4:       1096 bytes,      77088 total
- age   5:      15336 bytes,      92424 total
- age   6:     246664 bytes,     339088 total
: 136806K->474K(153344K), 0.0065973 secs] 318380K->182048K(1031552K), 0.0067107 secs] [Times: user=0.02 sys=0.00, real=0.01 secs] 
2016-08-24T16:44:04.526+0000: 9363.448: Total time for which application threads were stopped: 0.0075251 seconds, Stopping threads took: 0.0000887 seconds
2016-08-24T16:44:04.566+0000: 9363.488: [GC (Allocation Failure) 9363.488: [ParNew
Desired survivor size 8716288 bytes, new threshold 6 (max 6)
- age   1:      74192 bytes,      74192 total
- age   3:       1000 bytes,      75192 total
- age   5:       1064 bytes,      76256 total
- age   6:      13856 bytes,      90112 total
: 136794K->331K(153344K), 0.0070113 secs] 318368K->182150K(1031552K), 0.0071286 secs] [Times: user=0.01 sys=0.00, real=0.01 secs] 
2016-08-24T16:44:04.574+0000: 9363.495: Total time for which application threads were stopped: 0.0079668 seconds, Stopping threads took: 0.0000978 seconds
2016-08-24T16:44:04.612+0000: 9363.534: [GC (Allocation Failure) 9363.534: [ParNew
Desired survivor size 8716288 bytes, new threshold 6 (max 6)
- age   1:      72440 bytes,      72440 total
- age   2:      11952 bytes,      84392 total
- age   4:       1000 bytes,      85392 total
- age   6:       1064 bytes,      86456 total
: 136651K->163K(153344K), 0.0052611 secs] 318470K->181995K(1031552K), 0.0053613 secs] [Times: user=0.01 sys=0.00, real=0.00 secs] 
2016-08-24T16:44:04.618+0000: 9363.539: Total time for which application threads were stopped: 0.0061673 seconds, Stopping threads took: 0.0000995 seconds
2016-08-24T16:44:04.659+0000: 9363.580: [GC (Allocation Failure) 9363.580: [ParNew
Desired survivor size 8716288 bytes, new threshold 6 (max 6)
- age   1:      67112 bytes,      67112 total
- age   3:       1000 bytes,      68112 total
- age   5:        968 bytes,      69080 total
: 136483K->84K(153344K), 0.0052474 secs] 318315K->181917K(1031552K), 0.0053492 secs] [Times: user=0.01 sys=0.00, real=0.01 secs] 
2016-08-24T16:44:04.664+0000: 9363.586: Total time for which application threads were stopped: 0.0061712 seconds, Stopping threads took: 0.0001009 seconds
2016-08-24T16:44:04.702+0000: 9363.624: [GC (Allocation Failure) 9363.624: [ParNew
Desired survivor size 8716288 bytes, new threshold 6 (max 6)
- age   1:      81984 bytes,      81984 total
- age   2:      14584 bytes,      96568 total
- age   4:       1000 bytes,      97568 total
- age   6:        968 bytes,      98536 total
: 136404K->114K(153344K), 0.0051691 secs] 318237K->181948K(1031552K), 0.0052678 secs] [Times: user=0.01 sys=0.00, real=0.00 secs] 
2016-08-24T16:44:04.707+0000: 9363.629: Total time for which application threads were stopped: 0.0060679 seconds, Stopping threads took: 0.0001014 seconds
2016-08-24T16:44:04.749+0000: 9363.670: [GC (Allocation Failure) 9363.670: [ParNew
Desired survivor size 8716288 bytes, new threshold 6 (max 6)
- age   1:      87184 bytes,      87184 total
- age   3:       1000 bytes,      88184 total
- age   5:        968 bytes,      89152 total
: 136434K->118K(153344K), 0.0053259 secs] 318268K->181953K(1031552K), 0.0054416 secs] [Times: user=0.01 sys=0.00, real=0.00 secs] 
2016-08-24T16:44:04.754+0000: 9363.676: Total time for which application threads were stopped: 0.0062911 seconds, Stopping threads took: 0.0001046 seconds
2016-08-24T16:44:04.792+0000: 9363.714: [GC (Allocation Failure) 9363.714: [ParNew
Desired survivor size 8716288 bytes, new threshold 6 (max 6)
- age   1:      68784 bytes,      68784 total
- age   2:      17760 bytes,      86544 total
- age   4:       1000 bytes,      87544 total
- age   6:        968 bytes,      88512 total
: 136438K->114K(153344K), 0.0051516 secs] 318273K->181948K(1031552K), 0.0052503 secs] [Times: user=0.01 sys=0.00, real=0.00 secs] 
2016-08-24T16:44:04.798+0000: 9363.719: Total time for which application threads were stopped: 0.0060461 seconds, Stopping threads took: 0.0001001 seconds
2016-08-24T16:44:13.869+0000: 9372.791: [GC (Allocation Failure) 9372.791: [ParNew
Desired survivor size 8716288 bytes, new threshold 6 (max 6)
- age   1:     916440 bytes,     916440 total
- age   3:        968 bytes,     917408 total
- age   5:        968 bytes,     918376 total
: 136434K->904K(153344K), 0.0076275 secs] 318268K->182739K(1031552K), 0.0077529 secs] [Times: user=0.01 sys=0.00, real=0.00 secs] 
2016-08-24T16:44:13.877+0000: 9372.799: Total time for which application threads were stopped: 0.0085994 seconds, Stopping threads took: 0.0001183 seconds
2016-08-24T16:44:13.917+0000: 9372.838: [GC (Allocation Failure) 9372.838: [ParNew
Desired survivor size 8716288 bytes, new threshold 6 (max 6)
- age   1:      67760 bytes,      67760 total
- age   2:     244928 bytes,     312688 total
- age   4:        968 bytes,     313656 total
- age   6:        968 bytes,     314624 total
: 137224K->457K(153344K), 0.0057421 secs] 319059K->182293K(1031552K), 0.0058480 secs] [Times: user=0.01 sys=0.00, real=0.01 secs] 
2016-08-24T16:44:13.923+0000: 9372.844: Total time for which application threads were stopped: 0.0067085 seconds, Stopping threads took: 0.0001275 seconds
2016-08-24T16:44:13.963+0000: 9372.885: [GC (Allocation Failure) 9372.885: [ParNew
Desired survivor size 8716288 bytes, new threshold 6 (max 6)
- age   1:      69056 bytes,      69056 total
- age   2:         72 bytes,      69128 total
- age   3:     224992 bytes,     294120 total
- age   5:        968 bytes,     295088 total
: 136777K->400K(153344K), 0.0062063 secs] 318613K->182236K(1031552K), 0.0063171 secs] [Times: user=0.02 sys=0.00, real=0.01 secs] 
2016-08-24T16:44:13.970+0000: 9372.891: Total time for which application threads were stopped: 0.0071490 seconds, Stopping threads took: 0.0000863 seconds
2016-08-24T16:44:14.008+0000: 9372.930: [GC (Allocation Failure) 9372.930: [ParNew
Desired survivor size 8716288 bytes, new threshold 6 (max 6)
- age   1:      79400 bytes,      79400 total
- age   2:      21048 bytes,     100448 total
- age   3:         72 bytes,     100520 total
- age   4:     224992 bytes,     325512 total
- age   6:        968 bytes,     326480 total
: 136720K->413K(153344K), 0.0054367 secs] 318556K->182249K(1031552K), 0.0055672 secs] [Times: user=0.01 sys=0.00, real=0.00 secs] 
2016-08-24T16:44:14.014+0000: 9372.936: Total time for which application threads were stopped: 0.0063929 seconds, Stopping threads took: 0.0000963 seconds
2016-08-24T16:44:14.053+0000: 9372.974: [GC (Allocation Failure) 9372.975: [ParNew
Desired survivor size 8716288 bytes, new threshold 6 (max 6)
- age   1:      86912 bytes,      86912 total
- age   3:       1456 bytes,      88368 total
- age   4:         72 bytes,      88440 total
- age   5:     223144 bytes,     311584 total
: 136733K->450K(153344K), 0.0057473 secs] 318569K->182287K(1031552K), 0.0058551 secs] [Times: user=0.01 sys=0.00, real=0.00 secs] 
2016-08-24T16:44:14.059+0000: 9372.980: Total time for which application threads were stopped: 0.0067905 seconds, Stopping threads took: 0.0001000 seconds
2016-08-24T16:44:14.100+0000: 9373.022: [GC (Allocation Failure) 9373.022: [ParNew
Desired survivor size 8716288 bytes, new threshold 6 (max 6)
- age   1:      51568 bytes,      51568 total
- age   2:       1000 bytes,      52568 total
- age   4:       1424 bytes,      53992 total
- age   5:         72 bytes,      54064 total
- age   6:     221328 bytes,     275392 total
: 136770K->304K(153344K), 0.0056547 secs] 318607K->182141K(1031552K), 0.0057578 secs] [Times: user=0.01 sys=0.00, real=0.00 secs] 
2016-08-24T16:44:14.106+0000: 9373.028: Total time for which application threads were stopped: 0.0065706 seconds, Stopping threads took: 0.0001002 seconds
2016-08-24T16:44:14.146+0000: 9373.068: [GC (Allocation Failure) 9373.068: [ParNew
Desired survivor size 8716288 bytes, new threshold 6 (max 6)
- age   1:      91128 bytes,      91128 total
- age   2:       4976 bytes,      96104 total
- age   3:       1000 bytes,      97104 total
- age   5:       1424 bytes,      98528 total
- age   6:         72 bytes,      98600 total
: 136624K->275K(153344K), 0.0060505 secs] 318461K->182333K(1031552K), 0.0061555 secs] [Times: user=0.01 sys=0.00, real=0.01 secs] 
2016-08-24T16:44:14.153+0000: 9373.074: Total time for which application threads were stopped: 0.0069582 seconds, Stopping threads took: 0.0001001 seconds
2016-08-24T16:44:14.192+0000: 9373.114: [GC (Allocation Failure) 9373.114: [ParNew
Desired survivor size 8716288 bytes, new threshold 6 (max 6)
- age   1:      53672 bytes,      53672 total
- age   3:       1000 bytes,      54672 total
- age   4:        968 bytes,      55640 total
- age   6:       1424 bytes,      57064 total
: 136595K->111K(153344K), 0.0055002 secs] 318653K->182169K(1031552K), 0.0056268 secs] [Times: user=0.01 sys=0.00, real=0.00 secs] 
2016-08-24T16:44:14.198+0000: 9373.119: Total time for which application threads were stopped: 0.0064577 seconds, Stopping threads took: 0.0001092 seconds
2016-08-24T16:44:14.237+0000: 9373.159: [GC (Allocation Failure) 9373.159: [ParNew
Desired survivor size 8716288 bytes, new threshold 6 (max 6)
- age   1:      63664 bytes,      63664 total
- age   2:       8568 bytes,      72232 total
- age   4:       1000 bytes,      73232 total
- age   5:        968 bytes,      74200 total
: 136431K->84K(153344K), 0.0051519 secs] 318489K->182143K(1031552K), 0.0052497 secs] [Times: user=0.01 sys=0.00, real=0.01 secs] 
2016-08-24T16:44:14.242+0000: 9373.164: Total time for which application threads were stopped: 0.0060583 seconds, Stopping threads took: 0.0001212 seconds
2016-08-24T16:44:14.284+0000: 9373.206: [GC (Allocation Failure) 9373.206: [ParNew
Desired survivor size 8716288 bytes, new threshold 6 (max 6)
- age   1:      79000 bytes,      79000 total
- age   3:       1000 bytes,      80000 total
- age   5:        968 bytes,      80968 total
- age   6:        968 bytes,      81936 total
: 136404K->102K(153344K), 0.0057271 secs] 318463K->182162K(1031552K), 0.0058654 secs] [Times: user=0.01 sys=0.00, real=0.01 secs] 
2016-08-24T16:44:14.290+0000: 9373.212: Total time for which application threads were stopped: 0.0067161 seconds, Stopping threads took: 0.0001022 seconds
2016-08-24T16:44:14.329+0000: 9373.251: [GC (Allocation Failure) 9373.251: [ParNew
Desired survivor size 8716288 bytes, new threshold 6 (max 6)
- age   1:      74840 bytes,      74840 total
- age   2:      11840 bytes,      86680 total
- age   4:       1000 bytes,      87680 total
- age   6:        968 bytes,      88648 total
: 136422K->100K(153344K), 0.0054327 secs] 318482K->182161K(1031552K), 0.0055202 secs] [Times: user=0.01 sys=0.00, real=0.00 secs] 
2016-08-24T16:44:14.335+0000: 9373.257: Total time for which application threads were stopped: 0.0063243 seconds, Stopping threads took: 0.0001024 seconds
2016-08-24T16:44:24.646+0000: 9383.568: [GC (Allocation Failure) 9383.568: [ParNew
Desired survivor size 8716288 bytes, new threshold 6 (max 6)
- age   1:    1395392 bytes,    1395392 total
- age   3:        968 bytes,    1396360 total
- age   5:        968 bytes,    1397328 total
: 136420K->1375K(153344K), 0.0090227 secs] 318481K->183437K(1031552K), 0.0091567 secs] [Times: user=0.01 sys=0.00, real=0.01 secs] 
2016-08-24T16:44:24.656+0000: 9383.577: Total time for which application threads were stopped: 0.0100287 seconds, Stopping threads took: 0.0000984 seconds
2016-08-24T16:44:24.694+0000: 9383.615: [GC (Allocation Failure) 9383.615: [ParNew
Desired survivor size 8716288 bytes, new threshold 6 (max 6)
- age   1:      78424 bytes,      78424 total
- age   2:     318064 bytes,     396488 total
- age   4:        968 bytes,     397456 total
- age   6:        968 bytes,     398424 total
: 137695K->559K(153344K), 0.0057046 secs] 319757K->182621K(1031552K), 0.0058101 secs] [Times: user=0.01 sys=0.00, real=0.00 secs] 
2016-08-24T16:44:24.700+0000: 9383.621: Total time for which application threads were stopped: 0.0066006 seconds, Stopping threads took: 0.0001006 seconds
2016-08-24T16:44:24.738+0000: 9383.660: [GC (Allocation Failure) 9383.660: [ParNew
Desired survivor size 8716288 bytes, new threshold 6 (max 6)
- age   1:      75440 bytes,      75440 total
- age   2:         96 bytes,      75536 total
- age   3:     306744 bytes,     382280 total
- age   5:        968 bytes,     383248 total
: 136879K->513K(153344K), 0.0062495 secs] 318941K->182576K(1031552K), 0.0063593 secs] [Times: user=0.01 sys=0.00, real=0.01 secs] 
2016-08-24T16:44:24.745+0000: 9383.666: Total time for which application threads were stopped: 0.0071761 seconds, Stopping threads took: 0.0001183 seconds
2016-08-24T16:44:24.784+0000: 9383.706: [GC (Allocation Failure) 9383.706: [ParNew
Desired survivor size 8716288 bytes, new threshold 6 (max 6)
- age   1:      82528 bytes,      82528 total
- age   2:      13872 bytes,      96400 total
- age   3:         96 bytes,      96496 total
- age   4:     306744 bytes,     403240 total
- age   6:        968 bytes,     404208 total
: 136833K->534K(153344K), 0.0056645 secs] 318896K->182597K(1031552K), 0.0057693 secs] [Times: user=0.02 sys=0.00, real=0.01 secs] 
2016-08-24T16:44:24.790+0000: 9383.711: Total time for which application threads were stopped: 0.0065568 seconds, Stopping threads took: 0.0001013 seconds
2016-08-24T16:44:24.829+0000: 9383.750: [GC (Allocation Failure) 9383.750: [ParNew
Desired survivor size 8716288 bytes, new threshold 6 (max 6)
- age   1:      79848 bytes,      79848 total
- age   3:       1096 bytes,      80944 total
- age   4:         96 bytes,      81040 total
- age   5:     304896 bytes,     385936 total
: 136854K->562K(153344K), 0.0057540 secs] 318917K->182626K(1031552K), 0.0058612 secs] [Times: user=0.02 sys=0.00, real=0.00 secs] 
2016-08-24T16:44:24.835+0000: 9383.756: Total time for which application threads were stopped: 0.0067158 seconds, Stopping threads took: 0.0001174 seconds
2016-08-24T16:44:24.872+0000: 9383.793: [GC (Allocation Failure) 9383.794: [ParNew
Desired survivor size 8716288 bytes, new threshold 6 (max 6)
- age   1:      69488 bytes,      69488 total
- age   2:      15264 bytes,      84752 total
- age   4:       1096 bytes,      85848 total
- age   5:         96 bytes,      85944 total
- age   6:     304896 bytes,     390840 total
: 136882K->553K(153344K), 0.0064945 secs] 318946K->182616K(1031552K), 0.0066094 secs] [Times: user=0.02 sys=0.00, real=0.00 secs] 
2016-08-24T16:44:24.879+0000: 9383.800: Total time for which application threads were stopped: 0.0074370 seconds, Stopping threads took: 0.0001014 seconds
2016-08-24T16:44:24.919+0000: 9383.840: [GC (Allocation Failure) 9383.840: [ParNew
Desired survivor size 8716288 bytes, new threshold 6 (max 6)
- age   1:      75440 bytes,      75440 total
- age   3:       1000 bytes,      76440 total
- age   5:       1064 bytes,      77504 total
- age   6:         96 bytes,      77600 total
: 136873K->381K(153344K), 0.0065724 secs] 318936K->182746K(1031552K), 0.0066873 secs] [Times: user=0.01 sys=0.00, real=0.01 secs] 
2016-08-24T16:44:24.926+0000: 9383.847: Total time for which application threads were stopped: 0.0074977 seconds, Stopping threads took: 0.0000992 seconds
2016-08-24T16:44:24.967+0000: 9383.888: [GC (Allocation Failure) 9383.888: [ParNew
Desired survivor size 8716288 bytes, new threshold 6 (max 6)
- age   1:      81792 bytes,      81792 total
- age   2:      18880 bytes,     100672 total
- age   4:       1000 bytes,     101672 total
- age   6:       1064 bytes,     102736 total
: 136701K->175K(153344K), 0.0055600 secs] 319066K->182541K(1031552K), 0.0056843 secs] [Times: user=0.01 sys=0.00, real=0.01 secs] 
2016-08-24T16:44:24.973+0000: 9383.894: Total time for which application threads were stopped: 0.0064911 seconds, Stopping threads took: 0.0000983 seconds
2016-08-24T16:44:25.013+0000: 9383.935: [GC (Allocation Failure) 9383.935: [ParNew
Desired survivor size 8716288 bytes, new threshold 6 (max 6)
- age   1:      72136 bytes,      72136 total
- age   3:       1000 bytes,      73136 total
- age   5:        968 bytes,      74104 total
: 136495K->108K(153344K), 0.0050412 secs] 318861K->182475K(1031552K), 0.0051482 secs] [Times: user=0.01 sys=0.00, real=0.00 secs] 
2016-08-24T16:44:25.019+0000: 9383.940: Total time for which application threads were stopped: 0.0059530 seconds, Stopping threads took: 0.0000968 seconds
2016-08-24T16:44:25.059+0000: 9383.981: [GC (Allocation Failure) 9383.981: [ParNew
Desired survivor size 8716288 bytes, new threshold 6 (max 6)
- age   1:      51112 bytes,      51112 total
- age   2:       1000 bytes,      52112 total
- age   4:        968 bytes,      53080 total
- age   6:        968 bytes,      54048 total
: 136428K->62K(153344K), 0.0050174 secs] 318795K->182428K(1031552K), 0.0051145 secs] [Times: user=0.01 sys=0.00, real=0.01 secs] 
2016-08-24T16:44:25.065+0000: 9383.986: Total time for which application threads were stopped: 0.0059387 seconds, Stopping threads took: 0.0000941 seconds
2016-08-24T16:44:25.105+0000: 9384.026: [GC (Allocation Failure) 9384.027: [ParNew
Desired survivor size 8716288 bytes, new threshold 6 (max 6)
- age   1:      75728 bytes,      75728 total
- age   2:       4360 bytes,      80088 total
- age   3:       1000 bytes,      81088 total
- age   5:        968 bytes,      82056 total
: 136382K->90K(153344K), 0.0050830 secs] 318748K->182458K(1031552K), 0.0051800 secs] [Times: user=0.01 sys=0.00, real=0.01 secs] 
2016-08-24T16:44:25.110+0000: 9384.032: Total time for which application threads were stopped: 0.0060759 seconds, Stopping threads took: 0.0001000 seconds
2016-08-24T16:44:27.113+0000: 9386.034: Total time for which application threads were stopped: 0.0018514 seconds, Stopping threads took: 0.0002584 seconds
2016-08-24T16:44:34.326+0000: 9393.248: [GC (Allocation Failure) 9393.248: [ParNew
Desired survivor size 8716288 bytes, new threshold 6 (max 6)
- age   1:     881376 bytes,     881376 total
- age   3:        968 bytes,     882344 total
- age   4:        968 bytes,     883312 total
- age   6:        968 bytes,     884280 total
: 136410K->882K(153344K), 0.0078799 secs] 318778K->183249K(1031552K), 0.0080156 secs] [Times: user=0.02 sys=0.00, real=0.01 secs] 
2016-08-24T16:44:34.334+0000: 9393.256: Total time for which application threads were stopped: 0.0089158 seconds, Stopping threads took: 0.0001084 seconds
2016-08-24T16:44:34.377+0000: 9393.299: [GC (Allocation Failure) 9393.299: [ParNew
Desired survivor size 8716288 bytes, new threshold 6 (max 6)
- age   1:      89160 bytes,      89160 total
- age   2:     238552 bytes,     327712 total
- age   4:        968 bytes,     328680 total
- age   5:        968 bytes,     329648 total
: 137202K->407K(153344K), 0.0057225 secs] 319569K->182776K(1031552K), 0.0058279 secs] [Times: user=0.01 sys=0.00, real=0.01 secs] 
2016-08-24T16:44:34.383+0000: 9393.305: Total time for which application threads were stopped: 0.0066647 seconds, Stopping threads took: 0.0001156 seconds
2016-08-24T16:44:34.423+0000: 9393.345: [GC (Allocation Failure) 9393.345: [ParNew
Desired survivor size 8716288 bytes, new threshold 6 (max 6)
- age   1:      52744 bytes,      52744 total
- age   2:        160 bytes,      52904 total
- age   3:     232960 bytes,     285864 total
- age   5:        968 bytes,     286832 total
- age   6:        968 bytes,     287800 total
: 136727K->426K(153344K), 0.0061239 secs] 319096K->182795K(1031552K), 0.0062366 secs] [Times: user=0.01 sys=0.00, real=0.01 secs] 
2016-08-24T16:44:34.430+0000: 9393.351: Total time for which application threads were stopped: 0.0070520 seconds, Stopping threads took: 0.0000985 seconds
2016-08-24T16:44:34.469+0000: 9393.391: [GC (Allocation Failure) 9393.391: [ParNew
Desired survivor size 8716288 bytes, new threshold 6 (max 6)
- age   1:      82992 bytes,      82992 total
- age   2:       6608 bytes,      89600 total
- age   3:        160 bytes,      89760 total
- age   4:     232960 bytes,     322720 total
- age   6:        968 bytes,     323688 total
: 136746K->427K(153344K), 0.0067559 secs] 319115K->182796K(1031552K), 0.0069193 secs] [Times: user=0.02 sys=0.00, real=0.00 secs] 
2016-08-24T16:44:34.477+0000: 9393.398: Total time for which application threads were stopped: 0.0080784 seconds, Stopping threads took: 0.0001634 seconds
2016-08-24T16:44:34.527+0000: 9393.448: [GC (Allocation Failure) 9393.448: [ParNew
Desired survivor size 8716288 bytes, new threshold 6 (max 6)
- age   1:      69424 bytes,      69424 total
- age   3:       1096 bytes,      70520 total
- age   4:        160 bytes,      70680 total
- age   5:     230752 bytes,     301432 total
: 136747K->428K(153344K), 0.0062018 secs] 319116K->182799K(1031552K), 0.0063180 secs] [Times: user=0.01 sys=0.00, real=0.01 secs] 
2016-08-24T16:44:34.533+0000: 9393.455: Total time for which application threads were stopped: 0.0071461 seconds, Stopping threads took: 0.0001028 seconds
2016-08-24T16:44:34.571+0000: 9393.493: [GC (Allocation Failure) 9393.493: [ParNew
Desired survivor size 8716288 bytes, new threshold 6 (max 6)
- age   1:      68432 bytes,      68432 total
- age   2:       9608 bytes,      78040 total
- age   4:       1096 bytes,      79136 total
- age   5:         88 bytes,      79224 total
- age   6:     230752 bytes,     309976 total
: 136748K->424K(153344K), 0.0061573 secs] 319119K->182794K(1031552K), 0.0062727 secs] [Times: user=0.01 sys=0.00, real=0.00 secs] 
2016-08-24T16:44:34.578+0000: 9393.499: Total time for which application threads were stopped: 0.0071077 seconds, Stopping threads took: 0.0001040 seconds
2016-08-24T16:44:34.619+0000: 9393.541: [GC (Allocation Failure) 9393.541: [ParNew
Desired survivor size 8716288 bytes, new threshold 6 (max 6)
- age   1:      63576 bytes,      63576 total
- age   2:        248 bytes,      63824 total
- age   3:       1000 bytes,      64824 total
- age   5:       1064 bytes,      65888 total
- age   6:         88 bytes,      65976 total
: 136744K->303K(153344K), 0.0066435 secs] 319114K->182902K(1031552K), 0.0067632 secs] [Times: user=0.02 sys=0.00, real=0.01 secs] 
2016-08-24T16:44:34.626+0000: 9393.547: Total time for which application threads were stopped: 0.0076276 seconds, Stopping threads took: 0.0001013 seconds
2016-08-24T16:44:34.665+0000: 9393.587: [GC (Allocation Failure) 9393.587: [ParNew
Desired survivor size 8716288 bytes, new threshold 6 (max 6)
- age   1:      64600 bytes,      64600 total
- age   2:      13432 bytes,      78032 total
- age   3:        248 bytes,      78280 total
- age   4:       1000 bytes,      79280 total
- age   6:       1064 bytes,      80344 total
: 136623K->143K(153344K), 0.0062348 secs] 319222K->182742K(1031552K), 0.0063519 secs] [Times: user=0.01 sys=0.00, real=0.01 secs] 
2016-08-24T16:44:34.672+0000: 9393.593: Total time for which application threads were stopped: 0.0072011 seconds, Stopping threads took: 0.0001034 seconds
2016-08-24T16:44:34.713+0000: 9393.635: [GC (Allocation Failure) 9393.635: [ParNew
Desired survivor size 8716288 bytes, new threshold 6 (max 6)
- age   1:      73144 bytes,      73144 total
- age   3:       1000 bytes,      74144 total
- age   4:        176 bytes,      74320 total
- age   5:        968 bytes,      75288 total
: 136463K->81K(153344K), 0.0063309 secs] 319062K->182681K(1031552K), 0.0064375 secs] [Times: user=0.01 sys=0.00, real=0.00 secs] 
2016-08-24T16:44:34.720+0000: 9393.641: Total time for which application threads were stopped: 0.0073253 seconds, Stopping threads took: 0.0001430 seconds
2016-08-24T16:44:34.759+0000: 9393.680: [GC (Allocation Failure) 9393.680: [ParNew
Desired survivor size 8716288 bytes, new threshold 6 (max 6)
- age   1:      87080 bytes,      87080 total
- age   2:      19808 bytes,     106888 total
- age   4:       1000 bytes,     107888 total
- age   5:        176 bytes,     108064 total
- age   6:        968 bytes,     109032 total
: 136401K->116K(153344K), 0.0068474 secs] 319001K->182716K(1031552K), 0.0069848 secs] [Times: user=0.02 sys=0.00, real=0.01 secs] 
2016-08-24T16:44:34.766+0000: 9393.688: Total time for which application threads were stopped: 0.0078474 seconds, Stopping threads took: 0.0000991 seconds
2016-08-24T16:44:34.808+0000: 9393.729: [GC (Allocation Failure) 9393.729: [ParNew
Desired survivor size 8716288 bytes, new threshold 6 (max 6)
- age   1:      68472 bytes,      68472 total
- age   2:        424 bytes,      68896 total
- age   3:       5872 bytes,      74768 total
- age   5:        968 bytes,      75736 total
- age   6:        176 bytes,      75912 total
: 136436K->98K(153344K), 0.0063776 secs] 319036K->182699K(1031552K), 0.0065067 secs] [Times: user=0.01 sys=0.00, real=0.01 secs] 
2016-08-24T16:44:34.814+0000: 9393.736: Total time for which application threads were stopped: 0.0074443 seconds, Stopping threads took: 0.0001138 seconds
2016-08-24T16:44:34.853+0000: 9393.775: [GC (Allocation Failure) 9393.775: [ParNew
Desired survivor size 8716288 bytes, new threshold 6 (max 6)
- age   1:      77464 bytes,      77464 total
- age   2:      18784 bytes,      96248 total
- age   3:        424 bytes,      96672 total
- age   4:       5872 bytes,     102544 total
- age   6:        968 bytes,     103512 total
: 136418K->124K(153344K), 0.0066838 secs] 319019K->182725K(1031552K), 0.0068089 secs] [Times: user=0.02 sys=0.00, real=0.01 secs] 
2016-08-24T16:44:34.860+0000: 9393.782: Total time for which application threads were stopped: 0.0076889 seconds, Stopping threads took: 0.0001036 seconds
2016-08-24T16:44:43.714+0000: 9402.636: Total time for which application threads were stopped: 0.0006573 seconds, Stopping threads took: 0.0000874 seconds
2016-08-24T16:44:43.715+0000: 9402.636: Total time for which application threads were stopped: 0.0003207 seconds, Stopping threads took: 0.0000510 seconds
2016-08-24T16:44:43.715+0000: 9402.637: Total time for which application threads were stopped: 0.0003140 seconds, Stopping threads took: 0.0000441 seconds
2016-08-24T16:44:43.882+0000: 9402.804: Total time for which application threads were stopped: 0.0040118 seconds, Stopping threads took: 0.0023250 seconds
2016-08-24T16:44:43.884+0000: 9402.805: Total time for which application threads were stopped: 0.0013367 seconds, Stopping threads took: 0.0001638 seconds
2016-08-24T16:44:43.891+0000: 9402.813: Total time for which application threads were stopped: 0.0072194 seconds, Stopping threads took: 0.0001636 seconds
2016-08-24T16:44:44.395+0000: 9403.316: [GC (Allocation Failure) 9403.316: [ParNew
Desired survivor size 8716288 bytes, new threshold 6 (max 6)
- age   1:    1104080 bytes,    1104080 total
- age   3:       1096 bytes,    1105176 total
- age   4:        192 bytes,    1105368 total
- age   5:       4600 bytes,    1109968 total
: 136444K->1132K(153344K), 0.0093002 secs] 319045K->183734K(1031552K), 0.0094372 secs] [Times: user=0.02 sys=0.00, real=0.01 secs] 
2016-08-24T16:44:44.405+0000: 9403.326: Total time for which application threads were stopped: 0.0102826 seconds, Stopping threads took: 0.0000989 seconds
2016-08-24T16:44:44.446+0000: 9403.368: [GC (Allocation Failure) 9403.368: [ParNew
Desired survivor size 8716288 bytes, new threshold 6 (max 6)
- age   1:      66584 bytes,      66584 total
- age   2:     325952 bytes,     392536 total
- age   4:       1096 bytes,     393632 total
- age   5:        160 bytes,     393792 total
- age   6:        968 bytes,     394760 total
: 137452K->455K(153344K), 0.0059116 secs] 320054K->183057K(1031552K), 0.0060152 secs] [Times: user=0.01 sys=0.01, real=0.01 secs] 
2016-08-24T16:44:44.452+0000: 9403.374: Total time for which application threads were stopped: 0.0068241 seconds, Stopping threads took: 0.0001019 seconds
2016-08-24T16:44:44.493+0000: 9403.415: [GC (Allocation Failure) 9403.415: [ParNew
Desired survivor size 8716288 bytes, new threshold 6 (max 6)
- age   1:      61832 bytes,      61832 total
- age   2:         96 bytes,      61928 total
- age   3:     306888 bytes,     368816 total
- age   5:       1096 bytes,     369912 total
- age   6:        160 bytes,     370072 total
: 136775K->533K(153344K), 0.0060883 secs] 319377K->183136K(1031552K), 0.0062359 secs] [Times: user=0.01 sys=0.00, real=0.00 secs] 
2016-08-24T16:44:44.499+0000: 9403.421: Total time for which application threads were stopped: 0.0072275 seconds, Stopping threads took: 0.0001042 seconds
2016-08-24T16:44:44.537+0000: 9403.459: [GC (Allocation Failure) 9403.459: [ParNew
Desired survivor size 8716288 bytes, new threshold 6 (max 6)
- age   1:      78864 bytes,      78864 total
- age   2:      20688 bytes,      99552 total
- age   3:         96 bytes,      99648 total
- age   4:     306888 bytes,     406536 total
- age   6:       1096 bytes,     407632 total
: 136853K->529K(153344K), 0.0057246 secs] 319456K->183132K(1031552K), 0.0058317 secs] [Times: user=0.01 sys=0.00, real=0.01 secs] 
2016-08-24T16:44:44.543+0000: 9403.465: Total time for which application threads were stopped: 0.0066245 seconds, Stopping threads took: 0.0000998 seconds
2016-08-24T16:44:44.584+0000: 9403.505: [GC (Allocation Failure) 9403.505: [ParNew
Desired survivor size 8716288 bytes, new threshold 6 (max 6)
- age   1:      81856 bytes,      81856 total
- age   3:       1096 bytes,      82952 total
- age   4:         96 bytes,      83048 total
- age   5:     305040 bytes,     388088 total
: 136849K->568K(153344K), 0.0055367 secs] 319452K->183172K(1031552K), 0.0056443 secs] [Times: user=0.01 sys=0.00, real=0.01 secs] 
2016-08-24T16:44:44.590+0000: 9403.511: Total time for which application threads were stopped: 0.0064369 seconds, Stopping threads took: 0.0000887 seconds
2016-08-24T16:44:44.628+0000: 9403.550: [GC (Allocation Failure) 9403.550: [ParNew
Desired survivor size 8716288 bytes, new threshold 6 (max 6)
- age   1:      45856 bytes,      45856 total
- age   2:       1000 bytes,      46856 total
- age   4:       1064 bytes,      47920 total
- age   5:         96 bytes,      48016 total
- age   6:     302720 bytes,     350736 total
: 136888K->552K(153344K), 0.0058069 secs] 319492K->183156K(1031552K), 0.0059213 secs] [Times: user=0.01 sys=0.00, real=0.01 secs] 
2016-08-24T16:44:44.634+0000: 9403.556: Total time for which application threads were stopped: 0.0067266 seconds, Stopping threads took: 0.0000983 seconds
2016-08-24T16:44:44.673+0000: 9403.594: [GC (Allocation Failure) 9403.594: [ParNew
Desired survivor size 8716288 bytes, new threshold 6 (max 6)
- age   1:      81320 bytes,      81320 total
- age   2:       4976 bytes,      86296 total
- age   3:       1000 bytes,      87296 total
- age   5:       1064 bytes,      88360 total
- age   6:         96 bytes,      88456 total
: 136872K->234K(153344K), 0.0061298 secs] 319476K->183140K(1031552K), 0.0062337 secs] [Times: user=0.01 sys=0.00, real=0.00 secs] 
2016-08-24T16:44:44.679+0000: 9403.600: Total time for which application threads were stopped: 0.0071194 seconds, Stopping threads took: 0.0001026 seconds
2016-08-24T16:44:44.719+0000: 9403.640: [GC (Allocation Failure) 9403.640: [ParNew
Desired survivor size 8716288 bytes, new threshold 6 (max 6)
- age   1:      51976 bytes,      51976 total
- age   3:       1000 bytes,      52976 total
- age   4:        968 bytes,      53944 total
- age   6:       1064 bytes,      55008 total
: 136554K->98K(153344K), 0.0052189 secs] 319460K->183004K(1031552K), 0.0053273 secs] [Times: user=0.01 sys=0.00, real=0.01 secs] 
2016-08-24T16:44:44.724+0000: 9403.646: Total time for which application threads were stopped: 0.0061336 seconds, Stopping threads took: 0.0000979 seconds
2016-08-24T16:44:44.764+0000: 9403.685: [GC (Allocation Failure) 9403.685: [ParNew
Desired survivor size 8716288 bytes, new threshold 6 (max 6)
- age   1:      74416 bytes,      74416 total
- age   2:       8656 bytes,      83072 total
- age   4:       1000 bytes,      84072 total
- age   5:        968 bytes,      85040 total
: 136418K->95K(153344K), 0.0051086 secs] 319324K->183002K(1031552K), 0.0052211 secs] [Times: user=0.01 sys=0.00, real=0.01 secs] 
2016-08-24T16:44:44.769+0000: 9403.691: Total time for which application threads were stopped: 0.0060101 seconds, Stopping threads took: 0.0001009 seconds
2016-08-24T16:44:44.808+0000: 9403.729: [GC (Allocation Failure) 9403.730: [ParNew
Desired survivor size 8716288 bytes, new threshold 6 (max 6)
- age   1:      58280 bytes,      58280 total
- age   3:       1000 bytes,      59280 total
- age   5:        968 bytes,      60248 total
- age   6:        968 bytes,      61216 total
: 136415K->77K(153344K), 0.0055947 secs] 319322K->182984K(1031552K), 0.0057053 secs] [Times: user=0.01 sys=0.00, real=0.01 secs] 
2016-08-24T16:44:44.814+0000: 9403.735: Total time for which application threads were stopped: 0.0065201 seconds, Stopping threads took: 0.0001008 seconds
2016-08-24T16:44:44.853+0000: 9403.775: [GC (Allocation Failure) 9403.775: [ParNew
Desired survivor size 8716288 bytes, new threshold 6 (max 6)
- age   1:      85680 bytes,      85680 total
- age   2:      11952 bytes,      97632 total
- age   4:       1000 bytes,      98632 total
- age   6:        968 bytes,      99600 total
: 136397K->107K(153344K), 0.0053890 secs] 319304K->183015K(1031552K), 0.0054758 secs] [Times: user=0.01 sys=0.00, real=0.00 secs] 
2016-08-24T16:44:44.859+0000: 9403.781: Total time for which application threads were stopped: 0.0062345 seconds, Stopping threads took: 0.0000985 seconds
2016-08-24T16:44:46.860+0000: 9405.782: Total time for which application threads were stopped: 0.0007901 seconds, Stopping threads took: 0.0001578 seconds
2016-08-24T16:44:48.861+0000: 9407.783: Total time for which application threads were stopped: 0.0006312 seconds, Stopping threads took: 0.0001073 seconds
2016-08-24T16:44:54.024+0000: 9412.946: [GC (Allocation Failure) 9412.946: [ParNew
Desired survivor size 8716288 bytes, new threshold 6 (max 6)
- age   1:    1090704 bytes,    1090704 total
- age   3:        968 bytes,    1091672 total
- age   5:        968 bytes,    1092640 total
: 136427K->1074K(153344K), 0.0082664 secs] 319335K->183983K(1031552K), 0.0084597 secs] [Times: user=0.02 sys=0.00, real=0.01 secs] 
2016-08-24T16:44:54.033+0000: 9412.954: Total time for which application threads were stopped: 0.0092901 seconds, Stopping threads took: 0.0001021 seconds
2016-08-24T16:44:54.071+0000: 9412.993: [GC (Allocation Failure) 9412.993: [ParNew
Desired survivor size 8716288 bytes, new threshold 6 (max 6)
- age   1:      75744 bytes,      75744 total
- age   2:     308176 bytes,     383920 total
- age   4:        968 bytes,     384888 total
- age   6:        968 bytes,     385856 total
: 137394K->531K(153344K), 0.0053749 secs] 320303K->183440K(1031552K), 0.0054804 secs] [Times: user=0.01 sys=0.00, real=0.00 secs] 
2016-08-24T16:44:54.077+0000: 9412.998: Total time for which application threads were stopped: 0.0062617 seconds, Stopping threads took: 0.0000867 seconds
2016-08-24T16:44:54.117+0000: 9413.039: [GC (Allocation Failure) 9413.039: [ParNew
Desired survivor size 8716288 bytes, new threshold 6 (max 6)
- age   1:      85600 bytes,      85600 total
- age   2:         72 bytes,      85672 total
- age   3:     296584 bytes,     382256 total
- age   5:        968 bytes,     383224 total
: 136851K->514K(153344K), 0.0058017 secs] 319760K->183424K(1031552K), 0.0059073 secs] [Times: user=0.01 sys=0.00, real=0.01 secs] 
2016-08-24T16:44:54.123+0000: 9413.045: Total time for which application threads were stopped: 0.0067179 seconds, Stopping threads took: 0.0000981 seconds
2016-08-24T16:44:54.163+0000: 9413.085: [GC (Allocation Failure) 9413.085: [ParNew
Desired survivor size 8716288 bytes, new threshold 6 (max 6)
- age   1:      86160 bytes,      86160 total
- age   2:      14184 bytes,     100344 total
- age   3:         72 bytes,     100416 total
- age   4:     294640 bytes,     395056 total
- age   6:        968 bytes,     396024 total
: 136834K->704K(153344K), 0.0065235 secs] 319744K->183615K(1031552K), 0.0066511 secs] [Times: user=0.01 sys=0.00, real=0.01 secs] 
2016-08-24T16:44:54.170+0000: 9413.092: Total time for which application threads were stopped: 0.0074943 seconds, Stopping threads took: 0.0000994 seconds
2016-08-24T16:44:54.212+0000: 9413.134: [GC (Allocation Failure) 9413.134: [ParNew
Desired survivor size 8716288 bytes, new threshold 6 (max 6)
- age   1:      62424 bytes,      62424 total
- age   2:       5656 bytes,      68080 total
- age   3:       1096 bytes,      69176 total
- age   4:         72 bytes,      69248 total
- age   5:     292792 bytes,     362040 total
: 137024K->460K(153344K), 0.0068630 secs] 319935K->183371K(1031552K), 0.0069864 secs] [Times: user=0.01 sys=0.00, real=0.00 secs] 
2016-08-24T16:44:54.219+0000: 9413.141: Total time for which application threads were stopped: 0.0078484 seconds, Stopping threads took: 0.0001017 seconds
2016-08-24T16:44:54.258+0000: 9413.180: [GC (Allocation Failure) 9413.180: [ParNew
Desired survivor size 8716288 bytes, new threshold 6 (max 6)
- age   1:      91808 bytes,      91808 total
- age   2:      16416 bytes,     108224 total
- age   3:       5656 bytes,     113880 total
- age   4:       1096 bytes,     114976 total
- age   5:         72 bytes,     115048 total
- age   6:     292792 bytes,     407840 total
: 136780K->621K(153344K), 0.0075059 secs] 319691K->183533K(1031552K), 0.0076085 secs] [Times: user=0.01 sys=0.00, real=0.01 secs] 
2016-08-24T16:44:54.266+0000: 9413.187: Total time for which application threads were stopped: 0.0083687 seconds, Stopping threads took: 0.0000877 seconds
2016-08-24T16:44:54.306+0000: 9413.227: [GC (Allocation Failure) 9413.227: [ParNew
Desired survivor size 8716288 bytes, new threshold 6 (max 6)
- age   1:      83008 bytes,      83008 total
- age   3:       1000 bytes,      84008 total
- age   4:       5656 bytes,      89664 total
- age   5:       1064 bytes,      90728 total
- age   6:         72 bytes,      90800 total
: 136941K->381K(153344K), 0.0080974 secs] 319853K->183583K(1031552K), 0.0082248 secs] [Times: user=0.01 sys=0.00, real=0.01 secs] 
2016-08-24T16:44:54.314+0000: 9413.235: Total time for which application threads were stopped: 0.0090394 seconds, Stopping threads took: 0.0000878 seconds
2016-08-24T16:44:54.352+0000: 9413.274: [GC (Allocation Failure) 9413.274: [ParNew
Desired survivor size 8716288 bytes, new threshold 6 (max 6)
- age   1:      70680 bytes,      70680 total
- age   2:      19336 bytes,      90016 total
- age   4:       1000 bytes,      91016 total
- age   5:       5656 bytes,      96672 total
- age   6:       1064 bytes,      97736 total
: 136701K->130K(153344K), 0.0061006 secs] 319903K->183332K(1031552K), 0.0062483 secs] [Times: user=0.01 sys=0.00, real=0.00 secs] 
2016-08-24T16:44:54.359+0000: 9413.280: Total time for which application threads were stopped: 0.0072164 seconds, Stopping threads took: 0.0001226 seconds
2016-08-24T16:44:54.398+0000: 9413.319: [GC (Allocation Failure) 9413.320: [ParNew
Desired survivor size 8716288 bytes, new threshold 6 (max 6)
- age   1:      74064 bytes,      74064 total
- age   3:       1000 bytes,      75064 total
- age   5:        968 bytes,      76032 total
- age   6:       5656 bytes,      81688 total
: 136450K->107K(153344K), 0.0061390 secs] 319652K->183310K(1031552K), 0.0062598 secs] [Times: user=0.01 sys=0.00, real=0.01 secs] 
2016-08-24T16:44:54.404+0000: 9413.326: Total time for which application threads were stopped: 0.0070948 seconds, Stopping threads took: 0.0000988 seconds
2016-08-24T16:44:54.446+0000: 9413.367: [GC (Allocation Failure) 9413.367: [ParNew
Desired survivor size 8716288 bytes, new threshold 6 (max 6)
- age   1:      59184 bytes,      59184 total
- age   2:       1000 bytes,      60184 total
- age   4:        968 bytes,      61152 total
- age   6:        968 bytes,      62120 total
: 136427K->85K(153344K), 0.0063981 secs] 319630K->183294K(1031552K), 0.0065134 secs] [Times: user=0.01 sys=0.00, real=0.01 secs] 
2016-08-24T16:44:54.452+0000: 9413.374: Total time for which application threads were stopped: 0.0073682 seconds, Stopping threads took: 0.0000976 seconds
2016-08-24T16:44:54.492+0000: 9413.414: [GC (Allocation Failure) 9413.414: [ParNew
Desired survivor size 8716288 bytes, new threshold 6 (max 6)
- age   1:      75952 bytes,      75952 total
- age   2:       4560 bytes,      80512 total
- age   3:       1000 bytes,      81512 total
- age   5:        968 bytes,      82480 total
: 136405K->88K(153344K), 0.0070550 secs] 319614K->183298K(1031552K), 0.0072203 secs] [Times: user=0.01 sys=0.00, real=0.00 secs] 
2016-08-24T16:44:54.500+0000: 9413.421: Total time for which application threads were stopped: 0.0083450 seconds, Stopping threads took: 0.0001055 seconds
2016-08-24T16:45:04.422+0000: 9423.343: [GC (Allocation Failure) 9423.343: [ParNew
Desired survivor size 8716288 bytes, new threshold 6 (max 6)
- age   1:     978400 bytes,     978400 total
- age   3:        968 bytes,     979368 total
- age   4:        968 bytes,     980336 total
- age   6:        968 bytes,     981304 total
: 136408K->993K(153344K), 0.0097248 secs] 319618K->184203K(1031552K), 0.0098792 secs] [Times: user=0.01 sys=0.00, real=0.01 secs] 
2016-08-24T16:45:04.432+0000: 9423.353: Total time for which application threads were stopped: 0.0108808 seconds, Stopping threads took: 0.0001210 seconds
2016-08-24T16:45:04.474+0000: 9423.395: [GC (Allocation Failure) 9423.395: [ParNew
Desired survivor size 8716288 bytes, new threshold 6 (max 6)
- age   1:      78336 bytes,      78336 total
- age   2:     273048 bytes,     351384 total
- age   4:        968 bytes,     352352 total
- age   5:        968 bytes,     353320 total
: 137313K->459K(153344K), 0.0062567 secs] 320523K->183670K(1031552K), 0.0063864 secs] [Times: user=0.02 sys=0.00, real=0.00 secs] 
2016-08-24T16:45:04.480+0000: 9423.402: Total time for which application threads were stopped: 0.0073009 seconds, Stopping threads took: 0.0001285 seconds
2016-08-24T16:45:04.524+0000: 9423.445: [GC (Allocation Failure) 9423.445: [ParNew
Desired survivor size 8716288 bytes, new threshold 6 (max 6)
- age   1:      54104 bytes,      54104 total
- age   2:        160 bytes,      54264 total
- age   3:     267456 bytes,     321720 total
- age   5:        968 bytes,     322688 total
- age   6:        968 bytes,     323656 total
: 136779K->462K(153344K), 0.0060706 secs] 319990K->183672K(1031552K), 0.0061915 secs] [Times: user=0.01 sys=0.00, real=0.01 secs] 
2016-08-24T16:45:04.530+0000: 9423.451: Total time for which application threads were stopped: 0.0070178 seconds, Stopping threads took: 0.0000939 seconds
2016-08-24T16:45:04.571+0000: 9423.492: [GC (Allocation Failure) 9423.492: [ParNew
Desired survivor size 8716288 bytes, new threshold 6 (max 6)
- age   1:      62064 bytes,      62064 total
- age   2:       6848 bytes,      68912 total
- age   3:        160 bytes,      69072 total
- age   4:     267456 bytes,     336528 total
- age   6:        968 bytes,     337496 total
: 136782K->460K(153344K), 0.0060560 secs] 319992K->183672K(1031552K), 0.0061648 secs] [Times: user=0.02 sys=0.00, real=0.00 secs] 
2016-08-24T16:45:04.577+0000: 9423.498: Total time for which application threads were stopped: 0.0070703 seconds, Stopping threads took: 0.0000978 seconds
2016-08-24T16:45:04.616+0000: 9423.537: [GC (Allocation Failure) 9423.537: [ParNew
Desired survivor size 8716288 bytes, new threshold 6 (max 6)
- age   1:      73312 bytes,      73312 total
- age   3:       1096 bytes,      74408 total
- age   4:        160 bytes,      74568 total
- age   5:     265608 bytes,     340176 total
: 136780K->473K(153344K), 0.0067779 secs] 319992K->183686K(1031552K), 0.0068925 secs] [Times: user=0.02 sys=0.00, real=0.01 secs] 
2016-08-24T16:45:04.623+0000: 9423.544: Total time for which application threads were stopped: 0.0077398 seconds, Stopping threads took: 0.0001159 seconds
2016-08-24T16:45:04.664+0000: 9423.585: [GC (Allocation Failure) 9423.585: [ParNew
Desired survivor size 8716288 bytes, new threshold 6 (max 6)
- age   1:      78104 bytes,      78104 total
- age   2:       9608 bytes,      87712 total
- age   4:       1096 bytes,      88808 total
- age   5:        160 bytes,      88968 total
- age   6:     265608 bytes,     354576 total
: 136793K->493K(153344K), 0.0068042 secs] 320006K->183706K(1031552K), 0.0069357 secs] [Times: user=0.01 sys=0.00, real=0.01 secs] 
2016-08-24T16:45:04.671+0000: 9423.592: Total time for which application threads were stopped: 0.0077901 seconds, Stopping threads took: 0.0001014 seconds
2016-08-24T16:45:04.713+0000: 9423.635: [GC (Allocation Failure) 9423.635: [ParNew
Desired survivor size 8716288 bytes, new threshold 6 (max 6)
- age   1:      70272 bytes,      70272 total
- age   3:       1000 bytes,      71272 total
- age   5:       1064 bytes,      72336 total
- age   6:        160 bytes,      72496 total
: 136813K->333K(153344K), 0.0069213 secs] 320026K->183808K(1031552K), 0.0070683 secs] [Times: user=0.01 sys=0.00, real=0.01 secs] 
2016-08-24T16:45:04.720+0000: 9423.642: Total time for which application threads were stopped: 0.0079821 seconds, Stopping threads took: 0.0001221 seconds
2016-08-24T16:45:04.761+0000: 9423.683: [GC (Allocation Failure) 9423.683: [ParNew
Desired survivor size 8716288 bytes, new threshold 6 (max 6)
- age   1:      73792 bytes,      73792 total
- age   2:      13776 bytes,      87568 total
- age   4:       1000 bytes,      88568 total
- age   6:       1064 bytes,      89632 total
: 136653K->156K(153344K), 0.0059496 secs] 320128K->183631K(1031552K), 0.0060689 secs] [Times: user=0.01 sys=0.00, real=0.00 secs] 
2016-08-24T16:45:04.767+0000: 9423.689: Total time for which application threads were stopped: 0.0069576 seconds, Stopping threads took: 0.0001238 seconds
2016-08-24T16:45:04.810+0000: 9423.731: [GC (Allocation Failure) 9423.731: [ParNew
Desired survivor size 8716288 bytes, new threshold 6 (max 6)
- age   1:      59664 bytes,      59664 total
- age   3:       1000 bytes,      60664 total
- age   5:        968 bytes,      61632 total
: 136476K->93K(153344K), 0.0059980 secs] 319951K->183570K(1031552K), 0.0061139 secs] [Times: user=0.01 sys=0.00, real=0.00 secs] 
2016-08-24T16:45:04.816+0000: 9423.737: Total time for which application threads were stopped: 0.0069762 seconds, Stopping threads took: 0.0001035 seconds
2016-08-24T16:45:04.857+0000: 9423.778: [GC (Allocation Failure) 9423.778: [ParNew
Desired survivor size 8716288 bytes, new threshold 6 (max 6)
- age   1:      67448 bytes,      67448 total
- age   2:      15264 bytes,      82712 total
- age   4:       1000 bytes,      83712 total
- age   6:        968 bytes,      84680 total
: 136413K->94K(153344K), 0.0062204 secs] 319890K->183571K(1031552K), 0.0063408 secs] [Times: user=0.01 sys=0.00, real=0.01 secs] 
2016-08-24T16:45:04.863+0000: 9423.785: Total time for which application threads were stopped: 0.0072184 seconds, Stopping threads took: 0.0000991 seconds
2016-08-24T16:45:04.903+0000: 9423.824: [GC (Allocation Failure) 9423.825: [ParNew
Desired survivor size 8716288 bytes, new threshold 6 (max 6)
- age   1:      87112 bytes,      87112 total
- age   3:       1000 bytes,      88112 total
- age   5:        968 bytes,      89080 total
: 136414K->115K(153344K), 0.0062691 secs] 319891K->183593K(1031552K), 0.0063864 secs] [Times: user=0.01 sys=0.00, real=0.01 secs] 
2016-08-24T16:45:04.910+0000: 9423.831: Total time for which application threads were stopped: 0.0072247 seconds, Stopping threads took: 0.0001019 seconds
2016-08-24T16:45:04.951+0000: 9423.872: [GC (Allocation Failure) 9423.873: [ParNew
Desired survivor size 8716288 bytes, new threshold 6 (max 6)
- age   1:      61248 bytes,      61248 total
- age   2:      18792 bytes,      80040 total
- age   4:       1000 bytes,      81040 total
- age   6:        968 bytes,      82008 total
: 136435K->107K(153344K), 0.0065841 secs] 319913K->183585K(1031552K), 0.0067085 secs] [Times: user=0.01 sys=0.00, real=0.00 secs] 
2016-08-24T16:45:04.958+0000: 9423.879: Total time for which application threads were stopped: 0.0075911 seconds, Stopping threads took: 0.0001034 seconds
2016-08-24T16:45:14.380+0000: 9433.301: [GC (Allocation Failure) 9433.301: [ParNew
Desired survivor size 8716288 bytes, new threshold 6 (max 6)
- age   1:     965536 bytes,     965536 total
- age   3:        968 bytes,     966504 total
- age   5:        968 bytes,     967472 total
: 136427K->975K(153344K), 0.0076453 secs] 319905K->184453K(1031552K), 0.0077721 secs] [Times: user=0.01 sys=0.00, real=0.01 secs] 
2016-08-24T16:45:14.388+0000: 9433.309: Total time for which application threads were stopped: 0.0085972 seconds, Stopping threads took: 0.0000977 seconds
2016-08-24T16:45:14.426+0000: 9433.347: [GC (Allocation Failure) 9433.347: [ParNew
Desired survivor size 8716288 bytes, new threshold 6 (max 6)
- age   1:      80440 bytes,      80440 total
- age   2:     269632 bytes,     350072 total
- age   4:        968 bytes,     351040 total
- age   6:        968 bytes,     352008 total
: 137295K->476K(153344K), 0.0057774 secs] 320773K->183954K(1031552K), 0.0058816 secs] [Times: user=0.01 sys=0.00, real=0.01 secs] 
2016-08-24T16:45:14.432+0000: 9433.353: Total time for which application threads were stopped: 0.0067073 seconds, Stopping threads took: 0.0001179 seconds
2016-08-24T16:45:14.472+0000: 9433.393: [GC (Allocation Failure) 9433.393: [ParNew
Desired survivor size 8716288 bytes, new threshold 6 (max 6)
- age   1:      66360 bytes,      66360 total
- age   2:         72 bytes,      66432 total
- age   3:     249792 bytes,     316224 total
- age   5:        968 bytes,     317192 total
: 136796K->466K(153344K), 0.0060042 secs] 320274K->183946K(1031552K), 0.0061456 secs] [Times: user=0.01 sys=0.00, real=0.00 secs] 
2016-08-24T16:45:14.478+0000: 9433.400: Total time for which application threads were stopped: 0.0070771 seconds, Stopping threads took: 0.0001440 seconds
2016-08-24T16:45:14.519+0000: 9433.440: [GC (Allocation Failure) 9433.440: [ParNew
Desired survivor size 8716288 bytes, new threshold 6 (max 6)
- age   1:      50432 bytes,      50432 total
- age   2:       1096 bytes,      51528 total
- age   3:         72 bytes,      51600 total
- age   4:     247944 bytes,     299544 total
- age   6:        968 bytes,     300512 total
: 136786K->454K(153344K), 0.0060810 secs] 320266K->183934K(1031552K), 0.0061782 secs] [Times: user=0.02 sys=0.00, real=0.01 secs] 
2016-08-24T16:45:14.525+0000: 9433.446: Total time for which application threads were stopped: 0.0069757 seconds, Stopping threads took: 0.0000954 seconds
2016-08-24T16:45:14.563+0000: 9433.485: [GC (Allocation Failure) 9433.485: [ParNew
Desired survivor size 8716288 bytes, new threshold 6 (max 6)
- age   1:      79840 bytes,      79840 total
- age   2:       4040 bytes,      83880 total
- age   3:       1096 bytes,      84976 total
- age   4:         72 bytes,      85048 total
- age   5:     247440 bytes,     332488 total
: 136774K->427K(153344K), 0.0059903 secs] 320254K->183907K(1031552K), 0.0061077 secs] [Times: user=0.01 sys=0.00, real=0.01 secs] 
2016-08-24T16:45:14.569+0000: 9433.491: Total time for which application threads were stopped: 0.0069544 seconds, Stopping threads took: 0.0001004 seconds
2016-08-24T16:45:14.609+0000: 9433.531: [GC (Allocation Failure) 9433.531: [ParNew
Desired survivor size 8716288 bytes, new threshold 6 (max 6)
- age   1:      74600 bytes,      74600 total
- age   2:        336 bytes,      74936 total
- age   3:       1000 bytes,      75936 total
- age   4:       1096 bytes,      77032 total
- age   5:         72 bytes,      77104 total
- age   6:     245592 bytes,     322696 total
: 136747K->457K(153344K), 0.0063414 secs] 320227K->183938K(1031552K), 0.0064544 secs] [Times: user=0.01 sys=0.00, real=0.00 secs] 
2016-08-24T16:45:14.616+0000: 9433.537: Total time for which application threads were stopped: 0.0072971 seconds, Stopping threads took: 0.0000996 seconds
2016-08-24T16:45:14.656+0000: 9433.578: [GC (Allocation Failure) 9433.578: [ParNew
Desired survivor size 8716288 bytes, new threshold 6 (max 6)
- age   1:      77776 bytes,      77776 total
- age   2:       5712 bytes,      83488 total
- age   3:        336 bytes,      83824 total
- age   4:       1000 bytes,      84824 total
- age   5:       1096 bytes,      85920 total
- age   6:         72 bytes,      85992 total
: 136777K->316K(153344K), 0.0068731 secs] 320258K->184041K(1031552K), 0.0070015 secs] [Times: user=0.01 sys=0.00, real=0.01 secs] 
2016-08-24T16:45:14.663+0000: 9433.585: Total time for which application threads were stopped: 0.0078427 seconds, Stopping threads took: 0.0001011 seconds
2016-08-24T16:45:14.705+0000: 9433.627: [GC (Allocation Failure) 9433.627: [ParNew
Desired survivor size 8716288 bytes, new threshold 6 (max 6)
- age   1:      69872 bytes,      69872 total
- age   3:       1000 bytes,      70872 total
- age   4:        336 bytes,      71208 total
- age   5:       1000 bytes,      72208 total
- age   6:       1064 bytes,      73272 total
: 136636K->114K(153344K), 0.0060738 secs] 320361K->183839K(1031552K), 0.0061907 secs] [Times: user=0.01 sys=0.00, real=0.01 secs] 
2016-08-24T16:45:14.711+0000: 9433.633: Total time for which application threads were stopped: 0.0070337 seconds, Stopping threads took: 0.0001261 seconds
2016-08-24T16:45:14.752+0000: 9433.673: [GC (Allocation Failure) 9433.673: [ParNew
Desired survivor size 8716288 bytes, new threshold 6 (max 6)
- age   1:      61384 bytes,      61384 total
- age   2:       9432 bytes,      70816 total
- age   4:       1000 bytes,      71816 total
- age   5:        336 bytes,      72152 total
- age   6:       1000 bytes,      73152 total
: 136434K->101K(153344K), 0.0059418 secs] 320159K->183828K(1031552K), 0.0060589 secs] [Times: user=0.01 sys=0.00, real=0.00 secs] 
2016-08-24T16:45:14.758+0000: 9433.679: Total time for which application threads were stopped: 0.0068905 seconds, Stopping threads took: 0.0001016 seconds
2016-08-24T16:45:14.800+0000: 9433.721: [GC (Allocation Failure) 9433.722: [ParNew
Desired survivor size 8716288 bytes, new threshold 6 (max 6)
- age   1:      68512 bytes,      68512 total
- age   3:       1000 bytes,      69512 total
- age   5:        968 bytes,      70480 total
- age   6:        336 bytes,      70816 total
: 136421K->81K(153344K), 0.0061276 secs] 320148K->183808K(1031552K), 0.0062437 secs] [Times: user=0.01 sys=0.00, real=0.01 secs] 
2016-08-24T16:45:14.806+0000: 9433.728: Total time for which application threads were stopped: 0.0070891 seconds, Stopping threads took: 0.0001044 seconds
2016-08-24T16:45:14.847+0000: 9433.768: [GC (Allocation Failure) 9433.769: [ParNew
Desired survivor size 8716288 bytes, new threshold 6 (max 6)
- age   1:      84416 bytes,      84416 total
- age   2:      12888 bytes,      97304 total
- age   4:       1000 bytes,      98304 total
- age   6:        968 bytes,      99272 total
: 136401K->112K(153344K), 0.0061845 secs] 320128K->183840K(1031552K), 0.0063144 secs] [Times: user=0.01 sys=0.00, real=0.01 secs] 
2016-08-24T16:45:14.853+0000: 9433.775: Total time for which application threads were stopped: 0.0071712 seconds, Stopping threads took: 0.0000990 seconds
2016-08-24T16:45:24.371+0000: 9443.292: [GC (Allocation Failure) 9443.292: [ParNew
Desired survivor size 8716288 bytes, new threshold 6 (max 6)
- age   1:    1301648 bytes,    1301648 total
- age   3:        968 bytes,    1302616 total
- age   5:        968 bytes,    1303584 total
: 136432K->1284K(153344K), 0.0080921 secs] 320160K->185013K(1031552K), 0.0082346 secs] [Times: user=0.02 sys=0.00, real=0.00 secs] 
2016-08-24T16:45:24.379+0000: 9443.301: Total time for which application threads were stopped: 0.0090440 seconds, Stopping threads took: 0.0001005 seconds
2016-08-24T16:45:24.419+0000: 9443.340: [GC (Allocation Failure) 9443.340: [ParNew
Desired survivor size 8716288 bytes, new threshold 6 (max 6)
- age   1:      63184 bytes,      63184 total
- age   2:     307312 bytes,     370496 total
- age   4:        968 bytes,     371464 total
- age   6:        968 bytes,     372432 total
: 137604K->542K(153344K), 0.0057713 secs] 321333K->184271K(1031552K), 0.0058740 secs] [Times: user=0.01 sys=0.00, real=0.01 secs] 
2016-08-24T16:45:24.425+0000: 9443.346: Total time for which application threads were stopped: 0.0066241 seconds, Stopping threads took: 0.0000957 seconds
2016-08-24T16:45:24.466+0000: 9443.388: [GC (Allocation Failure) 9443.388: [ParNew
Desired survivor size 8716288 bytes, new threshold 6 (max 6)
- age   1:      78104 bytes,      78104 total
- age   2:         72 bytes,      78176 total
- age   3:     294320 bytes,     372496 total
- age   5:        968 bytes,     373464 total
: 136862K->478K(153344K), 0.0056174 secs] 320591K->184208K(1031552K), 0.0057574 secs] [Times: user=0.01 sys=0.00, real=0.01 secs] 
2016-08-24T16:45:24.472+0000: 9443.394: Total time for which application threads were stopped: 0.0066418 seconds, Stopping threads took: 0.0000939 seconds
2016-08-24T16:45:24.511+0000: 9443.433: [GC (Allocation Failure) 9443.433: [ParNew
Desired survivor size 8716288 bytes, new threshold 6 (max 6)
- age   1:      62608 bytes,      62608 total
- age   2:      14384 bytes,      76992 total
- age   3:         72 bytes,      77064 total
- age   4:     294320 bytes,     371384 total
- age   6:        968 bytes,     372352 total
: 136798K->514K(153344K), 0.0054424 secs] 320528K->184244K(1031552K), 0.0055384 secs] [Times: user=0.01 sys=0.00, real=0.00 secs] 
2016-08-24T16:45:24.517+0000: 9443.438: Total time for which application threads were stopped: 0.0063052 seconds, Stopping threads took: 0.0000961 seconds
2016-08-24T16:45:24.556+0000: 9443.477: [GC (Allocation Failure) 9443.477: [ParNew
Desired survivor size 8716288 bytes, new threshold 6 (max 6)
- age   1:      69120 bytes,      69120 total
- age   3:       1096 bytes,      70216 total
- age   4:         72 bytes,      70288 total
- age   5:     292472 bytes,     362760 total
: 136834K->525K(153344K), 0.0057756 secs] 320564K->184256K(1031552K), 0.0058982 secs] [Times: user=0.01 sys=0.00, real=0.01 secs] 
2016-08-24T16:45:24.562+0000: 9443.483: Total time for which application threads were stopped: 0.0067434 seconds, Stopping threads took: 0.0000961 seconds
2016-08-24T16:45:24.600+0000: 9443.521: [GC (Allocation Failure) 9443.521: [ParNew
Desired survivor size 8716288 bytes, new threshold 6 (max 6)
- age   1:      62392 bytes,      62392 total
- age   2:      17496 bytes,      79888 total
- age   4:       1096 bytes,      80984 total
- age   5:         72 bytes,      81056 total
- age   6:     292472 bytes,     373528 total
: 136845K->518K(153344K), 0.0054008 secs] 320576K->184249K(1031552K), 0.0055025 secs] [Times: user=0.01 sys=0.00, real=0.01 secs] 
2016-08-24T16:45:24.605+0000: 9443.527: Total time for which application threads were stopped: 0.0062931 seconds, Stopping threads took: 0.0000967 seconds
2016-08-24T16:45:24.645+0000: 9443.567: [GC (Allocation Failure) 9443.567: [ParNew
Desired survivor size 8716288 bytes, new threshold 6 (max 6)
- age   1:      80576 bytes,      80576 total
- age   3:       1000 bytes,      81576 total
- age   5:       1064 bytes,      82640 total
- age   6:         72 bytes,      82712 total
: 136838K->361K(153344K), 0.0063484 secs] 320569K->184382K(1031552K), 0.0064695 secs] [Times: user=0.01 sys=0.00, real=0.01 secs] 
2016-08-24T16:45:24.652+0000: 9443.573: Total time for which application threads were stopped: 0.0073423 seconds, Stopping threads took: 0.0001004 seconds
2016-08-24T16:45:24.689+0000: 9443.611: [GC (Allocation Failure) 9443.611: [ParNew
Desired survivor size 8716288 bytes, new threshold 6 (max 6)
- age   1:      65704 bytes,      65704 total
- age   2:      20264 bytes,      85968 total
- age   4:       1000 bytes,      86968 total
- age   6:       1064 bytes,      88032 total
: 136681K->171K(153344K), 0.0054818 secs] 320702K->184192K(1031552K), 0.0055778 secs] [Times: user=0.01 sys=0.00, real=0.00 secs] 
2016-08-24T16:45:24.695+0000: 9443.617: Total time for which application threads were stopped: 0.0063627 seconds, Stopping threads took: 0.0000994 seconds
2016-08-24T16:45:24.735+0000: 9443.656: [GC (Allocation Failure) 9443.656: [ParNew
Desired survivor size 8716288 bytes, new threshold 6 (max 6)
- age   1:      88880 bytes,      88880 total
- age   3:       1000 bytes,      89880 total
- age   5:        968 bytes,      90848 total
: 136491K->107K(153344K), 0.0054692 secs] 320512K->184129K(1031552K), 0.0055954 secs] [Times: user=0.01 sys=0.00, real=0.01 secs] 
2016-08-24T16:45:24.740+0000: 9443.662: Total time for which application threads were stopped: 0.0064367 seconds, Stopping threads took: 0.0000981 seconds
2016-08-24T16:45:24.780+0000: 9443.701: [GC (Allocation Failure) 9443.701: [ParNew
Desired survivor size 8716288 bytes, new threshold 6 (max 6)
- age   1:      76648 bytes,      76648 total
- age   2:       1000 bytes,      77648 total
- age   4:        968 bytes,      78616 total
- age   6:        968 bytes,      79584 total
: 136427K->105K(153344K), 0.0054863 secs] 320449K->184127K(1031552K), 0.0055705 secs] [Times: user=0.01 sys=0.00, real=0.01 secs] 
2016-08-24T16:45:24.785+0000: 9443.707: Total time for which application threads were stopped: 0.0063573 seconds, Stopping threads took: 0.0000991 seconds
2016-08-24T16:45:24.823+0000: 9443.745: [GC (Allocation Failure) 9443.745: [ParNew
Desired survivor size 8716288 bytes, new threshold 6 (max 6)
- age   1:      78400 bytes,      78400 total
- age   2:       4976 bytes,      83376 total
- age   3:       1000 bytes,      84376 total
- age   5:        968 bytes,      85344 total
: 136425K->121K(153344K), 0.0058711 secs] 320447K->184144K(1031552K), 0.0059826 secs] [Times: user=0.01 sys=0.00, real=0.01 secs] 
2016-08-24T16:45:24.829+0000: 9443.751: Total time for which application threads were stopped: 0.0068209 seconds, Stopping threads took: 0.0001009 seconds
2016-08-24T16:45:34.084+0000: 9453.006: [GC (Allocation Failure) 9453.006: [ParNew
Desired survivor size 8716288 bytes, new threshold 6 (max 6)
- age   1:     996280 bytes,     996280 total
- age   3:        968 bytes,     997248 total
- age   4:        968 bytes,     998216 total
- age   6:        968 bytes,     999184 total
: 136441K->1003K(153344K), 0.0080353 secs] 320464K->185026K(1031552K), 0.0081863 secs] [Times: user=0.01 sys=0.00, real=0.01 secs] 
2016-08-24T16:45:34.093+0000: 9453.014: Total time for which application threads were stopped: 0.0091131 seconds, Stopping threads took: 0.0001106 seconds
2016-08-24T16:45:34.131+0000: 9453.052: [GC (Allocation Failure) 9453.052: [ParNew
Desired survivor size 8716288 bytes, new threshold 6 (max 6)
- age   1:      71624 bytes,      71624 total
- age   2:     264272 bytes,     335896 total
- age   4:        968 bytes,     336864 total
- age   5:        968 bytes,     337832 total
: 137323K->436K(153344K), 0.0059055 secs] 321346K->184460K(1031552K), 0.0060104 secs] [Times: user=0.01 sys=0.00, real=0.00 secs] 
2016-08-24T16:45:34.137+0000: 9453.058: Total time for which application threads were stopped: 0.0067963 seconds, Stopping threads took: 0.0000980 seconds
2016-08-24T16:45:34.176+0000: 9453.098: [GC (Allocation Failure) 9453.098: [ParNew
Desired survivor size 8716288 bytes, new threshold 6 (max 6)
- age   1:      68064 bytes,      68064 total
- age   2:        360 bytes,      68424 total
- age   3:     258408 bytes,     326832 total
- age   5:        968 bytes,     327800 total
- age   6:        968 bytes,     328768 total
: 136756K->443K(153344K), 0.0055680 secs] 320780K->184467K(1031552K), 0.0056701 secs] [Times: user=0.01 sys=0.00, real=0.01 secs] 
2016-08-24T16:45:34.182+0000: 9453.104: Total time for which application threads were stopped: 0.0064698 seconds, Stopping threads took: 0.0001001 seconds
2016-08-24T16:45:34.220+0000: 9453.141: [GC (Allocation Failure) 9453.142: [ParNew
Desired survivor size 8716288 bytes, new threshold 6 (max 6)
- age   1:      77136 bytes,      77136 total
- age   2:       7928 bytes,      85064 total
- age   3:        360 bytes,      85424 total
- age   4:     258408 bytes,     343832 total
- age   6:        968 bytes,     344800 total
: 136763K->458K(153344K), 0.0056534 secs] 320787K->184483K(1031552K), 0.0057539 secs] [Times: user=0.01 sys=0.00, real=0.01 secs] 
2016-08-24T16:45:34.226+0000: 9453.147: Total time for which application threads were stopped: 0.0065434 seconds, Stopping threads took: 0.0001009 seconds
2016-08-24T16:45:34.266+0000: 9453.187: [GC (Allocation Failure) 9453.187: [ParNew
Desired survivor size 8716288 bytes, new threshold 6 (max 6)
- age   1:      69984 bytes,      69984 total
- age   3:       1096 bytes,      71080 total
- age   4:        360 bytes,      71440 total
- age   5:     256560 bytes,     328000 total
: 136778K->480K(153344K), 0.0055158 secs] 320803K->184506K(1031552K), 0.0056286 secs] [Times: user=0.01 sys=0.00, real=0.01 secs] 
2016-08-24T16:45:34.271+0000: 9453.193: Total time for which application threads were stopped: 0.0064267 seconds, Stopping threads took: 0.0000996 seconds
2016-08-24T16:45:34.309+0000: 9453.231: [GC (Allocation Failure) 9453.231: [ParNew
Desired survivor size 8716288 bytes, new threshold 6 (max 6)
- age   1:      88216 bytes,      88216 total
- age   2:      10864 bytes,      99080 total
- age   4:       1096 bytes,     100176 total
- age   5:        360 bytes,     100536 total
- age   6:     256560 bytes,     357096 total
: 136800K->469K(153344K), 0.0055828 secs] 320826K->184495K(1031552K), 0.0056856 secs] [Times: user=0.01 sys=0.00, real=0.00 secs] 
2016-08-24T16:45:34.315+0000: 9453.237: Total time for which application threads were stopped: 0.0064869 seconds, Stopping threads took: 0.0001008 seconds
2016-08-24T16:45:34.356+0000: 9453.278: [GC (Allocation Failure) 9453.278: [ParNew
Desired survivor size 8716288 bytes, new threshold 6 (max 6)
- age   1:      78152 bytes,      78152 total
- age   3:       1000 bytes,      79152 total
- age   5:       1064 bytes,      80216 total
- age   6:        360 bytes,      80576 total
: 136789K->343K(153344K), 0.0075463 secs] 320815K->184623K(1031552K), 0.0076666 secs] [Times: user=0.02 sys=0.00, real=0.01 secs] 
2016-08-24T16:45:34.364+0000: 9453.285: Total time for which application threads were stopped: 0.0085056 seconds, Stopping threads took: 0.0000979 seconds
2016-08-24T16:45:34.402+0000: 9453.323: [GC (Allocation Failure) 9453.323: [ParNew
Desired survivor size 8716288 bytes, new threshold 6 (max 6)
- age   1:      66744 bytes,      66744 total
- age   2:      14088 bytes,      80832 total
- age   4:       1000 bytes,      81832 total
- age   6:       1064 bytes,      82896 total
: 136663K->161K(153344K), 0.0049742 secs] 320943K->184441K(1031552K), 0.0050817 secs] [Times: user=0.01 sys=0.00, real=0.00 secs] 
2016-08-24T16:45:34.407+0000: 9453.329: Total time for which application threads were stopped: 0.0058528 seconds, Stopping threads took: 0.0000967 seconds
2016-08-24T16:45:34.447+0000: 9453.368: [GC (Allocation Failure) 9453.368: [ParNew
Desired survivor size 8716288 bytes, new threshold 6 (max 6)
- age   1:      65512 bytes,      65512 total
- age   3:       1000 bytes,      66512 total
- age   5:        968 bytes,      67480 total
: 136481K->82K(153344K), 0.0055222 secs] 320761K->184363K(1031552K), 0.0056404 secs] [Times: user=0.01 sys=0.00, real=0.01 secs] 
2016-08-24T16:45:34.453+0000: 9453.374: Total time for which application threads were stopped: 0.0064953 seconds, Stopping threads took: 0.0000999 seconds
2016-08-24T16:45:34.492+0000: 9453.413: [GC (Allocation Failure) 9453.414: [ParNew
Desired survivor size 8716288 bytes, new threshold 6 (max 6)
- age   1:      82872 bytes,      82872 total
- age   2:      17000 bytes,      99872 total
- age   4:       1000 bytes,     100872 total
- age   6:        968 bytes,     101840 total
: 136402K->116K(153344K), 0.0052606 secs] 320683K->184397K(1031552K), 0.0053931 secs] [Times: user=0.01 sys=0.00, real=0.00 secs] 
2016-08-24T16:45:34.498+0000: 9453.419: Total time for which application threads were stopped: 0.0062617 seconds, Stopping threads took: 0.0001095 seconds
2016-08-24T16:45:34.537+0000: 9453.459: [GC (Allocation Failure) 9453.459: [ParNew
Desired survivor size 8716288 bytes, new threshold 6 (max 6)
- age   1:      72016 bytes,      72016 total
- age   3:       1000 bytes,      73016 total
- age   5:        968 bytes,      73984 total
: 136436K->90K(153344K), 0.0053543 secs] 320717K->184372K(1031552K), 0.0054653 secs] [Times: user=0.01 sys=0.00, real=0.01 secs] 
2016-08-24T16:45:34.543+0000: 9453.464: Total time for which application threads were stopped: 0.0062801 seconds, Stopping threads took: 0.0000962 seconds
2016-08-24T16:45:34.583+0000: 9453.505: [GC (Allocation Failure) 9453.505: [ParNew
Desired survivor size 8716288 bytes, new threshold 6 (max 6)
- age   1:      69576 bytes,      69576 total
- age   2:      20024 bytes,      89600 total
- age   4:       1000 bytes,      90600 total
- age   6:        968 bytes,      91568 total
: 136410K->120K(153344K), 0.0058396 secs] 320692K->184402K(1031552K), 0.0059509 secs] [Times: user=0.01 sys=0.00, real=0.01 secs] 
2016-08-24T16:45:34.589+0000: 9453.511: Total time for which application threads were stopped: 0.0067939 seconds, Stopping threads took: 0.0001328 seconds
2016-08-24T16:45:44.463+0000: 9463.385: [GC (Allocation Failure) 9463.385: [ParNew
Desired survivor size 8716288 bytes, new threshold 6 (max 6)
- age   1:    1060272 bytes,    1060272 total
- age   3:       1160 bytes,    1061432 total
- age   5:        968 bytes,    1062400 total
: 136440K->1061K(153344K), 0.0074284 secs] 320722K->185343K(1031552K), 0.0075581 secs] [Times: user=0.01 sys=0.00, real=0.01 secs] 
2016-08-24T16:45:44.471+0000: 9463.392: Total time for which application threads were stopped: 0.0083750 seconds, Stopping threads took: 0.0001048 seconds
2016-08-24T16:45:44.512+0000: 9463.433: [GC (Allocation Failure) 9463.433: [ParNew
Desired survivor size 8716288 bytes, new threshold 6 (max 6)
- age   1:      74752 bytes,      74752 total
- age   2:     303152 bytes,     377904 total
- age   4:       1160 bytes,     379064 total
- age   6:        968 bytes,     380032 total
: 137381K->545K(153344K), 0.0060675 secs] 321663K->184828K(1031552K), 0.0062079 secs] [Times: user=0.02 sys=0.00, real=0.00 secs] 
2016-08-24T16:45:44.518+0000: 9463.439: Total time for which application threads were stopped: 0.0071138 seconds, Stopping threads took: 0.0001196 seconds
2016-08-24T16:45:44.557+0000: 9463.479: [GC (Allocation Failure) 9463.479: [ParNew
Desired survivor size 8716288 bytes, new threshold 6 (max 6)
- age   1:      82880 bytes,      82880 total
- age   2:         72 bytes,      82952 total
- age   3:     282688 bytes,     365640 total
- age   5:       1160 bytes,     366800 total
: 136865K->491K(153344K), 0.0064427 secs] 321148K->184775K(1031552K), 0.0065456 secs] [Times: user=0.01 sys=0.00, real=0.01 secs] 
2016-08-24T16:45:44.564+0000: 9463.486: Total time for which application threads were stopped: 0.0072845 seconds, Stopping threads took: 0.0000867 seconds
2016-08-24T16:45:44.603+0000: 9463.524: [GC (Allocation Failure) 9463.524: [ParNew
Desired survivor size 8716288 bytes, new threshold 6 (max 6)
- age   1:      60000 bytes,      60000 total
- age   2:       1096 bytes,      61096 total
- age   3:         72 bytes,      61168 total
- age   4:     280840 bytes,     342008 total
- age   6:       1160 bytes,     343168 total
: 136811K->354K(153344K), 0.0068288 secs] 321095K->184638K(1031552K), 0.0069390 secs] [Times: user=0.01 sys=0.00, real=0.01 secs] 
2016-08-24T16:45:44.610+0000: 9463.531: Total time for which application threads were stopped: 0.0077320 seconds, Stopping threads took: 0.0000848 seconds
2016-08-24T16:45:44.647+0000: 9463.569: [GC (Allocation Failure) 9463.569: [ParNew
Desired survivor size 8716288 bytes, new threshold 6 (max 6)
- age   1:      60984 bytes,      60984 total
- age   2:       4360 bytes,      65344 total
- age   3:       1096 bytes,      66440 total
- age   4:         72 bytes,      66512 total
- age   5:     280840 bytes,     347352 total
: 136674K->489K(153344K), 0.0058943 secs] 320958K->184774K(1031552K), 0.0060145 secs] [Times: user=0.01 sys=0.00, real=0.01 secs] 
2016-08-24T16:45:44.654+0000: 9463.575: Total time for which application threads were stopped: 0.0068556 seconds, Stopping threads took: 0.0000954 seconds
2016-08-24T16:45:44.694+0000: 9463.615: [GC (Allocation Failure) 9463.615: [ParNew
Desired survivor size 8716288 bytes, new threshold 6 (max 6)
- age   1:      46504 bytes,      46504 total
- age   3:       1000 bytes,      47504 total
- age   4:       1064 bytes,      48568 total
- age   5:         72 bytes,      48640 total
- age   6:     278592 bytes,     327232 total
: 136809K->337K(153344K), 0.0060761 secs] 321094K->184622K(1031552K), 0.0061769 secs] [Times: user=0.01 sys=0.00, real=0.00 secs] 
2016-08-24T16:45:44.700+0000: 9463.622: Total time for which application threads were stopped: 0.0069701 seconds, Stopping threads took: 0.0000989 seconds
2016-08-24T16:45:44.740+0000: 9463.662: [GC (Allocation Failure) 9463.662: [ParNew
Desired survivor size 8716288 bytes, new threshold 6 (max 6)
- age   1:      72736 bytes,      72736 total
- age   2:       7272 bytes,      80008 total
- age   4:       1000 bytes,      81008 total
- age   5:       1064 bytes,      82072 total
- age   6:         72 bytes,      82144 total
: 136657K->325K(153344K), 0.0065120 secs] 320942K->184888K(1031552K), 0.0066460 secs] [Times: user=0.01 sys=0.00, real=0.01 secs] 
2016-08-24T16:45:44.747+0000: 9463.668: Total time for which application threads were stopped: 0.0074685 seconds, Stopping threads took: 0.0001029 seconds
2016-08-24T16:45:44.788+0000: 9463.709: [GC (Allocation Failure) 9463.709: [ParNew
Desired survivor size 8716288 bytes, new threshold 6 (max 6)
- age   1:      70736 bytes,      70736 total
- age   3:       1000 bytes,      71736 total
- age   5:        968 bytes,      72704 total
- age   6:       1064 bytes,      73768 total
: 136645K->115K(153344K), 0.0055060 secs] 321208K->184678K(1031552K), 0.0055994 secs] [Times: user=0.02 sys=0.00, real=0.01 secs] 
2016-08-24T16:45:44.794+0000: 9463.715: Total time for which application threads were stopped: 0.0063855 seconds, Stopping threads took: 0.0000996 seconds
2016-08-24T16:45:44.831+0000: 9463.752: [GC (Allocation Failure) 9463.753: [ParNew
Desired survivor size 8716288 bytes, new threshold 6 (max 6)
- age   1:      84504 bytes,      84504 total
- age   2:      10024 bytes,      94528 total
- age   4:       1000 bytes,      95528 total
- age   6:        968 bytes,      96496 total
: 136435K->121K(153344K), 0.0058361 secs] 320998K->184685K(1031552K), 0.0059595 secs] [Times: user=0.01 sys=0.00, real=0.00 secs] 
2016-08-24T16:45:44.837+0000: 9463.759: Total time for which application threads were stopped: 0.0067733 seconds, Stopping threads took: 0.0001026 seconds
2016-08-24T16:45:44.878+0000: 9463.800: [GC (Allocation Failure) 9463.800: [ParNew
Desired survivor size 8716288 bytes, new threshold 6 (max 6)
- age   1:      72456 bytes,      72456 total
- age   3:       1000 bytes,      73456 total
- age   5:        968 bytes,      74424 total
: 136441K->117K(153344K), 0.0052023 secs] 321005K->184682K(1031552K), 0.0052897 secs] [Times: user=0.01 sys=0.00, real=0.01 secs] 
2016-08-24T16:45:44.884+0000: 9463.805: Total time for which application threads were stopped: 0.0060749 seconds, Stopping threads took: 0.0001004 seconds
2016-08-24T16:45:44.924+0000: 9463.845: [GC (Allocation Failure) 9463.845: [ParNew
Desired survivor size 8716288 bytes, new threshold 6 (max 6)
- age   1:      81224 bytes,      81224 total
- age   2:      13832 bytes,      95056 total
- age   4:       1000 bytes,      96056 total
- age   6:        968 bytes,      97024 total
: 136437K->114K(153344K), 0.0056767 secs] 321002K->184679K(1031552K), 0.0057917 secs] [Times: user=0.01 sys=0.00, real=0.01 secs] 
2016-08-24T16:45:44.930+0000: 9463.851: Total time for which application threads were stopped: 0.0066281 seconds, Stopping threads took: 0.0001024 seconds
2016-08-24T16:45:46.650+0000: 9465.572: Total time for which application threads were stopped: 0.0007349 seconds, Stopping threads took: 0.0001100 seconds
2016-08-24T16:45:46.651+0000: 9465.572: Total time for which application threads were stopped: 0.0004219 seconds, Stopping threads took: 0.0000566 seconds
2016-08-24T16:45:46.651+0000: 9465.573: Total time for which application threads were stopped: 0.0003690 seconds, Stopping threads took: 0.0000511 seconds
2016-08-24T16:45:46.886+0000: 9465.808: Total time for which application threads were stopped: 0.0007401 seconds, Stopping threads took: 0.0001147 seconds
2016-08-24T16:45:46.889+0000: 9465.810: Total time for which application threads were stopped: 0.0026651 seconds, Stopping threads took: 0.0000561 seconds
2016-08-24T16:45:46.890+0000: 9465.811: Total time for which application threads were stopped: 0.0004181 seconds, Stopping threads took: 0.0000539 seconds
2016-08-24T16:45:53.825+0000: 9472.746: [GC (Allocation Failure) 9472.746: [ParNew
Desired survivor size 8716288 bytes, new threshold 6 (max 6)
- age   1:    1053856 bytes,    1053856 total
- age   3:        968 bytes,    1054824 total
- age   5:        968 bytes,    1055792 total
: 136434K->1061K(153344K), 0.0089684 secs] 320999K->185627K(1031552K), 0.0091217 secs] [Times: user=0.01 sys=0.00, real=0.01 secs] 
2016-08-24T16:45:53.834+0000: 9472.756: Total time for which application threads were stopped: 0.0099719 seconds, Stopping threads took: 0.0001018 seconds
2016-08-24T16:45:53.874+0000: 9472.795: [GC (Allocation Failure) 9472.795: [ParNew
Desired survivor size 8716288 bytes, new threshold 6 (max 6)
- age   1:      70456 bytes,      70456 total
- age   2:     302384 bytes,     372840 total
- age   4:        968 bytes,     373808 total
- age   6:        968 bytes,     374776 total
: 137381K->525K(153344K), 0.0064900 secs] 321947K->185091K(1031552K), 0.0066276 secs] [Times: user=0.01 sys=0.00, real=0.01 secs] 
2016-08-24T16:45:53.881+0000: 9472.802: Total time for which application threads were stopped: 0.0074794 seconds, Stopping threads took: 0.0000986 seconds
2016-08-24T16:45:53.921+0000: 9472.843: [GC (Allocation Failure) 9472.843: [ParNew
Desired survivor size 8716288 bytes, new threshold 6 (max 6)
- age   1:      64952 bytes,      64952 total
- age   2:         72 bytes,      65024 total
- age   3:     288688 bytes,     353712 total
- age   5:        968 bytes,     354680 total
: 136845K->496K(153344K), 0.0063289 secs] 321411K->185063K(1031552K), 0.0064390 secs] [Times: user=0.01 sys=0.00, real=0.00 secs] 
2016-08-24T16:45:53.928+0000: 9472.849: Total time for which application threads were stopped: 0.0072632 seconds, Stopping threads took: 0.0001057 seconds
2016-08-24T16:45:53.969+0000: 9472.891: [GC (Allocation Failure) 9472.891: [ParNew
Desired survivor size 8716288 bytes, new threshold 6 (max 6)
- age   1:      89304 bytes,      89304 total
- age   2:      14800 bytes,     104104 total
- age   3:         72 bytes,     104176 total
- age   4:     288688 bytes,     392864 total
- age   6:        968 bytes,     393832 total
: 136816K->499K(153344K), 0.0059703 secs] 321383K->185066K(1031552K), 0.0060784 secs] [Times: user=0.01 sys=0.00, real=0.00 secs] 
2016-08-24T16:45:53.975+0000: 9472.897: Total time for which application threads were stopped: 0.0069392 seconds, Stopping threads took: 0.0001622 seconds
2016-08-24T16:45:54.015+0000: 9472.937: [GC (Allocation Failure) 9472.937: [ParNew
Desired survivor size 8716288 bytes, new threshold 6 (max 6)
- age   1:      68936 bytes,      68936 total
- age   3:       1096 bytes,      70032 total
- age   4:         72 bytes,      70104 total
- age   5:     286336 bytes,     356440 total
: 136819K->547K(153344K), 0.0060041 secs] 321386K->185115K(1031552K), 0.0061155 secs] [Times: user=0.01 sys=0.00, real=0.01 secs] 
2016-08-24T16:45:54.021+0000: 9472.943: Total time for which application threads were stopped: 0.0069371 seconds, Stopping threads took: 0.0000977 seconds
2016-08-24T16:45:54.063+0000: 9472.985: [GC (Allocation Failure) 9472.985: [ParNew
Desired survivor size 8716288 bytes, new threshold 6 (max 6)
- age   1:      75952 bytes,      75952 total
- age   2:      18184 bytes,      94136 total
- age   4:       1096 bytes,      95232 total
- age   5:         72 bytes,      95304 total
- age   6:     286336 bytes,     381640 total
: 136867K->514K(153344K), 0.0059287 secs] 321435K->185083K(1031552K), 0.0060350 secs] [Times: user=0.01 sys=0.00, real=0.01 secs] 
2016-08-24T16:45:54.069+0000: 9472.991: Total time for which application threads were stopped: 0.0068470 seconds, Stopping threads took: 0.0001001 seconds
2016-08-24T16:45:54.109+0000: 9473.031: [GC (Allocation Failure) 9473.031: [ParNew
Desired survivor size 8716288 bytes, new threshold 6 (max 6)
- age   1:      78664 bytes,      78664 total
- age   3:       1248 bytes,      79912 total
- age   5:       1064 bytes,      80976 total
- age   6:         72 bytes,      81048 total
: 136834K->368K(153344K), 0.0063445 secs] 321403K->185220K(1031552K), 0.0064633 secs] [Times: user=0.01 sys=0.00, real=0.00 secs] 
2016-08-24T16:45:54.116+0000: 9473.037: Total time for which application threads were stopped: 0.0073490 seconds, Stopping threads took: 0.0001008 seconds
2016-08-24T16:45:54.157+0000: 9473.079: [GC (Allocation Failure) 9473.079: [ParNew
Desired survivor size 8716288 bytes, new threshold 6 (max 6)
- age   1:      67208 bytes,      67208 total
- age   2:       1000 bytes,      68208 total
- age   4:       1216 bytes,      69424 total
- age   6:       1064 bytes,      70488 total
: 136688K->128K(153344K), 0.0055490 secs] 321540K->184980K(1031552K), 0.0056498 secs] [Times: user=0.01 sys=0.00, real=0.01 secs] 
2016-08-24T16:45:54.163+0000: 9473.084: Total time for which application threads were stopped: 0.0064409 seconds, Stopping threads took: 0.0001113 seconds
2016-08-24T16:45:54.201+0000: 9473.123: [GC (Allocation Failure) 9473.123: [ParNew
Desired survivor size 8716288 bytes, new threshold 6 (max 6)
- age   1:      73560 bytes,      73560 total
- age   2:       3920 bytes,      77480 total
- age   3:       1000 bytes,      78480 total
- age   5:       1216 bytes,      79696 total
: 136448K->97K(153344K), 0.0055789 secs] 321300K->184950K(1031552K), 0.0056817 secs] [Times: user=0.01 sys=0.00, real=0.00 secs] 
2016-08-24T16:45:54.207+0000: 9473.128: Total time for which application threads were stopped: 0.0065420 seconds, Stopping threads took: 0.0001318 seconds
2016-08-24T16:45:54.249+0000: 9473.170: [GC (Allocation Failure) 9473.170: [ParNew
Desired survivor size 8716288 bytes, new threshold 6 (max 6)
- age   1:      53712 bytes,      53712 total
- age   3:       1000 bytes,      54712 total
- age   4:        968 bytes,      55680 total
- age   6:       1216 bytes,      56896 total
: 136417K->73K(153344K), 0.0055910 secs] 321270K->184926K(1031552K), 0.0057023 secs] [Times: user=0.01 sys=0.00, real=0.00 secs] 
2016-08-24T16:45:54.255+0000: 9473.176: Total time for which application threads were stopped: 0.0065730 seconds, Stopping threads took: 0.0001021 seconds
2016-08-24T16:45:54.295+0000: 9473.216: [GC (Allocation Failure) 9473.216: [ParNew
Desired survivor size 8716288 bytes, new threshold 6 (max 6)
- age   1:      74336 bytes,      74336 total
- age   2:       5536 bytes,      79872 total
- age   4:       1000 bytes,      80872 total
- age   5:        968 bytes,      81840 total
: 136393K->89K(153344K), 0.0059044 secs] 321246K->184943K(1031552K), 0.0060128 secs] [Times: user=0.01 sys=0.00, real=0.01 secs] 
2016-08-24T16:45:54.301+0000: 9473.222: Total time for which application threads were stopped: 0.0068107 seconds, Stopping threads took: 0.0001009 seconds
2016-08-24T16:46:04.493+0000: 9483.415: [GC (Allocation Failure) 9483.415: [ParNew
Desired survivor size 8716288 bytes, new threshold 6 (max 6)
- age   1:     963120 bytes,     963120 total
- age   3:        968 bytes,     964088 total
- age   5:        968 bytes,     965056 total
- age   6:        968 bytes,     966024 total
: 136409K->974K(153344K), 0.0086677 secs] 321263K->185829K(1031552K), 0.0088526 secs] [Times: user=0.02 sys=0.00, real=0.01 secs] 
2016-08-24T16:46:04.502+0000: 9483.424: Total time for which application threads were stopped: 0.0097513 seconds, Stopping threads took: 0.0001093 seconds
2016-08-24T16:46:04.545+0000: 9483.467: [GC (Allocation Failure) 9483.467: [ParNew
Desired survivor size 8716288 bytes, new threshold 6 (max 6)
- age   1:      71312 bytes,      71312 total
- age   2:     241728 bytes,     313040 total
- age   4:        968 bytes,     314008 total
- age   6:        968 bytes,     314976 total
: 137294K->407K(153344K), 0.0059369 secs] 322149K->185262K(1031552K), 0.0060494 secs] [Times: user=0.01 sys=0.00, real=0.01 secs] 
2016-08-24T16:46:04.551+0000: 9483.473: Total time for which application threads were stopped: 0.0069427 seconds, Stopping threads took: 0.0001517 seconds
2016-08-24T16:46:04.591+0000: 9483.513: [GC (Allocation Failure) 9483.513: [ParNew
Desired survivor size 8716288 bytes, new threshold 6 (max 6)
- age   1:      49960 bytes,      49960 total
- age   2:        160 bytes,      50120 total
- age   3:     235520 bytes,     285640 total
- age   5:        968 bytes,     286608 total
: 136727K->414K(153344K), 0.0062781 secs] 321582K->185270K(1031552K), 0.0063919 secs] [Times: user=0.02 sys=0.00, real=0.00 secs] 
2016-08-24T16:46:04.598+0000: 9483.519: Total time for which application threads were stopped: 0.0072019 seconds, Stopping threads took: 0.0000988 seconds
2016-08-24T16:46:04.638+0000: 9483.560: [GC (Allocation Failure) 9483.560: [ParNew
Desired survivor size 8716288 bytes, new threshold 6 (max 6)
- age   1:      77080 bytes,      77080 total
- age   2:       8664 bytes,      85744 total
- age   3:        160 bytes,      85904 total
- age   4:     235520 bytes,     321424 total
- age   6:        968 bytes,     322392 total
: 136734K->528K(153344K), 0.0063973 secs] 321590K->185384K(1031552K), 0.0065182 secs] [Times: user=0.01 sys=0.00, real=0.01 secs] 
2016-08-24T16:46:04.645+0000: 9483.566: Total time for which application threads were stopped: 0.0073310 seconds, Stopping threads took: 0.0000953 seconds
2016-08-24T16:46:04.685+0000: 9483.606: [GC (Allocation Failure) 9483.606: [ParNew
Desired survivor size 8716288 bytes, new threshold 6 (max 6)
- age   1:      56176 bytes,      56176 total
- age   3:       1096 bytes,      57272 total
- age   4:        160 bytes,      57432 total
- age   5:     233672 bytes,     291104 total
: 136848K->384K(153344K), 0.0057844 secs] 321704K->185241K(1031552K), 0.0058879 secs] [Times: user=0.01 sys=0.00, real=0.01 secs] 
2016-08-24T16:46:04.691+0000: 9483.612: Total time for which application threads were stopped: 0.0067140 seconds, Stopping threads took: 0.0000965 seconds
2016-08-24T16:46:04.731+0000: 9483.652: [GC (Allocation Failure) 9483.652: [ParNew
Desired survivor size 8716288 bytes, new threshold 6 (max 6)
- age   1:      82680 bytes,      82680 total
- age   2:      11840 bytes,      94520 total
- age   4:       1096 bytes,      95616 total
- age   5:        160 bytes,      95776 total
- age   6:     233672 bytes,     329448 total
: 136704K->471K(153344K), 0.0056730 secs] 321561K->185328K(1031552K), 0.0057810 secs] [Times: user=0.01 sys=0.00, real=0.00 secs] 
2016-08-24T16:46:04.737+0000: 9483.658: Total time for which application threads were stopped: 0.0066112 seconds, Stopping threads took: 0.0001034 seconds
2016-08-24T16:46:04.775+0000: 9483.697: [GC (Allocation Failure) 9483.697: [ParNew
Desired survivor size 8716288 bytes, new threshold 6 (max 6)
- age   1:      75376 bytes,      75376 total
- age   3:       1000 bytes,      76376 total
- age   5:       1064 bytes,      77440 total
- age   6:        160 bytes,      77600 total
: 136791K->303K(153344K), 0.0059739 secs] 321648K->185391K(1031552K), 0.0060793 secs] [Times: user=0.01 sys=0.00, real=0.01 secs] 
2016-08-24T16:46:04.781+0000: 9483.703: Total time for which application threads were stopped: 0.0068875 seconds, Stopping threads took: 0.0000996 seconds
2016-08-24T16:46:04.820+0000: 9483.742: [GC (Allocation Failure) 9483.742: [ParNew
Desired survivor size 8716288 bytes, new threshold 6 (max 6)
- age   1:      83576 bytes,      83576 total
- age   2:      14464 bytes,      98040 total
- age   4:       1000 bytes,      99040 total
- age   6:       1064 bytes,     100104 total
: 136623K->144K(153344K), 0.0055924 secs] 321711K->185233K(1031552K), 0.0056943 secs] [Times: user=0.01 sys=0.00, real=0.00 secs] 
2016-08-24T16:46:04.826+0000: 9483.748: Total time for which application threads were stopped: 0.0065143 seconds, Stopping threads took: 0.0001012 seconds
2016-08-24T16:46:04.866+0000: 9483.787: [GC (Allocation Failure) 9483.788: [ParNew
Desired survivor size 8716288 bytes, new threshold 6 (max 6)
- age   1:      69912 bytes,      69912 total
- age   3:       1000 bytes,      70912 total
- age   5:        968 bytes,      71880 total
: 136464K->98K(153344K), 0.0059643 secs] 321553K->185188K(1031552K), 0.0060827 secs] [Times: user=0.02 sys=0.00, real=0.01 secs] 
2016-08-24T16:46:04.872+0000: 9483.794: Total time for which application threads were stopped: 0.0069447 seconds, Stopping threads took: 0.0001195 seconds
2016-08-24T16:46:04.912+0000: 9483.833: [GC (Allocation Failure) 9483.833: [ParNew
Desired survivor size 8716288 bytes, new threshold 6 (max 6)
- age   1:      80544 bytes,      80544 total
- age   2:      17760 bytes,      98304 total
- age   4:       1000 bytes,      99304 total
- age   6:        968 bytes,     100272 total
: 136418K->118K(153344K), 0.0055489 secs] 321508K->185208K(1031552K), 0.0056495 secs] [Times: user=0.01 sys=0.00, real=0.00 secs] 
2016-08-24T16:46:04.917+0000: 9483.839: Total time for which application threads were stopped: 0.0064562 seconds, Stopping threads took: 0.0000986 seconds
2016-08-24T16:46:04.957+0000: 9483.878: [GC (Allocation Failure) 9483.878: [ParNew
Desired survivor size 8716288 bytes, new threshold 6 (max 6)
- age   1:      81480 bytes,      81480 total
- age   3:       1000 bytes,      82480 total
- age   5:        968 bytes,      83448 total
: 136438K->114K(153344K), 0.0054255 secs] 321528K->185204K(1031552K), 0.0055247 secs] [Times: user=0.01 sys=0.00, real=0.01 secs] 
2016-08-24T16:46:04.963+0000: 9483.884: Total time for which application threads were stopped: 0.0063321 seconds, Stopping threads took: 0.0000999 seconds
2016-08-24T16:46:05.002+0000: 9483.924: [GC (Allocation Failure) 9483.924: [ParNew
Desired survivor size 8716288 bytes, new threshold 6 (max 6)
- age   1:      63952 bytes,      63952 total
- age   2:      20696 bytes,      84648 total
- age   4:       1000 bytes,      85648 total
- age   6:        968 bytes,      86616 total
: 136434K->114K(153344K), 0.0054129 secs] 321524K->185204K(1031552K), 0.0055128 secs] [Times: user=0.01 sys=0.00, real=0.00 secs] 
2016-08-24T16:46:05.008+0000: 9483.930: Total time for which application threads were stopped: 0.0063131 seconds, Stopping threads took: 0.0001055 seconds
2016-08-24T16:46:14.385+0000: 9493.307: [GC (Allocation Failure) 9493.307: [ParNew
Desired survivor size 8716288 bytes, new threshold 6 (max 6)
- age   1:     943256 bytes,     943256 total
- age   3:        968 bytes,     944224 total
- age   5:        968 bytes,     945192 total
: 136434K->939K(153344K), 0.0082186 secs] 321524K->186030K(1031552K), 0.0083375 secs] [Times: user=0.02 sys=0.00, real=0.01 secs] 
2016-08-24T16:46:14.394+0000: 9493.315: Total time for which application threads were stopped: 0.0091570 seconds, Stopping threads took: 0.0001150 seconds
2016-08-24T16:46:14.432+0000: 9493.354: [GC (Allocation Failure) 9493.354: [ParNew
Desired survivor size 8716288 bytes, new threshold 6 (max 6)
- age   1:      79528 bytes,      79528 total
- age   2:     269280 bytes,     348808 total
- age   4:        968 bytes,     349776 total
- age   6:        968 bytes,     350744 total
: 137259K->467K(153344K), 0.0066317 secs] 322350K->185559K(1031552K), 0.0067427 secs] [Times: user=0.02 sys=0.00, real=0.00 secs] 
2016-08-24T16:46:14.439+0000: 9493.360: Total time for which application threads were stopped: 0.0075589 seconds, Stopping threads took: 0.0001030 seconds
2016-08-24T16:46:14.481+0000: 9493.403: [GC (Allocation Failure) 9493.403: [ParNew
Desired survivor size 8716288 bytes, new threshold 6 (max 6)
- age   1:      80304 bytes,      80304 total
- age   2:         72 bytes,      80376 total
- age   3:     247960 bytes,     328336 total
- age   5:        968 bytes,     329304 total
: 136787K->464K(153344K), 0.0058761 secs] 321879K->185556K(1031552K), 0.0060149 secs] [Times: user=0.01 sys=0.00, real=0.00 secs] 
2016-08-24T16:46:14.488+0000: 9493.409: Total time for which application threads were stopped: 0.0070094 seconds, Stopping threads took: 0.0001224 seconds
2016-08-24T16:46:14.530+0000: 9493.452: [GC (Allocation Failure) 9493.452: [ParNew
Desired survivor size 8716288 bytes, new threshold 6 (max 6)
- age   1:      57680 bytes,      57680 total
- age   2:       1096 bytes,      58776 total
- age   3:         72 bytes,      58848 total
- age   4:     246112 bytes,     304960 total
- age   6:        968 bytes,     305928 total
: 136784K->461K(153344K), 0.0069997 secs] 321876K->185554K(1031552K), 0.0071223 secs] [Times: user=0.01 sys=0.00, real=0.00 secs] 
2016-08-24T16:46:14.538+0000: 9493.459: Total time for which application threads were stopped: 0.0080839 seconds, Stopping threads took: 0.0001041 seconds
2016-08-24T16:46:14.576+0000: 9493.498: [GC (Allocation Failure) 9493.498: [ParNew
Desired survivor size 8716288 bytes, new threshold 6 (max 6)
- age   1:      84776 bytes,      84776 total
- age   2:       4856 bytes,      89632 total
- age   3:       1096 bytes,      90728 total
- age   4:         72 bytes,      90800 total
- age   5:     245544 bytes,     336344 total
: 136781K->451K(153344K), 0.0069619 secs] 321874K->185545K(1031552K), 0.0070984 secs] [Times: user=0.01 sys=0.00, real=0.01 secs] 
2016-08-24T16:46:14.583+0000: 9493.505: Total time for which application threads were stopped: 0.0079769 seconds, Stopping threads took: 0.0001053 seconds
2016-08-24T16:46:14.626+0000: 9493.547: [GC (Allocation Failure) 9493.547: [ParNew
Desired survivor size 8716288 bytes, new threshold 6 (max 6)
- age   1:      53424 bytes,      53424 total
- age   2:        360 bytes,      53784 total
- age   3:       1000 bytes,      54784 total
- age   4:       1096 bytes,      55880 total
- age   5:         72 bytes,      55952 total
- age   6:     243696 bytes,     299648 total
: 136771K->312K(153344K), 0.0065183 secs] 321865K->185405K(1031552K), 0.0066380 secs] [Times: user=0.01 sys=0.00, real=0.01 secs] 
2016-08-24T16:46:14.632+0000: 9493.554: Total time for which application threads were stopped: 0.0074699 seconds, Stopping threads took: 0.0001057 seconds
2016-08-24T16:46:14.675+0000: 9493.597: [GC (Allocation Failure) 9493.597: [ParNew
Desired survivor size 8716288 bytes, new threshold 6 (max 6)
- age   1:      77736 bytes,      77736 total
- age   2:       8032 bytes,      85768 total
- age   3:        360 bytes,      86128 total
- age   4:       1000 bytes,      87128 total
- age   5:       1096 bytes,      88224 total
- age   6:         72 bytes,      88296 total
: 136632K->297K(153344K), 0.0068212 secs] 321725K->185633K(1031552K), 0.0069412 secs] [Times: user=0.01 sys=0.00, real=0.01 secs] 
2016-08-24T16:46:14.682+0000: 9493.604: Total time for which application threads were stopped: 0.0077896 seconds, Stopping threads took: 0.0001044 seconds
2016-08-24T16:46:14.726+0000: 9493.647: [GC (Allocation Failure) 9493.647: [ParNew
Desired survivor size 8716288 bytes, new threshold 6 (max 6)
- age   1:      52296 bytes,      52296 total
- age   3:       1000 bytes,      53296 total
- age   4:        360 bytes,      53656 total
- age   5:        968 bytes,      54624 total
- age   6:       1096 bytes,      55720 total
: 136617K->109K(153344K), 0.0061728 secs] 321953K->185446K(1031552K), 0.0062960 secs] [Times: user=0.02 sys=0.00, real=0.01 secs] 
2016-08-24T16:46:14.732+0000: 9493.654: Total time for which application threads were stopped: 0.0071405 seconds, Stopping threads took: 0.0001046 seconds
2016-08-24T16:46:14.771+0000: 9493.693: [GC (Allocation Failure) 9493.693: [ParNew
Desired survivor size 8716288 bytes, new threshold 6 (max 6)
- age   1:      68608 bytes,      68608 total
- age   2:      11544 bytes,      80152 total
- age   4:       1000 bytes,      81152 total
- age   5:        360 bytes,      81512 total
- age   6:        968 bytes,      82480 total
: 136429K->96K(153344K), 0.0056385 secs] 321766K->185433K(1031552K), 0.0057571 secs] [Times: user=0.01 sys=0.00, real=0.00 secs] 
2016-08-24T16:46:14.777+0000: 9493.699: Total time for which application threads were stopped: 0.0065777 seconds, Stopping threads took: 0.0000972 seconds
2016-08-24T16:46:14.818+0000: 9493.739: [GC (Allocation Failure) 9493.740: [ParNew
Desired survivor size 8716288 bytes, new threshold 6 (max 6)
- age   1:      73648 bytes,      73648 total
- age   3:       1000 bytes,      74648 total
- age   5:        968 bytes,      75616 total
- age   6:        360 bytes,      75976 total
: 136416K->94K(153344K), 0.0058581 secs] 321753K->185432K(1031552K), 0.0059799 secs] [Times: user=0.02 sys=0.00, real=0.01 secs] 
2016-08-24T16:46:14.824+0000: 9493.746: Total time for which application threads were stopped: 0.0067995 seconds, Stopping threads took: 0.0000976 seconds
2016-08-24T16:46:14.866+0000: 9493.788: [GC (Allocation Failure) 9493.788: [ParNew
Desired survivor size 8716288 bytes, new threshold 6 (max 6)
- age   1:      63152 bytes,      63152 total
- age   2:      14288 bytes,      77440 total
- age   4:       1000 bytes,      78440 total
- age   6:        968 bytes,      79408 total
: 136414K->91K(153344K), 0.0060866 secs] 321752K->185431K(1031552K), 0.0062030 secs] [Times: user=0.02 sys=0.00, real=0.01 secs] 
2016-08-24T16:46:14.873+0000: 9493.794: Total time for which application threads were stopped: 0.0070314 seconds, Stopping threads took: 0.0001021 seconds
2016-08-24T16:46:23.961+0000: 9502.883: [GC (Allocation Failure) 9502.883: [ParNew
Desired survivor size 8716288 bytes, new threshold 6 (max 6)
- age   1:    1244496 bytes,    1244496 total
- age   3:       1000 bytes,    1245496 total
- age   5:        968 bytes,    1246464 total
: 136411K->1243K(153344K), 0.0084367 secs] 321751K->186583K(1031552K), 0.0085713 secs] [Times: user=0.02 sys=0.00, real=0.01 secs] 
2016-08-24T16:46:23.970+0000: 9502.892: Total time for which application threads were stopped: 0.0094117 seconds, Stopping threads took: 0.0000990 seconds
2016-08-24T16:46:24.008+0000: 9502.929: [GC (Allocation Failure) 9502.929: [ParNew
Desired survivor size 8716288 bytes, new threshold 6 (max 6)
- age   1:      85232 bytes,      85232 total
- age   2:     303000 bytes,     388232 total
- age   4:       1000 bytes,     389232 total
- age   6:        968 bytes,     390200 total
: 137563K->545K(153344K), 0.0062400 secs] 322903K->185885K(1031552K), 0.0063543 secs] [Times: user=0.02 sys=0.00, real=0.01 secs] 
2016-08-24T16:46:24.014+0000: 9502.936: Total time for which application threads were stopped: 0.0071687 seconds, Stopping threads took: 0.0000986 seconds
2016-08-24T16:46:24.054+0000: 9502.976: [GC (Allocation Failure) 9502.976: [ParNew
Desired survivor size 8716288 bytes, new threshold 6 (max 6)
- age   1:      80072 bytes,      80072 total
- age   2:         72 bytes,      80144 total
- age   3:     287144 bytes,     367288 total
- age   5:       1000 bytes,     368288 total
: 136865K->498K(153344K), 0.0061524 secs] 322205K->185839K(1031552K), 0.0062632 secs] [Times: user=0.01 sys=0.00, real=0.01 secs] 
2016-08-24T16:46:24.061+0000: 9502.982: Total time for which application threads were stopped: 0.0070707 seconds, Stopping threads took: 0.0000995 seconds
2016-08-24T16:46:24.101+0000: 9503.023: [GC (Allocation Failure) 9503.023: [ParNew
Desired survivor size 8716288 bytes, new threshold 6 (max 6)
- age   1:      79240 bytes,      79240 total
- age   2:      15696 bytes,      94936 total
- age   3:         72 bytes,      95008 total
- age   4:     287144 bytes,     382152 total
- age   6:       1000 bytes,     383152 total
: 136818K->517K(153344K), 0.0056446 secs] 322159K->185858K(1031552K), 0.0057577 secs] [Times: user=0.01 sys=0.00, real=0.00 secs] 
2016-08-24T16:46:24.107+0000: 9503.029: Total time for which application threads were stopped: 0.0066205 seconds, Stopping threads took: 0.0001050 seconds
2016-08-24T16:46:24.146+0000: 9503.067: [GC (Allocation Failure) 9503.067: [ParNew
Desired survivor size 8716288 bytes, new threshold 6 (max 6)
- age   1:      67608 bytes,      67608 total
- age   3:       1344 bytes,      68952 total
- age   4:         72 bytes,      69024 total
- age   5:     285296 bytes,     354320 total
: 136837K->537K(153344K), 0.0055113 secs] 322178K->185879K(1031552K), 0.0056192 secs] [Times: user=0.01 sys=0.00, real=0.01 secs] 
2016-08-24T16:46:24.152+0000: 9503.073: Total time for which application threads were stopped: 0.0064257 seconds, Stopping threads took: 0.0000996 seconds
2016-08-24T16:46:24.189+0000: 9503.111: [GC (Allocation Failure) 9503.111: [ParNew
Desired survivor size 8716288 bytes, new threshold 6 (max 6)
- age   1:      64896 bytes,      64896 total
- age   2:      19160 bytes,      84056 total
- age   4:       1344 bytes,      85400 total
- age   5:         72 bytes,      85472 total
- age   6:     285296 bytes,     370768 total
: 136857K->509K(153344K), 0.0060957 secs] 322199K->185851K(1031552K), 0.0062098 secs] [Times: user=0.01 sys=0.00, real=0.00 secs] 
2016-08-24T16:46:24.195+0000: 9503.117: Total time for which application threads were stopped: 0.0070267 seconds, Stopping threads took: 0.0001149 seconds
2016-08-24T16:46:24.235+0000: 9503.157: [GC (Allocation Failure) 9503.157: [ParNew
Desired survivor size 8716288 bytes, new threshold 6 (max 6)
- age   1:      79448 bytes,      79448 total
- age   3:       1000 bytes,      80448 total
- age   5:       1312 bytes,      81760 total
- age   6:         72 bytes,      81832 total
: 136829K->362K(153344K), 0.0063594 secs] 322171K->185986K(1031552K), 0.0064879 secs] [Times: user=0.02 sys=0.00, real=0.01 secs] 
2016-08-24T16:46:24.242+0000: 9503.164: Total time for which application threads were stopped: 0.0073405 seconds, Stopping threads took: 0.0000998 seconds
2016-08-24T16:46:24.282+0000: 9503.203: [GC (Allocation Failure) 9503.203: [ParNew
Desired survivor size 8716288 bytes, new threshold 6 (max 6)
- age   1:      57544 bytes,      57544 total
- age   2:       1000 bytes,      58544 total
- age   4:        968 bytes,      59512 total
- age   6:       1312 bytes,      60824 total
: 136682K->126K(153344K), 0.0052537 secs] 322306K->185750K(1031552K), 0.0053592 secs] [Times: user=0.01 sys=0.00, real=0.00 secs] 
2016-08-24T16:46:24.287+0000: 9503.209: Total time for which application threads were stopped: 0.0061222 seconds, Stopping threads took: 0.0000931 seconds
2016-08-24T16:46:24.326+0000: 9503.248: [GC (Allocation Failure) 9503.248: [ParNew
Desired survivor size 8716288 bytes, new threshold 6 (max 6)
- age   1:      67008 bytes,      67008 total
- age   2:       4360 bytes,      71368 total
- age   3:       1000 bytes,      72368 total
- age   5:        968 bytes,      73336 total
: 136446K->90K(153344K), 0.0048151 secs] 322070K->185716K(1031552K), 0.0049152 secs] [Times: user=0.00 sys=0.00, real=0.01 secs] 
2016-08-24T16:46:24.332+0000: 9503.253: Total time for which application threads were stopped: 0.0056943 seconds, Stopping threads took: 0.0000965 seconds
2016-08-24T16:46:24.371+0000: 9503.293: [GC (Allocation Failure) 9503.293: [ParNew
Desired survivor size 8716288 bytes, new threshold 6 (max 6)
- age   1:      62896 bytes,      62896 total
- age   3:       1000 bytes,      63896 total
- age   4:        968 bytes,      64864 total
- age   6:        968 bytes,      65832 total
: 136410K->86K(153344K), 0.0049428 secs] 322036K->185712K(1031552K), 0.0050425 secs] [Times: user=0.01 sys=0.00, real=0.00 secs] 
2016-08-24T16:46:24.376+0000: 9503.298: Total time for which application threads were stopped: 0.0058209 seconds, Stopping threads took: 0.0001022 seconds
2016-08-24T16:46:24.414+0000: 9503.336: [GC (Allocation Failure) 9503.336: [ParNew
Desired survivor size 8716288 bytes, new threshold 6 (max 6)
- age   1:      65888 bytes,      65888 total
- age   2:       7376 bytes,      73264 total
- age   4:       1000 bytes,      74264 total
- age   5:        968 bytes,      75232 total
: 136406K->76K(153344K), 0.0054793 secs] 322032K->185703K(1031552K), 0.0055865 secs] [Times: user=0.01 sys=0.00, real=0.00 secs] 
2016-08-24T16:46:24.420+0000: 9503.341: Total time for which application threads were stopped: 0.0064215 seconds, Stopping threads took: 0.0001138 seconds
2016-08-24T16:46:34.170+0000: 9513.091: [GC (Allocation Failure) 9513.091: [ParNew
Desired survivor size 8716288 bytes, new threshold 6 (max 6)
- age   1:     966608 bytes,     966608 total
- age   3:        968 bytes,     967576 total
- age   5:        968 bytes,     968544 total
- age   6:        968 bytes,     969512 total
: 136396K->971K(153344K), 0.0093721 secs] 322023K->186598K(1031552K), 0.0095286 secs] [Times: user=0.02 sys=0.00, real=0.00 secs] 
2016-08-24T16:46:34.179+0000: 9513.101: Total time for which application threads were stopped: 0.0103628 seconds, Stopping threads took: 0.0000930 seconds
2016-08-24T16:46:34.218+0000: 9513.139: [GC (Allocation Failure) 9513.139: [ParNew
Desired survivor size 8716288 bytes, new threshold 6 (max 6)
- age   1:      62144 bytes,      62144 total
- age   2:     257488 bytes,     319632 total
- age   4:        968 bytes,     320600 total
- age   6:        968 bytes,     321568 total
: 137291K->437K(153344K), 0.0067440 secs] 322918K->186065K(1031552K), 0.0068485 secs] [Times: user=0.02 sys=0.00, real=0.01 secs] 
2016-08-24T16:46:34.225+0000: 9513.146: Total time for which application threads were stopped: 0.0076075 seconds, Stopping threads took: 0.0000896 seconds
2016-08-24T16:46:34.265+0000: 9513.186: [GC (Allocation Failure) 9513.186: [ParNew
Desired survivor size 8716288 bytes, new threshold 6 (max 6)
- age   1:      57480 bytes,      57480 total
- age   3:     249952 bytes,     307432 total
- age   5:        968 bytes,     308400 total
: 136757K->424K(153344K), 0.0063182 secs] 322385K->186053K(1031552K), 0.0064210 secs] [Times: user=0.01 sys=0.00, real=0.01 secs] 
2016-08-24T16:46:34.271+0000: 9513.193: Total time for which application threads were stopped: 0.0072094 seconds, Stopping threads took: 0.0000928 seconds
2016-08-24T16:46:34.309+0000: 9513.230: [GC (Allocation Failure) 9513.230: [ParNew
Desired survivor size 8716288 bytes, new threshold 6 (max 6)
- age   1:      63744 bytes,      63744 total
- age   2:       9704 bytes,      73448 total
- age   4:     249952 bytes,     323400 total
- age   6:        968 bytes,     324368 total
: 136744K->564K(153344K), 0.0063314 secs] 322373K->186193K(1031552K), 0.0064329 secs] [Times: user=0.02 sys=0.01, real=0.00 secs] 
2016-08-24T16:46:34.315+0000: 9513.237: Total time for which application threads were stopped: 0.0072127 seconds, Stopping threads took: 0.0001016 seconds
2016-08-24T16:46:34.356+0000: 9513.277: [GC (Allocation Failure) 9513.277: [ParNew
Desired survivor size 8716288 bytes, new threshold 6 (max 6)
- age   1:      55904 bytes,      55904 total
- age   3:       1096 bytes,      57000 total
- age   5:     248104 bytes,     305104 total
: 136884K->380K(153344K), 0.0066611 secs] 322513K->186010K(1031552K), 0.0067652 secs] [Times: user=0.01 sys=0.00, real=0.01 secs] 
2016-08-24T16:46:34.363+0000: 9513.284: Total time for which application threads were stopped: 0.0075121 seconds, Stopping threads took: 0.0000902 seconds
2016-08-24T16:46:34.401+0000: 9513.322: [GC (Allocation Failure) 9513.322: [ParNew
Desired survivor size 8716288 bytes, new threshold 6 (max 6)
- age   1:      87232 bytes,      87232 total
- age   2:      12992 bytes,     100224 total
- age   4:       1096 bytes,     101320 total
- age   6:     248104 bytes,     349424 total
: 136700K->514K(153344K), 0.0065770 secs] 322330K->186144K(1031552K), 0.0066814 secs] [Times: user=0.01 sys=0.00, real=0.00 secs] 
2016-08-24T16:46:34.407+0000: 9513.329: Total time for which application threads were stopped: 0.0074704 seconds, Stopping threads took: 0.0000910 seconds
2016-08-24T16:46:34.447+0000: 9513.368: [GC (Allocation Failure) 9513.368: [ParNew
Desired survivor size 8716288 bytes, new threshold 6 (max 6)
- age   1:      73384 bytes,      73384 total
- age   3:       1000 bytes,      74384 total
- age   5:       1064 bytes,      75448 total
: 136834K->323K(153344K), 0.0075111 secs] 322464K->186198K(1031552K), 0.0076235 secs] [Times: user=0.02 sys=0.00, real=0.01 secs] 
2016-08-24T16:46:34.454+0000: 9513.376: Total time for which application threads were stopped: 0.0084426 seconds, Stopping threads took: 0.0000882 seconds
2016-08-24T16:46:34.493+0000: 9513.415: [GC (Allocation Failure) 9513.415: [ParNew
Desired survivor size 8716288 bytes, new threshold 6 (max 6)
- age   1:      82720 bytes,      82720 total
- age   2:      15264 bytes,      97984 total
- age   4:       1000 bytes,      98984 total
- age   6:       1064 bytes,     100048 total
: 136643K->152K(153344K), 0.0061911 secs] 322518K->186028K(1031552K), 0.0063522 secs] [Times: user=0.01 sys=0.00, real=0.00 secs] 
2016-08-24T16:46:34.500+0000: 9513.422: Total time for which application threads were stopped: 0.0071929 seconds, Stopping threads took: 0.0000889 seconds
2016-08-24T16:46:34.542+0000: 9513.464: [GC (Allocation Failure) 9513.464: [ParNew
Desired survivor size 8716288 bytes, new threshold 6 (max 6)
- age   1:      77792 bytes,      77792 total
- age   3:       1000 bytes,      78792 total
- age   5:        968 bytes,      79760 total
: 136472K->100K(153344K), 0.0057555 secs] 322348K->185977K(1031552K), 0.0058872 secs] [Times: user=0.01 sys=0.00, real=0.01 secs] 
2016-08-24T16:46:34.548+0000: 9513.470: Total time for which application threads were stopped: 0.0067325 seconds, Stopping threads took: 0.0001047 seconds
2016-08-24T16:46:34.588+0000: 9513.509: [GC (Allocation Failure) 9513.509: [ParNew
Desired survivor size 8716288 bytes, new threshold 6 (max 6)
- age   1:      72592 bytes,      72592 total
- age   2:      19128 bytes,      91720 total
- age   4:       1000 bytes,      92720 total
- age   6:        968 bytes,      93688 total
: 136420K->120K(153344K), 0.0052986 secs] 322297K->185996K(1031552K), 0.0054131 secs] [Times: user=0.01 sys=0.00, real=0.01 secs] 
2016-08-24T16:46:34.593+0000: 9513.515: Total time for which application threads were stopped: 0.0062491 seconds, Stopping threads took: 0.0000957 seconds
2016-08-24T16:46:34.635+0000: 9513.557: [GC (Allocation Failure) 9513.557: [ParNew
Desired survivor size 8716288 bytes, new threshold 6 (max 6)
- age   1:      64528 bytes,      64528 total
- age   3:       1336 bytes,      65864 total
- age   5:        968 bytes,      66832 total
: 136440K->89K(153344K), 0.0055261 secs] 322316K->185967K(1031552K), 0.0056114 secs] [Times: user=0.01 sys=0.00, real=0.01 secs] 
2016-08-24T16:46:34.641+0000: 9513.562: Total time for which application threads were stopped: 0.0063810 seconds, Stopping threads took: 0.0001018 seconds
2016-08-24T16:46:34.686+0000: 9513.608: [GC (Allocation Failure) 9513.608: [ParNew
Desired survivor size 8716288 bytes, new threshold 6 (max 6)
- age   1:     229160 bytes,     229160 total
- age   2:       2416 bytes,     231576 total
- age   4:       1216 bytes,     232792 total
- age   6:        968 bytes,     233760 total
: 136409K->242K(153344K), 0.0056132 secs] 322287K->186120K(1031552K), 0.0057448 secs] [Times: user=0.02 sys=0.00, real=0.01 secs] 
2016-08-24T16:46:34.692+0000: 9513.614: Total time for which application threads were stopped: 0.0065014 seconds, Stopping threads took: 0.0001224 seconds
2016-08-24T16:46:44.359+0000: 9523.281: [GC (Allocation Failure) 9523.281: [ParNew
Desired survivor size 8716288 bytes, new threshold 6 (max 6)
- age   1:     897208 bytes,     897208 total
- age   2:      93896 bytes,     991104 total
- age   3:        968 bytes,     992072 total
- age   5:        968 bytes,     993040 total
: 136562K->987K(153344K), 0.0093057 secs] 322440K->186865K(1031552K), 0.0094387 secs] [Times: user=0.02 sys=0.00, real=0.02 secs] 
2016-08-24T16:46:44.369+0000: 9523.290: Total time for which application threads were stopped: 0.0103073 seconds, Stopping threads took: 0.0000913 seconds
2016-08-24T16:46:44.407+0000: 9523.328: [GC (Allocation Failure) 9523.328: [ParNew
Desired survivor size 8716288 bytes, new threshold 6 (max 6)
- age   1:      69248 bytes,      69248 total
- age   2:     201448 bytes,     270696 total
- age   3:      91912 bytes,     362608 total
- age   4:        968 bytes,     363576 total
- age   6:        968 bytes,     364544 total
: 137307K->519K(153344K), 0.0067963 secs] 323185K->186398K(1031552K), 0.0069011 secs] [Times: user=0.01 sys=0.00, real=0.01 secs] 
2016-08-24T16:46:44.414+0000: 9523.335: Total time for which application threads were stopped: 0.0076435 seconds, Stopping threads took: 0.0000894 seconds
2016-08-24T16:46:44.453+0000: 9523.375: [GC (Allocation Failure) 9523.375: [ParNew
Desired survivor size 8716288 bytes, new threshold 6 (max 6)
- age   1:      88096 bytes,      88096 total
- age   2:         72 bytes,      88168 total
- age   3:     179376 bytes,     267544 total
- age   4:      91912 bytes,     359456 total
- age   5:        968 bytes,     360424 total
: 136839K->501K(153344K), 0.0063981 secs] 322718K->186381K(1031552K), 0.0065142 secs] [Times: user=0.01 sys=0.00, real=0.00 secs] 
2016-08-24T16:46:44.460+0000: 9523.381: Total time for which application threads were stopped: 0.0073182 seconds, Stopping threads took: 0.0000887 seconds
2016-08-24T16:46:44.499+0000: 9523.421: [GC (Allocation Failure) 9523.421: [ParNew
Desired survivor size 8716288 bytes, new threshold 6 (max 6)
- age   1:      74096 bytes,      74096 total
- age   2:       1096 bytes,      75192 total
- age   3:         72 bytes,      75264 total
- age   4:     177528 bytes,     252792 total
- age   5:      91912 bytes,     344704 total
- age   6:        968 bytes,     345672 total
: 136821K->485K(153344K), 0.0066275 secs] 322701K->186365K(1031552K), 0.0067567 secs] [Times: user=0.01 sys=0.00, real=0.01 secs] 
2016-08-24T16:46:44.506+0000: 9523.428: Total time for which application threads were stopped: 0.0075518 seconds, Stopping threads took: 0.0000968 seconds
2016-08-24T16:46:44.545+0000: 9523.466: [GC (Allocation Failure) 9523.466: [ParNew
Desired survivor size 8716288 bytes, new threshold 6 (max 6)
- age   1:      76000 bytes,      76000 total
- age   2:       5240 bytes,      81240 total
- age   3:       1096 bytes,      82336 total
- age   4:         72 bytes,      82408 total
- age   5:     177528 bytes,     259936 total
- age   6:      91912 bytes,     351848 total
: 136805K->487K(153344K), 0.0062733 secs] 322685K->186367K(1031552K), 0.0063738 secs] [Times: user=0.02 sys=0.00, real=0.01 secs] 
2016-08-24T16:46:44.551+0000: 9523.473: Total time for which application threads were stopped: 0.0071319 seconds, Stopping threads took: 0.0000839 seconds
2016-08-24T16:46:44.590+0000: 9523.512: [GC (Allocation Failure) 9523.512: [ParNew
Desired survivor size 8716288 bytes, new threshold 6 (max 6)
- age   1:      74960 bytes,      74960 total
- age   3:       1000 bytes,      75960 total
- age   4:       1064 bytes,      77024 total
- age   5:         72 bytes,      77096 total
- age   6:     175280 bytes,     252376 total
: 136807K->497K(153344K), 0.0065175 secs] 322687K->186469K(1031552K), 0.0066200 secs] [Times: user=0.01 sys=0.00, real=0.00 secs] 
2016-08-24T16:46:44.597+0000: 9523.518: Total time for which application threads were stopped: 0.0073612 seconds, Stopping threads took: 0.0000885 seconds
2016-08-24T16:46:44.634+0000: 9523.556: [GC (Allocation Failure) 9523.556: [ParNew
Desired survivor size 8716288 bytes, new threshold 6 (max 6)
- age   1:      70720 bytes,      70720 total
- age   2:       8808 bytes,      79528 total
- age   4:       1000 bytes,      80528 total
- age   5:       1064 bytes,      81592 total
- age   6:         72 bytes,      81664 total
: 136817K->190K(153344K), 0.0066194 secs] 322789K->186337K(1031552K), 0.0067208 secs] [Times: user=0.01 sys=0.00, real=0.01 secs] 
2016-08-24T16:46:44.641+0000: 9523.563: Total time for which application threads were stopped: 0.0074603 seconds, Stopping threads took: 0.0000888 seconds
2016-08-24T16:46:44.680+0000: 9523.602: [GC (Allocation Failure) 9523.602: [ParNew
Desired survivor size 8716288 bytes, new threshold 6 (max 6)
- age   1:      73368 bytes,      73368 total
- age   3:       1000 bytes,      74368 total
- age   5:        968 bytes,      75336 total
- age   6:       1064 bytes,      76400 total
: 136510K->110K(153344K), 0.0058884 secs] 322657K->186257K(1031552K), 0.0059893 secs] [Times: user=0.01 sys=0.00, real=0.00 secs] 
2016-08-24T16:46:44.686+0000: 9523.608: Total time for which application threads were stopped: 0.0067593 seconds, Stopping threads took: 0.0000896 seconds
2016-08-24T16:46:44.724+0000: 9523.645: [GC (Allocation Failure) 9523.645: [ParNew
Desired survivor size 8716288 bytes, new threshold 6 (max 6)
- age   1:      85240 bytes,      85240 total
- age   2:      11952 bytes,      97192 total
- age   4:       1000 bytes,      98192 total
- age   6:        968 bytes,      99160 total
: 136430K->105K(153344K), 0.0058558 secs] 322577K->186254K(1031552K), 0.0059637 secs] [Times: user=0.02 sys=0.00, real=0.01 secs] 
2016-08-24T16:46:44.730+0000: 9523.651: Total time for which application threads were stopped: 0.0067011 seconds, Stopping threads took: 0.0000874 seconds
2016-08-24T16:46:44.768+0000: 9523.690: [GC (Allocation Failure) 9523.690: [ParNew
Desired survivor size 8716288 bytes, new threshold 6 (max 6)
- age   1:      59416 bytes,      59416 total
- age   3:       1000 bytes,      60416 total
- age   5:        968 bytes,      61384 total
: 136425K->86K(153344K), 0.0058671 secs] 322574K->186235K(1031552K), 0.0059681 secs] [Times: user=0.01 sys=0.00, real=0.00 secs] 
2016-08-24T16:46:44.775+0000: 9523.696: Total time for which application threads were stopped: 0.0067579 seconds, Stopping threads took: 0.0000905 seconds
2016-08-24T16:46:44.812+0000: 9523.733: [GC (Allocation Failure) 9523.733: [ParNew
Desired survivor size 8716288 bytes, new threshold 6 (max 6)
- age   1:      79488 bytes,      79488 total
- age   2:      14584 bytes,      94072 total
- age   4:       1000 bytes,      95072 total
- age   6:        968 bytes,      96040 total
: 136406K->111K(153344K), 0.0058128 secs] 322555K->186260K(1031552K), 0.0059105 secs] [Times: user=0.02 sys=0.00, real=0.00 secs] 
2016-08-24T16:46:44.818+0000: 9523.739: Total time for which application threads were stopped: 0.0066399 seconds, Stopping threads took: 0.0000868 seconds
2016-08-24T16:46:46.654+0000: 9525.575: Total time for which application threads were stopped: 0.0007032 seconds, Stopping threads took: 0.0001088 seconds
2016-08-24T16:46:46.654+0000: 9525.576: Total time for which application threads were stopped: 0.0003376 seconds, Stopping threads took: 0.0000516 seconds
2016-08-24T16:46:46.655+0000: 9525.576: Total time for which application threads were stopped: 0.0003342 seconds, Stopping threads took: 0.0000469 seconds
2016-08-24T16:46:49.893+0000: 9528.815: Total time for which application threads were stopped: 0.0019932 seconds, Stopping threads took: 0.0002060 seconds
2016-08-24T16:46:49.895+0000: 9528.816: Total time for which application threads were stopped: 0.0012542 seconds, Stopping threads took: 0.0000978 seconds
2016-08-24T16:46:49.897+0000: 9528.818: Total time for which application threads were stopped: 0.0014739 seconds, Stopping threads took: 0.0001593 seconds
2016-08-24T16:46:50.897+0000: 9529.819: Total time for which application threads were stopped: 0.0006324 seconds, Stopping threads took: 0.0001096 seconds
2016-08-24T16:46:54.545+0000: 9533.466: [GC (Allocation Failure) 9533.466: [ParNew
Desired survivor size 8716288 bytes, new threshold 6 (max 6)
- age   1:    1076688 bytes,    1076688 total
- age   3:        968 bytes,    1077656 total
- age   5:        968 bytes,    1078624 total
: 136431K->1070K(153344K), 0.0081548 secs] 322580K->187220K(1031552K), 0.0082840 secs] [Times: user=0.01 sys=0.00, real=0.01 secs] 
2016-08-24T16:46:54.553+0000: 9533.475: Total time for which application threads were stopped: 0.0091882 seconds, Stopping threads took: 0.0001247 seconds
2016-08-24T16:46:54.591+0000: 9533.512: [GC (Allocation Failure) 9533.512: [ParNew
Desired survivor size 8716288 bytes, new threshold 6 (max 6)
- age   1:      61296 bytes,      61296 total
- age   2:     293728 bytes,     355024 total
- age   4:        968 bytes,     355992 total
- age   6:        968 bytes,     356960 total
: 137390K->411K(153344K), 0.0060783 secs] 323540K->186561K(1031552K), 0.0061948 secs] [Times: user=0.01 sys=0.00, real=0.00 secs] 
2016-08-24T16:46:54.597+0000: 9533.519: Total time for which application threads were stopped: 0.0070216 seconds, Stopping threads took: 0.0000998 seconds
2016-08-24T16:46:54.638+0000: 9533.560: [GC (Allocation Failure) 9533.560: [ParNew
Desired survivor size 8716288 bytes, new threshold 6 (max 6)
- age   1:      77152 bytes,      77152 total
- age   2:         96 bytes,      77248 total
- age   3:     278336 bytes,     355584 total
- age   5:        968 bytes,     356552 total
: 136731K->480K(153344K), 0.0058782 secs] 322881K->186631K(1031552K), 0.0059868 secs] [Times: user=0.02 sys=0.00, real=0.01 secs] 
2016-08-24T16:46:54.645+0000: 9533.566: Total time for which application threads were stopped: 0.0068171 seconds, Stopping threads took: 0.0001021 seconds
2016-08-24T16:46:54.684+0000: 9533.606: [GC (Allocation Failure) 9533.606: [ParNew
Desired survivor size 8716288 bytes, new threshold 6 (max 6)
- age   1:      68488 bytes,      68488 total
- age   2:      16736 bytes,      85224 total
- age   3:         96 bytes,      85320 total
- age   4:     278336 bytes,     363656 total
- age   6:        968 bytes,     364624 total
: 136800K->501K(153344K), 0.0061728 secs] 322951K->186652K(1031552K), 0.0063029 secs] [Times: user=0.01 sys=0.00, real=0.01 secs] 
2016-08-24T16:46:54.691+0000: 9533.612: Total time for which application threads were stopped: 0.0071376 seconds, Stopping threads took: 0.0000974 seconds
2016-08-24T16:46:54.733+0000: 9533.655: [GC (Allocation Failure) 9533.655: [ParNew
Desired survivor size 8716288 bytes, new threshold 6 (max 6)
- age   1:      66120 bytes,      66120 total
- age   3:       1096 bytes,      67216 total
- age   4:         96 bytes,      67312 total
- age   5:     276488 bytes,     343800 total
: 136821K->512K(153344K), 0.0057480 secs] 322972K->186664K(1031552K), 0.0058439 secs] [Times: user=0.01 sys=0.00, real=0.00 secs] 
2016-08-24T16:46:54.739+0000: 9533.661: Total time for which application threads were stopped: 0.0066826 seconds, Stopping threads took: 0.0001423 seconds
2016-08-24T16:46:54.777+0000: 9533.698: [GC (Allocation Failure) 9533.698: [ParNew
Desired survivor size 8716288 bytes, new threshold 6 (max 6)
- age   1:      62304 bytes,      62304 total
- age   2:      19336 bytes,      81640 total
- age   4:       1096 bytes,      82736 total
- age   5:         96 bytes,      82832 total
- age   6:     276488 bytes,     359320 total
: 136832K->492K(153344K), 0.0062830 secs] 322984K->186644K(1031552K), 0.0063974 secs] [Times: user=0.01 sys=0.00, real=0.01 secs] 
2016-08-24T16:46:54.783+0000: 9533.705: Total time for which application threads were stopped: 0.0073011 seconds, Stopping threads took: 0.0001291 seconds
2016-08-24T16:46:54.826+0000: 9533.748: [GC (Allocation Failure) 9533.748: [ParNew
Desired survivor size 8716288 bytes, new threshold 6 (max 6)
- age   1:      94880 bytes,      94880 total
- age   3:       1000 bytes,      95880 total
- age   5:       1064 bytes,      96944 total
- age   6:         96 bytes,      97040 total
: 136812K->350K(153344K), 0.0067638 secs] 322964K->186777K(1031552K), 0.0068628 secs] [Times: user=0.01 sys=0.00, real=0.01 secs] 
2016-08-24T16:46:54.833+0000: 9533.755: Total time for which application threads were stopped: 0.0077208 seconds, Stopping threads took: 0.0001168 seconds
2016-08-24T16:46:54.876+0000: 9533.797: [GC (Allocation Failure) 9533.797: [ParNew
Desired survivor size 8716288 bytes, new threshold 6 (max 6)
- age   1:      50048 bytes,      50048 total
- age   2:       1000 bytes,      51048 total
- age   4:        968 bytes,      52016 total
- age   6:       1064 bytes,      53080 total
: 136670K->125K(153344K), 0.0056004 secs] 323097K->186551K(1031552K), 0.0057127 secs] [Times: user=0.01 sys=0.00, real=0.01 secs] 
2016-08-24T16:46:54.882+0000: 9533.803: Total time for which application threads were stopped: 0.0065929 seconds, Stopping threads took: 0.0001219 seconds
2016-08-24T16:46:54.922+0000: 9533.844: [GC (Allocation Failure) 9533.844: [ParNew
Desired survivor size 8716288 bytes, new threshold 6 (max 6)
- age   1:      79848 bytes,      79848 total
- age   2:       4632 bytes,      84480 total
- age   3:       1000 bytes,      85480 total
- age   5:        968 bytes,      86448 total
: 136445K->97K(153344K), 0.0052923 secs] 322871K->186525K(1031552K), 0.0053797 secs] [Times: user=0.01 sys=0.00, real=0.00 secs] 
2016-08-24T16:46:54.928+0000: 9533.849: Total time for which application threads were stopped: 0.0062129 seconds, Stopping threads took: 0.0001182 seconds
2016-08-24T16:46:54.967+0000: 9533.889: [GC (Allocation Failure) 9533.889: [ParNew
Desired survivor size 8716288 bytes, new threshold 6 (max 6)
- age   1:      59064 bytes,      59064 total
- age   3:       1000 bytes,      60064 total
- age   4:        968 bytes,      61032 total
- age   6:        968 bytes,      62000 total
: 136417K->100K(153344K), 0.0062648 secs] 322845K->186527K(1031552K), 0.0064074 secs] [Times: user=0.01 sys=0.00, real=0.01 secs] 
2016-08-24T16:46:54.974+0000: 9533.896: Total time for which application threads were stopped: 0.0072516 seconds, Stopping threads took: 0.0001151 seconds
2016-08-24T16:46:55.013+0000: 9533.935: [GC (Allocation Failure) 9533.935: [ParNew
Desired survivor size 8716288 bytes, new threshold 6 (max 6)
- age   1:      72304 bytes,      72304 total
- age   2:       7832 bytes,      80136 total
- age   4:       1000 bytes,      81136 total
- age   5:        968 bytes,      82104 total
: 136420K->87K(153344K), 0.0056035 secs] 322847K->186516K(1031552K), 0.0056999 secs] [Times: user=0.01 sys=0.00, real=0.00 secs] 
2016-08-24T16:46:55.019+0000: 9533.941: Total time for which application threads were stopped: 0.0065536 seconds, Stopping threads took: 0.0001138 seconds
2016-08-24T16:47:04.295+0000: 9543.217: [GC (Allocation Failure) 9543.217: [ParNew
Desired survivor size 8716288 bytes, new threshold 6 (max 6)
- age   1:     822000 bytes,     822000 total
- age   3:        968 bytes,     822968 total
- age   5:        968 bytes,     823936 total
- age   6:        968 bytes,     824904 total
: 136407K->825K(153344K), 0.0072378 secs] 322836K->187253K(1031552K), 0.0073548 secs] [Times: user=0.01 sys=0.00, real=0.01 secs] 
2016-08-24T16:47:04.302+0000: 9543.224: Total time for which application threads were stopped: 0.0082986 seconds, Stopping threads took: 0.0000986 seconds
2016-08-24T16:47:04.343+0000: 9543.264: [GC (Allocation Failure) 9543.264: [ParNew
Desired survivor size 8716288 bytes, new threshold 6 (max 6)
- age   1:      73680 bytes,      73680 total
- age   2:     240160 bytes,     313840 total
- age   4:        968 bytes,     314808 total
- age   6:        968 bytes,     315776 total
: 137145K->395K(153344K), 0.0057216 secs] 323573K->186824K(1031552K), 0.0058356 secs] [Times: user=0.01 sys=0.00, real=0.01 secs] 
2016-08-24T16:47:04.348+0000: 9543.270: Total time for which application threads were stopped: 0.0066463 seconds, Stopping threads took: 0.0001002 seconds
2016-08-24T16:47:04.392+0000: 9543.313: [GC (Allocation Failure) 9543.313: [ParNew
Desired survivor size 8716288 bytes, new threshold 6 (max 6)
- age   1:      68464 bytes,      68464 total
- age   2:        160 bytes,      68624 total
- age   3:     231296 bytes,     299920 total
- age   5:        968 bytes,     300888 total
: 136715K->424K(153344K), 0.0056416 secs] 323144K->186854K(1031552K), 0.0057462 secs] [Times: user=0.01 sys=0.00, real=0.00 secs] 
2016-08-24T16:47:04.398+0000: 9543.319: Total time for which application threads were stopped: 0.0065428 seconds, Stopping threads took: 0.0000989 seconds
2016-08-24T16:47:04.437+0000: 9543.359: [GC (Allocation Failure) 9543.359: [ParNew
Desired survivor size 8716288 bytes, new threshold 6 (max 6)
- age   1:      71624 bytes,      71624 total
- age   2:      10384 bytes,      82008 total
- age   3:        160 bytes,      82168 total
- age   4:     231296 bytes,     313464 total
- age   6:        968 bytes,     314432 total
: 136744K->420K(153344K), 0.0056578 secs] 323174K->186850K(1031552K), 0.0057623 secs] [Times: user=0.01 sys=0.00, real=0.01 secs] 
2016-08-24T16:47:04.443+0000: 9543.365: Total time for which application threads were stopped: 0.0065783 seconds, Stopping threads took: 0.0000984 seconds
2016-08-24T16:47:04.485+0000: 9543.406: [GC (Allocation Failure) 9543.406: [ParNew
Desired survivor size 8716288 bytes, new threshold 6 (max 6)
- age   1:      57616 bytes,      57616 total
- age   3:       1096 bytes,      58712 total
- age   4:        160 bytes,      58872 total
- age   5:     229448 bytes,     288320 total
: 136740K->417K(153344K), 0.0060565 secs] 323170K->186849K(1031552K), 0.0061961 secs] [Times: user=0.01 sys=0.00, real=0.01 secs] 
2016-08-24T16:47:04.491+0000: 9543.413: Total time for which application threads were stopped: 0.0072041 seconds, Stopping threads took: 0.0001284 seconds
2016-08-24T16:47:04.531+0000: 9543.453: [GC (Allocation Failure) 9543.453: [ParNew
Desired survivor size 8716288 bytes, new threshold 6 (max 6)
- age   1:      74048 bytes,      74048 total
- age   2:      14448 bytes,      88496 total
- age   4:       1096 bytes,      89592 total
- age   5:        160 bytes,      89752 total
- age   6:     229448 bytes,     319200 total
: 136737K->405K(153344K), 0.0060632 secs] 323169K->186836K(1031552K), 0.0061821 secs] [Times: user=0.01 sys=0.00, real=0.00 secs] 
2016-08-24T16:47:04.538+0000: 9543.459: Total time for which application threads were stopped: 0.0070291 seconds, Stopping threads took: 0.0000991 seconds
2016-08-24T16:47:04.579+0000: 9543.501: [GC (Allocation Failure) 9543.501: [ParNew
Desired survivor size 8716288 bytes, new threshold 6 (max 6)
- age   1:      85224 bytes,      85224 total
- age   3:       1000 bytes,      86224 total
- age   5:       1064 bytes,      87288 total
- age   6:        160 bytes,      87448 total
: 136725K->302K(153344K), 0.0062683 secs] 323156K->186960K(1031552K), 0.0063703 secs] [Times: user=0.02 sys=0.00, real=0.01 secs] 
2016-08-24T16:47:04.586+0000: 9543.508: Total time for which application threads were stopped: 0.0072348 seconds, Stopping threads took: 0.0001026 seconds
2016-08-24T16:47:04.626+0000: 9543.548: [GC (Allocation Failure) 9543.548: [ParNew
Desired survivor size 8716288 bytes, new threshold 6 (max 6)
- age   1:      82936 bytes,      82936 total
- age   2:      16480 bytes,      99416 total
- age   4:       1000 bytes,     100416 total
- age   6:       1064 bytes,     101480 total
: 136622K->150K(153344K), 0.0056861 secs] 323280K->186808K(1031552K), 0.0058033 secs] [Times: user=0.01 sys=0.00, real=0.01 secs] 
2016-08-24T16:47:04.632+0000: 9543.553: Total time for which application threads were stopped: 0.0066692 seconds, Stopping threads took: 0.0001041 seconds
2016-08-24T16:47:04.674+0000: 9543.595: [GC (Allocation Failure) 9543.595: [ParNew
Desired survivor size 8716288 bytes, new threshold 6 (max 6)
- age   1:      74408 bytes,      74408 total
- age   3:       1000 bytes,      75408 total
- age   5:        968 bytes,      76376 total
: 136470K->100K(153344K), 0.0060869 secs] 323128K->186759K(1031552K), 0.0061987 secs] [Times: user=0.01 sys=0.00, real=0.00 secs] 
2016-08-24T16:47:04.680+0000: 9543.601: Total time for which application threads were stopped: 0.0070867 seconds, Stopping threads took: 0.0001751 seconds
2016-08-24T16:47:04.720+0000: 9543.642: [GC (Allocation Failure) 9543.642: [ParNew
Desired survivor size 8716288 bytes, new threshold 6 (max 6)
- age   1:      68680 bytes,      68680 total
- age   2:      19336 bytes,      88016 total
- age   4:       1000 bytes,      89016 total
- age   6:        968 bytes,      89984 total
: 136420K->115K(153344K), 0.0058467 secs] 323079K->186774K(1031552K), 0.0059649 secs] [Times: user=0.01 sys=0.00, real=0.00 secs] 
2016-08-24T16:47:04.727+0000: 9543.648: Total time for which application threads were stopped: 0.0068499 seconds, Stopping threads took: 0.0001013 seconds
2016-08-24T16:47:04.766+0000: 9543.688: [GC (Allocation Failure) 9543.688: [ParNew
Desired survivor size 8716288 bytes, new threshold 6 (max 6)
- age   1:      72976 bytes,      72976 total
- age   3:       1000 bytes,      73976 total
- age   5:        968 bytes,      74944 total
: 136435K->112K(153344K), 0.0059467 secs] 323094K->186772K(1031552K), 0.0060630 secs] [Times: user=0.01 sys=0.00, real=0.01 secs] 
2016-08-24T16:47:04.773+0000: 9543.694: Total time for which application threads were stopped: 0.0069201 seconds, Stopping threads took: 0.0000998 seconds
2016-08-24T16:47:05.915+0000: 9544.836: [GC (Allocation Failure) 9544.837: [ParNew
Desired survivor size 8716288 bytes, new threshold 6 (max 6)
- age   1:     303768 bytes,     303768 total
- age   2:        968 bytes,     304736 total
- age   4:        968 bytes,     305704 total
- age   6:        968 bytes,     306672 total
: 136432K->307K(153344K), 0.0121034 secs] 323092K->186968K(1031552K), 0.0123167 secs] [Times: user=0.02 sys=0.00, real=0.01 secs] 
2016-08-24T16:47:05.927+0000: 9544.849: Total time for which application threads were stopped: 0.0143515 seconds, Stopping threads took: 0.0003081 seconds
2016-08-24T16:47:14.409+0000: 9553.331: [GC (Allocation Failure) 9553.331: [ParNew
Desired survivor size 8716288 bytes, new threshold 6 (max 6)
- age   1:     720824 bytes,     720824 total
- age   2:      92744 bytes,     813568 total
- age   3:        968 bytes,     814536 total
- age   5:        968 bytes,     815504 total
: 136627K->820K(153344K), 0.0065294 secs] 323288K->187481K(1031552K), 0.0066464 secs] [Times: user=0.01 sys=0.00, real=0.00 secs] 
2016-08-24T16:47:14.416+0000: 9553.338: Total time for which application threads were stopped: 0.0074601 seconds, Stopping threads took: 0.0000823 seconds
2016-08-24T16:47:14.456+0000: 9553.377: [GC (Allocation Failure) 9553.377: [ParNew
Desired survivor size 8716288 bytes, new threshold 6 (max 6)
- age   1:      70288 bytes,      70288 total
- age   2:     141376 bytes,     211664 total
- age   3:      90288 bytes,     301952 total
- age   4:        968 bytes,     302920 total
- age   6:        968 bytes,     303888 total
: 137140K->389K(153344K), 0.0059163 secs] 323801K->187050K(1031552K), 0.0060263 secs] [Times: user=0.01 sys=0.00, real=0.01 secs] 
2016-08-24T16:47:14.462+0000: 9553.383: Total time for which application threads were stopped: 0.0068108 seconds, Stopping threads took: 0.0000898 seconds
2016-08-24T16:47:14.504+0000: 9553.425: [GC (Allocation Failure) 9553.425: [ParNew
Desired survivor size 8716288 bytes, new threshold 6 (max 6)
- age   1:      75928 bytes,      75928 total
- age   2:       4224 bytes,      80152 total
- age   3:     141376 bytes,     221528 total
- age   4:      90288 bytes,     311816 total
- age   5:        968 bytes,     312784 total
: 136709K->414K(153344K), 0.0065665 secs] 323370K->187076K(1031552K), 0.0067185 secs] [Times: user=0.01 sys=0.00, real=0.01 secs] 
2016-08-24T16:47:14.511+0000: 9553.432: Total time for which application threads were stopped: 0.0076343 seconds, Stopping threads took: 0.0001182 seconds
2016-08-24T16:47:14.554+0000: 9553.475: [GC (Allocation Failure) 9553.475: [ParNew
Desired survivor size 8716288 bytes, new threshold 6 (max 6)
- age   1:      57320 bytes,      57320 total
- age   3:       1120 bytes,      58440 total
- age   4:     138960 bytes,     197400 total
- age   5:      90288 bytes,     287688 total
- age   6:        968 bytes,     288656 total
: 136734K->432K(153344K), 0.0066198 secs] 323396K->187095K(1031552K), 0.0067528 secs] [Times: user=0.01 sys=0.00, real=0.01 secs] 
2016-08-24T16:47:14.561+0000: 9553.482: Total time for which application threads were stopped: 0.0075926 seconds, Stopping threads took: 0.0001014 seconds
2016-08-24T16:47:14.602+0000: 9553.524: [GC (Allocation Failure) 9553.524: [ParNew
Desired survivor size 8716288 bytes, new threshold 6 (max 6)
- age   1:      64872 bytes,      64872 total
- age   2:       6696 bytes,      71568 total
- age   4:       1120 bytes,      72688 total
- age   5:     138960 bytes,     211648 total
- age   6:      90288 bytes,     301936 total
: 136752K->414K(153344K), 0.0061028 secs] 323415K->187077K(1031552K), 0.0062319 secs] [Times: user=0.02 sys=0.00, real=0.01 secs] 
2016-08-24T16:47:14.609+0000: 9553.530: Total time for which application threads were stopped: 0.0070748 seconds, Stopping threads took: 0.0001143 seconds
2016-08-24T16:47:14.652+0000: 9553.573: [GC (Allocation Failure) 9553.573: [ParNew
Desired survivor size 8716288 bytes, new threshold 6 (max 6)
- age   1:      65088 bytes,      65088 total
- age   3:       1336 bytes,      66424 total
- age   5:       1088 bytes,      67512 total
- age   6:     137144 bytes,     204656 total
: 136734K->293K(153344K), 0.0061328 secs] 323397K->187046K(1031552K), 0.0062673 secs] [Times: user=0.01 sys=0.00, real=0.00 secs] 
2016-08-24T16:47:14.658+0000: 9553.580: Total time for which application threads were stopped: 0.0071261 seconds, Stopping threads took: 0.0001001 seconds
2016-08-24T16:47:14.699+0000: 9553.621: [GC (Allocation Failure) 9553.621: [ParNew
Desired survivor size 8716288 bytes, new threshold 6 (max 6)
- age   1:      83608 bytes,      83608 total
- age   2:       9608 bytes,      93216 total
- age   4:       1336 bytes,      94552 total
- age   6:       1088 bytes,      95640 total
: 136613K->222K(153344K), 0.0064717 secs] 323366K->187112K(1031552K), 0.0065879 secs] [Times: user=0.01 sys=0.00, real=0.01 secs] 
2016-08-24T16:47:14.706+0000: 9553.627: Total time for which application threads were stopped: 0.0074051 seconds, Stopping threads took: 0.0001031 seconds
2016-08-24T16:47:14.747+0000: 9553.668: [GC (Allocation Failure) 9553.668: [ParNew
Desired survivor size 8716288 bytes, new threshold 6 (max 6)
- age   1:      67888 bytes,      67888 total
- age   3:       1000 bytes,      68888 total
- age   5:       1304 bytes,      70192 total
: 136542K->98K(153344K), 0.0059262 secs] 323432K->186989K(1031552K), 0.0060421 secs] [Times: user=0.01 sys=0.00, real=0.01 secs] 
2016-08-24T16:47:14.753+0000: 9553.675: Total time for which application threads were stopped: 0.0068822 seconds, Stopping threads took: 0.0001054 seconds
2016-08-24T16:47:14.793+0000: 9553.715: [GC (Allocation Failure) 9553.715: [ParNew
Desired survivor size 8716288 bytes, new threshold 6 (max 6)
- age   1:      86096 bytes,      86096 total
- age   2:      13104 bytes,      99200 total
- age   4:       1000 bytes,     100200 total
- age   6:       1304 bytes,     101504 total
: 136418K->117K(153344K), 0.0061168 secs] 323309K->187008K(1031552K), 0.0062299 secs] [Times: user=0.01 sys=0.00, real=0.00 secs] 
2016-08-24T16:47:14.800+0000: 9553.721: Total time for which application threads were stopped: 0.0071050 seconds, Stopping threads took: 0.0001619 seconds
2016-08-24T16:47:14.841+0000: 9553.763: [GC (Allocation Failure) 9553.763: [ParNew
Desired survivor size 8716288 bytes, new threshold 6 (max 6)
- age   1:      77032 bytes,      77032 total
- age   3:       1000 bytes,      78032 total
- age   5:        968 bytes,      79000 total
: 136437K->116K(153344K), 0.0061495 secs] 323328K->187008K(1031552K), 0.0062648 secs] [Times: user=0.01 sys=0.00, real=0.00 secs] 
2016-08-24T16:47:14.848+0000: 9553.769: Total time for which application threads were stopped: 0.0070995 seconds, Stopping threads took: 0.0001034 seconds
2016-08-24T16:47:14.888+0000: 9553.810: [GC (Allocation Failure) 9553.810: [ParNew
Desired survivor size 8716288 bytes, new threshold 6 (max 6)
- age   1:      77168 bytes,      77168 total
- age   2:      15264 bytes,      92432 total
- age   4:       1000 bytes,      93432 total
- age   6:        968 bytes,      94400 total
: 136436K->108K(153344K), 0.0060739 secs] 323328K->187000K(1031552K), 0.0061889 secs] [Times: user=0.01 sys=0.00, real=0.00 secs] 
2016-08-24T16:47:14.895+0000: 9553.816: Total time for which application threads were stopped: 0.0070391 seconds, Stopping threads took: 0.0001012 seconds
2016-08-24T16:47:24.385+0000: 9563.307: [GC (Allocation Failure) 9563.307: [ParNew
Desired survivor size 8716288 bytes, new threshold 6 (max 6)
- age   1:    1257120 bytes,    1257120 total
- age   3:        968 bytes,    1258088 total
- age   5:        968 bytes,    1259056 total
: 136428K->1256K(153344K), 0.0089046 secs] 323320K->188149K(1031552K), 0.0090445 secs] [Times: user=0.01 sys=0.00, real=0.01 secs] 
2016-08-24T16:47:24.394+0000: 9563.316: Total time for which application threads were stopped: 0.0098917 seconds, Stopping threads took: 0.0001019 seconds
2016-08-24T16:47:24.435+0000: 9563.357: [GC (Allocation Failure) 9563.357: [ParNew
Desired survivor size 8716288 bytes, new threshold 6 (max 6)
- age   1:      60440 bytes,      60440 total
- age   2:     306144 bytes,     366584 total
- age   4:        968 bytes,     367552 total
- age   6:        968 bytes,     368520 total
: 137576K->398K(153344K), 0.0059449 secs] 324469K->187291K(1031552K), 0.0060593 secs] [Times: user=0.01 sys=0.00, real=0.01 secs] 
2016-08-24T16:47:24.442+0000: 9563.363: Total time for which application threads were stopped: 0.0068444 seconds, Stopping threads took: 0.0001015 seconds
2016-08-24T16:47:24.482+0000: 9563.404: [GC (Allocation Failure) 9563.404: [ParNew
Desired survivor size 8716288 bytes, new threshold 6 (max 6)
- age   1:      80744 bytes,      80744 total
- age   2:         72 bytes,      80816 total
- age   3:     290232 bytes,     371048 total
- age   5:        968 bytes,     372016 total
: 136718K->493K(153344K), 0.0057190 secs] 323611K->187387K(1031552K), 0.0058270 secs] [Times: user=0.01 sys=0.00, real=0.00 secs] 
2016-08-24T16:47:24.488+0000: 9563.410: Total time for which application threads were stopped: 0.0066172 seconds, Stopping threads took: 0.0000991 seconds
2016-08-24T16:47:24.527+0000: 9563.449: [GC (Allocation Failure) 9563.449: [ParNew
Desired survivor size 8716288 bytes, new threshold 6 (max 6)
- age   1:      65896 bytes,      65896 total
- age   2:      17856 bytes,      83752 total
- age   3:         72 bytes,      83824 total
- age   4:     290232 bytes,     374056 total
- age   6:        968 bytes,     375024 total
: 136813K->519K(153344K), 0.0067143 secs] 323707K->187413K(1031552K), 0.0068640 secs] [Times: user=0.01 sys=0.00, real=0.01 secs] 
2016-08-24T16:47:24.534+0000: 9563.456: Total time for which application threads were stopped: 0.0077538 seconds, Stopping threads took: 0.0001142 seconds
2016-08-24T16:47:24.573+0000: 9563.495: [GC (Allocation Failure) 9563.495: [ParNew
Desired survivor size 8716288 bytes, new threshold 6 (max 6)
- age   1:      70648 bytes,      70648 total
- age   3:       1096 bytes,      71744 total
- age   4:         72 bytes,      71816 total
- age   5:     288384 bytes,     360200 total
: 136839K->528K(153344K), 0.0061497 secs] 323733K->187423K(1031552K), 0.0062392 secs] [Times: user=0.01 sys=0.00, real=0.00 secs] 
2016-08-24T16:47:24.580+0000: 9563.501: Total time for which application threads were stopped: 0.0070089 seconds, Stopping threads took: 0.0001014 seconds
2016-08-24T16:47:24.617+0000: 9563.539: [GC (Allocation Failure) 9563.539: [ParNew
Desired survivor size 8716288 bytes, new threshold 6 (max 6)
- age   1:      90392 bytes,      90392 total
- age   2:      20696 bytes,     111088 total
- age   4:       1096 bytes,     112184 total
- age   5:         72 bytes,     112256 total
- age   6:     288384 bytes,     400640 total
: 136848K->517K(153344K), 0.0063424 secs] 323743K->187412K(1031552K), 0.0064556 secs] [Times: user=0.01 sys=0.00, real=0.01 secs] 
2016-08-24T16:47:24.624+0000: 9563.545: Total time for which application threads were stopped: 0.0072703 seconds, Stopping threads took: 0.0000994 seconds
2016-08-24T16:47:24.666+0000: 9563.587: [GC (Allocation Failure) 9563.587: [ParNew
Desired survivor size 8716288 bytes, new threshold 6 (max 6)
- age   1:      68584 bytes,      68584 total
- age   3:       1000 bytes,      69584 total
- age   5:       1064 bytes,      70648 total
- age   6:         72 bytes,      70720 total
: 136837K->383K(153344K), 0.0070516 secs] 323732K->187564K(1031552K), 0.0071666 secs] [Times: user=0.02 sys=0.00, real=0.01 secs] 
2016-08-24T16:47:24.673+0000: 9563.594: Total time for which application threads were stopped: 0.0080076 seconds, Stopping threads took: 0.0001043 seconds
2016-08-24T16:47:24.713+0000: 9563.634: [GC (Allocation Failure) 9563.635: [ParNew
Desired survivor size 8716288 bytes, new threshold 6 (max 6)
- age   1:      62680 bytes,      62680 total
- age   2:       1000 bytes,      63680 total
- age   4:        968 bytes,      64648 total
- age   6:       1064 bytes,      65712 total
: 136703K->127K(153344K), 0.0061536 secs] 323884K->187308K(1031552K), 0.0062763 secs] [Times: user=0.01 sys=0.00, real=0.00 secs] 
2016-08-24T16:47:24.719+0000: 9563.641: Total time for which application threads were stopped: 0.0070972 seconds, Stopping threads took: 0.0000987 seconds
2016-08-24T16:47:24.760+0000: 9563.681: [GC (Allocation Failure) 9563.681: [ParNew
Desired survivor size 8716288 bytes, new threshold 6 (max 6)
- age   1:      66864 bytes,      66864 total
- age   2:       4976 bytes,      71840 total
- age   3:       1000 bytes,      72840 total
- age   5:        968 bytes,      73808 total
: 136447K->94K(153344K), 0.0061496 secs] 323628K->187276K(1031552K), 0.0062837 secs] [Times: user=0.01 sys=0.00, real=0.01 secs] 
2016-08-24T16:47:24.766+0000: 9563.688: Total time for which application threads were stopped: 0.0071038 seconds, Stopping threads took: 0.0001040 seconds
2016-08-24T16:47:24.808+0000: 9563.729: [GC (Allocation Failure) 9563.729: [ParNew
Desired survivor size 8716288 bytes, new threshold 6 (max 6)
- age   1:      79816 bytes,      79816 total
- age   3:       1000 bytes,      80816 total
- age   4:        968 bytes,      81784 total
- age   6:        968 bytes,      82752 total
: 136414K->108K(153344K), 0.0062169 secs] 323596K->187290K(1031552K), 0.0063344 secs] [Times: user=0.01 sys=0.00, real=0.01 secs] 
2016-08-24T16:47:24.814+0000: 9563.736: Total time for which application threads were stopped: 0.0071697 seconds, Stopping threads took: 0.0001030 seconds
2016-08-24T16:47:24.855+0000: 9563.776: [GC (Allocation Failure) 9563.776: [ParNew
Desired survivor size 8716288 bytes, new threshold 6 (max 6)
- age   1:      83184 bytes,      83184 total
- age   2:       8656 bytes,      91840 total
- age   4:       1000 bytes,      92840 total
- age   5:        968 bytes,      93808 total
: 136428K->121K(153344K), 0.0062639 secs] 323610K->187304K(1031552K), 0.0063774 secs] [Times: user=0.01 sys=0.00, real=0.01 secs] 
2016-08-24T16:47:24.861+0000: 9563.783: Total time for which application threads were stopped: 0.0072253 seconds, Stopping threads took: 0.0001025 seconds
2016-08-24T16:47:34.355+0000: 9573.276: [GC (Allocation Failure) 9573.276: [ParNew
Desired survivor size 8716288 bytes, new threshold 6 (max 6)
- age   1:     922000 bytes,     922000 total
- age   3:        968 bytes,     922968 total
- age   5:        968 bytes,     923936 total
- age   6:        968 bytes,     924904 total
: 136441K->922K(153344K), 0.0073511 secs] 323624K->188105K(1031552K), 0.0074680 secs] [Times: user=0.01 sys=0.00, real=0.01 secs] 
2016-08-24T16:47:34.362+0000: 9573.284: Total time for which application threads were stopped: 0.0082679 seconds, Stopping threads took: 0.0000968 seconds
2016-08-24T16:47:34.400+0000: 9573.321: [GC (Allocation Failure) 9573.321: [ParNew
Desired survivor size 8716288 bytes, new threshold 6 (max 6)
- age   1:      62144 bytes,      62144 total
- age   2:     251104 bytes,     313248 total
- age   4:        968 bytes,     314216 total
- age   6:        968 bytes,     315184 total
: 137242K->480K(153344K), 0.0064031 secs] 324425K->187664K(1031552K), 0.0065185 secs] [Times: user=0.01 sys=0.00, real=0.01 secs] 
2016-08-24T16:47:34.406+0000: 9573.328: Total time for which application threads were stopped: 0.0073552 seconds, Stopping threads took: 0.0001003 seconds
2016-08-24T16:47:34.446+0000: 9573.368: [GC (Allocation Failure) 9573.368: [ParNew
Desired survivor size 8716288 bytes, new threshold 6 (max 6)
- age   1:      57120 bytes,      57120 total
- age   2:         24 bytes,      57144 total
- age   3:     241840 bytes,     298984 total
- age   5:        968 bytes,     299952 total
: 136800K->425K(153344K), 0.0061507 secs] 323984K->187610K(1031552K), 0.0062740 secs] [Times: user=0.01 sys=0.00, real=0.01 secs] 
2016-08-24T16:47:34.453+0000: 9573.374: Total time for which application threads were stopped: 0.0071018 seconds, Stopping threads took: 0.0001023 seconds
2016-08-24T16:47:34.495+0000: 9573.417: [GC (Allocation Failure) 9573.417: [ParNew
Desired survivor size 8716288 bytes, new threshold 6 (max 6)
- age   1:      73360 bytes,      73360 total
- age   2:      11640 bytes,      85000 total
- age   3:         24 bytes,      85024 total
- age   4:     241840 bytes,     326864 total
- age   6:        968 bytes,     327832 total
: 136745K->425K(153344K), 0.0066774 secs] 323930K->187610K(1031552K), 0.0068286 secs] [Times: user=0.01 sys=0.00, real=0.01 secs] 
2016-08-24T16:47:34.502+0000: 9573.424: Total time for which application threads were stopped: 0.0076804 seconds, Stopping threads took: 0.0000995 seconds
2016-08-24T16:47:34.546+0000: 9573.467: [GC (Allocation Failure) 9573.467: [ParNew
Desired survivor size 8716288 bytes, new threshold 6 (max 6)
- age   1:      58488 bytes,      58488 total
- age   3:       1096 bytes,      59584 total
- age   4:         24 bytes,      59608 total
- age   5:     239560 bytes,     299168 total
: 136745K->452K(153344K), 0.0059405 secs] 323930K->187637K(1031552K), 0.0060605 secs] [Times: user=0.01 sys=0.00, real=0.01 secs] 
2016-08-24T16:47:34.552+0000: 9573.473: Total time for which application threads were stopped: 0.0068948 seconds, Stopping threads took: 0.0001000 seconds
2016-08-24T16:47:34.590+0000: 9573.511: [GC (Allocation Failure) 9573.511: [ParNew
Desired survivor size 8716288 bytes, new threshold 6 (max 6)
- age   1:      81776 bytes,      81776 total
- age   2:      14536 bytes,      96312 total
- age   4:       1096 bytes,      97408 total
- age   5:         24 bytes,      97432 total
- age   6:     239560 bytes,     336992 total
: 136772K->426K(153344K), 0.0057179 secs] 323957K->187612K(1031552K), 0.0058103 secs] [Times: user=0.01 sys=0.00, real=0.00 secs] 
2016-08-24T16:47:34.596+0000: 9573.517: Total time for which application threads were stopped: 0.0065440 seconds, Stopping threads took: 0.0000885 seconds
2016-08-24T16:47:34.638+0000: 9573.560: [GC (Allocation Failure) 9573.560: [ParNew
Desired survivor size 8716288 bytes, new threshold 6 (max 6)
- age   1:      61160 bytes,      61160 total
- age   3:       1176 bytes,      62336 total
- age   5:       1064 bytes,      63400 total
- age   6:         24 bytes,      63424 total
: 136746K->321K(153344K), 0.0062493 secs] 323932K->187743K(1031552K), 0.0063673 secs] [Times: user=0.01 sys=0.00, real=0.01 secs] 
2016-08-24T16:47:34.645+0000: 9573.566: Total time for which application threads were stopped: 0.0072090 seconds, Stopping threads took: 0.0001015 seconds
2016-08-24T16:47:34.685+0000: 9573.607: [GC (Allocation Failure) 9573.607: [ParNew
Desired survivor size 8716288 bytes, new threshold 6 (max 6)
- age   1:      74176 bytes,      74176 total
- age   2:      17728 bytes,      91904 total
- age   4:       1176 bytes,      93080 total
- age   6:       1064 bytes,      94144 total
: 136641K->149K(153344K), 0.0052705 secs] 324063K->187571K(1031552K), 0.0053710 secs] [Times: user=0.01 sys=0.00, real=0.01 secs] 
2016-08-24T16:47:34.691+0000: 9573.612: Total time for which application threads were stopped: 0.0062016 seconds, Stopping threads took: 0.0000986 seconds
2016-08-24T16:47:34.732+0000: 9573.653: [GC (Allocation Failure) 9573.654: [ParNew
Desired survivor size 8716288 bytes, new threshold 6 (max 6)
- age   1:      67200 bytes,      67200 total
- age   3:       1232 bytes,      68432 total
- age   5:       1144 bytes,      69576 total
: 136469K->94K(153344K), 0.0054555 secs] 323891K->187517K(1031552K), 0.0055439 secs] [Times: user=0.01 sys=0.00, real=0.00 secs] 
2016-08-24T16:47:34.738+0000: 9573.659: Total time for which application threads were stopped: 0.0063392 seconds, Stopping threads took: 0.0001001 seconds
2016-08-24T16:47:34.777+0000: 9573.698: [GC (Allocation Failure) 9573.698: [ParNew
Desired survivor size 8716288 bytes, new threshold 6 (max 6)
- age   1:      84832 bytes,      84832 total
- age   2:      20264 bytes,     105096 total
- age   4:       1088 bytes,     106184 total
- age   6:       1144 bytes,     107328 total
: 136414K->115K(153344K), 0.0057698 secs] 323837K->187538K(1031552K), 0.0058796 secs] [Times: user=0.01 sys=0.00, real=0.01 secs] 
2016-08-24T16:47:34.783+0000: 9573.704: Total time for which application threads were stopped: 0.0068373 seconds, Stopping threads took: 0.0001576 seconds
2016-08-24T16:47:34.824+0000: 9573.745: [GC (Allocation Failure) 9573.745: [ParNew
Desired survivor size 8716288 bytes, new threshold 6 (max 6)
- age   1:      82696 bytes,      82696 total
- age   2:        160 bytes,      82856 total
- age   3:       1000 bytes,      83856 total
- age   5:       1056 bytes,      84912 total
: 136435K->125K(153344K), 0.0056954 secs] 323858K->187549K(1031552K), 0.0058290 secs] [Times: user=0.01 sys=0.00, real=0.01 secs] 
2016-08-24T16:47:34.830+0000: 9573.751: Total time for which application threads were stopped: 0.0066499 seconds, Stopping threads took: 0.0001121 seconds
2016-08-24T16:47:38.665+0000: 9577.586: [GC (Allocation Failure) 9577.586: [ParNew
Desired survivor size 8716288 bytes, new threshold 6 (max 6)
- age   1:     458832 bytes,     458832 total
- age   2:       1088 bytes,     459920 total
- age   3:         64 bytes,     459984 total
- age   4:        968 bytes,     460952 total
- age   6:       1056 bytes,     462008 total
: 136445K->468K(153344K), 0.0110207 secs] 323869K->187892K(1031552K), 0.0112329 secs] [Times: user=0.02 sys=0.00, real=0.01 secs] 
2016-08-24T16:47:38.676+0000: 9577.598: Total time for which application threads were stopped: 0.0133594 seconds, Stopping threads took: 0.0002065 seconds
2016-08-24T16:47:44.554+0000: 9583.476: [GC (Allocation Failure) 9583.476: [ParNew
Desired survivor size 8716288 bytes, new threshold 6 (max 6)
- age   1:     619544 bytes,     619544 total
- age   2:     107784 bytes,     727328 total
- age   3:       1056 bytes,     728384 total
- age   4:         64 bytes,     728448 total
- age   5:        968 bytes,     729416 total
: 136788K->770K(153344K), 0.0075809 secs] 324212K->188196K(1031552K), 0.0077207 secs] [Times: user=0.01 sys=0.00, real=0.01 secs] 
2016-08-24T16:47:44.562+0000: 9583.484: Total time for which application threads were stopped: 0.0086037 seconds, Stopping threads took: 0.0001196 seconds
2016-08-24T16:47:44.604+0000: 9583.526: [GC (Allocation Failure) 9583.526: [ParNew
Desired survivor size 8716288 bytes, new threshold 6 (max 6)
- age   1:      56232 bytes,      56232 total
- age   2:     152984 bytes,     209216 total
- age   3:     105328 bytes,     314544 total
- age   4:       1056 bytes,     315600 total
- age   5:         64 bytes,     315664 total
- age   6:        968 bytes,     316632 total
: 137090K->399K(153344K), 0.0069133 secs] 324516K->187824K(1031552K), 0.0070778 secs] [Times: user=0.01 sys=0.00, real=0.01 secs] 
2016-08-24T16:47:44.612+0000: 9583.533: Total time for which application threads were stopped: 0.0082141 seconds, Stopping threads took: 0.0001040 seconds
2016-08-24T16:47:44.660+0000: 9583.582: [GC (Allocation Failure) 9583.582: [ParNew
Desired survivor size 8716288 bytes, new threshold 6 (max 6)
- age   1:      78552 bytes,      78552 total
- age   2:       4456 bytes,      83008 total
- age   3:     152984 bytes,     235992 total
- age   4:     105328 bytes,     341320 total
- age   5:       1056 bytes,     342376 total
- age   6:         64 bytes,     342440 total
: 136719K->563K(153344K), 0.0078629 secs] 324144K->187990K(1031552K), 0.0080504 secs] [Times: user=0.01 sys=0.01, real=0.01 secs] 
2016-08-24T16:47:44.669+0000: 9583.590: Total time for which application threads were stopped: 0.0091296 seconds, Stopping threads took: 0.0001109 seconds
2016-08-24T16:47:44.716+0000: 9583.638: [GC (Allocation Failure) 9583.638: [ParNew
Desired survivor size 8716288 bytes, new threshold 6 (max 6)
- age   1:      52632 bytes,      52632 total
- age   3:       1096 bytes,      53728 total
- age   4:     151136 bytes,     204864 total
- age   5:     105328 bytes,     310192 total
- age   6:       1056 bytes,     311248 total
: 136883K->390K(153344K), 0.0065240 secs] 324310K->187816K(1031552K), 0.0066601 secs] [Times: user=0.01 sys=0.00, real=0.01 secs] 
2016-08-24T16:47:44.723+0000: 9583.645: Total time for which application threads were stopped: 0.0075875 seconds, Stopping threads took: 0.0001280 seconds
2016-08-24T16:47:44.763+0000: 9583.685: [GC (Allocation Failure) 9583.685: [ParNew
Desired survivor size 8716288 bytes, new threshold 6 (max 6)
- age   1:      82896 bytes,      82896 total
- age   2:       7272 bytes,      90168 total
- age   4:       1096 bytes,      91264 total
- age   5:     151136 bytes,     242400 total
- age   6:     105328 bytes,     347728 total
: 136710K->421K(153344K), 0.0054299 secs] 324136K->187848K(1031552K), 0.0055592 secs] [Times: user=0.01 sys=0.00, real=0.01 secs] 
2016-08-24T16:47:44.769+0000: 9583.690: Total time for which application threads were stopped: 0.0063963 seconds, Stopping threads took: 0.0000850 seconds
2016-08-24T16:47:44.810+0000: 9583.731: [GC (Allocation Failure) 9583.731: [ParNew
Desired survivor size 8716288 bytes, new threshold 6 (max 6)
- age   1:      73152 bytes,      73152 total
- age   3:       1000 bytes,      74152 total
- age   5:       1064 bytes,      75216 total
- age   6:     149320 bytes,     224536 total
: 136741K->453K(153344K), 0.0070394 secs] 324168K->187986K(1031552K), 0.0071994 secs] [Times: user=0.02 sys=0.00, real=0.00 secs] 
2016-08-24T16:47:44.817+0000: 9583.738: Total time for which application threads were stopped: 0.0080828 seconds, Stopping threads took: 0.0001296 seconds
2016-08-24T16:47:44.857+0000: 9583.778: [GC (Allocation Failure) 9583.778: [ParNew
Desired survivor size 8716288 bytes, new threshold 6 (max 6)
- age   1:      65216 bytes,      65216 total
- age   2:       9872 bytes,      75088 total
- age   4:       1000 bytes,      76088 total
- age   6:       1064 bytes,      77152 total
: 136773K->173K(153344K), 0.0062404 secs] 324306K->187855K(1031552K), 0.0063738 secs] [Times: user=0.01 sys=0.00, real=0.01 secs] 
2016-08-24T16:47:44.863+0000: 9583.785: Total time for which application threads were stopped: 0.0072588 seconds, Stopping threads took: 0.0001080 seconds
2016-08-24T16:47:44.904+0000: 9583.826: [GC (Allocation Failure) 9583.826: [ParNew
Desired survivor size 8716288 bytes, new threshold 6 (max 6)
- age   1:      71800 bytes,      71800 total
- age   3:       1000 bytes,      72800 total
- age   5:        968 bytes,      73768 total
: 136493K->104K(153344K), 0.0058696 secs] 324175K->187787K(1031552K), 0.0060055 secs] [Times: user=0.01 sys=0.00, real=0.01 secs] 
2016-08-24T16:47:44.910+0000: 9583.832: Total time for which application threads were stopped: 0.0069832 seconds, Stopping threads took: 0.0001387 seconds
2016-08-24T16:47:44.951+0000: 9583.873: [GC (Allocation Failure) 9583.873: [ParNew
Desired survivor size 8716288 bytes, new threshold 6 (max 6)
- age   1:      77424 bytes,      77424 total
- age   2:      13776 bytes,      91200 total
- age   4:       1000 bytes,      92200 total
- age   6:        968 bytes,      93168 total
: 136424K->108K(153344K), 0.0061849 secs] 324107K->187790K(1031552K), 0.0063144 secs] [Times: user=0.01 sys=0.00, real=0.00 secs] 
2016-08-24T16:47:44.958+0000: 9583.879: Total time for which application threads were stopped: 0.0071854 seconds, Stopping threads took: 0.0000995 seconds
2016-08-24T16:47:44.999+0000: 9583.921: [GC (Allocation Failure) 9583.921: [ParNew
Desired survivor size 8716288 bytes, new threshold 6 (max 6)
- age   1:      55664 bytes,      55664 total
- age   3:       1000 bytes,      56664 total
- age   5:        968 bytes,      57632 total
: 136428K->81K(153344K), 0.0064674 secs] 324110K->187765K(1031552K), 0.0065861 secs] [Times: user=0.02 sys=0.00, real=0.01 secs] 
2016-08-24T16:47:45.006+0000: 9583.928: Total time for which application threads were stopped: 0.0075623 seconds, Stopping threads took: 0.0001380 seconds
2016-08-24T16:47:45.046+0000: 9583.968: [GC (Allocation Failure) 9583.968: [ParNew
Desired survivor size 8716288 bytes, new threshold 6 (max 6)
- age   1:      66192 bytes,      66192 total
- age   2:      15352 bytes,      81544 total
- age   4:       1000 bytes,      82544 total
- age   6:        968 bytes,      83512 total
: 136401K->96K(153344K), 0.0066370 secs] 324085K->187780K(1031552K), 0.0067627 secs] [Times: user=0.01 sys=0.00, real=0.01 secs] 
2016-08-24T16:47:45.053+0000: 9583.975: Total time for which application threads were stopped: 0.0076966 seconds, Stopping threads took: 0.0001434 seconds
2016-08-24T16:47:49.654+0000: 9588.575: Total time for which application threads were stopped: 0.0021277 seconds, Stopping threads took: 0.0002691 seconds
2016-08-24T16:47:49.655+0000: 9588.576: Total time for which application threads were stopped: 0.0011906 seconds, Stopping threads took: 0.0000996 seconds
2016-08-24T16:47:49.657+0000: 9588.578: Total time for which application threads were stopped: 0.0013851 seconds, Stopping threads took: 0.0001554 seconds
2016-08-24T16:47:52.894+0000: 9591.816: Total time for which application threads were stopped: 0.0006977 seconds, Stopping threads took: 0.0001032 seconds
2016-08-24T16:47:52.895+0000: 9591.816: Total time for which application threads were stopped: 0.0003127 seconds, Stopping threads took: 0.0000275 seconds
2016-08-24T16:47:52.895+0000: 9591.817: Total time for which application threads were stopped: 0.0003320 seconds, Stopping threads took: 0.0000453 seconds
2016-08-24T16:47:54.336+0000: 9593.257: [GC (Allocation Failure) 9593.257: [ParNew
Desired survivor size 8716288 bytes, new threshold 6 (max 6)
- age   1:    1119336 bytes,    1119336 total
- age   3:        968 bytes,    1120304 total
- age   5:        968 bytes,    1121272 total
: 136416K->1123K(153344K), 0.0087139 secs] 324100K->188808K(1031552K), 0.0088470 secs] [Times: user=0.01 sys=0.00, real=0.01 secs] 
2016-08-24T16:47:54.345+0000: 9593.266: Total time for which application threads were stopped: 0.0097374 seconds, Stopping threads took: 0.0001224 seconds
2016-08-24T16:47:54.384+0000: 9593.305: [GC (Allocation Failure) 9593.305: [ParNew
Desired survivor size 8716288 bytes, new threshold 6 (max 6)
- age   1:      64432 bytes,      64432 total
- age   2:     319648 bytes,     384080 total
- age   4:        968 bytes,     385048 total
- age   6:        968 bytes,     386016 total
: 137443K->443K(153344K), 0.0062562 secs] 325128K->188127K(1031552K), 0.0063605 secs] [Times: user=0.01 sys=0.00, real=0.01 secs] 
2016-08-24T16:47:54.390+0000: 9593.312: Total time for which application threads were stopped: 0.0071898 seconds, Stopping threads took: 0.0000982 seconds
2016-08-24T16:47:54.430+0000: 9593.351: [GC (Allocation Failure) 9593.351: [ParNew
Desired survivor size 8716288 bytes, new threshold 6 (max 6)
- age   1:      65048 bytes,      65048 total
- age   2:         96 bytes,      65144 total
- age   3:     303600 bytes,     368744 total
- age   5:        968 bytes,     369712 total
: 136763K->503K(153344K), 0.0059601 secs] 324447K->188189K(1031552K), 0.0060687 secs] [Times: user=0.01 sys=0.00, real=0.00 secs] 
2016-08-24T16:47:54.436+0000: 9593.357: Total time for which application threads were stopped: 0.0068901 seconds, Stopping threads took: 0.0001007 seconds
2016-08-24T16:47:54.476+0000: 9593.397: [GC (Allocation Failure) 9593.397: [ParNew
Desired survivor size 8716288 bytes, new threshold 6 (max 6)
- age   1:      80640 bytes,      80640 total
- age   2:      18032 bytes,      98672 total
- age   3:         96 bytes,      98768 total
- age   4:     303600 bytes,     402368 total
- age   6:        968 bytes,     403336 total
: 136823K->519K(153344K), 0.0066142 secs] 324509K->188204K(1031552K), 0.0067295 secs] [Times: user=0.01 sys=0.00, real=0.01 secs] 
2016-08-24T16:47:54.483+0000: 9593.404: Total time for which application threads were stopped: 0.0075524 seconds, Stopping threads took: 0.0000950 seconds
2016-08-24T16:47:54.526+0000: 9593.447: [GC (Allocation Failure) 9593.447: [ParNew
Desired survivor size 8716288 bytes, new threshold 6 (max 6)
- age   1:      74176 bytes,      74176 total
- age   3:       1096 bytes,      75272 total
- age   4:         96 bytes,      75368 total
- age   5:     301752 bytes,     377120 total
: 136839K->559K(153344K), 0.0062264 secs] 324524K->188246K(1031552K), 0.0063505 secs] [Times: user=0.01 sys=0.00, real=0.01 secs] 
2016-08-24T16:47:54.532+0000: 9593.454: Total time for which application threads were stopped: 0.0073021 seconds, Stopping threads took: 0.0001199 seconds
2016-08-24T16:47:54.575+0000: 9593.497: [GC (Allocation Failure) 9593.497: [ParNew
Desired survivor size 8716288 bytes, new threshold 6 (max 6)
- age   1:      58920 bytes,      58920 total
- age   2:       1000 bytes,      59920 total
- age   4:       1064 bytes,      60984 total
- age   5:         96 bytes,      61080 total
- age   6:     299304 bytes,     360384 total
: 136879K->544K(153344K), 0.0067020 secs] 324566K->188230K(1031552K), 0.0068123 secs] [Times: user=0.01 sys=0.00, real=0.01 secs] 
2016-08-24T16:47:54.582+0000: 9593.503: Total time for which application threads were stopped: 0.0075830 seconds, Stopping threads took: 0.0000965 seconds
2016-08-24T16:47:54.622+0000: 9593.544: [GC (Allocation Failure) 9593.544: [ParNew
Desired survivor size 8716288 bytes, new threshold 6 (max 6)
- age   1:      79944 bytes,      79944 total
- age   2:       4256 bytes,      84200 total
- age   3:       1000 bytes,      85200 total
- age   5:       1064 bytes,      86264 total
- age   6:         96 bytes,      86360 total
: 136864K->356K(153344K), 0.0066196 secs] 324550K->188342K(1031552K), 0.0067501 secs] [Times: user=0.02 sys=0.00, real=0.01 secs] 
2016-08-24T16:47:54.629+0000: 9593.551: Total time for which application threads were stopped: 0.0075876 seconds, Stopping threads took: 0.0000971 seconds
2016-08-24T16:47:54.671+0000: 9593.592: [GC (Allocation Failure) 9593.593: [ParNew
Desired survivor size 8716288 bytes, new threshold 6 (max 6)
- age   1:      60536 bytes,      60536 total
- age   3:       1336 bytes,      61872 total
- age   4:        968 bytes,      62840 total
- age   6:       1064 bytes,      63904 total
: 136676K->123K(153344K), 0.0066677 secs] 324662K->188108K(1031552K), 0.0067609 secs] [Times: user=0.01 sys=0.00, real=0.00 secs] 
2016-08-24T16:47:54.678+0000: 9593.599: Total time for which application threads were stopped: 0.0075856 seconds, Stopping threads took: 0.0001018 seconds
2016-08-24T16:47:54.718+0000: 9593.640: [GC (Allocation Failure) 9593.640: [ParNew
Desired survivor size 8716288 bytes, new threshold 6 (max 6)
- age   1:      65520 bytes,      65520 total
- age   2:       5536 bytes,      71056 total
- age   4:       1336 bytes,      72392 total
- age   5:        968 bytes,      73360 total
: 136443K->92K(153344K), 0.0061803 secs] 324428K->188079K(1031552K), 0.0063312 secs] [Times: user=0.01 sys=0.00, real=0.01 secs] 
2016-08-24T16:47:54.725+0000: 9593.646: Total time for which application threads were stopped: 0.0072069 seconds, Stopping threads took: 0.0001014 seconds
2016-08-24T16:47:54.769+0000: 9593.690: [GC (Allocation Failure) 9593.690: [ParNew
Desired survivor size 8716288 bytes, new threshold 6 (max 6)
- age   1:      66504 bytes,      66504 total
- age   3:       1000 bytes,      67504 total
- age   5:       1304 bytes,      68808 total
- age   6:        968 bytes,      69776 total
: 136412K->87K(153344K), 0.0061487 secs] 324399K->188074K(1031552K), 0.0062695 secs] [Times: user=0.01 sys=0.00, real=0.00 secs] 
2016-08-24T16:47:54.775+0000: 9593.697: Total time for which application threads were stopped: 0.0071544 seconds, Stopping threads took: 0.0001027 seconds
2016-08-24T16:47:54.816+0000: 9593.738: [GC (Allocation Failure) 9593.738: [ParNew
Desired survivor size 8716288 bytes, new threshold 6 (max 6)
- age   1:      66384 bytes,      66384 total
- age   2:       9064 bytes,      75448 total
- age   4:       1000 bytes,      76448 total
- age   6:       1304 bytes,      77752 total
: 136407K->101K(153344K), 0.0061077 secs] 324394K->188089K(1031552K), 0.0062396 secs] [Times: user=0.00 sys=0.00, real=0.01 secs] 
2016-08-24T16:47:54.822+0000: 9593.744: Total time for which application threads were stopped: 0.0070688 seconds, Stopping threads took: 0.0001044 seconds
2016-08-24T16:48:04.523+0000: 9603.445: [GC (Allocation Failure) 9603.445: [ParNew
Desired survivor size 8716288 bytes, new threshold 6 (max 6)
- age   1:     899960 bytes,     899960 total
- age   3:        968 bytes,     900928 total
- age   5:        968 bytes,     901896 total
: 136421K->895K(153344K), 0.0074130 secs] 324409K->188884K(1031552K), 0.0075591 secs] [Times: user=0.02 sys=0.00, real=0.01 secs] 
2016-08-24T16:48:04.531+0000: 9603.453: Total time for which application threads were stopped: 0.0084803 seconds, Stopping threads took: 0.0001145 seconds
2016-08-24T16:48:04.570+0000: 9603.491: [GC (Allocation Failure) 9603.492: [ParNew
Desired survivor size 8716288 bytes, new threshold 6 (max 6)
- age   1:      82904 bytes,      82904 total
- age   2:     261936 bytes,     344840 total
- age   4:        968 bytes,     345808 total
- age   6:        968 bytes,     346776 total
: 137215K->352K(153344K), 0.0056684 secs] 325204K->188341K(1031552K), 0.0057853 secs] [Times: user=0.01 sys=0.00, real=0.00 secs] 
2016-08-24T16:48:04.576+0000: 9603.497: Total time for which application threads were stopped: 0.0065914 seconds, Stopping threads took: 0.0000981 seconds
2016-08-24T16:48:04.617+0000: 9603.539: [GC (Allocation Failure) 9603.539: [ParNew
Desired survivor size 8716288 bytes, new threshold 6 (max 6)
- age   1:      57896 bytes,      57896 total
- age   3:     252136 bytes,     310032 total
- age   5:        968 bytes,     311000 total
: 136672K->457K(153344K), 0.0059035 secs] 324661K->188447K(1031552K), 0.0060100 secs] [Times: user=0.01 sys=0.00, real=0.01 secs] 
2016-08-24T16:48:04.623+0000: 9603.545: Total time for which application threads were stopped: 0.0068381 seconds, Stopping threads took: 0.0001001 seconds
2016-08-24T16:48:04.664+0000: 9603.585: [GC (Allocation Failure) 9603.585: [ParNew
Desired survivor size 8716288 bytes, new threshold 6 (max 6)
- age   1:      82648 bytes,      82648 total
- age   2:      11936 bytes,      94584 total
- age   4:     252136 bytes,     346720 total
- age   6:        968 bytes,     347688 total
: 136777K->444K(153344K), 0.0062125 secs] 324767K->188434K(1031552K), 0.0063177 secs] [Times: user=0.01 sys=0.00, real=0.01 secs] 
2016-08-24T16:48:04.670+0000: 9603.592: Total time for which application threads were stopped: 0.0071137 seconds, Stopping threads took: 0.0000989 seconds
2016-08-24T16:48:04.712+0000: 9603.633: [GC (Allocation Failure) 9603.634: [ParNew
Desired survivor size 8716288 bytes, new threshold 6 (max 6)
- age   1:      65792 bytes,      65792 total
- age   3:       1096 bytes,      66888 total
- age   5:     250288 bytes,     317176 total
: 136764K->477K(153344K), 0.0063783 secs] 324754K->188468K(1031552K), 0.0065022 secs] [Times: user=0.01 sys=0.00, real=0.00 secs] 
2016-08-24T16:48:04.719+0000: 9603.640: Total time for which application threads were stopped: 0.0073528 seconds, Stopping threads took: 0.0001020 seconds
2016-08-24T16:48:04.759+0000: 9603.681: [GC (Allocation Failure) 9603.681: [ParNew
Desired survivor size 8716288 bytes, new threshold 6 (max 6)
- age   1:      75040 bytes,      75040 total
- age   2:      14464 bytes,      89504 total
- age   4:       1096 bytes,      90600 total
- age   6:     250288 bytes,     340888 total
: 136797K->452K(153344K), 0.0063120 secs] 324788K->188443K(1031552K), 0.0064107 secs] [Times: user=0.01 sys=0.00, real=0.01 secs] 
2016-08-24T16:48:04.766+0000: 9603.687: Total time for which application threads were stopped: 0.0072154 seconds, Stopping threads took: 0.0001017 seconds
2016-08-24T16:48:04.808+0000: 9603.729: [GC (Allocation Failure) 9603.729: [ParNew
Desired survivor size 8716288 bytes, new threshold 6 (max 6)
- age   1:      61712 bytes,      61712 total
- age   3:       1000 bytes,      62712 total
- age   5:       1064 bytes,      63776 total
: 136772K->329K(153344K), 0.0067734 secs] 324763K->188567K(1031552K), 0.0068688 secs] [Times: user=0.01 sys=0.00, real=0.01 secs] 
2016-08-24T16:48:04.815+0000: 9603.736: Total time for which application threads were stopped: 0.0076559 seconds, Stopping threads took: 0.0000980 seconds
2016-08-24T16:48:04.855+0000: 9603.777: [GC (Allocation Failure) 9603.777: [ParNew
Desired survivor size 8716288 bytes, new threshold 6 (max 6)
- age   1:      75928 bytes,      75928 total
- age   2:      17560 bytes,      93488 total
- age   4:       1000 bytes,      94488 total
- age   6:       1064 bytes,      95552 total
: 136649K->152K(153344K), 0.0059242 secs] 324887K->188391K(1031552K), 0.0060444 secs] [Times: user=0.01 sys=0.00, real=0.01 secs] 
2016-08-24T16:48:04.861+0000: 9603.783: Total time for which application threads were stopped: 0.0069037 seconds, Stopping threads took: 0.0001049 seconds
2016-08-24T16:48:04.903+0000: 9603.825: [GC (Allocation Failure) 9603.825: [ParNew
Desired survivor size 8716288 bytes, new threshold 6 (max 6)
- age   1:      81544 bytes,      81544 total
- age   3:       1000 bytes,      82544 total
- age   5:        968 bytes,      83512 total
: 136472K->117K(153344K), 0.0056392 secs] 324711K->188356K(1031552K), 0.0057413 secs] [Times: user=0.02 sys=0.00, real=0.01 secs] 
2016-08-24T16:48:04.909+0000: 9603.831: Total time for which application threads were stopped: 0.0065275 seconds, Stopping threads took: 0.0001013 seconds
2016-08-24T16:48:04.948+0000: 9603.869: [GC (Allocation Failure) 9603.870: [ParNew
Desired survivor size 8716288 bytes, new threshold 6 (max 6)
- age   1:      89112 bytes,      89112 total
- age   2:      20696 bytes,     109808 total
- age   4:       1000 bytes,     110808 total
- age   6:        968 bytes,     111776 total
: 136437K->121K(153344K), 0.0056672 secs] 324676K->188361K(1031552K), 0.0057820 secs] [Times: user=0.01 sys=0.00, real=0.01 secs] 
2016-08-24T16:48:04.954+0000: 9603.875: Total time for which application threads were stopped: 0.0066286 seconds, Stopping threads took: 0.0000999 seconds
2016-08-24T16:48:04.995+0000: 9603.916: [GC (Allocation Failure) 9603.916: [ParNew
Desired survivor size 8716288 bytes, new threshold 6 (max 6)
- age   1:      67336 bytes,      67336 total
- age   3:       1000 bytes,      68336 total
- age   5:        968 bytes,      69304 total
: 136441K->98K(153344K), 0.0056977 secs] 324681K->188338K(1031552K), 0.0058039 secs] [Times: user=0.01 sys=0.00, real=0.01 secs] 
2016-08-24T16:48:05.001+0000: 9603.922: Total time for which application threads were stopped: 0.0066131 seconds, Stopping threads took: 0.0000990 seconds
2016-08-24T16:48:12.382+0000: 9611.303: [GC (Allocation Failure) 9611.304: [ParNew
Desired survivor size 8716288 bytes, new threshold 6 (max 6)
- age   1:     623824 bytes,     623824 total
- age   2:        968 bytes,     624792 total
- age   4:        968 bytes,     625760 total
- age   6:        968 bytes,     626728 total
: 136418K->621K(153344K), 0.0101338 secs] 324658K->188861K(1031552K), 0.0103043 secs] [Times: user=0.02 sys=0.01, real=0.01 secs] 
2016-08-24T16:48:12.392+0000: 9611.314: Total time for which application threads were stopped: 0.0114670 seconds, Stopping threads took: 0.0001330 seconds
2016-08-24T16:48:14.562+0000: 9613.484: [GC (Allocation Failure) 9613.484: [ParNew
Desired survivor size 8716288 bytes, new threshold 6 (max 6)
- age   1:     353384 bytes,     353384 total
- age   2:     104008 bytes,     457392 total
- age   3:        968 bytes,     458360 total
- age   5:        968 bytes,     459328 total
: 136941K->497K(153344K), 0.0059256 secs] 325181K->188738K(1031552K), 0.0060389 secs] [Times: user=0.01 sys=0.00, real=0.01 secs] 
2016-08-24T16:48:14.568+0000: 9613.490: Total time for which application threads were stopped: 0.0068561 seconds, Stopping threads took: 0.0000960 seconds
2016-08-24T16:48:14.607+0000: 9613.529: [GC (Allocation Failure) 9613.529: [ParNew
Desired survivor size 8716288 bytes, new threshold 6 (max 6)
- age   1:      65688 bytes,      65688 total
- age   2:     104136 bytes,     169824 total
- age   3:      95576 bytes,     265400 total
- age   4:        968 bytes,     266368 total
- age   6:        968 bytes,     267336 total
: 136817K->338K(153344K), 0.0052758 secs] 325058K->188580K(1031552K), 0.0053823 secs] [Times: user=0.01 sys=0.00, real=0.01 secs] 
2016-08-24T16:48:14.613+0000: 9613.534: Total time for which application threads were stopped: 0.0061944 seconds, Stopping threads took: 0.0001003 seconds
2016-08-24T16:48:14.650+0000: 9613.572: [GC (Allocation Failure) 9613.572: [ParNew
Desired survivor size 8716288 bytes, new threshold 6 (max 6)
- age   1:      77832 bytes,      77832 total
- age   2:       4752 bytes,      82584 total
- age   3:     104136 bytes,     186720 total
- age   4:      95576 bytes,     282296 total
- age   5:        968 bytes,     283264 total
: 136658K->363K(153344K), 0.0055638 secs] 324900K->188605K(1031552K), 0.0056791 secs] [Times: user=0.01 sys=0.00, real=0.00 secs] 
2016-08-24T16:48:14.656+0000: 9613.578: Total time for which application threads were stopped: 0.0064949 seconds, Stopping threads took: 0.0000993 seconds
2016-08-24T16:48:14.696+0000: 9613.617: [GC (Allocation Failure) 9613.617: [ParNew
Desired survivor size 8716288 bytes, new threshold 6 (max 6)
- age   1:      61240 bytes,      61240 total
- age   3:       1120 bytes,      62360 total
- age   4:     102288 bytes,     164648 total
- age   5:      95576 bytes,     260224 total
- age   6:        968 bytes,     261192 total
: 136683K->390K(153344K), 0.0059529 secs] 324925K->188633K(1031552K), 0.0060668 secs] [Times: user=0.01 sys=0.00, real=0.01 secs] 
2016-08-24T16:48:14.702+0000: 9613.623: Total time for which application threads were stopped: 0.0068883 seconds, Stopping threads took: 0.0001003 seconds
2016-08-24T16:48:14.743+0000: 9613.665: [GC (Allocation Failure) 9613.665: [ParNew
Desired survivor size 8716288 bytes, new threshold 6 (max 6)
- age   1:      65624 bytes,      65624 total
- age   2:       7832 bytes,      73456 total
- age   4:       1120 bytes,      74576 total
- age   5:     102288 bytes,     176864 total
- age   6:      95576 bytes,     272440 total
: 136710K->371K(153344K), 0.0058777 secs] 324953K->188614K(1031552K), 0.0059892 secs] [Times: user=0.01 sys=0.00, real=0.01 secs] 
2016-08-24T16:48:14.749+0000: 9613.671: Total time for which application threads were stopped: 0.0068010 seconds, Stopping threads took: 0.0001003 seconds
2016-08-24T16:48:14.790+0000: 9613.712: [GC (Allocation Failure) 9613.712: [ParNew
Desired survivor size 8716288 bytes, new threshold 6 (max 6)
- age   1:      61496 bytes,      61496 total
- age   3:       1000 bytes,      62496 total
- age   5:       1088 bytes,      63584 total
- age   6:     100472 bytes,     164056 total
: 136691K->264K(153344K), 0.0057748 secs] 324934K->188602K(1031552K), 0.0058897 secs] [Times: user=0.01 sys=0.00, real=0.00 secs] 
2016-08-24T16:48:14.796+0000: 9613.718: Total time for which application threads were stopped: 0.0067232 seconds, Stopping threads took: 0.0001004 seconds
2016-08-24T16:48:14.835+0000: 9613.757: [GC (Allocation Failure) 9613.757: [ParNew
Desired survivor size 8716288 bytes, new threshold 6 (max 6)
- age   1:      81688 bytes,      81688 total
- age   2:      10864 bytes,      92552 total
- age   4:       1000 bytes,      93552 total
- age   6:       1088 bytes,      94640 total
: 136584K->140K(153344K), 0.0058392 secs] 324922K->188579K(1031552K), 0.0059424 secs] [Times: user=0.01 sys=0.00, real=0.01 secs] 
2016-08-24T16:48:14.841+0000: 9613.763: Total time for which application threads were stopped: 0.0067598 seconds, Stopping threads took: 0.0000992 seconds
2016-08-24T16:48:14.882+0000: 9613.804: [GC (Allocation Failure) 9613.804: [ParNew
Desired survivor size 8716288 bytes, new threshold 6 (max 6)
- age   1:      82752 bytes,      82752 total
- age   3:       1000 bytes,      83752 total
- age   5:        968 bytes,      84720 total
: 136460K->107K(153344K), 0.0054444 secs] 324899K->188547K(1031552K), 0.0055461 secs] [Times: user=0.01 sys=0.00, real=0.00 secs] 
2016-08-24T16:48:14.888+0000: 9613.809: Total time for which application threads were stopped: 0.0063422 seconds, Stopping threads took: 0.0000972 seconds
2016-08-24T16:48:14.926+0000: 9613.847: [GC (Allocation Failure) 9613.847: [ParNew
Desired survivor size 8716288 bytes, new threshold 6 (max 6)
- age   1:      80024 bytes,      80024 total
- age   2:      14088 bytes,      94112 total
- age   4:       1000 bytes,      95112 total
- age   6:        968 bytes,      96080 total
: 136427K->127K(153344K), 0.0052797 secs] 324867K->188567K(1031552K), 0.0053798 secs] [Times: user=0.01 sys=0.00, real=0.01 secs] 
2016-08-24T16:48:14.931+0000: 9613.853: Total time for which application threads were stopped: 0.0061644 seconds, Stopping threads took: 0.0000998 seconds
2016-08-24T16:48:14.971+0000: 9613.892: [GC (Allocation Failure) 9613.892: [ParNew
Desired survivor size 8716288 bytes, new threshold 6 (max 6)
- age   1:      77648 bytes,      77648 total
- age   3:       1000 bytes,      78648 total
- age   5:        968 bytes,      79616 total
: 136447K->117K(153344K), 0.0059152 secs] 324887K->188558K(1031552K), 0.0060434 secs] [Times: user=0.01 sys=0.00, real=0.00 secs] 
2016-08-24T16:48:14.977+0000: 9613.899: Total time for which application threads were stopped: 0.0068651 seconds, Stopping threads took: 0.0001002 seconds
2016-08-24T16:48:15.017+0000: 9613.938: [GC (Allocation Failure) 9613.938: [ParNew
Desired survivor size 8716288 bytes, new threshold 6 (max 6)
- age   1:      93104 bytes,      93104 total
- age   2:      17000 bytes,     110104 total
- age   4:       1000 bytes,     111104 total
- age   6:        968 bytes,     112072 total
: 136437K->127K(153344K), 0.0054235 secs] 324878K->188568K(1031552K), 0.0055249 secs] [Times: user=0.01 sys=0.00, real=0.01 secs] 
2016-08-24T16:48:15.022+0000: 9613.944: Total time for which application threads were stopped: 0.0064100 seconds, Stopping threads took: 0.0001114 seconds
2016-08-24T16:48:24.336+0000: 9623.258: [GC (Allocation Failure) 9623.258: [ParNew
Desired survivor size 8716288 bytes, new threshold 6 (max 6)
- age   1:    1253920 bytes,    1253920 total
- age   3:        968 bytes,    1254888 total
- age   5:        968 bytes,    1255856 total
: 136447K->1264K(153344K), 0.0079049 secs] 324888K->189706K(1031552K), 0.0080787 secs] [Times: user=0.02 sys=0.00, real=0.01 secs] 
2016-08-24T16:48:24.345+0000: 9623.266: Total time for which application threads were stopped: 0.0089488 seconds, Stopping threads took: 0.0000975 seconds
2016-08-24T16:48:24.386+0000: 9623.307: [GC (Allocation Failure) 9623.308: [ParNew
Desired survivor size 8716288 bytes, new threshold 6 (max 6)
- age   1:      68440 bytes,      68440 total
- age   2:     303816 bytes,     372256 total
- age   4:        968 bytes,     373224 total
- age   6:        968 bytes,     374192 total
: 137584K->445K(153344K), 0.0057545 secs] 326026K->188887K(1031552K), 0.0058618 secs] [Times: user=0.01 sys=0.00, real=0.01 secs] 
2016-08-24T16:48:24.392+0000: 9623.313: Total time for which application threads were stopped: 0.0066569 seconds, Stopping threads took: 0.0000989 seconds
2016-08-24T16:48:24.433+0000: 9623.355: [GC (Allocation Failure) 9623.355: [ParNew
Desired survivor size 8716288 bytes, new threshold 6 (max 6)
- age   1:      84488 bytes,      84488 total
- age   2:         72 bytes,      84560 total
- age   3:     287104 bytes,     371664 total
- age   5:        968 bytes,     372632 total
: 136765K->511K(153344K), 0.0058498 secs] 325207K->188954K(1031552K), 0.0059728 secs] [Times: user=0.01 sys=0.00, real=0.00 secs] 
2016-08-24T16:48:24.439+0000: 9623.361: Total time for which application threads were stopped: 0.0068052 seconds, Stopping threads took: 0.0001007 seconds
2016-08-24T16:48:24.477+0000: 9623.398: [GC (Allocation Failure) 9623.399: [ParNew
Desired survivor size 8716288 bytes, new threshold 6 (max 6)
- age   1:      86544 bytes,      86544 total
- age   2:      18888 bytes,     105432 total
- age   3:         72 bytes,     105504 total
- age   4:     287104 bytes,     392608 total
- age   6:        968 bytes,     393576 total
: 136831K->522K(153344K), 0.0058969 secs] 325274K->188965K(1031552K), 0.0060065 secs] [Times: user=0.01 sys=0.00, real=0.01 secs] 
2016-08-24T16:48:24.483+0000: 9623.405: Total time for which application threads were stopped: 0.0068968 seconds, Stopping threads took: 0.0001217 seconds
2016-08-24T16:48:24.524+0000: 9623.446: [GC (Allocation Failure) 9623.446: [ParNew
Desired survivor size 8716288 bytes, new threshold 6 (max 6)
- age   1:      72784 bytes,      72784 total
- age   3:       1096 bytes,      73880 total
- age   4:         72 bytes,      73952 total
- age   5:     285256 bytes,     359208 total
: 136842K->553K(153344K), 0.0060936 secs] 325285K->188997K(1031552K), 0.0062591 secs] [Times: user=0.00 sys=0.01, real=0.01 secs] 
2016-08-24T16:48:24.531+0000: 9623.452: Total time for which application threads were stopped: 0.0071613 seconds, Stopping threads took: 0.0001149 seconds
2016-08-24T16:48:24.572+0000: 9623.494: [GC (Allocation Failure) 9623.494: [ParNew
Desired survivor size 8716288 bytes, new threshold 6 (max 6)
- age   1:      51768 bytes,      51768 total
- age   2:       1000 bytes,      52768 total
- age   4:       1064 bytes,      53832 total
- age   5:         72 bytes,      53904 total
- age   6:     283440 bytes,     337344 total
: 136873K->521K(153344K), 0.0059605 secs] 325317K->188965K(1031552K), 0.0060611 secs] [Times: user=0.00 sys=0.00, real=0.00 secs] 
2016-08-24T16:48:24.578+0000: 9623.500: Total time for which application threads were stopped: 0.0068361 seconds, Stopping threads took: 0.0000945 seconds
2016-08-24T16:48:24.618+0000: 9623.540: [GC (Allocation Failure) 9623.540: [ParNew
Desired survivor size 8716288 bytes, new threshold 6 (max 6)
- age   1:      64768 bytes,      64768 total
- age   2:       4360 bytes,      69128 total
- age   3:       1000 bytes,      70128 total
- age   5:       1064 bytes,      71192 total
- age   6:         72 bytes,      71264 total
: 136841K->334K(153344K), 0.0068145 secs] 325285K->189060K(1031552K), 0.0069325 secs] [Times: user=0.02 sys=0.00, real=0.01 secs] 
2016-08-24T16:48:24.625+0000: 9623.547: Total time for which application threads were stopped: 0.0077748 seconds, Stopping threads took: 0.0001046 seconds
2016-08-24T16:48:24.664+0000: 9623.586: [GC (Allocation Failure) 9623.586: [ParNew
Desired survivor size 8716288 bytes, new threshold 6 (max 6)
- age   1:      74112 bytes,      74112 total
- age   3:       1000 bytes,      75112 total
- age   4:        968 bytes,      76080 total
- age   6:       1064 bytes,      77144 total
: 136654K->114K(153344K), 0.0054831 secs] 325380K->188841K(1031552K), 0.0055810 secs] [Times: user=0.01 sys=0.00, real=0.01 secs] 
2016-08-24T16:48:24.670+0000: 9623.591: Total time for which application threads were stopped: 0.0063678 seconds, Stopping threads took: 0.0000983 seconds
2016-08-24T16:48:24.707+0000: 9623.629: [GC (Allocation Failure) 9623.629: [ParNew
Desired survivor size 8716288 bytes, new threshold 6 (max 6)
- age   1:      83456 bytes,      83456 total
- age   2:       6688 bytes,      90144 total
- age   4:       1000 bytes,      91144 total
- age   5:        968 bytes,      92112 total
: 136434K->106K(153344K), 0.0056341 secs] 325161K->188834K(1031552K), 0.0057474 secs] [Times: user=0.02 sys=0.00, real=0.01 secs] 
2016-08-24T16:48:24.713+0000: 9623.635: Total time for which application threads were stopped: 0.0065931 seconds, Stopping threads took: 0.0001193 seconds
2016-08-24T16:48:24.753+0000: 9623.674: [GC (Allocation Failure) 9623.674: [ParNew
Desired survivor size 8716288 bytes, new threshold 6 (max 6)
- age   1:      63520 bytes,      63520 total
- age   3:       1000 bytes,      64520 total
- age   5:        968 bytes,      65488 total
- age   6:        968 bytes,      66456 total
: 136426K->111K(153344K), 0.0050907 secs] 325154K->188838K(1031552K), 0.0051764 secs] [Times: user=0.01 sys=0.00, real=0.00 secs] 
2016-08-24T16:48:24.758+0000: 9623.679: Total time for which application threads were stopped: 0.0059778 seconds, Stopping threads took: 0.0000976 seconds
2016-08-24T16:48:24.796+0000: 9623.717: [GC (Allocation Failure) 9623.717: [ParNew
Desired survivor size 8716288 bytes, new threshold 6 (max 6)
- age   1:      92272 bytes,      92272 total
- age   2:       9608 bytes,     101880 total
- age   4:       1000 bytes,     102880 total
- age   6:        968 bytes,     103848 total
: 136431K->115K(153344K), 0.0054257 secs] 325158K->188844K(1031552K), 0.0055403 secs] [Times: user=0.02 sys=0.00, real=0.01 secs] 
2016-08-24T16:48:24.801+0000: 9623.723: Total time for which application threads were stopped: 0.0063872 seconds, Stopping threads took: 0.0001007 seconds
2016-08-24T16:48:34.357+0000: 9633.278: [GC (Allocation Failure) 9633.278: [ParNew
Desired survivor size 8716288 bytes, new threshold 6 (max 6)
- age   1:     968768 bytes,     968768 total
- age   3:        968 bytes,     969736 total
- age   5:        968 bytes,     970704 total
: 136435K->950K(153344K), 0.0072740 secs] 325164K->189680K(1031552K), 0.0074389 secs] [Times: user=0.01 sys=0.01, real=0.01 secs] 
2016-08-24T16:48:34.364+0000: 9633.286: Total time for which application threads were stopped: 0.0082901 seconds, Stopping threads took: 0.0001229 seconds
2016-08-24T16:48:34.403+0000: 9633.324: [GC (Allocation Failure) 9633.324: [ParNew
Desired survivor size 8716288 bytes, new threshold 6 (max 6)
- age   1:      70920 bytes,      70920 total
- age   2:     245880 bytes,     316800 total
- age   4:        968 bytes,     317768 total
- age   6:        968 bytes,     318736 total
: 137270K->375K(153344K), 0.0054121 secs] 326000K->189105K(1031552K), 0.0055182 secs] [Times: user=0.01 sys=0.00, real=0.01 secs] 
2016-08-24T16:48:34.408+0000: 9633.330: Total time for which application threads were stopped: 0.0063107 seconds, Stopping threads took: 0.0001015 seconds
2016-08-24T16:48:34.452+0000: 9633.373: [GC (Allocation Failure) 9633.374: [ParNew
Desired survivor size 8716288 bytes, new threshold 6 (max 6)
- age   1:      75792 bytes,      75792 total
- age   2:         24 bytes,      75816 total
- age   3:     235544 bytes,     311360 total
- age   5:        968 bytes,     312328 total
: 136695K->412K(153344K), 0.0053787 secs] 325425K->189143K(1031552K), 0.0054838 secs] [Times: user=0.01 sys=0.00, real=0.00 secs] 
2016-08-24T16:48:34.458+0000: 9633.379: Total time for which application threads were stopped: 0.0062871 seconds, Stopping threads took: 0.0000988 seconds
2016-08-24T16:48:34.496+0000: 9633.417: [GC (Allocation Failure) 9633.417: [ParNew
Desired survivor size 8716288 bytes, new threshold 6 (max 6)
- age   1:      70992 bytes,      70992 total
- age   2:      12576 bytes,      83568 total
- age   3:         24 bytes,      83592 total
- age   4:     235544 bytes,     319136 total
- age   6:        968 bytes,     320104 total
: 136732K->434K(153344K), 0.0062320 secs] 325463K->189165K(1031552K), 0.0063467 secs] [Times: user=0.01 sys=0.00, real=0.01 secs] 
2016-08-24T16:48:34.502+0000: 9633.424: Total time for which application threads were stopped: 0.0071856 seconds, Stopping threads took: 0.0001011 seconds
2016-08-24T16:48:34.544+0000: 9633.466: [GC (Allocation Failure) 9633.466: [ParNew
Desired survivor size 8716288 bytes, new threshold 6 (max 6)
- age   1:      56544 bytes,      56544 total
- age   3:       1096 bytes,      57640 total
- age   4:         24 bytes,      57664 total
- age   5:     233120 bytes,     290784 total
: 136754K->444K(153344K), 0.0059120 secs] 325485K->189176K(1031552K), 0.0060529 secs] [Times: user=0.02 sys=0.00, real=0.01 secs] 
2016-08-24T16:48:34.551+0000: 9633.472: Total time for which application threads were stopped: 0.0070697 seconds, Stopping threads took: 0.0001093 seconds
2016-08-24T16:48:34.588+0000: 9633.510: [GC (Allocation Failure) 9633.510: [ParNew
Desired survivor size 8716288 bytes, new threshold 6 (max 6)
- age   1:      65568 bytes,      65568 total
- age   2:      14952 bytes,      80520 total
- age   4:       1096 bytes,      81616 total
- age   5:         24 bytes,      81640 total
- age   6:     233120 bytes,     314760 total
: 136764K->415K(153344K), 0.0057683 secs] 325496K->189147K(1031552K), 0.0058723 secs] [Times: user=0.02 sys=0.00, real=0.00 secs] 
2016-08-24T16:48:34.594+0000: 9633.516: Total time for which application threads were stopped: 0.0066939 seconds, Stopping threads took: 0.0000981 seconds
2016-08-24T16:48:34.636+0000: 9633.557: [GC (Allocation Failure) 9633.557: [ParNew
Desired survivor size 8716288 bytes, new threshold 6 (max 6)
- age   1:      70512 bytes,      70512 total
- age   3:       1248 bytes,      71760 total
- age   5:       1064 bytes,      72824 total
- age   6:         24 bytes,      72848 total
: 136735K->304K(153344K), 0.0063901 secs] 325467K->189266K(1031552K), 0.0065120 secs] [Times: user=0.01 sys=0.00, real=0.01 secs] 
2016-08-24T16:48:34.643+0000: 9633.564: Total time for which application threads were stopped: 0.0073515 seconds, Stopping threads took: 0.0001006 seconds
2016-08-24T16:48:34.683+0000: 9633.604: [GC (Allocation Failure) 9633.605: [ParNew
Desired survivor size 8716288 bytes, new threshold 6 (max 6)
- age   1:      69456 bytes,      69456 total
- age   2:      18296 bytes,      87752 total
- age   4:       1248 bytes,      89000 total
- age   6:       1064 bytes,      90064 total
: 136624K->145K(153344K), 0.0054432 secs] 325586K->189107K(1031552K), 0.0055728 secs] [Times: user=0.01 sys=0.00, real=0.01 secs] 
2016-08-24T16:48:34.689+0000: 9633.610: Total time for which application threads were stopped: 0.0063689 seconds, Stopping threads took: 0.0000991 seconds
2016-08-24T16:48:34.728+0000: 9633.649: [GC (Allocation Failure) 9633.649: [ParNew
Desired survivor size 8716288 bytes, new threshold 6 (max 6)
- age   1:      63152 bytes,      63152 total
- age   3:       1000 bytes,      64152 total
- age   5:       1216 bytes,      65368 total
: 136465K->92K(153344K), 0.0060509 secs] 325427K->189055K(1031552K), 0.0061605 secs] [Times: user=0.01 sys=0.00, real=0.01 secs] 
2016-08-24T16:48:34.734+0000: 9633.655: Total time for which application threads were stopped: 0.0070519 seconds, Stopping threads took: 0.0001459 seconds
2016-08-24T16:48:34.774+0000: 9633.696: [GC (Allocation Failure) 9633.696: [ParNew
Desired survivor size 8716288 bytes, new threshold 6 (max 6)
- age   1:      76320 bytes,      76320 total
- age   2:       1000 bytes,      77320 total
- age   4:        968 bytes,      78288 total
- age   6:       1216 bytes,      79504 total
: 136412K->89K(153344K), 0.0057912 secs] 325375K->189052K(1031552K), 0.0058811 secs] [Times: user=0.01 sys=0.00, real=0.00 secs] 
2016-08-24T16:48:34.780+0000: 9633.702: Total time for which application threads were stopped: 0.0066349 seconds, Stopping threads took: 0.0000938 seconds
2016-08-24T16:48:34.820+0000: 9633.742: [GC (Allocation Failure) 9633.742: [ParNew
Desired survivor size 8716288 bytes, new threshold 6 (max 6)
- age   1:      82560 bytes,      82560 total
- age   2:       3920 bytes,      86480 total
- age   3:       1000 bytes,      87480 total
- age   5:        968 bytes,      88448 total
: 136409K->104K(153344K), 0.0058634 secs] 325372K->189068K(1031552K), 0.0059772 secs] [Times: user=0.01 sys=0.00, real=0.01 secs] 
2016-08-24T16:48:34.826+0000: 9633.748: Total time for which application threads were stopped: 0.0068162 seconds, Stopping threads took: 0.0001161 seconds
2016-08-24T16:48:44.446+0000: 9643.367: [GC (Allocation Failure) 9643.367: [ParNew
Desired survivor size 8716288 bytes, new threshold 6 (max 6)
- age   1:     952112 bytes,     952112 total
- age   2:         88 bytes,     952200 total
- age   3:        968 bytes,     953168 total
- age   4:        968 bytes,     954136 total
- age   6:        968 bytes,     955104 total
: 136424K->949K(153344K), 0.0135136 secs] 325388K->189913K(1031552K), 0.0136930 secs] [Times: user=0.02 sys=0.00, real=0.01 secs] 
2016-08-24T16:48:44.460+0000: 9643.381: Total time for which application threads were stopped: 0.0152353 seconds, Stopping threads took: 0.0002298 seconds
2016-08-24T16:48:44.502+0000: 9643.424: [GC (Allocation Failure) 9643.424: [ParNew
Desired survivor size 8716288 bytes, new threshold 6 (max 6)
- age   1:     111752 bytes,     111752 total
- age   2:     250840 bytes,     362592 total
- age   3:         88 bytes,     362680 total
- age   4:        968 bytes,     363648 total
- age   5:        968 bytes,     364616 total
: 137269K->462K(153344K), 0.0065708 secs] 326233K->189427K(1031552K), 0.0066996 secs] [Times: user=0.01 sys=0.00, real=0.01 secs] 
2016-08-24T16:48:44.509+0000: 9643.431: Total time for which application threads were stopped: 0.0075332 seconds, Stopping threads took: 0.0001014 seconds
2016-08-24T16:48:44.552+0000: 9643.474: [GC (Allocation Failure) 9643.474: [ParNew
Desired survivor size 8716288 bytes, new threshold 6 (max 6)
- age   1:      57712 bytes,      57712 total
- age   2:      22480 bytes,      80192 total
- age   3:     250840 bytes,     331032 total
- age   4:         88 bytes,     331120 total
- age   5:        968 bytes,     332088 total
- age   6:        968 bytes,     333056 total
: 136782K->472K(153344K), 0.0058157 secs] 325747K->189437K(1031552K), 0.0059374 secs] [Times: user=0.01 sys=0.00, real=0.00 secs] 
2016-08-24T16:48:44.558+0000: 9643.480: Total time for which application threads were stopped: 0.0067280 seconds, Stopping threads took: 0.0000988 seconds
2016-08-24T16:48:44.597+0000: 9643.518: [GC (Allocation Failure) 9643.518: [ParNew
Desired survivor size 8716288 bytes, new threshold 6 (max 6)
- age   1:      62832 bytes,      62832 total
- age   2:       5160 bytes,      67992 total
- age   3:      22480 bytes,      90472 total
- age   4:     250840 bytes,     341312 total
- age   5:         88 bytes,     341400 total
- age   6:        968 bytes,     342368 total
: 136792K->469K(153344K), 0.0058360 secs] 325757K->189435K(1031552K), 0.0059435 secs] [Times: user=0.01 sys=0.00, real=0.01 secs] 
2016-08-24T16:48:44.603+0000: 9643.524: Total time for which application threads were stopped: 0.0067677 seconds, Stopping threads took: 0.0000991 seconds
2016-08-24T16:48:44.642+0000: 9643.563: [GC (Allocation Failure) 9643.563: [ParNew
Desired survivor size 8716288 bytes, new threshold 6 (max 6)
- age   1:      60216 bytes,      60216 total
- age   3:       1096 bytes,      61312 total
- age   4:      20632 bytes,      81944 total
- age   5:     250840 bytes,     332784 total
- age   6:         88 bytes,     332872 total
: 136789K->483K(153344K), 0.0055807 secs] 325755K->189450K(1031552K), 0.0056859 secs] [Times: user=0.01 sys=0.00, real=0.00 secs] 
2016-08-24T16:48:44.648+0000: 9643.569: Total time for which application threads were stopped: 0.0065002 seconds, Stopping threads took: 0.0000941 seconds
2016-08-24T16:48:44.687+0000: 9643.609: [GC (Allocation Failure) 9643.609: [ParNew
Desired survivor size 8716288 bytes, new threshold 6 (max 6)
- age   1:      68992 bytes,      68992 total
- age   2:       8808 bytes,      77800 total
- age   4:       1096 bytes,      78896 total
- age   5:      20632 bytes,      99528 total
- age   6:     250840 bytes,     350368 total
: 136803K->471K(153344K), 0.0058691 secs] 325770K->189438K(1031552K), 0.0059732 secs] [Times: user=0.01 sys=0.00, real=0.01 secs] 
2016-08-24T16:48:44.694+0000: 9643.615: Total time for which application threads were stopped: 0.0068170 seconds, Stopping threads took: 0.0001016 seconds
2016-08-24T16:48:44.733+0000: 9643.654: [GC (Allocation Failure) 9643.654: [ParNew
Desired survivor size 8716288 bytes, new threshold 6 (max 6)
- age   1:      59688 bytes,      59688 total
- age   3:       1000 bytes,      60688 total
- age   5:       1064 bytes,      61752 total
- age   6:      18816 bytes,      80568 total
: 136791K->339K(153344K), 0.0061580 secs] 325758K->189556K(1031552K), 0.0062742 secs] [Times: user=0.01 sys=0.00, real=0.00 secs] 
2016-08-24T16:48:44.739+0000: 9643.661: Total time for which application threads were stopped: 0.0071136 seconds, Stopping threads took: 0.0000948 seconds
2016-08-24T16:48:44.779+0000: 9643.701: [GC (Allocation Failure) 9643.701: [ParNew
Desired survivor size 8716288 bytes, new threshold 6 (max 6)
- age   1:      67032 bytes,      67032 total
- age   2:      11952 bytes,      78984 total
- age   4:       1000 bytes,      79984 total
- age   6:       1064 bytes,      81048 total
: 136659K->121K(153344K), 0.0055537 secs] 325876K->189357K(1031552K), 0.0056541 secs] [Times: user=0.02 sys=0.00, real=0.01 secs] 
2016-08-24T16:48:44.785+0000: 9643.707: Total time for which application threads were stopped: 0.0064330 seconds, Stopping threads took: 0.0000948 seconds
2016-08-24T16:48:44.824+0000: 9643.746: [GC (Allocation Failure) 9643.746: [ParNew
Desired survivor size 8716288 bytes, new threshold 6 (max 6)
- age   1:      74744 bytes,      74744 total
- age   3:       1000 bytes,      75744 total
- age   5:        968 bytes,      76712 total
: 136441K->108K(153344K), 0.0059244 secs] 325677K->189345K(1031552K), 0.0060398 secs] [Times: user=0.01 sys=0.00, real=0.01 secs] 
2016-08-24T16:48:44.830+0000: 9643.752: Total time for which application threads were stopped: 0.0068869 seconds, Stopping threads took: 0.0001021 seconds
2016-08-24T16:48:44.870+0000: 9643.792: [GC (Allocation Failure) 9643.792: [ParNew
Desired survivor size 8716288 bytes, new threshold 6 (max 6)
- age   1:      71136 bytes,      71136 total
- age   2:      14584 bytes,      85720 total
- age   4:       1000 bytes,      86720 total
- age   6:        968 bytes,      87688 total
: 136428K->106K(153344K), 0.0056146 secs] 325665K->189343K(1031552K), 0.0057151 secs] [Times: user=0.01 sys=0.00, real=0.00 secs] 
2016-08-24T16:48:44.876+0000: 9643.797: Total time for which application threads were stopped: 0.0065142 seconds, Stopping threads took: 0.0001042 seconds
2016-08-24T16:48:44.918+0000: 9643.839: [GC (Allocation Failure) 9643.839: [ParNew
Desired survivor size 8716288 bytes, new threshold 6 (max 6)
- age   1:      70504 bytes,      70504 total
- age   3:       1000 bytes,      71504 total
- age   5:        968 bytes,      72472 total
: 136426K->80K(153344K), 0.0056968 secs] 325663K->189318K(1031552K), 0.0057831 secs] [Times: user=0.01 sys=0.00, real=0.01 secs] 
2016-08-24T16:48:44.924+0000: 9643.845: Total time for which application threads were stopped: 0.0065738 seconds, Stopping threads took: 0.0001275 seconds
2016-08-24T16:48:44.964+0000: 9643.885: [GC (Allocation Failure) 9643.886: [ParNew
Desired survivor size 8716288 bytes, new threshold 6 (max 6)
- age   1:      75992 bytes,      75992 total
- age   2:      17760 bytes,      93752 total
- age   4:       1000 bytes,      94752 total
- age   6:        968 bytes,      95720 total
: 136400K->130K(153344K), 0.0056107 secs] 325638K->189368K(1031552K), 0.0057019 secs] [Times: user=0.01 sys=0.00, real=0.01 secs] 
2016-08-24T16:48:44.970+0000: 9643.891: Total time for which application threads were stopped: 0.0064910 seconds, Stopping threads took: 0.0001006 seconds
2016-08-24T16:48:52.654+0000: 9651.576: Total time for which application threads were stopped: 0.0006305 seconds, Stopping threads took: 0.0000943 seconds
2016-08-24T16:48:52.655+0000: 9651.576: Total time for which application threads were stopped: 0.0002855 seconds, Stopping threads took: 0.0000448 seconds
2016-08-24T16:48:52.655+0000: 9651.577: Total time for which application threads were stopped: 0.0003541 seconds, Stopping threads took: 0.0000538 seconds
2016-08-24T16:48:54.409+0000: 9653.331: [GC (Allocation Failure) 9653.331: [ParNew
Desired survivor size 8716288 bytes, new threshold 6 (max 6)
- age   1:    1187888 bytes,    1187888 total
- age   3:        968 bytes,    1188856 total
- age   5:        968 bytes,    1189824 total
: 136450K->1171K(153344K), 0.0086448 secs] 325688K->190410K(1031552K), 0.0087672 secs] [Times: user=0.02 sys=0.00, real=0.00 secs] 
2016-08-24T16:48:54.418+0000: 9653.340: Total time for which application threads were stopped: 0.0095987 seconds, Stopping threads took: 0.0001260 seconds
2016-08-24T16:48:54.456+0000: 9653.378: [GC (Allocation Failure) 9653.378: [ParNew
Desired survivor size 8716288 bytes, new threshold 6 (max 6)
- age   1:      76080 bytes,      76080 total
- age   2:     325192 bytes,     401272 total
- age   4:        968 bytes,     402240 total
- age   6:        968 bytes,     403208 total
: 137491K->574K(153344K), 0.0056821 secs] 326730K->189813K(1031552K), 0.0057905 secs] [Times: user=0.01 sys=0.00, real=0.01 secs] 
2016-08-24T16:48:54.462+0000: 9653.384: Total time for which application threads were stopped: 0.0066262 seconds, Stopping threads took: 0.0001179 seconds
2016-08-24T16:48:54.503+0000: 9653.425: [GC (Allocation Failure) 9653.425: [ParNew
Desired survivor size 8716288 bytes, new threshold 6 (max 6)
- age   1:      73032 bytes,      73032 total
- age   2:         96 bytes,      73128 total
- age   3:     306784 bytes,     379912 total
- age   5:        968 bytes,     380880 total
: 136894K->539K(153344K), 0.0061822 secs] 326133K->189779K(1031552K), 0.0062899 secs] [Times: user=0.02 sys=0.00, real=0.01 secs] 
2016-08-24T16:48:54.510+0000: 9653.431: Total time for which application threads were stopped: 0.0071206 seconds, Stopping threads took: 0.0000986 seconds
2016-08-24T16:48:54.551+0000: 9653.472: [GC (Allocation Failure) 9653.472: [ParNew
Desired survivor size 8716288 bytes, new threshold 6 (max 6)
- age   1:      82248 bytes,      82248 total
- age   2:      19784 bytes,     102032 total
- age   3:         96 bytes,     102128 total
- age   4:     306216 bytes,     408344 total
- age   6:        968 bytes,     409312 total
: 136859K->541K(153344K), 0.0059676 secs] 326099K->189781K(1031552K), 0.0061055 secs] [Times: user=0.02 sys=0.00, real=0.00 secs] 
2016-08-24T16:48:54.557+0000: 9653.479: Total time for which application threads were stopped: 0.0070019 seconds, Stopping threads took: 0.0001297 seconds
2016-08-24T16:48:54.597+0000: 9653.518: [GC (Allocation Failure) 9653.518: [ParNew
Desired survivor size 8716288 bytes, new threshold 6 (max 6)
- age   1:      85696 bytes,      85696 total
- age   2:        248 bytes,      85944 total
- age   3:       1096 bytes,      87040 total
- age   4:         96 bytes,      87136 total
- age   5:     304368 bytes,     391504 total
: 136861K->574K(153344K), 0.0064652 secs] 326101K->189815K(1031552K), 0.0065778 secs] [Times: user=0.01 sys=0.00, real=0.01 secs] 
2016-08-24T16:48:54.603+0000: 9653.525: Total time for which application threads were stopped: 0.0074562 seconds, Stopping threads took: 0.0000984 seconds
2016-08-24T16:48:54.646+0000: 9653.567: [GC (Allocation Failure) 9653.567: [ParNew
Desired survivor size 8716288 bytes, new threshold 6 (max 6)
- age   1:      52720 bytes,      52720 total
- age   2:       1000 bytes,      53720 total
- age   3:        248 bytes,      53968 total
- age   4:       1064 bytes,      55032 total
- age   5:         96 bytes,      55128 total
- age   6:     302552 bytes,     357680 total
: 136894K->557K(153344K), 0.0060678 secs] 326135K->189798K(1031552K), 0.0061817 secs] [Times: user=0.01 sys=0.00, real=0.01 secs] 
2016-08-24T16:48:54.652+0000: 9653.573: Total time for which application threads were stopped: 0.0070175 seconds, Stopping threads took: 0.0000974 seconds
2016-08-24T16:48:54.694+0000: 9653.616: [GC (Allocation Failure) 9653.616: [ParNew
Desired survivor size 8716288 bytes, new threshold 6 (max 6)
- age   1:      70648 bytes,      70648 total
- age   2:       4736 bytes,      75384 total
- age   3:       1000 bytes,      76384 total
- age   4:        248 bytes,      76632 total
- age   5:       1064 bytes,      77696 total
- age   6:         96 bytes,      77792 total
: 136877K->355K(153344K), 0.0065081 secs] 326118K->189898K(1031552K), 0.0066280 secs] [Times: user=0.01 sys=0.00, real=0.01 secs] 
2016-08-24T16:48:54.701+0000: 9653.622: Total time for which application threads were stopped: 0.0075405 seconds, Stopping threads took: 0.0001000 seconds
2016-08-24T16:48:54.740+0000: 9653.662: [GC (Allocation Failure) 9653.662: [ParNew
Desired survivor size 8716288 bytes, new threshold 6 (max 6)
- age   1:      69896 bytes,      69896 total
- age   3:       1000 bytes,      70896 total
- age   4:        968 bytes,      71864 total
- age   5:        248 bytes,      72112 total
- age   6:       1064 bytes,      73176 total
: 136675K->123K(153344K), 0.0057337 secs] 326218K->189666K(1031552K), 0.0058526 secs] [Times: user=0.01 sys=0.00, real=0.00 secs] 
2016-08-24T16:48:54.746+0000: 9653.668: Total time for which application threads were stopped: 0.0067065 seconds, Stopping threads took: 0.0000974 seconds
2016-08-24T16:48:54.788+0000: 9653.709: [GC (Allocation Failure) 9653.709: [ParNew
Desired survivor size 8716288 bytes, new threshold 6 (max 6)
- age   1:      69992 bytes,      69992 total
- age   2:       8032 bytes,      78024 total
- age   4:       1000 bytes,      79024 total
- age   5:        968 bytes,      79992 total
- age   6:        248 bytes,      80240 total
: 136443K->106K(153344K), 0.0056630 secs] 325986K->189650K(1031552K), 0.0057692 secs] [Times: user=0.01 sys=0.00, real=0.01 secs] 
2016-08-24T16:48:54.794+0000: 9653.715: Total time for which application threads were stopped: 0.0065861 seconds, Stopping threads took: 0.0000880 seconds
2016-08-24T16:48:54.833+0000: 9653.755: [GC (Allocation Failure) 9653.755: [ParNew
Desired survivor size 8716288 bytes, new threshold 6 (max 6)
- age   1:      61728 bytes,      61728 total
- age   3:       1000 bytes,      62728 total
- age   5:        968 bytes,      63696 total
- age   6:        968 bytes,      64664 total
: 136426K->75K(153344K), 0.0060479 secs] 325970K->189620K(1031552K), 0.0061814 secs] [Times: user=0.02 sys=0.00, real=0.00 secs] 
2016-08-24T16:48:54.840+0000: 9653.761: Total time for which application threads were stopped: 0.0070661 seconds, Stopping threads took: 0.0001173 seconds
2016-08-24T16:48:54.882+0000: 9653.803: [GC (Allocation Failure) 9653.803: [ParNew
Desired survivor size 8716288 bytes, new threshold 6 (max 6)
- age   1:      84752 bytes,      84752 total
- age   2:      10968 bytes,      95720 total
- age   4:       1000 bytes,      96720 total
- age   6:        968 bytes,      97688 total
: 136395K->117K(153344K), 0.0061299 secs] 325940K->189662K(1031552K), 0.0062517 secs] [Times: user=0.01 sys=0.00, real=0.00 secs] 
2016-08-24T16:48:54.888+0000: 9653.810: Total time for which application threads were stopped: 0.0070914 seconds, Stopping threads took: 0.0001008 seconds
2016-08-24T16:48:55.809+0000: 9654.731: Total time for which application threads were stopped: 0.0017872 seconds, Stopping threads took: 0.0008413 seconds
2016-08-24T16:48:55.810+0000: 9654.731: Total time for which application threads were stopped: 0.0005729 seconds, Stopping threads took: 0.0000447 seconds
2016-08-24T16:48:55.811+0000: 9654.732: Total time for which application threads were stopped: 0.0006312 seconds, Stopping threads took: 0.0001114 seconds
2016-08-24T16:49:04.177+0000: 9663.098: [GC (Allocation Failure) 9663.098: [ParNew
Desired survivor size 8716288 bytes, new threshold 6 (max 6)
- age   1:     875528 bytes,     875528 total
- age   3:        968 bytes,     876496 total
- age   5:        968 bytes,     877464 total
: 136437K->886K(153344K), 0.0075879 secs] 325982K->190433K(1031552K), 0.0077296 secs] [Times: user=0.02 sys=0.00, real=0.01 secs] 
2016-08-24T16:49:04.185+0000: 9663.106: Total time for which application threads were stopped: 0.0091886 seconds, Stopping threads took: 0.0007523 seconds
2016-08-24T16:49:04.225+0000: 9663.146: [GC (Allocation Failure) 9663.146: [ParNew
Desired survivor size 8716288 bytes, new threshold 6 (max 6)
- age   1:      64472 bytes,      64472 total
- age   2:     263776 bytes,     328248 total
- age   4:        968 bytes,     329216 total
- age   6:        968 bytes,     330184 total
: 137206K->453K(153344K), 0.0056560 secs] 326753K->190000K(1031552K), 0.0057622 secs] [Times: user=0.01 sys=0.00, real=0.01 secs] 
2016-08-24T16:49:04.231+0000: 9663.152: Total time for which application threads were stopped: 0.0066045 seconds, Stopping threads took: 0.0001150 seconds
2016-08-24T16:49:04.272+0000: 9663.194: [GC (Allocation Failure) 9663.194: [ParNew
Desired survivor size 8716288 bytes, new threshold 6 (max 6)
- age   1:      85688 bytes,      85688 total
- age   2:        160 bytes,      85848 total
- age   3:     252584 bytes,     338432 total
- age   5:        968 bytes,     339400 total
: 136773K->439K(153344K), 0.0057597 secs] 326320K->189986K(1031552K), 0.0058810 secs] [Times: user=0.01 sys=0.00, real=0.00 secs] 
2016-08-24T16:49:04.278+0000: 9663.200: Total time for which application threads were stopped: 0.0067379 seconds, Stopping threads took: 0.0001027 seconds
2016-08-24T16:49:04.320+0000: 9663.242: [GC (Allocation Failure) 9663.242: [ParNew
Desired survivor size 8716288 bytes, new threshold 6 (max 6)
- age   1:      74448 bytes,      74448 total
- age   2:      13872 bytes,      88320 total
- age   3:        160 bytes,      88480 total
- age   4:     252584 bytes,     341064 total
- age   6:        968 bytes,     342032 total
: 136759K->466K(153344K), 0.0059410 secs] 326306K->190014K(1031552K), 0.0060611 secs] [Times: user=0.02 sys=0.00, real=0.00 secs] 
2016-08-24T16:49:04.326+0000: 9663.248: Total time for which application threads were stopped: 0.0069226 seconds, Stopping threads took: 0.0001039 seconds
2016-08-24T16:49:04.366+0000: 9663.288: [GC (Allocation Failure) 9663.288: [ParNew
Desired survivor size 8716288 bytes, new threshold 6 (max 6)
- age   1:      60096 bytes,      60096 total
- age   3:       1096 bytes,      61192 total
- age   4:         88 bytes,      61280 total
- age   5:     250736 bytes,     312016 total
: 136786K->478K(153344K), 0.0055079 secs] 326334K->190026K(1031552K), 0.0056453 secs] [Times: user=0.01 sys=0.00, real=0.01 secs] 
2016-08-24T16:49:04.372+0000: 9663.294: Total time for which application threads were stopped: 0.0064634 seconds, Stopping threads took: 0.0001052 seconds
2016-08-24T16:49:04.412+0000: 9663.334: [GC (Allocation Failure) 9663.334: [ParNew
Desired survivor size 8716288 bytes, new threshold 6 (max 6)
- age   1:      64360 bytes,      64360 total
- age   2:      15600 bytes,      79960 total
- age   4:       1096 bytes,      81056 total
- age   5:         88 bytes,      81144 total
- age   6:     250736 bytes,     331880 total
: 136798K->450K(153344K), 0.0061404 secs] 326346K->189999K(1031552K), 0.0062597 secs] [Times: user=0.01 sys=0.00, real=0.00 secs] 
2016-08-24T16:49:04.419+0000: 9663.340: Total time for which application threads were stopped: 0.0070772 seconds, Stopping threads took: 0.0001002 seconds
2016-08-24T16:49:04.461+0000: 9663.382: [GC (Allocation Failure) 9663.383: [ParNew
Desired survivor size 8716288 bytes, new threshold 6 (max 6)
- age   1:      67376 bytes,      67376 total
- age   3:       1160 bytes,      68536 total
- age   5:       1064 bytes,      69600 total
- age   6:         88 bytes,      69688 total
: 136770K->321K(153344K), 0.0062147 secs] 326319K->190117K(1031552K), 0.0063340 secs] [Times: user=0.02 sys=0.00, real=0.00 secs] 
2016-08-24T16:49:04.467+0000: 9663.389: Total time for which application threads were stopped: 0.0071546 seconds, Stopping threads took: 0.0000872 seconds
2016-08-24T16:49:04.506+0000: 9663.427: [GC (Allocation Failure) 9663.427: [ParNew
Desired survivor size 8716288 bytes, new threshold 6 (max 6)
- age   1:      80296 bytes,      80296 total
- age   2:      19160 bytes,      99456 total
- age   4:       1160 bytes,     100616 total
- age   6:       1064 bytes,     101680 total
: 136641K->150K(153344K), 0.0061854 secs] 326437K->189947K(1031552K), 0.0063015 secs] [Times: user=0.02 sys=0.00, real=0.01 secs] 
2016-08-24T16:49:04.512+0000: 9663.434: Total time for which application threads were stopped: 0.0071016 seconds, Stopping threads took: 0.0000883 seconds
2016-08-24T16:49:04.554+0000: 9663.476: [GC (Allocation Failure) 9663.476: [ParNew
Desired survivor size 8716288 bytes, new threshold 6 (max 6)
- age   1:      75344 bytes,      75344 total
- age   3:       1000 bytes,      76344 total
- age   5:       1128 bytes,      77472 total
: 136470K->101K(153344K), 0.0051530 secs] 326267K->189899K(1031552K), 0.0052708 secs] [Times: user=0.01 sys=0.00, real=0.00 secs] 
2016-08-24T16:49:04.560+0000: 9663.481: Total time for which application threads were stopped: 0.0061565 seconds, Stopping threads took: 0.0000950 seconds
2016-08-24T16:49:04.600+0000: 9663.521: [GC (Allocation Failure) 9663.521: [ParNew
Desired survivor size 8716288 bytes, new threshold 6 (max 6)
- age   1:      72296 bytes,      72296 total
- age   2:       1000 bytes,      73296 total
- age   4:        968 bytes,      74264 total
- age   6:       1128 bytes,      75392 total
: 136421K->97K(153344K), 0.0050749 secs] 326219K->189895K(1031552K), 0.0051722 secs] [Times: user=0.01 sys=0.00, real=0.01 secs] 
2016-08-24T16:49:04.605+0000: 9663.526: Total time for which application threads were stopped: 0.0059986 seconds, Stopping threads took: 0.0001199 seconds
2016-08-24T16:49:04.643+0000: 9663.565: [GC (Allocation Failure) 9663.565: [ParNew
Desired survivor size 8716288 bytes, new threshold 6 (max 6)
- age   1:      88504 bytes,      88504 total
- age   2:       4360 bytes,      92864 total
- age   3:       1000 bytes,      93864 total
- age   5:        968 bytes,      94832 total
: 136417K->129K(153344K), 0.0050516 secs] 326215K->189928K(1031552K), 0.0051642 secs] [Times: user=0.01 sys=0.01, real=0.01 secs] 
2016-08-24T16:49:04.649+0000: 9663.570: Total time for which application threads were stopped: 0.0060313 seconds, Stopping threads took: 0.0001153 seconds
2016-08-24T16:49:13.862+0000: 9672.784: [GC (Allocation Failure) 9672.784: [ParNew
Desired survivor size 8716288 bytes, new threshold 6 (max 6)
- age   1:     915024 bytes,     915024 total
- age   3:        968 bytes,     915992 total
- age   4:        968 bytes,     916960 total
- age   6:        968 bytes,     917928 total
: 136449K->921K(153344K), 0.0081323 secs] 326248K->190720K(1031552K), 0.0082684 secs] [Times: user=0.01 sys=0.00, real=0.01 secs] 
2016-08-24T16:49:13.871+0000: 9672.792: Total time for which application threads were stopped: 0.0092084 seconds, Stopping threads took: 0.0001150 seconds
2016-08-24T16:49:13.909+0000: 9672.831: [GC (Allocation Failure) 9672.831: [ParNew
Desired survivor size 8716288 bytes, new threshold 6 (max 6)
- age   1:      86792 bytes,      86792 total
- age   2:     232136 bytes,     318928 total
- age   4:        968 bytes,     319896 total
- age   5:        968 bytes,     320864 total
: 137241K->385K(153344K), 0.0056587 secs] 327040K->190185K(1031552K), 0.0057675 secs] [Times: user=0.01 sys=0.00, real=0.00 secs] 
2016-08-24T16:49:13.915+0000: 9672.837: Total time for which application threads were stopped: 0.0066016 seconds, Stopping threads took: 0.0000884 seconds
2016-08-24T16:49:13.957+0000: 9672.878: [GC (Allocation Failure) 9672.878: [ParNew
Desired survivor size 8716288 bytes, new threshold 6 (max 6)
- age   1:      51392 bytes,      51392 total
- age   2:        216 bytes,      51608 total
- age   3:     226552 bytes,     278160 total
- age   5:        968 bytes,     279128 total
- age   6:        968 bytes,     280096 total
: 136705K->412K(153344K), 0.0054832 secs] 326505K->190212K(1031552K), 0.0055885 secs] [Times: user=0.01 sys=0.00, real=0.01 secs] 
2016-08-24T16:49:13.962+0000: 9672.884: Total time for which application threads were stopped: 0.0064341 seconds, Stopping threads took: 0.0001103 seconds
2016-08-24T16:49:14.000+0000: 9672.922: [GC (Allocation Failure) 9672.922: [ParNew
Desired survivor size 8716288 bytes, new threshold 6 (max 6)
- age   1:      90920 bytes,      90920 total
- age   2:       6560 bytes,      97480 total
- age   3:        216 bytes,      97696 total
- age   4:     226552 bytes,     324248 total
- age   6:        968 bytes,     325216 total
: 136732K->415K(153344K), 0.0060392 secs] 326532K->190216K(1031552K), 0.0061555 secs] [Times: user=0.01 sys=0.00, real=0.00 secs] 
2016-08-24T16:49:14.007+0000: 9672.928: Total time for which application threads were stopped: 0.0069888 seconds, Stopping threads took: 0.0000974 seconds
2016-08-24T16:49:14.050+0000: 9672.972: [GC (Allocation Failure) 9672.972: [ParNew
Desired survivor size 8716288 bytes, new threshold 6 (max 6)
- age   1:      59632 bytes,      59632 total
- age   3:       1096 bytes,      60728 total
- age   4:        216 bytes,      60944 total
- age   5:     224704 bytes,     285648 total
: 136735K->427K(153344K), 0.0054928 secs] 326536K->190229K(1031552K), 0.0056083 secs] [Times: user=0.01 sys=0.00, real=0.00 secs] 
2016-08-24T16:49:14.056+0000: 9672.978: Total time for which application threads were stopped: 0.0063802 seconds, Stopping threads took: 0.0000895 seconds
2016-08-24T16:49:14.096+0000: 9673.018: [GC (Allocation Failure) 9673.018: [ParNew
Desired survivor size 8716288 bytes, new threshold 6 (max 6)
- age   1:      67904 bytes,      67904 total
- age   2:       9608 bytes,      77512 total
- age   4:       1096 bytes,      78608 total
- age   5:        216 bytes,      78824 total
- age   6:     224704 bytes,     303528 total
: 136747K->406K(153344K), 0.0060783 secs] 326549K->190208K(1031552K), 0.0061910 secs] [Times: user=0.01 sys=0.00, real=0.01 secs] 
2016-08-24T16:49:14.103+0000: 9673.024: Total time for which application threads were stopped: 0.0070054 seconds, Stopping threads took: 0.0000918 seconds
2016-08-24T16:49:14.145+0000: 9673.066: [GC (Allocation Failure) 9673.066: [ParNew
Desired survivor size 8716288 bytes, new threshold 6 (max 6)
- age   1:      74264 bytes,      74264 total
- age   3:       1000 bytes,      75264 total
- age   5:       1064 bytes,      76328 total
- age   6:        216 bytes,      76544 total
: 136726K->295K(153344K), 0.0061686 secs] 326528K->190319K(1031552K), 0.0062967 secs] [Times: user=0.01 sys=0.00, real=0.01 secs] 
2016-08-24T16:49:14.151+0000: 9673.073: Total time for which application threads were stopped: 0.0071505 seconds, Stopping threads took: 0.0001165 seconds
2016-08-24T16:49:14.192+0000: 9673.113: [GC (Allocation Failure) 9673.113: [ParNew
Desired survivor size 8716288 bytes, new threshold 6 (max 6)
- age   1:      79328 bytes,      79328 total
- age   2:      13432 bytes,      92760 total
- age   4:       1000 bytes,      93760 total
- age   6:       1064 bytes,      94824 total
: 136615K->143K(153344K), 0.0057957 secs] 326639K->190167K(1031552K), 0.0059045 secs] [Times: user=0.01 sys=0.00, real=0.00 secs] 
2016-08-24T16:49:14.198+0000: 9673.119: Total time for which application threads were stopped: 0.0067092 seconds, Stopping threads took: 0.0000992 seconds
2016-08-24T16:49:14.240+0000: 9673.161: [GC (Allocation Failure) 9673.161: [ParNew
Desired survivor size 8716288 bytes, new threshold 6 (max 6)
- age   1:      74520 bytes,      74520 total
- age   3:       1000 bytes,      75520 total
- age   5:        968 bytes,      76488 total
: 136463K->93K(153344K), 0.0059150 secs] 326487K->190118K(1031552K), 0.0060340 secs] [Times: user=0.01 sys=0.00, real=0.01 secs] 
2016-08-24T16:49:14.246+0000: 9673.167: Total time for which application threads were stopped: 0.0068537 seconds, Stopping threads took: 0.0000997 seconds
2016-08-24T16:49:14.285+0000: 9673.206: [GC (Allocation Failure) 9673.206: [ParNew
Desired survivor size 8716288 bytes, new threshold 6 (max 6)
- age   1:      92840 bytes,      92840 total
- age   2:      15264 bytes,     108104 total
- age   4:       1000 bytes,     109104 total
- age   6:        968 bytes,     110072 total
: 136413K->134K(153344K), 0.0052343 secs] 326438K->190159K(1031552K), 0.0053502 secs] [Times: user=0.01 sys=0.00, real=0.01 secs] 
2016-08-24T16:49:14.290+0000: 9673.212: Total time for which application threads were stopped: 0.0062264 seconds, Stopping threads took: 0.0001031 seconds
2016-08-24T16:49:14.332+0000: 9673.253: [GC (Allocation Failure) 9673.254: [ParNew
Desired survivor size 8716288 bytes, new threshold 6 (max 6)
- age   1:      73432 bytes,      73432 total
- age   3:       1000 bytes,      74432 total
- age   5:        968 bytes,      75400 total
: 136454K->133K(153344K), 0.0055194 secs] 326479K->190158K(1031552K), 0.0056264 secs] [Times: user=0.00 sys=0.01, real=0.00 secs] 
2016-08-24T16:49:14.338+0000: 9673.259: Total time for which application threads were stopped: 0.0064170 seconds, Stopping threads took: 0.0001020 seconds
2016-08-24T16:49:14.380+0000: 9673.302: [GC (Allocation Failure) 9673.302: [ParNew
Desired survivor size 8716288 bytes, new threshold 6 (max 6)
- age   1:      75384 bytes,      75384 total
- age   2:      19040 bytes,      94424 total
- age   4:       1000 bytes,      95424 total
- age   6:        968 bytes,      96392 total
: 136453K->99K(153344K), 0.0055870 secs] 326478K->190125K(1031552K), 0.0057199 secs] [Times: user=0.01 sys=0.00, real=0.00 secs] 
2016-08-24T16:49:14.386+0000: 9673.308: Total time for which application threads were stopped: 0.0065724 seconds, Stopping threads took: 0.0001119 seconds
2016-08-24T16:49:24.486+0000: 9683.407: [GC (Allocation Failure) 9683.407: [ParNew
Desired survivor size 8716288 bytes, new threshold 6 (max 6)
- age   1:    1465368 bytes,    1465368 total
- age   3:       1032 bytes,    1466400 total
- age   5:        968 bytes,    1467368 total
: 136419K->1447K(153344K), 0.0096863 secs] 326445K->191473K(1031552K), 0.0098328 secs] [Times: user=0.02 sys=0.00, real=0.01 secs] 
2016-08-24T16:49:24.496+0000: 9683.417: Total time for which application threads were stopped: 0.0106590 seconds, Stopping threads took: 0.0000966 seconds
2016-08-24T16:49:24.535+0000: 9683.456: [GC (Allocation Failure) 9683.456: [ParNew
Desired survivor size 8716288 bytes, new threshold 6 (max 6)
- age   1:      75232 bytes,      75232 total
- age   2:     350072 bytes,     425304 total
- age   4:       1032 bytes,     426336 total
- age   6:        968 bytes,     427304 total
: 137767K->443K(153344K), 0.0065194 secs] 327793K->190470K(1031552K), 0.0066739 secs] [Times: user=0.01 sys=0.00, real=0.01 secs] 
2016-08-24T16:49:24.542+0000: 9683.463: Total time for which application threads were stopped: 0.0075618 seconds, Stopping threads took: 0.0001180 seconds
2016-08-24T16:49:24.584+0000: 9683.506: [GC (Allocation Failure) 9683.506: [ParNew
Desired survivor size 8716288 bytes, new threshold 6 (max 6)
- age   1:      76168 bytes,      76168 total
- age   2:        288 bytes,      76456 total
- age   3:     331344 bytes,     407800 total
- age   5:       1032 bytes,     408832 total
: 136763K->566K(153344K), 0.0073177 secs] 326790K->190594K(1031552K), 0.0074433 secs] [Times: user=0.02 sys=0.00, real=0.01 secs] 
2016-08-24T16:49:24.592+0000: 9683.513: Total time for which application threads were stopped: 0.0083286 seconds, Stopping threads took: 0.0001037 seconds
2016-08-24T16:49:24.631+0000: 9683.553: [GC (Allocation Failure) 9683.553: [ParNew
Desired survivor size 8716288 bytes, new threshold 6 (max 6)
- age   1:      69744 bytes,      69744 total
- age   2:      20112 bytes,      89856 total
- age   3:        288 bytes,      90144 total
- age   4:     331344 bytes,     421488 total
- age   6:       1032 bytes,     422520 total
: 136886K->578K(153344K), 0.0072673 secs] 326914K->190606K(1031552K), 0.0073970 secs] [Times: user=0.01 sys=0.00, real=0.00 secs] 
2016-08-24T16:49:24.639+0000: 9683.561: Total time for which application threads were stopped: 0.0082398 seconds, Stopping threads took: 0.0000995 seconds
2016-08-24T16:49:24.681+0000: 9683.603: [GC (Allocation Failure) 9683.603: [ParNew
Desired survivor size 8716288 bytes, new threshold 6 (max 6)
- age   1:      84968 bytes,      84968 total
- age   3:       1096 bytes,      86064 total
- age   4:        288 bytes,      86352 total
- age   5:     328056 bytes,     414408 total
: 136898K->604K(153344K), 0.0064024 secs] 326926K->190633K(1031552K), 0.0064987 secs] [Times: user=0.01 sys=0.00, real=0.00 secs] 
2016-08-24T16:49:24.688+0000: 9683.610: Total time for which application threads were stopped: 0.0073132 seconds, Stopping threads took: 0.0001006 seconds
2016-08-24T16:49:24.729+0000: 9683.650: [GC (Allocation Failure) 9683.650: [ParNew
Desired survivor size 8716288 bytes, new threshold 6 (max 6)
- age   1:      59016 bytes,      59016 total
- age   2:       6728 bytes,      65744 total
- age   4:       1064 bytes,      66808 total
- age   5:        288 bytes,      67096 total
- age   6:     326240 bytes,     393336 total
: 136924K->582K(153344K), 0.0067563 secs] 326953K->190611K(1031552K), 0.0068736 secs] [Times: user=0.02 sys=0.00, real=0.00 secs] 
2016-08-24T16:49:24.736+0000: 9683.657: Total time for which application threads were stopped: 0.0077467 seconds, Stopping threads took: 0.0000962 seconds
2016-08-24T16:49:24.776+0000: 9683.698: [GC (Allocation Failure) 9683.698: [ParNew
Desired survivor size 8716288 bytes, new threshold 6 (max 6)
- age   1:      73952 bytes,      73952 total
- age   2:       4736 bytes,      78688 total
- age   3:       6728 bytes,      85416 total
- age   5:       1064 bytes,      86480 total
- age   6:        288 bytes,      86768 total
: 136902K->386K(153344K), 0.0074330 secs] 326931K->190740K(1031552K), 0.0075307 secs] [Times: user=0.01 sys=0.00, real=0.01 secs] 
2016-08-24T16:49:24.784+0000: 9683.705: Total time for which application threads were stopped: 0.0083654 seconds, Stopping threads took: 0.0001044 seconds
2016-08-24T16:49:24.826+0000: 9683.748: [GC (Allocation Failure) 9683.748: [ParNew
Desired survivor size 8716288 bytes, new threshold 6 (max 6)
- age   1:      58232 bytes,      58232 total
- age   3:       1000 bytes,      59232 total
- age   4:       6696 bytes,      65928 total
- age   6:       1064 bytes,      66992 total
: 136706K->132K(153344K), 0.0057156 secs] 327060K->190487K(1031552K), 0.0058470 secs] [Times: user=0.01 sys=0.00, real=0.01 secs] 
2016-08-24T16:49:24.832+0000: 9683.754: Total time for which application threads were stopped: 0.0067098 seconds, Stopping threads took: 0.0000993 seconds
2016-08-24T16:49:24.872+0000: 9683.794: [GC (Allocation Failure) 9683.794: [ParNew
Desired survivor size 8716288 bytes, new threshold 6 (max 6)
- age   1:      76584 bytes,      76584 total
- age   2:       8032 bytes,      84616 total
- age   4:       1000 bytes,      85616 total
- age   5:       6696 bytes,      92312 total
: 136452K->114K(153344K), 0.0064490 secs] 326807K->190470K(1031552K), 0.0065884 secs] [Times: user=0.01 sys=0.00, real=0.00 secs] 
2016-08-24T16:49:24.879+0000: 9683.800: Total time for which application threads were stopped: 0.0074576 seconds, Stopping threads took: 0.0000987 seconds
2016-08-24T16:49:24.921+0000: 9683.843: [GC (Allocation Failure) 9683.843: [ParNew
Desired survivor size 8716288 bytes, new threshold 6 (max 6)
- age   1:      57424 bytes,      57424 total
- age   3:       1000 bytes,      58424 total
- age   5:        968 bytes,      59392 total
- age   6:       6696 bytes,      66088 total
: 136434K->83K(153344K), 0.0057980 secs] 326790K->190439K(1031552K), 0.0058874 secs] [Times: user=0.01 sys=0.00, real=0.00 secs] 
2016-08-24T16:49:24.927+0000: 9683.849: Total time for which application threads were stopped: 0.0066998 seconds, Stopping threads took: 0.0001038 seconds
2016-08-24T16:49:24.967+0000: 9683.888: [GC (Allocation Failure) 9683.888: [ParNew
Desired survivor size 8716288 bytes, new threshold 6 (max 6)
- age   1:      87592 bytes,      87592 total
- age   2:      11040 bytes,      98632 total
- age   4:       1000 bytes,      99632 total
- age   6:        968 bytes,     100600 total
: 136403K->125K(153344K), 0.0065353 secs] 326759K->190487K(1031552K), 0.0066568 secs] [Times: user=0.02 sys=0.00, real=0.01 secs] 
2016-08-24T16:49:24.974+0000: 9683.895: Total time for which application threads were stopped: 0.0075241 seconds, Stopping threads took: 0.0001010 seconds
2016-08-24T16:49:34.335+0000: 9693.256: [GC (Allocation Failure) 9693.256: [ParNew
Desired survivor size 8716288 bytes, new threshold 6 (max 6)
- age   1:     917424 bytes,     917424 total
- age   3:        968 bytes,     918392 total
- age   5:        968 bytes,     919360 total
: 136445K->915K(153344K), 0.0077766 secs] 326807K->191278K(1031552K), 0.0079047 secs] [Times: user=0.01 sys=0.00, real=0.01 secs] 
2016-08-24T16:49:34.343+0000: 9693.264: Total time for which application threads were stopped: 0.0087332 seconds, Stopping threads took: 0.0001019 seconds
2016-08-24T16:49:34.384+0000: 9693.305: [GC (Allocation Failure) 9693.305: [ParNew
Desired survivor size 8716288 bytes, new threshold 6 (max 6)
- age   1:      74296 bytes,      74296 total
- age   2:     246160 bytes,     320456 total
- age   4:        968 bytes,     321424 total
- age   6:        968 bytes,     322392 total
: 137235K->451K(153344K), 0.0058658 secs] 327598K->190815K(1031552K), 0.0059676 secs] [Times: user=0.02 sys=0.00, real=0.01 secs] 
2016-08-24T16:49:34.390+0000: 9693.311: Total time for which application threads were stopped: 0.0068079 seconds, Stopping threads took: 0.0000986 seconds
2016-08-24T16:49:34.429+0000: 9693.351: [GC (Allocation Failure) 9693.351: [ParNew
Desired survivor size 8716288 bytes, new threshold 6 (max 6)
- age   1:      61912 bytes,      61912 total
- age   2:         24 bytes,      61936 total
- age   3:     233984 bytes,     295920 total
- age   5:        968 bytes,     296888 total
: 136771K->430K(153344K), 0.0058038 secs] 327135K->190794K(1031552K), 0.0059078 secs] [Times: user=0.01 sys=0.00, real=0.00 secs] 
2016-08-24T16:49:34.435+0000: 9693.357: Total time for which application threads were stopped: 0.0067355 seconds, Stopping threads took: 0.0000953 seconds
2016-08-24T16:49:34.473+0000: 9693.394: [GC (Allocation Failure) 9693.394: [ParNew
Desired survivor size 8716288 bytes, new threshold 6 (max 6)
- age   1:      63728 bytes,      63728 total
- age   2:      14344 bytes,      78072 total
- age   3:         24 bytes,      78096 total
- age   4:     233984 bytes,     312080 total
- age   6:        968 bytes,     313048 total
: 136750K->417K(153344K), 0.0059605 secs] 327114K->190781K(1031552K), 0.0060787 secs] [Times: user=0.01 sys=0.00, real=0.00 secs] 
2016-08-24T16:49:34.479+0000: 9693.400: Total time for which application threads were stopped: 0.0069325 seconds, Stopping threads took: 0.0001001 seconds
2016-08-24T16:49:34.519+0000: 9693.440: [GC (Allocation Failure) 9693.440: [ParNew
Desired survivor size 8716288 bytes, new threshold 6 (max 6)
- age   1:      60360 bytes,      60360 total
- age   3:       1256 bytes,      61616 total
- age   4:         24 bytes,      61640 total
- age   5:     232136 bytes,     293776 total
: 136737K->433K(153344K), 0.0085078 secs] 327101K->190799K(1031552K), 0.0086372 secs] [Times: user=0.02 sys=0.00, real=0.01 secs] 
2016-08-24T16:49:34.528+0000: 9693.449: Total time for which application threads were stopped: 0.0095616 seconds, Stopping threads took: 0.0001168 seconds
2016-08-24T16:49:34.567+0000: 9693.489: [GC (Allocation Failure) 9693.489: [ParNew
Desired survivor size 8716288 bytes, new threshold 6 (max 6)
- age   1:      64728 bytes,      64728 total
- age   2:      16688 bytes,      81416 total
- age   4:       1184 bytes,      82600 total
- age   5:         24 bytes,      82624 total
- age   6:     232136 bytes,     314760 total
: 136753K->420K(153344K), 0.0067804 secs] 327119K->190786K(1031552K), 0.0069046 secs] [Times: user=0.01 sys=0.00, real=0.01 secs] 
2016-08-24T16:49:34.574+0000: 9693.496: Total time for which application threads were stopped: 0.0077644 seconds, Stopping threads took: 0.0000999 seconds
2016-08-24T16:49:34.615+0000: 9693.537: [GC (Allocation Failure) 9693.537: [ParNew
Desired survivor size 8716288 bytes, new threshold 6 (max 6)
- age   1:      62776 bytes,      62776 total
- age   2:        336 bytes,      63112 total
- age   3:       1000 bytes,      64112 total
- age   5:       1152 bytes,      65264 total
- age   6:         24 bytes,      65288 total
: 136740K->303K(153344K), 0.0070317 secs] 327106K->190897K(1031552K), 0.0071267 secs] [Times: user=0.01 sys=0.00, real=0.01 secs] 
2016-08-24T16:49:34.622+0000: 9693.544: Total time for which application threads were stopped: 0.0079145 seconds, Stopping threads took: 0.0001013 seconds
2016-08-24T16:49:34.663+0000: 9693.585: [GC (Allocation Failure) 9693.585: [ParNew
Desired survivor size 8716288 bytes, new threshold 6 (max 6)
- age   1:      89696 bytes,      89696 total
- age   2:      19336 bytes,     109032 total
- age   3:        336 bytes,     109368 total
- age   4:       1000 bytes,     110368 total
- age   6:       1152 bytes,     111520 total
: 136623K->143K(153344K), 0.0062082 secs] 327217K->190737K(1031552K), 0.0063277 secs] [Times: user=0.01 sys=0.00, real=0.01 secs] 
2016-08-24T16:49:34.670+0000: 9693.591: Total time for which application threads were stopped: 0.0071577 seconds, Stopping threads took: 0.0000979 seconds
2016-08-24T16:49:34.712+0000: 9693.633: [GC (Allocation Failure) 9693.633: [ParNew
Desired survivor size 8716288 bytes, new threshold 6 (max 6)
- age   1:      91888 bytes,      91888 total
- age   3:       1000 bytes,      92888 total
- age   4:        336 bytes,      93224 total
- age   5:        968 bytes,      94192 total
: 136463K->148K(153344K), 0.0060378 secs] 327057K->190744K(1031552K), 0.0061321 secs] [Times: user=0.01 sys=0.00, real=0.00 secs] 
2016-08-24T16:49:34.718+0000: 9693.640: Total time for which application threads were stopped: 0.0069110 seconds, Stopping threads took: 0.0001007 seconds
2016-08-24T16:49:34.758+0000: 9693.680: [GC (Allocation Failure) 9693.680: [ParNew
Desired survivor size 8716288 bytes, new threshold 6 (max 6)
- age   1:      46904 bytes,      46904 total
- age   2:       1000 bytes,      47904 total
- age   4:        968 bytes,      48872 total
- age   5:        336 bytes,      49208 total
- age   6:        968 bytes,      50176 total
: 136468K->75K(153344K), 0.0060912 secs] 327064K->190670K(1031552K), 0.0062242 secs] [Times: user=0.02 sys=0.00, real=0.01 secs] 
2016-08-24T16:49:34.764+0000: 9693.686: Total time for which application threads were stopped: 0.0070574 seconds, Stopping threads took: 0.0000975 seconds
2016-08-24T16:49:34.806+0000: 9693.728: [GC (Allocation Failure) 9693.728: [ParNew
Desired survivor size 8716288 bytes, new threshold 6 (max 6)
- age   1:      80880 bytes,      80880 total
- age   2:       4632 bytes,      85512 total
- age   3:       1000 bytes,      86512 total
- age   5:        968 bytes,      87480 total
- age   6:        264 bytes,      87744 total
: 136395K->93K(153344K), 0.0058369 secs] 326990K->190690K(1031552K), 0.0059398 secs] [Times: user=0.01 sys=0.00, real=0.01 secs] 
2016-08-24T16:49:34.812+0000: 9693.734: Total time for which application threads were stopped: 0.0067313 seconds, Stopping threads took: 0.0000969 seconds
2016-08-24T16:49:44.330+0000: 9703.252: [GC (Allocation Failure) 9703.252: [ParNew
Desired survivor size 8716288 bytes, new threshold 6 (max 6)
- age   1:    1076136 bytes,    1076136 total
- age   2:        128 bytes,    1076264 total
- age   3:        968 bytes,    1077232 total
- age   4:        968 bytes,    1078200 total
- age   6:        968 bytes,    1079168 total
: 136413K->1065K(153344K), 0.0085809 secs] 327010K->191662K(1031552K), 0.0087080 secs] [Times: user=0.01 sys=0.00, real=0.00 secs] 
2016-08-24T16:49:44.339+0000: 9703.261: Total time for which application threads were stopped: 0.0096208 seconds, Stopping threads took: 0.0001087 seconds
2016-08-24T16:49:44.379+0000: 9703.300: [GC (Allocation Failure) 9703.300: [ParNew
Desired survivor size 8716288 bytes, new threshold 6 (max 6)
- age   1:      78328 bytes,      78328 total
- age   2:     302680 bytes,     381008 total
- age   3:        128 bytes,     381136 total
- age   4:        968 bytes,     382104 total
- age   5:        968 bytes,     383072 total
: 137385K->414K(153344K), 0.0054781 secs] 327982K->191012K(1031552K), 0.0055828 secs] [Times: user=0.01 sys=0.00, real=0.01 secs] 
2016-08-24T16:49:44.385+0000: 9703.306: Total time for which application threads were stopped: 0.0064219 seconds, Stopping threads took: 0.0001260 seconds
2016-08-24T16:49:44.426+0000: 9703.348: [GC (Allocation Failure) 9703.348: [ParNew
Desired survivor size 8716288 bytes, new threshold 6 (max 6)
- age   1:      71248 bytes,      71248 total
- age   2:        160 bytes,      71408 total
- age   3:     296448 bytes,     367856 total
- age   4:        128 bytes,     367984 total
- age   5:        968 bytes,     368952 total
- age   6:        968 bytes,     369920 total
: 136734K->510K(153344K), 0.0057811 secs] 327332K->191107K(1031552K), 0.0058841 secs] [Times: user=0.01 sys=0.00, real=0.01 secs] 
2016-08-24T16:49:44.432+0000: 9703.354: Total time for which application threads were stopped: 0.0066781 seconds, Stopping threads took: 0.0001020 seconds
2016-08-24T16:49:44.472+0000: 9703.394: [GC (Allocation Failure) 9703.394: [ParNew
Desired survivor size 8716288 bytes, new threshold 6 (max 6)
- age   1:      78048 bytes,      78048 total
- age   2:       7304 bytes,      85352 total
- age   3:        160 bytes,      85512 total
- age   4:     296448 bytes,     381960 total
- age   5:        128 bytes,     382088 total
- age   6:        968 bytes,     383056 total
: 136830K->523K(153344K), 0.0058360 secs] 327427K->191122K(1031552K), 0.0059397 secs] [Times: user=0.01 sys=0.00, real=0.00 secs] 
2016-08-24T16:49:44.478+0000: 9703.400: Total time for which application threads were stopped: 0.0067506 seconds, Stopping threads took: 0.0000973 seconds
2016-08-24T16:49:44.521+0000: 9703.443: [GC (Allocation Failure) 9703.443: [ParNew
Desired survivor size 8716288 bytes, new threshold 6 (max 6)
- age   1:      60104 bytes,      60104 total
- age   3:       1344 bytes,      61448 total
- age   4:        160 bytes,      61608 total
- age   5:     294168 bytes,     355776 total
- age   6:        128 bytes,     355904 total
: 136843K->538K(153344K), 0.0089099 secs] 327442K->191138K(1031552K), 0.0090481 secs] [Times: user=0.02 sys=0.00, real=0.01 secs] 
2016-08-24T16:49:44.531+0000: 9703.452: Total time for which application threads were stopped: 0.0100053 seconds, Stopping threads took: 0.0001219 seconds
2016-08-24T16:49:44.570+0000: 9703.491: [GC (Allocation Failure) 9703.491: [ParNew
Desired survivor size 8716288 bytes, new threshold 6 (max 6)
- age   1:      72544 bytes,      72544 total
- age   2:       9608 bytes,      82152 total
- age   4:       1344 bytes,      83496 total
- age   5:        160 bytes,      83656 total
- age   6:     294168 bytes,     377824 total
: 136858K->512K(153344K), 0.0058555 secs] 327458K->191112K(1031552K), 0.0059591 secs] [Times: user=0.01 sys=0.00, real=0.00 secs] 
2016-08-24T16:49:44.576+0000: 9703.497: Total time for which application threads were stopped: 0.0067662 seconds, Stopping threads took: 0.0000980 seconds
2016-08-24T16:49:44.615+0000: 9703.536: [GC (Allocation Failure) 9703.536: [ParNew
Desired survivor size 8716288 bytes, new threshold 6 (max 6)
- age   1:      73936 bytes,      73936 total
- age   3:       1000 bytes,      74936 total
- age   5:       1312 bytes,      76248 total
- age   6:        160 bytes,      76408 total
: 136832K->367K(153344K), 0.0066044 secs] 327432K->191259K(1031552K), 0.0067214 secs] [Times: user=0.01 sys=0.00, real=0.01 secs] 
2016-08-24T16:49:44.622+0000: 9703.543: Total time for which application threads were stopped: 0.0075564 seconds, Stopping threads took: 0.0000982 seconds
2016-08-24T16:49:44.662+0000: 9703.584: [GC (Allocation Failure) 9703.584: [ParNew
Desired survivor size 8716288 bytes, new threshold 6 (max 6)
- age   1:      81880 bytes,      81880 total
- age   2:      13776 bytes,      95656 total
- age   4:       1000 bytes,      96656 total
- age   6:       1312 bytes,      97968 total
: 136687K->169K(153344K), 0.0060199 secs] 327579K->191061K(1031552K), 0.0061448 secs] [Times: user=0.01 sys=0.00, real=0.01 secs] 
2016-08-24T16:49:44.669+0000: 9703.590: Total time for which application threads were stopped: 0.0069875 seconds, Stopping threads took: 0.0001044 seconds
2016-08-24T16:49:44.708+0000: 9703.630: [GC (Allocation Failure) 9703.630: [ParNew
Desired survivor size 8716288 bytes, new threshold 6 (max 6)
- age   1:      74816 bytes,      74816 total
- age   3:       1000 bytes,      75816 total
- age   5:        968 bytes,      76784 total
: 136489K->101K(153344K), 0.0056450 secs] 327381K->190994K(1031552K), 0.0057647 secs] [Times: user=0.01 sys=0.00, real=0.00 secs] 
2016-08-24T16:49:44.714+0000: 9703.636: Total time for which application threads were stopped: 0.0065814 seconds, Stopping threads took: 0.0001039 seconds
2016-08-24T16:49:44.752+0000: 9703.674: [GC (Allocation Failure) 9703.674: [ParNew
Desired survivor size 8716288 bytes, new threshold 6 (max 6)
- age   1:      82904 bytes,      82904 total
- age   2:      15264 bytes,      98168 total
- age   4:       1000 bytes,      99168 total
- age   6:        968 bytes,     100136 total
: 136421K->118K(153344K), 0.0054209 secs] 327314K->191012K(1031552K), 0.0055382 secs] [Times: user=0.01 sys=0.00, real=0.00 secs] 
2016-08-24T16:49:44.758+0000: 9703.679: Total time for which application threads were stopped: 0.0063837 seconds, Stopping threads took: 0.0001036 seconds
2016-08-24T16:49:44.799+0000: 9703.721: [GC (Allocation Failure) 9703.721: [ParNew
Desired survivor size 8716288 bytes, new threshold 6 (max 6)
- age   1:      70896 bytes,      70896 total
- age   3:       1000 bytes,      71896 total
- age   5:        968 bytes,      72864 total
: 136438K->92K(153344K), 0.0057241 secs] 327332K->190987K(1031552K), 0.0058400 secs] [Times: user=0.01 sys=0.00, real=0.01 secs] 
2016-08-24T16:49:44.805+0000: 9703.727: Total time for which application threads were stopped: 0.0066750 seconds, Stopping threads took: 0.0000999 seconds
2016-08-24T16:49:44.843+0000: 9703.764: [GC (Allocation Failure) 9703.765: [ParNew
Desired survivor size 8716288 bytes, new threshold 6 (max 6)
- age   1:      67960 bytes,      67960 total
- age   2:      18792 bytes,      86752 total
- age   4:       1000 bytes,      87752 total
- age   6:        968 bytes,      88720 total
: 136412K->117K(153344K), 0.0055050 secs] 327307K->191011K(1031552K), 0.0056359 secs] [Times: user=0.01 sys=0.00, real=0.01 secs] 
2016-08-24T16:49:44.849+0000: 9703.770: Total time for which application threads were stopped: 0.0064638 seconds, Stopping threads took: 0.0000976 seconds
2016-08-24T16:49:54.542+0000: 9713.463: [GC (Allocation Failure) 9713.463: [ParNew
Desired survivor size 8716288 bytes, new threshold 6 (max 6)
- age   1:    1161552 bytes,    1161552 total
- age   3:        968 bytes,    1162520 total
- age   5:        968 bytes,    1163488 total
: 136437K->1174K(153344K), 0.0089389 secs] 327331K->192069K(1031552K), 0.0090878 secs] [Times: user=0.01 sys=0.00, real=0.01 secs] 
2016-08-24T16:49:54.551+0000: 9713.472: Total time for which application threads were stopped: 0.0099542 seconds, Stopping threads took: 0.0001233 seconds
2016-08-24T16:49:54.591+0000: 9713.512: [GC (Allocation Failure) 9713.512: [ParNew
Desired survivor size 8716288 bytes, new threshold 6 (max 6)
- age   1:      68184 bytes,      68184 total
- age   2:     310072 bytes,     378256 total
- age   4:        968 bytes,     379224 total
- age   6:        968 bytes,     380192 total
: 137494K->571K(153344K), 0.0058554 secs] 328389K->191466K(1031552K), 0.0059648 secs] [Times: user=0.02 sys=0.00, real=0.00 secs] 
2016-08-24T16:49:54.597+0000: 9713.518: Total time for which application threads were stopped: 0.0067710 seconds, Stopping threads took: 0.0000973 seconds
2016-08-24T16:49:54.636+0000: 9713.558: [GC (Allocation Failure) 9713.558: [ParNew
Desired survivor size 8716288 bytes, new threshold 6 (max 6)
- age   1:      75584 bytes,      75584 total
- age   2:         96 bytes,      75680 total
- age   3:     290768 bytes,     366448 total
- age   5:        968 bytes,     367416 total
: 136891K->514K(153344K), 0.0058751 secs] 327786K->191410K(1031552K), 0.0059803 secs] [Times: user=0.01 sys=0.00, real=0.01 secs] 
2016-08-24T16:49:54.642+0000: 9713.564: Total time for which application threads were stopped: 0.0067894 seconds, Stopping threads took: 0.0000989 seconds
2016-08-24T16:49:54.682+0000: 9713.604: [GC (Allocation Failure) 9713.604: [ParNew
Desired survivor size 8716288 bytes, new threshold 6 (max 6)
- age   1:      51344 bytes,      51344 total
- age   2:       1096 bytes,      52440 total
- age   3:         96 bytes,      52536 total
- age   4:     288920 bytes,     341456 total
- age   6:        968 bytes,     342424 total
: 136834K->522K(153344K), 0.0056953 secs] 327730K->191418K(1031552K), 0.0057978 secs] [Times: user=0.01 sys=0.00, real=0.00 secs] 
2016-08-24T16:49:54.688+0000: 9713.610: Total time for which application threads were stopped: 0.0066294 seconds, Stopping threads took: 0.0000997 seconds
2016-08-24T16:49:54.728+0000: 9713.649: [GC (Allocation Failure) 9713.649: [ParNew
Desired survivor size 8716288 bytes, new threshold 6 (max 6)
- age   1:      79168 bytes,      79168 total
- age   2:       3920 bytes,      83088 total
- age   3:       1096 bytes,      84184 total
- age   4:         96 bytes,      84280 total
- age   5:     288920 bytes,     373200 total
: 136842K->507K(153344K), 0.0058769 secs] 327738K->191404K(1031552K), 0.0059823 secs] [Times: user=0.01 sys=0.00, real=0.01 secs] 
2016-08-24T16:49:54.734+0000: 9713.655: Total time for which application threads were stopped: 0.0067786 seconds, Stopping threads took: 0.0000966 seconds
2016-08-24T16:49:54.773+0000: 9713.694: [GC (Allocation Failure) 9713.694: [ParNew
Desired survivor size 8716288 bytes, new threshold 6 (max 6)
- age   1:      59544 bytes,      59544 total
- age   3:       1000 bytes,      60544 total
- age   4:       1064 bytes,      61608 total
- age   5:         96 bytes,      61704 total
- age   6:     287104 bytes,     348808 total
: 136827K->500K(153344K), 0.0058202 secs] 327724K->191397K(1031552K), 0.0059240 secs] [Times: user=0.01 sys=0.00, real=0.00 secs] 
2016-08-24T16:49:54.779+0000: 9713.700: Total time for which application threads were stopped: 0.0067764 seconds, Stopping threads took: 0.0000984 seconds
2016-08-24T16:49:54.819+0000: 9713.740: [GC (Allocation Failure) 9713.740: [ParNew
Desired survivor size 8716288 bytes, new threshold 6 (max 6)
- age   1:      81136 bytes,      81136 total
- age   2:       5536 bytes,      86672 total
- age   4:       1000 bytes,      87672 total
- age   5:       1064 bytes,      88736 total
- age   6:         96 bytes,      88832 total
: 136820K->341K(153344K), 0.0063841 secs] 327717K->191525K(1031552K), 0.0064998 secs] [Times: user=0.01 sys=0.00, real=0.01 secs] 
2016-08-24T16:49:54.826+0000: 9713.747: Total time for which application threads were stopped: 0.0073819 seconds, Stopping threads took: 0.0001344 seconds
2016-08-24T16:49:54.866+0000: 9713.787: [GC (Allocation Failure) 9713.787: [ParNew
Desired survivor size 8716288 bytes, new threshold 6 (max 6)
- age   1:      54520 bytes,      54520 total
- age   3:       1000 bytes,      55520 total
- age   5:        968 bytes,      56488 total
- age   6:       1064 bytes,      57552 total
: 136661K->121K(153344K), 0.0053057 secs] 327845K->191305K(1031552K), 0.0054045 secs] [Times: user=0.01 sys=0.00, real=0.01 secs] 
2016-08-24T16:49:54.871+0000: 9713.793: Total time for which application threads were stopped: 0.0061865 seconds, Stopping threads took: 0.0000979 seconds
2016-08-24T16:49:54.909+0000: 9713.830: [GC (Allocation Failure) 9713.830: [ParNew
Desired survivor size 8716288 bytes, new threshold 6 (max 6)
- age   1:      79184 bytes,      79184 total
- age   2:       9064 bytes,      88248 total
- age   4:       1000 bytes,      89248 total
- age   6:        968 bytes,      90216 total
: 136441K->114K(153344K), 0.0051248 secs] 327625K->191299K(1031552K), 0.0052271 secs] [Times: user=0.01 sys=0.00, real=0.00 secs] 
2016-08-24T16:49:54.914+0000: 9713.836: Total time for which application threads were stopped: 0.0060719 seconds, Stopping threads took: 0.0000931 seconds
2016-08-24T16:49:54.953+0000: 9713.875: [GC (Allocation Failure) 9713.875: [ParNew
Desired survivor size 8716288 bytes, new threshold 6 (max 6)
- age   1:      62664 bytes,      62664 total
- age   3:       1000 bytes,      63664 total
- age   5:        968 bytes,      64632 total
: 136434K->83K(153344K), 0.0052507 secs] 327619K->191269K(1031552K), 0.0053546 secs] [Times: user=0.01 sys=0.00, real=0.00 secs] 
2016-08-24T16:49:54.959+0000: 9713.880: Total time for which application threads were stopped: 0.0061921 seconds, Stopping threads took: 0.0001015 seconds
2016-08-24T16:49:54.996+0000: 9713.918: [GC (Allocation Failure) 9713.918: [ParNew
Desired survivor size 8716288 bytes, new threshold 6 (max 6)
- age   1:      71696 bytes,      71696 total
- age   2:      12480 bytes,      84176 total
- age   4:       1000 bytes,      85176 total
- age   6:        968 bytes,      86144 total
: 136403K->92K(153344K), 0.0053275 secs] 327589K->191277K(1031552K), 0.0054255 secs] [Times: user=0.01 sys=0.00, real=0.01 secs] 
2016-08-24T16:49:55.002+0000: 9713.923: Total time for which application threads were stopped: 0.0062400 seconds, Stopping threads took: 0.0001140 seconds
2016-08-24T16:49:55.656+0000: 9714.578: Total time for which application threads were stopped: 0.0010803 seconds, Stopping threads took: 0.0001432 seconds
2016-08-24T16:49:55.657+0000: 9714.579: Total time for which application threads were stopped: 0.0010506 seconds, Stopping threads took: 0.0001581 seconds
2016-08-24T16:49:55.659+0000: 9714.581: Total time for which application threads were stopped: 0.0011795 seconds, Stopping threads took: 0.0001413 seconds
2016-08-24T16:49:58.807+0000: 9717.729: Total time for which application threads were stopped: 0.0006093 seconds, Stopping threads took: 0.0000818 seconds
2016-08-24T16:49:58.808+0000: 9717.729: Total time for which application threads were stopped: 0.0002734 seconds, Stopping threads took: 0.0000287 seconds
2016-08-24T16:49:58.810+0000: 9717.732: Total time for which application threads were stopped: 0.0022909 seconds, Stopping threads took: 0.0000288 seconds
2016-08-24T16:50:04.543+0000: 9723.465: [GC (Allocation Failure) 9723.465: [ParNew
Desired survivor size 8716288 bytes, new threshold 6 (max 6)
- age   1:     966768 bytes,     966768 total
- age   3:        968 bytes,     967736 total
- age   5:        968 bytes,     968704 total
: 136412K->968K(153344K), 0.0079891 secs] 327597K->192154K(1031552K), 0.0081602 secs] [Times: user=0.01 sys=0.00, real=0.01 secs] 
2016-08-24T16:50:04.552+0000: 9723.473: Total time for which application threads were stopped: 0.0091845 seconds, Stopping threads took: 0.0001106 seconds
2016-08-24T16:50:04.590+0000: 9723.512: [GC (Allocation Failure) 9723.512: [ParNew
Desired survivor size 8716288 bytes, new threshold 6 (max 6)
- age   1:      78248 bytes,      78248 total
- age   2:     289504 bytes,     367752 total
- age   4:        968 bytes,     368720 total
- age   6:        968 bytes,     369688 total
: 137288K->460K(153344K), 0.0063893 secs] 328474K->191647K(1031552K), 0.0065051 secs] [Times: user=0.01 sys=0.00, real=0.00 secs] 
2016-08-24T16:50:04.597+0000: 9723.519: Total time for which application threads were stopped: 0.0073309 seconds, Stopping threads took: 0.0001018 seconds
2016-08-24T16:50:04.639+0000: 9723.561: [GC (Allocation Failure) 9723.561: [ParNew
Desired survivor size 8716288 bytes, new threshold 6 (max 6)
- age   1:      72112 bytes,      72112 total
- age   3:     276728 bytes,     348840 total
- age   5:        968 bytes,     349808 total
: 136780K->480K(153344K), 0.0060801 secs] 327967K->191667K(1031552K), 0.0061956 secs] [Times: user=0.01 sys=0.00, real=0.01 secs] 
2016-08-24T16:50:04.646+0000: 9723.567: Total time for which application threads were stopped: 0.0070298 seconds, Stopping threads took: 0.0000998 seconds
2016-08-24T16:50:04.687+0000: 9723.608: [GC (Allocation Failure) 9723.608: [ParNew
Desired survivor size 8716288 bytes, new threshold 6 (max 6)
- age   1:      67568 bytes,      67568 total
- age   2:      14384 bytes,      81952 total
- age   4:     276728 bytes,     358680 total
- age   6:        968 bytes,     359648 total
: 136800K->504K(153344K), 0.0063018 secs] 327987K->191692K(1031552K), 0.0064230 secs] [Times: user=0.01 sys=0.00, real=0.01 secs] 
2016-08-24T16:50:04.693+0000: 9723.615: Total time for which application threads were stopped: 0.0072528 seconds, Stopping threads took: 0.0001003 seconds
2016-08-24T16:50:04.735+0000: 9723.656: [GC (Allocation Failure) 9723.656: [ParNew
Desired survivor size 8716288 bytes, new threshold 6 (max 6)
- age   1:      57744 bytes,      57744 total
- age   3:       1096 bytes,      58840 total
- age   5:     274880 bytes,     333720 total
: 136824K->487K(153344K), 0.0063434 secs] 328012K->191676K(1031552K), 0.0064636 secs] [Times: user=0.02 sys=0.00, real=0.01 secs] 
2016-08-24T16:50:04.741+0000: 9723.663: Total time for which application threads were stopped: 0.0073280 seconds, Stopping threads took: 0.0001233 seconds
2016-08-24T16:50:04.782+0000: 9723.704: [GC (Allocation Failure) 9723.704: [ParNew
Desired survivor size 8716288 bytes, new threshold 6 (max 6)
- age   1:      67600 bytes,      67600 total
- age   2:      17360 bytes,      84960 total
- age   4:       1096 bytes,      86056 total
- age   6:     274880 bytes,     360936 total
: 136807K->476K(153344K), 0.0063168 secs] 327996K->191665K(1031552K), 0.0064421 secs] [Times: user=0.01 sys=0.00, real=0.01 secs] 
2016-08-24T16:50:04.789+0000: 9723.710: Total time for which application threads were stopped: 0.0072584 seconds, Stopping threads took: 0.0000996 seconds
2016-08-24T16:50:04.831+0000: 9723.752: [GC (Allocation Failure) 9723.752: [ParNew
Desired survivor size 8716288 bytes, new threshold 6 (max 6)
- age   1:      78992 bytes,      78992 total
- age   3:       1000 bytes,      79992 total
- age   5:       1064 bytes,      81056 total
: 136796K->345K(153344K), 0.0069155 secs] 327985K->191806K(1031552K), 0.0070243 secs] [Times: user=0.02 sys=0.00, real=0.00 secs] 
2016-08-24T16:50:04.838+0000: 9723.760: Total time for which application threads were stopped: 0.0078600 seconds, Stopping threads took: 0.0001003 seconds
2016-08-24T16:50:04.876+0000: 9723.798: [GC (Allocation Failure) 9723.798: [ParNew
Desired survivor size 8716288 bytes, new threshold 6 (max 6)
- age   1:      87520 bytes,      87520 total
- age   2:      20176 bytes,     107696 total
- age   4:       1000 bytes,     108696 total
- age   6:       1064 bytes,     109760 total
: 136665K->164K(153344K), 0.0049137 secs] 328126K->191625K(1031552K), 0.0050247 secs] [Times: user=0.00 sys=0.00, real=0.01 secs] 
2016-08-24T16:50:04.882+0000: 9723.803: Total time for which application threads were stopped: 0.0058470 seconds, Stopping threads took: 0.0001027 seconds
2016-08-24T16:50:04.923+0000: 9723.844: [GC (Allocation Failure) 9723.844: [ParNew
Desired survivor size 8716288 bytes, new threshold 6 (max 6)
- age   1:      73032 bytes,      73032 total
- age   3:       1000 bytes,      74032 total
- age   5:        968 bytes,      75000 total
: 136484K->110K(153344K), 0.0054694 secs] 327945K->191572K(1031552K), 0.0055606 secs] [Times: user=0.01 sys=0.00, real=0.01 secs] 
2016-08-24T16:50:04.928+0000: 9723.850: Total time for which application threads were stopped: 0.0063522 seconds, Stopping threads took: 0.0000969 seconds
2016-08-24T16:50:04.969+0000: 9723.891: [GC (Allocation Failure) 9723.891: [ParNew
Desired survivor size 8716288 bytes, new threshold 6 (max 6)
- age   1:      74376 bytes,      74376 total
- age   2:       1000 bytes,      75376 total
- age   4:        968 bytes,      76344 total
- age   6:        968 bytes,      77312 total
: 136430K->86K(153344K), 0.0055943 secs] 327892K->191549K(1031552K), 0.0057062 secs] [Times: user=0.02 sys=0.00, real=0.00 secs] 
2016-08-24T16:50:04.975+0000: 9723.897: Total time for which application threads were stopped: 0.0065177 seconds, Stopping threads took: 0.0000998 seconds
2016-08-24T16:50:05.015+0000: 9723.937: [GC (Allocation Failure) 9723.937: [ParNew
Desired survivor size 8716288 bytes, new threshold 6 (max 6)
- age   1:      65928 bytes,      65928 total
- age   2:       4856 bytes,      70784 total
- age   3:       1000 bytes,      71784 total
- age   5:        968 bytes,      72752 total
: 136406K->105K(153344K), 0.0053450 secs] 327869K->191568K(1031552K), 0.0054302 secs] [Times: user=0.01 sys=0.00, real=0.01 secs] 
2016-08-24T16:50:05.021+0000: 9723.943: Total time for which application threads were stopped: 0.0062200 seconds, Stopping threads took: 0.0001011 seconds
2016-08-24T16:50:14.307+0000: 9733.228: [GC (Allocation Failure) 9733.228: [ParNew
Desired survivor size 8716288 bytes, new threshold 6 (max 6)
- age   1:     854616 bytes,     854616 total
- age   3:        968 bytes,     855584 total
- age   4:        968 bytes,     856552 total
- age   6:        968 bytes,     857520 total
: 136425K->853K(153344K), 0.0076518 secs] 327888K->192316K(1031552K), 0.0077821 secs] [Times: user=0.01 sys=0.00, real=0.01 secs] 
2016-08-24T16:50:14.315+0000: 9733.236: Total time for which application threads were stopped: 0.0086430 seconds, Stopping threads took: 0.0001065 seconds
2016-08-24T16:50:14.353+0000: 9733.275: [GC (Allocation Failure) 9733.275: [ParNew
Desired survivor size 8716288 bytes, new threshold 6 (max 6)
- age   1:      67248 bytes,      67248 total
- age   2:     228944 bytes,     296192 total
- age   4:        968 bytes,     297160 total
- age   5:        968 bytes,     298128 total
: 137173K->373K(153344K), 0.0080519 secs] 328636K->191837K(1031552K), 0.0081614 secs] [Times: user=0.02 sys=0.00, real=0.01 secs] 
2016-08-24T16:50:14.361+0000: 9733.283: Total time for which application threads were stopped: 0.0089857 seconds, Stopping threads took: 0.0001001 seconds
2016-08-24T16:50:14.400+0000: 9733.322: [GC (Allocation Failure) 9733.322: [ParNew
Desired survivor size 8716288 bytes, new threshold 6 (max 6)
- age   1:      62656 bytes,      62656 total
- age   2:        256 bytes,      62912 total
- age   3:     222904 bytes,     285816 total
- age   5:        968 bytes,     286784 total
- age   6:        968 bytes,     287752 total
: 136693K->389K(153344K), 0.0057107 secs] 328157K->191853K(1031552K), 0.0058259 secs] [Times: user=0.01 sys=0.00, real=0.01 secs] 
2016-08-24T16:50:14.406+0000: 9733.328: Total time for which application threads were stopped: 0.0066581 seconds, Stopping threads took: 0.0001010 seconds
2016-08-24T16:50:14.446+0000: 9733.368: [GC (Allocation Failure) 9733.368: [ParNew
Desired survivor size 8716288 bytes, new threshold 6 (max 6)
- age   1:      83024 bytes,      83024 total
- age   2:       8128 bytes,      91152 total
- age   3:        184 bytes,      91336 total
- age   4:     222408 bytes,     313744 total
- age   6:        968 bytes,     314712 total
: 136709K->399K(153344K), 0.0058005 secs] 328173K->191864K(1031552K), 0.0059026 secs] [Times: user=0.01 sys=0.00, real=0.01 secs] 
2016-08-24T16:50:14.452+0000: 9733.374: Total time for which application threads were stopped: 0.0067089 seconds, Stopping threads took: 0.0000990 seconds
2016-08-24T16:50:14.491+0000: 9733.412: [GC (Allocation Failure) 9733.413: [ParNew
Desired survivor size 8716288 bytes, new threshold 6 (max 6)
- age   1:      76280 bytes,      76280 total
- age   2:        248 bytes,      76528 total
- age   3:       1096 bytes,      77624 total
- age   4:        184 bytes,      77808 total
- age   5:     220560 bytes,     298368 total
: 136719K->432K(153344K), 0.0059946 secs] 328184K->191898K(1031552K), 0.0061073 secs] [Times: user=0.01 sys=0.00, real=0.00 secs] 
2016-08-24T16:50:14.497+0000: 9733.419: Total time for which application threads were stopped: 0.0069377 seconds, Stopping threads took: 0.0000998 seconds
2016-08-24T16:50:14.537+0000: 9733.458: [GC (Allocation Failure) 9733.458: [ParNew
Desired survivor size 8716288 bytes, new threshold 6 (max 6)
- age   1:      83096 bytes,      83096 total
- age   2:      10968 bytes,      94064 total
- age   3:        248 bytes,      94312 total
- age   4:       1096 bytes,      95408 total
- age   5:        184 bytes,      95592 total
- age   6:     220560 bytes,     316152 total
: 136752K->441K(153344K), 0.0055408 secs] 328218K->191906K(1031552K), 0.0056671 secs] [Times: user=0.01 sys=0.00, real=0.01 secs] 
2016-08-24T16:50:14.542+0000: 9733.464: Total time for which application threads were stopped: 0.0065978 seconds, Stopping threads took: 0.0001169 seconds
2016-08-24T16:50:14.583+0000: 9733.504: [GC (Allocation Failure) 9733.504: [ParNew
Desired survivor size 8716288 bytes, new threshold 6 (max 6)
- age   1:      72856 bytes,      72856 total
- age   3:       1000 bytes,      73856 total
- age   4:        176 bytes,      74032 total
- age   5:       1064 bytes,      75096 total
- age   6:        184 bytes,      75280 total
: 136761K->293K(153344K), 0.0067459 secs] 328226K->191977K(1031552K), 0.0068600 secs] [Times: user=0.01 sys=0.00, real=0.01 secs] 
2016-08-24T16:50:14.590+0000: 9733.511: Total time for which application threads were stopped: 0.0076882 seconds, Stopping threads took: 0.0001155 seconds
2016-08-24T16:50:14.630+0000: 9733.552: [GC (Allocation Failure) 9733.552: [ParNew
Desired survivor size 8716288 bytes, new threshold 6 (max 6)
- age   1:      84376 bytes,      84376 total
- age   2:      14336 bytes,      98712 total
- age   4:       1000 bytes,      99712 total
- age   5:        176 bytes,      99888 total
- age   6:       1064 bytes,     100952 total
: 136613K->141K(153344K), 0.0060703 secs] 328297K->191825K(1031552K), 0.0061887 secs] [Times: user=0.01 sys=0.00, real=0.00 secs] 
2016-08-24T16:50:14.636+0000: 9733.558: Total time for which application threads were stopped: 0.0070244 seconds, Stopping threads took: 0.0001051 seconds
2016-08-24T16:50:14.678+0000: 9733.600: [GC (Allocation Failure) 9733.600: [ParNew
Desired survivor size 8716288 bytes, new threshold 6 (max 6)
- age   1:      58760 bytes,      58760 total
- age   3:       1248 bytes,      60008 total
- age   5:        968 bytes,      60976 total
- age   6:        176 bytes,      61152 total
: 136461K->99K(153344K), 0.0059764 secs] 328145K->191784K(1031552K), 0.0060946 secs] [Times: user=0.01 sys=0.00, real=0.01 secs] 
2016-08-24T16:50:14.684+0000: 9733.606: Total time for which application threads were stopped: 0.0069864 seconds, Stopping threads took: 0.0001237 seconds
2016-08-24T16:50:14.725+0000: 9733.646: [GC (Allocation Failure) 9733.646: [ParNew
Desired survivor size 8716288 bytes, new threshold 6 (max 6)
- age   1:      68496 bytes,      68496 total
- age   2:      17280 bytes,      85776 total
- age   4:       1248 bytes,      87024 total
- age   6:        968 bytes,      87992 total
: 136419K->92K(153344K), 0.0061132 secs] 328104K->191777K(1031552K), 0.0062308 secs] [Times: user=0.01 sys=0.00, real=0.01 secs] 
2016-08-24T16:50:14.731+0000: 9733.653: Total time for which application threads were stopped: 0.0071312 seconds, Stopping threads took: 0.0001058 seconds
2016-08-24T16:50:14.773+0000: 9733.694: [GC (Allocation Failure) 9733.694: [ParNew
Desired survivor size 8716288 bytes, new threshold 6 (max 6)
- age   1:      70968 bytes,      70968 total
- age   3:       1000 bytes,      71968 total
- age   5:       1248 bytes,      73216 total
: 136412K->100K(153344K), 0.0061255 secs] 328097K->191786K(1031552K), 0.0062389 secs] [Times: user=0.01 sys=0.00, real=0.00 secs] 
2016-08-24T16:50:14.779+0000: 9733.701: Total time for which application threads were stopped: 0.0070995 seconds, Stopping threads took: 0.0001189 seconds
2016-08-24T16:50:14.819+0000: 9733.741: [GC (Allocation Failure) 9733.741: [ParNew
Desired survivor size 8716288 bytes, new threshold 6 (max 6)
- age   1:      65416 bytes,      65416 total
- age   2:      20016 bytes,      85432 total
- age   4:       1000 bytes,      86432 total
- age   6:       1248 bytes,      87680 total
: 136420K->99K(153344K), 0.0061881 secs] 328106K->191785K(1031552K), 0.0063043 secs] [Times: user=0.01 sys=0.00, real=0.01 secs] 
2016-08-24T16:50:14.826+0000: 9733.747: Total time for which application threads were stopped: 0.0071084 seconds, Stopping threads took: 0.0000986 seconds
2016-08-24T16:50:24.549+0000: 9743.471: [GC (Allocation Failure) 9743.471: [ParNew
Desired survivor size 8716288 bytes, new threshold 6 (max 6)
- age   1:    1381896 bytes,    1381896 total
- age   3:        968 bytes,    1382864 total
- age   5:        968 bytes,    1383832 total
: 136419K->1375K(153344K), 0.0090381 secs] 328105K->193062K(1031552K), 0.0091803 secs] [Times: user=0.01 sys=0.00, real=0.00 secs] 
2016-08-24T16:50:24.558+0000: 9743.480: Total time for which application threads were stopped: 0.0100913 seconds, Stopping threads took: 0.0001292 seconds
2016-08-24T16:50:24.598+0000: 9743.519: [GC (Allocation Failure) 9743.519: [ParNew
Desired survivor size 8716288 bytes, new threshold 6 (max 6)
- age   1:      65040 bytes,      65040 total
- age   2:     346096 bytes,     411136 total
- age   4:        968 bytes,     412104 total
- age   6:        968 bytes,     413072 total
: 137695K->607K(153344K), 0.0060774 secs] 329382K->192295K(1031552K), 0.0061927 secs] [Times: user=0.01 sys=0.00, real=0.01 secs] 
2016-08-24T16:50:24.604+0000: 9743.526: Total time for which application threads were stopped: 0.0070055 seconds, Stopping threads took: 0.0000983 seconds
2016-08-24T16:50:24.643+0000: 9743.565: [GC (Allocation Failure) 9743.565: [ParNew
Desired survivor size 8716288 bytes, new threshold 6 (max 6)
- age   1:      74512 bytes,      74512 total
- age   2:        320 bytes,      74832 total
- age   3:     325856 bytes,     400688 total
- age   5:        968 bytes,     401656 total
: 136927K->559K(153344K), 0.0061565 secs] 328615K->192247K(1031552K), 0.0062610 secs] [Times: user=0.01 sys=0.00, real=0.01 secs] 
2016-08-24T16:50:24.650+0000: 9743.571: Total time for which application threads were stopped: 0.0070547 seconds, Stopping threads took: 0.0000994 seconds
2016-08-24T16:50:24.691+0000: 9743.613: [GC (Allocation Failure) 9743.613: [ParNew
Desired survivor size 8716288 bytes, new threshold 6 (max 6)
- age   1:      60832 bytes,      60832 total
- age   2:       1096 bytes,      61928 total
- age   3:        320 bytes,      62248 total
- age   4:     324008 bytes,     386256 total
- age   6:        968 bytes,     387224 total
: 136879K->570K(153344K), 0.0060517 secs] 328567K->192258K(1031552K), 0.0061618 secs] [Times: user=0.01 sys=0.00, real=0.00 secs] 
2016-08-24T16:50:24.697+0000: 9743.619: Total time for which application threads were stopped: 0.0069946 seconds, Stopping threads took: 0.0001297 seconds
2016-08-24T16:50:24.736+0000: 9743.658: [GC (Allocation Failure) 9743.658: [ParNew
Desired survivor size 8716288 bytes, new threshold 6 (max 6)
- age   1:      64160 bytes,      64160 total
- age   2:       4280 bytes,      68440 total
- age   3:       1096 bytes,      69536 total
- age   4:        320 bytes,      69856 total
- age   5:     324008 bytes,     393864 total
: 136890K->550K(153344K), 0.0057896 secs] 328578K->192239K(1031552K), 0.0059183 secs] [Times: user=0.01 sys=0.00, real=0.01 secs] 
2016-08-24T16:50:24.742+0000: 9743.664: Total time for which application threads were stopped: 0.0067682 seconds, Stopping threads took: 0.0001025 seconds
2016-08-24T16:50:24.784+0000: 9743.705: [GC (Allocation Failure) 9743.705: [ParNew
Desired survivor size 8716288 bytes, new threshold 6 (max 6)
- age   1:      63568 bytes,      63568 total
- age   3:       1000 bytes,      64568 total
- age   4:       1064 bytes,      65632 total
- age   5:        320 bytes,      65952 total
- age   6:     322192 bytes,     388144 total
: 136870K->556K(153344K), 0.0061067 secs] 328559K->192245K(1031552K), 0.0062116 secs] [Times: user=0.01 sys=0.00, real=0.01 secs] 
2016-08-24T16:50:24.790+0000: 9743.712: Total time for which application threads were stopped: 0.0070403 seconds, Stopping threads took: 0.0001191 seconds
2016-08-24T16:50:24.828+0000: 9743.750: [GC (Allocation Failure) 9743.750: [ParNew
Desired survivor size 8716288 bytes, new threshold 6 (max 6)
- age   1:      71496 bytes,      71496 total
- age   2:       6568 bytes,      78064 total
- age   4:       1000 bytes,      79064 total
- age   5:       1064 bytes,      80128 total
- age   6:        320 bytes,      80448 total
: 136876K->381K(153344K), 0.0067253 secs] 328565K->192391K(1031552K), 0.0068577 secs] [Times: user=0.01 sys=0.01, real=0.01 secs] 
2016-08-24T16:50:24.835+0000: 9743.757: Total time for which application threads were stopped: 0.0076699 seconds, Stopping threads took: 0.0001003 seconds
2016-08-24T16:50:24.876+0000: 9743.797: [GC (Allocation Failure) 9743.797: [ParNew
Desired survivor size 8716288 bytes, new threshold 6 (max 6)
- age   1:      59160 bytes,      59160 total
- age   3:       1000 bytes,      60160 total
- age   5:        968 bytes,      61128 total
- age   6:       1064 bytes,      62192 total
: 136701K->129K(153344K), 0.0053993 secs] 328711K->192140K(1031552K), 0.0054869 secs] [Times: user=0.01 sys=0.00, real=0.01 secs] 
2016-08-24T16:50:24.881+0000: 9743.803: Total time for which application threads were stopped: 0.0062550 seconds, Stopping threads took: 0.0001032 seconds
2016-08-24T16:50:24.921+0000: 9743.842: [GC (Allocation Failure) 9743.842: [ParNew
Desired survivor size 8716288 bytes, new threshold 6 (max 6)
- age   1:      77632 bytes,      77632 total
- age   2:       9608 bytes,      87240 total
- age   4:       1000 bytes,      88240 total
- age   6:        968 bytes,      89208 total
: 136449K->109K(153344K), 0.0056961 secs] 328460K->192121K(1031552K), 0.0058177 secs] [Times: user=0.01 sys=0.00, real=0.00 secs] 
2016-08-24T16:50:24.927+0000: 9743.848: Total time for which application threads were stopped: 0.0067269 seconds, Stopping threads took: 0.0001079 seconds
2016-08-24T16:50:24.969+0000: 9743.891: [GC (Allocation Failure) 9743.891: [ParNew
Desired survivor size 8716288 bytes, new threshold 6 (max 6)
- age   1:      58704 bytes,      58704 total
- age   3:       1000 bytes,      59704 total
- age   5:        968 bytes,      60672 total
: 136429K->84K(153344K), 0.0054741 secs] 328441K->192097K(1031552K), 0.0055636 secs] [Times: user=0.01 sys=0.00, real=0.00 secs] 
2016-08-24T16:50:24.975+0000: 9743.896: Total time for which application threads were stopped: 0.0063706 seconds, Stopping threads took: 0.0000908 seconds
2016-08-24T16:50:25.015+0000: 9743.936: [GC (Allocation Failure) 9743.936: [ParNew
Desired survivor size 8716288 bytes, new threshold 6 (max 6)
- age   1:      81352 bytes,      81352 total
- age   2:      13432 bytes,      94784 total
- age   4:       1000 bytes,      95784 total
- age   6:        968 bytes,      96752 total
: 136404K->106K(153344K), 0.0058177 secs] 328417K->192119K(1031552K), 0.0059494 secs] [Times: user=0.01 sys=0.00, real=0.01 secs] 
2016-08-24T16:50:25.021+0000: 9743.942: Total time for which application threads were stopped: 0.0068012 seconds, Stopping threads took: 0.0001023 seconds
2016-08-24T16:50:27.023+0000: 9745.945: Total time for which application threads were stopped: 0.0018156 seconds, Stopping threads took: 0.0002444 seconds
2016-08-24T16:50:34.333+0000: 9753.254: [GC (Allocation Failure) 9753.255: [ParNew
Desired survivor size 8716288 bytes, new threshold 6 (max 6)
- age   1:     888512 bytes,     888512 total
- age   3:        968 bytes,     889480 total
- age   5:        968 bytes,     890448 total
: 136426K->901K(153344K), 0.0075619 secs] 328439K->192914K(1031552K), 0.0077025 secs] [Times: user=0.01 sys=0.00, real=0.01 secs] 
2016-08-24T16:50:34.341+0000: 9753.262: Total time for which application threads were stopped: 0.0085820 seconds, Stopping threads took: 0.0001002 seconds
2016-08-24T16:50:34.382+0000: 9753.303: [GC (Allocation Failure) 9753.303: [ParNew
Desired survivor size 8716288 bytes, new threshold 6 (max 6)
- age   1:      67200 bytes,      67200 total
- age   2:     230720 bytes,     297920 total
- age   4:        968 bytes,     298888 total
- age   6:        968 bytes,     299856 total
: 137221K->326K(153344K), 0.0056897 secs] 329234K->192339K(1031552K), 0.0057944 secs] [Times: user=0.01 sys=0.00, real=0.00 secs] 
2016-08-24T16:50:34.388+0000: 9753.309: Total time for which application threads were stopped: 0.0066082 seconds, Stopping threads took: 0.0000980 seconds
2016-08-24T16:50:34.431+0000: 9753.352: [GC (Allocation Failure) 9753.352: [ParNew
Desired survivor size 8716288 bytes, new threshold 6 (max 6)
- age   1:      57096 bytes,      57096 total
- age   3:     216928 bytes,     274024 total
- age   5:        968 bytes,     274992 total
: 136646K->395K(153344K), 0.0056836 secs] 328659K->192410K(1031552K), 0.0057882 secs] [Times: user=0.01 sys=0.00, real=0.00 secs] 
2016-08-24T16:50:34.437+0000: 9753.358: Total time for which application threads were stopped: 0.0066323 seconds, Stopping threads took: 0.0000868 seconds
2016-08-24T16:50:34.477+0000: 9753.399: [GC (Allocation Failure) 9753.399: [ParNew
Desired survivor size 8716288 bytes, new threshold 6 (max 6)
- age   1:      76776 bytes,      76776 total
- age   2:      14800 bytes,      91576 total
- age   4:     216928 bytes,     308504 total
- age   6:        968 bytes,     309472 total
: 136715K->386K(153344K), 0.0056521 secs] 328730K->192401K(1031552K), 0.0057544 secs] [Times: user=0.01 sys=0.00, real=0.01 secs] 
2016-08-24T16:50:34.483+0000: 9753.405: Total time for which application threads were stopped: 0.0065470 seconds, Stopping threads took: 0.0000991 seconds
2016-08-24T16:50:34.525+0000: 9753.446: [GC (Allocation Failure) 9753.446: [ParNew
Desired survivor size 8716288 bytes, new threshold 6 (max 6)
- age   1:      74312 bytes,      74312 total
- age   3:       1096 bytes,      75408 total
- age   5:     215080 bytes,     290488 total
: 136706K->441K(153344K), 0.0059812 secs] 328721K->192457K(1031552K), 0.0061090 secs] [Times: user=0.01 sys=0.00, real=0.01 secs] 
2016-08-24T16:50:34.531+0000: 9753.452: Total time for which application threads were stopped: 0.0070115 seconds, Stopping threads took: 0.0000986 seconds
2016-08-24T16:50:34.575+0000: 9753.497: [GC (Allocation Failure) 9753.497: [ParNew
Desired survivor size 8716288 bytes, new threshold 6 (max 6)
- age   1:      81688 bytes,      81688 total
- age   2:      18384 bytes,     100072 total
- age   4:       1096 bytes,     101168 total
- age   6:     214440 bytes,     315608 total
: 136761K->394K(153344K), 0.0055392 secs] 328777K->192410K(1031552K), 0.0056493 secs] [Times: user=0.01 sys=0.00, real=0.01 secs] 
2016-08-24T16:50:34.581+0000: 9753.502: Total time for which application threads were stopped: 0.0064982 seconds, Stopping threads took: 0.0001012 seconds
2016-08-24T16:50:34.620+0000: 9753.541: [GC (Allocation Failure) 9753.541: [ParNew
Desired survivor size 8716288 bytes, new threshold 6 (max 6)
- age   1:      69832 bytes,      69832 total
- age   2:        264 bytes,      70096 total
- age   3:       1000 bytes,      71096 total
- age   5:       1064 bytes,      72160 total
: 136714K->300K(153344K), 0.0059201 secs] 328730K->192528K(1031552K), 0.0060226 secs] [Times: user=0.01 sys=0.00, real=0.01 secs] 
2016-08-24T16:50:34.626+0000: 9753.547: Total time for which application threads were stopped: 0.0068317 seconds, Stopping threads took: 0.0001005 seconds
2016-08-24T16:50:34.667+0000: 9753.589: [GC (Allocation Failure) 9753.589: [ParNew
Desired survivor size 8716288 bytes, new threshold 6 (max 6)
- age   1:      61208 bytes,      61208 total
- age   2:       1160 bytes,      62368 total
- age   3:        264 bytes,      62632 total
- age   4:        968 bytes,      63600 total
- age   6:       1064 bytes,      64664 total
: 136620K->110K(153344K), 0.0055692 secs] 328848K->192337K(1031552K), 0.0056784 secs] [Times: user=0.02 sys=0.00, real=0.01 secs] 
2016-08-24T16:50:34.673+0000: 9753.595: Total time for which application threads were stopped: 0.0064619 seconds, Stopping threads took: 0.0000866 seconds
2016-08-24T16:50:34.713+0000: 9753.635: [GC (Allocation Failure) 9753.635: [ParNew
Desired survivor size 8716288 bytes, new threshold 6 (max 6)
- age   1:      89696 bytes,      89696 total
- age   2:       4040 bytes,      93736 total
- age   3:       1160 bytes,      94896 total
- age   4:        264 bytes,      95160 total
- age   5:        968 bytes,      96128 total
: 136430K->97K(153344K), 0.0055172 secs] 328657K->192326K(1031552K), 0.0056119 secs] [Times: user=0.01 sys=0.00, real=0.00 secs] 
2016-08-24T16:50:34.719+0000: 9753.641: Total time for which application threads were stopped: 0.0064186 seconds, Stopping threads took: 0.0001056 seconds
2016-08-24T16:50:34.760+0000: 9753.682: [GC (Allocation Failure) 9753.682: [ParNew
Desired survivor size 8716288 bytes, new threshold 6 (max 6)
- age   1:      49864 bytes,      49864 total
- age   3:       1000 bytes,      50864 total
- age   4:       1128 bytes,      51992 total
- age   5:        264 bytes,      52256 total
- age   6:        968 bytes,      53224 total
: 136417K->83K(153344K), 0.0057186 secs] 328646K->192311K(1031552K), 0.0058521 secs] [Times: user=0.01 sys=0.00, real=0.00 secs] 
2016-08-24T16:50:34.766+0000: 9753.688: Total time for which application threads were stopped: 0.0067206 seconds, Stopping threads took: 0.0001024 seconds
2016-08-24T16:50:34.807+0000: 9753.728: [GC (Allocation Failure) 9753.728: [ParNew
Desired survivor size 8716288 bytes, new threshold 6 (max 6)
- age   1:      78240 bytes,      78240 total
- age   2:       5624 bytes,      83864 total
- age   4:       1000 bytes,      84864 total
- age   5:       1056 bytes,      85920 total
- age   6:        264 bytes,      86184 total
: 136403K->86K(153344K), 0.0056208 secs] 328631K->192316K(1031552K), 0.0057324 secs] [Times: user=0.01 sys=0.00, real=0.01 secs] 
2016-08-24T16:50:34.813+0000: 9753.734: Total time for which application threads were stopped: 0.0065564 seconds, Stopping threads took: 0.0000999 seconds
2016-08-24T16:50:44.123+0000: 9763.045: [GC (Allocation Failure) 9763.045: [ParNew
Desired survivor size 8716288 bytes, new threshold 6 (max 6)
- age   1:    1140712 bytes,    1140712 total
- age   2:        128 bytes,    1140840 total
- age   3:        968 bytes,    1141808 total
- age   5:        968 bytes,    1142776 total
- age   6:       1032 bytes,    1143808 total
: 136406K->1149K(153344K), 0.0098126 secs] 328636K->193379K(1031552K), 0.0100555 secs] [Times: user=0.01 sys=0.00, real=0.01 secs] 
2016-08-24T16:50:44.134+0000: 9763.055: Total time for which application threads were stopped: 0.0121001 seconds, Stopping threads took: 0.0002456 seconds
2016-08-24T16:50:44.173+0000: 9763.095: [GC (Allocation Failure) 9763.095: [ParNew
Desired survivor size 8716288 bytes, new threshold 6 (max 6)
- age   1:      83704 bytes,      83704 total
- age   2:     327960 bytes,     411664 total
- age   3:        128 bytes,     411792 total
- age   4:        968 bytes,     412760 total
- age   6:        968 bytes,     413728 total
: 137469K->558K(153344K), 0.0057213 secs] 329699K->192789K(1031552K), 0.0058344 secs] [Times: user=0.01 sys=0.00, real=0.00 secs] 
2016-08-24T16:50:44.179+0000: 9763.101: Total time for which application threads were stopped: 0.0066626 seconds, Stopping threads took: 0.0001174 seconds
2016-08-24T16:50:44.222+0000: 9763.144: [GC (Allocation Failure) 9763.144: [ParNew
Desired survivor size 8716288 bytes, new threshold 6 (max 6)
- age   1:      62992 bytes,      62992 total
- age   2:         72 bytes,      63064 total
- age   3:     321680 bytes,     384744 total
- age   4:        128 bytes,     384872 total
- age   5:        968 bytes,     385840 total
: 136878K->551K(153344K), 0.0054203 secs] 329109K->192783K(1031552K), 0.0055261 secs] [Times: user=0.01 sys=0.00, real=0.00 secs] 
2016-08-24T16:50:44.228+0000: 9763.149: Total time for which application threads were stopped: 0.0063166 seconds, Stopping threads took: 0.0000988 seconds
2016-08-24T16:50:44.266+0000: 9763.188: [GC (Allocation Failure) 9763.188: [ParNew
Desired survivor size 8716288 bytes, new threshold 6 (max 6)
- age   1:      72536 bytes,      72536 total
- age   2:       8664 bytes,      81200 total
- age   3:         72 bytes,      81272 total
- age   4:     321680 bytes,     402952 total
- age   5:        128 bytes,     403080 total
- age   6:        968 bytes,     404048 total
: 136871K->547K(153344K), 0.0055305 secs] 329103K->192779K(1031552K), 0.0056364 secs] [Times: user=0.01 sys=0.00, real=0.01 secs] 
2016-08-24T16:50:44.272+0000: 9763.193: Total time for which application threads were stopped: 0.0064363 seconds, Stopping threads took: 0.0000998 seconds
2016-08-24T16:50:44.313+0000: 9763.235: [GC (Allocation Failure) 9763.235: [ParNew
Desired survivor size 8716288 bytes, new threshold 6 (max 6)
- age   1:      56200 bytes,      56200 total
- age   3:       1096 bytes,      57296 total
- age   4:         72 bytes,      57368 total
- age   5:     319832 bytes,     377200 total
- age   6:        128 bytes,     377328 total
: 136867K->569K(153344K), 0.0055632 secs] 329099K->192801K(1031552K), 0.0056735 secs] [Times: user=0.01 sys=0.00, real=0.00 secs] 
2016-08-24T16:50:44.319+0000: 9763.240: Total time for which application threads were stopped: 0.0065054 seconds, Stopping threads took: 0.0001106 seconds
2016-08-24T16:50:44.357+0000: 9763.279: [GC (Allocation Failure) 9763.279: [ParNew
Desired survivor size 8716288 bytes, new threshold 6 (max 6)
- age   1:      85592 bytes,      85592 total
- age   2:      11840 bytes,      97432 total
- age   4:       1096 bytes,      98528 total
- age   5:         72 bytes,      98600 total
- age   6:     319832 bytes,     418432 total
: 136889K->545K(153344K), 0.0064161 secs] 329121K->192778K(1031552K), 0.0065220 secs] [Times: user=0.02 sys=0.00, real=0.01 secs] 
2016-08-24T16:50:44.364+0000: 9763.286: Total time for which application threads were stopped: 0.0074069 seconds, Stopping threads took: 0.0001198 seconds
2016-08-24T16:50:44.403+0000: 9763.324: [GC (Allocation Failure) 9763.324: [ParNew
Desired survivor size 8716288 bytes, new threshold 6 (max 6)
- age   1:      59640 bytes,      59640 total
- age   3:       1000 bytes,      60640 total
- age   5:       1064 bytes,      61704 total
- age   6:         72 bytes,      61776 total
: 136865K->398K(153344K), 0.0064642 secs] 329098K->192949K(1031552K), 0.0065683 secs] [Times: user=0.01 sys=0.00, real=0.01 secs] 
2016-08-24T16:50:44.409+0000: 9763.331: Total time for which application threads were stopped: 0.0073732 seconds, Stopping threads took: 0.0000998 seconds
2016-08-24T16:50:44.449+0000: 9763.371: [GC (Allocation Failure) 9763.371: [ParNew
Desired survivor size 8716288 bytes, new threshold 6 (max 6)
- age   1:      83080 bytes,      83080 total
- age   2:      14464 bytes,      97544 total
- age   4:       1000 bytes,      98544 total
- age   6:       1064 bytes,      99608 total
: 136718K->176K(153344K), 0.0054399 secs] 329269K->192726K(1031552K), 0.0055553 secs] [Times: user=0.01 sys=0.00, real=0.00 secs] 
2016-08-24T16:50:44.455+0000: 9763.377: Total time for which application threads were stopped: 0.0063870 seconds, Stopping threads took: 0.0001204 seconds
2016-08-24T16:50:44.496+0000: 9763.418: [GC (Allocation Failure) 9763.418: [ParNew
Desired survivor size 8716288 bytes, new threshold 6 (max 6)
- age   1:      62512 bytes,      62512 total
- age   3:       1000 bytes,      63512 total
- age   5:        968 bytes,      64480 total
: 136496K->82K(153344K), 0.0057565 secs] 329046K->192634K(1031552K), 0.0058707 secs] [Times: user=0.01 sys=0.00, real=0.01 secs] 
2016-08-24T16:50:44.502+0000: 9763.424: Total time for which application threads were stopped: 0.0067225 seconds, Stopping threads took: 0.0001054 seconds
2016-08-24T16:50:44.542+0000: 9763.463: [GC (Allocation Failure) 9763.463: [ParNew
Desired survivor size 8716288 bytes, new threshold 6 (max 6)
- age   1:      66576 bytes,      66576 total
- age   2:      17760 bytes,      84336 total
- age   4:       1000 bytes,      85336 total
- age   6:        968 bytes,      86304 total
: 136402K->91K(153344K), 0.0056058 secs] 328954K->192643K(1031552K), 0.0057761 secs] [Times: user=0.01 sys=0.00, real=0.00 secs] 
2016-08-24T16:50:44.548+0000: 9763.469: Total time for which application threads were stopped: 0.0071159 seconds, Stopping threads took: 0.0003244 seconds
2016-08-24T16:50:44.588+0000: 9763.510: [GC (Allocation Failure) 9763.510: [ParNew
Desired survivor size 8716288 bytes, new threshold 6 (max 6)
- age   1:      62384 bytes,      62384 total
- age   3:       1000 bytes,      63384 total
- age   5:        968 bytes,      64352 total
: 136411K->97K(153344K), 0.0054733 secs] 328963K->192649K(1031552K), 0.0055773 secs] [Times: user=0.01 sys=0.00, real=0.01 secs] 
2016-08-24T16:50:44.594+0000: 9763.515: Total time for which application threads were stopped: 0.0064159 seconds, Stopping threads took: 0.0001189 seconds
2016-08-24T16:50:44.632+0000: 9763.553: [GC (Allocation Failure) 9763.554: [ParNew
Desired survivor size 8716288 bytes, new threshold 6 (max 6)
- age   1:      78616 bytes,      78616 total
- age   2:      20696 bytes,      99312 total
- age   4:       1000 bytes,     100312 total
- age   6:        968 bytes,     101280 total
: 136417K->112K(153344K), 0.0055026 secs] 328969K->192665K(1031552K), 0.0056057 secs] [Times: user=0.01 sys=0.00, real=0.00 secs] 
2016-08-24T16:50:44.638+0000: 9763.559: Total time for which application threads were stopped: 0.0064046 seconds, Stopping threads took: 0.0000968 seconds
2016-08-24T16:50:54.813+0000: 9773.734: [GC (Allocation Failure) 9773.734: [ParNew
Desired survivor size 8716288 bytes, new threshold 6 (max 6)
- age   1:    1177088 bytes,    1177088 total
- age   3:        968 bytes,    1178056 total
- age   5:        968 bytes,    1179024 total
: 136432K->1184K(153344K), 0.0088550 secs] 328985K->193738K(1031552K), 0.0089815 secs] [Times: user=0.01 sys=0.00, real=0.01 secs] 
2016-08-24T16:50:54.822+0000: 9773.743: Total time for which application threads were stopped: 0.0098571 seconds, Stopping threads took: 0.0000989 seconds
2016-08-24T16:50:54.861+0000: 9773.783: [GC (Allocation Failure) 9773.783: [ParNew
Desired survivor size 8716288 bytes, new threshold 6 (max 6)
- age   1:      79960 bytes,      79960 total
- age   2:     324192 bytes,     404152 total
- age   4:        968 bytes,     405120 total
- age   6:        968 bytes,     406088 total
: 137504K->553K(153344K), 0.0062078 secs] 330058K->193107K(1031552K), 0.0063135 secs] [Times: user=0.02 sys=0.00, real=0.00 secs] 
2016-08-24T16:50:54.868+0000: 9773.789: Total time for which application threads were stopped: 0.0071303 seconds, Stopping threads took: 0.0001175 seconds
2016-08-24T16:50:54.909+0000: 9773.830: [GC (Allocation Failure) 9773.830: [ParNew
Desired survivor size 8716288 bytes, new threshold 6 (max 6)
- age   1:      85792 bytes,      85792 total
- age   2:         72 bytes,      85864 total
- age   3:     303552 bytes,     389416 total
- age   5:        968 bytes,     390384 total
: 136873K->542K(153344K), 0.0058823 secs] 329427K->193096K(1031552K), 0.0060033 secs] [Times: user=0.01 sys=0.00, real=0.00 secs] 
2016-08-24T16:50:54.915+0000: 9773.836: Total time for which application threads were stopped: 0.0068359 seconds, Stopping threads took: 0.0000958 seconds
2016-08-24T16:50:54.957+0000: 9773.879: [GC (Allocation Failure) 9773.879: [ParNew
Desired survivor size 8716288 bytes, new threshold 6 (max 6)
- age   1:      54968 bytes,      54968 total
- age   2:       1096 bytes,      56064 total
- age   3:         72 bytes,      56136 total
- age   4:     301704 bytes,     357840 total
- age   6:        968 bytes,     358808 total
: 136862K->549K(153344K), 0.0058720 secs] 329416K->193103K(1031552K), 0.0059838 secs] [Times: user=0.01 sys=0.00, real=0.01 secs] 
2016-08-24T16:50:54.963+0000: 9773.885: Total time for which application threads were stopped: 0.0068430 seconds, Stopping threads took: 0.0000993 seconds
2016-08-24T16:50:55.002+0000: 9773.924: [GC (Allocation Failure) 9773.924: [ParNew
Desired survivor size 8716288 bytes, new threshold 6 (max 6)
- age   1:      70592 bytes,      70592 total
- age   2:       4632 bytes,      75224 total
- age   3:       1096 bytes,      76320 total
- age   4:         72 bytes,      76392 total
- age   5:     301704 bytes,     378096 total
: 136869K->516K(153344K), 0.0063328 secs] 329423K->193071K(1031552K), 0.0064531 secs] [Times: user=0.02 sys=0.00, real=0.01 secs] 
2016-08-24T16:50:55.009+0000: 9773.930: Total time for which application threads were stopped: 0.0072811 seconds, Stopping threads took: 0.0001002 seconds
2016-08-24T16:50:55.051+0000: 9773.973: [GC (Allocation Failure) 9773.973: [ParNew
Desired survivor size 8716288 bytes, new threshold 6 (max 6)
- age   1:      68440 bytes,      68440 total
- age   3:       1000 bytes,      69440 total
- age   4:       1064 bytes,      70504 total
- age   5:         72 bytes,      70576 total
- age   6:     299456 bytes,     370032 total
: 136836K->532K(153344K), 0.0064131 secs] 329391K->193087K(1031552K), 0.0065077 secs] [Times: user=0.01 sys=0.00, real=0.00 secs] 
2016-08-24T16:50:55.058+0000: 9773.979: Total time for which application threads were stopped: 0.0073163 seconds, Stopping threads took: 0.0001029 seconds
2016-08-24T16:50:55.096+0000: 9774.018: [GC (Allocation Failure) 9774.018: [ParNew
Desired survivor size 8716288 bytes, new threshold 6 (max 6)
- age   1:      70184 bytes,      70184 total
- age   2:       7768 bytes,      77952 total
- age   4:       1000 bytes,      78952 total
- age   5:       1064 bytes,      80016 total
- age   6:         72 bytes,      80088 total
: 136852K->362K(153344K), 0.0062093 secs] 329407K->193217K(1031552K), 0.0063286 secs] [Times: user=0.01 sys=0.00, real=0.01 secs] 
2016-08-24T16:50:55.103+0000: 9774.024: Total time for which application threads were stopped: 0.0071859 seconds, Stopping threads took: 0.0000954 seconds
2016-08-24T16:50:55.145+0000: 9774.066: [GC (Allocation Failure) 9774.066: [ParNew
Desired survivor size 8716288 bytes, new threshold 6 (max 6)
- age   1:      71232 bytes,      71232 total
- age   3:       1000 bytes,      72232 total
- age   5:        968 bytes,      73200 total
- age   6:       1064 bytes,      74264 total
: 136682K->123K(153344K), 0.0056127 secs] 329537K->192978K(1031552K), 0.0057005 secs] [Times: user=0.02 sys=0.00, real=0.01 secs] 
2016-08-24T16:50:55.150+0000: 9774.072: Total time for which application threads were stopped: 0.0065643 seconds, Stopping threads took: 0.0001024 seconds
2016-08-24T16:50:55.190+0000: 9774.112: [GC (Allocation Failure) 9774.112: [ParNew
Desired survivor size 8716288 bytes, new threshold 6 (max 6)
- age   1:      74840 bytes,      74840 total
- age   2:      10696 bytes,      85536 total
- age   4:       1000 bytes,      86536 total
- age   6:        968 bytes,      87504 total
: 136443K->109K(153344K), 0.0058620 secs] 329298K->192965K(1031552K), 0.0060053 secs] [Times: user=0.01 sys=0.00, real=0.00 secs] 
2016-08-24T16:50:55.197+0000: 9774.118: Total time for which application threads were stopped: 0.0068628 seconds, Stopping threads took: 0.0000999 seconds
2016-08-24T16:50:55.239+0000: 9774.160: [GC (Allocation Failure) 9774.160: [ParNew
Desired survivor size 8716288 bytes, new threshold 6 (max 6)
- age   1:      61472 bytes,      61472 total
- age   3:       1000 bytes,      62472 total
- age   5:        968 bytes,      63440 total
: 136429K->107K(153344K), 0.0054141 secs] 329285K->192964K(1031552K), 0.0055035 secs] [Times: user=0.01 sys=0.00, real=0.01 secs] 
2016-08-24T16:50:55.244+0000: 9774.166: Total time for which application threads were stopped: 0.0062782 seconds, Stopping threads took: 0.0001012 seconds
2016-08-24T16:50:55.286+0000: 9774.208: [GC (Allocation Failure) 9774.208: [ParNew
Desired survivor size 8716288 bytes, new threshold 6 (max 6)
- age   1:      84744 bytes,      84744 total
- age   2:      14088 bytes,      98832 total
- age   4:       1000 bytes,      99832 total
- age   6:        968 bytes,     100800 total
: 136427K->107K(153344K), 0.0052318 secs] 329284K->192964K(1031552K), 0.0053248 secs] [Times: user=0.01 sys=0.00, real=0.01 secs] 
2016-08-24T16:50:55.292+0000: 9774.213: Total time for which application threads were stopped: 0.0061566 seconds, Stopping threads took: 0.0000952 seconds
2016-08-24T16:50:58.661+0000: 9777.582: Total time for which application threads were stopped: 0.0006666 seconds, Stopping threads took: 0.0001307 seconds
2016-08-24T16:50:58.661+0000: 9777.583: Total time for which application threads were stopped: 0.0003921 seconds, Stopping threads took: 0.0000919 seconds
2016-08-24T16:50:58.662+0000: 9777.583: Total time for which application threads were stopped: 0.0004139 seconds, Stopping threads took: 0.0000965 seconds
2016-08-24T16:51:01.809+0000: 9780.731: Total time for which application threads were stopped: 0.0019014 seconds, Stopping threads took: 0.0001995 seconds
2016-08-24T16:51:01.811+0000: 9780.732: Total time for which application threads were stopped: 0.0012179 seconds, Stopping threads took: 0.0001250 seconds
2016-08-24T16:51:01.813+0000: 9780.734: Total time for which application threads were stopped: 0.0017039 seconds, Stopping threads took: 0.0001277 seconds
2016-08-24T16:51:04.140+0000: 9783.061: [GC (Allocation Failure) 9783.061: [ParNew
Desired survivor size 8716288 bytes, new threshold 6 (max 6)
- age   1:     976240 bytes,     976240 total
- age   3:        968 bytes,     977208 total
- age   5:        968 bytes,     978176 total
: 136427K->967K(153344K), 0.0082123 secs] 329284K->193825K(1031552K), 0.0083312 secs] [Times: user=0.01 sys=0.00, real=0.01 secs] 
2016-08-24T16:51:04.148+0000: 9783.070: Total time for which application threads were stopped: 0.0092836 seconds, Stopping threads took: 0.0001996 seconds
2016-08-24T16:51:04.186+0000: 9783.108: [GC (Allocation Failure) 9783.108: [ParNew
Desired survivor size 8716288 bytes, new threshold 6 (max 6)
- age   1:      80848 bytes,      80848 total
- age   2:     298400 bytes,     379248 total
- age   4:        968 bytes,     380216 total
- age   6:        968 bytes,     381184 total
: 137287K->418K(153344K), 0.0057600 secs] 330145K->193276K(1031552K), 0.0058668 secs] [Times: user=0.02 sys=0.00, real=0.01 secs] 
2016-08-24T16:51:04.192+0000: 9783.114: Total time for which application threads were stopped: 0.0066973 seconds, Stopping threads took: 0.0000939 seconds
2016-08-24T16:51:04.234+0000: 9783.156: [GC (Allocation Failure) 9783.156: [ParNew
Desired survivor size 8716288 bytes, new threshold 6 (max 6)
- age   1:      76296 bytes,      76296 total
- age   2:        160 bytes,      76456 total
- age   3:     283392 bytes,     359848 total
- age   5:        968 bytes,     360816 total
: 136738K->508K(153344K), 0.0064263 secs] 329596K->193367K(1031552K), 0.0065428 secs] [Times: user=0.01 sys=0.00, real=0.01 secs] 
2016-08-24T16:51:04.241+0000: 9783.162: Total time for which application threads were stopped: 0.0074217 seconds, Stopping threads took: 0.0001162 seconds
2016-08-24T16:51:04.281+0000: 9783.202: [GC (Allocation Failure) 9783.203: [ParNew
Desired survivor size 8716288 bytes, new threshold 6 (max 6)
- age   1:      83672 bytes,      83672 total
- age   2:      15360 bytes,      99032 total
- age   3:        160 bytes,      99192 total
- age   4:     283392 bytes,     382584 total
- age   6:        968 bytes,     383552 total
: 136828K->511K(153344K), 0.0067056 secs] 329687K->193370K(1031552K), 0.0068251 secs] [Times: user=0.01 sys=0.00, real=0.00 secs] 
2016-08-24T16:51:04.288+0000: 9783.209: Total time for which application threads were stopped: 0.0077205 seconds, Stopping threads took: 0.0001039 seconds
2016-08-24T16:51:04.330+0000: 9783.252: [GC (Allocation Failure) 9783.252: [ParNew
Desired survivor size 8716288 bytes, new threshold 6 (max 6)
- age   1:      73392 bytes,      73392 total
- age   3:       1096 bytes,      74488 total
- age   4:        160 bytes,      74648 total
- age   5:     281544 bytes,     356192 total
: 136831K->537K(153344K), 0.0060073 secs] 329690K->193396K(1031552K), 0.0061063 secs] [Times: user=0.01 sys=0.00, real=0.00 secs] 
2016-08-24T16:51:04.336+0000: 9783.258: Total time for which application threads were stopped: 0.0068931 seconds, Stopping threads took: 0.0000990 seconds
2016-08-24T16:51:04.378+0000: 9783.300: [GC (Allocation Failure) 9783.300: [ParNew
Desired survivor size 8716288 bytes, new threshold 6 (max 6)
- age   1:      74424 bytes,      74424 total
- age   2:      18792 bytes,      93216 total
- age   4:       1096 bytes,      94312 total
- age   5:        160 bytes,      94472 total
- age   6:     281544 bytes,     376016 total
: 136857K->511K(153344K), 0.0062918 secs] 329716K->193371K(1031552K), 0.0064105 secs] [Times: user=0.01 sys=0.00, real=0.01 secs] 
2016-08-24T16:51:04.385+0000: 9783.306: Total time for which application threads were stopped: 0.0073183 seconds, Stopping threads took: 0.0001226 seconds
2016-08-24T16:51:04.427+0000: 9783.348: [GC (Allocation Failure) 9783.348: [ParNew
Desired survivor size 8716288 bytes, new threshold 6 (max 6)
- age   1:      67800 bytes,      67800 total
- age   3:       1000 bytes,      68800 total
- age   5:       1064 bytes,      69864 total
- age   6:        160 bytes,      70024 total
: 136831K->366K(153344K), 0.0065879 secs] 329691K->193504K(1031552K), 0.0066813 secs] [Times: user=0.01 sys=0.00, real=0.01 secs] 
2016-08-24T16:51:04.433+0000: 9783.355: Total time for which application threads were stopped: 0.0074765 seconds, Stopping threads took: 0.0001001 seconds
2016-08-24T16:51:04.475+0000: 9783.396: [GC (Allocation Failure) 9783.396: [ParNew
Desired survivor size 8716288 bytes, new threshold 6 (max 6)
- age   1:      48856 bytes,      48856 total
- age   2:       1000 bytes,      49856 total
- age   4:        968 bytes,      50824 total
- age   6:       1064 bytes,      51888 total
: 136686K->125K(153344K), 0.0056670 secs] 329824K->193264K(1031552K), 0.0057818 secs] [Times: user=0.01 sys=0.00, real=0.01 secs] 
2016-08-24T16:51:04.481+0000: 9783.402: Total time for which application threads were stopped: 0.0066090 seconds, Stopping threads took: 0.0000956 seconds
2016-08-24T16:51:04.521+0000: 9783.442: [GC (Allocation Failure) 9783.442: [ParNew
Desired survivor size 8716288 bytes, new threshold 6 (max 6)
- age   1:      74552 bytes,      74552 total
- age   2:       4360 bytes,      78912 total
- age   3:       1000 bytes,      79912 total
- age   5:        968 bytes,      80880 total
: 136445K->97K(153344K), 0.0052654 secs] 329584K->193237K(1031552K), 0.0053538 secs] [Times: user=0.01 sys=0.00, real=0.00 secs] 
2016-08-24T16:51:04.526+0000: 9783.448: Total time for which application threads were stopped: 0.0061530 seconds, Stopping threads took: 0.0000888 seconds
2016-08-24T16:51:04.567+0000: 9783.488: [GC (Allocation Failure) 9783.489: [ParNew
Desired survivor size 8716288 bytes, new threshold 6 (max 6)
- age   1:      62272 bytes,      62272 total
- age   3:       1000 bytes,      63272 total
- age   4:        968 bytes,      64240 total
- age   6:        968 bytes,      65208 total
: 136417K->91K(153344K), 0.0057672 secs] 329557K->193231K(1031552K), 0.0059217 secs] [Times: user=0.01 sys=0.00, real=0.01 secs] 
2016-08-24T16:51:04.573+0000: 9783.495: Total time for which application threads were stopped: 0.0068303 seconds, Stopping threads took: 0.0001185 seconds
2016-08-24T16:51:04.611+0000: 9783.533: [GC (Allocation Failure) 9783.533: [ParNew
Desired survivor size 8716288 bytes, new threshold 6 (max 6)
- age   1:      70520 bytes,      70520 total
- age   2:       7272 bytes,      77792 total
- age   4:       1000 bytes,      78792 total
- age   5:        968 bytes,      79760 total
: 136411K->88K(153344K), 0.0055839 secs] 329551K->193229K(1031552K), 0.0056961 secs] [Times: user=0.01 sys=0.00, real=0.00 secs] 
2016-08-24T16:51:04.617+0000: 9783.539: Total time for which application threads were stopped: 0.0065152 seconds, Stopping threads took: 0.0000979 seconds
2016-08-24T16:51:14.249+0000: 9793.170: [GC (Allocation Failure) 9793.170: [ParNew
Desired survivor size 8716288 bytes, new threshold 6 (max 6)
- age   1:     929408 bytes,     929408 total
- age   3:        968 bytes,     930376 total
- age   5:        968 bytes,     931344 total
- age   6:        968 bytes,     932312 total
: 136408K->937K(153344K), 0.0072071 secs] 329549K->194078K(1031552K), 0.0073525 secs] [Times: user=0.01 sys=0.00, real=0.00 secs] 
2016-08-24T16:51:14.256+0000: 9793.178: Total time for which application threads were stopped: 0.0082729 seconds, Stopping threads took: 0.0001025 seconds
2016-08-24T16:51:14.294+0000: 9793.216: [GC (Allocation Failure) 9793.216: [ParNew
Desired survivor size 8716288 bytes, new threshold 6 (max 6)
- age   1:      88200 bytes,      88200 total
- age   2:     223736 bytes,     311936 total
- age   4:        968 bytes,     312904 total
- age   6:        968 bytes,     313872 total
: 137257K->399K(153344K), 0.0054855 secs] 330398K->193541K(1031552K), 0.0056035 secs] [Times: user=0.01 sys=0.00, real=0.00 secs] 
2016-08-24T16:51:14.300+0000: 9793.222: Total time for which application threads were stopped: 0.0064064 seconds, Stopping threads took: 0.0001005 seconds
2016-08-24T16:51:14.342+0000: 9793.263: [GC (Allocation Failure) 9793.263: [ParNew
Desired survivor size 8716288 bytes, new threshold 6 (max 6)
- age   1:      51896 bytes,      51896 total
- age   2:        232 bytes,      52128 total
- age   3:     216896 bytes,     269024 total
- age   5:        968 bytes,     269992 total
: 136719K->409K(153344K), 0.0053831 secs] 329861K->193552K(1031552K), 0.0054927 secs] [Times: user=0.01 sys=0.00, real=0.00 secs] 
2016-08-24T16:51:14.347+0000: 9793.269: Total time for which application threads were stopped: 0.0063337 seconds, Stopping threads took: 0.0001015 seconds
2016-08-24T16:51:14.387+0000: 9793.309: [GC (Allocation Failure) 9793.309: [ParNew
Desired survivor size 8716288 bytes, new threshold 6 (max 6)
- age   1:      86288 bytes,      86288 total
- age   2:       9160 bytes,      95448 total
- age   3:        232 bytes,      95680 total
- age   4:     216896 bytes,     312576 total
- age   6:        968 bytes,     313544 total
: 136729K->502K(153344K), 0.0053528 secs] 329872K->193645K(1031552K), 0.0054601 secs] [Times: user=0.01 sys=0.00, real=0.01 secs] 
2016-08-24T16:51:14.393+0000: 9793.314: Total time for which application threads were stopped: 0.0062951 seconds, Stopping threads took: 0.0000991 seconds
2016-08-24T16:51:14.433+0000: 9793.355: [GC (Allocation Failure) 9793.355: [ParNew
Desired survivor size 8716288 bytes, new threshold 6 (max 6)
- age   1:      74808 bytes,      74808 total
- age   3:       1096 bytes,      75904 total
- age   4:        232 bytes,      76136 total
- age   5:     215048 bytes,     291184 total
: 136822K->357K(153344K), 0.0057013 secs] 329965K->193501K(1031552K), 0.0058055 secs] [Times: user=0.01 sys=0.00, real=0.00 secs] 
2016-08-24T16:51:14.439+0000: 9793.361: Total time for which application threads were stopped: 0.0066260 seconds, Stopping threads took: 0.0001141 seconds
2016-08-24T16:51:14.477+0000: 9793.399: [GC (Allocation Failure) 9793.399: [ParNew
Desired survivor size 8716288 bytes, new threshold 6 (max 6)
- age   1:      78120 bytes,      78120 total
- age   2:      12560 bytes,      90680 total
- age   4:       1096 bytes,      91776 total
- age   5:        232 bytes,      92008 total
- age   6:     215048 bytes,     307056 total
: 136677K->489K(153344K), 0.0056828 secs] 329821K->193633K(1031552K), 0.0057960 secs] [Times: user=0.02 sys=0.00, real=0.01 secs] 
2016-08-24T16:51:14.483+0000: 9793.405: Total time for which application threads were stopped: 0.0065871 seconds, Stopping threads took: 0.0000992 seconds
2016-08-24T16:51:14.524+0000: 9793.446: [GC (Allocation Failure) 9793.446: [ParNew
Desired survivor size 8716288 bytes, new threshold 6 (max 6)
- age   1:      75080 bytes,      75080 total
- age   3:       1000 bytes,      76080 total
- age   5:       1064 bytes,      77144 total
- age   6:        232 bytes,      77376 total
: 136809K->189K(153344K), 0.0058451 secs] 329953K->193546K(1031552K), 0.0059466 secs] [Times: user=0.00 sys=0.01, real=0.01 secs] 
2016-08-24T16:51:14.530+0000: 9793.452: Total time for which application threads were stopped: 0.0067398 seconds, Stopping threads took: 0.0000981 seconds
2016-08-24T16:51:14.570+0000: 9793.491: [GC (Allocation Failure) 9793.491: [ParNew
Desired survivor size 8716288 bytes, new threshold 6 (max 6)
- age   1:      73032 bytes,      73032 total
- age   2:      14792 bytes,      87824 total
- age   4:       1000 bytes,      88824 total
- age   6:       1064 bytes,      89888 total
: 136509K->106K(153344K), 0.0062985 secs] 329866K->193463K(1031552K), 0.0064864 secs] [Times: user=0.02 sys=0.00, real=0.00 secs] 
2016-08-24T16:51:14.576+0000: 9793.498: Total time for which application threads were stopped: 0.0075254 seconds, Stopping threads took: 0.0001095 seconds
2016-08-24T16:51:14.617+0000: 9793.539: [GC (Allocation Failure) 9793.539: [ParNew
Desired survivor size 8716288 bytes, new threshold 6 (max 6)
- age   1:      72856 bytes,      72856 total
- age   2:        448 bytes,      73304 total
- age   3:       1000 bytes,      74304 total
- age   5:        968 bytes,      75272 total
: 136426K->114K(153344K), 0.0052619 secs] 329783K->193472K(1031552K), 0.0053625 secs] [Times: user=0.01 sys=0.00, real=0.01 secs] 
2016-08-24T16:51:14.623+0000: 9793.544: Total time for which application threads were stopped: 0.0062443 seconds, Stopping threads took: 0.0001208 seconds
2016-08-24T16:51:14.663+0000: 9793.584: [GC (Allocation Failure) 9793.584: [ParNew
Desired survivor size 8716288 bytes, new threshold 6 (max 6)
- age   1:      67704 bytes,      67704 total
- age   2:      18536 bytes,      86240 total
- age   3:        448 bytes,      86688 total
- age   4:       1000 bytes,      87688 total
- age   6:        968 bytes,      88656 total
: 136434K->103K(153344K), 0.0052463 secs] 329792K->193461K(1031552K), 0.0053503 secs] [Times: user=0.01 sys=0.00, real=0.01 secs] 
2016-08-24T16:51:14.668+0000: 9793.590: Total time for which application threads were stopped: 0.0061739 seconds, Stopping threads took: 0.0001004 seconds
2016-08-24T16:51:14.711+0000: 9793.633: [GC (Allocation Failure) 9793.633: [ParNew
Desired survivor size 8716288 bytes, new threshold 6 (max 6)
- age   1:      86408 bytes,      86408 total
- age   3:       1000 bytes,      87408 total
- age   4:        448 bytes,      87856 total
- age   5:        968 bytes,      88824 total
: 136423K->127K(153344K), 0.0051482 secs] 329781K->193486K(1031552K), 0.0052508 secs] [Times: user=0.01 sys=0.00, real=0.00 secs] 
2016-08-24T16:51:14.717+0000: 9793.638: Total time for which application threads were stopped: 0.0060673 seconds, Stopping threads took: 0.0000997 seconds
2016-08-24T16:51:14.758+0000: 9793.679: [GC (Allocation Failure) 9793.679: [ParNew
Desired survivor size 8716288 bytes, new threshold 6 (max 6)
- age   1:     184744 bytes,     184744 total
- age   2:       2448 bytes,     187192 total
- age   4:       1000 bytes,     188192 total
- age   5:        376 bytes,     188568 total
- age   6:        968 bytes,     189536 total
: 136447K->196K(153344K), 0.0053299 secs] 329806K->193555K(1031552K), 0.0054232 secs] [Times: user=0.01 sys=0.00, real=0.01 secs] 
2016-08-24T16:51:14.763+0000: 9793.685: Total time for which application threads were stopped: 0.0062012 seconds, Stopping threads took: 0.0000850 seconds
2016-08-24T16:51:24.280+0000: 9803.202: [GC (Allocation Failure) 9803.202: [ParNew
Desired survivor size 8716288 bytes, new threshold 6 (max 6)
- age   1:    1238272 bytes,    1238272 total
- age   2:      96648 bytes,    1334920 total
- age   3:        968 bytes,    1335888 total
- age   5:        968 bytes,    1336856 total
- age   6:        304 bytes,    1337160 total
: 136516K->1365K(153344K), 0.0087879 secs] 329875K->194725K(1031552K), 0.0089310 secs] [Times: user=0.02 sys=0.00, real=0.01 secs] 
2016-08-24T16:51:24.290+0000: 9803.211: Total time for which application threads were stopped: 0.0097921 seconds, Stopping threads took: 0.0000952 seconds
2016-08-24T16:51:24.330+0000: 9803.251: [GC (Allocation Failure) 9803.251: [ParNew
Desired survivor size 8716288 bytes, new threshold 6 (max 6)
- age   1:      64832 bytes,      64832 total
- age   2:     266456 bytes,     331288 total
- age   3:      80976 bytes,     412264 total
- age   4:        968 bytes,     413232 total
- age   6:        968 bytes,     414200 total
: 137685K->616K(153344K), 0.0064396 secs] 331045K->193976K(1031552K), 0.0065583 secs] [Times: user=0.01 sys=0.00, real=0.00 secs] 
2016-08-24T16:51:24.336+0000: 9803.258: Total time for which application threads were stopped: 0.0074088 seconds, Stopping threads took: 0.0000988 seconds
2016-08-24T16:51:24.378+0000: 9803.300: [GC (Allocation Failure) 9803.300: [ParNew
Desired survivor size 8716288 bytes, new threshold 6 (max 6)
- age   1:      89720 bytes,      89720 total
- age   2:         72 bytes,      89792 total
- age   3:     245408 bytes,     335200 total
- age   4:      80976 bytes,     416176 total
- age   5:        968 bytes,     417144 total
: 136936K->561K(153344K), 0.0064336 secs] 330296K->193922K(1031552K), 0.0065492 secs] [Times: user=0.01 sys=0.00, real=0.01 secs] 
2016-08-24T16:51:24.385+0000: 9803.306: Total time for which application threads were stopped: 0.0073913 seconds, Stopping threads took: 0.0000869 seconds
2016-08-24T16:51:24.427+0000: 9803.349: [GC (Allocation Failure) 9803.349: [ParNew
Desired survivor size 8716288 bytes, new threshold 6 (max 6)
- age   1:      60720 bytes,      60720 total
- age   2:       1096 bytes,      61816 total
- age   3:         72 bytes,      61888 total
- age   4:     243560 bytes,     305448 total
- age   5:      80976 bytes,     386424 total
- age   6:        968 bytes,     387392 total
: 136881K->584K(153344K), 0.0067126 secs] 330242K->193944K(1031552K), 0.0068459 secs] [Times: user=0.01 sys=0.00, real=0.01 secs] 
2016-08-24T16:51:24.434+0000: 9803.356: Total time for which application threads were stopped: 0.0077290 seconds, Stopping threads took: 0.0001062 seconds
2016-08-24T16:51:24.475+0000: 9803.397: [GC (Allocation Failure) 9803.397: [ParNew
Desired survivor size 8716288 bytes, new threshold 6 (max 6)
- age   1:      60392 bytes,      60392 total
- age   2:       4632 bytes,      65024 total
- age   3:       1096 bytes,      66120 total
- age   4:         72 bytes,      66192 total
- age   5:     243560 bytes,     309752 total
- age   6:      80976 bytes,     390728 total
: 136904K->556K(153344K), 0.0063574 secs] 330264K->193918K(1031552K), 0.0064702 secs] [Times: user=0.01 sys=0.00, real=0.01 secs] 
2016-08-24T16:51:24.482+0000: 9803.403: Total time for which application threads were stopped: 0.0073079 seconds, Stopping threads took: 0.0000990 seconds
2016-08-24T16:51:24.522+0000: 9803.444: [GC (Allocation Failure) 9803.444: [ParNew
Desired survivor size 8716288 bytes, new threshold 6 (max 6)
- age   1:      53408 bytes,      53408 total
- age   3:       1000 bytes,      54408 total
- age   4:       1064 bytes,      55472 total
- age   5:         72 bytes,      55544 total
- age   6:     241744 bytes,     297288 total
: 136876K->382K(153344K), 0.0067154 secs] 330238K->193825K(1031552K), 0.0068559 secs] [Times: user=0.01 sys=0.00, real=0.01 secs] 
2016-08-24T16:51:24.529+0000: 9803.451: Total time for which application threads were stopped: 0.0077063 seconds, Stopping threads took: 0.0000981 seconds
2016-08-24T16:51:24.573+0000: 9803.494: [GC (Allocation Failure) 9803.494: [ParNew
Desired survivor size 8716288 bytes, new threshold 6 (max 6)
- age   1:      85568 bytes,      85568 total
- age   2:       7832 bytes,      93400 total
- age   4:       1000 bytes,      94400 total
- age   5:       1064 bytes,      95464 total
- age   6:         72 bytes,      95536 total
: 136702K->312K(153344K), 0.0087591 secs] 330145K->193996K(1031552K), 0.0088907 secs] [Times: user=0.01 sys=0.00, real=0.01 secs] 
2016-08-24T16:51:24.582+0000: 9803.503: Total time for which application threads were stopped: 0.0098321 seconds, Stopping threads took: 0.0001210 seconds
2016-08-24T16:51:24.621+0000: 9803.542: [GC (Allocation Failure) 9803.542: [ParNew
Desired survivor size 8716288 bytes, new threshold 6 (max 6)
- age   1:      50912 bytes,      50912 total
- age   3:       1000 bytes,      51912 total
- age   5:        968 bytes,      52880 total
- age   6:       1064 bytes,      53944 total
: 136632K->118K(153344K), 0.0059619 secs] 330316K->193802K(1031552K), 0.0060755 secs] [Times: user=0.01 sys=0.00, real=0.00 secs] 
2016-08-24T16:51:24.627+0000: 9803.548: Total time for which application threads were stopped: 0.0069690 seconds, Stopping threads took: 0.0001034 seconds
2016-08-24T16:51:24.667+0000: 9803.589: [GC (Allocation Failure) 9803.589: [ParNew
Desired survivor size 8716288 bytes, new threshold 6 (max 6)
- age   1:      93048 bytes,      93048 total
- age   2:      10864 bytes,     103912 total
- age   4:       1000 bytes,     104912 total
- age   6:        968 bytes,     105880 total
: 136438K->114K(153344K), 0.0058150 secs] 330122K->193799K(1031552K), 0.0059122 secs] [Times: user=0.02 sys=0.00, real=0.01 secs] 
2016-08-24T16:51:24.673+0000: 9803.595: Total time for which application threads were stopped: 0.0066905 seconds, Stopping threads took: 0.0001033 seconds
2016-08-24T16:51:24.715+0000: 9803.636: [GC (Allocation Failure) 9803.636: [ParNew
Desired survivor size 8716288 bytes, new threshold 6 (max 6)
- age   1:      77720 bytes,      77720 total
- age   3:       1000 bytes,      78720 total
- age   5:        968 bytes,      79688 total
: 136434K->121K(153344K), 0.0059449 secs] 330119K->193807K(1031552K), 0.0060628 secs] [Times: user=0.01 sys=0.00, real=0.01 secs] 
2016-08-24T16:51:24.721+0000: 9803.642: Total time for which application threads were stopped: 0.0069044 seconds, Stopping threads took: 0.0000981 seconds
2016-08-24T16:51:24.761+0000: 9803.683: [GC (Allocation Failure) 9803.683: [ParNew
Desired survivor size 8716288 bytes, new threshold 6 (max 6)
- age   1:      67632 bytes,      67632 total
- age   2:      14088 bytes,      81720 total
- age   4:       1000 bytes,      82720 total
- age   6:        968 bytes,      83688 total
: 136441K->107K(153344K), 0.0055648 secs] 330127K->193793K(1031552K), 0.0056573 secs] [Times: user=0.01 sys=0.00, real=0.00 secs] 
2016-08-24T16:51:24.767+0000: 9803.689: Total time for which application threads were stopped: 0.0064569 seconds, Stopping threads took: 0.0001017 seconds
2016-08-24T16:51:34.524+0000: 9813.445: [GC (Allocation Failure) 9813.445: [ParNew
Desired survivor size 8716288 bytes, new threshold 6 (max 6)
- age   1:     907816 bytes,     907816 total
- age   3:        968 bytes,     908784 total
- age   5:        968 bytes,     909752 total
: 136427K->921K(153344K), 0.0078924 secs] 330113K->194608K(1031552K), 0.0080109 secs] [Times: user=0.02 sys=0.00, real=0.01 secs] 
2016-08-24T16:51:34.532+0000: 9813.453: Total time for which application threads were stopped: 0.0088414 seconds, Stopping threads took: 0.0000989 seconds
2016-08-24T16:51:34.571+0000: 9813.492: [GC (Allocation Failure) 9813.493: [ParNew
Desired survivor size 8716288 bytes, new threshold 6 (max 6)
- age   1:      87336 bytes,      87336 total
- age   2:     231000 bytes,     318336 total
- age   4:        968 bytes,     319304 total
- age   6:        968 bytes,     320272 total
: 137241K->396K(153344K), 0.0060627 secs] 330928K->194083K(1031552K), 0.0061910 secs] [Times: user=0.01 sys=0.00, real=0.00 secs] 
2016-08-24T16:51:34.577+0000: 9813.499: Total time for which application threads were stopped: 0.0070475 seconds, Stopping threads took: 0.0001301 seconds
2016-08-24T16:51:34.617+0000: 9813.538: [GC (Allocation Failure) 9813.538: [ParNew
Desired survivor size 8716288 bytes, new threshold 6 (max 6)
- age   1:      62184 bytes,      62184 total
- age   2:        336 bytes,      62520 total
- age   3:     215776 bytes,     278296 total
- age   5:        968 bytes,     279264 total
: 136716K->413K(153344K), 0.0058665 secs] 330403K->194101K(1031552K), 0.0059673 secs] [Times: user=0.01 sys=0.00, real=0.01 secs] 
2016-08-24T16:51:34.623+0000: 9813.544: Total time for which application threads were stopped: 0.0067903 seconds, Stopping threads took: 0.0001011 seconds
2016-08-24T16:51:34.660+0000: 9813.582: [GC (Allocation Failure) 9813.582: [ParNew
Desired survivor size 8716288 bytes, new threshold 6 (max 6)
- age   1:      92600 bytes,      92600 total
- age   2:      16064 bytes,     108664 total
- age   3:        336 bytes,     109000 total
- age   4:     215776 bytes,     324776 total
- age   6:        968 bytes,     325744 total
: 136733K->520K(153344K), 0.0059021 secs] 330421K->194208K(1031552K), 0.0060218 secs] [Times: user=0.01 sys=0.00, real=0.00 secs] 
2016-08-24T16:51:34.667+0000: 9813.588: Total time for which application threads were stopped: 0.0068392 seconds, Stopping threads took: 0.0000995 seconds
2016-08-24T16:51:34.705+0000: 9813.627: [GC (Allocation Failure) 9813.627: [ParNew
Desired survivor size 8716288 bytes, new threshold 6 (max 6)
- age   1:      61000 bytes,      61000 total
- age   3:       1096 bytes,      62096 total
- age   4:        336 bytes,      62432 total
- age   5:     213928 bytes,     276360 total
: 136840K->369K(153344K), 0.0053923 secs] 330528K->194057K(1031552K), 0.0054969 secs] [Times: user=0.01 sys=0.00, real=0.01 secs] 
2016-08-24T16:51:34.711+0000: 9813.632: Total time for which application threads were stopped: 0.0063043 seconds, Stopping threads took: 0.0001004 seconds
2016-08-24T16:51:34.748+0000: 9813.670: [GC (Allocation Failure) 9813.670: [ParNew
Desired survivor size 8716288 bytes, new threshold 6 (max 6)
- age   1:      70296 bytes,      70296 total
- age   2:      19336 bytes,      89632 total
- age   4:       1096 bytes,      90728 total
- age   5:        336 bytes,      91064 total
- age   6:     213928 bytes,     304992 total
: 136689K->376K(153344K), 0.0059302 secs] 330377K->194064K(1031552K), 0.0060347 secs] [Times: user=0.01 sys=0.00, real=0.00 secs] 
2016-08-24T16:51:34.754+0000: 9813.676: Total time for which application threads were stopped: 0.0068453 seconds, Stopping threads took: 0.0000998 seconds
2016-08-24T16:51:34.796+0000: 9813.717: [GC (Allocation Failure) 9813.717: [ParNew
Desired survivor size 8716288 bytes, new threshold 6 (max 6)
- age   1:      91136 bytes,      91136 total
- age   3:       1000 bytes,      92136 total
- age   5:       1064 bytes,      93200 total
- age   6:        264 bytes,      93464 total
: 136696K->277K(153344K), 0.0060624 secs] 330384K->194177K(1031552K), 0.0061654 secs] [Times: user=0.02 sys=0.00, real=0.01 secs] 
2016-08-24T16:51:34.802+0000: 9813.723: Total time for which application threads were stopped: 0.0069635 seconds, Stopping threads took: 0.0000999 seconds
2016-08-24T16:51:34.842+0000: 9813.763: [GC (Allocation Failure) 9813.763: [ParNew
Desired survivor size 8716288 bytes, new threshold 6 (max 6)
- age   1:      59328 bytes,      59328 total
- age   2:       1176 bytes,      60504 total
- age   4:        968 bytes,      61472 total
- age   6:       1064 bytes,      62536 total
: 136597K->109K(153344K), 0.0054364 secs] 330497K->194010K(1031552K), 0.0055336 secs] [Times: user=0.01 sys=0.00, real=0.00 secs] 
2016-08-24T16:51:34.847+0000: 9813.769: Total time for which application threads were stopped: 0.0063225 seconds, Stopping threads took: 0.0000924 seconds
2016-08-24T16:51:34.887+0000: 9813.808: [GC (Allocation Failure) 9813.808: [ParNew
Desired survivor size 8716288 bytes, new threshold 6 (max 6)
- age   1:      61688 bytes,      61688 total
- age   2:       4608 bytes,      66296 total
- age   3:       1176 bytes,      67472 total
- age   5:        968 bytes,      68440 total
: 136429K->83K(153344K), 0.0054270 secs] 330330K->193985K(1031552K), 0.0055247 secs] [Times: user=0.01 sys=0.00, real=0.01 secs] 
2016-08-24T16:51:34.892+0000: 9813.814: Total time for which application threads were stopped: 0.0063577 seconds, Stopping threads took: 0.0001191 seconds
2016-08-24T16:51:34.933+0000: 9813.855: [GC (Allocation Failure) 9813.855: [ParNew
Desired survivor size 8716288 bytes, new threshold 6 (max 6)
- age   1:      53200 bytes,      53200 total
- age   3:       1248 bytes,      54448 total
- age   4:       1144 bytes,      55592 total
- age   6:        968 bytes,      56560 total
: 136403K->79K(153344K), 0.0055428 secs] 330305K->193980K(1031552K), 0.0056573 secs] [Times: user=0.01 sys=0.00, real=0.00 secs] 
2016-08-24T16:51:34.939+0000: 9813.861: Total time for which application threads were stopped: 0.0064540 seconds, Stopping threads took: 0.0000992 seconds
2016-08-24T16:51:34.977+0000: 9813.898: [GC (Allocation Failure) 9813.898: [ParNew
Desired survivor size 8716288 bytes, new threshold 6 (max 6)
- age   1:      67392 bytes,      67392 total
- age   2:       7552 bytes,      74944 total
- age   4:       1248 bytes,      76192 total
- age   5:       1144 bytes,      77336 total
: 136399K->83K(153344K), 0.0054268 secs] 330300K->193985K(1031552K), 0.0055345 secs] [Times: user=0.01 sys=0.00, real=0.01 secs] 
2016-08-24T16:51:34.982+0000: 9813.904: Total time for which application threads were stopped: 0.0063866 seconds, Stopping threads took: 0.0001008 seconds
2016-08-24T16:51:44.321+0000: 9823.242: [GC (Allocation Failure) 9823.242: [ParNew
Desired survivor size 8716288 bytes, new threshold 6 (max 6)
- age   1:    1123456 bytes,    1123456 total
- age   3:        968 bytes,    1124424 total
- age   5:       1096 bytes,    1125520 total
- age   6:        968 bytes,    1126488 total
: 136403K->1107K(153344K), 0.0079026 secs] 330305K->195009K(1031552K), 0.0080287 secs] [Times: user=0.01 sys=0.00, real=0.01 secs] 
2016-08-24T16:51:44.329+0000: 9823.250: Total time for which application threads were stopped: 0.0089004 seconds, Stopping threads took: 0.0000962 seconds
2016-08-24T16:51:44.367+0000: 9823.288: [GC (Allocation Failure) 9823.288: [ParNew
Desired survivor size 8716288 bytes, new threshold 6 (max 6)
- age   1:      68392 bytes,      68392 total
- age   2:     324136 bytes,     392528 total
- age   4:        968 bytes,     393496 total
- age   6:       1096 bytes,     394592 total
: 137427K->535K(153344K), 0.0058164 secs] 331329K->194438K(1031552K), 0.0059213 secs] [Times: user=0.01 sys=0.00, real=0.01 secs] 
2016-08-24T16:51:44.373+0000: 9823.294: Total time for which application threads were stopped: 0.0067173 seconds, Stopping threads took: 0.0000992 seconds
2016-08-24T16:51:44.412+0000: 9823.333: [GC (Allocation Failure) 9823.334: [ParNew
Desired survivor size 8716288 bytes, new threshold 6 (max 6)
- age   1:      65624 bytes,      65624 total
- age   2:        232 bytes,      65856 total
- age   3:     316640 bytes,     382496 total
- age   5:        968 bytes,     383464 total
: 136855K->503K(153344K), 0.0059307 secs] 330758K->194407K(1031552K), 0.0060404 secs] [Times: user=0.01 sys=0.00, real=0.00 secs] 
2016-08-24T16:51:44.418+0000: 9823.340: Total time for which application threads were stopped: 0.0068660 seconds, Stopping threads took: 0.0000997 seconds
2016-08-24T16:51:44.456+0000: 9823.378: [GC (Allocation Failure) 9823.378: [ParNew
Desired survivor size 8716288 bytes, new threshold 6 (max 6)
- age   1:      73560 bytes,      73560 total
- age   2:       9528 bytes,      83088 total
- age   3:        232 bytes,      83320 total
- age   4:     316640 bytes,     399960 total
- age   6:        968 bytes,     400928 total
: 136823K->533K(153344K), 0.0065728 secs] 330727K->194437K(1031552K), 0.0066963 secs] [Times: user=0.01 sys=0.00, real=0.01 secs] 
2016-08-24T16:51:44.463+0000: 9823.385: Total time for which application threads were stopped: 0.0075289 seconds, Stopping threads took: 0.0001032 seconds
2016-08-24T16:51:44.505+0000: 9823.427: [GC (Allocation Failure) 9823.427: [ParNew
Desired survivor size 8716288 bytes, new threshold 6 (max 6)
- age   1:      69440 bytes,      69440 total
- age   3:       1096 bytes,      70536 total
- age   4:        232 bytes,      70768 total
- age   5:     314792 bytes,     385560 total
: 136853K->563K(153344K), 0.0060359 secs] 330757K->194469K(1031552K), 0.0061509 secs] [Times: user=0.01 sys=0.00, real=0.01 secs] 
2016-08-24T16:51:44.511+0000: 9823.433: Total time for which application threads were stopped: 0.0069693 seconds, Stopping threads took: 0.0001189 seconds
2016-08-24T16:51:44.553+0000: 9823.475: [GC (Allocation Failure) 9823.475: [ParNew
Desired survivor size 8716288 bytes, new threshold 6 (max 6)
- age   1:      78864 bytes,      78864 total
- age   2:      12888 bytes,      91752 total
- age   4:       1096 bytes,      92848 total
- age   5:        232 bytes,      93080 total
- age   6:     314792 bytes,     407872 total
: 136883K->550K(153344K), 0.0068361 secs] 330789K->194455K(1031552K), 0.0070025 secs] [Times: user=0.01 sys=0.00, real=0.01 secs] 
2016-08-24T16:51:44.560+0000: 9823.482: Total time for which application threads were stopped: 0.0084063 seconds, Stopping threads took: 0.0003700 seconds
2016-08-24T16:51:44.602+0000: 9823.523: [GC (Allocation Failure) 9823.523: [ParNew
Desired survivor size 8716288 bytes, new threshold 6 (max 6)
- age   1:      70160 bytes,      70160 total
- age   3:       1000 bytes,      71160 total
- age   5:       1064 bytes,      72224 total
- age   6:        232 bytes,      72456 total
: 136870K->392K(153344K), 0.0061570 secs] 330775K->194610K(1031552K), 0.0062806 secs] [Times: user=0.01 sys=0.00, real=0.00 secs] 
2016-08-24T16:51:44.608+0000: 9823.529: Total time for which application threads were stopped: 0.0071015 seconds, Stopping threads took: 0.0000975 seconds
2016-08-24T16:51:44.646+0000: 9823.568: [GC (Allocation Failure) 9823.568: [ParNew
Desired survivor size 8716288 bytes, new threshold 6 (max 6)
- age   1:      76024 bytes,      76024 total
- age   2:      15264 bytes,      91288 total
- age   4:       1000 bytes,      92288 total
- age   6:       1064 bytes,      93352 total
: 136712K->177K(153344K), 0.0051043 secs] 330930K->194395K(1031552K), 0.0052069 secs] [Times: user=0.01 sys=0.00, real=0.01 secs] 
2016-08-24T16:51:44.652+0000: 9823.573: Total time for which application threads were stopped: 0.0060081 seconds, Stopping threads took: 0.0000998 seconds
2016-08-24T16:51:44.693+0000: 9823.614: [GC (Allocation Failure) 9823.614: [ParNew
Desired survivor size 8716288 bytes, new threshold 6 (max 6)
- age   1:      84872 bytes,      84872 total
- age   3:       1000 bytes,      85872 total
- age   5:        968 bytes,      86840 total
: 136497K->103K(153344K), 0.0054534 secs] 330715K->194322K(1031552K), 0.0055696 secs] [Times: user=0.01 sys=0.00, real=0.00 secs] 
2016-08-24T16:51:44.698+0000: 9823.620: Total time for which application threads were stopped: 0.0064402 seconds, Stopping threads took: 0.0000895 seconds
2016-08-24T16:51:44.737+0000: 9823.659: [GC (Allocation Failure) 9823.659: [ParNew
Desired survivor size 8716288 bytes, new threshold 6 (max 6)
- age   1:      79160 bytes,      79160 total
- age   2:      18616 bytes,      97776 total
- age   4:       1000 bytes,      98776 total
- age   6:        968 bytes,      99744 total
: 136423K->130K(153344K), 0.0051212 secs] 330642K->194349K(1031552K), 0.0052188 secs] [Times: user=0.01 sys=0.00, real=0.01 secs] 
2016-08-24T16:51:44.743+0000: 9823.664: Total time for which application threads were stopped: 0.0060346 seconds, Stopping threads took: 0.0001213 seconds
2016-08-24T16:51:44.781+0000: 9823.703: [GC (Allocation Failure) 9823.703: [ParNew
Desired survivor size 8716288 bytes, new threshold 6 (max 6)
- age   1:      83560 bytes,      83560 total
- age   3:       1000 bytes,      84560 total
- age   5:        968 bytes,      85528 total
: 136450K->125K(153344K), 0.0054440 secs] 330669K->194345K(1031552K), 0.0055700 secs] [Times: user=0.01 sys=0.00, real=0.00 secs] 
2016-08-24T16:51:44.787+0000: 9823.708: Total time for which application threads were stopped: 0.0063819 seconds, Stopping threads took: 0.0000981 seconds
2016-08-24T16:51:44.832+0000: 9823.753: [GC (Allocation Failure) 9823.753: [ParNew
Desired survivor size 8716288 bytes, new threshold 6 (max 6)
- age   1:     199376 bytes,     199376 total
- age   2:       2416 bytes,     201792 total
- age   4:       1000 bytes,     202792 total
- age   6:        968 bytes,     203760 total
: 136445K->227K(153344K), 0.0053588 secs] 330665K->194447K(1031552K), 0.0054539 secs] [Times: user=0.01 sys=0.00, real=0.00 secs] 
2016-08-24T16:51:44.837+0000: 9823.759: Total time for which application threads were stopped: 0.0061954 seconds, Stopping threads took: 0.0001229 seconds
2016-08-24T16:51:54.383+0000: 9833.305: [GC (Allocation Failure) 9833.305: [ParNew
Desired survivor size 8716288 bytes, new threshold 6 (max 6)
- age   1:     918712 bytes,     918712 total
- age   2:      87808 bytes,    1006520 total
- age   3:        968 bytes,    1007488 total
- age   5:        968 bytes,    1008456 total
: 136547K->1003K(153344K), 0.0177668 secs] 330767K->195223K(1031552K), 0.0179105 secs] [Times: user=0.04 sys=0.00, real=0.02 secs] 
2016-08-24T16:51:54.401+0000: 9833.323: Total time for which application threads were stopped: 0.0186924 seconds, Stopping threads took: 0.0001083 seconds
2016-08-24T16:51:54.441+0000: 9833.363: [GC (Allocation Failure) 9833.363: [ParNew
Desired survivor size 8716288 bytes, new threshold 6 (max 6)
- age   1:      78488 bytes,      78488 total
- age   2:     211624 bytes,     290112 total
- age   3:      85592 bytes,     375704 total
- age   4:        968 bytes,     376672 total
- age   6:        968 bytes,     377640 total
: 137323K->421K(153344K), 0.0060402 secs] 331543K->194642K(1031552K), 0.0061544 secs] [Times: user=0.01 sys=0.00, real=0.00 secs] 
2016-08-24T16:51:54.448+0000: 9833.369: Total time for which application threads were stopped: 0.0074878 seconds, Stopping threads took: 0.0005920 seconds
2016-08-24T16:51:54.490+0000: 9833.411: [GC (Allocation Failure) 9833.411: [ParNew
Desired survivor size 8716288 bytes, new threshold 6 (max 6)
- age   1:      87096 bytes,      87096 total
- age   2:         72 bytes,      87168 total
- age   3:     189552 bytes,     276720 total
- age   4:      85592 bytes,     362312 total
- age   5:        968 bytes,     363280 total
: 136741K->505K(153344K), 0.0060450 secs] 330962K->194727K(1031552K), 0.0061349 secs] [Times: user=0.02 sys=0.00, real=0.00 secs] 
2016-08-24T16:51:54.496+0000: 9833.417: Total time for which application threads were stopped: 0.0069375 seconds, Stopping threads took: 0.0001117 seconds
2016-08-24T16:51:54.535+0000: 9833.456: [GC (Allocation Failure) 9833.457: [ParNew
Desired survivor size 8716288 bytes, new threshold 6 (max 6)
- age   1:      47344 bytes,      47344 total
- age   2:       1096 bytes,      48440 total
- age   3:         72 bytes,      48512 total
- age   4:     187704 bytes,     236216 total
- age   5:      85592 bytes,     321808 total
- age   6:        968 bytes,     322776 total
: 136825K->511K(153344K), 0.0067469 secs] 331047K->194733K(1031552K), 0.0068733 secs] [Times: user=0.01 sys=0.00, real=0.01 secs] 
2016-08-24T16:51:54.542+0000: 9833.463: Total time for which application threads were stopped: 0.0077459 seconds, Stopping threads took: 0.0001023 seconds
2016-08-24T16:51:54.585+0000: 9833.507: [GC (Allocation Failure) 9833.507: [ParNew
Desired survivor size 8716288 bytes, new threshold 6 (max 6)
- age   1:      84072 bytes,      84072 total
- age   2:       5240 bytes,      89312 total
- age   3:       1096 bytes,      90408 total
- age   4:         72 bytes,      90480 total
- age   5:     187312 bytes,     277792 total
- age   6:      85480 bytes,     363272 total
: 136831K->468K(153344K), 0.0059402 secs] 331053K->194691K(1031552K), 0.0060695 secs] [Times: user=0.01 sys=0.00, real=0.01 secs] 
2016-08-24T16:51:54.591+0000: 9833.513: Total time for which application threads were stopped: 0.0069088 seconds, Stopping threads took: 0.0001202 seconds
2016-08-24T16:51:54.631+0000: 9833.553: [GC (Allocation Failure) 9833.553: [ParNew
Desired survivor size 8716288 bytes, new threshold 6 (max 6)
- age   1:      58592 bytes,      58592 total
- age   2:        248 bytes,      58840 total
- age   3:       1000 bytes,      59840 total
- age   4:       1064 bytes,      60904 total
- age   5:         72 bytes,      60976 total
- age   6:     185496 bytes,     246472 total
: 136788K->348K(153344K), 0.0070063 secs] 331011K->194656K(1031552K), 0.0071331 secs] [Times: user=0.02 sys=0.00, real=0.00 secs] 
2016-08-24T16:51:54.638+0000: 9833.560: Total time for which application threads were stopped: 0.0080222 seconds, Stopping threads took: 0.0001238 seconds
2016-08-24T16:51:54.680+0000: 9833.602: [GC (Allocation Failure) 9833.602: [ParNew
Desired survivor size 8716288 bytes, new threshold 6 (max 6)
- age   1:      75136 bytes,      75136 total
- age   2:       8808 bytes,      83944 total
- age   3:        248 bytes,      84192 total
- age   4:       1000 bytes,      85192 total
- age   5:       1064 bytes,      86256 total
- age   6:         72 bytes,      86328 total
: 136668K->266K(153344K), 0.0071202 secs] 330976K->194760K(1031552K), 0.0072184 secs] [Times: user=0.01 sys=0.00, real=0.01 secs] 
2016-08-24T16:51:54.687+0000: 9833.609: Total time for which application threads were stopped: 0.0080759 seconds, Stopping threads took: 0.0001051 seconds
2016-08-24T16:51:54.730+0000: 9833.652: [GC (Allocation Failure) 9833.652: [ParNew
Desired survivor size 8716288 bytes, new threshold 6 (max 6)
- age   1:      53392 bytes,      53392 total
- age   3:       1000 bytes,      54392 total
- age   4:        248 bytes,      54640 total
- age   5:        968 bytes,      55608 total
- age   6:       1064 bytes,      56672 total
: 136586K->105K(153344K), 0.0055831 secs] 331080K->194599K(1031552K), 0.0056706 secs] [Times: user=0.01 sys=0.00, real=0.00 secs] 
2016-08-24T16:51:54.736+0000: 9833.658: Total time for which application threads were stopped: 0.0064827 seconds, Stopping threads took: 0.0001042 seconds
2016-08-24T16:51:54.775+0000: 9833.696: [GC (Allocation Failure) 9833.696: [ParNew
Desired survivor size 8716288 bytes, new threshold 6 (max 6)
- age   1:      67552 bytes,      67552 total
- age   2:      11952 bytes,      79504 total
- age   4:       1000 bytes,      80504 total
- age   5:        248 bytes,      80752 total
- age   6:        968 bytes,      81720 total
: 136425K->94K(153344K), 0.0059047 secs] 330919K->194589K(1031552K), 0.0060259 secs] [Times: user=0.02 sys=0.00, real=0.01 secs] 
2016-08-24T16:51:54.781+0000: 9833.703: Total time for which application threads were stopped: 0.0068532 seconds, Stopping threads took: 0.0000948 seconds
2016-08-24T16:51:54.821+0000: 9833.742: [GC (Allocation Failure) 9833.743: [ParNew
Desired survivor size 8716288 bytes, new threshold 6 (max 6)
- age   1:      64936 bytes,      64936 total
- age   3:       1000 bytes,      65936 total
- age   5:        968 bytes,      66904 total
- age   6:        248 bytes,      67152 total
: 136414K->91K(153344K), 0.0059199 secs] 330909K->194587K(1031552K), 0.0060322 secs] [Times: user=0.01 sys=0.00, real=0.00 secs] 
2016-08-24T16:51:54.827+0000: 9833.749: Total time for which application threads were stopped: 0.0068941 seconds, Stopping threads took: 0.0001179 seconds
2016-08-24T16:51:54.866+0000: 9833.788: [GC (Allocation Failure) 9833.788: [ParNew
Desired survivor size 8716288 bytes, new threshold 6 (max 6)
- age   1:      78168 bytes,      78168 total
- age   2:      14584 bytes,      92752 total
- age   4:       1000 bytes,      93752 total
- age   6:        968 bytes,      94720 total
: 136411K->97K(153344K), 0.0056767 secs] 330907K->194593K(1031552K), 0.0057759 secs] [Times: user=0.01 sys=0.00, real=0.01 secs] 
2016-08-24T16:51:54.872+0000: 9833.793: Total time for which application threads were stopped: 0.0065654 seconds, Stopping threads took: 0.0000998 seconds
2016-08-24T16:52:01.664+0000: 9840.585: Total time for which application threads were stopped: 0.0009099 seconds, Stopping threads took: 0.0001156 seconds
2016-08-24T16:52:01.665+0000: 9840.586: Total time for which application threads were stopped: 0.0006385 seconds, Stopping threads took: 0.0000615 seconds
2016-08-24T16:52:01.665+0000: 9840.587: Total time for which application threads were stopped: 0.0006101 seconds, Stopping threads took: 0.0000613 seconds
2016-08-24T16:52:04.064+0000: 9842.986: [GC (Allocation Failure) 9842.986: [ParNew
Desired survivor size 8716288 bytes, new threshold 6 (max 6)
- age   1:    1030096 bytes,    1030096 total
- age   2:        128 bytes,    1030224 total
- age   3:        968 bytes,    1031192 total
- age   5:        968 bytes,    1032160 total
: 136417K->1035K(153344K), 0.0081024 secs] 330913K->195532K(1031552K), 0.0082490 secs] [Times: user=0.02 sys=0.00, real=0.01 secs] 
2016-08-24T16:52:04.073+0000: 9842.994: Total time for which application threads were stopped: 0.0091028 seconds, Stopping threads took: 0.0000980 seconds
2016-08-24T16:52:04.111+0000: 9843.032: [GC (Allocation Failure) 9843.033: [ParNew
Desired survivor size 8716288 bytes, new threshold 6 (max 6)
- age   1:      71088 bytes,      71088 total
- age   2:     312032 bytes,     383120 total
- age   3:        128 bytes,     383248 total
- age   4:        968 bytes,     384216 total
- age   6:        968 bytes,     385184 total
: 137355K->437K(153344K), 0.0059207 secs] 331852K->194934K(1031552K), 0.0060236 secs] [Times: user=0.01 sys=0.00, real=0.00 secs] 
2016-08-24T16:52:04.117+0000: 9843.039: Total time for which application threads were stopped: 0.0068186 seconds, Stopping threads took: 0.0000997 seconds
2016-08-24T16:52:04.158+0000: 9843.080: [GC (Allocation Failure) 9843.080: [ParNew
Desired survivor size 8716288 bytes, new threshold 6 (max 6)
- age   1:      82872 bytes,      82872 total
- age   3:     296512 bytes,     379384 total
- age   4:        128 bytes,     379512 total
- age   5:        968 bytes,     380480 total
: 136757K->520K(153344K), 0.0065453 secs] 331254K->195018K(1031552K), 0.0066586 secs] [Times: user=0.01 sys=0.00, real=0.01 secs] 
2016-08-24T16:52:04.165+0000: 9843.087: Total time for which application threads were stopped: 0.0074932 seconds, Stopping threads took: 0.0000994 seconds
2016-08-24T16:52:04.206+0000: 9843.128: [GC (Allocation Failure) 9843.128: [ParNew
Desired survivor size 8716288 bytes, new threshold 6 (max 6)
- age   1:      73992 bytes,      73992 total
- age   2:      17456 bytes,      91448 total
- age   4:     296512 bytes,     387960 total
- age   5:        128 bytes,     388088 total
- age   6:        968 bytes,     389056 total
: 136840K->536K(153344K), 0.0065007 secs] 331338K->195034K(1031552K), 0.0066145 secs] [Times: user=0.01 sys=0.01, real=0.01 secs] 
2016-08-24T16:52:04.213+0000: 9843.134: Total time for which application threads were stopped: 0.0074638 seconds, Stopping threads took: 0.0001028 seconds
2016-08-24T16:52:04.254+0000: 9843.175: [GC (Allocation Failure) 9843.175: [ParNew
Desired survivor size 8716288 bytes, new threshold 6 (max 6)
- age   1:      70112 bytes,      70112 total
- age   3:       1096 bytes,      71208 total
- age   5:     294664 bytes,     365872 total
- age   6:        128 bytes,     366000 total
: 136856K->547K(153344K), 0.0066361 secs] 331354K->195046K(1031552K), 0.0067607 secs] [Times: user=0.02 sys=0.00, real=0.01 secs] 
2016-08-24T16:52:04.260+0000: 9843.182: Total time for which application threads were stopped: 0.0075896 seconds, Stopping threads took: 0.0001021 seconds
2016-08-24T16:52:04.301+0000: 9843.222: [GC (Allocation Failure) 9843.222: [ParNew
Desired survivor size 8716288 bytes, new threshold 6 (max 6)
- age   1:      78592 bytes,      78592 total
- age   2:      20016 bytes,      98608 total
- age   4:       1096 bytes,      99704 total
- age   6:     294664 bytes,     394368 total
: 136867K->528K(153344K), 0.0058991 secs] 331366K->195027K(1031552K), 0.0060164 secs] [Times: user=0.01 sys=0.00, real=0.00 secs] 
2016-08-24T16:52:04.307+0000: 9843.228: Total time for which application threads were stopped: 0.0068856 seconds, Stopping threads took: 0.0001027 seconds
2016-08-24T16:52:04.347+0000: 9843.268: [GC (Allocation Failure) 9843.268: [ParNew
Desired survivor size 8716288 bytes, new threshold 6 (max 6)
- age   1:      81200 bytes,      81200 total
- age   3:       1000 bytes,      82200 total
- age   5:       1064 bytes,      83264 total
: 136848K->381K(153344K), 0.0061185 secs] 331347K->195173K(1031552K), 0.0062241 secs] [Times: user=0.01 sys=0.00, real=0.01 secs] 
2016-08-24T16:52:04.353+0000: 9843.274: Total time for which application threads were stopped: 0.0070346 seconds, Stopping threads took: 0.0001001 seconds
2016-08-24T16:52:04.392+0000: 9843.314: [GC (Allocation Failure) 9843.314: [ParNew
Desired survivor size 8716288 bytes, new threshold 6 (max 6)
- age   1:      67352 bytes,      67352 total
- age   2:       1000 bytes,      68352 total
- age   4:        968 bytes,      69320 total
- age   6:       1064 bytes,      70384 total
: 136701K->129K(153344K), 0.0054206 secs] 331493K->194920K(1031552K), 0.0055353 secs] [Times: user=0.01 sys=0.00, real=0.00 secs] 
2016-08-24T16:52:04.398+0000: 9843.319: Total time for which application threads were stopped: 0.0063506 seconds, Stopping threads took: 0.0001015 seconds
2016-08-24T16:52:04.438+0000: 9843.359: [GC (Allocation Failure) 9843.359: [ParNew
Desired survivor size 8716288 bytes, new threshold 6 (max 6)
- age   1:      86808 bytes,      86808 total
- age   2:       4856 bytes,      91664 total
- age   3:       1000 bytes,      92664 total
- age   5:        968 bytes,      93632 total
: 136449K->112K(153344K), 0.0053657 secs] 331240K->194905K(1031552K), 0.0054677 secs] [Times: user=0.01 sys=0.00, real=0.01 secs] 
2016-08-24T16:52:04.443+0000: 9843.365: Total time for which application threads were stopped: 0.0062917 seconds, Stopping threads took: 0.0001015 seconds
2016-08-24T16:52:04.484+0000: 9843.406: [GC (Allocation Failure) 9843.406: [ParNew
Desired survivor size 8716288 bytes, new threshold 6 (max 6)
- age   1:      56744 bytes,      56744 total
- age   3:       1000 bytes,      57744 total
- age   4:        968 bytes,      58712 total
- age   6:        968 bytes,      59680 total
: 136432K->86K(153344K), 0.0061200 secs] 331225K->194879K(1031552K), 0.0062315 secs] [Times: user=0.02 sys=0.00, real=0.01 secs] 
2016-08-24T16:52:04.491+0000: 9843.412: Total time for which application threads were stopped: 0.0070786 seconds, Stopping threads took: 0.0001031 seconds
2016-08-24T16:52:04.529+0000: 9843.451: [GC (Allocation Failure) 9843.451: [ParNew
Desired survivor size 8716288 bytes, new threshold 6 (max 6)
- age   1:      75040 bytes,      75040 total
- age   2:       8120 bytes,      83160 total
- age   4:       1000 bytes,      84160 total
- age   5:        968 bytes,      85128 total
: 136406K->90K(153344K), 0.0057489 secs] 331199K->194883K(1031552K), 0.0058564 secs] [Times: user=0.01 sys=0.00, real=0.00 secs] 
2016-08-24T16:52:04.535+0000: 9843.457: Total time for which application threads were stopped: 0.0066963 seconds, Stopping threads took: 0.0001018 seconds
2016-08-24T16:52:04.810+0000: 9843.732: Total time for which application threads were stopped: 0.0006335 seconds, Stopping threads took: 0.0000938 seconds
2016-08-24T16:52:04.810+0000: 9843.732: Total time for which application threads were stopped: 0.0002938 seconds, Stopping threads took: 0.0000456 seconds
2016-08-24T16:52:04.811+0000: 9843.732: Total time for which application threads were stopped: 0.0003279 seconds, Stopping threads took: 0.0000498 seconds
2016-08-24T16:52:13.783+0000: 9852.705: [GC (Allocation Failure) 9852.705: [ParNew
Desired survivor size 8716288 bytes, new threshold 6 (max 6)
- age   1:     895544 bytes,     895544 total
- age   3:        968 bytes,     896512 total
- age   5:        968 bytes,     897480 total
- age   6:        968 bytes,     898448 total
: 136410K->913K(153344K), 0.0078241 secs] 331203K->195706K(1031552K), 0.0079626 secs] [Times: user=0.01 sys=0.00, real=0.01 secs] 
2016-08-24T16:52:13.792+0000: 9852.713: Total time for which application threads were stopped: 0.0087778 seconds, Stopping threads took: 0.0000996 seconds
2016-08-24T16:52:13.832+0000: 9852.753: [GC (Allocation Failure) 9852.753: [ParNew
Desired survivor size 8716288 bytes, new threshold 6 (max 6)
- age   1:      80984 bytes,      80984 total
- age   2:     224952 bytes,     305936 total
- age   4:        968 bytes,     306904 total
- age   6:        968 bytes,     307872 total
: 137233K->404K(153344K), 0.0058523 secs] 332026K->195198K(1031552K), 0.0059573 secs] [Times: user=0.01 sys=0.00, real=0.00 secs] 
2016-08-24T16:52:13.838+0000: 9852.759: Total time for which application threads were stopped: 0.0067711 seconds, Stopping threads took: 0.0001011 seconds
2016-08-24T16:52:13.879+0000: 9852.800: [GC (Allocation Failure) 9852.800: [ParNew
Desired survivor size 8716288 bytes, new threshold 6 (max 6)
- age   1:      71360 bytes,      71360 total
- age   2:        392 bytes,      71752 total
- age   3:     216016 bytes,     287768 total
- age   5:        968 bytes,     288736 total
: 136724K->401K(153344K), 0.0057811 secs] 331518K->195196K(1031552K), 0.0058846 secs] [Times: user=0.02 sys=0.00, real=0.01 secs] 
2016-08-24T16:52:13.885+0000: 9852.806: Total time for which application threads were stopped: 0.0067073 seconds, Stopping threads took: 0.0001204 seconds
2016-08-24T16:52:13.925+0000: 9852.846: [GC (Allocation Failure) 9852.846: [ParNew
Desired survivor size 8716288 bytes, new threshold 6 (max 6)
- age   1:      82400 bytes,      82400 total
- age   2:      10384 bytes,      92784 total
- age   3:        392 bytes,      93176 total
- age   4:     216016 bytes,     309192 total
- age   6:        968 bytes,     310160 total
: 136721K->406K(153344K), 0.0057854 secs] 331516K->195201K(1031552K), 0.0058893 secs] [Times: user=0.01 sys=0.00, real=0.01 secs] 
2016-08-24T16:52:13.931+0000: 9852.852: Total time for which application threads were stopped: 0.0067356 seconds, Stopping threads took: 0.0001164 seconds
2016-08-24T16:52:13.972+0000: 9852.894: [GC (Allocation Failure) 9852.894: [ParNew
Desired survivor size 8716288 bytes, new threshold 6 (max 6)
- age   1:      78480 bytes,      78480 total
- age   3:       1096 bytes,      79576 total
- age   4:        392 bytes,      79968 total
- age   5:     214168 bytes,     294136 total
: 136726K->431K(153344K), 0.0057785 secs] 331521K->195227K(1031552K), 0.0058838 secs] [Times: user=0.01 sys=0.00, real=0.00 secs] 
2016-08-24T16:52:13.978+0000: 9852.900: Total time for which application threads were stopped: 0.0067358 seconds, Stopping threads took: 0.0001197 seconds
2016-08-24T16:52:14.018+0000: 9852.939: [GC (Allocation Failure) 9852.940: [ParNew
Desired survivor size 8716288 bytes, new threshold 6 (max 6)
- age   1:      85536 bytes,      85536 total
- age   2:      14088 bytes,      99624 total
- age   4:       1096 bytes,     100720 total
- age   5:        392 bytes,     101112 total
- age   6:     214168 bytes,     315280 total
: 136751K->430K(153344K), 0.0057012 secs] 331547K->195226K(1031552K), 0.0058041 secs] [Times: user=0.01 sys=0.00, real=0.01 secs] 
2016-08-24T16:52:14.024+0000: 9852.945: Total time for which application threads were stopped: 0.0066276 seconds, Stopping threads took: 0.0001005 seconds
2016-08-24T16:52:14.065+0000: 9852.987: [GC (Allocation Failure) 9852.987: [ParNew
Desired survivor size 8716288 bytes, new threshold 6 (max 6)
- age   1:      58880 bytes,      58880 total
- age   3:       1000 bytes,      59880 total
- age   5:       1064 bytes,      60944 total
- age   6:        392 bytes,      61336 total
: 136750K->289K(153344K), 0.0059069 secs] 331546K->195297K(1031552K), 0.0060158 secs] [Times: user=0.01 sys=0.00, real=0.01 secs] 
2016-08-24T16:52:14.071+0000: 9852.993: Total time for which application threads were stopped: 0.0068874 seconds, Stopping threads took: 0.0001207 seconds
2016-08-24T16:52:14.109+0000: 9853.030: [GC (Allocation Failure) 9853.030: [ParNew
Desired survivor size 8716288 bytes, new threshold 6 (max 6)
- age   1:      86952 bytes,      86952 total
- age   2:      16416 bytes,     103368 total
- age   4:       1000 bytes,     104368 total
- age   6:       1064 bytes,     105432 total
: 136609K->138K(153344K), 0.0050611 secs] 331617K->195146K(1031552K), 0.0051634 secs] [Times: user=0.01 sys=0.00, real=0.00 secs] 
2016-08-24T16:52:14.114+0000: 9853.036: Total time for which application threads were stopped: 0.0059778 seconds, Stopping threads took: 0.0000953 seconds
2016-08-24T16:52:14.155+0000: 9853.077: [GC (Allocation Failure) 9853.077: [ParNew
Desired survivor size 8716288 bytes, new threshold 6 (max 6)
- age   1:      78888 bytes,      78888 total
- age   3:       1000 bytes,      79888 total
- age   5:        968 bytes,      80856 total
: 136458K->138K(153344K), 0.0053925 secs] 331466K->195147K(1031552K), 0.0054950 secs] [Times: user=0.01 sys=0.00, real=0.01 secs] 
2016-08-24T16:52:14.161+0000: 9853.082: Total time for which application threads were stopped: 0.0062930 seconds, Stopping threads took: 0.0001037 seconds
2016-08-24T16:52:14.200+0000: 9853.121: [GC (Allocation Failure) 9853.121: [ParNew
Desired survivor size 8716288 bytes, new threshold 6 (max 6)
- age   1:      79016 bytes,      79016 total
- age   2:      19336 bytes,      98352 total
- age   4:       1000 bytes,      99352 total
- age   6:        968 bytes,     100320 total
: 136458K->118K(153344K), 0.0052289 secs] 331467K->195127K(1031552K), 0.0053309 secs] [Times: user=0.01 sys=0.00, real=0.01 secs] 
2016-08-24T16:52:14.205+0000: 9853.127: Total time for which application threads were stopped: 0.0061651 seconds, Stopping threads took: 0.0001162 seconds
2016-08-24T16:52:14.244+0000: 9853.165: [GC (Allocation Failure) 9853.165: [ParNew
Desired survivor size 8716288 bytes, new threshold 6 (max 6)
- age   1:      70640 bytes,      70640 total
- age   3:       1000 bytes,      71640 total
- age   5:        968 bytes,      72608 total
: 136438K->121K(153344K), 0.0053021 secs] 331447K->195131K(1031552K), 0.0054005 secs] [Times: user=0.01 sys=0.00, real=0.01 secs] 
2016-08-24T16:52:14.249+0000: 9853.171: Total time for which application threads were stopped: 0.0061911 seconds, Stopping threads took: 0.0001013 seconds
2016-08-24T16:52:14.856+0000: 9853.778: [GC (Allocation Failure) 9853.778: [ParNew
Desired survivor size 8716288 bytes, new threshold 6 (max 6)
- age   1:     345512 bytes,     345512 total
- age   2:        968 bytes,     346480 total
- age   4:        968 bytes,     347448 total
- age   6:        968 bytes,     348416 total
: 136441K->355K(153344K), 0.0061854 secs] 331451K->195365K(1031552K), 0.0063012 secs] [Times: user=0.01 sys=0.00, real=0.01 secs] 
2016-08-24T16:52:14.863+0000: 9853.784: Total time for which application threads were stopped: 0.0070862 seconds, Stopping threads took: 0.0000997 seconds
2016-08-24T16:52:23.885+0000: 9862.806: [GC (Allocation Failure) 9862.806: [ParNew
Desired survivor size 8716288 bytes, new threshold 6 (max 6)
- age   1:    1172464 bytes,    1172464 total
- age   2:      93064 bytes,    1265528 total
- age   3:        968 bytes,    1266496 total
- age   5:        968 bytes,    1267464 total
: 136675K->1268K(153344K), 0.0081115 secs] 331685K->196279K(1031552K), 0.0082406 secs] [Times: user=0.01 sys=0.00, real=0.01 secs] 
2016-08-24T16:52:23.893+0000: 9862.815: Total time for which application threads were stopped: 0.0090938 seconds, Stopping threads took: 0.0001025 seconds
2016-08-24T16:52:23.931+0000: 9862.853: [GC (Allocation Failure) 9862.853: [ParNew
Desired survivor size 8716288 bytes, new threshold 6 (max 6)
- age   1:      72608 bytes,      72608 total
- age   2:     266512 bytes,     339120 total
- age   3:      90608 bytes,     429728 total
- age   4:        968 bytes,     430696 total
- age   6:        968 bytes,     431664 total
: 137588K->681K(153344K), 0.0057677 secs] 332599K->195693K(1031552K), 0.0058916 secs] [Times: user=0.01 sys=0.00, real=0.00 secs] 
2016-08-24T16:52:23.937+0000: 9862.859: Total time for which application threads were stopped: 0.0066886 seconds, Stopping threads took: 0.0001018 seconds
2016-08-24T16:52:23.978+0000: 9862.900: [GC (Allocation Failure) 9862.900: [ParNew
Desired survivor size 8716288 bytes, new threshold 6 (max 6)
- age   1:      70232 bytes,      70232 total
- age   3:     244368 bytes,     314600 total
- age   4:      90608 bytes,     405208 total
- age   5:        968 bytes,     406176 total
: 137001K->590K(153344K), 0.0057150 secs] 332013K->195603K(1031552K), 0.0058388 secs] [Times: user=0.02 sys=0.00, real=0.01 secs] 
2016-08-24T16:52:23.984+0000: 9862.906: Total time for which application threads were stopped: 0.0066675 seconds, Stopping threads took: 0.0001014 seconds
2016-08-24T16:52:24.024+0000: 9862.945: [GC (Allocation Failure) 9862.945: [ParNew
Desired survivor size 8716288 bytes, new threshold 6 (max 6)
- age   1:      55184 bytes,      55184 total
- age   2:       1096 bytes,      56280 total
- age   4:     242520 bytes,     298800 total
- age   5:      90608 bytes,     389408 total
- age   6:        968 bytes,     390376 total
: 136910K->578K(153344K), 0.0058332 secs] 331923K->195590K(1031552K), 0.0059482 secs] [Times: user=0.01 sys=0.00, real=0.01 secs] 
2016-08-24T16:52:24.030+0000: 9862.951: Total time for which application threads were stopped: 0.0067722 seconds, Stopping threads took: 0.0000989 seconds
2016-08-24T16:52:24.069+0000: 9862.991: [GC (Allocation Failure) 9862.991: [ParNew
Desired survivor size 8716288 bytes, new threshold 6 (max 6)
- age   1:      88784 bytes,      88784 total
- age   2:       4976 bytes,      93760 total
- age   3:       1096 bytes,      94856 total
- age   5:     242520 bytes,     337376 total
- age   6:      90608 bytes,     427984 total
: 136898K->559K(153344K), 0.0056629 secs] 331910K->195572K(1031552K), 0.0057682 secs] [Times: user=0.01 sys=0.00, real=0.00 secs] 
2016-08-24T16:52:24.075+0000: 9862.997: Total time for which application threads were stopped: 0.0066178 seconds, Stopping threads took: 0.0001182 seconds
2016-08-24T16:52:24.115+0000: 9863.037: [GC (Allocation Failure) 9863.037: [ParNew
Desired survivor size 8716288 bytes, new threshold 6 (max 6)
- age   1:      68856 bytes,      68856 total
- age   3:       1000 bytes,      69856 total
- age   4:       1064 bytes,      70920 total
- age   6:     240704 bytes,     311624 total
: 136879K->411K(153344K), 0.0067682 secs] 331892K->195514K(1031552K), 0.0068933 secs] [Times: user=0.01 sys=0.00, real=0.01 secs] 
2016-08-24T16:52:24.122+0000: 9863.044: Total time for which application threads were stopped: 0.0077527 seconds, Stopping threads took: 0.0000968 seconds
2016-08-24T16:52:24.164+0000: 9863.085: [GC (Allocation Failure) 9863.085: [ParNew
Desired survivor size 8716288 bytes, new threshold 6 (max 6)
- age   1:      68936 bytes,      68936 total
- age   2:       8808 bytes,      77744 total
- age   4:       1000 bytes,      78744 total
- age   5:       1064 bytes,      79808 total
: 136731K->330K(153344K), 0.0068328 secs] 331834K->195673K(1031552K), 0.0069359 secs] [Times: user=0.02 sys=0.00, real=0.01 secs] 
2016-08-24T16:52:24.171+0000: 9863.092: Total time for which application threads were stopped: 0.0077284 seconds, Stopping threads took: 0.0000972 seconds
2016-08-24T16:52:24.211+0000: 9863.133: [GC (Allocation Failure) 9863.133: [ParNew
Desired survivor size 8716288 bytes, new threshold 6 (max 6)
- age   1:      55216 bytes,      55216 total
- age   3:       1000 bytes,      56216 total
- age   5:        968 bytes,      57184 total
- age   6:       1064 bytes,      58248 total
: 136650K->117K(153344K), 0.0058886 secs] 331993K->195460K(1031552K), 0.0060108 secs] [Times: user=0.01 sys=0.00, real=0.00 secs] 
2016-08-24T16:52:24.217+0000: 9863.139: Total time for which application threads were stopped: 0.0068569 seconds, Stopping threads took: 0.0000962 seconds
2016-08-24T16:52:24.257+0000: 9863.178: [GC (Allocation Failure) 9863.178: [ParNew
Desired survivor size 8716288 bytes, new threshold 6 (max 6)
- age   1:      70128 bytes,      70128 total
- age   2:      11952 bytes,      82080 total
- age   4:       1000 bytes,      83080 total
- age   6:        968 bytes,      84048 total
: 136437K->88K(153344K), 0.0052951 secs] 331780K->195433K(1031552K), 0.0054237 secs] [Times: user=0.01 sys=0.00, real=0.01 secs] 
2016-08-24T16:52:24.262+0000: 9863.184: Total time for which application threads were stopped: 0.0063098 seconds, Stopping threads took: 0.0000992 seconds
2016-08-24T16:52:24.301+0000: 9863.223: [GC (Allocation Failure) 9863.223: [ParNew
Desired survivor size 8716288 bytes, new threshold 6 (max 6)
- age   1:      59104 bytes,      59104 total
- age   3:       1000 bytes,      60104 total
- age   5:        968 bytes,      61072 total
: 136408K->75K(153344K), 0.0051321 secs] 331753K->195421K(1031552K), 0.0052329 secs] [Times: user=0.01 sys=0.00, real=0.00 secs] 
2016-08-24T16:52:24.307+0000: 9863.228: Total time for which application threads were stopped: 0.0060576 seconds, Stopping threads took: 0.0001014 seconds
2016-08-24T16:52:24.345+0000: 9863.266: [GC (Allocation Failure) 9863.266: [ParNew
Desired survivor size 8716288 bytes, new threshold 6 (max 6)
- age   1:      65304 bytes,      65304 total
- age   2:      14584 bytes,      79888 total
- age   4:       1000 bytes,      80888 total
- age   6:        968 bytes,      81856 total
: 136395K->90K(153344K), 0.0054549 secs] 331741K->195436K(1031552K), 0.0055715 secs] [Times: user=0.01 sys=0.00, real=0.01 secs] 
2016-08-24T16:52:24.350+0000: 9863.272: Total time for which application threads were stopped: 0.0064677 seconds, Stopping threads took: 0.0001003 seconds
2016-08-24T16:52:34.511+0000: 9873.432: [GC (Allocation Failure) 9873.433: [ParNew
Desired survivor size 8716288 bytes, new threshold 6 (max 6)
- age   1:     920168 bytes,     920168 total
- age   3:        968 bytes,     921136 total
- age   5:        968 bytes,     922104 total
: 136410K->918K(153344K), 0.0075547 secs] 331756K->196264K(1031552K), 0.0076794 secs] [Times: user=0.01 sys=0.00, real=0.00 secs] 
2016-08-24T16:52:34.519+0000: 9873.440: Total time for which application threads were stopped: 0.0084926 seconds, Stopping threads took: 0.0000988 seconds
2016-08-24T16:52:34.557+0000: 9873.479: [GC (Allocation Failure) 9873.479: [ParNew
Desired survivor size 8716288 bytes, new threshold 6 (max 6)
- age   1:      80704 bytes,      80704 total
- age   2:     230480 bytes,     311184 total
- age   4:        968 bytes,     312152 total
- age   6:        968 bytes,     313120 total
: 137238K->340K(153344K), 0.0061042 secs] 332584K->195687K(1031552K), 0.0062163 secs] [Times: user=0.01 sys=0.00, real=0.01 secs] 
2016-08-24T16:52:34.564+0000: 9873.485: Total time for which application threads were stopped: 0.0071420 seconds, Stopping threads took: 0.0002156 seconds
2016-08-24T16:52:34.606+0000: 9873.528: [GC (Allocation Failure) 9873.528: [ParNew
Desired survivor size 8716288 bytes, new threshold 6 (max 6)
- age   1:      61232 bytes,      61232 total
- age   2:        408 bytes,      61640 total
- age   3:     214960 bytes,     276600 total
- age   5:        968 bytes,     277568 total
: 136660K->416K(153344K), 0.0059506 secs] 332007K->195764K(1031552K), 0.0060769 secs] [Times: user=0.01 sys=0.00, real=0.01 secs] 
2016-08-24T16:52:34.612+0000: 9873.534: Total time for which application threads were stopped: 0.0068848 seconds, Stopping threads took: 0.0000989 seconds
2016-08-24T16:52:34.652+0000: 9873.574: [GC (Allocation Failure) 9873.574: [ParNew
Desired survivor size 8716288 bytes, new threshold 6 (max 6)
- age   1:      63432 bytes,      63432 total
- age   2:      17592 bytes,      81024 total
- age   3:        408 bytes,      81432 total
- age   4:     214960 bytes,     296392 total
- age   6:        968 bytes,     297360 total
: 136736K->397K(153344K), 0.0058905 secs] 332084K->195745K(1031552K), 0.0059934 secs] [Times: user=0.01 sys=0.00, real=0.00 secs] 
2016-08-24T16:52:34.658+0000: 9873.580: Total time for which application threads were stopped: 0.0068516 seconds, Stopping threads took: 0.0000876 seconds
2016-08-24T16:52:34.699+0000: 9873.621: [GC (Allocation Failure) 9873.621: [ParNew
Desired survivor size 8716288 bytes, new threshold 6 (max 6)
- age   1:      75016 bytes,      75016 total
- age   3:       1096 bytes,      76112 total
- age   4:        408 bytes,      76520 total
- age   5:     213112 bytes,     289632 total
: 136717K->411K(153344K), 0.0063493 secs] 332065K->195760K(1031552K), 0.0064625 secs] [Times: user=0.01 sys=0.00, real=0.01 secs] 
2016-08-24T16:52:34.706+0000: 9873.628: Total time for which application threads were stopped: 0.0072893 seconds, Stopping threads took: 0.0000906 seconds
2016-08-24T16:52:34.746+0000: 9873.667: [GC (Allocation Failure) 9873.668: [ParNew
Desired survivor size 8716288 bytes, new threshold 6 (max 6)
- age   1:      70440 bytes,      70440 total
- age   2:      20264 bytes,      90704 total
- age   4:       1096 bytes,      91800 total
- age   5:        408 bytes,      92208 total
- age   6:     213112 bytes,     305320 total
: 136731K->410K(153344K), 0.0060005 secs] 332080K->195758K(1031552K), 0.0060903 secs] [Times: user=0.02 sys=0.00, real=0.01 secs] 
2016-08-24T16:52:34.752+0000: 9873.674: Total time for which application threads were stopped: 0.0068678 seconds, Stopping threads took: 0.0001014 seconds
2016-08-24T16:52:34.793+0000: 9873.715: [GC (Allocation Failure) 9873.715: [ParNew
Desired survivor size 8716288 bytes, new threshold 6 (max 6)
- age   1:      86464 bytes,      86464 total
- age   3:       1000 bytes,      87464 total
- age   5:       1064 bytes,      88528 total
- age   6:        336 bytes,      88864 total
: 136730K->297K(153344K), 0.0058082 secs] 332078K->195856K(1031552K), 0.0059294 secs] [Times: user=0.01 sys=0.00, real=0.00 secs] 
2016-08-24T16:52:34.799+0000: 9873.721: Total time for which application threads were stopped: 0.0067824 seconds, Stopping threads took: 0.0001026 seconds
2016-08-24T16:52:34.838+0000: 9873.760: [GC (Allocation Failure) 9873.760: [ParNew
Desired survivor size 8716288 bytes, new threshold 6 (max 6)
- age   1:      54856 bytes,      54856 total
- age   2:       1248 bytes,      56104 total
- age   4:        968 bytes,      57072 total
- age   6:       1064 bytes,      58136 total
: 136617K->108K(153344K), 0.0053861 secs] 332176K->195668K(1031552K), 0.0054739 secs] [Times: user=0.01 sys=0.00, real=0.01 secs] 
2016-08-24T16:52:34.844+0000: 9873.765: Total time for which application threads were stopped: 0.0062546 seconds, Stopping threads took: 0.0000940 seconds
2016-08-24T16:52:34.884+0000: 9873.805: [GC (Allocation Failure) 9873.805: [ParNew
Desired survivor size 8716288 bytes, new threshold 6 (max 6)
- age   1:      87960 bytes,      87960 total
- age   2:       4856 bytes,      92816 total
- age   3:       1176 bytes,      93992 total
- age   5:        968 bytes,      94960 total
: 136428K->106K(153344K), 0.0058344 secs] 331988K->195666K(1031552K), 0.0059523 secs] [Times: user=0.01 sys=0.00, real=0.01 secs] 
2016-08-24T16:52:34.890+0000: 9873.811: Total time for which application threads were stopped: 0.0068056 seconds, Stopping threads took: 0.0001008 seconds
2016-08-24T16:52:34.931+0000: 9873.853: [GC (Allocation Failure) 9873.853: [ParNew
Desired survivor size 8716288 bytes, new threshold 6 (max 6)
- age   1:      74424 bytes,      74424 total
- age   2:        248 bytes,      74672 total
- age   3:       1000 bytes,      75672 total
- age   4:       1144 bytes,      76816 total
- age   6:        968 bytes,      77784 total
: 136426K->110K(153344K), 0.0054676 secs] 331986K->195670K(1031552K), 0.0055557 secs] [Times: user=0.01 sys=0.00, real=0.00 secs] 
2016-08-24T16:52:34.937+0000: 9873.859: Total time for which application threads were stopped: 0.0063617 seconds, Stopping threads took: 0.0001051 seconds
2016-08-24T16:52:34.977+0000: 9873.899: [GC (Allocation Failure) 9873.899: [ParNew
Desired survivor size 8716288 bytes, new threshold 6 (max 6)
- age   1:      74128 bytes,      74128 total
- age   2:       8208 bytes,      82336 total
- age   3:        248 bytes,      82584 total
- age   4:       1000 bytes,      83584 total
- age   5:       1144 bytes,      84728 total
: 136430K->104K(153344K), 0.0052205 secs] 331990K->195665K(1031552K), 0.0053345 secs] [Times: user=0.01 sys=0.00, real=0.01 secs] 
2016-08-24T16:52:34.983+0000: 9873.904: Total time for which application threads were stopped: 0.0061765 seconds, Stopping threads took: 0.0001204 seconds
2016-08-24T16:52:43.795+0000: 9882.717: [GC (Allocation Failure) 9882.717: [ParNew
Desired survivor size 8716288 bytes, new threshold 6 (max 6)
- age   1:    1081928 bytes,    1081928 total
- age   3:        968 bytes,    1082896 total
- age   4:        128 bytes,    1083024 total
- age   5:        968 bytes,    1083992 total
- age   6:        968 bytes,    1084960 total
: 136424K->1086K(153344K), 0.0084366 secs] 331985K->196647K(1031552K), 0.0085759 secs] [Times: user=0.02 sys=0.00, real=0.01 secs] 
2016-08-24T16:52:43.804+0000: 9882.726: Total time for which application threads were stopped: 0.0094536 seconds, Stopping threads took: 0.0000981 seconds
2016-08-24T16:52:43.845+0000: 9882.766: [GC (Allocation Failure) 9882.766: [ParNew
Desired survivor size 8716288 bytes, new threshold 6 (max 6)
- age   1:      65928 bytes,      65928 total
- age   2:     325032 bytes,     390960 total
- age   4:        968 bytes,     391928 total
- age   5:        128 bytes,     392056 total
- age   6:        968 bytes,     393024 total
: 137406K->569K(153344K), 0.0059420 secs] 332967K->196132K(1031552K), 0.0060489 secs] [Times: user=0.01 sys=0.00, real=0.01 secs] 
2016-08-24T16:52:43.851+0000: 9882.772: Total time for which application threads were stopped: 0.0068948 seconds, Stopping threads took: 0.0000980 seconds
2016-08-24T16:52:43.892+0000: 9882.814: [GC (Allocation Failure) 9882.814: [ParNew
Desired survivor size 8716288 bytes, new threshold 6 (max 6)
- age   1:      61280 bytes,      61280 total
- age   2:         72 bytes,      61352 total
- age   3:     315960 bytes,     377312 total
- age   5:        968 bytes,     378280 total
- age   6:        128 bytes,     378408 total
: 136889K->527K(153344K), 0.0059561 secs] 332452K->196090K(1031552K), 0.0060858 secs] [Times: user=0.01 sys=0.00, real=0.00 secs] 
2016-08-24T16:52:43.899+0000: 9882.820: Total time for which application threads were stopped: 0.0069091 seconds, Stopping threads took: 0.0001018 seconds
2016-08-24T16:52:43.939+0000: 9882.861: [GC (Allocation Failure) 9882.861: [ParNew
Desired survivor size 8716288 bytes, new threshold 6 (max 6)
- age   1:      75920 bytes,      75920 total
- age   2:      10544 bytes,      86464 total
- age   3:         72 bytes,      86536 total
- age   4:     315960 bytes,     402496 total
- age   6:        968 bytes,     403464 total
: 136847K->536K(153344K), 0.0064272 secs] 332410K->196100K(1031552K), 0.0065389 secs] [Times: user=0.02 sys=0.00, real=0.01 secs] 
2016-08-24T16:52:43.946+0000: 9882.867: Total time for which application threads were stopped: 0.0073758 seconds, Stopping threads took: 0.0001018 seconds
2016-08-24T16:52:43.987+0000: 9882.908: [GC (Allocation Failure) 9882.908: [ParNew
Desired survivor size 8716288 bytes, new threshold 6 (max 6)
- age   1:      72584 bytes,      72584 total
- age   3:       1096 bytes,      73680 total
- age   4:         72 bytes,      73752 total
- age   5:     314112 bytes,     387864 total
: 136856K->566K(153344K), 0.0062952 secs] 332420K->196131K(1031552K), 0.0064156 secs] [Times: user=0.01 sys=0.00, real=0.01 secs] 
2016-08-24T16:52:43.993+0000: 9882.915: Total time for which application threads were stopped: 0.0072778 seconds, Stopping threads took: 0.0000993 seconds
2016-08-24T16:52:44.032+0000: 9882.954: [GC (Allocation Failure) 9882.954: [ParNew
Desired survivor size 8716288 bytes, new threshold 6 (max 6)
- age   1:      75840 bytes,      75840 total
- age   2:      14088 bytes,      89928 total
- age   4:       1096 bytes,      91024 total
- age   5:         72 bytes,      91096 total
- age   6:     314112 bytes,     405208 total
: 136886K->551K(153344K), 0.0059166 secs] 332451K->196115K(1031552K), 0.0060577 secs] [Times: user=0.01 sys=0.00, real=0.00 secs] 
2016-08-24T16:52:44.039+0000: 9882.960: Total time for which application threads were stopped: 0.0068901 seconds, Stopping threads took: 0.0001001 seconds
2016-08-24T16:52:44.078+0000: 9882.999: [GC (Allocation Failure) 9882.999: [ParNew
Desired survivor size 8716288 bytes, new threshold 6 (max 6)
- age   1:      76872 bytes,      76872 total
- age   3:       1000 bytes,      77872 total
- age   5:       1064 bytes,      78936 total
- age   6:         72 bytes,      79008 total
: 136871K->390K(153344K), 0.0067919 secs] 332435K->196265K(1031552K), 0.0069133 secs] [Times: user=0.01 sys=0.00, real=0.01 secs] 
2016-08-24T16:52:44.085+0000: 9883.006: Total time for which application threads were stopped: 0.0077385 seconds, Stopping threads took: 0.0000972 seconds
2016-08-24T16:52:44.123+0000: 9883.044: [GC (Allocation Failure) 9883.044: [ParNew
Desired survivor size 8716288 bytes, new threshold 6 (max 6)
- age   1:      82680 bytes,      82680 total
- age   2:      17232 bytes,      99912 total
- age   4:       1000 bytes,     100912 total
- age   6:       1064 bytes,     101976 total
: 136710K->180K(153344K), 0.0054254 secs] 332585K->196055K(1031552K), 0.0055271 secs] [Times: user=0.01 sys=0.00, real=0.01 secs] 
2016-08-24T16:52:44.129+0000: 9883.050: Total time for which application threads were stopped: 0.0063206 seconds, Stopping threads took: 0.0001008 seconds
2016-08-24T16:52:44.169+0000: 9883.091: [GC (Allocation Failure) 9883.091: [ParNew
Desired survivor size 8716288 bytes, new threshold 6 (max 6)
- age   1:      78960 bytes,      78960 total
- age   3:       1232 bytes,      80192 total
- age   5:        968 bytes,      81160 total
: 136500K->107K(153344K), 0.0054991 secs] 332375K->195983K(1031552K), 0.0056064 secs] [Times: user=0.01 sys=0.00, real=0.00 secs] 
2016-08-24T16:52:44.175+0000: 9883.096: Total time for which application threads were stopped: 0.0064323 seconds, Stopping threads took: 0.0000984 seconds
2016-08-24T16:52:44.213+0000: 9883.135: [GC (Allocation Failure) 9883.135: [ParNew
Desired survivor size 8716288 bytes, new threshold 6 (max 6)
- age   1:      68496 bytes,      68496 total
- age   2:      19512 bytes,      88008 total
- age   4:       1232 bytes,      89240 total
- age   6:        968 bytes,      90208 total
: 136427K->103K(153344K), 0.0054545 secs] 332303K->195979K(1031552K), 0.0055549 secs] [Times: user=0.02 sys=0.00, real=0.00 secs] 
2016-08-24T16:52:44.219+0000: 9883.140: Total time for which application threads were stopped: 0.0063872 seconds, Stopping threads took: 0.0001020 seconds
2016-08-24T16:52:44.258+0000: 9883.179: [GC (Allocation Failure) 9883.179: [ParNew
Desired survivor size 8716288 bytes, new threshold 6 (max 6)
- age   1:      69856 bytes,      69856 total
- age   3:       1000 bytes,      70856 total
- age   5:       1200 bytes,      72056 total
: 136423K->114K(153344K), 0.0055492 secs] 332299K->195991K(1031552K), 0.0056618 secs] [Times: user=0.02 sys=0.00, real=0.01 secs] 
2016-08-24T16:52:44.263+0000: 9883.185: Total time for which application threads were stopped: 0.0064848 seconds, Stopping threads took: 0.0000996 seconds
2016-08-24T16:52:45.501+0000: 9884.423: [GC (Allocation Failure) 9884.423: [ParNew
Desired survivor size 8716288 bytes, new threshold 6 (max 6)
- age   1:     333704 bytes,     333704 total
- age   2:        968 bytes,     334672 total
- age   4:        968 bytes,     335640 total
- age   6:       1056 bytes,     336696 total
: 136434K->337K(153344K), 0.0133384 secs] 332311K->196214K(1031552K), 0.0135469 secs] [Times: user=0.02 sys=0.00, real=0.01 secs] 
2016-08-24T16:52:45.515+0000: 9884.436: Total time for which application threads were stopped: 0.0155264 seconds, Stopping threads took: 0.0002111 seconds
2016-08-24T16:52:54.317+0000: 9893.238: [GC (Allocation Failure) 9893.238: [ParNew
Desired survivor size 8716288 bytes, new threshold 6 (max 6)
- age   1:     761352 bytes,     761352 total
- age   2:      93176 bytes,     854528 total
- age   3:        968 bytes,     855496 total
- age   5:        968 bytes,     856464 total
: 136657K->894K(153344K), 0.0074504 secs] 332534K->196772K(1031552K), 0.0075859 secs] [Times: user=0.01 sys=0.00, real=0.01 secs] 
2016-08-24T16:52:54.324+0000: 9893.246: Total time for which application threads were stopped: 0.0084761 seconds, Stopping threads took: 0.0001027 seconds
2016-08-24T16:52:54.364+0000: 9893.285: [GC (Allocation Failure) 9893.285: [ParNew
Desired survivor size 8716288 bytes, new threshold 6 (max 6)
- age   1:      56712 bytes,      56712 total
- age   2:     174040 bytes,     230752 total
- age   3:      90440 bytes,     321192 total
- age   4:        968 bytes,     322160 total
- age   6:        968 bytes,     323128 total
: 137214K->392K(153344K), 0.0060482 secs] 333092K->196270K(1031552K), 0.0061505 secs] [Times: user=0.01 sys=0.00, real=0.01 secs] 
2016-08-24T16:52:54.370+0000: 9893.291: Total time for which application threads were stopped: 0.0069040 seconds, Stopping threads took: 0.0000942 seconds
2016-08-24T16:52:54.410+0000: 9893.331: [GC (Allocation Failure) 9893.331: [ParNew
Desired survivor size 8716288 bytes, new threshold 6 (max 6)
- age   1:      74424 bytes,      74424 total
- age   2:       4200 bytes,      78624 total
- age   3:     174040 bytes,     252664 total
- age   4:      90440 bytes,     343104 total
- age   5:        968 bytes,     344072 total
: 136712K->436K(153344K), 0.0059943 secs] 332590K->196315K(1031552K), 0.0060985 secs] [Times: user=0.01 sys=0.00, real=0.00 secs] 
2016-08-24T16:52:54.416+0000: 9893.337: Total time for which application threads were stopped: 0.0069198 seconds, Stopping threads took: 0.0001013 seconds
2016-08-24T16:52:54.457+0000: 9893.379: [GC (Allocation Failure) 9893.379: [ParNew
Desired survivor size 8716288 bytes, new threshold 6 (max 6)
- age   1:      53304 bytes,      53304 total
- age   3:       1096 bytes,      54400 total
- age   4:     172192 bytes,     226592 total
- age   5:      90440 bytes,     317032 total
- age   6:        968 bytes,     318000 total
: 136756K->472K(153344K), 0.0060078 secs] 332635K->196351K(1031552K), 0.0061087 secs] [Times: user=0.01 sys=0.00, real=0.01 secs] 
2016-08-24T16:52:54.463+0000: 9893.385: Total time for which application threads were stopped: 0.0069180 seconds, Stopping threads took: 0.0001041 seconds
2016-08-24T16:52:54.503+0000: 9893.425: [GC (Allocation Failure) 9893.425: [ParNew
Desired survivor size 8716288 bytes, new threshold 6 (max 6)
- age   1:      93112 bytes,      93112 total
- age   2:       6240 bytes,      99352 total
- age   4:       1096 bytes,     100448 total
- age   5:     172192 bytes,     272640 total
- age   6:      90440 bytes,     363080 total
: 136792K->471K(153344K), 0.0058812 secs] 332671K->196351K(1031552K), 0.0059848 secs] [Times: user=0.01 sys=0.00, real=0.01 secs] 
2016-08-24T16:52:54.510+0000: 9893.431: Total time for which application threads were stopped: 0.0068135 seconds, Stopping threads took: 0.0001007 seconds
2016-08-24T16:52:54.549+0000: 9893.470: [GC (Allocation Failure) 9893.470: [ParNew
Desired survivor size 8716288 bytes, new threshold 6 (max 6)
- age   1:      51992 bytes,      51992 total
- age   3:       1000 bytes,      52992 total
- age   5:       1064 bytes,      54056 total
- age   6:     169872 bytes,     223928 total
: 136791K->333K(153344K), 0.0059229 secs] 332671K->196303K(1031552K), 0.0060384 secs] [Times: user=0.01 sys=0.00, real=0.00 secs] 
2016-08-24T16:52:54.555+0000: 9893.477: Total time for which application threads were stopped: 0.0068687 seconds, Stopping threads took: 0.0000977 seconds
2016-08-24T16:52:54.595+0000: 9893.516: [GC (Allocation Failure) 9893.516: [ParNew
Desired survivor size 8716288 bytes, new threshold 6 (max 6)
- age   1:      61720 bytes,      61720 total
- age   2:       9768 bytes,      71488 total
- age   4:       1000 bytes,      72488 total
- age   6:       1064 bytes,      73552 total
: 136653K->246K(153344K), 0.0060884 secs] 332623K->196387K(1031552K), 0.0062072 secs] [Times: user=0.01 sys=0.00, real=0.01 secs] 
2016-08-24T16:52:54.601+0000: 9893.522: Total time for which application threads were stopped: 0.0070992 seconds, Stopping threads took: 0.0001345 seconds
2016-08-24T16:52:54.640+0000: 9893.561: [GC (Allocation Failure) 9893.561: [ParNew
Desired survivor size 8716288 bytes, new threshold 6 (max 6)
- age   1:      73080 bytes,      73080 total
- age   3:       1336 bytes,      74416 total
- age   5:        968 bytes,      75384 total
: 136566K->127K(153344K), 0.0053079 secs] 332707K->196268K(1031552K), 0.0054087 secs] [Times: user=0.01 sys=0.00, real=0.01 secs] 
2016-08-24T16:52:54.645+0000: 9893.567: Total time for which application threads were stopped: 0.0062053 seconds, Stopping threads took: 0.0001023 seconds
2016-08-24T16:52:54.683+0000: 9893.605: [GC (Allocation Failure) 9893.605: [ParNew
Desired survivor size 8716288 bytes, new threshold 6 (max 6)
- age   1:      84944 bytes,      84944 total
- age   2:      12992 bytes,      97936 total
- age   4:       1336 bytes,      99272 total
- age   6:        968 bytes,     100240 total
: 136447K->107K(153344K), 0.0052033 secs] 332588K->196249K(1031552K), 0.0053113 secs] [Times: user=0.01 sys=0.00, real=0.01 secs] 
2016-08-24T16:52:54.689+0000: 9893.610: Total time for which application threads were stopped: 0.0060897 seconds, Stopping threads took: 0.0000988 seconds
2016-08-24T16:52:54.728+0000: 9893.649: [GC (Allocation Failure) 9893.649: [ParNew
Desired survivor size 8716288 bytes, new threshold 6 (max 6)
- age   1:      65344 bytes,      65344 total
- age   3:       1000 bytes,      66344 total
- age   5:       1304 bytes,      67648 total
: 136427K->115K(153344K), 0.0052707 secs] 332569K->196258K(1031552K), 0.0053734 secs] [Times: user=0.01 sys=0.00, real=0.01 secs] 
2016-08-24T16:52:54.733+0000: 9893.655: Total time for which application threads were stopped: 0.0061837 seconds, Stopping threads took: 0.0000935 seconds
2016-08-24T16:52:54.773+0000: 9893.695: [GC (Allocation Failure) 9893.695: [ParNew
Desired survivor size 8716288 bytes, new threshold 6 (max 6)
- age   1:      75320 bytes,      75320 total
- age   2:      15264 bytes,      90584 total
- age   4:       1000 bytes,      91584 total
- age   6:       1304 bytes,      92888 total
: 136435K->99K(153344K), 0.0053218 secs] 332578K->196241K(1031552K), 0.0054241 secs] [Times: user=0.01 sys=0.00, real=0.00 secs] 
2016-08-24T16:52:54.779+0000: 9893.700: Total time for which application threads were stopped: 0.0062393 seconds, Stopping threads took: 0.0001012 seconds
2016-08-24T16:53:04.510+0000: 9903.431: [GC (Allocation Failure) 9903.431: [ParNew
Desired survivor size 8716288 bytes, new threshold 6 (max 6)
- age   1:    1024272 bytes,    1024272 total
- age   3:        968 bytes,    1025240 total
- age   5:        968 bytes,    1026208 total
: 136419K->1020K(153344K), 0.0080282 secs] 332561K->197164K(1031552K), 0.0081494 secs] [Times: user=0.01 sys=0.00, real=0.00 secs] 
2016-08-24T16:53:04.518+0000: 9903.440: Total time for which application threads were stopped: 0.0090050 seconds, Stopping threads took: 0.0001003 seconds
2016-08-24T16:53:04.557+0000: 9903.478: [GC (Allocation Failure) 9903.479: [ParNew
Desired survivor size 8716288 bytes, new threshold 6 (max 6)
- age   1:      65648 bytes,      65648 total
- age   2:     297760 bytes,     363408 total
- age   4:        968 bytes,     364376 total
- age   6:        968 bytes,     365344 total
: 137340K->527K(153344K), 0.0062134 secs] 333484K->196670K(1031552K), 0.0063407 secs] [Times: user=0.02 sys=0.00, real=0.01 secs] 
2016-08-24T16:53:04.563+0000: 9903.485: Total time for which application threads were stopped: 0.0072697 seconds, Stopping threads took: 0.0000877 seconds
2016-08-24T16:53:04.605+0000: 9903.527: [GC (Allocation Failure) 9903.527: [ParNew
Desired survivor size 8716288 bytes, new threshold 6 (max 6)
- age   1:      80376 bytes,      80376 total
- age   2:        168 bytes,      80544 total
- age   3:     281944 bytes,     362488 total
- age   5:        968 bytes,     363456 total
: 136847K->492K(153344K), 0.0059961 secs] 332990K->196637K(1031552K), 0.0061106 secs] [Times: user=0.01 sys=0.00, real=0.01 secs] 
2016-08-24T16:53:04.612+0000: 9903.533: Total time for which application threads were stopped: 0.0069365 seconds, Stopping threads took: 0.0001133 seconds
2016-08-24T16:53:04.650+0000: 9903.572: [GC (Allocation Failure) 9903.572: [ParNew
Desired survivor size 8716288 bytes, new threshold 6 (max 6)
- age   1:      87440 bytes,      87440 total
- age   2:      17944 bytes,     105384 total
- age   3:        168 bytes,     105552 total
- age   4:     281944 bytes,     387496 total
- age   6:        968 bytes,     388464 total
: 136812K->508K(153344K), 0.0062710 secs] 332957K->196653K(1031552K), 0.0063833 secs] [Times: user=0.01 sys=0.00, real=0.00 secs] 
2016-08-24T16:53:04.657+0000: 9903.579: Total time for which application threads were stopped: 0.0071998 seconds, Stopping threads took: 0.0000997 seconds
2016-08-24T16:53:04.666+0000: 9903.588: Total time for which application threads were stopped: 0.0007969 seconds, Stopping threads took: 0.0001608 seconds
2016-08-24T16:53:04.667+0000: 9903.588: Total time for which application threads were stopped: 0.0003948 seconds, Stopping threads took: 0.0000631 seconds
2016-08-24T16:53:04.667+0000: 9903.589: Total time for which application threads were stopped: 0.0004193 seconds, Stopping threads took: 0.0000507 seconds
2016-08-24T16:53:04.700+0000: 9903.622: [GC (Allocation Failure) 9903.622: [ParNew
Desired survivor size 8716288 bytes, new threshold 6 (max 6)
- age   1:      86032 bytes,      86032 total
- age   3:       1096 bytes,      87128 total
- age   4:        168 bytes,      87296 total
- age   5:     280064 bytes,     367360 total
: 136828K->540K(153344K), 0.0064769 secs] 332973K->196686K(1031552K), 0.0065896 secs] [Times: user=0.01 sys=0.00, real=0.00 secs] 
2016-08-24T16:53:04.707+0000: 9903.629: Total time for which application threads were stopped: 0.0074287 seconds, Stopping threads took: 0.0000991 seconds
2016-08-24T16:53:04.747+0000: 9903.669: [GC (Allocation Failure) 9903.669: [ParNew
Desired survivor size 8716288 bytes, new threshold 6 (max 6)
- age   1:      49272 bytes,      49272 total
- age   2:       8232 bytes,      57504 total
- age   4:       1064 bytes,      58568 total
- age   5:        168 bytes,      58736 total
- age   6:     278248 bytes,     336984 total
: 136860K->528K(153344K), 0.0061256 secs] 333006K->196674K(1031552K), 0.0062366 secs] [Times: user=0.01 sys=0.00, real=0.01 secs] 
2016-08-24T16:53:04.754+0000: 9903.675: Total time for which application threads were stopped: 0.0070263 seconds, Stopping threads took: 0.0000827 seconds
2016-08-24T16:53:04.792+0000: 9903.714: [GC (Allocation Failure) 9903.714: [ParNew
Desired survivor size 8716288 bytes, new threshold 6 (max 6)
- age   1:      87264 bytes,      87264 total
- age   2:       3664 bytes,      90928 total
- age   3:       8232 bytes,      99160 total
- age   5:       1064 bytes,     100224 total
- age   6:        168 bytes,     100392 total
: 136848K->226K(153344K), 0.0062910 secs] 332994K->196649K(1031552K), 0.0063983 secs] [Times: user=0.01 sys=0.00, real=0.00 secs] 
2016-08-24T16:53:04.799+0000: 9903.720: Total time for which application threads were stopped: 0.0072414 seconds, Stopping threads took: 0.0000995 seconds
2016-08-24T16:53:04.840+0000: 9903.761: [GC (Allocation Failure) 9903.761: [ParNew
Desired survivor size 8716288 bytes, new threshold 6 (max 6)
- age   1:      64496 bytes,      64496 total
- age   3:       1000 bytes,      65496 total
- age   4:       8200 bytes,      73696 total
- age   6:       1064 bytes,      74760 total
: 136546K->97K(153344K), 0.0052818 secs] 332969K->196520K(1031552K), 0.0053857 secs] [Times: user=0.01 sys=0.00, real=0.01 secs] 
2016-08-24T16:53:04.845+0000: 9903.767: Total time for which application threads were stopped: 0.0062248 seconds, Stopping threads took: 0.0001009 seconds
2016-08-24T16:53:04.884+0000: 9903.806: [GC (Allocation Failure) 9903.806: [ParNew
Desired survivor size 8716288 bytes, new threshold 6 (max 6)
- age   1:      71832 bytes,      71832 total
- age   2:       5536 bytes,      77368 total
- age   4:       1000 bytes,      78368 total
- age   5:       8200 bytes,      86568 total
: 136417K->101K(153344K), 0.0050052 secs] 332840K->196525K(1031552K), 0.0051168 secs] [Times: user=0.01 sys=0.00, real=0.01 secs] 
2016-08-24T16:53:04.889+0000: 9903.811: Total time for which application threads were stopped: 0.0059323 seconds, Stopping threads took: 0.0000982 seconds
2016-08-24T16:53:04.929+0000: 9903.850: [GC (Allocation Failure) 9903.850: [ParNew
Desired survivor size 8716288 bytes, new threshold 6 (max 6)
- age   1:      67472 bytes,      67472 total
- age   3:       1000 bytes,      68472 total
- age   5:        968 bytes,      69440 total
- age   6:       8200 bytes,      77640 total
: 136421K->109K(153344K), 0.0053067 secs] 332845K->196533K(1031552K), 0.0054096 secs] [Times: user=0.01 sys=0.00, real=0.00 secs] 
2016-08-24T16:53:04.934+0000: 9903.856: Total time for which application threads were stopped: 0.0062377 seconds, Stopping threads took: 0.0000998 seconds
2016-08-24T16:53:04.973+0000: 9903.894: [GC (Allocation Failure) 9903.894: [ParNew
Desired survivor size 8716288 bytes, new threshold 6 (max 6)
- age   1:      62936 bytes,      62936 total
- age   2:       9064 bytes,      72000 total
- age   4:       1000 bytes,      73000 total
- age   6:        968 bytes,      73968 total
: 136429K->74K(153344K), 0.0052452 secs] 332853K->196506K(1031552K), 0.0053506 secs] [Times: user=0.01 sys=0.00, real=0.00 secs] 
2016-08-24T16:53:04.978+0000: 9903.900: Total time for which application threads were stopped: 0.0061875 seconds, Stopping threads took: 0.0000923 seconds
2016-08-24T16:53:07.811+0000: 9906.733: Total time for which application threads were stopped: 0.0006727 seconds, Stopping threads took: 0.0000931 seconds
2016-08-24T16:53:07.812+0000: 9906.733: Total time for which application threads were stopped: 0.0003035 seconds, Stopping threads took: 0.0000554 seconds
2016-08-24T16:53:07.812+0000: 9906.734: Total time for which application threads were stopped: 0.0003472 seconds, Stopping threads took: 0.0000360 seconds
2016-08-24T16:53:14.384+0000: 9913.306: [GC (Allocation Failure) 9913.306: [ParNew
Desired survivor size 8716288 bytes, new threshold 6 (max 6)
- age   1:     839896 bytes,     839896 total
- age   2:         88 bytes,     839984 total
- age   3:        968 bytes,     840952 total
- age   5:        968 bytes,     841920 total
: 136394K->834K(153344K), 0.0079553 secs] 332826K->197268K(1031552K), 0.0081044 secs] [Times: user=0.02 sys=0.00, real=0.01 secs] 
2016-08-24T16:53:14.393+0000: 9913.314: Total time for which application threads were stopped: 0.0089454 seconds, Stopping threads took: 0.0001048 seconds
2016-08-24T16:53:14.434+0000: 9913.355: [GC (Allocation Failure) 9913.355: [ParNew
Desired survivor size 8716288 bytes, new threshold 6 (max 6)
- age   1:      80032 bytes,      80032 total
- age   2:     222360 bytes,     302392 total
- age   3:         88 bytes,     302480 total
- age   4:        968 bytes,     303448 total
- age   6:        968 bytes,     304416 total
: 137154K->417K(153344K), 0.0059947 secs] 333588K->196850K(1031552K), 0.0061019 secs] [Times: user=0.01 sys=0.00, real=0.00 secs] 
2016-08-24T16:53:14.440+0000: 9913.361: Total time for which application threads were stopped: 0.0071207 seconds, Stopping threads took: 0.0001112 seconds
2016-08-24T16:53:14.480+0000: 9913.402: [GC (Allocation Failure) 9913.402: [ParNew
Desired survivor size 8716288 bytes, new threshold 6 (max 6)
- age   1:      55400 bytes,      55400 total
- age   2:        232 bytes,      55632 total
- age   3:     212784 bytes,     268416 total
- age   4:         88 bytes,     268504 total
- age   5:        968 bytes,     269472 total
: 136737K->401K(153344K), 0.0061391 secs] 333170K->196836K(1031552K), 0.0062473 secs] [Times: user=0.01 sys=0.00, real=0.00 secs] 
2016-08-24T16:53:14.487+0000: 9913.408: Total time for which application threads were stopped: 0.0070908 seconds, Stopping threads took: 0.0001002 seconds
2016-08-24T16:53:14.527+0000: 9913.449: [GC (Allocation Failure) 9913.449: [ParNew
Desired survivor size 8716288 bytes, new threshold 6 (max 6)
- age   1:      71864 bytes,      71864 total
- age   2:      11640 bytes,      83504 total
- age   3:        232 bytes,      83736 total
- age   4:     212784 bytes,     296520 total
- age   5:         88 bytes,     296608 total
- age   6:        968 bytes,     297576 total
: 136721K->386K(153344K), 0.0065977 secs] 333156K->196820K(1031552K), 0.0067207 secs] [Times: user=0.01 sys=0.00, real=0.01 secs] 
2016-08-24T16:53:14.534+0000: 9913.456: Total time for which application threads were stopped: 0.0075524 seconds, Stopping threads took: 0.0001072 seconds
2016-08-24T16:53:14.576+0000: 9913.498: [GC (Allocation Failure) 9913.498: [ParNew
Desired survivor size 8716288 bytes, new threshold 6 (max 6)
- age   1:      61160 bytes,      61160 total
- age   3:       1096 bytes,      62256 total
- age   4:        160 bytes,      62416 total
- age   5:     210504 bytes,     272920 total
- age   6:         88 bytes,     273008 total
: 136706K->409K(153344K), 0.0063746 secs] 333140K->196844K(1031552K), 0.0065302 secs] [Times: user=0.01 sys=0.00, real=0.01 secs] 
2016-08-24T16:53:14.583+0000: 9913.504: Total time for which application threads were stopped: 0.0073931 seconds, Stopping threads took: 0.0001170 seconds
2016-08-24T16:53:14.623+0000: 9913.545: [GC (Allocation Failure) 9913.545: [ParNew
Desired survivor size 8716288 bytes, new threshold 6 (max 6)
- age   1:      82992 bytes,      82992 total
- age   2:      14608 bytes,      97600 total
- age   4:       1096 bytes,      98696 total
- age   5:        160 bytes,      98856 total
- age   6:     210504 bytes,     309360 total
: 136729K->401K(153344K), 0.0061179 secs] 333164K->196837K(1031552K), 0.0062321 secs] [Times: user=0.01 sys=0.00, real=0.01 secs] 
2016-08-24T16:53:14.630+0000: 9913.551: Total time for which application threads were stopped: 0.0070589 seconds, Stopping threads took: 0.0000973 seconds
2016-08-24T16:53:14.670+0000: 9913.591: [GC (Allocation Failure) 9913.591: [ParNew
Desired survivor size 8716288 bytes, new threshold 6 (max 6)
- age   1:      73064 bytes,      73064 total
- age   3:       1248 bytes,      74312 total
- age   5:       1064 bytes,      75376 total
- age   6:        160 bytes,      75536 total
: 136721K->283K(153344K), 0.0063631 secs] 333157K->196926K(1031552K), 0.0064722 secs] [Times: user=0.02 sys=0.00, real=0.00 secs] 
2016-08-24T16:53:14.676+0000: 9913.598: Total time for which application threads were stopped: 0.0072947 seconds, Stopping threads took: 0.0000984 seconds
2016-08-24T16:53:14.717+0000: 9913.639: [GC (Allocation Failure) 9913.639: [ParNew
Desired survivor size 8716288 bytes, new threshold 6 (max 6)
- age   1:      75616 bytes,      75616 total
- age   2:      17560 bytes,      93176 total
- age   4:       1248 bytes,      94424 total
- age   6:       1064 bytes,      95488 total
: 136603K->138K(153344K), 0.0055513 secs] 333246K->196782K(1031552K), 0.0056577 secs] [Times: user=0.01 sys=0.00, real=0.01 secs] 
2016-08-24T16:53:14.723+0000: 9913.645: Total time for which application threads were stopped: 0.0064617 seconds, Stopping threads took: 0.0001011 seconds
2016-08-24T16:53:14.766+0000: 9913.687: [GC (Allocation Failure) 9913.687: [ParNew
Desired survivor size 8716288 bytes, new threshold 6 (max 6)
- age   1:      75432 bytes,      75432 total
- age   3:       1000 bytes,      76432 total
- age   5:       1216 bytes,      77648 total
: 136458K->113K(153344K), 0.0056716 secs] 333102K->196757K(1031552K), 0.0057828 secs] [Times: user=0.01 sys=0.00, real=0.01 secs] 
2016-08-24T16:53:14.771+0000: 9913.693: Total time for which application threads were stopped: 0.0065917 seconds, Stopping threads took: 0.0001000 seconds
2016-08-24T16:53:14.811+0000: 9913.733: [GC (Allocation Failure) 9913.733: [ParNew
Desired survivor size 8716288 bytes, new threshold 6 (max 6)
- age   1:      85952 bytes,      85952 total
- age   2:      20592 bytes,     106544 total
- age   4:       1000 bytes,     107544 total
- age   6:       1216 bytes,     108760 total
: 136433K->125K(153344K), 0.0049888 secs] 333077K->196770K(1031552K), 0.0051028 secs] [Times: user=0.01 sys=0.00, real=0.00 secs] 
2016-08-24T16:53:14.817+0000: 9913.738: Total time for which application threads were stopped: 0.0059149 seconds, Stopping threads took: 0.0000938 seconds
2016-08-24T16:53:14.858+0000: 9913.779: [GC (Allocation Failure) 9913.779: [ParNew
Desired survivor size 8716288 bytes, new threshold 6 (max 6)
- age   1:      81208 bytes,      81208 total
- age   3:       1000 bytes,      82208 total
- age   5:        968 bytes,      83176 total
: 136445K->126K(153344K), 0.0053170 secs] 333090K->196772K(1031552K), 0.0054177 secs] [Times: user=0.01 sys=0.00, real=0.01 secs] 
2016-08-24T16:53:14.863+0000: 9913.785: Total time for which application threads were stopped: 0.0062312 seconds, Stopping threads took: 0.0001007 seconds
2016-08-24T16:53:19.417+0000: 9918.338: [GC (Allocation Failure) 9918.338: [ParNew
Desired survivor size 8716288 bytes, new threshold 6 (max 6)
- age   1:     695760 bytes,     695760 total
- age   2:        968 bytes,     696728 total
- age   4:        968 bytes,     697696 total
- age   6:        968 bytes,     698664 total
: 136446K->693K(153344K), 0.0065018 secs] 333092K->197339K(1031552K), 0.0066225 secs] [Times: user=0.01 sys=0.00, real=0.01 secs] 
2016-08-24T16:53:19.423+0000: 9918.345: Total time for which application threads were stopped: 0.0074257 seconds, Stopping threads took: 0.0000999 seconds
2016-08-24T16:53:24.326+0000: 9923.248: [GC (Allocation Failure) 9923.248: [ParNew
Desired survivor size 8716288 bytes, new threshold 6 (max 6)
- age   1:     782480 bytes,     782480 total
- age   2:     146736 bytes,     929216 total
- age   3:        968 bytes,     930184 total
- age   5:        968 bytes,     931152 total
: 137013K->1033K(153344K), 0.0076711 secs] 333659K->197680K(1031552K), 0.0077892 secs] [Times: user=0.01 sys=0.00, real=0.01 secs] 
2016-08-24T16:53:24.334+0000: 9923.256: Total time for which application threads were stopped: 0.0086478 seconds, Stopping threads took: 0.0001016 seconds
2016-08-24T16:53:24.374+0000: 9923.296: [GC (Allocation Failure) 9923.296: [ParNew
Desired survivor size 8716288 bytes, new threshold 6 (max 6)
- age   1:      57136 bytes,      57136 total
- age   2:     170168 bytes,     227304 total
- age   3:     111480 bytes,     338784 total
- age   4:        968 bytes,     339752 total
- age   6:        968 bytes,     340720 total
: 137353K->461K(153344K), 0.0057591 secs] 334000K->197108K(1031552K), 0.0058619 secs] [Times: user=0.01 sys=0.00, real=0.00 secs] 
2016-08-24T16:53:24.380+0000: 9923.302: Total time for which application threads were stopped: 0.0066361 seconds, Stopping threads took: 0.0000896 seconds
2016-08-24T16:53:24.420+0000: 9923.342: [GC (Allocation Failure) 9923.342: [ParNew
Desired survivor size 8716288 bytes, new threshold 6 (max 6)
- age   1:      81056 bytes,      81056 total
- age   2:       4456 bytes,      85512 total
- age   3:     170168 bytes,     255680 total
- age   4:     111480 bytes,     367160 total
- age   5:        968 bytes,     368128 total
: 136781K->473K(153344K), 0.0058234 secs] 333428K->197121K(1031552K), 0.0059301 secs] [Times: user=0.02 sys=0.00, real=0.01 secs] 
2016-08-24T16:53:24.426+0000: 9923.348: Total time for which application threads were stopped: 0.0067814 seconds, Stopping threads took: 0.0001200 seconds
2016-08-24T16:53:24.465+0000: 9923.387: [GC (Allocation Failure) 9923.387: [ParNew
Desired survivor size 8716288 bytes, new threshold 6 (max 6)
- age   1:      69472 bytes,      69472 total
- age   3:       1352 bytes,      70824 total
- age   4:     168320 bytes,     239144 total
- age   5:     111480 bytes,     350624 total
- age   6:        968 bytes,     351592 total
: 136793K->508K(153344K), 0.0054704 secs] 333441K->197156K(1031552K), 0.0055753 secs] [Times: user=0.01 sys=0.00, real=0.01 secs] 
2016-08-24T16:53:24.471+0000: 9923.392: Total time for which application threads were stopped: 0.0063928 seconds, Stopping threads took: 0.0001050 seconds
2016-08-24T16:53:24.508+0000: 9923.430: [GC (Allocation Failure) 9923.430: [ParNew
Desired survivor size 8716288 bytes, new threshold 6 (max 6)
- age   1:      77416 bytes,      77416 total
- age   2:       6304 bytes,      83720 total
- age   4:       1352 bytes,      85072 total
- age   5:     168320 bytes,     253392 total
- age   6:     111480 bytes,     364872 total
: 136828K->502K(153344K), 0.0058567 secs] 333476K->197151K(1031552K), 0.0059924 secs] [Times: user=0.02 sys=0.00, real=0.00 secs] 
2016-08-24T16:53:24.515+0000: 9923.436: Total time for which application threads were stopped: 0.0068317 seconds, Stopping threads took: 0.0001008 seconds
2016-08-24T16:53:24.553+0000: 9923.475: [GC (Allocation Failure) 9923.475: [ParNew
Desired survivor size 8716288 bytes, new threshold 6 (max 6)
- age   1:      53888 bytes,      53888 total
- age   3:       1000 bytes,      54888 total
- age   5:       1320 bytes,      56208 total
- age   6:     166504 bytes,     222712 total
: 136822K->354K(153344K), 0.0061356 secs] 333471K->197114K(1031552K), 0.0062573 secs] [Times: user=0.02 sys=0.00, real=0.00 secs] 
2016-08-24T16:53:24.560+0000: 9923.481: Total time for which application threads were stopped: 0.0070737 seconds, Stopping threads took: 0.0000974 seconds
2016-08-24T16:53:24.601+0000: 9923.523: [GC (Allocation Failure) 9923.523: [ParNew
Desired survivor size 8716288 bytes, new threshold 6 (max 6)
- age   1:      71640 bytes,      71640 total
- age   2:       9608 bytes,      81248 total
- age   4:       1000 bytes,      82248 total
- age   6:       1320 bytes,      83568 total
: 136674K->181K(153344K), 0.0064547 secs] 333434K->197108K(1031552K), 0.0065829 secs] [Times: user=0.01 sys=0.00, real=0.00 secs] 
2016-08-24T16:53:24.608+0000: 9923.529: Total time for which application threads were stopped: 0.0075851 seconds, Stopping threads took: 0.0000992 seconds
2016-08-24T16:53:24.652+0000: 9923.573: [GC (Allocation Failure) 9923.573: [ParNew
Desired survivor size 8716288 bytes, new threshold 6 (max 6)
- age   1:      61112 bytes,      61112 total
- age   3:       1000 bytes,      62112 total
- age   5:        968 bytes,      63080 total
: 136501K->85K(153344K), 0.0052096 secs] 333428K->197013K(1031552K), 0.0053124 secs] [Times: user=0.01 sys=0.00, real=0.00 secs] 
2016-08-24T16:53:24.657+0000: 9923.579: Total time for which application threads were stopped: 0.0061399 seconds, Stopping threads took: 0.0001045 seconds
2016-08-24T16:53:24.695+0000: 9923.616: [GC (Allocation Failure) 9923.616: [ParNew
Desired survivor size 8716288 bytes, new threshold 6 (max 6)
- age   1:      89352 bytes,      89352 total
- age   2:      13104 bytes,     102456 total
- age   4:       1000 bytes,     103456 total
- age   6:        968 bytes,     104424 total
: 136405K->112K(153344K), 0.0052415 secs] 333333K->197040K(1031552K), 0.0053413 secs] [Times: user=0.01 sys=0.00, real=0.00 secs] 
2016-08-24T16:53:24.700+0000: 9923.622: Total time for which application threads were stopped: 0.0061501 seconds, Stopping threads took: 0.0001019 seconds
2016-08-24T16:53:24.741+0000: 9923.663: [GC (Allocation Failure) 9923.663: [ParNew
Desired survivor size 8716288 bytes, new threshold 6 (max 6)
- age   1:      66488 bytes,      66488 total
- age   3:       1000 bytes,      67488 total
- age   5:        968 bytes,      68456 total
: 136432K->115K(153344K), 0.0054366 secs] 333360K->197044K(1031552K), 0.0055500 secs] [Times: user=0.01 sys=0.00, real=0.00 secs] 
2016-08-24T16:53:24.747+0000: 9923.669: Total time for which application threads were stopped: 0.0063749 seconds, Stopping threads took: 0.0000983 seconds
2016-08-24T16:53:24.787+0000: 9923.709: [GC (Allocation Failure) 9923.709: [ParNew
Desired survivor size 8716288 bytes, new threshold 6 (max 6)
- age   1:      64920 bytes,      64920 total
- age   2:      15264 bytes,      80184 total
- age   4:       1000 bytes,      81184 total
- age   6:        968 bytes,      82152 total
: 136435K->98K(153344K), 0.0057356 secs] 333364K->197027K(1031552K), 0.0058289 secs] [Times: user=0.01 sys=0.00, real=0.01 secs] 
2016-08-24T16:53:24.793+0000: 9923.715: Total time for which application threads were stopped: 0.0066576 seconds, Stopping threads took: 0.0001107 seconds
2016-08-24T16:53:34.045+0000: 9932.966: [GC (Allocation Failure) 9932.966: [ParNew
Desired survivor size 8716288 bytes, new threshold 6 (max 6)
- age   1:     875600 bytes,     875600 total
- age   3:        968 bytes,     876568 total
- age   5:        968 bytes,     877536 total
: 136418K->859K(153344K), 0.0075205 secs] 333347K->197788K(1031552K), 0.0076410 secs] [Times: user=0.01 sys=0.00, real=0.01 secs] 
2016-08-24T16:53:34.052+0000: 9932.974: Total time for which application threads were stopped: 0.0085002 seconds, Stopping threads took: 0.0000948 seconds
2016-08-24T16:53:34.095+0000: 9933.016: [GC (Allocation Failure) 9933.016: [ParNew
Desired survivor size 8716288 bytes, new threshold 6 (max 6)
- age   1:      79592 bytes,      79592 total
- age   2:     232328 bytes,     311920 total
- age   4:        968 bytes,     312888 total
- age   6:        968 bytes,     313856 total
: 137179K->423K(153344K), 0.0057112 secs] 334108K->197353K(1031552K), 0.0058139 secs] [Times: user=0.01 sys=0.00, real=0.01 secs] 
2016-08-24T16:53:34.101+0000: 9933.022: Total time for which application threads were stopped: 0.0066254 seconds, Stopping threads took: 0.0001040 seconds
2016-08-24T16:53:34.142+0000: 9933.063: [GC (Allocation Failure) 9933.063: [ParNew
Desired survivor size 8716288 bytes, new threshold 6 (max 6)
- age   1:      59888 bytes,      59888 total
- age   2:         72 bytes,      59960 total
- age   3:     216304 bytes,     276264 total
- age   5:        968 bytes,     277232 total
: 136743K->415K(153344K), 0.0056681 secs] 333673K->197346K(1031552K), 0.0057737 secs] [Times: user=0.01 sys=0.00, real=0.00 secs] 
2016-08-24T16:53:34.148+0000: 9933.069: Total time for which application threads were stopped: 0.0065968 seconds, Stopping threads took: 0.0000996 seconds
2016-08-24T16:53:34.187+0000: 9933.108: [GC (Allocation Failure) 9933.108: [ParNew
Desired survivor size 8716288 bytes, new threshold 6 (max 6)
- age   1:      71832 bytes,      71832 total
- age   2:      18480 bytes,      90312 total
- age   3:         72 bytes,      90384 total
- age   4:     216304 bytes,     306688 total
- age   6:        968 bytes,     307656 total
: 136735K->394K(153344K), 0.0054022 secs] 333666K->197325K(1031552K), 0.0055193 secs] [Times: user=0.01 sys=0.00, real=0.01 secs] 
2016-08-24T16:53:34.192+0000: 9933.114: Total time for which application threads were stopped: 0.0063302 seconds, Stopping threads took: 0.0000964 seconds
2016-08-24T16:53:34.233+0000: 9933.154: [GC (Allocation Failure) 9933.154: [ParNew
Desired survivor size 8716288 bytes, new threshold 6 (max 6)
- age   1:      84544 bytes,      84544 total
- age   3:       1096 bytes,      85640 total
- age   4:         72 bytes,      85712 total
- age   5:     214456 bytes,     300168 total
: 136714K->440K(153344K), 0.0059120 secs] 333645K->197371K(1031552K), 0.0060191 secs] [Times: user=0.01 sys=0.00, real=0.00 secs] 
2016-08-24T16:53:34.239+0000: 9933.160: Total time for which application threads were stopped: 0.0068687 seconds, Stopping threads took: 0.0000977 seconds
2016-08-24T16:53:34.280+0000: 9933.202: [GC (Allocation Failure) 9933.202: [ParNew
Desired survivor size 8716288 bytes, new threshold 6 (max 6)
- age   1:      54040 bytes,      54040 total
- age   2:       1000 bytes,      55040 total
- age   4:       1064 bytes,      56104 total
- age   5:         72 bytes,      56176 total
- age   6:     212640 bytes,     268816 total
: 136760K->408K(153344K), 0.0058914 secs] 333691K->197339K(1031552K), 0.0060017 secs] [Times: user=0.01 sys=0.00, real=0.00 secs] 
2016-08-24T16:53:34.286+0000: 9933.208: Total time for which application threads were stopped: 0.0068271 seconds, Stopping threads took: 0.0000914 seconds
2016-08-24T16:53:34.328+0000: 9933.249: [GC (Allocation Failure) 9933.249: [ParNew
Desired survivor size 8716288 bytes, new threshold 6 (max 6)
- age   1:      82832 bytes,      82832 total
- age   2:       4040 bytes,      86872 total
- age   3:       1000 bytes,      87872 total
- age   5:       1064 bytes,      88936 total
- age   6:         72 bytes,      89008 total
: 136728K->265K(153344K), 0.0067012 secs] 333659K->197409K(1031552K), 0.0068258 secs] [Times: user=0.02 sys=0.00, real=0.01 secs] 
2016-08-24T16:53:34.335+0000: 9933.256: Total time for which application threads were stopped: 0.0076572 seconds, Stopping threads took: 0.0001004 seconds
2016-08-24T16:53:34.376+0000: 9933.298: [GC (Allocation Failure) 9933.298: [ParNew
Desired survivor size 8716288 bytes, new threshold 6 (max 6)
- age   1:      76088 bytes,      76088 total
- age   3:       1000 bytes,      77088 total
- age   4:        968 bytes,      78056 total
- age   6:       1064 bytes,      79120 total
: 136585K->139K(153344K), 0.0060910 secs] 333729K->197283K(1031552K), 0.0061997 secs] [Times: user=0.01 sys=0.00, real=0.01 secs] 
2016-08-24T16:53:34.382+0000: 9933.304: Total time for which application threads were stopped: 0.0070188 seconds, Stopping threads took: 0.0000994 seconds
2016-08-24T16:53:34.423+0000: 9933.345: [GC (Allocation Failure) 9933.345: [ParNew
Desired survivor size 8716288 bytes, new threshold 6 (max 6)
- age   1:      74144 bytes,      74144 total
- age   2:       5624 bytes,      79768 total
- age   4:       1000 bytes,      80768 total
- age   5:        968 bytes,      81736 total
: 136459K->102K(153344K), 0.0059729 secs] 333603K->197247K(1031552K), 0.0060844 secs] [Times: user=0.01 sys=0.00, real=0.01 secs] 
2016-08-24T16:53:34.430+0000: 9933.351: Total time for which application threads were stopped: 0.0069162 seconds, Stopping threads took: 0.0001018 seconds
2016-08-24T16:53:34.472+0000: 9933.393: [GC (Allocation Failure) 9933.393: [ParNew
Desired survivor size 8716288 bytes, new threshold 6 (max 6)
- age   1:      70216 bytes,      70216 total
- age   3:       1000 bytes,      71216 total
- age   5:        968 bytes,      72184 total
- age   6:        968 bytes,      73152 total
: 136422K->98K(153344K), 0.0059409 secs] 333567K->197243K(1031552K), 0.0060475 secs] [Times: user=0.01 sys=0.00, real=0.00 secs] 
2016-08-24T16:53:34.478+0000: 9933.400: Total time for which application threads were stopped: 0.0068471 seconds, Stopping threads took: 0.0000968 seconds
2016-08-24T16:53:34.517+0000: 9933.438: [GC (Allocation Failure) 9933.438: [ParNew
Desired survivor size 8716288 bytes, new threshold 6 (max 6)
- age   1:      76544 bytes,      76544 total
- age   2:       9432 bytes,      85976 total
- age   4:       1000 bytes,      86976 total
- age   6:        968 bytes,      87944 total
: 136418K->106K(153344K), 0.0054316 secs] 333563K->197252K(1031552K), 0.0055334 secs] [Times: user=0.01 sys=0.00, real=0.01 secs] 
2016-08-24T16:53:34.522+0000: 9933.444: Total time for which application threads were stopped: 0.0063870 seconds, Stopping threads took: 0.0001018 seconds
2016-08-24T16:53:43.808+0000: 9942.730: [GC (Allocation Failure) 9942.730: [ParNew
Desired survivor size 8716288 bytes, new threshold 6 (max 6)
- age   1:    1147120 bytes,    1147120 total
- age   3:        968 bytes,    1148088 total
- age   5:        968 bytes,    1149056 total
: 136426K->1150K(153344K), 0.0093220 secs] 333572K->198297K(1031552K), 0.0094730 secs] [Times: user=0.02 sys=0.00, real=0.01 secs] 
2016-08-24T16:53:43.818+0000: 9942.739: Total time for which application threads were stopped: 0.0103008 seconds, Stopping threads took: 0.0001017 seconds
2016-08-24T16:53:43.858+0000: 9942.779: [GC (Allocation Failure) 9942.779: [ParNew
Desired survivor size 8716288 bytes, new threshold 6 (max 6)
- age   1:      70608 bytes,      70608 total
- age   2:     321592 bytes,     392200 total
- age   4:        968 bytes,     393168 total
- age   6:        968 bytes,     394136 total
: 137470K->527K(153344K), 0.0059060 secs] 334617K->197674K(1031552K), 0.0060102 secs] [Times: user=0.01 sys=0.00, real=0.01 secs] 
2016-08-24T16:53:43.864+0000: 9942.785: Total time for which application threads were stopped: 0.0068330 seconds, Stopping threads took: 0.0001148 seconds
2016-08-24T16:53:43.903+0000: 9942.824: [GC (Allocation Failure) 9942.824: [ParNew
Desired survivor size 8716288 bytes, new threshold 6 (max 6)
- age   1:      62296 bytes,      62296 total
- age   2:         96 bytes,      62392 total
- age   3:     311720 bytes,     374112 total
- age   5:        968 bytes,     375080 total
: 136847K->684K(153344K), 0.0065406 secs] 333994K->197832K(1031552K), 0.0066620 secs] [Times: user=0.01 sys=0.00, real=0.01 secs] 
2016-08-24T16:53:43.910+0000: 9942.831: Total time for which application threads were stopped: 0.0075024 seconds, Stopping threads took: 0.0001414 seconds
2016-08-24T16:53:43.950+0000: 9942.872: [GC (Allocation Failure) 9942.872: [ParNew
Desired survivor size 8716288 bytes, new threshold 6 (max 6)
- age   1:      70432 bytes,      70432 total
- age   2:      11808 bytes,      82240 total
- age   3:         96 bytes,      82336 total
- age   4:     311720 bytes,     394056 total
- age   6:        968 bytes,     395024 total
: 137004K->448K(153344K), 0.0065334 secs] 334152K->197595K(1031552K), 0.0066443 secs] [Times: user=0.02 sys=0.00, real=0.00 secs] 
2016-08-24T16:53:43.957+0000: 9942.879: Total time for which application threads were stopped: 0.0074536 seconds, Stopping threads took: 0.0001010 seconds
2016-08-24T16:53:43.999+0000: 9942.921: [GC (Allocation Failure) 9942.921: [ParNew
Desired survivor size 8716288 bytes, new threshold 6 (max 6)
- age   1:      58824 bytes,      58824 total
- age   3:       1096 bytes,      59920 total
- age   4:         96 bytes,      60016 total
- age   5:     309872 bytes,     369888 total
: 136768K->662K(153344K), 0.0066828 secs] 333915K->197810K(1031552K), 0.0067968 secs] [Times: user=0.01 sys=0.00, real=0.01 secs] 
2016-08-24T16:53:44.006+0000: 9942.928: Total time for which application threads were stopped: 0.0076052 seconds, Stopping threads took: 0.0000996 seconds
2016-08-24T16:53:44.047+0000: 9942.969: [GC (Allocation Failure) 9942.969: [ParNew
Desired survivor size 8716288 bytes, new threshold 6 (max 6)
- age   1:      66168 bytes,      66168 total
- age   2:      14464 bytes,      80632 total
- age   4:       1096 bytes,      81728 total
- age   5:         96 bytes,      81824 total
- age   6:     309872 bytes,     391696 total
: 136982K->433K(153344K), 0.0063565 secs] 334130K->197582K(1031552K), 0.0064713 secs] [Times: user=0.02 sys=0.00, real=0.01 secs] 
2016-08-24T16:53:44.054+0000: 9942.976: Total time for which application threads were stopped: 0.0072917 seconds, Stopping threads took: 0.0000953 seconds
2016-08-24T16:53:44.099+0000: 9943.020: [GC (Allocation Failure) 9943.020: [ParNew
Desired survivor size 8716288 bytes, new threshold 6 (max 6)
- age   1:      71096 bytes,      71096 total
- age   3:       1000 bytes,      72096 total
- age   5:       1064 bytes,      73160 total
- age   6:         96 bytes,      73256 total
: 136753K->346K(153344K), 0.0062362 secs] 333902K->197802K(1031552K), 0.0063422 secs] [Times: user=0.02 sys=0.00, real=0.01 secs] 
2016-08-24T16:53:44.105+0000: 9943.027: Total time for which application threads were stopped: 0.0071707 seconds, Stopping threads took: 0.0001008 seconds
2016-08-24T16:53:44.145+0000: 9943.067: [GC (Allocation Failure) 9943.067: [ParNew
Desired survivor size 8716288 bytes, new threshold 6 (max 6)
- age   1:      64264 bytes,      64264 total
- age   2:      17560 bytes,      81824 total
- age   4:       1000 bytes,      82824 total
- age   6:       1064 bytes,      83888 total
: 136666K->118K(153344K), 0.0053470 secs] 334122K->197574K(1031552K), 0.0054466 secs] [Times: user=0.01 sys=0.00, real=0.01 secs] 
2016-08-24T16:53:44.151+0000: 9943.072: Total time for which application threads were stopped: 0.0062480 seconds, Stopping threads took: 0.0001001 seconds
2016-08-24T16:53:44.192+0000: 9943.114: [GC (Allocation Failure) 9943.114: [ParNew
Desired survivor size 8716288 bytes, new threshold 6 (max 6)
- age   1:      67856 bytes,      67856 total
- age   3:       1000 bytes,      68856 total
- age   5:        968 bytes,      69824 total
: 136438K->92K(153344K), 0.0060336 secs] 333894K->197549K(1031552K), 0.0061664 secs] [Times: user=0.01 sys=0.00, real=0.00 secs] 
2016-08-24T16:53:44.198+0000: 9943.120: Total time for which application threads were stopped: 0.0069778 seconds, Stopping threads took: 0.0001001 seconds
2016-08-24T16:53:44.239+0000: 9943.161: [GC (Allocation Failure) 9943.161: [ParNew
Desired survivor size 8716288 bytes, new threshold 6 (max 6)
- age   1:      72360 bytes,      72360 total
- age   2:      20592 bytes,      92952 total
- age   4:       1000 bytes,      93952 total
- age   6:        968 bytes,      94920 total
: 136412K->104K(153344K), 0.0059702 secs] 333869K->197561K(1031552K), 0.0060787 secs] [Times: user=0.01 sys=0.00, real=0.01 secs] 
2016-08-24T16:53:44.245+0000: 9943.167: Total time for which application threads were stopped: 0.0068913 seconds, Stopping threads took: 0.0001016 seconds
2016-08-24T16:53:44.288+0000: 9943.209: [GC (Allocation Failure) 9943.209: [ParNew
Desired survivor size 8716288 bytes, new threshold 6 (max 6)
- age   1:      87280 bytes,      87280 total
- age   3:       1000 bytes,      88280 total
- age   5:        968 bytes,      89248 total
: 136424K->108K(153344K), 0.0060493 secs] 333881K->197566K(1031552K), 0.0061594 secs] [Times: user=0.01 sys=0.00, real=0.01 secs] 
2016-08-24T16:53:44.294+0000: 9943.215: Total time for which application threads were stopped: 0.0069493 seconds, Stopping threads took: 0.0000859 seconds
2016-08-24T16:53:51.154+0000: 9950.075: [GC (Allocation Failure) 9950.075: [ParNew
Desired survivor size 8716288 bytes, new threshold 6 (max 6)
- age   1:     744352 bytes,     744352 total
- age   2:        968 bytes,     745320 total
- age   4:        968 bytes,     746288 total
- age   6:        968 bytes,     747256 total
: 136428K->747K(153344K), 0.0154466 secs] 333886K->198204K(1031552K), 0.0156761 secs] [Times: user=0.03 sys=0.00, real=0.02 secs] 
2016-08-24T16:53:51.170+0000: 9950.091: Total time for which application threads were stopped: 0.0174881 seconds, Stopping threads took: 0.0002077 seconds
2016-08-24T16:53:54.034+0000: 9952.955: [GC (Allocation Failure) 9952.955: [ParNew
Desired survivor size 8716288 bytes, new threshold 6 (max 6)
- age   1:     481984 bytes,     481984 total
- age   2:     131416 bytes,     613400 total
- age   3:        968 bytes,     614368 total
- age   5:        968 bytes,     615336 total
: 137067K->739K(153344K), 0.0070505 secs] 334524K->198198K(1031552K), 0.0071652 secs] [Times: user=0.02 sys=0.00, real=0.01 secs] 
2016-08-24T16:53:54.041+0000: 9952.962: Total time for which application threads were stopped: 0.0079882 seconds, Stopping threads took: 0.0000983 seconds
2016-08-24T16:53:54.081+0000: 9953.002: [GC (Allocation Failure) 9953.002: [ParNew
Desired survivor size 8716288 bytes, new threshold 6 (max 6)
- age   1:      65056 bytes,      65056 total
- age   2:     144352 bytes,     209408 total
- age   3:     128992 bytes,     338400 total
- age   4:        968 bytes,     339368 total
- age   6:        968 bytes,     340336 total
: 137059K->577K(153344K), 0.0059756 secs] 334518K->198036K(1031552K), 0.0061057 secs] [Times: user=0.01 sys=0.00, real=0.00 secs] 
2016-08-24T16:53:54.087+0000: 9953.008: Total time for which application threads were stopped: 0.0069176 seconds, Stopping threads took: 0.0000809 seconds
2016-08-24T16:53:54.131+0000: 9953.052: [GC (Allocation Failure) 9953.052: [ParNew
Desired survivor size 8716288 bytes, new threshold 6 (max 6)
- age   1:      66232 bytes,      66232 total
- age   2:       4576 bytes,      70808 total
- age   3:     144352 bytes,     215160 total
- age   4:     128992 bytes,     344152 total
- age   5:        968 bytes,     345120 total
: 136897K->392K(153344K), 0.0057108 secs] 334356K->197851K(1031552K), 0.0058181 secs] [Times: user=0.01 sys=0.00, real=0.00 secs] 
2016-08-24T16:53:54.137+0000: 9953.058: Total time for which application threads were stopped: 0.0066246 seconds, Stopping threads took: 0.0001010 seconds
2016-08-24T16:53:54.176+0000: 9953.097: [GC (Allocation Failure) 9953.097: [ParNew
Desired survivor size 8716288 bytes, new threshold 6 (max 6)
- age   1:      47128 bytes,      47128 total
- age   3:       1096 bytes,      48224 total
- age   4:     142504 bytes,     190728 total
- age   5:     128992 bytes,     319720 total
- age   6:        968 bytes,     320688 total
: 136712K->441K(153344K), 0.0066997 secs] 334171K->197901K(1031552K), 0.0068275 secs] [Times: user=0.02 sys=0.00, real=0.01 secs] 
2016-08-24T16:53:54.183+0000: 9953.104: Total time for which application threads were stopped: 0.0076676 seconds, Stopping threads took: 0.0001026 seconds
2016-08-24T16:53:54.224+0000: 9953.145: [GC (Allocation Failure) 9953.145: [ParNew
Desired survivor size 8716288 bytes, new threshold 6 (max 6)
- age   1:      77728 bytes,      77728 total
- age   2:       7632 bytes,      85360 total
- age   4:       1096 bytes,      86456 total
- age   5:     142504 bytes,     228960 total
- age   6:     128992 bytes,     357952 total
: 136761K->590K(153344K), 0.0066720 secs] 334221K->198051K(1031552K), 0.0067817 secs] [Times: user=0.01 sys=0.00, real=0.01 secs] 
2016-08-24T16:53:54.231+0000: 9953.152: Total time for which application threads were stopped: 0.0075916 seconds, Stopping threads took: 0.0000986 seconds
2016-08-24T16:53:54.271+0000: 9953.192: [GC (Allocation Failure) 9953.192: [ParNew
Desired survivor size 8716288 bytes, new threshold 6 (max 6)
- age   1:      58808 bytes,      58808 total
- age   3:       1000 bytes,      59808 total
- age   5:       1064 bytes,      60872 total
- age   6:     140688 bytes,     201560 total
: 136910K->315K(153344K), 0.0064900 secs] 334371K->197904K(1031552K), 0.0066013 secs] [Times: user=0.02 sys=0.00, real=0.00 secs] 
2016-08-24T16:53:54.277+0000: 9953.199: Total time for which application threads were stopped: 0.0074494 seconds, Stopping threads took: 0.0001016 seconds
2016-08-24T16:53:54.319+0000: 9953.241: [GC (Allocation Failure) 9953.241: [ParNew
Desired survivor size 8716288 bytes, new threshold 6 (max 6)
- age   1:      78640 bytes,      78640 total
- age   2:      10288 bytes,      88928 total
- age   4:       1000 bytes,      89928 total
- age   6:       1064 bytes,      90992 total
: 136635K->143K(153344K), 0.0061061 secs] 334224K->197873K(1031552K), 0.0062200 secs] [Times: user=0.01 sys=0.00, real=0.01 secs] 
2016-08-24T16:53:54.325+0000: 9953.247: Total time for which application threads were stopped: 0.0071077 seconds, Stopping threads took: 0.0001638 seconds
2016-08-24T16:53:54.371+0000: 9953.293: [GC (Allocation Failure) 9953.293: [ParNew
Desired survivor size 8716288 bytes, new threshold 6 (max 6)
- age   1:      78480 bytes,      78480 total
- age   3:       1000 bytes,      79480 total
- age   5:        968 bytes,      80448 total
: 136463K->107K(153344K), 0.0052844 secs] 334193K->197839K(1031552K), 0.0053843 secs] [Times: user=0.00 sys=0.00, real=0.00 secs] 
2016-08-24T16:53:54.377+0000: 9953.298: Total time for which application threads were stopped: 0.0062036 seconds, Stopping threads took: 0.0000999 seconds
2016-08-24T16:53:54.414+0000: 9953.336: [GC (Allocation Failure) 9953.336: [ParNew
Desired survivor size 8716288 bytes, new threshold 6 (max 6)
- age   1:      81824 bytes,      81824 total
- age   2:      14088 bytes,      95912 total
- age   4:       1000 bytes,      96912 total
- age   6:        968 bytes,      97880 total
: 136427K->102K(153344K), 0.0059476 secs] 334159K->197834K(1031552K), 0.0060562 secs] [Times: user=0.01 sys=0.00, real=0.01 secs] 
2016-08-24T16:53:54.420+0000: 9953.342: Total time for which application threads were stopped: 0.0068815 seconds, Stopping threads took: 0.0000968 seconds
2016-08-24T16:53:54.463+0000: 9953.384: [GC (Allocation Failure) 9953.384: [ParNew
Desired survivor size 8716288 bytes, new threshold 6 (max 6)
- age   1:      59576 bytes,      59576 total
- age   3:       1000 bytes,      60576 total
- age   5:        968 bytes,      61544 total
: 136422K->111K(153344K), 0.0059405 secs] 334154K->197844K(1031552K), 0.0060501 secs] [Times: user=0.01 sys=0.00, real=0.01 secs] 
2016-08-24T16:53:54.469+0000: 9953.390: Total time for which application threads were stopped: 0.0068545 seconds, Stopping threads took: 0.0000978 seconds
2016-08-24T16:53:54.508+0000: 9953.429: [GC (Allocation Failure) 9953.429: [ParNew
Desired survivor size 8716288 bytes, new threshold 6 (max 6)
- age   1:      82104 bytes,      82104 total
- age   2:      16528 bytes,      98632 total
- age   4:       1000 bytes,      99632 total
- age   6:        968 bytes,     100600 total
: 136431K->114K(153344K), 0.0054829 secs] 334164K->197847K(1031552K), 0.0056058 secs] [Times: user=0.01 sys=0.00, real=0.01 secs] 
2016-08-24T16:53:54.513+0000: 9953.435: Total time for which application threads were stopped: 0.0064046 seconds, Stopping threads took: 0.0000998 seconds
2016-08-24T16:54:03.913+0000: 9962.835: [GC (Allocation Failure) 9962.835: [ParNew
Desired survivor size 8716288 bytes, new threshold 6 (max 6)
- age   1:    1093384 bytes,    1093384 total
- age   3:        968 bytes,    1094352 total
- age   5:        968 bytes,    1095320 total
: 136434K->1100K(153344K), 0.0081739 secs] 334167K->198834K(1031552K), 0.0083146 secs] [Times: user=0.01 sys=0.00, real=0.01 secs] 
2016-08-24T16:54:03.922+0000: 9962.843: Total time for which application threads were stopped: 0.0091900 seconds, Stopping threads took: 0.0001042 seconds
2016-08-24T16:54:03.963+0000: 9962.885: [GC (Allocation Failure) 9962.885: [ParNew
Desired survivor size 8716288 bytes, new threshold 6 (max 6)
- age   1:      83272 bytes,      83272 total
- age   2:     290896 bytes,     374168 total
- age   4:        968 bytes,     375136 total
- age   6:        968 bytes,     376104 total
: 137420K->490K(153344K), 0.0056546 secs] 335154K->198223K(1031552K), 0.0057591 secs] [Times: user=0.01 sys=0.00, real=0.01 secs] 
2016-08-24T16:54:03.969+0000: 9962.891: Total time for which application threads were stopped: 0.0065527 seconds, Stopping threads took: 0.0001052 seconds
2016-08-24T16:54:04.009+0000: 9962.930: [GC (Allocation Failure) 9962.930: [ParNew
Desired survivor size 8716288 bytes, new threshold 6 (max 6)
- age   1:      63144 bytes,      63144 total
- age   2:         96 bytes,      63240 total
- age   3:     274400 bytes,     337640 total
- age   5:        968 bytes,     338608 total
: 136810K->496K(153344K), 0.0055733 secs] 334543K->198230K(1031552K), 0.0056810 secs] [Times: user=0.01 sys=0.00, real=0.00 secs] 
2016-08-24T16:54:04.014+0000: 9962.936: Total time for which application threads were stopped: 0.0065273 seconds, Stopping threads took: 0.0000998 seconds
2016-08-24T16:54:04.054+0000: 9962.976: [GC (Allocation Failure) 9962.976: [ParNew
Desired survivor size 8716288 bytes, new threshold 6 (max 6)
- age   1:      90720 bytes,      90720 total
- age   2:      18712 bytes,     109432 total
- age   3:         96 bytes,     109528 total
- age   4:     274400 bytes,     383928 total
- age   6:        968 bytes,     384896 total
: 136816K->481K(153344K), 0.0054837 secs] 334550K->198216K(1031552K), 0.0055875 secs] [Times: user=0.01 sys=0.00, real=0.00 secs] 
2016-08-24T16:54:04.060+0000: 9962.981: Total time for which application threads were stopped: 0.0064137 seconds, Stopping threads took: 0.0001011 seconds
2016-08-24T16:54:04.101+0000: 9963.023: [GC (Allocation Failure) 9963.023: [ParNew
Desired survivor size 8716288 bytes, new threshold 6 (max 6)
- age   1:      63984 bytes,      63984 total
- age   3:       1096 bytes,      65080 total
- age   4:         96 bytes,      65176 total
- age   5:     272552 bytes,     337728 total
: 136801K->532K(153344K), 0.0058803 secs] 334536K->198268K(1031552K), 0.0059903 secs] [Times: user=0.01 sys=0.00, real=0.00 secs] 
2016-08-24T16:54:04.107+0000: 9963.029: Total time for which application threads were stopped: 0.0068257 seconds, Stopping threads took: 0.0000994 seconds
2016-08-24T16:54:04.150+0000: 9963.071: [GC (Allocation Failure) 9963.071: [ParNew
Desired survivor size 8716288 bytes, new threshold 6 (max 6)
- age   1:      58408 bytes,      58408 total
- age   2:       1000 bytes,      59408 total
- age   4:       1064 bytes,      60472 total
- age   5:         96 bytes,      60568 total
- age   6:     270736 bytes,     331304 total
: 136852K->439K(153344K), 0.0055345 secs] 334588K->198174K(1031552K), 0.0056457 secs] [Times: user=0.02 sys=0.00, real=0.00 secs] 
2016-08-24T16:54:04.156+0000: 9963.077: Total time for which application threads were stopped: 0.0064170 seconds, Stopping threads took: 0.0000949 seconds
2016-08-24T16:54:04.195+0000: 9963.117: [GC (Allocation Failure) 9963.117: [ParNew
Desired survivor size 8716288 bytes, new threshold 6 (max 6)
- age   1:      70240 bytes,      70240 total
- age   2:       4280 bytes,      74520 total
- age   3:       1000 bytes,      75520 total
- age   5:       1064 bytes,      76584 total
- age   6:         96 bytes,      76680 total
: 136759K->286K(153344K), 0.0070734 secs] 334494K->198291K(1031552K), 0.0072016 secs] [Times: user=0.01 sys=0.00, real=0.01 secs] 
2016-08-24T16:54:04.202+0000: 9963.124: Total time for which application threads were stopped: 0.0080321 seconds, Stopping threads took: 0.0001019 seconds
2016-08-24T16:54:04.243+0000: 9963.164: [GC (Allocation Failure) 9963.164: [ParNew
Desired survivor size 8716288 bytes, new threshold 6 (max 6)
- age   1:      46560 bytes,      46560 total
- age   3:       1000 bytes,      47560 total
- age   4:        968 bytes,      48528 total
- age   6:       1064 bytes,      49592 total
: 136606K->103K(153344K), 0.0058779 secs] 334611K->198108K(1031552K), 0.0059869 secs] [Times: user=0.01 sys=0.00, real=0.01 secs] 
2016-08-24T16:54:04.249+0000: 9963.170: Total time for which application threads were stopped: 0.0067953 seconds, Stopping threads took: 0.0000983 seconds
2016-08-24T16:54:04.290+0000: 9963.211: [GC (Allocation Failure) 9963.211: [ParNew
Desired survivor size 8716288 bytes, new threshold 6 (max 6)
- age   1:      87248 bytes,      87248 total
- age   2:       6568 bytes,      93816 total
- age   4:       1000 bytes,      94816 total
- age   5:        968 bytes,      95784 total
: 136423K->100K(153344K), 0.0057486 secs] 334428K->198106K(1031552K), 0.0058622 secs] [Times: user=0.01 sys=0.00, real=0.00 secs] 
2016-08-24T16:54:04.296+0000: 9963.217: Total time for which application threads were stopped: 0.0067017 seconds, Stopping threads took: 0.0000999 seconds
2016-08-24T16:54:04.336+0000: 9963.257: [GC (Allocation Failure) 9963.257: [ParNew
Desired survivor size 8716288 bytes, new threshold 6 (max 6)
- age   1:      53496 bytes,      53496 total
- age   3:       1000 bytes,      54496 total
- age   5:        968 bytes,      55464 total
- age   6:        968 bytes,      56432 total
: 136420K->83K(153344K), 0.0053692 secs] 334426K->198089K(1031552K), 0.0054677 secs] [Times: user=0.02 sys=0.00, real=0.01 secs] 
2016-08-24T16:54:04.341+0000: 9963.263: Total time for which application threads were stopped: 0.0062516 seconds, Stopping threads took: 0.0000977 seconds
2016-08-24T16:54:04.380+0000: 9963.302: [GC (Allocation Failure) 9963.302: [ParNew
Desired survivor size 8716288 bytes, new threshold 6 (max 6)
- age   1:      61744 bytes,      61744 total
- age   2:       9608 bytes,      71352 total
- age   4:       1000 bytes,      72352 total
- age   6:        968 bytes,      73320 total
: 136403K->83K(153344K), 0.0052828 secs] 334409K->198090K(1031552K), 0.0053914 secs] [Times: user=0.02 sys=0.00, real=0.01 secs] 
2016-08-24T16:54:04.386+0000: 9963.307: Total time for which application threads were stopped: 0.0062031 seconds, Stopping threads took: 0.0001000 seconds
2016-08-24T16:54:07.668+0000: 9966.589: Total time for which application threads were stopped: 0.0017796 seconds, Stopping threads took: 0.0002375 seconds
2016-08-24T16:54:07.669+0000: 9966.591: Total time for which application threads were stopped: 0.0013702 seconds, Stopping threads took: 0.0001942 seconds
2016-08-24T16:54:07.671+0000: 9966.593: Total time for which application threads were stopped: 0.0012959 seconds, Stopping threads took: 0.0001808 seconds
2016-08-24T16:54:10.810+0000: 9969.732: Total time for which application threads were stopped: 0.0006366 seconds, Stopping threads took: 0.0000910 seconds
2016-08-24T16:54:10.810+0000: 9969.732: Total time for which application threads were stopped: 0.0002959 seconds, Stopping threads took: 0.0000266 seconds
2016-08-24T16:54:10.811+0000: 9969.732: Total time for which application threads were stopped: 0.0003361 seconds, Stopping threads took: 0.0000445 seconds
2016-08-24T16:54:14.376+0000: 9973.298: [GC (Allocation Failure) 9973.298: [ParNew
Desired survivor size 8716288 bytes, new threshold 6 (max 6)
- age   1:     908576 bytes,     908576 total
- age   3:        968 bytes,     909544 total
- age   5:        968 bytes,     910512 total
: 136403K->893K(153344K), 0.0099711 secs] 334410K->198901K(1031552K), 0.0101258 secs] [Times: user=0.01 sys=0.01, real=0.01 secs] 
2016-08-24T16:54:14.386+0000: 9973.308: Total time for which application threads were stopped: 0.0109410 seconds, Stopping threads took: 0.0000971 seconds
2016-08-24T16:54:14.424+0000: 9973.346: [GC (Allocation Failure) 9973.346: [ParNew
Desired survivor size 8716288 bytes, new threshold 6 (max 6)
- age   1:      78976 bytes,      78976 total
- age   2:     224864 bytes,     303840 total
- age   4:        968 bytes,     304808 total
- age   6:        968 bytes,     305776 total
: 137213K->421K(153344K), 0.0059635 secs] 335221K->198429K(1031552K), 0.0060702 secs] [Times: user=0.01 sys=0.00, real=0.01 secs] 
2016-08-24T16:54:14.430+0000: 9973.352: Total time for which application threads were stopped: 0.0069676 seconds, Stopping threads took: 0.0001202 seconds
2016-08-24T16:54:14.470+0000: 9973.391: [GC (Allocation Failure) 9973.391: [ParNew
Desired survivor size 8716288 bytes, new threshold 6 (max 6)
- age   1:      72672 bytes,      72672 total
- age   2:         72 bytes,      72744 total
- age   3:     214672 bytes,     287416 total
- age   5:        968 bytes,     288384 total
: 136741K->421K(153344K), 0.0055268 secs] 334749K->198430K(1031552K), 0.0056326 secs] [Times: user=0.01 sys=0.00, real=0.00 secs] 
2016-08-24T16:54:14.475+0000: 9973.397: Total time for which application threads were stopped: 0.0064386 seconds, Stopping threads took: 0.0001006 seconds
2016-08-24T16:54:14.513+0000: 9973.435: [GC (Allocation Failure) 9973.435: [ParNew
Desired survivor size 8716288 bytes, new threshold 6 (max 6)
- age   1:      73736 bytes,      73736 total
- age   2:      12424 bytes,      86160 total
- age   3:         72 bytes,      86232 total
- age   4:     214672 bytes,     300904 total
- age   6:        968 bytes,     301872 total
: 136741K->390K(153344K), 0.0054012 secs] 334750K->198399K(1031552K), 0.0055067 secs] [Times: user=0.01 sys=0.00, real=0.00 secs] 
2016-08-24T16:54:14.519+0000: 9973.441: Total time for which application threads were stopped: 0.0063155 seconds, Stopping threads took: 0.0001000 seconds
2016-08-24T16:54:14.560+0000: 9973.482: [GC (Allocation Failure) 9973.482: [ParNew
Desired survivor size 8716288 bytes, new threshold 6 (max 6)
- age   1:      70016 bytes,      70016 total
- age   3:       1096 bytes,      71112 total
- age   4:         72 bytes,      71184 total
- age   5:     212248 bytes,     283432 total
: 136710K->413K(153344K), 0.0057976 secs] 334719K->198423K(1031552K), 0.0059048 secs] [Times: user=0.01 sys=0.00, real=0.00 secs] 
2016-08-24T16:54:14.566+0000: 9973.488: Total time for which application threads were stopped: 0.0067552 seconds, Stopping threads took: 0.0001013 seconds
2016-08-24T16:54:14.606+0000: 9973.528: [GC (Allocation Failure) 9973.528: [ParNew
Desired survivor size 8716288 bytes, new threshold 6 (max 6)
- age   1:      88824 bytes,      88824 total
- age   2:      14832 bytes,     103656 total
- age   4:       1096 bytes,     104752 total
- age   5:         72 bytes,     104824 total
- age   6:     212248 bytes,     317072 total
: 136733K->399K(153344K), 0.0058270 secs] 334743K->198409K(1031552K), 0.0059598 secs] [Times: user=0.01 sys=0.00, real=0.01 secs] 
2016-08-24T16:54:14.612+0000: 9973.534: Total time for which application threads were stopped: 0.0069947 seconds, Stopping threads took: 0.0001061 seconds
2016-08-24T16:54:14.651+0000: 9973.573: [GC (Allocation Failure) 9973.573: [ParNew
Desired survivor size 8716288 bytes, new threshold 6 (max 6)
- age   1:      84744 bytes,      84744 total
- age   3:       1248 bytes,      85992 total
- age   5:       1064 bytes,      87056 total
- age   6:         72 bytes,      87128 total
: 136719K->303K(153344K), 0.0060645 secs] 334729K->198523K(1031552K), 0.0061675 secs] [Times: user=0.01 sys=0.00, real=0.00 secs] 
2016-08-24T16:54:14.657+0000: 9973.579: Total time for which application threads were stopped: 0.0069690 seconds, Stopping threads took: 0.0001002 seconds
2016-08-24T16:54:14.697+0000: 9973.619: [GC (Allocation Failure) 9973.619: [ParNew
Desired survivor size 8716288 bytes, new threshold 6 (max 6)
- age   1:      74792 bytes,      74792 total
- age   2:      17848 bytes,      92640 total
- age   4:       1248 bytes,      93888 total
- age   6:       1064 bytes,      94952 total
: 136623K->149K(153344K), 0.0054774 secs] 334843K->198369K(1031552K), 0.0055808 secs] [Times: user=0.01 sys=0.00, real=0.01 secs] 
2016-08-24T16:54:14.703+0000: 9973.625: Total time for which application threads were stopped: 0.0064181 seconds, Stopping threads took: 0.0001012 seconds
2016-08-24T16:54:14.744+0000: 9973.666: [GC (Allocation Failure) 9973.666: [ParNew
Desired survivor size 8716288 bytes, new threshold 6 (max 6)
- age   1:      68592 bytes,      68592 total
- age   3:       1000 bytes,      69592 total
- age   5:       1216 bytes,      70808 total
: 136469K->95K(153344K), 0.0055312 secs] 334689K->198316K(1031552K), 0.0056332 secs] [Times: user=0.01 sys=0.00, real=0.01 secs] 
2016-08-24T16:54:14.750+0000: 9973.671: Total time for which application threads were stopped: 0.0064564 seconds, Stopping threads took: 0.0001008 seconds
2016-08-24T16:54:14.789+0000: 9973.711: [GC (Allocation Failure) 9973.711: [ParNew
Desired survivor size 8716288 bytes, new threshold 6 (max 6)
- age   1:      61336 bytes,      61336 total
- age   2:       1000 bytes,      62336 total
- age   4:        968 bytes,      63304 total
- age   6:       1216 bytes,      64520 total
: 136415K->83K(153344K), 0.0053518 secs] 334636K->198304K(1031552K), 0.0054492 secs] [Times: user=0.01 sys=0.00, real=0.00 secs] 
2016-08-24T16:54:14.795+0000: 9973.717: Total time for which application threads were stopped: 0.0062044 seconds, Stopping threads took: 0.0000961 seconds
2016-08-24T16:54:14.833+0000: 9973.755: [GC (Allocation Failure) 9973.755: [ParNew
Desired survivor size 8716288 bytes, new threshold 6 (max 6)
- age   1:      87024 bytes,      87024 total
- age   2:       3664 bytes,      90688 total
- age   3:       1000 bytes,      91688 total
- age   5:        968 bytes,      92656 total
: 136403K->99K(153344K), 0.0054361 secs] 334624K->198321K(1031552K), 0.0055379 secs] [Times: user=0.01 sys=0.00, real=0.00 secs] 
2016-08-24T16:54:14.839+0000: 9973.760: Total time for which application threads were stopped: 0.0063331 seconds, Stopping threads took: 0.0000964 seconds
2016-08-24T16:54:19.853+0000: 9978.775: [GC (Allocation Failure) 9978.775: [ParNew
Desired survivor size 8716288 bytes, new threshold 6 (max 6)
- age   1:     909616 bytes,     909616 total
- age   3:        968 bytes,     910584 total
- age   4:        968 bytes,     911552 total
- age   6:        968 bytes,     912520 total
: 136419K->906K(153344K), 0.0092727 secs] 334641K->199128K(1031552K), 0.0094988 secs] [Times: user=0.02 sys=0.00, real=0.01 secs] 
2016-08-24T16:54:19.863+0000: 9978.785: Total time for which application threads were stopped: 0.0150246 seconds, Stopping threads took: 0.0038115 seconds
2016-08-24T16:54:24.361+0000: 9983.283: [GC (Allocation Failure) 9983.283: [ParNew
Desired survivor size 8716288 bytes, new threshold 6 (max 6)
- age   1:     491880 bytes,     491880 total
- age   2:     158712 bytes,     650592 total
- age   4:        968 bytes,     651560 total
- age   5:        968 bytes,     652528 total
: 137226K->735K(153344K), 0.0071001 secs] 335448K->198958K(1031552K), 0.0072103 secs] [Times: user=0.01 sys=0.00, real=0.01 secs] 
2016-08-24T16:54:24.369+0000: 9983.290: Total time for which application threads were stopped: 0.0080395 seconds, Stopping threads took: 0.0001201 seconds
2016-08-24T16:54:24.410+0000: 9983.331: [GC (Allocation Failure) 9983.331: [ParNew
Desired survivor size 8716288 bytes, new threshold 6 (max 6)
- age   1:      65920 bytes,      65920 total
- age   2:     120992 bytes,     186912 total
- age   3:     141368 bytes,     328280 total
- age   5:        968 bytes,     329248 total
- age   6:        968 bytes,     330216 total
: 137055K->448K(153344K), 0.0058626 secs] 335278K->198671K(1031552K), 0.0059727 secs] [Times: user=0.01 sys=0.00, real=0.00 secs] 
2016-08-24T16:54:24.416+0000: 9983.337: Total time for which application threads were stopped: 0.0067637 seconds, Stopping threads took: 0.0000933 seconds
2016-08-24T16:54:24.456+0000: 9983.377: [GC (Allocation Failure) 9983.377: [ParNew
Desired survivor size 8716288 bytes, new threshold 6 (max 6)
- age   1:      82080 bytes,      82080 total
- age   2:       4480 bytes,      86560 total
- age   3:     120992 bytes,     207552 total
- age   4:     141368 bytes,     348920 total
- age   6:        968 bytes,     349888 total
: 136768K->459K(153344K), 0.0059804 secs] 334991K->198683K(1031552K), 0.0060830 secs] [Times: user=0.01 sys=0.00, real=0.01 secs] 
2016-08-24T16:54:24.462+0000: 9983.383: Total time for which application threads were stopped: 0.0068973 seconds, Stopping threads took: 0.0001188 seconds
2016-08-24T16:54:24.501+0000: 9983.422: [GC (Allocation Failure) 9983.422: [ParNew
Desired survivor size 8716288 bytes, new threshold 6 (max 6)
- age   1:      66568 bytes,      66568 total
- age   3:       1120 bytes,      67688 total
- age   4:     119144 bytes,     186832 total
- age   5:     141368 bytes,     328200 total
: 136779K->486K(153344K), 0.0057450 secs] 335003K->198711K(1031552K), 0.0058501 secs] [Times: user=0.01 sys=0.00, real=0.00 secs] 
2016-08-24T16:54:24.507+0000: 9983.428: Total time for which application threads were stopped: 0.0066726 seconds, Stopping threads took: 0.0000941 seconds
2016-08-24T16:54:24.547+0000: 9983.468: [GC (Allocation Failure) 9983.469: [ParNew
Desired survivor size 8716288 bytes, new threshold 6 (max 6)
- age   1:      80208 bytes,      80208 total
- age   2:       7376 bytes,      87584 total
- age   4:       1120 bytes,      88704 total
- age   5:     119144 bytes,     207848 total
- age   6:     141368 bytes,     349216 total
: 136806K->471K(153344K), 0.0061910 secs] 335031K->198696K(1031552K), 0.0062975 secs] [Times: user=0.01 sys=0.00, real=0.01 secs] 
2016-08-24T16:54:24.553+0000: 9983.475: Total time for which application threads were stopped: 0.0071076 seconds, Stopping threads took: 0.0000965 seconds
2016-08-24T16:54:24.596+0000: 9983.517: [GC (Allocation Failure) 9983.518: [ParNew
Desired survivor size 8716288 bytes, new threshold 6 (max 6)
- age   1:      70480 bytes,      70480 total
- age   3:       1000 bytes,      71480 total
- age   5:       1088 bytes,      72568 total
- age   6:     117328 bytes,     189896 total
: 136791K->336K(153344K), 0.0063828 secs] 335016K->198702K(1031552K), 0.0064994 secs] [Times: user=0.01 sys=0.00, real=0.01 secs] 
2016-08-24T16:54:24.603+0000: 9983.524: Total time for which application threads were stopped: 0.0073663 seconds, Stopping threads took: 0.0001148 seconds
2016-08-24T16:54:24.641+0000: 9983.563: [GC (Allocation Failure) 9983.563: [ParNew
Desired survivor size 8716288 bytes, new threshold 6 (max 6)
- age   1:      78592 bytes,      78592 total
- age   2:      10288 bytes,      88880 total
- age   4:       1000 bytes,      89880 total
- age   6:       1088 bytes,      90968 total
: 136656K->166K(153344K), 0.0060506 secs] 335022K->198650K(1031552K), 0.0061656 secs] [Times: user=0.01 sys=0.00, real=0.00 secs] 
2016-08-24T16:54:24.648+0000: 9983.569: Total time for which application threads were stopped: 0.0069840 seconds, Stopping threads took: 0.0000993 seconds
2016-08-24T16:54:24.686+0000: 9983.608: [GC (Allocation Failure) 9983.608: [ParNew
Desired survivor size 8716288 bytes, new threshold 6 (max 6)
- age   1:      61368 bytes,      61368 total
- age   3:       1000 bytes,      62368 total
- age   5:        968 bytes,      63336 total
: 136486K->90K(153344K), 0.0052881 secs] 334970K->198575K(1031552K), 0.0054162 secs] [Times: user=0.01 sys=0.00, real=0.01 secs] 
2016-08-24T16:54:24.692+0000: 9983.613: Total time for which application threads were stopped: 0.0062486 seconds, Stopping threads took: 0.0000958 seconds
2016-08-24T16:54:24.729+0000: 9983.651: [GC (Allocation Failure) 9983.651: [ParNew
Desired survivor size 8716288 bytes, new threshold 6 (max 6)
- age   1:      68648 bytes,      68648 total
- age   2:      14088 bytes,      82736 total
- age   4:       1000 bytes,      83736 total
- age   6:        968 bytes,      84704 total
: 136410K->92K(153344K), 0.0055476 secs] 334895K->198576K(1031552K), 0.0056598 secs] [Times: user=0.01 sys=0.00, real=0.00 secs] 
2016-08-24T16:54:24.735+0000: 9983.657: Total time for which application threads were stopped: 0.0064904 seconds, Stopping threads took: 0.0000989 seconds
2016-08-24T16:54:24.776+0000: 9983.697: [GC (Allocation Failure) 9983.697: [ParNew
Desired survivor size 8716288 bytes, new threshold 6 (max 6)
- age   1:      56432 bytes,      56432 total
- age   3:       1000 bytes,      57432 total
- age   5:        968 bytes,      58400 total
: 136412K->74K(153344K), 0.0055894 secs] 334896K->198559K(1031552K), 0.0057031 secs] [Times: user=0.01 sys=0.00, real=0.01 secs] 
2016-08-24T16:54:24.782+0000: 9983.703: Total time for which application threads were stopped: 0.0065400 seconds, Stopping threads took: 0.0001007 seconds
2016-08-24T16:54:24.822+0000: 9983.743: [GC (Allocation Failure) 9983.743: [ParNew
Desired survivor size 8716288 bytes, new threshold 6 (max 6)
- age   1:      85568 bytes,      85568 total
- age   2:      16296 bytes,     101864 total
- age   4:       1000 bytes,     102864 total
- age   6:        968 bytes,     103832 total
: 136394K->112K(153344K), 0.0055316 secs] 334879K->198598K(1031552K), 0.0056205 secs] [Times: user=0.01 sys=0.00, real=0.00 secs] 
2016-08-24T16:54:24.828+0000: 9983.749: Total time for which application threads were stopped: 0.0064218 seconds, Stopping threads took: 0.0001025 seconds
2016-08-24T16:54:34.259+0000: 9993.181: [GC (Allocation Failure) 9993.181: [ParNew
Desired survivor size 8716288 bytes, new threshold 6 (max 6)
- age   1:     851224 bytes,     851224 total
- age   3:        968 bytes,     852192 total
- age   5:        968 bytes,     853160 total
: 136432K->865K(153344K), 0.0074552 secs] 334918K->199352K(1031552K), 0.0075766 secs] [Times: user=0.01 sys=0.00, real=0.01 secs] 
2016-08-24T16:54:34.267+0000: 9993.188: Total time for which application threads were stopped: 0.0084128 seconds, Stopping threads took: 0.0000991 seconds
2016-08-24T16:54:34.305+0000: 9993.227: [GC (Allocation Failure) 9993.227: [ParNew
Desired survivor size 8716288 bytes, new threshold 6 (max 6)
- age   1:      68768 bytes,      68768 total
- age   2:     233848 bytes,     302616 total
- age   4:        968 bytes,     303584 total
- age   6:        968 bytes,     304552 total
: 137185K->368K(153344K), 0.0055555 secs] 335672K->198855K(1031552K), 0.0056595 secs] [Times: user=0.01 sys=0.00, real=0.01 secs] 
2016-08-24T16:54:34.311+0000: 9993.233: Total time for which application threads were stopped: 0.0064689 seconds, Stopping threads took: 0.0000995 seconds
2016-08-24T16:54:34.352+0000: 9993.274: [GC (Allocation Failure) 9993.274: [ParNew
Desired survivor size 8716288 bytes, new threshold 6 (max 6)
- age   1:      69224 bytes,      69224 total
- age   2:         72 bytes,      69296 total
- age   3:     217176 bytes,     286472 total
- age   5:        968 bytes,     287440 total
: 136688K->392K(153344K), 0.0088424 secs] 335175K->198880K(1031552K), 0.0089569 secs] [Times: user=0.02 sys=0.00, real=0.01 secs] 
2016-08-24T16:54:34.361+0000: 9993.283: Total time for which application threads were stopped: 0.0098043 seconds, Stopping threads took: 0.0001016 seconds
2016-08-24T16:54:34.399+0000: 9993.321: [GC (Allocation Failure) 9993.321: [ParNew
Desired survivor size 8716288 bytes, new threshold 6 (max 6)
- age   1:      66944 bytes,      66944 total
- age   2:      19256 bytes,      86200 total
- age   3:         72 bytes,      86272 total
- age   4:     217176 bytes,     303448 total
- age   6:        968 bytes,     304416 total
: 136712K->400K(153344K), 0.0062870 secs] 335200K->198888K(1031552K), 0.0064099 secs] [Times: user=0.01 sys=0.00, real=0.01 secs] 
2016-08-24T16:54:34.406+0000: 9993.327: Total time for which application threads were stopped: 0.0073072 seconds, Stopping threads took: 0.0001503 seconds
2016-08-24T16:54:34.448+0000: 9993.369: [GC (Allocation Failure) 9993.369: [ParNew
Desired survivor size 8716288 bytes, new threshold 6 (max 6)
- age   1:      78128 bytes,      78128 total
- age   3:       1096 bytes,      79224 total
- age   4:         72 bytes,      79296 total
- age   5:     215328 bytes,     294624 total
: 136720K->424K(153344K), 0.0062847 secs] 335208K->198913K(1031552K), 0.0064010 secs] [Times: user=0.01 sys=0.00, real=0.01 secs] 
2016-08-24T16:54:34.454+0000: 9993.376: Total time for which application threads were stopped: 0.0072573 seconds, Stopping threads took: 0.0001149 seconds
2016-08-24T16:54:34.495+0000: 9993.417: [GC (Allocation Failure) 9993.417: [ParNew
Desired survivor size 8716288 bytes, new threshold 6 (max 6)
- age   1:      47440 bytes,      47440 total
- age   2:       1000 bytes,      48440 total
- age   4:       1064 bytes,      49504 total
- age   5:         72 bytes,      49576 total
- age   6:     213512 bytes,     263088 total
: 136744K->416K(153344K), 0.0062076 secs] 335233K->198905K(1031552K), 0.0063137 secs] [Times: user=0.01 sys=0.00, real=0.01 secs] 
2016-08-24T16:54:34.502+0000: 9993.423: Total time for which application threads were stopped: 0.0071382 seconds, Stopping threads took: 0.0000963 seconds
2016-08-24T16:54:34.543+0000: 9993.464: [GC (Allocation Failure) 9993.464: [ParNew
Desired survivor size 8716288 bytes, new threshold 6 (max 6)
- age   1:      71320 bytes,      71320 total
- age   2:       4360 bytes,      75680 total
- age   3:       1000 bytes,      76680 total
- age   5:       1064 bytes,      77744 total
- age   6:         72 bytes,      77816 total
: 136736K->179K(153344K), 0.0067685 secs] 335225K->198880K(1031552K), 0.0068824 secs] [Times: user=0.01 sys=0.00, real=0.01 secs] 
2016-08-24T16:54:34.550+0000: 9993.471: Total time for which application threads were stopped: 0.0076951 seconds, Stopping threads took: 0.0000958 seconds
2016-08-24T16:54:34.591+0000: 9993.512: [GC (Allocation Failure) 9993.512: [ParNew
Desired survivor size 8716288 bytes, new threshold 6 (max 6)
- age   1:      67912 bytes,      67912 total
- age   2:        336 bytes,      68248 total
- age   3:       1000 bytes,      69248 total
- age   4:        968 bytes,      70216 total
- age   6:       1064 bytes,      71280 total
: 136499K->103K(153344K), 0.0059349 secs] 335200K->198804K(1031552K), 0.0060876 secs] [Times: user=0.01 sys=0.00, real=0.00 secs] 
2016-08-24T16:54:34.597+0000: 9993.519: Total time for which application threads were stopped: 0.0071286 seconds, Stopping threads took: 0.0001025 seconds
2016-08-24T16:54:34.642+0000: 9993.564: [GC (Allocation Failure) 9993.564: [ParNew
Desired survivor size 8716288 bytes, new threshold 6 (max 6)
- age   1:      72688 bytes,      72688 total
- age   2:       7376 bytes,      80064 total
- age   3:        336 bytes,      80400 total
- age   4:       1000 bytes,      81400 total
- age   5:        968 bytes,      82368 total
: 136423K->98K(153344K), 0.0054639 secs] 335124K->198799K(1031552K), 0.0055569 secs] [Times: user=0.01 sys=0.00, real=0.00 secs] 
2016-08-24T16:54:34.648+0000: 9993.569: Total time for which application threads were stopped: 0.0063489 seconds, Stopping threads took: 0.0000994 seconds
2016-08-24T16:54:34.686+0000: 9993.608: [GC (Allocation Failure) 9993.608: [ParNew
Desired survivor size 8716288 bytes, new threshold 6 (max 6)
- age   1:      63344 bytes,      63344 total
- age   3:       1000 bytes,      64344 total
- age   4:        336 bytes,      64680 total
- age   5:        968 bytes,      65648 total
- age   6:        968 bytes,      66616 total
: 136418K->94K(153344K), 0.0058854 secs] 335119K->198796K(1031552K), 0.0060126 secs] [Times: user=0.01 sys=0.00, real=0.01 secs] 
2016-08-24T16:54:34.693+0000: 9993.614: Total time for which application threads were stopped: 0.0068726 seconds, Stopping threads took: 0.0001004 seconds
2016-08-24T16:54:34.732+0000: 9993.654: [GC (Allocation Failure) 9993.654: [ParNew
Desired survivor size 8716288 bytes, new threshold 6 (max 6)
- age   1:      73000 bytes,      73000 total
- age   2:      10288 bytes,      83288 total
- age   4:       1000 bytes,      84288 total
- age   5:        336 bytes,      84624 total
- age   6:        968 bytes,      85592 total
: 136414K->101K(153344K), 0.0052755 secs] 335116K->198804K(1031552K), 0.0053963 secs] [Times: user=0.01 sys=0.00, real=0.00 secs] 
2016-08-24T16:54:34.738+0000: 9993.659: Total time for which application threads were stopped: 0.0062175 seconds, Stopping threads took: 0.0001033 seconds
2016-08-24T16:54:44.349+0000: 10003.270: [GC (Allocation Failure) 10003.270: [ParNew
Desired survivor size 8716288 bytes, new threshold 6 (max 6)
- age   1:    1177648 bytes,    1177648 total
- age   3:        968 bytes,    1178616 total
- age   5:        968 bytes,    1179584 total
- age   6:        192 bytes,    1179776 total
: 136421K->1172K(153344K), 0.0086887 secs] 335124K->199876K(1031552K), 0.0088199 secs] [Times: user=0.01 sys=0.00, real=0.00 secs] 
2016-08-24T16:54:44.358+0000: 10003.279: Total time for which application threads were stopped: 0.0097155 seconds, Stopping threads took: 0.0001242 seconds
2016-08-24T16:54:44.396+0000: 10003.317: [GC (Allocation Failure) 10003.318: [ParNew
Desired survivor size 8716288 bytes, new threshold 6 (max 6)
- age   1:      83160 bytes,      83160 total
- age   2:     312336 bytes,     395496 total
- age   4:        968 bytes,     396464 total
- age   6:        968 bytes,     397432 total
: 137492K->518K(153344K), 0.0066965 secs] 336196K->199221K(1031552K), 0.0068208 secs] [Times: user=0.02 sys=0.00, real=0.01 secs] 
2016-08-24T16:54:44.403+0000: 10003.324: Total time for which application threads were stopped: 0.0076550 seconds, Stopping threads took: 0.0001005 seconds
2016-08-24T16:54:44.445+0000: 10003.366: [GC (Allocation Failure) 10003.366: [ParNew
Desired survivor size 8716288 bytes, new threshold 6 (max 6)
- age   1:      74600 bytes,      74600 total
- age   2:        344 bytes,      74944 total
- age   3:     301968 bytes,     376912 total
- age   5:        968 bytes,     377880 total
: 136838K->525K(153344K), 0.0059737 secs] 335541K->199230K(1031552K), 0.0060823 secs] [Times: user=0.01 sys=0.00, real=0.01 secs] 
2016-08-24T16:54:44.451+0000: 10003.373: Total time for which application threads were stopped: 0.0069235 seconds, Stopping threads took: 0.0001023 seconds
2016-08-24T16:54:44.492+0000: 10003.413: [GC (Allocation Failure) 10003.413: [ParNew
Desired survivor size 8716288 bytes, new threshold 6 (max 6)
- age   1:      83088 bytes,      83088 total
- age   2:      12488 bytes,      95576 total
- age   3:        344 bytes,      95920 total
- age   4:     301968 bytes,     397888 total
- age   6:        968 bytes,     398856 total
: 136845K->534K(153344K), 0.0064791 secs] 335550K->199239K(1031552K), 0.0065969 secs] [Times: user=0.02 sys=0.00, real=0.00 secs] 
2016-08-24T16:54:44.498+0000: 10003.420: Total time for which application threads were stopped: 0.0074425 seconds, Stopping threads took: 0.0001017 seconds
2016-08-24T16:54:44.540+0000: 10003.462: [GC (Allocation Failure) 10003.462: [ParNew
Desired survivor size 8716288 bytes, new threshold 6 (max 6)
- age   1:      75616 bytes,      75616 total
- age   3:       1096 bytes,      76712 total
- age   4:        344 bytes,      77056 total
- age   5:     300120 bytes,     377176 total
: 136854K->556K(153344K), 0.0058432 secs] 335559K->199262K(1031552K), 0.0059759 secs] [Times: user=0.01 sys=0.00, real=0.00 secs] 
2016-08-24T16:54:44.547+0000: 10003.468: Total time for which application threads were stopped: 0.0068111 seconds, Stopping threads took: 0.0001003 seconds
2016-08-24T16:54:44.589+0000: 10003.511: [GC (Allocation Failure) 10003.511: [ParNew
Desired survivor size 8716288 bytes, new threshold 6 (max 6)
- age   1:      62480 bytes,      62480 total
- age   2:      14704 bytes,      77184 total
- age   4:       1096 bytes,      78280 total
- age   5:        344 bytes,      78624 total
- age   6:     300120 bytes,     378744 total
: 136876K->538K(153344K), 0.0071276 secs] 335582K->199244K(1031552K), 0.0072921 secs] [Times: user=0.02 sys=0.00, real=0.00 secs] 
2016-08-24T16:54:44.597+0000: 10003.518: Total time for which application threads were stopped: 0.0083954 seconds, Stopping threads took: 0.0000968 seconds
2016-08-24T16:54:44.637+0000: 10003.559: [GC (Allocation Failure) 10003.559: [ParNew
Desired survivor size 8716288 bytes, new threshold 6 (max 6)
- age   1:      67160 bytes,      67160 total
- age   3:       1000 bytes,      68160 total
- age   5:       1064 bytes,      69224 total
- age   6:        344 bytes,      69568 total
: 136858K->372K(153344K), 0.0064306 secs] 335564K->199375K(1031552K), 0.0065454 secs] [Times: user=0.01 sys=0.00, real=0.01 secs] 
2016-08-24T16:54:44.644+0000: 10003.566: Total time for which application threads were stopped: 0.0073686 seconds, Stopping threads took: 0.0000988 seconds
2016-08-24T16:54:44.683+0000: 10003.604: [GC (Allocation Failure) 10003.604: [ParNew
Desired survivor size 8716288 bytes, new threshold 6 (max 6)
- age   1:      67072 bytes,      67072 total
- age   2:      18296 bytes,      85368 total
- age   4:       1000 bytes,      86368 total
- age   6:       1064 bytes,      87432 total
: 136692K->169K(153344K), 0.0057765 secs] 335695K->199173K(1031552K), 0.0058901 secs] [Times: user=0.01 sys=0.00, real=0.01 secs] 
2016-08-24T16:54:44.689+0000: 10003.610: Total time for which application threads were stopped: 0.0067138 seconds, Stopping threads took: 0.0001016 seconds
2016-08-24T16:54:44.730+0000: 10003.651: [GC (Allocation Failure) 10003.651: [ParNew
Desired survivor size 8716288 bytes, new threshold 6 (max 6)
- age   1:      83936 bytes,      83936 total
- age   3:       1000 bytes,      84936 total
- age   5:        968 bytes,      85904 total
: 136489K->105K(153344K), 0.0056478 secs] 335493K->199110K(1031552K), 0.0057560 secs] [Times: user=0.01 sys=0.00, real=0.00 secs] 
2016-08-24T16:54:44.736+0000: 10003.657: Total time for which application threads were stopped: 0.0065532 seconds, Stopping threads took: 0.0001013 seconds
2016-08-24T16:54:44.778+0000: 10003.700: [GC (Allocation Failure) 10003.700: [ParNew
Desired survivor size 8716288 bytes, new threshold 6 (max 6)
- age   1:      65208 bytes,      65208 total
- age   2:       1000 bytes,      66208 total
- age   4:        968 bytes,      67176 total
- age   6:        968 bytes,      68144 total
: 136425K->82K(153344K), 0.0056162 secs] 335430K->199087K(1031552K), 0.0057211 secs] [Times: user=0.01 sys=0.00, real=0.01 secs] 
2016-08-24T16:54:44.784+0000: 10003.706: Total time for which application threads were stopped: 0.0064917 seconds, Stopping threads took: 0.0000927 seconds
2016-08-24T16:54:44.825+0000: 10003.747: [GC (Allocation Failure) 10003.747: [ParNew
Desired survivor size 8716288 bytes, new threshold 6 (max 6)
- age   1:      64184 bytes,      64184 total
- age   2:       3920 bytes,      68104 total
- age   3:       1000 bytes,      69104 total
- age   5:        968 bytes,      70072 total
: 136402K->85K(153344K), 0.0054652 secs] 335407K->199091K(1031552K), 0.0055718 secs] [Times: user=0.02 sys=0.00, real=0.01 secs] 
2016-08-24T16:54:44.831+0000: 10003.753: Total time for which application threads were stopped: 0.0063683 seconds, Stopping threads took: 0.0001018 seconds
2016-08-24T16:54:54.366+0000: 10013.287: [GC (Allocation Failure) 10013.287: [ParNew
Desired survivor size 8716288 bytes, new threshold 6 (max 6)
- age   1:     971352 bytes,     971352 total
- age   3:        968 bytes,     972320 total
- age   4:        968 bytes,     973288 total
- age   6:        968 bytes,     974256 total
: 136405K->977K(153344K), 0.0118374 secs] 335411K->199983K(1031552K), 0.0120948 secs] [Times: user=0.02 sys=0.00, real=0.01 secs] 
2016-08-24T16:54:54.378+0000: 10013.299: Total time for which application threads were stopped: 0.0140916 seconds, Stopping threads took: 0.0002111 seconds
2016-08-24T16:54:54.429+0000: 10013.351: [GC (Allocation Failure) 10013.351: [ParNew
Desired survivor size 8716288 bytes, new threshold 6 (max 6)
- age   1:     158232 bytes,     158232 total
- age   2:     212528 bytes,     370760 total
- age   4:        968 bytes,     371728 total
- age   5:        968 bytes,     372696 total
: 137297K->404K(153344K), 0.0060456 secs] 336303K->199410K(1031552K), 0.0061497 secs] [Times: user=0.01 sys=0.00, real=0.00 secs] 
2016-08-24T16:54:54.436+0000: 10013.357: Total time for which application threads were stopped: 0.0069426 seconds, Stopping threads took: 0.0001014 seconds
2016-08-24T16:54:54.477+0000: 10013.399: [GC (Allocation Failure) 10013.399: [ParNew
Desired survivor size 8716288 bytes, new threshold 6 (max 6)
- age   1:      75848 bytes,      75848 total
- age   2:      63632 bytes,     139480 total
- age   3:     209856 bytes,     349336 total
- age   5:        968 bytes,     350304 total
- age   6:        968 bytes,     351272 total
: 136724K->456K(153344K), 0.0056897 secs] 335730K->199462K(1031552K), 0.0057929 secs] [Times: user=0.02 sys=0.00, real=0.01 secs] 
2016-08-24T16:54:54.483+0000: 10013.405: Total time for which application threads were stopped: 0.0066675 seconds, Stopping threads took: 0.0000999 seconds
2016-08-24T16:54:54.525+0000: 10013.447: [GC (Allocation Failure) 10013.447: [ParNew
Desired survivor size 8716288 bytes, new threshold 6 (max 6)
- age   1:      78696 bytes,      78696 total
- age   2:       4952 bytes,      83648 total
- age   3:      63632 bytes,     147280 total
- age   4:     209856 bytes,     357136 total
- age   6:        968 bytes,     358104 total
: 136776K->485K(153344K), 0.0058009 secs] 335782K->199492K(1031552K), 0.0059060 secs] [Times: user=0.01 sys=0.00, real=0.01 secs] 
2016-08-24T16:54:54.532+0000: 10013.453: Total time for which application threads were stopped: 0.0067017 seconds, Stopping threads took: 0.0000997 seconds
2016-08-24T16:54:54.573+0000: 10013.494: [GC (Allocation Failure) 10013.494: [ParNew
Desired survivor size 8716288 bytes, new threshold 6 (max 6)
- age   1:      68040 bytes,      68040 total
- age   3:       1096 bytes,      69136 total
- age   4:      61464 bytes,     130600 total
- age   5:     209752 bytes,     340352 total
: 136805K->504K(153344K), 0.0062275 secs] 335812K->199513K(1031552K), 0.0063579 secs] [Times: user=0.01 sys=0.00, real=0.00 secs] 
2016-08-24T16:54:54.579+0000: 10013.501: Total time for which application threads were stopped: 0.0072122 seconds, Stopping threads took: 0.0001057 seconds
2016-08-24T16:54:54.622+0000: 10013.543: [GC (Allocation Failure) 10013.543: [ParNew
Desired survivor size 8716288 bytes, new threshold 6 (max 6)
- age   1:      92824 bytes,      92824 total
- age   2:       8368 bytes,     101192 total
- age   4:       1096 bytes,     102288 total
- age   5:      61464 bytes,     163752 total
- age   6:     209752 bytes,     373504 total
: 136824K->486K(153344K), 0.0056945 secs] 335833K->199494K(1031552K), 0.0057958 secs] [Times: user=0.01 sys=0.00, real=0.00 secs] 
2016-08-24T16:54:54.628+0000: 10013.549: Total time for which application threads were stopped: 0.0066416 seconds, Stopping threads took: 0.0001589 seconds
2016-08-24T16:54:54.667+0000: 10013.589: [GC (Allocation Failure) 10013.589: [ParNew
Desired survivor size 8716288 bytes, new threshold 6 (max 6)
- age   1:      55248 bytes,      55248 total
- age   3:       1336 bytes,      56584 total
- age   5:       1064 bytes,      57648 total
- age   6:      59648 bytes,     117296 total
: 136806K->357K(153344K), 0.0056372 secs] 335814K->199575K(1031552K), 0.0057430 secs] [Times: user=0.02 sys=0.00, real=0.01 secs] 
2016-08-24T16:54:54.673+0000: 10013.595: Total time for which application threads were stopped: 0.0065561 seconds, Stopping threads took: 0.0001018 seconds
2016-08-24T16:54:54.710+0000: 10013.632: [GC (Allocation Failure) 10013.632: [ParNew
Desired survivor size 8716288 bytes, new threshold 6 (max 6)
- age   1:      66288 bytes,      66288 total
- age   2:      11544 bytes,      77832 total
- age   4:       1336 bytes,      79168 total
- age   6:       1064 bytes,      80232 total
: 136677K->137K(153344K), 0.0052278 secs] 335895K->199415K(1031552K), 0.0053437 secs] [Times: user=0.01 sys=0.00, real=0.00 secs] 
2016-08-24T16:54:54.716+0000: 10013.637: Total time for which application threads were stopped: 0.0061401 seconds, Stopping threads took: 0.0000985 seconds
2016-08-24T16:54:54.757+0000: 10013.678: [GC (Allocation Failure) 10013.678: [ParNew
Desired survivor size 8716288 bytes, new threshold 6 (max 6)
- age   1:      69368 bytes,      69368 total
- age   3:       1000 bytes,      70368 total
- age   5:       1304 bytes,      71672 total
: 136457K->96K(153344K), 0.0049804 secs] 335735K->199375K(1031552K), 0.0050891 secs] [Times: user=0.01 sys=0.00, real=0.01 secs] 
2016-08-24T16:54:54.762+0000: 10013.683: Total time for which application threads were stopped: 0.0059510 seconds, Stopping threads took: 0.0001155 seconds
2016-08-24T16:54:54.799+0000: 10013.721: [GC (Allocation Failure) 10013.721: [ParNew
Desired survivor size 8716288 bytes, new threshold 6 (max 6)
- age   1:      69104 bytes,      69104 total
- age   2:      14360 bytes,      83464 total
- age   4:       1000 bytes,      84464 total
- age   6:       1304 bytes,      85768 total
: 136416K->91K(153344K), 0.0057990 secs] 335695K->199370K(1031552K), 0.0059062 secs] [Times: user=0.01 sys=0.00, real=0.01 secs] 
2016-08-24T16:54:54.805+0000: 10013.727: Total time for which application threads were stopped: 0.0067063 seconds, Stopping threads took: 0.0000995 seconds
2016-08-24T16:54:54.845+0000: 10013.766: [GC (Allocation Failure) 10013.767: [ParNew
Desired survivor size 8716288 bytes, new threshold 6 (max 6)
- age   1:      75256 bytes,      75256 total
- age   3:       1000 bytes,      76256 total
- age   5:        968 bytes,      77224 total
: 136411K->99K(153344K), 0.0052595 secs] 335690K->199379K(1031552K), 0.0053608 secs] [Times: user=0.01 sys=0.00, real=0.01 secs] 
2016-08-24T16:54:54.850+0000: 10013.772: Total time for which application threads were stopped: 0.0061918 seconds, Stopping threads took: 0.0000985 seconds
2016-08-24T16:54:54.890+0000: 10013.812: [GC (Allocation Failure) 10013.812: [ParNew
Desired survivor size 8716288 bytes, new threshold 6 (max 6)
- age   1:      92912 bytes,      92912 total
- age   2:      17496 bytes,     110408 total
- age   4:       1000 bytes,     111408 total
- age   6:        968 bytes,     112376 total
: 136419K->139K(153344K), 0.0052504 secs] 335699K->199419K(1031552K), 0.0053606 secs] [Times: user=0.01 sys=0.00, real=0.00 secs] 
2016-08-24T16:54:54.896+0000: 10013.817: Total time for which application threads were stopped: 0.0061581 seconds, Stopping threads took: 0.0001077 seconds
2016-08-24T16:55:04.346+0000: 10023.267: [GC (Allocation Failure) 10023.267: [ParNew
Desired survivor size 8716288 bytes, new threshold 6 (max 6)
- age   1:    1035496 bytes,    1035496 total
- age   3:        968 bytes,    1036464 total
- age   5:        968 bytes,    1037432 total
: 136459K->1072K(153344K), 0.0076683 secs] 335739K->200353K(1031552K), 0.0077896 secs] [Times: user=0.01 sys=0.00, real=0.01 secs] 
2016-08-24T16:55:04.354+0000: 10023.275: Total time for which application threads were stopped: 0.0086279 seconds, Stopping threads took: 0.0001001 seconds
2016-08-24T16:55:04.392+0000: 10023.313: [GC (Allocation Failure) 10023.313: [ParNew
Desired survivor size 8716288 bytes, new threshold 6 (max 6)
- age   1:      74824 bytes,      74824 total
- age   2:     302608 bytes,     377432 total
- age   4:        968 bytes,     378400 total
- age   6:        968 bytes,     379368 total
: 137392K->533K(153344K), 0.0058143 secs] 336673K->199814K(1031552K), 0.0059203 secs] [Times: user=0.01 sys=0.00, real=0.00 secs] 
2016-08-24T16:55:04.398+0000: 10023.319: Total time for which application threads were stopped: 0.0067398 seconds, Stopping threads took: 0.0001005 seconds
2016-08-24T16:55:04.439+0000: 10023.361: [GC (Allocation Failure) 10023.361: [ParNew
Desired survivor size 8716288 bytes, new threshold 6 (max 6)
- age   1:      62696 bytes,      62696 total
- age   2:         24 bytes,      62720 total
- age   3:     284376 bytes,     347096 total
- age   5:        968 bytes,     348064 total
: 136853K->505K(153344K), 0.0057601 secs] 336134K->199788K(1031552K), 0.0058756 secs] [Times: user=0.02 sys=0.00, real=0.01 secs] 
2016-08-24T16:55:04.445+0000: 10023.367: Total time for which application threads were stopped: 0.0066854 seconds, Stopping threads took: 0.0000999 seconds
2016-08-24T16:55:04.483+0000: 10023.404: [GC (Allocation Failure) 10023.404: [ParNew
Desired survivor size 8716288 bytes, new threshold 6 (max 6)
- age   1:      91192 bytes,      91192 total
- age   2:      19432 bytes,     110624 total
- age   3:         24 bytes,     110648 total
- age   4:     284376 bytes,     395024 total
- age   6:        968 bytes,     395992 total
: 136825K->495K(153344K), 0.0064003 secs] 336108K->199777K(1031552K), 0.0065135 secs] [Times: user=0.02 sys=0.00, real=0.01 secs] 
2016-08-24T16:55:04.489+0000: 10023.411: Total time for which application threads were stopped: 0.0073511 seconds, Stopping threads took: 0.0001228 seconds
2016-08-24T16:55:04.532+0000: 10023.453: [GC (Allocation Failure) 10023.453: [ParNew
Desired survivor size 8716288 bytes, new threshold 6 (max 6)
- age   1:      92856 bytes,      92856 total
- age   3:       1096 bytes,      93952 total
- age   4:         24 bytes,      93976 total
- age   5:     282528 bytes,     376504 total
: 136815K->549K(153344K), 0.0064589 secs] 336097K->199832K(1031552K), 0.0065711 secs] [Times: user=0.01 sys=0.00, real=0.00 secs] 
2016-08-24T16:55:04.538+0000: 10023.460: Total time for which application threads were stopped: 0.0073980 seconds, Stopping threads took: 0.0001017 seconds
2016-08-24T16:55:04.579+0000: 10023.500: [GC (Allocation Failure) 10023.500: [ParNew
Desired survivor size 8716288 bytes, new threshold 6 (max 6)
- age   1:      46904 bytes,      46904 total
- age   2:       1000 bytes,      47904 total
- age   4:       1064 bytes,      48968 total
- age   5:         24 bytes,      48992 total
- age   6:     280712 bytes,     329704 total
: 136869K->536K(153344K), 0.0087923 secs] 336152K->199819K(1031552K), 0.0089200 secs] [Times: user=0.02 sys=0.00, real=0.01 secs] 
2016-08-24T16:55:04.588+0000: 10023.509: Total time for which application threads were stopped: 0.0098314 seconds, Stopping threads took: 0.0001254 seconds
2016-08-24T16:55:04.627+0000: 10023.549: [GC (Allocation Failure) 10023.549: [ParNew
Desired survivor size 8716288 bytes, new threshold 6 (max 6)
- age   1:      75448 bytes,      75448 total
- age   2:       4632 bytes,      80080 total
- age   3:       1000 bytes,      81080 total
- age   5:       1064 bytes,      82144 total
- age   6:         24 bytes,      82168 total
: 136856K->223K(153344K), 0.0066622 secs] 336139K->199786K(1031552K), 0.0067799 secs] [Times: user=0.01 sys=0.00, real=0.01 secs] 
2016-08-24T16:55:04.634+0000: 10023.556: Total time for which application threads were stopped: 0.0076556 seconds, Stopping threads took: 0.0000960 seconds
2016-08-24T16:55:04.674+0000: 10023.596: [GC (Allocation Failure) 10023.596: [ParNew
Desired survivor size 8716288 bytes, new threshold 6 (max 6)
- age   1:      55368 bytes,      55368 total
- age   3:       1000 bytes,      56368 total
- age   4:        968 bytes,      57336 total
- age   6:       1064 bytes,      58400 total
: 136543K->93K(153344K), 0.0061652 secs] 336106K->199656K(1031552K), 0.0062831 secs] [Times: user=0.02 sys=0.00, real=0.01 secs] 
2016-08-24T16:55:04.681+0000: 10023.602: Total time for which application threads were stopped: 0.0071278 seconds, Stopping threads took: 0.0001023 seconds
2016-08-24T16:55:04.722+0000: 10023.643: [GC (Allocation Failure) 10023.643: [ParNew
Desired survivor size 8716288 bytes, new threshold 6 (max 6)
- age   1:      69928 bytes,      69928 total
- age   2:       7832 bytes,      77760 total
- age   4:       1000 bytes,      78760 total
- age   5:        968 bytes,      79728 total
: 136413K->96K(153344K), 0.0057298 secs] 335976K->199660K(1031552K), 0.0058529 secs] [Times: user=0.01 sys=0.00, real=0.00 secs] 
2016-08-24T16:55:04.728+0000: 10023.649: Total time for which application threads were stopped: 0.0066918 seconds, Stopping threads took: 0.0001022 seconds
2016-08-24T16:55:04.770+0000: 10023.692: [GC (Allocation Failure) 10023.692: [ParNew
Desired survivor size 8716288 bytes, new threshold 6 (max 6)
- age   1:      58968 bytes,      58968 total
- age   3:       1000 bytes,      59968 total
- age   5:        968 bytes,      60936 total
- age   6:        968 bytes,      61904 total
: 136416K->89K(153344K), 0.0057391 secs] 335980K->199653K(1031552K), 0.0058492 secs] [Times: user=0.01 sys=0.00, real=0.00 secs] 
2016-08-24T16:55:04.776+0000: 10023.698: Total time for which application threads were stopped: 0.0066560 seconds, Stopping threads took: 0.0000994 seconds
2016-08-24T16:55:04.817+0000: 10023.738: [GC (Allocation Failure) 10023.738: [ParNew
Desired survivor size 8716288 bytes, new threshold 6 (max 6)
- age   1:      79776 bytes,      79776 total
- age   2:      10864 bytes,      90640 total
- age   4:       1000 bytes,      91640 total
- age   6:        968 bytes,      92608 total
: 136409K->102K(153344K), 0.0053125 secs] 335973K->199667K(1031552K), 0.0054166 secs] [Times: user=0.01 sys=0.00, real=0.01 secs] 
2016-08-24T16:55:04.822+0000: 10023.744: Total time for which application threads were stopped: 0.0062523 seconds, Stopping threads took: 0.0000966 seconds
2016-08-24T16:55:10.670+0000: 10029.592: Total time for which application threads were stopped: 0.0006318 seconds, Stopping threads took: 0.0000927 seconds
2016-08-24T16:55:10.671+0000: 10029.592: Total time for which application threads were stopped: 0.0003344 seconds, Stopping threads took: 0.0000488 seconds
2016-08-24T16:55:10.671+0000: 10029.592: Total time for which application threads were stopped: 0.0003057 seconds, Stopping threads took: 0.0000428 seconds
2016-08-24T16:55:13.813+0000: 10032.735: Total time for which application threads were stopped: 0.0020305 seconds, Stopping threads took: 0.0002244 seconds
2016-08-24T16:55:13.815+0000: 10032.736: Total time for which application threads were stopped: 0.0012896 seconds, Stopping threads took: 0.0001751 seconds
2016-08-24T16:55:13.821+0000: 10032.743: Total time for which application threads were stopped: 0.0059624 seconds, Stopping threads took: 0.0001735 seconds
2016-08-24T16:55:14.524+0000: 10033.446: [GC (Allocation Failure) 10033.446: [ParNew
Desired survivor size 8716288 bytes, new threshold 6 (max 6)
- age   1:     841560 bytes,     841560 total
- age   3:        968 bytes,     842528 total
- age   5:        968 bytes,     843496 total
: 136422K->844K(153344K), 0.0073745 secs] 335987K->200409K(1031552K), 0.0075200 secs] [Times: user=0.01 sys=0.00, real=0.01 secs] 
2016-08-24T16:55:14.532+0000: 10033.453: Total time for which application threads were stopped: 0.0083544 seconds, Stopping threads took: 0.0000987 seconds
2016-08-24T16:55:14.572+0000: 10033.494: [GC (Allocation Failure) 10033.494: [ParNew
Desired survivor size 8716288 bytes, new threshold 6 (max 6)
- age   1:      66080 bytes,      66080 total
- age   2:     238096 bytes,     304176 total
- age   4:        968 bytes,     305144 total
- age   6:        968 bytes,     306112 total
: 137164K->426K(153344K), 0.0059366 secs] 336729K->199991K(1031552K), 0.0060427 secs] [Times: user=0.01 sys=0.00, real=0.00 secs] 
2016-08-24T16:55:14.578+0000: 10033.500: Total time for which application threads were stopped: 0.0068925 seconds, Stopping threads took: 0.0000985 seconds
2016-08-24T16:55:14.622+0000: 10033.543: [GC (Allocation Failure) 10033.543: [ParNew
Desired survivor size 8716288 bytes, new threshold 6 (max 6)
- age   1:      88000 bytes,      88000 total
- age   2:        448 bytes,      88448 total
- age   3:     226000 bytes,     314448 total
- age   5:        968 bytes,     315416 total
: 136746K->393K(153344K), 0.0056133 secs] 336311K->199959K(1031552K), 0.0057354 secs] [Times: user=0.01 sys=0.00, real=0.00 secs] 
2016-08-24T16:55:14.628+0000: 10033.549: Total time for which application threads were stopped: 0.0066587 seconds, Stopping threads took: 0.0001174 seconds
2016-08-24T16:55:14.665+0000: 10033.587: [GC (Allocation Failure) 10033.587: [ParNew
Desired survivor size 8716288 bytes, new threshold 6 (max 6)
- age   1:      85864 bytes,      85864 total
- age   2:      19440 bytes,     105304 total
- age   3:        448 bytes,     105752 total
- age   4:     226000 bytes,     331752 total
- age   6:        968 bytes,     332720 total
: 136713K->421K(153344K), 0.0056524 secs] 336279K->199987K(1031552K), 0.0057587 secs] [Times: user=0.01 sys=0.00, real=0.01 secs] 
2016-08-24T16:55:14.671+0000: 10033.593: Total time for which application threads were stopped: 0.0065861 seconds, Stopping threads took: 0.0001098 seconds
2016-08-24T16:55:14.713+0000: 10033.635: [GC (Allocation Failure) 10033.635: [ParNew
Desired survivor size 8716288 bytes, new threshold 6 (max 6)
- age   1:      81208 bytes,      81208 total
- age   3:       6608 bytes,      87816 total
- age   4:        448 bytes,      88264 total
- age   5:     224152 bytes,     312416 total
: 136741K->457K(153344K), 0.0059748 secs] 336307K->200024K(1031552K), 0.0060900 secs] [Times: user=0.01 sys=0.00, real=0.00 secs] 
2016-08-24T16:55:14.719+0000: 10033.641: Total time for which application threads were stopped: 0.0069663 seconds, Stopping threads took: 0.0001144 seconds
2016-08-24T16:55:14.758+0000: 10033.679: [GC (Allocation Failure) 10033.679: [ParNew
Desired survivor size 8716288 bytes, new threshold 6 (max 6)
- age   1:      77288 bytes,      77288 total
- age   2:      15920 bytes,      93208 total
- age   4:       6608 bytes,      99816 total
- age   5:        448 bytes,     100264 total
- age   6:     224152 bytes,     324416 total
: 136777K->445K(153344K), 0.0056606 secs] 336344K->200013K(1031552K), 0.0057647 secs] [Times: user=0.01 sys=0.00, real=0.01 secs] 
2016-08-24T16:55:14.764+0000: 10033.685: Total time for which application threads were stopped: 0.0065741 seconds, Stopping threads took: 0.0000979 seconds
2016-08-24T16:55:14.804+0000: 10033.725: [GC (Allocation Failure) 10033.725: [ParNew
Desired survivor size 8716288 bytes, new threshold 6 (max 6)
- age   1:      71144 bytes,      71144 total
- age   3:       1000 bytes,      72144 total
- age   5:       6576 bytes,      78720 total
- age   6:        448 bytes,      79168 total
: 136765K->314K(153344K), 0.0056299 secs] 336333K->200104K(1031552K), 0.0057369 secs] [Times: user=0.01 sys=0.00, real=0.01 secs] 
2016-08-24T16:55:14.810+0000: 10033.731: Total time for which application threads were stopped: 0.0065600 seconds, Stopping threads took: 0.0000963 seconds
2016-08-24T16:55:14.847+0000: 10033.769: [GC (Allocation Failure) 10033.769: [ParNew
Desired survivor size 8716288 bytes, new threshold 6 (max 6)
- age   1:      76488 bytes,      76488 total
- age   2:      19160 bytes,      95648 total
- age   4:       1000 bytes,      96648 total
- age   6:       6576 bytes,     103224 total
: 136634K->150K(153344K), 0.0053828 secs] 336424K->199940K(1031552K), 0.0054832 secs] [Times: user=0.01 sys=0.00, real=0.01 secs] 
2016-08-24T16:55:14.853+0000: 10033.774: Total time for which application threads were stopped: 0.0063107 seconds, Stopping threads took: 0.0001006 seconds
2016-08-24T16:55:14.894+0000: 10033.815: [GC (Allocation Failure) 10033.815: [ParNew
Desired survivor size 8716288 bytes, new threshold 6 (max 6)
- age   1:      91152 bytes,      91152 total
- age   3:       1000 bytes,      92152 total
- age   5:        968 bytes,      93120 total
: 136470K->125K(153344K), 0.0054117 secs] 336260K->199922K(1031552K), 0.0055162 secs] [Times: user=0.01 sys=0.00, real=0.00 secs] 
2016-08-24T16:55:14.899+0000: 10033.821: Total time for which application threads were stopped: 0.0063659 seconds, Stopping threads took: 0.0001168 seconds
2016-08-24T16:55:14.940+0000: 10033.862: [GC (Allocation Failure) 10033.862: [ParNew
Desired survivor size 8716288 bytes, new threshold 6 (max 6)
- age   1:      57216 bytes,      57216 total
- age   2:       1000 bytes,      58216 total
- age   4:        968 bytes,      59184 total
- age   6:        968 bytes,      60152 total
: 136445K->87K(153344K), 0.0055367 secs] 336242K->199884K(1031552K), 0.0056637 secs] [Times: user=0.01 sys=0.00, real=0.00 secs] 
2016-08-24T16:55:14.946+0000: 10033.868: Total time for which application threads were stopped: 0.0064825 seconds, Stopping threads took: 0.0000887 seconds
2016-08-24T16:55:14.986+0000: 10033.908: [GC (Allocation Failure) 10033.908: [ParNew
Desired survivor size 8716288 bytes, new threshold 6 (max 6)
- age   1:      64464 bytes,      64464 total
- age   2:       4360 bytes,      68824 total
- age   3:       1000 bytes,      69824 total
- age   5:        968 bytes,      70792 total
: 136407K->89K(153344K), 0.0058417 secs] 336204K->199886K(1031552K), 0.0059676 secs] [Times: user=0.01 sys=0.00, real=0.01 secs] 
2016-08-24T16:55:14.992+0000: 10033.914: Total time for which application threads were stopped: 0.0068279 seconds, Stopping threads took: 0.0001024 seconds
2016-08-24T16:55:23.769+0000: 10042.691: [GC (Allocation Failure) 10042.691: [ParNew
Desired survivor size 8716288 bytes, new threshold 6 (max 6)
- age   1:    1312472 bytes,    1312472 total
- age   3:        968 bytes,    1313440 total
- age   4:        968 bytes,    1314408 total
- age   6:        968 bytes,    1315376 total
: 136409K->1306K(153344K), 0.0108825 secs] 336206K->201103K(1031552K), 0.0110211 secs] [Times: user=0.02 sys=0.00, real=0.01 secs] 
2016-08-24T16:55:23.781+0000: 10042.702: Total time for which application threads were stopped: 0.0118803 seconds, Stopping threads took: 0.0000944 seconds
2016-08-24T16:55:23.822+0000: 10042.743: [GC (Allocation Failure) 10042.743: [ParNew
Desired survivor size 8716288 bytes, new threshold 6 (max 6)
- age   1:     112912 bytes,     112912 total
- age   2:     293888 bytes,     406800 total
- age   4:        968 bytes,     407768 total
- age   5:        968 bytes,     408736 total
: 137626K->528K(153344K), 0.0065977 secs] 337423K->200326K(1031552K), 0.0067011 secs] [Times: user=0.01 sys=0.00, real=0.01 secs] 
2016-08-24T16:55:23.828+0000: 10042.750: Total time for which application threads were stopped: 0.0074602 seconds, Stopping threads took: 0.0000869 seconds
2016-08-24T16:55:23.867+0000: 10042.789: [GC (Allocation Failure) 10042.789: [ParNew
Desired survivor size 8716288 bytes, new threshold 6 (max 6)
- age   1:      68184 bytes,      68184 total
- age   2:      22576 bytes,      90760 total
- age   3:     293888 bytes,     384648 total
- age   5:        968 bytes,     385616 total
- age   6:        968 bytes,     386584 total
: 136848K->533K(153344K), 0.0065276 secs] 336646K->200331K(1031552K), 0.0066298 secs] [Times: user=0.01 sys=0.00, real=0.01 secs] 
2016-08-24T16:55:23.874+0000: 10042.795: Total time for which application threads were stopped: 0.0073893 seconds, Stopping threads took: 0.0000885 seconds
2016-08-24T16:55:23.911+0000: 10042.833: [GC (Allocation Failure) 10042.833: [ParNew
Desired survivor size 8716288 bytes, new threshold 6 (max 6)
- age   1:      72688 bytes,      72688 total
- age   2:       5160 bytes,      77848 total
- age   3:      22576 bytes,     100424 total
- age   4:     293888 bytes,     394312 total
- age   6:        968 bytes,     395280 total
: 136853K->713K(153344K), 0.0070139 secs] 336651K->200513K(1031552K), 0.0071168 secs] [Times: user=0.01 sys=0.00, real=0.00 secs] 
2016-08-24T16:55:23.919+0000: 10042.840: Total time for which application threads were stopped: 0.0078705 seconds, Stopping threads took: 0.0000875 seconds
2016-08-24T16:55:23.958+0000: 10042.879: [GC (Allocation Failure) 10042.879: [ParNew
Desired survivor size 8716288 bytes, new threshold 6 (max 6)
- age   1:      53552 bytes,      53552 total
- age   3:       1096 bytes,      54648 total
- age   4:      20728 bytes,      75376 total
- age   5:     293888 bytes,     369264 total
: 137033K->470K(153344K), 0.0072285 secs] 336833K->200270K(1031552K), 0.0073532 secs] [Times: user=0.02 sys=0.00, real=0.01 secs] 
2016-08-24T16:55:23.965+0000: 10042.887: Total time for which application threads were stopped: 0.0081202 seconds, Stopping threads took: 0.0000910 seconds
2016-08-24T16:55:24.004+0000: 10042.925: [GC (Allocation Failure) 10042.925: [ParNew
Desired survivor size 8716288 bytes, new threshold 6 (max 6)
- age   1:      70936 bytes,      70936 total
- age   2:       8808 bytes,      79744 total
- age   4:       1096 bytes,      80840 total
- age   5:      20728 bytes,     101568 total
- age   6:     293888 bytes,     395456 total
: 136790K->630K(153344K), 0.0065889 secs] 336590K->200431K(1031552K), 0.0066928 secs] [Times: user=0.01 sys=0.00, real=0.01 secs] 
2016-08-24T16:55:24.011+0000: 10042.932: Total time for which application threads were stopped: 0.0074463 seconds, Stopping threads took: 0.0000898 seconds
2016-08-24T16:55:24.049+0000: 10042.971: [GC (Allocation Failure) 10042.971: [ParNew
Desired survivor size 8716288 bytes, new threshold 6 (max 6)
- age   1:      67376 bytes,      67376 total
- age   3:       1000 bytes,      68376 total
- age   5:       1064 bytes,      69440 total
- age   6:      18912 bytes,      88352 total
: 136950K->241K(153344K), 0.0076848 secs] 336751K->200334K(1031552K), 0.0078017 secs] [Times: user=0.01 sys=0.00, real=0.00 secs] 
2016-08-24T16:55:24.057+0000: 10042.979: Total time for which application threads were stopped: 0.0085862 seconds, Stopping threads took: 0.0000911 seconds
2016-08-24T16:55:24.095+0000: 10043.017: [GC (Allocation Failure) 10043.017: [ParNew
Desired survivor size 8716288 bytes, new threshold 6 (max 6)
- age   1:      84208 bytes,      84208 total
- age   2:      11952 bytes,      96160 total
- age   4:       1000 bytes,      97160 total
- age   6:       1064 bytes,      98224 total
: 136561K->133K(153344K), 0.0060019 secs] 336654K->200245K(1031552K), 0.0061015 secs] [Times: user=0.01 sys=0.00, real=0.01 secs] 
2016-08-24T16:55:24.102+0000: 10043.023: Total time for which application threads were stopped: 0.0069017 seconds, Stopping threads took: 0.0001002 seconds
2016-08-24T16:55:24.140+0000: 10043.062: [GC (Allocation Failure) 10043.062: [ParNew
Desired survivor size 8716288 bytes, new threshold 6 (max 6)
- age   1:      69568 bytes,      69568 total
- age   3:       1000 bytes,      70568 total
- age   5:        968 bytes,      71536 total
: 136453K->125K(153344K), 0.0067738 secs] 336565K->200238K(1031552K), 0.0068838 secs] [Times: user=0.02 sys=0.00, real=0.00 secs] 
2016-08-24T16:55:24.147+0000: 10043.069: Total time for which application threads were stopped: 0.0076764 seconds, Stopping threads took: 0.0000909 seconds
2016-08-24T16:55:24.186+0000: 10043.107: [GC (Allocation Failure) 10043.107: [ParNew
Desired survivor size 8716288 bytes, new threshold 6 (max 6)
- age   1:      76888 bytes,      76888 total
- age   2:      14584 bytes,      91472 total
- age   4:       1000 bytes,      92472 total
- age   6:        968 bytes,      93440 total
: 136445K->105K(153344K), 0.0064286 secs] 336558K->200218K(1031552K), 0.0065332 secs] [Times: user=0.01 sys=0.00, real=0.01 secs] 
2016-08-24T16:55:24.192+0000: 10043.114: Total time for which application threads were stopped: 0.0072886 seconds, Stopping threads took: 0.0000891 seconds
2016-08-24T16:55:24.232+0000: 10043.154: [GC (Allocation Failure) 10043.154: [ParNew
Desired survivor size 8716288 bytes, new threshold 6 (max 6)
- age   1:      72248 bytes,      72248 total
- age   3:       1000 bytes,      73248 total
- age   5:        968 bytes,      74216 total
: 136425K->108K(153344K), 0.0058585 secs] 336538K->200222K(1031552K), 0.0059576 secs] [Times: user=0.01 sys=0.00, real=0.00 secs] 
2016-08-24T16:55:24.238+0000: 10043.160: Total time for which application threads were stopped: 0.0067272 seconds, Stopping threads took: 0.0000890 seconds
2016-08-24T16:55:24.276+0000: 10043.197: [GC (Allocation Failure) 10043.197: [ParNew
Desired survivor size 8716288 bytes, new threshold 6 (max 6)
- age   1:      75296 bytes,      75296 total
- age   2:      17760 bytes,      93056 total
- age   4:       1000 bytes,      94056 total
- age   6:        968 bytes,      95024 total
: 136428K->100K(153344K), 0.0059066 secs] 336542K->200214K(1031552K), 0.0060150 secs] [Times: user=0.01 sys=0.00, real=0.01 secs] 
2016-08-24T16:55:24.282+0000: 10043.203: Total time for which application threads were stopped: 0.0067531 seconds, Stopping threads took: 0.0000867 seconds
2016-08-24T16:55:25.284+0000: 10044.205: Total time for which application threads were stopped: 0.0017847 seconds, Stopping threads took: 0.0002680 seconds
2016-08-24T16:55:34.298+0000: 10053.220: [GC (Allocation Failure) 10053.220: [ParNew
Desired survivor size 8716288 bytes, new threshold 6 (max 6)
- age   1:     975408 bytes,     975408 total
- age   3:        968 bytes,     976376 total
- age   5:        968 bytes,     977344 total
: 136420K->979K(153344K), 0.0076826 secs] 336534K->201094K(1031552K), 0.0078069 secs] [Times: user=0.02 sys=0.00, real=0.01 secs] 
2016-08-24T16:55:34.306+0000: 10053.228: Total time for which application threads were stopped: 0.0086351 seconds, Stopping threads took: 0.0000977 seconds
2016-08-24T16:55:34.346+0000: 10053.268: [GC (Allocation Failure) 10053.268: [ParNew
Desired survivor size 8716288 bytes, new threshold 6 (max 6)
- age   1:      76752 bytes,      76752 total
- age   2:     261096 bytes,     337848 total
- age   4:        968 bytes,     338816 total
- age   6:        968 bytes,     339784 total
: 137299K->476K(153344K), 0.0057500 secs] 337414K->200591K(1031552K), 0.0058562 secs] [Times: user=0.01 sys=0.00, real=0.01 secs] 
2016-08-24T16:55:34.352+0000: 10053.274: Total time for which application threads were stopped: 0.0066769 seconds, Stopping threads took: 0.0001023 seconds
2016-08-24T16:55:34.395+0000: 10053.316: [GC (Allocation Failure) 10053.316: [ParNew
Desired survivor size 8716288 bytes, new threshold 6 (max 6)
- age   1:      82872 bytes,      82872 total
- age   3:     242008 bytes,     324880 total
- age   5:        968 bytes,     325848 total
: 136796K->451K(153344K), 0.0055186 secs] 336911K->200566K(1031552K), 0.0056220 secs] [Times: user=0.01 sys=0.00, real=0.01 secs] 
2016-08-24T16:55:34.401+0000: 10053.322: Total time for which application threads were stopped: 0.0064496 seconds, Stopping threads took: 0.0001014 seconds
2016-08-24T16:55:34.440+0000: 10053.362: [GC (Allocation Failure) 10053.362: [ParNew
Desired survivor size 8716288 bytes, new threshold 6 (max 6)
- age   1:      65280 bytes,      65280 total
- age   2:      20272 bytes,      85552 total
- age   4:     242008 bytes,     327560 total
- age   6:        968 bytes,     328528 total
: 136771K->459K(153344K), 0.0057788 secs] 336886K->200575K(1031552K), 0.0058848 secs] [Times: user=0.01 sys=0.00, real=0.00 secs] 
2016-08-24T16:55:34.446+0000: 10053.368: Total time for which application threads were stopped: 0.0067064 seconds, Stopping threads took: 0.0001021 seconds
2016-08-24T16:55:34.485+0000: 10053.406: [GC (Allocation Failure) 10053.406: [ParNew
Desired survivor size 8716288 bytes, new threshold 6 (max 6)
- age   1:      78752 bytes,      78752 total
- age   3:       1096 bytes,      79848 total
- age   5:     240160 bytes,     320008 total
: 136779K->465K(153344K), 0.0057020 secs] 336895K->200581K(1031552K), 0.0058041 secs] [Times: user=0.01 sys=0.00, real=0.01 secs] 
2016-08-24T16:55:34.491+0000: 10053.412: Total time for which application threads were stopped: 0.0066100 seconds, Stopping threads took: 0.0000965 seconds
2016-08-24T16:55:34.532+0000: 10053.453: [GC (Allocation Failure) 10053.453: [ParNew
Desired survivor size 8716288 bytes, new threshold 6 (max 6)
- age   1:      47808 bytes,      47808 total
- age   2:       1000 bytes,      48808 total
- age   4:       1064 bytes,      49872 total
- age   6:     237912 bytes,     287784 total
: 136785K->312K(153344K), 0.0062366 secs] 336901K->200428K(1031552K), 0.0063451 secs] [Times: user=0.01 sys=0.00, real=0.00 secs] 
2016-08-24T16:55:34.538+0000: 10053.460: Total time for which application threads were stopped: 0.0071764 seconds, Stopping threads took: 0.0001029 seconds
2016-08-24T16:55:34.577+0000: 10053.498: [GC (Allocation Failure) 10053.498: [ParNew
Desired survivor size 8716288 bytes, new threshold 6 (max 6)
- age   1:      80168 bytes,      80168 total
- age   2:       4856 bytes,      85024 total
- age   3:       1000 bytes,      86024 total
- age   5:       1064 bytes,      87088 total
: 136632K->286K(153344K), 0.0057113 secs] 336748K->200640K(1031552K), 0.0058338 secs] [Times: user=0.01 sys=0.00, real=0.01 secs] 
2016-08-24T16:55:34.583+0000: 10053.504: Total time for which application threads were stopped: 0.0066878 seconds, Stopping threads took: 0.0001150 seconds
2016-08-24T16:55:34.626+0000: 10053.547: [GC (Allocation Failure) 10053.547: [ParNew
Desired survivor size 8716288 bytes, new threshold 6 (max 6)
- age   1:      66760 bytes,      66760 total
- age   2:        336 bytes,      67096 total
- age   3:       1000 bytes,      68096 total
- age   4:        968 bytes,      69064 total
- age   6:       1064 bytes,      70128 total
: 136606K->111K(153344K), 0.0056022 secs] 336960K->200464K(1031552K), 0.0057133 secs] [Times: user=0.01 sys=0.00, real=0.01 secs] 
2016-08-24T16:55:34.632+0000: 10053.553: Total time for which application threads were stopped: 0.0065925 seconds, Stopping threads took: 0.0001213 seconds
2016-08-24T16:55:34.669+0000: 10053.591: [GC (Allocation Failure) 10053.591: [ParNew
Desired survivor size 8716288 bytes, new threshold 6 (max 6)
- age   1:      67520 bytes,      67520 total
- age   2:       8208 bytes,      75728 total
- age   3:        336 bytes,      76064 total
- age   4:       1000 bytes,      77064 total
- age   5:        968 bytes,      78032 total
: 136431K->97K(153344K), 0.0056615 secs] 336784K->200452K(1031552K), 0.0057757 secs] [Times: user=0.01 sys=0.00, real=0.00 secs] 
2016-08-24T16:55:34.675+0000: 10053.597: Total time for which application threads were stopped: 0.0066372 seconds, Stopping threads took: 0.0001025 seconds
2016-08-24T16:55:34.715+0000: 10053.636: [GC (Allocation Failure) 10053.636: [ParNew
Desired survivor size 8716288 bytes, new threshold 6 (max 6)
- age   1:      53352 bytes,      53352 total
- age   3:       1000 bytes,      54352 total
- age   4:        336 bytes,      54688 total
- age   5:        968 bytes,      55656 total
- age   6:        968 bytes,      56624 total
: 136417K->73K(153344K), 0.0056672 secs] 336772K->200427K(1031552K), 0.0057794 secs] [Times: user=0.01 sys=0.00, real=0.01 secs] 
2016-08-24T16:55:34.720+0000: 10053.642: Total time for which application threads were stopped: 0.0066265 seconds, Stopping threads took: 0.0001006 seconds
2016-08-24T16:55:34.758+0000: 10053.680: [GC (Allocation Failure) 10053.680: [ParNew
Desired survivor size 8716288 bytes, new threshold 6 (max 6)
- age   1:      85536 bytes,      85536 total
- age   2:      11544 bytes,      97080 total
- age   4:       1000 bytes,      98080 total
- age   5:        336 bytes,      98416 total
- age   6:        968 bytes,      99384 total
: 136393K->100K(153344K), 0.0055806 secs] 336747K->200455K(1031552K), 0.0056663 secs] [Times: user=0.01 sys=0.00, real=0.01 secs] 
2016-08-24T16:55:34.764+0000: 10053.685: Total time for which application threads were stopped: 0.0064688 seconds, Stopping threads took: 0.0001290 seconds
2016-08-24T16:55:44.327+0000: 10063.249: [GC (Allocation Failure) 10063.249: [ParNew
Desired survivor size 8716288 bytes, new threshold 6 (max 6)
- age   1:    1085376 bytes,    1085376 total
- age   3:        968 bytes,    1086344 total
- age   5:        968 bytes,    1087312 total
: 136420K->1090K(153344K), 0.0076381 secs] 336775K->201446K(1031552K), 0.0077617 secs] [Times: user=0.02 sys=0.00, real=0.01 secs] 
2016-08-24T16:55:44.335+0000: 10063.257: Total time for which application threads were stopped: 0.0085829 seconds, Stopping threads took: 0.0000928 seconds
2016-08-24T16:55:44.373+0000: 10063.295: [GC (Allocation Failure) 10063.295: [ParNew
Desired survivor size 8716288 bytes, new threshold 6 (max 6)
- age   1:      84792 bytes,      84792 total
- age   2:     302544 bytes,     387336 total
- age   4:        968 bytes,     388304 total
- age   6:        968 bytes,     389272 total
: 137410K->532K(153344K), 0.0057778 secs] 337766K->200888K(1031552K), 0.0058963 secs] [Times: user=0.01 sys=0.00, real=0.00 secs] 
2016-08-24T16:55:44.379+0000: 10063.301: Total time for which application threads were stopped: 0.0067255 seconds, Stopping threads took: 0.0001054 seconds
2016-08-24T16:55:44.419+0000: 10063.340: [GC (Allocation Failure) 10063.340: [ParNew
Desired survivor size 8716288 bytes, new threshold 6 (max 6)
- age   1:      62600 bytes,      62600 total
- age   2:        368 bytes,      62968 total
- age   3:     290952 bytes,     353920 total
- age   5:        968 bytes,     354888 total
: 136852K->518K(153344K), 0.0058787 secs] 337208K->200875K(1031552K), 0.0059840 secs] [Times: user=0.01 sys=0.00, real=0.01 secs] 
2016-08-24T16:55:44.425+0000: 10063.346: Total time for which application threads were stopped: 0.0068264 seconds, Stopping threads took: 0.0000983 seconds
2016-08-24T16:55:44.463+0000: 10063.385: [GC (Allocation Failure) 10063.385: [ParNew
Desired survivor size 8716288 bytes, new threshold 6 (max 6)
- age   1:      78160 bytes,      78160 total
- age   2:      14184 bytes,      92344 total
- age   3:        368 bytes,      92712 total
- age   4:     290952 bytes,     383664 total
- age   6:        968 bytes,     384632 total
: 136838K->502K(153344K), 0.0057657 secs] 337195K->200860K(1031552K), 0.0058730 secs] [Times: user=0.01 sys=0.00, real=0.01 secs] 
2016-08-24T16:55:44.469+0000: 10063.391: Total time for which application threads were stopped: 0.0066706 seconds, Stopping threads took: 0.0000969 seconds
2016-08-24T16:55:44.508+0000: 10063.429: [GC (Allocation Failure) 10063.429: [ParNew
Desired survivor size 8716288 bytes, new threshold 6 (max 6)
- age   1:      57504 bytes,      57504 total
- age   3:       1096 bytes,      58600 total
- age   4:        368 bytes,      58968 total
- age   5:     289104 bytes,     348072 total
: 136822K->533K(153344K), 0.0059799 secs] 337180K->200892K(1031552K), 0.0060835 secs] [Times: user=0.01 sys=0.00, real=0.01 secs] 
2016-08-24T16:55:44.514+0000: 10063.435: Total time for which application threads were stopped: 0.0068950 seconds, Stopping threads took: 0.0001005 seconds
2016-08-24T16:55:44.554+0000: 10063.475: [GC (Allocation Failure) 10063.475: [ParNew
Desired survivor size 8716288 bytes, new threshold 6 (max 6)
- age   1:      84144 bytes,      84144 total
- age   2:      16480 bytes,     100624 total
- age   4:       1096 bytes,     101720 total
- age   5:        368 bytes,     102088 total
- age   6:     289104 bytes,     391192 total
: 136853K->505K(153344K), 0.0058860 secs] 337212K->200863K(1031552K), 0.0059918 secs] [Times: user=0.01 sys=0.00, real=0.00 secs] 
2016-08-24T16:55:44.560+0000: 10063.481: Total time for which application threads were stopped: 0.0068108 seconds, Stopping threads took: 0.0000969 seconds
2016-08-24T16:55:44.601+0000: 10063.523: [GC (Allocation Failure) 10063.523: [ParNew
Desired survivor size 8716288 bytes, new threshold 6 (max 6)
- age   1:      75352 bytes,      75352 total
- age   3:       1000 bytes,      76352 total
- age   5:       1064 bytes,      77416 total
- age   6:        368 bytes,      77784 total
: 136825K->374K(153344K), 0.0070802 secs] 337183K->201018K(1031552K), 0.0072334 secs] [Times: user=0.01 sys=0.00, real=0.01 secs] 
2016-08-24T16:55:44.609+0000: 10063.530: Total time for which application threads were stopped: 0.0082686 seconds, Stopping threads took: 0.0001091 seconds
2016-08-24T16:55:44.648+0000: 10063.570: [GC (Allocation Failure) 10063.570: [ParNew
Desired survivor size 8716288 bytes, new threshold 6 (max 6)
- age   1:      72824 bytes,      72824 total
- age   2:      19336 bytes,      92160 total
- age   4:       1000 bytes,      93160 total
- age   6:       1064 bytes,      94224 total
: 136694K->172K(153344K), 0.0053340 secs] 337338K->200817K(1031552K), 0.0054407 secs] [Times: user=0.01 sys=0.01, real=0.01 secs] 
2016-08-24T16:55:44.654+0000: 10063.575: Total time for which application threads were stopped: 0.0062457 seconds, Stopping threads took: 0.0000953 seconds
2016-08-24T16:55:44.696+0000: 10063.617: [GC (Allocation Failure) 10063.617: [ParNew
Desired survivor size 8716288 bytes, new threshold 6 (max 6)
- age   1:      83448 bytes,      83448 total
- age   3:       1000 bytes,      84448 total
- age   5:        968 bytes,      85416 total
: 136492K->104K(153344K), 0.0054792 secs] 337137K->200750K(1031552K), 0.0055920 secs] [Times: user=0.01 sys=0.00, real=0.01 secs] 
2016-08-24T16:55:44.701+0000: 10063.623: Total time for which application threads were stopped: 0.0063835 seconds, Stopping threads took: 0.0000994 seconds
2016-08-24T16:55:44.741+0000: 10063.663: [GC (Allocation Failure) 10063.663: [ParNew
Desired survivor size 8716288 bytes, new threshold 6 (max 6)
- age   1:      72304 bytes,      72304 total
- age   2:       1000 bytes,      73304 total
- age   4:        968 bytes,      74272 total
- age   6:        968 bytes,      75240 total
: 136424K->104K(153344K), 0.0053716 secs] 337070K->200750K(1031552K), 0.0054814 secs] [Times: user=0.01 sys=0.00, real=0.00 secs] 
2016-08-24T16:55:44.747+0000: 10063.668: Total time for which application threads were stopped: 0.0063122 seconds, Stopping threads took: 0.0000989 seconds
2016-08-24T16:55:44.785+0000: 10063.707: [GC (Allocation Failure) 10063.707: [ParNew
Desired survivor size 8716288 bytes, new threshold 6 (max 6)
- age   1:      82000 bytes,      82000 total
- age   2:       4560 bytes,      86560 total
- age   3:       1000 bytes,      87560 total
- age   5:        968 bytes,      88528 total
: 136424K->98K(153344K), 0.0052051 secs] 337070K->200745K(1031552K), 0.0053102 secs] [Times: user=0.01 sys=0.00, real=0.01 secs] 
2016-08-24T16:55:44.791+0000: 10063.712: Total time for which application threads were stopped: 0.0061168 seconds, Stopping threads took: 0.0000994 seconds
2016-08-24T16:55:54.424+0000: 10073.345: [GC (Allocation Failure) 10073.345: [ParNew
Desired survivor size 8716288 bytes, new threshold 6 (max 6)
- age   1:    1096712 bytes,    1096712 total
- age   3:        968 bytes,    1097680 total
- age   4:        968 bytes,    1098648 total
- age   6:        968 bytes,    1099616 total
: 136418K->1111K(153344K), 0.0082114 secs] 337065K->201758K(1031552K), 0.0083367 secs] [Times: user=0.02 sys=0.00, real=0.01 secs] 
2016-08-24T16:55:54.432+0000: 10073.354: Total time for which application threads were stopped: 0.0092185 seconds, Stopping threads took: 0.0001056 seconds
2016-08-24T16:55:54.474+0000: 10073.395: [GC (Allocation Failure) 10073.395: [ParNew
Desired survivor size 8716288 bytes, new threshold 6 (max 6)
- age   1:      83848 bytes,      83848 total
- age   2:     304632 bytes,     388480 total
- age   4:        968 bytes,     389448 total
- age   5:        968 bytes,     390416 total
: 137431K->570K(153344K), 0.0062857 secs] 338078K->201218K(1031552K), 0.0063991 secs] [Times: user=0.01 sys=0.00, real=0.01 secs] 
2016-08-24T16:55:54.480+0000: 10073.402: Total time for which application threads were stopped: 0.0072222 seconds, Stopping threads took: 0.0001004 seconds
2016-08-24T16:55:54.523+0000: 10073.444: [GC (Allocation Failure) 10073.444: [ParNew
Desired survivor size 8716288 bytes, new threshold 6 (max 6)
- age   1:      70032 bytes,      70032 total
- age   2:        232 bytes,      70264 total
- age   3:     298968 bytes,     369232 total
- age   5:        968 bytes,     370200 total
- age   6:        968 bytes,     371168 total
: 136890K->503K(153344K), 0.0063142 secs] 337538K->201151K(1031552K), 0.0064276 secs] [Times: user=0.01 sys=0.00, real=0.01 secs] 
2016-08-24T16:55:54.529+0000: 10073.451: Total time for which application threads were stopped: 0.0072353 seconds, Stopping threads took: 0.0000996 seconds
2016-08-24T16:55:54.569+0000: 10073.491: [GC (Allocation Failure) 10073.491: [ParNew
Desired survivor size 8716288 bytes, new threshold 6 (max 6)
- age   1:      83872 bytes,      83872 total
- age   2:       6784 bytes,      90656 total
- age   3:        160 bytes,      90816 total
- age   4:     298776 bytes,     389592 total
- age   6:        968 bytes,     390560 total
: 136823K->685K(153344K), 0.0058604 secs] 337471K->201334K(1031552K), 0.0059777 secs] [Times: user=0.01 sys=0.00, real=0.00 secs] 
2016-08-24T16:55:54.575+0000: 10073.497: Total time for which application threads were stopped: 0.0068117 seconds, Stopping threads took: 0.0001099 seconds
2016-08-24T16:55:54.616+0000: 10073.538: [GC (Allocation Failure) 10073.538: [ParNew
Desired survivor size 8716288 bytes, new threshold 6 (max 6)
- age   1:      63776 bytes,      63776 total
- age   2:        336 bytes,      64112 total
- age   3:       1096 bytes,      65208 total
- age   4:        160 bytes,      65368 total
- age   5:     296928 bytes,     362296 total
: 137005K->458K(153344K), 0.0056293 secs] 337654K->201107K(1031552K), 0.0057510 secs] [Times: user=0.01 sys=0.00, real=0.01 secs] 
2016-08-24T16:55:54.622+0000: 10073.544: Total time for which application threads were stopped: 0.0066454 seconds, Stopping threads took: 0.0001107 seconds
2016-08-24T16:55:54.661+0000: 10073.583: [GC (Allocation Failure) 10073.583: [ParNew
Desired survivor size 8716288 bytes, new threshold 6 (max 6)
- age   1:      68504 bytes,      68504 total
- age   2:       9608 bytes,      78112 total
- age   3:        336 bytes,      78448 total
- age   4:       1096 bytes,      79544 total
- age   5:        160 bytes,      79704 total
- age   6:     296928 bytes,     376632 total
: 136778K->471K(153344K), 0.0057413 secs] 337427K->201121K(1031552K), 0.0058455 secs] [Times: user=0.02 sys=0.00, real=0.00 secs] 
2016-08-24T16:55:54.667+0000: 10073.589: Total time for which application threads were stopped: 0.0066491 seconds, Stopping threads took: 0.0000990 seconds
2016-08-24T16:55:54.707+0000: 10073.629: [GC (Allocation Failure) 10073.629: [ParNew
Desired survivor size 8716288 bytes, new threshold 6 (max 6)
- age   1:      79608 bytes,      79608 total
- age   3:       1000 bytes,      80608 total
- age   4:        336 bytes,      80944 total
- age   5:       1064 bytes,      82008 total
- age   6:        160 bytes,      82168 total
: 136791K->360K(153344K), 0.0059294 secs] 337441K->201305K(1031552K), 0.0060406 secs] [Times: user=0.01 sys=0.00, real=0.01 secs] 
2016-08-24T16:55:54.713+0000: 10073.635: Total time for which application threads were stopped: 0.0069332 seconds, Stopping threads took: 0.0000988 seconds
2016-08-24T16:55:54.753+0000: 10073.674: [GC (Allocation Failure) 10073.674: [ParNew
Desired survivor size 8716288 bytes, new threshold 6 (max 6)
- age   1:      87816 bytes,      87816 total
- age   2:      13776 bytes,     101592 total
- age   4:       1000 bytes,     102592 total
- age   5:        336 bytes,     102928 total
- age   6:       1064 bytes,     103992 total
: 136680K->168K(153344K), 0.0052254 secs] 337625K->201113K(1031552K), 0.0053269 secs] [Times: user=0.01 sys=0.00, real=0.00 secs] 
2016-08-24T16:55:54.758+0000: 10073.679: Total time for which application threads were stopped: 0.0061562 seconds, Stopping threads took: 0.0000967 seconds
2016-08-24T16:55:54.798+0000: 10073.719: [GC (Allocation Failure) 10073.719: [ParNew
Desired survivor size 8716288 bytes, new threshold 6 (max 6)
- age   1:      68048 bytes,      68048 total
- age   3:       1000 bytes,      69048 total
- age   5:        968 bytes,      70016 total
- age   6:        336 bytes,      70352 total
: 136488K->104K(153344K), 0.0053576 secs] 337433K->201050K(1031552K), 0.0054578 secs] [Times: user=0.00 sys=0.00, real=0.01 secs] 
2016-08-24T16:55:54.803+0000: 10073.725: Total time for which application threads were stopped: 0.0062368 seconds, Stopping threads took: 0.0000968 seconds
2016-08-24T16:55:54.841+0000: 10073.763: [GC (Allocation Failure) 10073.763: [ParNew
Desired survivor size 8716288 bytes, new threshold 6 (max 6)
- age   1:      79784 bytes,      79784 total
- age   2:      15264 bytes,      95048 total
- age   4:       1000 bytes,      96048 total
- age   6:        968 bytes,      97016 total
: 136424K->113K(153344K), 0.0053888 secs] 337370K->201059K(1031552K), 0.0055020 secs] [Times: user=0.01 sys=0.00, real=0.00 secs] 
2016-08-24T16:55:54.847+0000: 10073.768: Total time for which application threads were stopped: 0.0063785 seconds, Stopping threads took: 0.0000996 seconds
2016-08-24T16:55:54.887+0000: 10073.809: [GC (Allocation Failure) 10073.809: [ParNew
Desired survivor size 8716288 bytes, new threshold 6 (max 6)
- age   1:      70616 bytes,      70616 total
- age   2:       5368 bytes,      75984 total
- age   3:       1000 bytes,      76984 total
- age   5:        968 bytes,      77952 total
: 136433K->106K(153344K), 0.0052800 secs] 337379K->201053K(1031552K), 0.0053806 secs] [Times: user=0.02 sys=0.00, real=0.01 secs] 
2016-08-24T16:55:54.893+0000: 10073.814: Total time for which application threads were stopped: 0.0061963 seconds, Stopping threads took: 0.0000970 seconds
2016-08-24T16:55:54.933+0000: 10073.854: [GC (Allocation Failure) 10073.854: [ParNew
Desired survivor size 8716288 bytes, new threshold 6 (max 6)
- age   1:      68536 bytes,      68536 total
- age   2:      18792 bytes,      87328 total
- age   3:       5368 bytes,      92696 total
- age   4:       1000 bytes,      93696 total
- age   6:        968 bytes,      94664 total
: 136426K->116K(153344K), 0.0054924 secs] 337373K->201063K(1031552K), 0.0055977 secs] [Times: user=0.01 sys=0.00, real=0.00 secs] 
2016-08-24T16:55:54.939+0000: 10073.860: Total time for which application threads were stopped: 0.0064669 seconds, Stopping threads took: 0.0001014 seconds
2016-08-24T16:56:04.038+0000: 10082.959: [GC (Allocation Failure) 10082.960: [ParNew
Desired survivor size 8716288 bytes, new threshold 6 (max 6)
- age   1:     998984 bytes,     998984 total
- age   3:        968 bytes,     999952 total
- age   4:       3896 bytes,    1003848 total
- age   5:        968 bytes,    1004816 total
: 136436K->1022K(153344K), 0.0084395 secs] 337383K->201970K(1031552K), 0.0085715 secs] [Times: user=0.02 sys=0.00, real=0.01 secs] 
2016-08-24T16:56:04.047+0000: 10082.968: Total time for which application threads were stopped: 0.0093900 seconds, Stopping threads took: 0.0000985 seconds
2016-08-24T16:56:04.088+0000: 10083.009: [GC (Allocation Failure) 10083.009: [ParNew
Desired survivor size 8716288 bytes, new threshold 6 (max 6)
- age   1:      65968 bytes,      65968 total
- age   2:     286424 bytes,     352392 total
- age   4:        968 bytes,     353360 total
- age   5:        232 bytes,     353592 total
- age   6:        968 bytes,     354560 total
: 137342K->537K(153344K), 0.0063980 secs] 338290K->201485K(1031552K), 0.0065119 secs] [Times: user=0.01 sys=0.00, real=0.01 secs] 
2016-08-24T16:56:04.094+0000: 10083.016: Total time for which application threads were stopped: 0.0073417 seconds, Stopping threads took: 0.0000997 seconds
2016-08-24T16:56:04.135+0000: 10083.057: [GC (Allocation Failure) 10083.057: [ParNew
Desired survivor size 8716288 bytes, new threshold 6 (max 6)
- age   1:      67552 bytes,      67552 total
- age   2:         24 bytes,      67576 total
- age   3:     266896 bytes,     334472 total
- age   5:        968 bytes,     335440 total
- age   6:        232 bytes,     335672 total
: 136857K->480K(153344K), 0.0063752 secs] 337805K->201429K(1031552K), 0.0064870 secs] [Times: user=0.01 sys=0.00, real=0.01 secs] 
2016-08-24T16:56:04.142+0000: 10083.063: Total time for which application threads were stopped: 0.0073216 seconds, Stopping threads took: 0.0000999 seconds
2016-08-24T16:56:04.184+0000: 10083.105: [GC (Allocation Failure) 10083.106: [ParNew
Desired survivor size 8716288 bytes, new threshold 6 (max 6)
- age   1:      46904 bytes,      46904 total
- age   2:       1096 bytes,      48000 total
- age   3:         24 bytes,      48024 total
- age   4:     265048 bytes,     313072 total
- age   6:        968 bytes,     314040 total
: 136800K->330K(153344K), 0.0063963 secs] 337749K->201280K(1031552K), 0.0065060 secs] [Times: user=0.01 sys=0.00, real=0.01 secs] 
2016-08-24T16:56:04.191+0000: 10083.112: Total time for which application threads were stopped: 0.0073178 seconds, Stopping threads took: 0.0000914 seconds
2016-08-24T16:56:04.230+0000: 10083.152: [GC (Allocation Failure) 10083.152: [ParNew
Desired survivor size 8716288 bytes, new threshold 6 (max 6)
- age   1:      83256 bytes,      83256 total
- age   2:       3920 bytes,      87176 total
- age   3:       1096 bytes,      88272 total
- age   4:         24 bytes,      88296 total
- age   5:     265048 bytes,     353344 total
: 136650K->448K(153344K), 0.0063291 secs] 337600K->201399K(1031552K), 0.0064605 secs] [Times: user=0.01 sys=0.00, real=0.00 secs] 
2016-08-24T16:56:04.237+0000: 10083.159: Total time for which application threads were stopped: 0.0072765 seconds, Stopping threads took: 0.0000976 seconds
2016-08-24T16:56:04.278+0000: 10083.199: [GC (Allocation Failure) 10083.199: [ParNew
Desired survivor size 8716288 bytes, new threshold 6 (max 6)
- age   1:      58784 bytes,      58784 total
- age   3:       1000 bytes,      59784 total
- age   4:       1064 bytes,      60848 total
- age   5:         24 bytes,      60872 total
- age   6:     263232 bytes,     324104 total
: 136768K->486K(153344K), 0.0058194 secs] 337719K->201436K(1031552K), 0.0059372 secs] [Times: user=0.01 sys=0.00, real=0.01 secs] 
2016-08-24T16:56:04.284+0000: 10083.205: Total time for which application threads were stopped: 0.0067714 seconds, Stopping threads took: 0.0000994 seconds
2016-08-24T16:56:04.323+0000: 10083.244: [GC (Allocation Failure) 10083.244: [ParNew
Desired survivor size 8716288 bytes, new threshold 6 (max 6)
- age   1:      76472 bytes,      76472 total
- age   2:       5536 bytes,      82008 total
- age   4:       1000 bytes,      83008 total
- age   5:       1064 bytes,      84072 total
- age   6:         24 bytes,      84096 total
: 136806K->321K(153344K), 0.0058805 secs] 337756K->201533K(1031552K), 0.0059842 secs] [Times: user=0.02 sys=0.00, real=0.01 secs] 
2016-08-24T16:56:04.329+0000: 10083.250: Total time for which application threads were stopped: 0.0067814 seconds, Stopping threads took: 0.0001003 seconds
2016-08-24T16:56:04.371+0000: 10083.293: [GC (Allocation Failure) 10083.293: [ParNew
Desired survivor size 8716288 bytes, new threshold 6 (max 6)
- age   1:      54968 bytes,      54968 total
- age   3:       1000 bytes,      55968 total
- age   5:        968 bytes,      56936 total
- age   6:       1064 bytes,      58000 total
: 136641K->115K(153344K), 0.0054067 secs] 337853K->201327K(1031552K), 0.0055054 secs] [Times: user=0.01 sys=0.00, real=0.00 secs] 
2016-08-24T16:56:04.377+0000: 10083.298: Total time for which application threads were stopped: 0.0063013 seconds, Stopping threads took: 0.0000983 seconds
2016-08-24T16:56:04.416+0000: 10083.338: [GC (Allocation Failure) 10083.338: [ParNew
Desired survivor size 8716288 bytes, new threshold 6 (max 6)
- age   1:      61152 bytes,      61152 total
- age   2:       9064 bytes,      70216 total
- age   4:       1000 bytes,      71216 total
- age   6:        968 bytes,      72184 total
: 136435K->84K(153344K), 0.0053598 secs] 337647K->201298K(1031552K), 0.0054683 secs] [Times: user=0.01 sys=0.00, real=0.01 secs] 
2016-08-24T16:56:04.422+0000: 10083.343: Total time for which application threads were stopped: 0.0062685 seconds, Stopping threads took: 0.0001011 seconds
2016-08-24T16:56:04.463+0000: 10083.384: [GC (Allocation Failure) 10083.384: [ParNew
Desired survivor size 8716288 bytes, new threshold 6 (max 6)
- age   1:      76128 bytes,      76128 total
- age   3:       1000 bytes,      77128 total
- age   5:        968 bytes,      78096 total
: 136404K->104K(153344K), 0.0054297 secs] 337618K->201319K(1031552K), 0.0055303 secs] [Times: user=0.01 sys=0.00, real=0.01 secs] 
2016-08-24T16:56:04.468+0000: 10083.390: Total time for which application threads were stopped: 0.0063364 seconds, Stopping threads took: 0.0001041 seconds
2016-08-24T16:56:04.507+0000: 10083.429: [GC (Allocation Failure) 10083.429: [ParNew
Desired survivor size 8716288 bytes, new threshold 6 (max 6)
- age   1:      79000 bytes,      79000 total
- age   2:      12560 bytes,      91560 total
- age   4:       1000 bytes,      92560 total
- age   6:        968 bytes,      93528 total
: 136424K->108K(153344K), 0.0057803 secs] 337639K->201323K(1031552K), 0.0059197 secs] [Times: user=0.01 sys=0.00, real=0.01 secs] 
2016-08-24T16:56:04.513+0000: 10083.435: Total time for which application threads were stopped: 0.0068201 seconds, Stopping threads took: 0.0001481 seconds
2016-08-24T16:56:13.671+0000: 10092.593: Total time for which application threads were stopped: 0.0006470 seconds, Stopping threads took: 0.0001060 seconds
2016-08-24T16:56:13.672+0000: 10092.593: Total time for which application threads were stopped: 0.0003241 seconds, Stopping threads took: 0.0000485 seconds
2016-08-24T16:56:13.672+0000: 10092.594: Total time for which application threads were stopped: 0.0003301 seconds, Stopping threads took: 0.0000488 seconds
2016-08-24T16:56:13.889+0000: 10092.810: [GC (Allocation Failure) 10092.810: [ParNew
Desired survivor size 8716288 bytes, new threshold 6 (max 6)
- age   1:     904536 bytes,     904536 total
- age   3:        968 bytes,     905504 total
- age   5:        968 bytes,     906472 total
: 136428K->896K(153344K), 0.0078498 secs] 337643K->202112K(1031552K), 0.0079640 secs] [Times: user=0.01 sys=0.00, real=0.00 secs] 
2016-08-24T16:56:13.897+0000: 10092.818: Total time for which application threads were stopped: 0.0125996 seconds, Stopping threads took: 0.0039213 seconds
2016-08-24T16:56:13.937+0000: 10092.858: [GC (Allocation Failure) 10092.858: [ParNew
Desired survivor size 8716288 bytes, new threshold 6 (max 6)
- age   1:      69976 bytes,      69976 total
- age   2:     230520 bytes,     300496 total
- age   4:        968 bytes,     301464 total
- age   6:        968 bytes,     302432 total
: 137216K->440K(153344K), 0.0058170 secs] 338432K->201655K(1031552K), 0.0059211 secs] [Times: user=0.01 sys=0.00, real=0.01 secs] 
2016-08-24T16:56:13.943+0000: 10092.864: Total time for which application threads were stopped: 0.0067496 seconds, Stopping threads took: 0.0001145 seconds
2016-08-24T16:56:13.984+0000: 10092.905: [GC (Allocation Failure) 10092.906: [ParNew
Desired survivor size 8716288 bytes, new threshold 6 (max 6)
- age   1:      76920 bytes,      76920 total
- age   2:       1008 bytes,      77928 total
- age   3:     217264 bytes,     295192 total
- age   5:        968 bytes,     296160 total
: 136760K->381K(153344K), 0.0058921 secs] 337975K->201597K(1031552K), 0.0059963 secs] [Times: user=0.01 sys=0.00, real=0.01 secs] 
2016-08-24T16:56:13.990+0000: 10092.912: Total time for which application threads were stopped: 0.0068063 seconds, Stopping threads took: 0.0001008 seconds
2016-08-24T16:56:14.030+0000: 10092.951: [GC (Allocation Failure) 10092.951: [ParNew
Desired survivor size 8716288 bytes, new threshold 6 (max 6)
- age   1:      79528 bytes,      79528 total
- age   2:      14560 bytes,      94088 total
- age   3:       1008 bytes,      95096 total
- age   4:     217264 bytes,     312360 total
- age   6:        968 bytes,     313328 total
: 136701K->405K(153344K), 0.0057037 secs] 337917K->201622K(1031552K), 0.0058142 secs] [Times: user=0.02 sys=0.00, real=0.00 secs] 
2016-08-24T16:56:14.036+0000: 10092.957: Total time for which application threads were stopped: 0.0066453 seconds, Stopping threads took: 0.0001001 seconds
2016-08-24T16:56:14.077+0000: 10092.999: [GC (Allocation Failure) 10092.999: [ParNew
Desired survivor size 8716288 bytes, new threshold 6 (max 6)
- age   1:      59352 bytes,      59352 total
- age   3:       1096 bytes,      60448 total
- age   4:       1008 bytes,      61456 total
- age   5:     215416 bytes,     276872 total
: 136725K->435K(153344K), 0.0059691 secs] 337942K->201652K(1031552K), 0.0060767 secs] [Times: user=0.01 sys=0.00, real=0.01 secs] 
2016-08-24T16:56:14.083+0000: 10093.005: Total time for which application threads were stopped: 0.0069471 seconds, Stopping threads took: 0.0001228 seconds
2016-08-24T16:56:14.123+0000: 10093.044: [GC (Allocation Failure) 10093.044: [ParNew
Desired survivor size 8716288 bytes, new threshold 6 (max 6)
- age   1:      66080 bytes,      66080 total
- age   2:      17760 bytes,      83840 total
- age   4:       1096 bytes,      84936 total
- age   5:       1008 bytes,      85944 total
- age   6:     215416 bytes,     301360 total
: 136755K->344K(153344K), 0.0054661 secs] 337972K->201561K(1031552K), 0.0055927 secs] [Times: user=0.01 sys=0.00, real=0.01 secs] 
2016-08-24T16:56:14.129+0000: 10093.050: Total time for which application threads were stopped: 0.0064104 seconds, Stopping threads took: 0.0001023 seconds
2016-08-24T16:56:14.170+0000: 10093.091: [GC (Allocation Failure) 10093.091: [ParNew
Desired survivor size 8716288 bytes, new threshold 6 (max 6)
- age   1:      61040 bytes,      61040 total
- age   3:       1000 bytes,      62040 total
- age   5:       1064 bytes,      63104 total
- age   6:       1008 bytes,      64112 total
: 136664K->267K(153344K), 0.0061068 secs] 337881K->201698K(1031552K), 0.0062183 secs] [Times: user=0.01 sys=0.00, real=0.00 secs] 
2016-08-24T16:56:14.176+0000: 10093.098: Total time for which application threads were stopped: 0.0070477 seconds, Stopping threads took: 0.0000999 seconds
2016-08-24T16:56:14.216+0000: 10093.137: [GC (Allocation Failure) 10093.137: [ParNew
Desired survivor size 8716288 bytes, new threshold 6 (max 6)
- age   1:      90600 bytes,      90600 total
- age   2:      20768 bytes,     111368 total
- age   4:       1000 bytes,     112368 total
- age   6:       1064 bytes,     113432 total
: 136587K->164K(153344K), 0.0052905 secs] 338018K->201595K(1031552K), 0.0053934 secs] [Times: user=0.01 sys=0.00, real=0.01 secs] 
2016-08-24T16:56:14.221+0000: 10093.143: Total time for which application threads were stopped: 0.0062086 seconds, Stopping threads took: 0.0001000 seconds
2016-08-24T16:56:14.262+0000: 10093.184: [GC (Allocation Failure) 10093.184: [ParNew
Desired survivor size 8716288 bytes, new threshold 6 (max 6)
- age   1:      83472 bytes,      83472 total
- age   3:       1000 bytes,      84472 total
- age   5:        968 bytes,      85440 total
: 136484K->106K(153344K), 0.0054761 secs] 337915K->201539K(1031552K), 0.0055787 secs] [Times: user=0.01 sys=0.00, real=0.01 secs] 
2016-08-24T16:56:14.268+0000: 10093.190: Total time for which application threads were stopped: 0.0064370 seconds, Stopping threads took: 0.0001024 seconds
2016-08-24T16:56:14.309+0000: 10093.231: [GC (Allocation Failure) 10093.231: [ParNew
Desired survivor size 8716288 bytes, new threshold 6 (max 6)
- age   1:      59840 bytes,      59840 total
- age   2:       6368 bytes,      66208 total
- age   4:        968 bytes,      67176 total
- age   6:        968 bytes,      68144 total
: 136426K->77K(153344K), 0.0053706 secs] 337859K->201510K(1031552K), 0.0054896 secs] [Times: user=0.01 sys=0.00, real=0.00 secs] 
2016-08-24T16:56:14.315+0000: 10093.237: Total time for which application threads were stopped: 0.0063733 seconds, Stopping threads took: 0.0000958 seconds
2016-08-24T16:56:14.353+0000: 10093.274: [GC (Allocation Failure) 10093.274: [ParNew
Desired survivor size 8716288 bytes, new threshold 6 (max 6)
- age   1:      68056 bytes,      68056 total
- age   2:       5152 bytes,      73208 total
- age   3:       6368 bytes,      79576 total
- age   5:        968 bytes,      80544 total
: 136397K->85K(153344K), 0.0086933 secs] 337830K->201518K(1031552K), 0.0087927 secs] [Times: user=0.02 sys=0.00, real=0.01 secs] 
2016-08-24T16:56:14.361+0000: 10093.283: Total time for which application threads were stopped: 0.0096514 seconds, Stopping threads took: 0.0000996 seconds
2016-08-24T16:56:16.815+0000: 10095.736: Total time for which application threads were stopped: 0.0006170 seconds, Stopping threads took: 0.0000888 seconds
2016-08-24T16:56:16.817+0000: 10095.738: Total time for which application threads were stopped: 0.0022312 seconds, Stopping threads took: 0.0000558 seconds
2016-08-24T16:56:16.817+0000: 10095.739: Total time for which application threads were stopped: 0.0004394 seconds, Stopping threads took: 0.0000725 seconds
2016-08-24T16:56:19.822+0000: 10098.744: Total time for which application threads were stopped: 0.0041183 seconds, Stopping threads took: 0.0025020 seconds
2016-08-24T16:56:23.810+0000: 10102.732: [GC (Allocation Failure) 10102.732: [ParNew
Desired survivor size 8716288 bytes, new threshold 6 (max 6)
- age   1:    1543632 bytes,    1543632 total
- age   3:        968 bytes,    1544600 total
- age   4:       4792 bytes,    1549392 total
- age   6:        968 bytes,    1550360 total
: 136405K->1549K(153344K), 0.0105056 secs] 337838K->202983K(1031552K), 0.0106851 secs] [Times: user=0.01 sys=0.00, real=0.01 secs] 
2016-08-24T16:56:23.821+0000: 10102.743: Total time for which application threads were stopped: 0.0116652 seconds, Stopping threads took: 0.0001160 seconds
2016-08-24T16:56:23.859+0000: 10102.781: [GC (Allocation Failure) 10102.781: [ParNew
Desired survivor size 8716288 bytes, new threshold 6 (max 6)
- age   1:      63696 bytes,      63696 total
- age   2:     372928 bytes,     436624 total
- age   4:        968 bytes,     437592 total
- age   5:       1056 bytes,     438648 total
: 137869K->649K(153344K), 0.0060144 secs] 339303K->202084K(1031552K), 0.0061214 secs] [Times: user=0.01 sys=0.00, real=0.01 secs] 
2016-08-24T16:56:23.865+0000: 10102.787: Total time for which application threads were stopped: 0.0069391 seconds, Stopping threads took: 0.0001192 seconds
2016-08-24T16:56:23.906+0000: 10102.827: [GC (Allocation Failure) 10102.827: [ParNew
Desired survivor size 8716288 bytes, new threshold 6 (max 6)
- age   1:      47648 bytes,      47648 total
- age   2:        544 bytes,      48192 total
- age   3:     367496 bytes,     415688 total
- age   5:        968 bytes,     416656 total
- age   6:       1056 bytes,     417712 total
: 136969K->591K(153344K), 0.0055165 secs] 338404K->202025K(1031552K), 0.0056249 secs] [Times: user=0.01 sys=0.00, real=0.01 secs] 
2016-08-24T16:56:23.912+0000: 10102.833: Total time for which application threads were stopped: 0.0064135 seconds, Stopping threads took: 0.0000957 seconds
2016-08-24T16:56:23.951+0000: 10102.873: [GC (Allocation Failure) 10102.873: [ParNew
Desired survivor size 8716288 bytes, new threshold 6 (max 6)
- age   1:      63784 bytes,      63784 total
- age   2:       5632 bytes,      69416 total
- age   3:        544 bytes,      69960 total
- age   4:     367496 bytes,     437456 total
- age   6:        968 bytes,     438424 total
: 136911K->594K(153344K), 0.0059462 secs] 338345K->202030K(1031552K), 0.0060521 secs] [Times: user=0.01 sys=0.00, real=0.00 secs] 
2016-08-24T16:56:23.957+0000: 10102.879: Total time for which application threads were stopped: 0.0068776 seconds, Stopping threads took: 0.0001009 seconds
2016-08-24T16:56:23.998+0000: 10102.919: [GC (Allocation Failure) 10102.919: [ParNew
Desired survivor size 8716288 bytes, new threshold 6 (max 6)
- age   1:      73664 bytes,      73664 total
- age   3:       1096 bytes,      74760 total
- age   4:        544 bytes,      75304 total
- age   5:     365648 bytes,     440952 total
: 136914K->618K(153344K), 0.0055237 secs] 338350K->202054K(1031552K), 0.0056395 secs] [Times: user=0.01 sys=0.00, real=0.01 secs] 
2016-08-24T16:56:24.003+0000: 10102.925: Total time for which application threads were stopped: 0.0064346 seconds, Stopping threads took: 0.0000988 seconds
2016-08-24T16:56:24.042+0000: 10102.964: [GC (Allocation Failure) 10102.964: [ParNew
Desired survivor size 8716288 bytes, new threshold 6 (max 6)
- age   1:      80248 bytes,      80248 total
- age   2:       9064 bytes,      89312 total
- age   4:       1096 bytes,      90408 total
- age   5:        544 bytes,      90952 total
- age   6:     365648 bytes,     456600 total
: 136938K->624K(153344K), 0.0063288 secs] 338374K->202061K(1031552K), 0.0064480 secs] [Times: user=0.01 sys=0.00, real=0.01 secs] 
2016-08-24T16:56:24.049+0000: 10102.970: Total time for which application threads were stopped: 0.0072700 seconds, Stopping threads took: 0.0001000 seconds
2016-08-24T16:56:24.089+0000: 10103.010: [GC (Allocation Failure) 10103.010: [ParNew
Desired survivor size 8716288 bytes, new threshold 6 (max 6)
- age   1:      60568 bytes,      60568 total
- age   3:       1000 bytes,      61568 total
- age   5:       1064 bytes,      62632 total
- age   6:        544 bytes,      63176 total
: 136944K->443K(153344K), 0.0074498 secs] 338381K->202242K(1031552K), 0.0075922 secs] [Times: user=0.02 sys=0.00, real=0.00 secs] 
2016-08-24T16:56:24.097+0000: 10103.018: Total time for which application threads were stopped: 0.0084308 seconds, Stopping threads took: 0.0000996 seconds
2016-08-24T16:56:24.137+0000: 10103.059: [GC (Allocation Failure) 10103.059: [ParNew
Desired survivor size 8716288 bytes, new threshold 6 (max 6)
- age   1:      66696 bytes,      66696 total
- age   2:      12560 bytes,      79256 total
- age   4:       1000 bytes,      80256 total
- age   6:       1064 bytes,      81320 total
: 136763K->143K(153344K), 0.0061900 secs] 338562K->201942K(1031552K), 0.0063117 secs] [Times: user=0.01 sys=0.00, real=0.01 secs] 
2016-08-24T16:56:24.144+0000: 10103.065: Total time for which application threads were stopped: 0.0071667 seconds, Stopping threads took: 0.0000996 seconds
2016-08-24T16:56:24.186+0000: 10103.108: [GC (Allocation Failure) 10103.108: [ParNew
Desired survivor size 8716288 bytes, new threshold 6 (max 6)
- age   1:      63800 bytes,      63800 total
- age   3:       1000 bytes,      64800 total
- age   5:        968 bytes,      65768 total
: 136463K->98K(153344K), 0.0064325 secs] 338262K->201899K(1031552K), 0.0065569 secs] [Times: user=0.01 sys=0.00, real=0.01 secs] 
2016-08-24T16:56:24.193+0000: 10103.114: Total time for which application threads were stopped: 0.0074183 seconds, Stopping threads took: 0.0000950 seconds
2016-08-24T16:56:24.234+0000: 10103.156: [GC (Allocation Failure) 10103.156: [ParNew
Desired survivor size 8716288 bytes, new threshold 6 (max 6)
- age   1:      89584 bytes,      89584 total
- age   2:      14792 bytes,     104376 total
- age   4:       1000 bytes,     105376 total
- age   6:        968 bytes,     106344 total
: 136418K->110K(153344K), 0.0061742 secs] 338219K->201911K(1031552K), 0.0062659 secs] [Times: user=0.01 sys=0.00, real=0.01 secs] 
2016-08-24T16:56:24.241+0000: 10103.162: Total time for which application threads were stopped: 0.0070590 seconds, Stopping threads took: 0.0001031 seconds
2016-08-24T16:56:24.285+0000: 10103.206: [GC (Allocation Failure) 10103.206: [ParNew
Desired survivor size 8716288 bytes, new threshold 6 (max 6)
- age   1:      63568 bytes,      63568 total
- age   3:       1000 bytes,      64568 total
- age   5:        968 bytes,      65536 total
: 136430K->92K(153344K), 0.0058346 secs] 338231K->201894K(1031552K), 0.0059270 secs] [Times: user=0.01 sys=0.00, real=0.01 secs] 
2016-08-24T16:56:24.291+0000: 10103.212: Total time for which application threads were stopped: 0.0067725 seconds, Stopping threads took: 0.0001026 seconds
2016-08-24T16:56:24.329+0000: 10103.250: [GC (Allocation Failure) 10103.250: [ParNew
Desired survivor size 8716288 bytes, new threshold 6 (max 6)
- age   1:      76832 bytes,      76832 total
- age   2:      18536 bytes,      95368 total
- age   4:       1000 bytes,      96368 total
- age   6:        968 bytes,      97336 total
: 136412K->109K(153344K), 0.0059401 secs] 338214K->201910K(1031552K), 0.0060517 secs] [Times: user=0.01 sys=0.00, real=0.00 secs] 
2016-08-24T16:56:24.335+0000: 10103.256: Total time for which application threads were stopped: 0.0069231 seconds, Stopping threads took: 0.0001155 seconds
2016-08-24T16:56:33.843+0000: 10112.764: [GC (Allocation Failure) 10112.764: [ParNew
Desired survivor size 8716288 bytes, new threshold 6 (max 6)
- age   1:     956920 bytes,     956920 total
- age   3:        968 bytes,     957888 total
- age   5:        968 bytes,     958856 total
: 136429K->941K(153344K), 0.0078777 secs] 338230K->202743K(1031552K), 0.0079956 secs] [Times: user=0.01 sys=0.00, real=0.01 secs] 
2016-08-24T16:56:33.851+0000: 10112.773: Total time for which application threads were stopped: 0.0088061 seconds, Stopping threads took: 0.0001025 seconds
2016-08-24T16:56:33.891+0000: 10112.812: [GC (Allocation Failure) 10112.812: [ParNew
Desired survivor size 8716288 bytes, new threshold 6 (max 6)
- age   1:      64216 bytes,      64216 total
- age   2:     278056 bytes,     342272 total
- age   4:        968 bytes,     343240 total
- age   6:        968 bytes,     344208 total
: 137261K->525K(153344K), 0.0058535 secs] 339063K->202328K(1031552K), 0.0059712 secs] [Times: user=0.02 sys=0.00, real=0.00 secs] 
2016-08-24T16:56:33.897+0000: 10112.818: Total time for which application threads were stopped: 0.0067766 seconds, Stopping threads took: 0.0001011 seconds
2016-08-24T16:56:33.936+0000: 10112.857: [GC (Allocation Failure) 10112.858: [ParNew
Desired survivor size 8716288 bytes, new threshold 6 (max 6)
- age   1:      75464 bytes,      75464 total
- age   3:     258168 bytes,     333632 total
- age   5:        968 bytes,     334600 total
: 136845K->465K(153344K), 0.0058751 secs] 338648K->202269K(1031552K), 0.0059790 secs] [Times: user=0.01 sys=0.00, real=0.01 secs] 
2016-08-24T16:56:33.942+0000: 10112.864: Total time for which application threads were stopped: 0.0067969 seconds, Stopping threads took: 0.0000993 seconds
2016-08-24T16:56:33.980+0000: 10112.901: [GC (Allocation Failure) 10112.901: [ParNew
Desired survivor size 8716288 bytes, new threshold 6 (max 6)
- age   1:      65864 bytes,      65864 total
- age   2:      22344 bytes,      88208 total
- age   4:     258168 bytes,     346376 total
- age   6:        968 bytes,     347344 total
: 136785K->473K(153344K), 0.0065545 secs] 338589K->202276K(1031552K), 0.0066643 secs] [Times: user=0.01 sys=0.00, real=0.01 secs] 
2016-08-24T16:56:33.986+0000: 10112.908: Total time for which application threads were stopped: 0.0075045 seconds, Stopping threads took: 0.0001038 seconds
2016-08-24T16:56:34.027+0000: 10112.949: [GC (Allocation Failure) 10112.949: [ParNew
Desired survivor size 8716288 bytes, new threshold 6 (max 6)
- age   1:      82328 bytes,      82328 total
- age   3:       2072 bytes,      84400 total
- age   5:     256320 bytes,     340720 total
: 136793K->485K(153344K), 0.0064449 secs] 338596K->202289K(1031552K), 0.0065555 secs] [Times: user=0.01 sys=0.00, real=0.01 secs] 
2016-08-24T16:56:34.034+0000: 10112.955: Total time for which application threads were stopped: 0.0073795 seconds, Stopping threads took: 0.0000996 seconds
2016-08-24T16:56:34.074+0000: 10112.996: [GC (Allocation Failure) 10112.996: [ParNew
Desired survivor size 8716288 bytes, new threshold 6 (max 6)
- age   1:      62472 bytes,      62472 total
- age   2:       1000 bytes,      63472 total
- age   4:       2040 bytes,      65512 total
- age   6:     254504 bytes,     320016 total
: 136805K->332K(153344K), 0.0066287 secs] 338609K->202136K(1031552K), 0.0067544 secs] [Times: user=0.02 sys=0.00, real=0.01 secs] 
2016-08-24T16:56:34.081+0000: 10113.003: Total time for which application threads were stopped: 0.0076022 seconds, Stopping threads took: 0.0000984 seconds
2016-08-24T16:56:34.122+0000: 10113.044: [GC (Allocation Failure) 10113.044: [ParNew
Desired survivor size 8716288 bytes, new threshold 6 (max 6)
- age   1:      64968 bytes,      64968 total
- age   2:       5536 bytes,      70504 total
- age   3:       1000 bytes,      71504 total
- age   5:       2040 bytes,      73544 total
: 136652K->316K(153344K), 0.0069570 secs] 338456K->202375K(1031552K), 0.0070585 secs] [Times: user=0.01 sys=0.00, real=0.01 secs] 
2016-08-24T16:56:34.130+0000: 10113.051: Total time for which application threads were stopped: 0.0079001 seconds, Stopping threads took: 0.0001151 seconds
2016-08-24T16:56:34.172+0000: 10113.093: [GC (Allocation Failure) 10113.093: [ParNew
Desired survivor size 8716288 bytes, new threshold 6 (max 6)
- age   1:      59760 bytes,      59760 total
- age   3:       1000 bytes,      60760 total
- age   4:        968 bytes,      61728 total
- age   6:       2040 bytes,      63768 total
: 136636K->112K(153344K), 0.0065492 secs] 338695K->202171K(1031552K), 0.0066706 secs] [Times: user=0.01 sys=0.00, real=0.00 secs] 
2016-08-24T16:56:34.179+0000: 10113.100: Total time for which application threads were stopped: 0.0075584 seconds, Stopping threads took: 0.0001243 seconds
2016-08-24T16:56:34.220+0000: 10113.141: [GC (Allocation Failure) 10113.141: [ParNew
Desired survivor size 8716288 bytes, new threshold 6 (max 6)
- age   1:      64400 bytes,      64400 total
- age   2:       8888 bytes,      73288 total
- age   4:       1000 bytes,      74288 total
- age   5:        968 bytes,      75256 total
: 136432K->87K(153344K), 0.0062099 secs] 338491K->202148K(1031552K), 0.0063157 secs] [Times: user=0.01 sys=0.00, real=0.01 secs] 
2016-08-24T16:56:34.226+0000: 10113.148: Total time for which application threads were stopped: 0.0071374 seconds, Stopping threads took: 0.0001044 seconds
2016-08-24T16:56:34.268+0000: 10113.189: [GC (Allocation Failure) 10113.190: [ParNew
Desired survivor size 8716288 bytes, new threshold 6 (max 6)
- age   1:      58800 bytes,      58800 total
- age   3:       1000 bytes,      59800 total
- age   5:        968 bytes,      60768 total
- age   6:        968 bytes,      61736 total
: 136407K->88K(153344K), 0.0062935 secs] 338468K->202149K(1031552K), 0.0064151 secs] [Times: user=0.02 sys=0.00, real=0.01 secs] 
2016-08-24T16:56:34.275+0000: 10113.196: Total time for which application threads were stopped: 0.0072679 seconds, Stopping threads took: 0.0001014 seconds
2016-08-24T16:56:34.313+0000: 10113.235: [GC (Allocation Failure) 10113.235: [ParNew
Desired survivor size 8716288 bytes, new threshold 6 (max 6)
- age   1:      79632 bytes,      79632 total
- age   2:      12392 bytes,      92024 total
- age   4:       1000 bytes,      93024 total
- age   6:        968 bytes,      93992 total
: 136408K->102K(153344K), 0.0057847 secs] 338469K->202164K(1031552K), 0.0058845 secs] [Times: user=0.01 sys=0.00, real=0.00 secs] 
2016-08-24T16:56:34.319+0000: 10113.241: Total time for which application threads were stopped: 0.0066906 seconds, Stopping threads took: 0.0000996 seconds
2016-08-24T16:56:35.322+0000: 10114.243: Total time for which application threads were stopped: 0.0019174 seconds, Stopping threads took: 0.0002657 seconds
2016-08-24T16:56:44.439+0000: 10123.360: [GC (Allocation Failure) 10123.360: [ParNew
Desired survivor size 8716288 bytes, new threshold 6 (max 6)
- age   1:    1180088 bytes,    1180088 total
- age   3:        968 bytes,    1181056 total
- age   5:        968 bytes,    1182024 total
: 136422K->1164K(153344K), 0.0085232 secs] 338484K->203227K(1031552K), 0.0086586 secs] [Times: user=0.01 sys=0.00, real=0.01 secs] 
2016-08-24T16:56:44.447+0000: 10123.369: Total time for which application threads were stopped: 0.0095211 seconds, Stopping threads took: 0.0001055 seconds
2016-08-24T16:56:44.488+0000: 10123.409: [GC (Allocation Failure) 10123.409: [ParNew
Desired survivor size 8716288 bytes, new threshold 6 (max 6)
- age   1:      69976 bytes,      69976 total
- age   2:     392128 bytes,     462104 total
- age   4:        968 bytes,     463072 total
- age   6:        968 bytes,     464040 total
: 137484K->584K(153344K), 0.0061032 secs] 339547K->202646K(1031552K), 0.0062624 secs] [Times: user=0.02 sys=0.00, real=0.01 secs] 
2016-08-24T16:56:44.494+0000: 10123.416: Total time for which application threads were stopped: 0.0072053 seconds, Stopping threads took: 0.0000908 seconds
2016-08-24T16:56:44.535+0000: 10123.456: [GC (Allocation Failure) 10123.456: [ParNew
Desired survivor size 8716288 bytes, new threshold 6 (max 6)
- age   1:      76024 bytes,      76024 total
- age   2:         72 bytes,      76096 total
- age   3:     379784 bytes,     455880 total
- age   5:        968 bytes,     456848 total
: 136904K->607K(153344K), 0.0060202 secs] 338966K->202670K(1031552K), 0.0061239 secs] [Times: user=0.01 sys=0.00, real=0.01 secs] 
2016-08-24T16:56:44.541+0000: 10123.463: Total time for which application threads were stopped: 0.0069555 seconds, Stopping threads took: 0.0001021 seconds
2016-08-24T16:56:44.581+0000: 10123.502: [GC (Allocation Failure) 10123.502: [ParNew
Desired survivor size 8716288 bytes, new threshold 6 (max 6)
- age   1:      67888 bytes,      67888 total
- age   2:      14304 bytes,      82192 total
- age   3:         72 bytes,      82264 total
- age   4:     379784 bytes,     462048 total
- age   6:        968 bytes,     463016 total
: 136927K->639K(153344K), 0.0063924 secs] 338990K->202702K(1031552K), 0.0065187 secs] [Times: user=0.01 sys=0.00, real=0.00 secs] 
2016-08-24T16:56:44.587+0000: 10123.509: Total time for which application threads were stopped: 0.0075390 seconds, Stopping threads took: 0.0001091 seconds
2016-08-24T16:56:44.630+0000: 10123.551: [GC (Allocation Failure) 10123.552: [ParNew
Desired survivor size 8716288 bytes, new threshold 6 (max 6)
- age   1:      85256 bytes,      85256 total
- age   3:       1096 bytes,      86352 total
- age   4:         72 bytes,      86424 total
- age   5:     377936 bytes,     464360 total
: 136959K->655K(153344K), 0.0061599 secs] 339022K->202719K(1031552K), 0.0063168 secs] [Times: user=0.02 sys=0.00, real=0.00 secs] 
2016-08-24T16:56:44.636+0000: 10123.558: Total time for which application threads were stopped: 0.0072402 seconds, Stopping threads took: 0.0001208 seconds
2016-08-24T16:56:44.676+0000: 10123.598: [GC (Allocation Failure) 10123.598: [ParNew
Desired survivor size 8716288 bytes, new threshold 6 (max 6)
- age   1:      70336 bytes,      70336 total
- age   2:      17280 bytes,      87616 total
- age   4:       1096 bytes,      88712 total
- age   5:         72 bytes,      88784 total
- age   6:     377936 bytes,     466720 total
: 136975K->662K(153344K), 0.0067434 secs] 339039K->202727K(1031552K), 0.0068812 secs] [Times: user=0.01 sys=0.00, real=0.01 secs] 
2016-08-24T16:56:44.683+0000: 10123.605: Total time for which application threads were stopped: 0.0079195 seconds, Stopping threads took: 0.0001325 seconds
2016-08-24T16:56:44.732+0000: 10123.653: [GC (Allocation Failure) 10123.653: [ParNew
Desired survivor size 8716288 bytes, new threshold 6 (max 6)
- age   1:      71888 bytes,      71888 total
- age   3:       1000 bytes,      72888 total
- age   5:       1064 bytes,      73952 total
- age   6:         72 bytes,      74024 total
: 136982K->454K(153344K), 0.0066473 secs] 339047K->202892K(1031552K), 0.0067663 secs] [Times: user=0.02 sys=0.00, real=0.00 secs] 
2016-08-24T16:56:44.739+0000: 10123.660: Total time for which application threads were stopped: 0.0076144 seconds, Stopping threads took: 0.0001255 seconds
2016-08-24T16:56:44.778+0000: 10123.700: [GC (Allocation Failure) 10123.700: [ParNew
Desired survivor size 8716288 bytes, new threshold 6 (max 6)
- age   1:      84288 bytes,      84288 total
- age   2:      20016 bytes,     104304 total
- age   4:       1000 bytes,     105304 total
- age   6:       1064 bytes,     106368 total
: 136774K->203K(153344K), 0.0054905 secs] 339212K->202641K(1031552K), 0.0056135 secs] [Times: user=0.01 sys=0.00, real=0.01 secs] 
2016-08-24T16:56:44.784+0000: 10123.706: Total time for which application threads were stopped: 0.0064857 seconds, Stopping threads took: 0.0000944 seconds
2016-08-24T16:56:44.826+0000: 10123.748: [GC (Allocation Failure) 10123.748: [ParNew
Desired survivor size 8716288 bytes, new threshold 6 (max 6)
- age   1:      68120 bytes,      68120 total
- age   3:       1000 bytes,      69120 total
- age   5:        968 bytes,      70088 total
: 136523K->118K(153344K), 0.0055844 secs] 338961K->202557K(1031552K), 0.0056964 secs] [Times: user=0.01 sys=0.00, real=0.01 secs] 
2016-08-24T16:56:44.832+0000: 10123.754: Total time for which application threads were stopped: 0.0064612 seconds, Stopping threads took: 0.0000953 seconds
2016-08-24T16:56:44.873+0000: 10123.794: [GC (Allocation Failure) 10123.794: [ParNew
Desired survivor size 8716288 bytes, new threshold 6 (max 6)
- age   1:      67640 bytes,      67640 total
- age   2:       1000 bytes,      68640 total
- age   4:        968 bytes,      69608 total
- age   6:        968 bytes,      70576 total
: 136438K->77K(153344K), 0.0056420 secs] 338877K->202516K(1031552K), 0.0057485 secs] [Times: user=0.01 sys=0.00, real=0.00 secs] 
2016-08-24T16:56:44.879+0000: 10123.800: Total time for which application threads were stopped: 0.0066016 seconds, Stopping threads took: 0.0001227 seconds
2016-08-24T16:56:44.919+0000: 10123.841: [GC (Allocation Failure) 10123.841: [ParNew
Desired survivor size 8716288 bytes, new threshold 6 (max 6)
- age   1:      64896 bytes,      64896 total
- age   2:       4856 bytes,      69752 total
- age   3:       1000 bytes,      70752 total
- age   5:        968 bytes,      71720 total
: 136397K->79K(153344K), 0.0056299 secs] 338836K->202519K(1031552K), 0.0057572 secs] [Times: user=0.01 sys=0.00, real=0.01 secs] 
2016-08-24T16:56:44.925+0000: 10123.846: Total time for which application threads were stopped: 0.0066040 seconds, Stopping threads took: 0.0001028 seconds
2016-08-24T16:56:54.328+0000: 10133.249: [GC (Allocation Failure) 10133.249: [ParNew
Desired survivor size 8716288 bytes, new threshold 6 (max 6)
- age   1:    1103832 bytes,    1103832 total
- age   3:        968 bytes,    1104800 total
- age   4:        968 bytes,    1105768 total
- age   6:        968 bytes,    1106736 total
: 136399K->1104K(153344K), 0.0093205 secs] 338839K->203544K(1031552K), 0.0094601 secs] [Times: user=0.01 sys=0.00, real=0.01 secs] 
2016-08-24T16:56:54.337+0000: 10133.259: Total time for which application threads were stopped: 0.0103825 seconds, Stopping threads took: 0.0001090 seconds
2016-08-24T16:56:54.381+0000: 10133.302: [GC (Allocation Failure) 10133.302: [ParNew
Desired survivor size 8716288 bytes, new threshold 6 (max 6)
- age   1:      73664 bytes,      73664 total
- age   2:     319256 bytes,     392920 total
- age   4:        968 bytes,     393888 total
- age   5:        968 bytes,     394856 total
: 137424K->501K(153344K), 0.0061605 secs] 339864K->202942K(1031552K), 0.0062667 secs] [Times: user=0.01 sys=0.00, real=0.00 secs] 
2016-08-24T16:56:54.387+0000: 10133.309: Total time for which application threads were stopped: 0.0070756 seconds, Stopping threads took: 0.0000967 seconds
2016-08-24T16:56:54.429+0000: 10133.350: [GC (Allocation Failure) 10133.350: [ParNew
Desired survivor size 8716288 bytes, new threshold 6 (max 6)
- age   1:      67368 bytes,      67368 total
- age   2:        232 bytes,      67600 total
- age   3:     313528 bytes,     381128 total
- age   5:        968 bytes,     382096 total
- age   6:        968 bytes,     383064 total
: 136821K->516K(153344K), 0.0061394 secs] 339262K->202958K(1031552K), 0.0062461 secs] [Times: user=0.01 sys=0.00, real=0.00 secs] 
2016-08-24T16:56:54.435+0000: 10133.357: Total time for which application threads were stopped: 0.0070891 seconds, Stopping threads took: 0.0001008 seconds
2016-08-24T16:56:54.475+0000: 10133.397: [GC (Allocation Failure) 10133.397: [ParNew
Desired survivor size 8716288 bytes, new threshold 6 (max 6)
- age   1:      83776 bytes,      83776 total
- age   2:       7648 bytes,      91424 total
- age   3:        232 bytes,      91656 total
- age   4:     313472 bytes,     405128 total
- age   6:        968 bytes,     406096 total
: 136836K->538K(153344K), 0.0067375 secs] 339278K->202981K(1031552K), 0.0068538 secs] [Times: user=0.01 sys=0.00, real=0.01 secs] 
2016-08-24T16:56:54.482+0000: 10133.404: Total time for which application threads were stopped: 0.0076688 seconds, Stopping threads took: 0.0001022 seconds
2016-08-24T16:56:54.522+0000: 10133.443: [GC (Allocation Failure) 10133.443: [ParNew
Desired survivor size 8716288 bytes, new threshold 6 (max 6)
- age   1:      50472 bytes,      50472 total
- age   3:       1096 bytes,      51568 total
- age   4:        232 bytes,      51800 total
- age   5:     311624 bytes,     363424 total
: 136858K->566K(153344K), 0.0060102 secs] 339301K->203010K(1031552K), 0.0061299 secs] [Times: user=0.01 sys=0.00, real=0.00 secs] 
2016-08-24T16:56:54.528+0000: 10133.450: Total time for which application threads were stopped: 0.0069836 seconds, Stopping threads took: 0.0001023 seconds
2016-08-24T16:56:54.568+0000: 10133.489: [GC (Allocation Failure) 10133.489: [ParNew
Desired survivor size 8716288 bytes, new threshold 6 (max 6)
- age   1:      80984 bytes,      80984 total
- age   2:      10288 bytes,      91272 total
- age   4:       1096 bytes,      92368 total
- age   5:        160 bytes,      92528 total
- age   6:     311488 bytes,     404016 total
: 136886K->529K(153344K), 0.0059540 secs] 339330K->202972K(1031552K), 0.0060684 secs] [Times: user=0.01 sys=0.00, real=0.01 secs] 
2016-08-24T16:56:54.574+0000: 10133.495: Total time for which application threads were stopped: 0.0068574 seconds, Stopping threads took: 0.0001017 seconds
2016-08-24T16:56:54.614+0000: 10133.535: [GC (Allocation Failure) 10133.535: [ParNew
Desired survivor size 8716288 bytes, new threshold 6 (max 6)
- age   1:      79096 bytes,      79096 total
- age   2:        336 bytes,      79432 total
- age   3:       1000 bytes,      80432 total
- age   5:       1064 bytes,      81496 total
- age   6:        160 bytes,      81656 total
: 136849K->389K(153344K), 0.0061548 secs] 339292K->203142K(1031552K), 0.0062786 secs] [Times: user=0.01 sys=0.00, real=0.00 secs] 
2016-08-24T16:56:54.620+0000: 10133.541: Total time for which application threads were stopped: 0.0071248 seconds, Stopping threads took: 0.0001200 seconds
2016-08-24T16:56:54.662+0000: 10133.584: [GC (Allocation Failure) 10133.584: [ParNew
Desired survivor size 8716288 bytes, new threshold 6 (max 6)
- age   1:      79760 bytes,      79760 total
- age   2:      14088 bytes,      93848 total
- age   3:        336 bytes,      94184 total
- age   4:       1000 bytes,      95184 total
- age   6:       1064 bytes,      96248 total
: 136709K->178K(153344K), 0.0061548 secs] 339462K->202931K(1031552K), 0.0062728 secs] [Times: user=0.01 sys=0.00, real=0.01 secs] 
2016-08-24T16:56:54.669+0000: 10133.590: Total time for which application threads were stopped: 0.0071431 seconds, Stopping threads took: 0.0001266 seconds
2016-08-24T16:56:54.708+0000: 10133.629: [GC (Allocation Failure) 10133.629: [ParNew
Desired survivor size 8716288 bytes, new threshold 6 (max 6)
- age   1:      67856 bytes,      67856 total
- age   3:       1000 bytes,      68856 total
- age   4:        336 bytes,      69192 total
- age   5:        968 bytes,      70160 total
: 136498K->79K(153344K), 0.0056919 secs] 339251K->202833K(1031552K), 0.0058072 secs] [Times: user=0.02 sys=0.00, real=0.01 secs] 
2016-08-24T16:56:54.714+0000: 10133.635: Total time for which application threads were stopped: 0.0066452 seconds, Stopping threads took: 0.0001039 seconds
2016-08-24T16:56:54.753+0000: 10133.675: [GC (Allocation Failure) 10133.675: [ParNew
Desired survivor size 8716288 bytes, new threshold 6 (max 6)
- age   1:      65488 bytes,      65488 total
- age   2:      16416 bytes,      81904 total
- age   4:       1000 bytes,      82904 total
- age   5:        336 bytes,      83240 total
- age   6:        968 bytes,      84208 total
: 136399K->110K(153344K), 0.0060357 secs] 339153K->202864K(1031552K), 0.0061540 secs] [Times: user=0.01 sys=0.00, real=0.00 secs] 
2016-08-24T16:56:54.759+0000: 10133.681: Total time for which application threads were stopped: 0.0070285 seconds, Stopping threads took: 0.0001007 seconds
2016-08-24T16:56:54.799+0000: 10133.721: [GC (Allocation Failure) 10133.721: [ParNew
Desired survivor size 8716288 bytes, new threshold 6 (max 6)
- age   1:      82712 bytes,      82712 total
- age   3:       1000 bytes,      83712 total
- age   5:        968 bytes,      84680 total
- age   6:        336 bytes,      85016 total
: 136430K->103K(153344K), 0.0061250 secs] 339184K->202857K(1031552K), 0.0062141 secs] [Times: user=0.01 sys=0.00, real=0.01 secs] 
2016-08-24T16:56:54.805+0000: 10133.727: Total time for which application threads were stopped: 0.0069848 seconds, Stopping threads took: 0.0001015 seconds
2016-08-24T16:56:54.844+0000: 10133.765: [GC (Allocation Failure) 10133.765: [ParNew
Desired survivor size 8716288 bytes, new threshold 6 (max 6)
- age   1:      74480 bytes,      74480 total
- age   2:      19336 bytes,      93816 total
- age   4:       1000 bytes,      94816 total
- age   6:        968 bytes,      95784 total
: 136423K->128K(153344K), 0.0058597 secs] 339177K->202884K(1031552K), 0.0059714 secs] [Times: user=0.01 sys=0.00, real=0.01 secs] 
2016-08-24T16:56:54.850+0000: 10133.771: Total time for which application threads were stopped: 0.0067979 seconds, Stopping threads took: 0.0000997 seconds
2016-08-24T16:56:55.851+0000: 10134.773: Total time for which application threads were stopped: 0.0012350 seconds, Stopping threads took: 0.0001945 seconds
2016-08-24T16:57:04.362+0000: 10143.283: [GC (Allocation Failure) 10143.283: [ParNew
Desired survivor size 8716288 bytes, new threshold 6 (max 6)
- age   1:     935096 bytes,     935096 total
- age   3:        968 bytes,     936064 total
- age   5:        968 bytes,     937032 total
: 136448K->941K(153344K), 0.0083865 secs] 339204K->203698K(1031552K), 0.0085244 secs] [Times: user=0.02 sys=0.00, real=0.01 secs] 
2016-08-24T16:57:04.370+0000: 10143.292: Total time for which application threads were stopped: 0.0093839 seconds, Stopping threads took: 0.0001216 seconds
2016-08-24T16:57:04.411+0000: 10143.332: [GC (Allocation Failure) 10143.332: [ParNew
Desired survivor size 8716288 bytes, new threshold 6 (max 6)
- age   1:      86280 bytes,      86280 total
- age   2:     272896 bytes,     359176 total
- age   4:        968 bytes,     360144 total
- age   6:        968 bytes,     361112 total
: 137261K->491K(153344K), 0.0064625 secs] 340018K->203247K(1031552K), 0.0065750 secs] [Times: user=0.01 sys=0.00, real=0.00 secs] 
2016-08-24T16:57:04.418+0000: 10143.339: Total time for which application threads were stopped: 0.0073862 seconds, Stopping threads took: 0.0001117 seconds
2016-08-24T16:57:04.457+0000: 10143.379: [GC (Allocation Failure) 10143.379: [ParNew
Desired survivor size 8716288 bytes, new threshold 6 (max 6)
- age   1:      88704 bytes,      88704 total
- age   3:     252872 bytes,     341576 total
- age   5:        968 bytes,     342544 total
: 136811K->480K(153344K), 0.0062317 secs] 339567K->203237K(1031552K), 0.0063392 secs] [Times: user=0.01 sys=0.00, real=0.01 secs] 
2016-08-24T16:57:04.464+0000: 10143.385: Total time for which application threads were stopped: 0.0071446 seconds, Stopping threads took: 0.0000983 seconds
2016-08-24T16:57:04.506+0000: 10143.428: [GC (Allocation Failure) 10143.428: [ParNew
Desired survivor size 8716288 bytes, new threshold 6 (max 6)
- age   1:      58536 bytes,      58536 total
- age   2:       1096 bytes,      59632 total
- age   4:     251024 bytes,     310656 total
- age   6:        968 bytes,     311624 total
: 136800K->484K(153344K), 0.0060358 secs] 339557K->203242K(1031552K), 0.0061493 secs] [Times: user=0.01 sys=0.00, real=0.01 secs] 
2016-08-24T16:57:04.512+0000: 10143.434: Total time for which application threads were stopped: 0.0069731 seconds, Stopping threads took: 0.0001227 seconds
2016-08-24T16:57:04.551+0000: 10143.472: [GC (Allocation Failure) 10143.472: [ParNew
Desired survivor size 8716288 bytes, new threshold 6 (max 6)
- age   1:      71536 bytes,      71536 total
- age   2:       4360 bytes,      75896 total
- age   3:       1096 bytes,      76992 total
- age   5:     251024 bytes,     328016 total
: 136804K->446K(153344K), 0.0056695 secs] 339562K->203204K(1031552K), 0.0057847 secs] [Times: user=0.00 sys=0.00, real=0.00 secs] 
2016-08-24T16:57:04.557+0000: 10143.478: Total time for which application threads were stopped: 0.0066096 seconds, Stopping threads took: 0.0001023 seconds
2016-08-24T16:57:04.596+0000: 10143.517: [GC (Allocation Failure) 10143.517: [ParNew
Desired survivor size 8716288 bytes, new threshold 6 (max 6)
- age   1:      60360 bytes,      60360 total
- age   3:       1000 bytes,      61360 total
- age   4:       1064 bytes,      62424 total
- age   6:     249208 bytes,     311632 total
: 136766K->458K(153344K), 0.0060226 secs] 339524K->203216K(1031552K), 0.0061568 secs] [Times: user=0.01 sys=0.00, real=0.01 secs] 
2016-08-24T16:57:04.602+0000: 10143.524: Total time for which application threads were stopped: 0.0070139 seconds, Stopping threads took: 0.0001026 seconds
2016-08-24T16:57:04.642+0000: 10143.563: [GC (Allocation Failure) 10143.563: [ParNew
Desired survivor size 8716288 bytes, new threshold 6 (max 6)
- age   1:      77320 bytes,      77320 total
- age   2:       7272 bytes,      84592 total
- age   4:       1000 bytes,      85592 total
- age   5:       1064 bytes,      86656 total
: 136778K->308K(153344K), 0.0061891 secs] 339536K->203315K(1031552K), 0.0062961 secs] [Times: user=0.01 sys=0.00, real=0.01 secs] 
2016-08-24T16:57:04.648+0000: 10143.570: Total time for which application threads were stopped: 0.0071327 seconds, Stopping threads took: 0.0001169 seconds
2016-08-24T16:57:04.689+0000: 10143.611: [GC (Allocation Failure) 10143.611: [ParNew
Desired survivor size 8716288 bytes, new threshold 6 (max 6)
- age   1:      58968 bytes,      58968 total
- age   3:       1000 bytes,      59968 total
- age   5:        968 bytes,      60936 total
- age   6:       1064 bytes,      62000 total
: 136628K->112K(153344K), 0.0055930 secs] 339635K->203118K(1031552K), 0.0057127 secs] [Times: user=0.02 sys=0.00, real=0.00 secs] 
2016-08-24T16:57:04.695+0000: 10143.617: Total time for which application threads were stopped: 0.0065366 seconds, Stopping threads took: 0.0001007 seconds
2016-08-24T16:57:04.733+0000: 10143.655: [GC (Allocation Failure) 10143.655: [ParNew
Desired survivor size 8716288 bytes, new threshold 6 (max 6)
- age   1:      84080 bytes,      84080 total
- age   2:       9784 bytes,      93864 total
- age   4:       1000 bytes,      94864 total
- age   6:        968 bytes,      95832 total
: 136432K->99K(153344K), 0.0055085 secs] 339438K->203106K(1031552K), 0.0055949 secs] [Times: user=0.01 sys=0.00, real=0.00 secs] 
2016-08-24T16:57:04.739+0000: 10143.660: Total time for which application threads were stopped: 0.0064072 seconds, Stopping threads took: 0.0001058 seconds
2016-08-24T16:57:04.780+0000: 10143.701: [GC (Allocation Failure) 10143.701: [ParNew
Desired survivor size 8716288 bytes, new threshold 6 (max 6)
- age   1:      64160 bytes,      64160 total
- age   3:       1000 bytes,      65160 total
- age   5:        968 bytes,      66128 total
: 136419K->112K(153344K), 0.0058409 secs] 339426K->203121K(1031552K), 0.0059725 secs] [Times: user=0.01 sys=0.00, real=0.01 secs] 
2016-08-24T16:57:04.786+0000: 10143.707: Total time for which application threads were stopped: 0.0068404 seconds, Stopping threads took: 0.0001002 seconds
2016-08-24T16:57:04.823+0000: 10143.745: [GC (Allocation Failure) 10143.745: [ParNew
Desired survivor size 8716288 bytes, new threshold 6 (max 6)
- age   1:      69344 bytes,      69344 total
- age   2:      13776 bytes,      83120 total
- age   4:       1000 bytes,      84120 total
- age   6:        968 bytes,      85088 total
: 136432K->94K(153344K), 0.0054986 secs] 339441K->203103K(1031552K), 0.0055810 secs] [Times: user=0.01 sys=0.00, real=0.01 secs] 
2016-08-24T16:57:04.829+0000: 10143.751: Total time for which application threads were stopped: 0.0063424 seconds, Stopping threads took: 0.0001023 seconds
2016-08-24T16:57:14.336+0000: 10153.258: [GC (Allocation Failure) 10153.258: [ParNew
Desired survivor size 8716288 bytes, new threshold 6 (max 6)
- age   1:     952088 bytes,     952088 total
- age   3:        968 bytes,     953056 total
- age   5:        968 bytes,     954024 total
: 136414K->934K(153344K), 0.0095815 secs] 339423K->203944K(1031552K), 0.0097113 secs] [Times: user=0.01 sys=0.00, real=0.01 secs] 
2016-08-24T16:57:14.346+0000: 10153.267: Total time for which application threads were stopped: 0.0105161 seconds, Stopping threads took: 0.0000882 seconds
2016-08-24T16:57:14.390+0000: 10153.311: [GC (Allocation Failure) 10153.311: [ParNew
Desired survivor size 8716288 bytes, new threshold 6 (max 6)
- age   1:      84136 bytes,      84136 total
- age   2:     267200 bytes,     351336 total
- age   4:        968 bytes,     352304 total
- age   6:        968 bytes,     353272 total
: 137254K->450K(153344K), 0.0066007 secs] 340264K->203460K(1031552K), 0.0067042 secs] [Times: user=0.02 sys=0.00, real=0.00 secs] 
2016-08-24T16:57:14.396+0000: 10153.318: Total time for which application threads were stopped: 0.0074498 seconds, Stopping threads took: 0.0000898 seconds
2016-08-24T16:57:14.435+0000: 10153.357: [GC (Allocation Failure) 10153.357: [ParNew
Desired survivor size 8716288 bytes, new threshold 6 (max 6)
- age   1:      66992 bytes,      66992 total
- age   2:         72 bytes,      67064 total
- age   3:     252504 bytes,     319568 total
- age   5:        968 bytes,     320536 total
: 136770K->459K(153344K), 0.0065700 secs] 339780K->203470K(1031552K), 0.0066846 secs] [Times: user=0.01 sys=0.00, real=0.01 secs] 
2016-08-24T16:57:14.442+0000: 10153.363: Total time for which application threads were stopped: 0.0074302 seconds, Stopping threads took: 0.0000870 seconds
2016-08-24T16:57:14.479+0000: 10153.401: [GC (Allocation Failure) 10153.401: [ParNew
Desired survivor size 8716288 bytes, new threshold 6 (max 6)
- age   1:      65464 bytes,      65464 total
- age   2:      15064 bytes,      80528 total
- age   3:         72 bytes,      80600 total
- age   4:     252504 bytes,     333104 total
- age   6:        968 bytes,     334072 total
: 136779K->453K(153344K), 0.0071107 secs] 339790K->203463K(1031552K), 0.0072422 secs] [Times: user=0.01 sys=0.01, real=0.01 secs] 
2016-08-24T16:57:14.486+0000: 10153.408: Total time for which application threads were stopped: 0.0080093 seconds, Stopping threads took: 0.0000910 seconds
2016-08-24T16:57:14.532+0000: 10153.453: [GC (Allocation Failure) 10153.453: [ParNew
Desired survivor size 8716288 bytes, new threshold 6 (max 6)
- age   1:      63200 bytes,      63200 total
- age   3:       1096 bytes,      64296 total
- age   4:         72 bytes,      64368 total
- age   5:     250656 bytes,     315024 total
: 136773K->469K(153344K), 0.0066970 secs] 339783K->203480K(1031552K), 0.0068013 secs] [Times: user=0.02 sys=0.00, real=0.00 secs] 
2016-08-24T16:57:14.538+0000: 10153.460: Total time for which application threads were stopped: 0.0075577 seconds, Stopping threads took: 0.0000902 seconds
2016-08-24T16:57:14.578+0000: 10153.499: [GC (Allocation Failure) 10153.499: [ParNew
Desired survivor size 8716288 bytes, new threshold 6 (max 6)
- age   1:      88872 bytes,      88872 total
- age   2:      18616 bytes,     107488 total
- age   4:       1096 bytes,     108584 total
- age   5:         72 bytes,     108656 total
- age   6:     250528 bytes,     359184 total
: 136789K->449K(153344K), 0.0066656 secs] 339800K->203460K(1031552K), 0.0067677 secs] [Times: user=0.01 sys=0.00, real=0.01 secs] 
2016-08-24T16:57:14.585+0000: 10153.506: Total time for which application threads were stopped: 0.0075128 seconds, Stopping threads took: 0.0000896 seconds
2016-08-24T16:57:14.624+0000: 10153.546: [GC (Allocation Failure) 10153.546: [ParNew
Desired survivor size 8716288 bytes, new threshold 6 (max 6)
- age   1:      74504 bytes,      74504 total
- age   2:        360 bytes,      74864 total
- age   3:       1000 bytes,      75864 total
- age   5:       1064 bytes,      76928 total
- age   6:         72 bytes,      77000 total
: 136769K->341K(153344K), 0.0074077 secs] 339780K->203601K(1031552K), 0.0075436 secs] [Times: user=0.01 sys=0.00, real=0.01 secs] 
2016-08-24T16:57:14.632+0000: 10153.554: Total time for which application threads were stopped: 0.0084122 seconds, Stopping threads took: 0.0000981 seconds
2016-08-24T16:57:14.672+0000: 10153.593: [GC (Allocation Failure) 10153.593: [ParNew
Desired survivor size 8716288 bytes, new threshold 6 (max 6)
- age   1:      66776 bytes,      66776 total
- age   2:       1000 bytes,      67776 total
- age   3:        360 bytes,      68136 total
- age   4:        968 bytes,      69104 total
- age   6:       1064 bytes,      70168 total
: 136661K->121K(153344K), 0.0070599 secs] 339921K->203381K(1031552K), 0.0071579 secs] [Times: user=0.02 sys=0.00, real=0.00 secs] 
2016-08-24T16:57:14.679+0000: 10153.601: Total time for which application threads were stopped: 0.0079103 seconds, Stopping threads took: 0.0000858 seconds
2016-08-24T16:57:14.718+0000: 10153.639: [GC (Allocation Failure) 10153.639: [ParNew
Desired survivor size 8716288 bytes, new threshold 6 (max 6)
- age   1:      70744 bytes,      70744 total
- age   2:       4104 bytes,      74848 total
- age   3:       1000 bytes,      75848 total
- age   4:        360 bytes,      76208 total
- age   5:        968 bytes,      77176 total
: 136441K->92K(153344K), 0.0068638 secs] 339701K->203352K(1031552K), 0.0069967 secs] [Times: user=0.01 sys=0.00, real=0.01 secs] 
2016-08-24T16:57:14.725+0000: 10153.646: Total time for which application threads were stopped: 0.0077842 seconds, Stopping threads took: 0.0000918 seconds
2016-08-24T16:57:14.765+0000: 10153.686: [GC (Allocation Failure) 10153.686: [ParNew
Desired survivor size 8716288 bytes, new threshold 6 (max 6)
- age   1:      77032 bytes,      77032 total
- age   3:       1000 bytes,      78032 total
- age   4:        968 bytes,      79000 total
- age   5:        360 bytes,      79360 total
- age   6:        968 bytes,      80328 total
: 136412K->108K(153344K), 0.0061783 secs] 339672K->203369K(1031552K), 0.0062611 secs] [Times: user=0.01 sys=0.00, real=0.01 secs] 
2016-08-24T16:57:14.771+0000: 10153.692: Total time for which application threads were stopped: 0.0070144 seconds, Stopping threads took: 0.0000925 seconds
2016-08-24T16:57:14.808+0000: 10153.730: [GC (Allocation Failure) 10153.730: [ParNew
Desired survivor size 8716288 bytes, new threshold 6 (max 6)
- age   1:      84512 bytes,      84512 total
- age   2:       6240 bytes,      90752 total
- age   4:       1000 bytes,      91752 total
- age   5:        968 bytes,      92720 total
- age   6:        360 bytes,      93080 total
: 136428K->121K(153344K), 0.0063338 secs] 339689K->203382K(1031552K), 0.0064452 secs] [Times: user=0.01 sys=0.00, real=0.00 secs] 
2016-08-24T16:57:14.815+0000: 10153.736: Total time for which application threads were stopped: 0.0072404 seconds, Stopping threads took: 0.0000910 seconds
2016-08-24T16:57:16.670+0000: 10155.592: Total time for which application threads were stopped: 0.0006248 seconds, Stopping threads took: 0.0000872 seconds
2016-08-24T16:57:16.670+0000: 10155.592: Total time for which application threads were stopped: 0.0002896 seconds, Stopping threads took: 0.0000249 seconds
2016-08-24T16:57:16.671+0000: 10155.592: Total time for which application threads were stopped: 0.0003425 seconds, Stopping threads took: 0.0000479 seconds
2016-08-24T16:57:19.826+0000: 10158.747: Total time for which application threads were stopped: 0.0019318 seconds, Stopping threads took: 0.0002266 seconds
2016-08-24T16:57:19.827+0000: 10158.749: Total time for which application threads were stopped: 0.0012929 seconds, Stopping threads took: 0.0001801 seconds
2016-08-24T16:57:19.829+0000: 10158.750: Total time for which application threads were stopped: 0.0014279 seconds, Stopping threads took: 0.0001751 seconds
2016-08-24T16:57:24.230+0000: 10163.151: [GC (Allocation Failure) 10163.151: [ParNew
Desired survivor size 8716288 bytes, new threshold 6 (max 6)
- age   1:    1217784 bytes,    1217784 total
- age   3:        968 bytes,    1218752 total
- age   5:        968 bytes,    1219720 total
- age   6:        968 bytes,    1220688 total
: 136441K->1195K(153344K), 0.0088102 secs] 339702K->204456K(1031552K), 0.0089348 secs] [Times: user=0.01 sys=0.00, real=0.00 secs] 
2016-08-24T16:57:24.239+0000: 10163.160: Total time for which application threads were stopped: 0.0096925 seconds, Stopping threads took: 0.0000872 seconds
2016-08-24T16:57:24.276+0000: 10163.197: [GC (Allocation Failure) 10163.197: [ParNew
Desired survivor size 8716288 bytes, new threshold 6 (max 6)
- age   1:      67176 bytes,      67176 total
- age   2:     291272 bytes,     358448 total
- age   4:        968 bytes,     359416 total
- age   6:        968 bytes,     360384 total
: 137515K->409K(153344K), 0.0065859 secs] 340776K->203672K(1031552K), 0.0066900 secs] [Times: user=0.01 sys=0.00, real=0.01 secs] 
2016-08-24T16:57:24.283+0000: 10163.204: Total time for which application threads were stopped: 0.0074575 seconds, Stopping threads took: 0.0000886 seconds
2016-08-24T16:57:24.322+0000: 10163.243: [GC (Allocation Failure) 10163.243: [ParNew
Desired survivor size 8716288 bytes, new threshold 6 (max 6)
- age   1:      67968 bytes,      67968 total
- age   2:         72 bytes,      68040 total
- age   3:     284968 bytes,     353008 total
- age   5:        968 bytes,     353976 total
: 136729K->488K(153344K), 0.0065217 secs] 339992K->203752K(1031552K), 0.0066362 secs] [Times: user=0.01 sys=0.00, real=0.01 secs] 
2016-08-24T16:57:24.328+0000: 10163.250: Total time for which application threads were stopped: 0.0073860 seconds, Stopping threads took: 0.0000871 seconds
2016-08-24T16:57:24.368+0000: 10163.289: [GC (Allocation Failure) 10163.289: [ParNew
Desired survivor size 8716288 bytes, new threshold 6 (max 6)
- age   1:      74944 bytes,      74944 total
- age   2:       8128 bytes,      83072 total
- age   3:         72 bytes,      83144 total
- age   4:     284968 bytes,     368112 total
- age   6:        968 bytes,     369080 total
: 136808K->497K(153344K), 0.0071181 secs] 340072K->203761K(1031552K), 0.0072263 secs] [Times: user=0.02 sys=0.00, real=0.01 secs] 
2016-08-24T16:57:24.375+0000: 10163.297: Total time for which application threads were stopped: 0.0079840 seconds, Stopping threads took: 0.0000903 seconds
2016-08-24T16:57:24.414+0000: 10163.336: [GC (Allocation Failure) 10163.336: [ParNew
Desired survivor size 8716288 bytes, new threshold 6 (max 6)
- age   1:      70296 bytes,      70296 total
- age   3:       1096 bytes,      71392 total
- age   4:         72 bytes,      71464 total
- age   5:     283120 bytes,     354584 total
: 136817K->516K(153344K), 0.0072732 secs] 340081K->203781K(1031552K), 0.0073835 secs] [Times: user=0.01 sys=0.00, real=0.01 secs] 
2016-08-24T16:57:24.422+0000: 10163.343: Total time for which application threads were stopped: 0.0081649 seconds, Stopping threads took: 0.0000905 seconds
2016-08-24T16:57:24.460+0000: 10163.382: [GC (Allocation Failure) 10163.382: [ParNew
Desired survivor size 8716288 bytes, new threshold 6 (max 6)
- age   1:      72936 bytes,      72936 total
- age   2:      11040 bytes,      83976 total
- age   4:       1096 bytes,      85072 total
- age   5:         72 bytes,      85144 total
- age   6:     283120 bytes,     368264 total
: 136836K->508K(153344K), 0.0065495 secs] 340101K->203773K(1031552K), 0.0066547 secs] [Times: user=0.01 sys=0.00, real=0.01 secs] 
2016-08-24T16:57:24.467+0000: 10163.388: Total time for which application threads were stopped: 0.0074277 seconds, Stopping threads took: 0.0000921 seconds
2016-08-24T16:57:24.505+0000: 10163.427: [GC (Allocation Failure) 10163.427: [ParNew
Desired survivor size 8716288 bytes, new threshold 6 (max 6)
- age   1:      67992 bytes,      67992 total
- age   3:       1000 bytes,      68992 total
- age   5:       1064 bytes,      70056 total
- age   6:         72 bytes,      70128 total
: 136828K->356K(153344K), 0.0069611 secs] 340093K->203901K(1031552K), 0.0070670 secs] [Times: user=0.02 sys=0.00, real=0.01 secs] 
2016-08-24T16:57:24.513+0000: 10163.434: Total time for which application threads were stopped: 0.0078415 seconds, Stopping threads took: 0.0000883 seconds
2016-08-24T16:57:24.550+0000: 10163.471: [GC (Allocation Failure) 10163.471: [ParNew
Desired survivor size 8716288 bytes, new threshold 6 (max 6)
- age   1:      76440 bytes,      76440 total
- age   2:      14208 bytes,      90648 total
- age   4:       1000 bytes,      91648 total
- age   6:       1064 bytes,      92712 total
: 136676K->163K(153344K), 0.0058318 secs] 340221K->203709K(1031552K), 0.0059290 secs] [Times: user=0.01 sys=0.00, real=0.00 secs] 
2016-08-24T16:57:24.556+0000: 10163.477: Total time for which application threads were stopped: 0.0066687 seconds, Stopping threads took: 0.0000891 seconds
2016-08-24T16:57:24.596+0000: 10163.518: [GC (Allocation Failure) 10163.518: [ParNew
Desired survivor size 8716288 bytes, new threshold 6 (max 6)
- age   1:      60624 bytes,      60624 total
- age   3:       1000 bytes,      61624 total
- age   5:        968 bytes,      62592 total
: 136483K->98K(153344K), 0.0068766 secs] 340029K->203644K(1031552K), 0.0070083 secs] [Times: user=0.01 sys=0.00, real=0.01 secs] 
2016-08-24T16:57:24.603+0000: 10163.525: Total time for which application threads were stopped: 0.0078183 seconds, Stopping threads took: 0.0000898 seconds
2016-08-24T16:57:24.643+0000: 10163.565: [GC (Allocation Failure) 10163.565: [ParNew
Desired survivor size 8716288 bytes, new threshold 6 (max 6)
- age   1:      77320 bytes,      77320 total
- age   2:      17360 bytes,      94680 total
- age   4:       1000 bytes,      95680 total
- age   6:        968 bytes,      96648 total
: 136418K->108K(153344K), 0.0065644 secs] 339964K->203654K(1031552K), 0.0066999 secs] [Times: user=0.01 sys=0.00, real=0.01 secs] 
2016-08-24T16:57:24.650+0000: 10163.572: Total time for which application threads were stopped: 0.0075370 seconds, Stopping threads took: 0.0000935 seconds
2016-08-24T16:57:24.689+0000: 10163.610: [GC (Allocation Failure) 10163.610: [ParNew
Desired survivor size 8716288 bytes, new threshold 6 (max 6)
- age   1:      75904 bytes,      75904 total
- age   3:       1000 bytes,      76904 total
- age   5:        968 bytes,      77872 total
: 136428K->108K(153344K), 0.0064037 secs] 339974K->203655K(1031552K), 0.0065138 secs] [Times: user=0.02 sys=0.00, real=0.00 secs] 
2016-08-24T16:57:24.695+0000: 10163.617: Total time for which application threads were stopped: 0.0073252 seconds, Stopping threads took: 0.0001009 seconds
2016-08-24T16:57:24.733+0000: 10163.655: [GC (Allocation Failure) 10163.655: [ParNew
Desired survivor size 8716288 bytes, new threshold 6 (max 6)
- age   1:      66128 bytes,      66128 total
- age   2:      20016 bytes,      86144 total
- age   4:       1000 bytes,      87144 total
- age   6:        968 bytes,      88112 total
: 136428K->106K(153344K), 0.0061161 secs] 339975K->203653K(1031552K), 0.0062016 secs] [Times: user=0.02 sys=0.00, real=0.00 secs] 
2016-08-24T16:57:24.739+0000: 10163.661: Total time for which application threads were stopped: 0.0069629 seconds, Stopping threads took: 0.0001092 seconds
2016-08-24T16:57:34.381+0000: 10173.303: [GC (Allocation Failure) 10173.303: [ParNew
Desired survivor size 8716288 bytes, new threshold 6 (max 6)
- age   1:    1010968 bytes,    1010968 total
- age   3:        968 bytes,    1011936 total
- age   5:        968 bytes,    1012904 total
: 136426K->1030K(153344K), 0.0084773 secs] 339973K->204578K(1031552K), 0.0086219 secs] [Times: user=0.01 sys=0.00, real=0.01 secs] 
2016-08-24T16:57:34.390+0000: 10173.311: Total time for which application threads were stopped: 0.0094802 seconds, Stopping threads took: 0.0001154 seconds
2016-08-24T16:57:34.431+0000: 10173.353: [GC (Allocation Failure) 10173.353: [ParNew
Desired survivor size 8716288 bytes, new threshold 6 (max 6)
- age   1:      83112 bytes,      83112 total
- age   2:     278288 bytes,     361400 total
- age   4:        968 bytes,     362368 total
- age   6:        968 bytes,     363336 total
: 137350K->388K(153344K), 0.0058047 secs] 340898K->203937K(1031552K), 0.0059079 secs] [Times: user=0.01 sys=0.00, real=0.00 secs] 
2016-08-24T16:57:34.437+0000: 10173.359: Total time for which application threads were stopped: 0.0067302 seconds, Stopping threads took: 0.0001160 seconds
2016-08-24T16:57:34.478+0000: 10173.400: [GC (Allocation Failure) 10173.400: [ParNew
Desired survivor size 8716288 bytes, new threshold 6 (max 6)
- age   1:      68064 bytes,      68064 total
- age   3:     257720 bytes,     325784 total
- age   5:        968 bytes,     326752 total
: 136708K->486K(153344K), 0.0057752 secs] 340257K->204035K(1031552K), 0.0058893 secs] [Times: user=0.01 sys=0.00, real=0.01 secs] 
2016-08-24T16:57:34.485+0000: 10173.406: Total time for which application threads were stopped: 0.0067428 seconds, Stopping threads took: 0.0001003 seconds
2016-08-24T16:57:34.527+0000: 10173.449: [GC (Allocation Failure) 10173.449: [ParNew
Desired survivor size 8716288 bytes, new threshold 6 (max 6)
- age   1:      54280 bytes,      54280 total
- age   2:       1096 bytes,      55376 total
- age   4:     255872 bytes,     311248 total
- age   6:        968 bytes,     312216 total
: 136806K->466K(153344K), 0.0057803 secs] 340355K->204015K(1031552K), 0.0058873 secs] [Times: user=0.01 sys=0.00, real=0.01 secs] 
2016-08-24T16:57:34.533+0000: 10173.455: Total time for which application threads were stopped: 0.0067065 seconds, Stopping threads took: 0.0000983 seconds
2016-08-24T16:57:34.572+0000: 10173.493: [GC (Allocation Failure) 10173.493: [ParNew
Desired survivor size 8716288 bytes, new threshold 6 (max 6)
- age   1:      64688 bytes,      64688 total
- age   2:       4560 bytes,      69248 total
- age   3:       1096 bytes,      70344 total
- age   5:     255232 bytes,     325576 total
: 136786K->444K(153344K), 0.0058108 secs] 340335K->203994K(1031552K), 0.0059244 secs] [Times: user=0.02 sys=0.00, real=0.00 secs] 
2016-08-24T16:57:34.578+0000: 10173.499: Total time for which application threads were stopped: 0.0067209 seconds, Stopping threads took: 0.0001032 seconds
2016-08-24T16:57:34.617+0000: 10173.539: [GC (Allocation Failure) 10173.539: [ParNew
Desired survivor size 8716288 bytes, new threshold 6 (max 6)
- age   1:      63208 bytes,      63208 total
- age   2:        336 bytes,      63544 total
- age   3:       1000 bytes,      64544 total
- age   4:       1064 bytes,      65608 total
- age   6:     253416 bytes,     319024 total
: 136764K->456K(153344K), 0.0058362 secs] 340314K->204006K(1031552K), 0.0059589 secs] [Times: user=0.01 sys=0.00, real=0.01 secs] 
2016-08-24T16:57:34.624+0000: 10173.545: Total time for which application threads were stopped: 0.0068364 seconds, Stopping threads took: 0.0001177 seconds
2016-08-24T16:57:34.665+0000: 10173.586: [GC (Allocation Failure) 10173.586: [ParNew
Desired survivor size 8716288 bytes, new threshold 6 (max 6)
- age   1:      65976 bytes,      65976 total
- age   2:       7768 bytes,      73744 total
- age   3:        336 bytes,      74080 total
- age   4:       1000 bytes,      75080 total
- age   5:       1064 bytes,      76144 total
: 136776K->313K(153344K), 0.0074094 secs] 340326K->204116K(1031552K), 0.0075305 secs] [Times: user=0.01 sys=0.00, real=0.01 secs] 
2016-08-24T16:57:34.672+0000: 10173.594: Total time for which application threads were stopped: 0.0084136 seconds, Stopping threads took: 0.0001003 seconds
2016-08-24T16:57:34.713+0000: 10173.635: [GC (Allocation Failure) 10173.635: [ParNew
Desired survivor size 8716288 bytes, new threshold 6 (max 6)
- age   1:      52200 bytes,      52200 total
- age   3:       1000 bytes,      53200 total
- age   4:        336 bytes,      53536 total
- age   5:        968 bytes,      54504 total
- age   6:       1064 bytes,      55568 total
: 136633K->110K(153344K), 0.0053690 secs] 340436K->203913K(1031552K), 0.0054789 secs] [Times: user=0.01 sys=0.00, real=0.00 secs] 
2016-08-24T16:57:34.719+0000: 10173.640: Total time for which application threads were stopped: 0.0063089 seconds, Stopping threads took: 0.0001019 seconds
2016-08-24T16:57:34.759+0000: 10173.680: [GC (Allocation Failure) 10173.680: [ParNew
Desired survivor size 8716288 bytes, new threshold 6 (max 6)
- age   1:      66184 bytes,      66184 total
- age   2:      10536 bytes,      76720 total
- age   4:       1000 bytes,      77720 total
- age   5:        336 bytes,      78056 total
- age   6:        968 bytes,      79024 total
: 136430K->96K(153344K), 0.0058216 secs] 340233K->203900K(1031552K), 0.0059351 secs] [Times: user=0.01 sys=0.00, real=0.01 secs] 
2016-08-24T16:57:34.765+0000: 10173.686: Total time for which application threads were stopped: 0.0067558 seconds, Stopping threads took: 0.0000987 seconds
2016-08-24T16:57:34.805+0000: 10173.726: [GC (Allocation Failure) 10173.726: [ParNew
Desired survivor size 8716288 bytes, new threshold 6 (max 6)
- age   1:      72672 bytes,      72672 total
- age   3:       1000 bytes,      73672 total
- age   5:        968 bytes,      74640 total
- age   6:        264 bytes,      74904 total
: 136416K->93K(153344K), 0.0053475 secs] 340220K->203897K(1031552K), 0.0054504 secs] [Times: user=0.01 sys=0.00, real=0.01 secs] 
2016-08-24T16:57:34.810+0000: 10173.732: Total time for which application threads were stopped: 0.0062898 seconds, Stopping threads took: 0.0000975 seconds
2016-08-24T16:57:34.850+0000: 10173.771: [GC (Allocation Failure) 10173.772: [ParNew
Desired survivor size 8716288 bytes, new threshold 6 (max 6)
- age   1:      65504 bytes,      65504 total
- age   2:      14336 bytes,      79840 total
- age   4:       1000 bytes,      80840 total
- age   6:        968 bytes,      81808 total
: 136413K->107K(153344K), 0.0052888 secs] 340217K->203912K(1031552K), 0.0054029 secs] [Times: user=0.01 sys=0.00, real=0.00 secs] 
2016-08-24T16:57:34.855+0000: 10173.777: Total time for which application threads were stopped: 0.0061944 seconds, Stopping threads took: 0.0001001 seconds
2016-08-24T16:57:44.329+0000: 10183.250: [GC (Allocation Failure) 10183.250: [ParNew
Desired survivor size 8716288 bytes, new threshold 6 (max 6)
- age   1:    1043312 bytes,    1043312 total
- age   3:       1096 bytes,    1044408 total
- age   5:        968 bytes,    1045376 total
: 136427K->1049K(153344K), 0.0076184 secs] 340232K->204855K(1031552K), 0.0077423 secs] [Times: user=0.02 sys=0.00, real=0.00 secs] 
2016-08-24T16:57:44.337+0000: 10183.258: Total time for which application threads were stopped: 0.0086133 seconds, Stopping threads took: 0.0001024 seconds
2016-08-24T16:57:44.374+0000: 10183.296: [GC (Allocation Failure) 10183.296: [ParNew
Desired survivor size 8716288 bytes, new threshold 6 (max 6)
- age   1:      79080 bytes,      79080 total
- age   2:     289616 bytes,     368696 total
- age   4:       1096 bytes,     369792 total
- age   6:        968 bytes,     370760 total
: 137369K->502K(153344K), 0.0057399 secs] 341175K->204308K(1031552K), 0.0058423 secs] [Times: user=0.02 sys=0.00, real=0.00 secs] 
2016-08-24T16:57:44.380+0000: 10183.302: Total time for which application threads were stopped: 0.0066271 seconds, Stopping threads took: 0.0000993 seconds
2016-08-24T16:57:44.423+0000: 10183.345: [GC (Allocation Failure) 10183.345: [ParNew
Desired survivor size 8716288 bytes, new threshold 6 (max 6)
- age   1:      74248 bytes,      74248 total
- age   2:         72 bytes,      74320 total
- age   3:     274536 bytes,     348856 total
- age   5:       1096 bytes,     349952 total
: 136822K->488K(153344K), 0.0054876 secs] 340628K->204295K(1031552K), 0.0055944 secs] [Times: user=0.01 sys=0.00, real=0.01 secs] 
2016-08-24T16:57:44.429+0000: 10183.350: Total time for which application threads were stopped: 0.0063961 seconds, Stopping threads took: 0.0001012 seconds
2016-08-24T16:57:44.468+0000: 10183.390: [GC (Allocation Failure) 10183.390: [ParNew
Desired survivor size 8716288 bytes, new threshold 6 (max 6)
- age   1:      79688 bytes,      79688 total
- age   2:      15360 bytes,      95048 total
- age   3:         72 bytes,      95120 total
- age   4:     274536 bytes,     369656 total
- age   6:       1096 bytes,     370752 total
: 136808K->510K(153344K), 0.0063347 secs] 340615K->204317K(1031552K), 0.0064510 secs] [Times: user=0.01 sys=0.00, real=0.00 secs] 
2016-08-24T16:57:44.475+0000: 10183.396: Total time for which application threads were stopped: 0.0072872 seconds, Stopping threads took: 0.0001012 seconds
2016-08-24T16:57:44.515+0000: 10183.436: [GC (Allocation Failure) 10183.436: [ParNew
Desired survivor size 8716288 bytes, new threshold 6 (max 6)
- age   1:      68440 bytes,      68440 total
- age   3:       1096 bytes,      69536 total
- age   4:         72 bytes,      69608 total
- age   5:     272688 bytes,     342296 total
: 136830K->501K(153344K), 0.0063196 secs] 340637K->204309K(1031552K), 0.0064325 secs] [Times: user=0.02 sys=0.00, real=0.01 secs] 
2016-08-24T16:57:44.521+0000: 10183.443: Total time for which application threads were stopped: 0.0072532 seconds, Stopping threads took: 0.0000865 seconds
2016-08-24T16:57:44.561+0000: 10183.482: [GC (Allocation Failure) 10183.483: [ParNew
Desired survivor size 8716288 bytes, new threshold 6 (max 6)
- age   1:      74592 bytes,      74592 total
- age   2:      18792 bytes,      93384 total
- age   4:       1096 bytes,      94480 total
- age   5:         72 bytes,      94552 total
- age   6:     272688 bytes,     367240 total
: 136821K->502K(153344K), 0.0057563 secs] 340629K->204310K(1031552K), 0.0058606 secs] [Times: user=0.01 sys=0.00, real=0.00 secs] 
2016-08-24T16:57:44.567+0000: 10183.488: Total time for which application threads were stopped: 0.0066896 seconds, Stopping threads took: 0.0000991 seconds
2016-08-24T16:57:44.607+0000: 10183.529: [GC (Allocation Failure) 10183.529: [ParNew
Desired survivor size 8716288 bytes, new threshold 6 (max 6)
- age   1:      83168 bytes,      83168 total
- age   3:       1000 bytes,      84168 total
- age   5:       1064 bytes,      85232 total
- age   6:         72 bytes,      85304 total
: 136822K->343K(153344K), 0.0059689 secs] 340630K->204422K(1031552K), 0.0060971 secs] [Times: user=0.01 sys=0.00, real=0.01 secs] 
2016-08-24T16:57:44.614+0000: 10183.535: Total time for which application threads were stopped: 0.0069548 seconds, Stopping threads took: 0.0001004 seconds
2016-08-24T16:57:44.655+0000: 10183.576: [GC (Allocation Failure) 10183.576: [ParNew
Desired survivor size 8716288 bytes, new threshold 6 (max 6)
- age   1:      60296 bytes,      60296 total
- age   2:       1000 bytes,      61296 total
- age   4:        968 bytes,      62264 total
- age   6:       1064 bytes,      63328 total
: 136663K->122K(153344K), 0.0052562 secs] 340742K->204201K(1031552K), 0.0053562 secs] [Times: user=0.01 sys=0.00, real=0.00 secs] 
2016-08-24T16:57:44.660+0000: 10183.582: Total time for which application threads were stopped: 0.0061429 seconds, Stopping threads took: 0.0000925 seconds
2016-08-24T16:57:44.699+0000: 10183.620: [GC (Allocation Failure) 10183.620: [ParNew
Desired survivor size 8716288 bytes, new threshold 6 (max 6)
- age   1:      73752 bytes,      73752 total
- age   2:       4360 bytes,      78112 total
- age   3:       1000 bytes,      79112 total
- age   5:        968 bytes,      80080 total
: 136442K->89K(153344K), 0.0052978 secs] 340521K->204169K(1031552K), 0.0054135 secs] [Times: user=0.01 sys=0.00, real=0.01 secs] 
2016-08-24T16:57:44.704+0000: 10183.626: Total time for which application threads were stopped: 0.0062489 seconds, Stopping threads took: 0.0000966 seconds
2016-08-24T16:57:44.745+0000: 10183.667: [GC (Allocation Failure) 10183.667: [ParNew
Desired survivor size 8716288 bytes, new threshold 6 (max 6)
- age   1:      62088 bytes,      62088 total
- age   3:       1000 bytes,      63088 total
- age   4:        968 bytes,      64056 total
- age   6:        968 bytes,      65024 total
: 136409K->72K(153344K), 0.0052959 secs] 340489K->204152K(1031552K), 0.0054020 secs] [Times: user=0.01 sys=0.00, real=0.01 secs] 
2016-08-24T16:57:44.751+0000: 10183.672: Total time for which application threads were stopped: 0.0062162 seconds, Stopping threads took: 0.0001009 seconds
2016-08-24T16:57:44.790+0000: 10183.712: [GC (Allocation Failure) 10183.712: [ParNew
Desired survivor size 8716288 bytes, new threshold 6 (max 6)
- age   1:      82920 bytes,      82920 total
- age   2:       7272 bytes,      90192 total
- age   4:       1000 bytes,      91192 total
- age   5:        968 bytes,      92160 total
: 136392K->100K(153344K), 0.0056387 secs] 340472K->204181K(1031552K), 0.0057580 secs] [Times: user=0.01 sys=0.00, real=0.00 secs] 
2016-08-24T16:57:44.796+0000: 10183.717: Total time for which application threads were stopped: 0.0065735 seconds, Stopping threads took: 0.0000990 seconds
2016-08-24T16:57:54.099+0000: 10193.021: [GC (Allocation Failure) 10193.021: [ParNew
Desired survivor size 8716288 bytes, new threshold 6 (max 6)
- age   1:    1147616 bytes,    1147616 total
- age   3:        968 bytes,    1148584 total
- age   5:        968 bytes,    1149552 total
- age   6:        968 bytes,    1150520 total
: 136420K->1151K(153344K), 0.0076647 secs] 340501K->205231K(1031552K), 0.0077920 secs] [Times: user=0.01 sys=0.00, real=0.01 secs] 
2016-08-24T16:57:54.107+0000: 10193.029: Total time for which application threads were stopped: 0.0086181 seconds, Stopping threads took: 0.0000946 seconds
2016-08-24T16:57:54.145+0000: 10193.067: [GC (Allocation Failure) 10193.067: [ParNew
Desired survivor size 8716288 bytes, new threshold 6 (max 6)
- age   1:      71032 bytes,      71032 total
- age   2:     324216 bytes,     395248 total
- age   4:        968 bytes,     396216 total
- age   6:        968 bytes,     397184 total
: 137471K->577K(153344K), 0.0056780 secs] 341551K->204659K(1031552K), 0.0057946 secs] [Times: user=0.01 sys=0.00, real=0.01 secs] 
2016-08-24T16:57:54.151+0000: 10193.073: Total time for which application threads were stopped: 0.0066273 seconds, Stopping threads took: 0.0001073 seconds
2016-08-24T16:57:54.193+0000: 10193.115: [GC (Allocation Failure) 10193.115: [ParNew
Desired survivor size 8716288 bytes, new threshold 6 (max 6)
- age   1:      51896 bytes,      51896 total
- age   2:        232 bytes,      52128 total
- age   3:     316872 bytes,     369000 total
- age   5:        968 bytes,     369968 total
: 136897K->534K(153344K), 0.0057625 secs] 340979K->204617K(1031552K), 0.0058646 secs] [Times: user=0.01 sys=0.00, real=0.00 secs] 
2016-08-24T16:57:54.199+0000: 10193.121: Total time for which application threads were stopped: 0.0066772 seconds, Stopping threads took: 0.0000843 seconds
2016-08-24T16:57:54.237+0000: 10193.158: [GC (Allocation Failure) 10193.158: [ParNew
Desired survivor size 8716288 bytes, new threshold 6 (max 6)
- age   1:      69560 bytes,      69560 total
- age   2:       9160 bytes,      78720 total
- age   3:        232 bytes,      78952 total
- age   4:     316872 bytes,     395824 total
- age   6:        968 bytes,     396792 total
: 136854K->525K(153344K), 0.0059334 secs] 340937K->204608K(1031552K), 0.0060366 secs] [Times: user=0.01 sys=0.00, real=0.01 secs] 
2016-08-24T16:57:54.243+0000: 10193.165: Total time for which application threads were stopped: 0.0068577 seconds, Stopping threads took: 0.0001015 seconds
2016-08-24T16:57:54.284+0000: 10193.206: [GC (Allocation Failure) 10193.206: [ParNew
Desired survivor size 8716288 bytes, new threshold 6 (max 6)
- age   1:      56496 bytes,      56496 total
- age   3:       1096 bytes,      57592 total
- age   4:        232 bytes,      57824 total
- age   5:     315024 bytes,     372848 total
: 136845K->557K(153344K), 0.0061411 secs] 340928K->204641K(1031552K), 0.0062570 secs] [Times: user=0.01 sys=0.00, real=0.01 secs] 
2016-08-24T16:57:54.291+0000: 10193.212: Total time for which application threads were stopped: 0.0071081 seconds, Stopping threads took: 0.0001033 seconds
2016-08-24T16:57:54.329+0000: 10193.251: [GC (Allocation Failure) 10193.251: [ParNew
Desired survivor size 8716288 bytes, new threshold 6 (max 6)
- age   1:      85456 bytes,      85456 total
- age   2:      12392 bytes,      97848 total
- age   4:       1096 bytes,      98944 total
- age   5:        232 bytes,      99176 total
- age   6:     315024 bytes,     414200 total
: 136877K->536K(153344K), 0.0062377 secs] 340961K->204620K(1031552K), 0.0063483 secs] [Times: user=0.01 sys=0.00, real=0.00 secs] 
2016-08-24T16:57:54.336+0000: 10193.257: Total time for which application threads were stopped: 0.0071524 seconds, Stopping threads took: 0.0001001 seconds
2016-08-24T16:57:54.377+0000: 10193.299: [GC (Allocation Failure) 10193.299: [ParNew
Desired survivor size 8716288 bytes, new threshold 6 (max 6)
- age   1:      76752 bytes,      76752 total
- age   3:       1000 bytes,      77752 total
- age   5:       1064 bytes,      78816 total
- age   6:        232 bytes,      79048 total
: 136856K->394K(153344K), 0.0066524 secs] 340940K->204790K(1031552K), 0.0067664 secs] [Times: user=0.01 sys=0.00, real=0.01 secs] 
2016-08-24T16:57:54.384+0000: 10193.306: Total time for which application threads were stopped: 0.0075651 seconds, Stopping threads took: 0.0000972 seconds
2016-08-24T16:57:54.424+0000: 10193.345: [GC (Allocation Failure) 10193.345: [ParNew
Desired survivor size 8716288 bytes, new threshold 6 (max 6)
- age   1:      77368 bytes,      77368 total
- age   2:      14704 bytes,      92072 total
- age   4:       1000 bytes,      93072 total
- age   6:       1064 bytes,      94136 total
: 136714K->179K(153344K), 0.0052466 secs] 341110K->204575K(1031552K), 0.0053452 secs] [Times: user=0.01 sys=0.00, real=0.01 secs] 
2016-08-24T16:57:54.429+0000: 10193.351: Total time for which application threads were stopped: 0.0061704 seconds, Stopping threads took: 0.0001219 seconds
2016-08-24T16:57:54.468+0000: 10193.390: [GC (Allocation Failure) 10193.390: [ParNew
Desired survivor size 8716288 bytes, new threshold 6 (max 6)
- age   1:      80080 bytes,      80080 total
- age   3:       1000 bytes,      81080 total
- age   5:        968 bytes,      82048 total
: 136499K->104K(153344K), 0.0052427 secs] 340895K->204502K(1031552K), 0.0053766 secs] [Times: user=0.01 sys=0.00, real=0.00 secs] 
2016-08-24T16:57:54.474+0000: 10193.395: Total time for which application threads were stopped: 0.0061810 seconds, Stopping threads took: 0.0000971 seconds
2016-08-24T16:57:54.515+0000: 10193.436: [GC (Allocation Failure) 10193.437: [ParNew
Desired survivor size 8716288 bytes, new threshold 6 (max 6)
- age   1:      73488 bytes,      73488 total
- age   2:      18296 bytes,      91784 total
- age   4:       1000 bytes,      92784 total
- age   6:        968 bytes,      93752 total
: 136424K->125K(153344K), 0.0052153 secs] 340822K->204523K(1031552K), 0.0053150 secs] [Times: user=0.01 sys=0.00, real=0.01 secs] 
2016-08-24T16:57:54.520+0000: 10193.442: Total time for which application threads were stopped: 0.0061281 seconds, Stopping threads took: 0.0001205 seconds
2016-08-24T16:57:54.560+0000: 10193.482: [GC (Allocation Failure) 10193.482: [ParNew
Desired survivor size 8716288 bytes, new threshold 6 (max 6)
- age   1:      88200 bytes,      88200 total
- age   3:       1000 bytes,      89200 total
- age   5:        968 bytes,      90168 total
: 136445K->116K(153344K), 0.0054573 secs] 340843K->204515K(1031552K), 0.0055628 secs] [Times: user=0.01 sys=0.00, real=0.00 secs] 
2016-08-24T16:57:54.566+0000: 10193.488: Total time for which application threads were stopped: 0.0064133 seconds, Stopping threads took: 0.0000970 seconds
2016-08-24T16:57:54.608+0000: 10193.529: [GC (Allocation Failure) 10193.529: [ParNew
Desired survivor size 8716288 bytes, new threshold 6 (max 6)
- age   1:     190184 bytes,     190184 total
- age   2:       2712 bytes,     192896 total
- age   4:       1000 bytes,     193896 total
- age   6:        968 bytes,     194864 total
: 136436K->226K(153344K), 0.0055839 secs] 340835K->204625K(1031552K), 0.0056933 secs] [Times: user=0.01 sys=0.00, real=0.01 secs] 
2016-08-24T16:57:54.614+0000: 10193.535: Total time for which application threads were stopped: 0.0064807 seconds, Stopping threads took: 0.0000876 seconds
2016-08-24T16:58:04.303+0000: 10203.224: [GC (Allocation Failure) 10203.224: [ParNew
Desired survivor size 8716288 bytes, new threshold 6 (max 6)
- age   1:     851208 bytes,     851208 total
- age   2:      97144 bytes,     948352 total
- age   3:       1160 bytes,     949512 total
- age   5:        968 bytes,     950480 total
: 136546K->1005K(153344K), 0.0085746 secs] 340945K->205405K(1031552K), 0.0087081 secs] [Times: user=0.01 sys=0.00, real=0.01 secs] 
2016-08-24T16:58:04.311+0000: 10203.233: Total time for which application threads were stopped: 0.0095455 seconds, Stopping threads took: 0.0001272 seconds
2016-08-24T16:58:04.352+0000: 10203.273: [GC (Allocation Failure) 10203.273: [ParNew
Desired survivor size 8716288 bytes, new threshold 6 (max 6)
- age   1:      82480 bytes,      82480 total
- age   2:     185792 bytes,     268272 total
- age   3:      81472 bytes,     349744 total
- age   4:       1160 bytes,     350904 total
- age   6:        968 bytes,     351872 total
: 137325K->411K(153344K), 0.0064174 secs] 341725K->204810K(1031552K), 0.0065379 secs] [Times: user=0.02 sys=0.00, real=0.00 secs] 
2016-08-24T16:58:04.359+0000: 10203.280: Total time for which application threads were stopped: 0.0073677 seconds, Stopping threads took: 0.0001018 seconds
2016-08-24T16:58:04.398+0000: 10203.319: [GC (Allocation Failure) 10203.319: [ParNew
Desired survivor size 8716288 bytes, new threshold 6 (max 6)
- age   1:      87008 bytes,      87008 total
- age   3:     163968 bytes,     250976 total
- age   4:      81472 bytes,     332448 total
- age   5:       1160 bytes,     333608 total
: 136731K->493K(153344K), 0.0059992 secs] 341130K->204893K(1031552K), 0.0061261 secs] [Times: user=0.01 sys=0.00, real=0.01 secs] 
2016-08-24T16:58:04.404+0000: 10203.326: Total time for which application threads were stopped: 0.0069557 seconds, Stopping threads took: 0.0000987 seconds
2016-08-24T16:58:04.444+0000: 10203.365: [GC (Allocation Failure) 10203.365: [ParNew
Desired survivor size 8716288 bytes, new threshold 6 (max 6)
- age   1:      62568 bytes,      62568 total
- age   2:       1096 bytes,      63664 total
- age   4:     162120 bytes,     225784 total
- age   5:      81472 bytes,     307256 total
- age   6:       1160 bytes,     308416 total
: 136813K->452K(153344K), 0.0056444 secs] 341213K->204853K(1031552K), 0.0057464 secs] [Times: user=0.01 sys=0.00, real=0.01 secs] 
2016-08-24T16:58:04.450+0000: 10203.371: Total time for which application threads were stopped: 0.0065450 seconds, Stopping threads took: 0.0000998 seconds
2016-08-24T16:58:04.490+0000: 10203.411: [GC (Allocation Failure) 10203.411: [ParNew
Desired survivor size 8716288 bytes, new threshold 6 (max 6)
- age   1:      80192 bytes,      80192 total
- age   2:       4976 bytes,      85168 total
- age   3:       1096 bytes,      86264 total
- age   5:     162120 bytes,     248384 total
- age   6:      81472 bytes,     329856 total
: 136772K->436K(153344K), 0.0056432 secs] 341173K->204838K(1031552K), 0.0057470 secs] [Times: user=0.02 sys=0.00, real=0.00 secs] 
2016-08-24T16:58:04.495+0000: 10203.417: Total time for which application threads were stopped: 0.0065235 seconds, Stopping threads took: 0.0000889 seconds
2016-08-24T16:58:04.538+0000: 10203.459: [GC (Allocation Failure) 10203.460: [ParNew
Desired survivor size 8716288 bytes, new threshold 6 (max 6)
- age   1:      62160 bytes,      62160 total
- age   3:       1000 bytes,      63160 total
- age   4:       1064 bytes,      64224 total
- age   6:     160304 bytes,     224528 total
: 136756K->461K(153344K), 0.0058274 secs] 341158K->204944K(1031552K), 0.0059454 secs] [Times: user=0.01 sys=0.00, real=0.01 secs] 
2016-08-24T16:58:04.544+0000: 10203.466: Total time for which application threads were stopped: 0.0067396 seconds, Stopping threads took: 0.0000997 seconds
2016-08-24T16:58:04.582+0000: 10203.504: [GC (Allocation Failure) 10203.504: [ParNew
Desired survivor size 8716288 bytes, new threshold 6 (max 6)
- age   1:      74912 bytes,      74912 total
- age   2:       8568 bytes,      83480 total
- age   4:       1000 bytes,      84480 total
- age   5:       1064 bytes,      85544 total
: 136781K->174K(153344K), 0.0061835 secs] 341264K->204817K(1031552K), 0.0062841 secs] [Times: user=0.02 sys=0.00, real=0.01 secs] 
2016-08-24T16:58:04.588+0000: 10203.510: Total time for which application threads were stopped: 0.0070542 seconds, Stopping threads took: 0.0001002 seconds
2016-08-24T16:58:04.629+0000: 10203.550: [GC (Allocation Failure) 10203.550: [ParNew
Desired survivor size 8716288 bytes, new threshold 6 (max 6)
- age   1:      65768 bytes,      65768 total
- age   3:       1000 bytes,      66768 total
- age   5:        968 bytes,      67736 total
- age   6:       1064 bytes,      68800 total
: 136494K->82K(153344K), 0.0058469 secs] 341137K->204725K(1031552K), 0.0059806 secs] [Times: user=0.01 sys=0.00, real=0.00 secs] 
2016-08-24T16:58:04.635+0000: 10203.556: Total time for which application threads were stopped: 0.0069605 seconds, Stopping threads took: 0.0001667 seconds
2016-08-24T16:58:04.677+0000: 10203.598: [GC (Allocation Failure) 10203.598: [ParNew
Desired survivor size 8716288 bytes, new threshold 6 (max 6)
- age   1:      85144 bytes,      85144 total
- age   2:      11840 bytes,      96984 total
- age   4:       1000 bytes,      97984 total
- age   6:        968 bytes,      98952 total
: 136402K->127K(153344K), 0.0056572 secs] 341045K->204771K(1031552K), 0.0058076 secs] [Times: user=0.01 sys=0.00, real=0.01 secs] 
2016-08-24T16:58:04.682+0000: 10203.604: Total time for which application threads were stopped: 0.0066588 seconds, Stopping threads took: 0.0000961 seconds
2016-08-24T16:58:04.722+0000: 10203.644: [GC (Allocation Failure) 10203.644: [ParNew
Desired survivor size 8716288 bytes, new threshold 6 (max 6)
- age   1:      65880 bytes,      65880 total
- age   3:       1000 bytes,      66880 total
- age   5:        968 bytes,      67848 total
: 136447K->89K(153344K), 0.0053925 secs] 341091K->204734K(1031552K), 0.0054928 secs] [Times: user=0.01 sys=0.00, real=0.00 secs] 
2016-08-24T16:58:04.728+0000: 10203.649: Total time for which application threads were stopped: 0.0062797 seconds, Stopping threads took: 0.0001026 seconds
2016-08-24T16:58:04.767+0000: 10203.688: [GC (Allocation Failure) 10203.688: [ParNew
Desired survivor size 8716288 bytes, new threshold 6 (max 6)
- age   1:      79472 bytes,      79472 total
- age   2:      14464 bytes,      93936 total
- age   4:       1000 bytes,      94936 total
- age   6:        968 bytes,      95904 total
: 136409K->109K(153344K), 0.0059470 secs] 341054K->204754K(1031552K), 0.0060576 secs] [Times: user=0.01 sys=0.00, real=0.01 secs] 
2016-08-24T16:58:04.773+0000: 10203.694: Total time for which application threads were stopped: 0.0068720 seconds, Stopping threads took: 0.0001051 seconds
2016-08-24T16:58:14.348+0000: 10213.270: [GC (Allocation Failure) 10213.270: [ParNew
Desired survivor size 8716288 bytes, new threshold 6 (max 6)
- age   1:     978968 bytes,     978968 total
- age   3:        968 bytes,     979936 total
- age   5:        968 bytes,     980904 total
: 136429K->986K(153344K), 0.0087112 secs] 341074K->205632K(1031552K), 0.0088505 secs] [Times: user=0.01 sys=0.00, real=0.00 secs] 
2016-08-24T16:58:14.357+0000: 10213.279: Total time for which application threads were stopped: 0.0097481 seconds, Stopping threads took: 0.0001195 seconds
2016-08-24T16:58:14.395+0000: 10213.317: [GC (Allocation Failure) 10213.317: [ParNew
Desired survivor size 8716288 bytes, new threshold 6 (max 6)
- age   1:      61288 bytes,      61288 total
- age   2:     270720 bytes,     332008 total
- age   4:        968 bytes,     332976 total
- age   6:        968 bytes,     333944 total
: 137306K->365K(153344K), 0.0064410 secs] 341952K->205011K(1031552K), 0.0065527 secs] [Times: user=0.01 sys=0.00, real=0.01 secs] 
2016-08-24T16:58:14.402+0000: 10213.323: Total time for which application threads were stopped: 0.0073812 seconds, Stopping threads took: 0.0001202 seconds
2016-08-24T16:58:14.444+0000: 10213.366: [GC (Allocation Failure) 10213.366: [ParNew
Desired survivor size 8716288 bytes, new threshold 6 (max 6)
- age   1:      68152 bytes,      68152 total
- age   2:         72 bytes,      68224 total
- age   3:     255328 bytes,     323552 total
- age   5:        968 bytes,     324520 total
: 136685K->444K(153344K), 0.0062737 secs] 341331K->205091K(1031552K), 0.0063884 secs] [Times: user=0.02 sys=0.00, real=0.01 secs] 
2016-08-24T16:58:14.451+0000: 10213.372: Total time for which application threads were stopped: 0.0072110 seconds, Stopping threads took: 0.0001021 seconds
2016-08-24T16:58:14.489+0000: 10213.410: [GC (Allocation Failure) 10213.410: [ParNew
Desired survivor size 8716288 bytes, new threshold 6 (max 6)
- age   1:      77944 bytes,      77944 total
- age   2:      17200 bytes,      95144 total
- age   3:         72 bytes,      95216 total
- age   4:     255328 bytes,     350544 total
- age   6:        968 bytes,     351512 total
: 136764K->456K(153344K), 0.0057171 secs] 341411K->205103K(1031552K), 0.0058185 secs] [Times: user=0.01 sys=0.00, real=0.00 secs] 
2016-08-24T16:58:14.495+0000: 10213.416: Total time for which application threads were stopped: 0.0066370 seconds, Stopping threads took: 0.0001093 seconds
2016-08-24T16:58:14.536+0000: 10213.458: [GC (Allocation Failure) 10213.458: [ParNew
Desired survivor size 8716288 bytes, new threshold 6 (max 6)
- age   1:      62728 bytes,      62728 total
- age   3:       1096 bytes,      63824 total
- age   4:         72 bytes,      63896 total
- age   5:     252168 bytes,     316064 total
: 136776K->486K(153344K), 0.0060095 secs] 341423K->205134K(1031552K), 0.0061235 secs] [Times: user=0.01 sys=0.00, real=0.01 secs] 
2016-08-24T16:58:14.542+0000: 10213.464: Total time for which application threads were stopped: 0.0069679 seconds, Stopping threads took: 0.0000954 seconds
2016-08-24T16:58:14.583+0000: 10213.505: [GC (Allocation Failure) 10213.505: [ParNew
Desired survivor size 8716288 bytes, new threshold 6 (max 6)
- age   1:      67480 bytes,      67480 total
- age   2:      20104 bytes,      87584 total
- age   4:       1096 bytes,      88680 total
- age   5:         72 bytes,      88752 total
- age   6:     252040 bytes,     340792 total
: 136806K->456K(153344K), 0.0057602 secs] 341454K->205104K(1031552K), 0.0058734 secs] [Times: user=0.01 sys=0.00, real=0.01 secs] 
2016-08-24T16:58:14.589+0000: 10213.511: Total time for which application threads were stopped: 0.0066779 seconds, Stopping threads took: 0.0000992 seconds
2016-08-24T16:58:14.631+0000: 10213.553: [GC (Allocation Failure) 10213.553: [ParNew
Desired survivor size 8716288 bytes, new threshold 6 (max 6)
- age   1:      88960 bytes,      88960 total
- age   2:        336 bytes,      89296 total
- age   3:       1088 bytes,      90384 total
- age   5:       1064 bytes,      91448 total
- age   6:         72 bytes,      91520 total
: 136776K->331K(153344K), 0.0059087 secs] 341424K->205229K(1031552K), 0.0060417 secs] [Times: user=0.01 sys=0.00, real=0.00 secs] 
2016-08-24T16:58:14.637+0000: 10213.559: Total time for which application threads were stopped: 0.0069283 seconds, Stopping threads took: 0.0001369 seconds
2016-08-24T16:58:14.677+0000: 10213.599: [GC (Allocation Failure) 10213.599: [ParNew
Desired survivor size 8716288 bytes, new threshold 6 (max 6)
- age   1:      50296 bytes,      50296 total
- age   2:       1000 bytes,      51296 total
- age   3:        336 bytes,      51632 total
- age   4:       1056 bytes,      52688 total
- age   6:       1064 bytes,      53752 total
: 136651K->117K(153344K), 0.0052671 secs] 341549K->205015K(1031552K), 0.0053673 secs] [Times: user=0.01 sys=0.00, real=0.01 secs] 
2016-08-24T16:58:14.682+0000: 10213.604: Total time for which application threads were stopped: 0.0061893 seconds, Stopping threads took: 0.0000973 seconds
2016-08-24T16:58:14.722+0000: 10213.644: [GC (Allocation Failure) 10213.644: [ParNew
Desired survivor size 8716288 bytes, new threshold 6 (max 6)
- age   1:      60992 bytes,      60992 total
- age   2:       4736 bytes,      65728 total
- age   3:       1000 bytes,      66728 total
- age   4:        336 bytes,      67064 total
- age   5:       1056 bytes,      68120 total
: 136437K->83K(153344K), 0.0052203 secs] 341335K->204981K(1031552K), 0.0053207 secs] [Times: user=0.01 sys=0.00, real=0.00 secs] 
2016-08-24T16:58:14.728+0000: 10213.649: Total time for which application threads were stopped: 0.0061019 seconds, Stopping threads took: 0.0000980 seconds
2016-08-24T16:58:14.768+0000: 10213.690: [GC (Allocation Failure) 10213.690: [ParNew
Desired survivor size 8716288 bytes, new threshold 6 (max 6)
- age   1:      68824 bytes,      68824 total
- age   3:       1000 bytes,      69824 total
- age   4:        968 bytes,      70792 total
- age   5:        336 bytes,      71128 total
- age   6:       1056 bytes,      72184 total
: 136403K->97K(153344K), 0.0059241 secs] 341301K->204996K(1031552K), 0.0060341 secs] [Times: user=0.01 sys=0.00, real=0.00 secs] 
2016-08-24T16:58:14.774+0000: 10213.696: Total time for which application threads were stopped: 0.0068496 seconds, Stopping threads took: 0.0001017 seconds
2016-08-24T16:58:14.815+0000: 10213.736: [GC (Allocation Failure) 10213.736: [ParNew
Desired survivor size 8716288 bytes, new threshold 6 (max 6)
- age   1:      76064 bytes,      76064 total
- age   2:       8032 bytes,      84096 total
- age   4:       1000 bytes,      85096 total
- age   5:        968 bytes,      86064 total
- age   6:        336 bytes,      86400 total
: 136417K->99K(153344K), 0.0055830 secs] 341316K->204998K(1031552K), 0.0056925 secs] [Times: user=0.01 sys=0.00, real=0.01 secs] 
2016-08-24T16:58:14.821+0000: 10213.742: Total time for which application threads were stopped: 0.0065141 seconds, Stopping threads took: 0.0001148 seconds
2016-08-24T16:58:19.673+0000: 10218.595: Total time for which application threads were stopped: 0.0018159 seconds, Stopping threads took: 0.0002004 seconds
2016-08-24T16:58:19.675+0000: 10218.596: Total time for which application threads were stopped: 0.0012192 seconds, Stopping threads took: 0.0001262 seconds
2016-08-24T16:58:19.676+0000: 10218.598: Total time for which application threads were stopped: 0.0012778 seconds, Stopping threads took: 0.0001317 seconds
2016-08-24T16:58:22.826+0000: 10221.748: Total time for which application threads were stopped: 0.0007076 seconds, Stopping threads took: 0.0001092 seconds
2016-08-24T16:58:22.827+0000: 10221.748: Total time for which application threads were stopped: 0.0003109 seconds, Stopping threads took: 0.0000264 seconds
2016-08-24T16:58:22.827+0000: 10221.749: Total time for which application threads were stopped: 0.0003722 seconds, Stopping threads took: 0.0000609 seconds
2016-08-24T16:58:24.427+0000: 10223.349: [GC (Allocation Failure) 10223.349: [ParNew
Desired survivor size 8716288 bytes, new threshold 6 (max 6)
- age   1:    1250664 bytes,    1250664 total
- age   3:        968 bytes,    1251632 total
- age   5:        968 bytes,    1252600 total
- age   6:        968 bytes,    1253568 total
: 136419K->1251K(153344K), 0.0094009 secs] 341318K->206151K(1031552K), 0.0095477 secs] [Times: user=0.02 sys=0.00, real=0.01 secs] 
2016-08-24T16:58:24.437+0000: 10223.358: Total time for which application threads were stopped: 0.0104210 seconds, Stopping threads took: 0.0001003 seconds
2016-08-24T16:58:24.478+0000: 10223.399: [GC (Allocation Failure) 10223.399: [ParNew
Desired survivor size 8716288 bytes, new threshold 6 (max 6)
- age   1:      69408 bytes,      69408 total
- age   2:     301128 bytes,     370536 total
- age   4:        968 bytes,     371504 total
- age   6:        968 bytes,     372472 total
: 137571K->520K(153344K), 0.0058340 secs] 342471K->205421K(1031552K), 0.0059382 secs] [Times: user=0.01 sys=0.00, real=0.01 secs] 
2016-08-24T16:58:24.484+0000: 10223.405: Total time for which application threads were stopped: 0.0068023 seconds, Stopping threads took: 0.0001061 seconds
2016-08-24T16:58:24.522+0000: 10223.444: [GC (Allocation Failure) 10223.444: [ParNew
Desired survivor size 8716288 bytes, new threshold 6 (max 6)
- age   1:      57928 bytes,      57928 total
- age   2:        192 bytes,      58120 total
- age   3:     293264 bytes,     351384 total
- age   5:        968 bytes,     352352 total
: 136840K->496K(153344K), 0.0063541 secs] 341741K->205398K(1031552K), 0.0064650 secs] [Times: user=0.01 sys=0.00, real=0.01 secs] 
2016-08-24T16:58:24.529+0000: 10223.450: Total time for which application threads were stopped: 0.0072775 seconds, Stopping threads took: 0.0001004 seconds
2016-08-24T16:58:24.570+0000: 10223.492: [GC (Allocation Failure) 10223.492: [ParNew
Desired survivor size 8716288 bytes, new threshold 6 (max 6)
- age   1:      70088 bytes,      70088 total
- age   2:       9704 bytes,      79792 total
- age   3:        192 bytes,      79984 total
- age   4:     293264 bytes,     373248 total
- age   6:        968 bytes,     374216 total
: 136816K->651K(153344K), 0.0063983 secs] 341718K->205553K(1031552K), 0.0065109 secs] [Times: user=0.01 sys=0.00, real=0.00 secs] 
2016-08-24T16:58:24.577+0000: 10223.498: Total time for which application threads were stopped: 0.0073554 seconds, Stopping threads took: 0.0001032 seconds
2016-08-24T16:58:24.617+0000: 10223.538: [GC (Allocation Failure) 10223.538: [ParNew
Desired survivor size 8716288 bytes, new threshold 6 (max 6)
- age   1:      65680 bytes,      65680 total
- age   3:       1096 bytes,      66776 total
- age   4:        192 bytes,      66968 total
- age   5:     291416 bytes,     358384 total
: 136971K->439K(153344K), 0.0060971 secs] 341873K->205342K(1031552K), 0.0062072 secs] [Times: user=0.01 sys=0.00, real=0.01 secs] 
2016-08-24T16:58:24.623+0000: 10223.545: Total time for which application threads were stopped: 0.0070910 seconds, Stopping threads took: 0.0001142 seconds
2016-08-24T16:58:24.662+0000: 10223.583: [GC (Allocation Failure) 10223.583: [ParNew
Desired survivor size 8716288 bytes, new threshold 6 (max 6)
- age   1:      68960 bytes,      68960 total
- age   2:      13104 bytes,      82064 total
- age   4:       1096 bytes,      83160 total
- age   5:        192 bytes,      83352 total
- age   6:     291416 bytes,     374768 total
: 136759K->464K(153344K), 0.0055076 secs] 341662K->205366K(1031552K), 0.0056274 secs] [Times: user=0.01 sys=0.00, real=0.00 secs] 
2016-08-24T16:58:24.668+0000: 10223.589: Total time for which application threads were stopped: 0.0064607 seconds, Stopping threads took: 0.0001145 seconds
2016-08-24T16:58:24.706+0000: 10223.628: [GC (Allocation Failure) 10223.628: [ParNew
Desired survivor size 8716288 bytes, new threshold 6 (max 6)
- age   1:      63808 bytes,      63808 total
- age   3:       1000 bytes,      64808 total
- age   5:       1064 bytes,      65872 total
- age   6:        192 bytes,      66064 total
: 136784K->353K(153344K), 0.0061689 secs] 341686K->205545K(1031552K), 0.0062765 secs] [Times: user=0.01 sys=0.00, real=0.01 secs] 
2016-08-24T16:58:24.713+0000: 10223.634: Total time for which application threads were stopped: 0.0071079 seconds, Stopping threads took: 0.0001032 seconds
2016-08-24T16:58:24.751+0000: 10223.672: [GC (Allocation Failure) 10223.672: [ParNew
Desired survivor size 8716288 bytes, new threshold 6 (max 6)
- age   1:      62592 bytes,      62592 total
- age   2:      15264 bytes,      77856 total
- age   4:       1000 bytes,      78856 total
- age   6:       1064 bytes,      79920 total
: 136673K->161K(153344K), 0.0051515 secs] 341865K->205353K(1031552K), 0.0052515 secs] [Times: user=0.01 sys=0.00, real=0.00 secs] 
2016-08-24T16:58:24.756+0000: 10223.677: Total time for which application threads were stopped: 0.0060594 seconds, Stopping threads took: 0.0001024 seconds
2016-08-24T16:58:24.797+0000: 10223.718: [GC (Allocation Failure) 10223.718: [ParNew
Desired survivor size 8716288 bytes, new threshold 6 (max 6)
- age   1:      76544 bytes,      76544 total
- age   3:       1000 bytes,      77544 total
- age   5:        968 bytes,      78512 total
: 136481K->83K(153344K), 0.0053442 secs] 341673K->205276K(1031552K), 0.0054483 secs] [Times: user=0.01 sys=0.00, real=0.01 secs] 
2016-08-24T16:58:24.802+0000: 10223.724: Total time for which application threads were stopped: 0.0063054 seconds, Stopping threads took: 0.0001150 seconds
2016-08-24T16:58:24.841+0000: 10223.763: [GC (Allocation Failure) 10223.763: [ParNew
Desired survivor size 8716288 bytes, new threshold 6 (max 6)
- age   1:      77920 bytes,      77920 total
- age   2:      18792 bytes,      96712 total
- age   4:       1000 bytes,      97712 total
- age   6:        968 bytes,      98680 total
: 136403K->111K(153344K), 0.0052191 secs] 341596K->205304K(1031552K), 0.0053190 secs] [Times: user=0.01 sys=0.00, real=0.00 secs] 
2016-08-24T16:58:24.847+0000: 10223.768: Total time for which application threads were stopped: 0.0061752 seconds, Stopping threads took: 0.0001220 seconds
2016-08-24T16:58:24.887+0000: 10223.809: [GC (Allocation Failure) 10223.809: [ParNew
Desired survivor size 8716288 bytes, new threshold 6 (max 6)
- age   1:      84048 bytes,      84048 total
- age   3:       1000 bytes,      85048 total
- age   5:        968 bytes,      86016 total
: 136431K->121K(153344K), 0.0053056 secs] 341624K->205315K(1031552K), 0.0054105 secs] [Times: user=0.01 sys=0.00, real=0.01 secs] 
2016-08-24T16:58:24.893+0000: 10223.814: Total time for which application threads were stopped: 0.0062196 seconds, Stopping threads took: 0.0000900 seconds
2016-08-24T16:58:24.937+0000: 10223.859: [GC (Allocation Failure) 10223.859: [ParNew
Desired survivor size 8716288 bytes, new threshold 6 (max 6)
- age   1:     188912 bytes,     188912 total
- age   2:       2416 bytes,     191328 total
- age   4:       1000 bytes,     192328 total
- age   6:        968 bytes,     193296 total
: 136441K->207K(153344K), 0.0053346 secs] 341635K->205401K(1031552K), 0.0054273 secs] [Times: user=0.01 sys=0.00, real=0.01 secs] 
2016-08-24T16:58:24.943+0000: 10223.864: Total time for which application threads were stopped: 0.0062048 seconds, Stopping threads took: 0.0001587 seconds
2016-08-24T16:58:25.945+0000: 10224.867: Total time for which application threads were stopped: 0.0019912 seconds, Stopping threads took: 0.0002673 seconds
2016-08-24T16:58:34.392+0000: 10233.313: [GC (Allocation Failure) 10233.314: [ParNew
Desired survivor size 8716288 bytes, new threshold 6 (max 6)
- age   1:     844928 bytes,     844928 total
- age   2:      88568 bytes,     933496 total
- age   3:        968 bytes,     934464 total
- age   5:        968 bytes,     935432 total
: 136527K->917K(153344K), 0.0077552 secs] 341721K->206112K(1031552K), 0.0078961 secs] [Times: user=0.01 sys=0.01, real=0.00 secs] 
2016-08-24T16:58:34.400+0000: 10233.322: Total time for which application threads were stopped: 0.0087244 seconds, Stopping threads took: 0.0001005 seconds
2016-08-24T16:58:34.443+0000: 10233.365: [GC (Allocation Failure) 10233.365: [ParNew
Desired survivor size 8716288 bytes, new threshold 6 (max 6)
- age   1:      72904 bytes,      72904 total
- age   2:     188248 bytes,     261152 total
- age   3:      86144 bytes,     347296 total
- age   4:        968 bytes,     348264 total
- age   6:        968 bytes,     349232 total
: 137237K->516K(153344K), 0.0057495 secs] 342432K->205711K(1031552K), 0.0058513 secs] [Times: user=0.01 sys=0.00, real=0.01 secs] 
2016-08-24T16:58:34.449+0000: 10233.371: Total time for which application threads were stopped: 0.0066942 seconds, Stopping threads took: 0.0001003 seconds
2016-08-24T16:58:34.489+0000: 10233.411: [GC (Allocation Failure) 10233.411: [ParNew
Desired survivor size 8716288 bytes, new threshold 6 (max 6)
- age   1:      97336 bytes,      97336 total
- age   2:         96 bytes,      97432 total
- age   3:     166320 bytes,     263752 total
- age   4:      86144 bytes,     349896 total
- age   5:        968 bytes,     350864 total
: 136836K->469K(153344K), 0.0056914 secs] 342031K->205665K(1031552K), 0.0058050 secs] [Times: user=0.01 sys=0.00, real=0.00 secs] 
2016-08-24T16:58:34.495+0000: 10233.417: Total time for which application threads were stopped: 0.0066323 seconds, Stopping threads took: 0.0001063 seconds
2016-08-24T16:58:34.536+0000: 10233.457: [GC (Allocation Failure) 10233.457: [ParNew
Desired survivor size 8716288 bytes, new threshold 6 (max 6)
- age   1:      58904 bytes,      58904 total
- age   2:       1096 bytes,      60000 total
- age   3:         96 bytes,      60096 total
- age   4:     164472 bytes,     224568 total
- age   5:      86144 bytes,     310712 total
- age   6:        968 bytes,     311680 total
: 136789K->487K(153344K), 0.0057658 secs] 341985K->205683K(1031552K), 0.0058719 secs] [Times: user=0.01 sys=0.00, real=0.01 secs] 
2016-08-24T16:58:34.542+0000: 10233.463: Total time for which application threads were stopped: 0.0067044 seconds, Stopping threads took: 0.0000968 seconds
2016-08-24T16:58:34.580+0000: 10233.502: [GC (Allocation Failure) 10233.502: [ParNew
Desired survivor size 8716288 bytes, new threshold 6 (max 6)
- age   1:      72424 bytes,      72424 total
- age   2:       4976 bytes,      77400 total
- age   3:       1096 bytes,      78496 total
- age   4:         96 bytes,      78592 total
- age   5:     164344 bytes,     242936 total
- age   6:      86144 bytes,     329080 total
: 136807K->401K(153344K), 0.0054631 secs] 342003K->205598K(1031552K), 0.0055928 secs] [Times: user=0.01 sys=0.00, real=0.00 secs] 
2016-08-24T16:58:34.586+0000: 10233.508: Total time for which application threads were stopped: 0.0064080 seconds, Stopping threads took: 0.0000970 seconds
2016-08-24T16:58:34.629+0000: 10233.551: [GC (Allocation Failure) 10233.551: [ParNew
Desired survivor size 8716288 bytes, new threshold 6 (max 6)
- age   1:      52840 bytes,      52840 total
- age   2:        360 bytes,      53200 total
- age   3:       1000 bytes,      54200 total
- age   4:       1064 bytes,      55264 total
- age   5:         96 bytes,      55360 total
- age   6:     162528 bytes,     217888 total
: 136721K->408K(153344K), 0.0062798 secs] 341918K->205691K(1031552K), 0.0064276 secs] [Times: user=0.01 sys=0.00, real=0.00 secs] 
2016-08-24T16:58:34.636+0000: 10233.557: Total time for which application threads were stopped: 0.0073176 seconds, Stopping threads took: 0.0000911 seconds
2016-08-24T16:58:34.675+0000: 10233.596: [GC (Allocation Failure) 10233.597: [ParNew
Desired survivor size 8716288 bytes, new threshold 6 (max 6)
- age   1:      73800 bytes,      73800 total
- age   2:       8808 bytes,      82608 total
- age   3:        360 bytes,      82968 total
- age   4:       1000 bytes,      83968 total
- age   5:       1064 bytes,      85032 total
- age   6:         96 bytes,      85128 total
: 136728K->162K(153344K), 0.0058217 secs] 342011K->205607K(1031552K), 0.0059165 secs] [Times: user=0.01 sys=0.00, real=0.01 secs] 
2016-08-24T16:58:34.681+0000: 10233.602: Total time for which application threads were stopped: 0.0067081 seconds, Stopping threads took: 0.0001031 seconds
2016-08-24T16:58:34.720+0000: 10233.641: [GC (Allocation Failure) 10233.641: [ParNew
Desired survivor size 8716288 bytes, new threshold 6 (max 6)
- age   1:      63992 bytes,      63992 total
- age   3:       1000 bytes,      64992 total
- age   4:        360 bytes,      65352 total
- age   5:        968 bytes,      66320 total
- age   6:       1064 bytes,      67384 total
: 136482K->79K(153344K), 0.0057038 secs] 341927K->205523K(1031552K), 0.0058226 secs] [Times: user=0.01 sys=0.00, real=0.01 secs] 
2016-08-24T16:58:34.726+0000: 10233.647: Total time for which application threads were stopped: 0.0066689 seconds, Stopping threads took: 0.0001032 seconds
2016-08-24T16:58:34.766+0000: 10233.687: [GC (Allocation Failure) 10233.687: [ParNew
Desired survivor size 8716288 bytes, new threshold 6 (max 6)
- age   1:      84496 bytes,      84496 total
- age   2:      11952 bytes,      96448 total
- age   4:       1000 bytes,      97448 total
- age   5:        360 bytes,      97808 total
- age   6:        968 bytes,      98776 total
: 136399K->105K(153344K), 0.0055489 secs] 341843K->205551K(1031552K), 0.0056647 secs] [Times: user=0.01 sys=0.00, real=0.01 secs] 
2016-08-24T16:58:34.771+0000: 10233.693: Total time for which application threads were stopped: 0.0065075 seconds, Stopping threads took: 0.0000989 seconds
2016-08-24T16:58:34.811+0000: 10233.732: [GC (Allocation Failure) 10233.732: [ParNew
Desired survivor size 8716288 bytes, new threshold 6 (max 6)
- age   1:      75968 bytes,      75968 total
- age   3:       1000 bytes,      76968 total
- age   5:        968 bytes,      77936 total
- age   6:        288 bytes,      78224 total
: 136425K->115K(153344K), 0.0052456 secs] 341871K->205561K(1031552K), 0.0053331 secs] [Times: user=0.01 sys=0.00, real=0.00 secs] 
2016-08-24T16:58:34.816+0000: 10233.738: Total time for which application threads were stopped: 0.0061578 seconds, Stopping threads took: 0.0000988 seconds
2016-08-24T16:58:34.856+0000: 10233.778: [GC (Allocation Failure) 10233.778: [ParNew
Desired survivor size 8716288 bytes, new threshold 6 (max 6)
- age   1:      85480 bytes,      85480 total
- age   2:      14712 bytes,     100192 total
- age   4:       1000 bytes,     101192 total
- age   6:        968 bytes,     102160 total
: 136435K->119K(153344K), 0.0057679 secs] 341881K->205566K(1031552K), 0.0059033 secs] [Times: user=0.01 sys=0.00, real=0.01 secs] 
2016-08-24T16:58:34.862+0000: 10233.784: Total time for which application threads were stopped: 0.0067700 seconds, Stopping threads took: 0.0001026 seconds
2016-08-24T16:58:44.242+0000: 10243.164: [GC (Allocation Failure) 10243.164: [ParNew
Desired survivor size 8716288 bytes, new threshold 6 (max 6)
- age   1:    1013656 bytes,    1013656 total
- age   3:       1096 bytes,    1014752 total
- age   5:        968 bytes,    1015720 total
: 136439K->1024K(153344K), 0.0076384 secs] 341886K->206471K(1031552K), 0.0077666 secs] [Times: user=0.02 sys=0.00, real=0.01 secs] 
2016-08-24T16:58:44.250+0000: 10243.172: Total time for which application threads were stopped: 0.0086163 seconds, Stopping threads took: 0.0000979 seconds
2016-08-24T16:58:44.288+0000: 10243.210: [GC (Allocation Failure) 10243.210: [ParNew
Desired survivor size 8716288 bytes, new threshold 6 (max 6)
- age   1:      61400 bytes,      61400 total
- age   2:     286640 bytes,     348040 total
- age   4:       1096 bytes,     349136 total
- age   6:        968 bytes,     350104 total
: 137344K->422K(153344K), 0.0061442 secs] 342791K->205870K(1031552K), 0.0062739 secs] [Times: user=0.02 sys=0.00, real=0.01 secs] 
2016-08-24T16:58:44.294+0000: 10243.216: Total time for which application threads were stopped: 0.0070971 seconds, Stopping threads took: 0.0000950 seconds
2016-08-24T16:58:44.338+0000: 10243.260: [GC (Allocation Failure) 10243.260: [ParNew
Desired survivor size 8716288 bytes, new threshold 6 (max 6)
- age   1:      77912 bytes,      77912 total
- age   2:         72 bytes,      77984 total
- age   3:     271048 bytes,     349032 total
- age   5:       1096 bytes,     350128 total
: 136742K->597K(153344K), 0.0057626 secs] 342190K->206045K(1031552K), 0.0058653 secs] [Times: user=0.01 sys=0.00, real=0.01 secs] 
2016-08-24T16:58:44.344+0000: 10243.266: Total time for which application threads were stopped: 0.0066796 seconds, Stopping threads took: 0.0000994 seconds
2016-08-24T16:58:44.383+0000: 10243.304: [GC (Allocation Failure) 10243.304: [ParNew
Desired survivor size 8716288 bytes, new threshold 6 (max 6)
- age   1:      65656 bytes,      65656 total
- age   2:      17456 bytes,      83112 total
- age   3:         72 bytes,      83184 total
- age   4:     271048 bytes,     354232 total
- age   6:       1096 bytes,     355328 total
: 136917K->406K(153344K), 0.0058076 secs] 342365K->205855K(1031552K), 0.0059126 secs] [Times: user=0.01 sys=0.00, real=0.01 secs] 
2016-08-24T16:58:44.389+0000: 10243.310: Total time for which application threads were stopped: 0.0067033 seconds, Stopping threads took: 0.0000993 seconds
2016-08-24T16:58:44.430+0000: 10243.351: [GC (Allocation Failure) 10243.351: [ParNew
Desired survivor size 8716288 bytes, new threshold 6 (max 6)
- age   1:      65512 bytes,      65512 total
- age   3:       1096 bytes,      66608 total
- age   4:         72 bytes,      66680 total
- age   5:     269200 bytes,     335880 total
: 136726K->595K(153344K), 0.0057860 secs] 342175K->206044K(1031552K), 0.0058892 secs] [Times: user=0.01 sys=0.00, real=0.00 secs] 
2016-08-24T16:58:44.436+0000: 10243.357: Total time for which application threads were stopped: 0.0067116 seconds, Stopping threads took: 0.0001029 seconds
2016-08-24T16:58:44.475+0000: 10243.397: [GC (Allocation Failure) 10243.397: [ParNew
Desired survivor size 8716288 bytes, new threshold 6 (max 6)
- age   1:      87848 bytes,      87848 total
- age   2:      20016 bytes,     107864 total
- age   4:       1096 bytes,     108960 total
- age   5:         72 bytes,     109032 total
- age   6:     269200 bytes,     378232 total
: 136915K->486K(153344K), 0.0058304 secs] 342364K->205936K(1031552K), 0.0059336 secs] [Times: user=0.01 sys=0.00, real=0.01 secs] 
2016-08-24T16:58:44.481+0000: 10243.403: Total time for which application threads were stopped: 0.0067580 seconds, Stopping threads took: 0.0001054 seconds
2016-08-24T16:58:44.521+0000: 10243.443: [GC (Allocation Failure) 10243.443: [ParNew
Desired survivor size 8716288 bytes, new threshold 6 (max 6)
- age   1:      81088 bytes,      81088 total
- age   3:       1000 bytes,      82088 total
- age   5:       1064 bytes,      83152 total
- age   6:         72 bytes,      83224 total
: 136806K->333K(153344K), 0.0062441 secs] 342256K->206049K(1031552K), 0.0063514 secs] [Times: user=0.01 sys=0.00, real=0.00 secs] 
2016-08-24T16:58:44.528+0000: 10243.449: Total time for which application threads were stopped: 0.0071607 seconds, Stopping threads took: 0.0001004 seconds
2016-08-24T16:58:44.568+0000: 10243.489: [GC (Allocation Failure) 10243.490: [ParNew
Desired survivor size 8716288 bytes, new threshold 6 (max 6)
- age   1:      61960 bytes,      61960 total
- age   2:       1000 bytes,      62960 total
- age   4:        968 bytes,      63928 total
- age   6:       1064 bytes,      64992 total
: 136653K->117K(153344K), 0.0051933 secs] 342369K->205833K(1031552K), 0.0053026 secs] [Times: user=0.01 sys=0.00, real=0.01 secs] 
2016-08-24T16:58:44.573+0000: 10243.495: Total time for which application threads were stopped: 0.0061011 seconds, Stopping threads took: 0.0000973 seconds
2016-08-24 16:58:44 GC log file has reached the maximum size. Saved as log/gc.log.2
