2016-08-24 16:58:44 GC log file created log/gc.log.3
Java HotSpot(TM) 64-Bit Server VM (25.40-b25) for linux-amd64 JRE (1.8.0_40-b25), built on Feb 10 2015 21:29:53 by "java_re" with gcc 4.3.0 20080428 (Red Hat 4.3.0-8)
Memory: 4k page, physical 8176932k(5204652k free), swap 0k(0k free)
CommandLine flags: -XX:CICompilerCount=2 -XX:+CMSClassUnloadingEnabled -XX:+CMSParallelRemarkEnabled -XX:+CMSScavengeBeforeRemark -XX:GCLogFileSize=1048576 -XX:InitialHeapSize=1073741824 -XX:MaxHeapSize=1073741824 -XX:MaxNewSize=174456832 -XX:MaxTenuringThreshold=6 -XX:MinHeapDeltaBytes=196608 -XX:NewSize=174456832 -XX:NumberOfGCLogFiles=5 -XX:OldPLABSize=16 -XX:OldSize=899284992 -XX:+PrintGC -XX:+PrintGCApplicationStoppedTime -XX:+PrintGCCause -XX:+PrintGCDateStamps -XX:+PrintGCDetails -XX:+PrintGCTimeStamps -XX:+PrintTenuringDistribution -XX:+ScavengeBeforeFullGC -XX:+UseCompressedClassPointers -XX:+UseCompressedOops -XX:+UseConcMarkSweepGC -XX:+UseGCLogFileRotation -XX:+UseParNewGC 
2016-08-24T16:58:44.614+0000: 10243.535: [GC (Allocation Failure) 10243.535: [ParNew
Desired survivor size 8716288 bytes, new threshold 6 (max 6)
- age   1:      63400 bytes,      63400 total
- age   2:       4856 bytes,      68256 total
- age   3:       1000 bytes,      69256 total
- age   5:        968 bytes,      70224 total
: 136437K->88K(153344K), 0.0057124 secs] 342153K->205805K(1031552K), 0.0058390 secs] [Times: user=0.01 sys=0.00, real=0.00 secs] 
2016-08-24T16:58:44.620+0000: 10243.541: Total time for which application threads were stopped: 0.0074063 seconds, Stopping threads took: 0.0000903 seconds
2016-08-24T16:58:44.663+0000: 10243.585: [GC (Allocation Failure) 10243.585: [ParNew
Desired survivor size 8716288 bytes, new threshold 6 (max 6)
- age   1:      49504 bytes,      49504 total
- age   3:       1000 bytes,      50504 total
- age   4:        968 bytes,      51472 total
- age   6:        968 bytes,      52440 total
: 136408K->68K(153344K), 0.0055580 secs] 342125K->205786K(1031552K), 0.0056601 secs] [Times: user=0.01 sys=0.00, real=0.01 secs] 
2016-08-24T16:58:44.669+0000: 10243.590: Total time for which application threads were stopped: 0.0064567 seconds, Stopping threads took: 0.0000995 seconds
2016-08-24T16:58:44.707+0000: 10243.628: [GC (Allocation Failure) 10243.628: [ParNew
Desired survivor size 8716288 bytes, new threshold 6 (max 6)
- age   1:      80512 bytes,      80512 total
- age   2:       8120 bytes,      88632 total
- age   4:       1000 bytes,      89632 total
- age   5:        968 bytes,      90600 total
: 136388K->101K(153344K), 0.0054357 secs] 342106K->205820K(1031552K), 0.0055346 secs] [Times: user=0.01 sys=0.00, real=0.01 secs] 
2016-08-24T16:58:44.713+0000: 10243.634: Total time for which application threads were stopped: 0.0063886 seconds, Stopping threads took: 0.0001008 seconds
2016-08-24T16:58:53.784+0000: 10252.706: [GC (Allocation Failure) 10252.706: [ParNew
Desired survivor size 8716288 bytes, new threshold 6 (max 6)
- age   1:    1111736 bytes,    1111736 total
- age   3:        968 bytes,    1112704 total
- age   5:        968 bytes,    1113672 total
- age   6:        968 bytes,    1114640 total
: 136421K->1112K(153344K), 0.0085813 secs] 342140K->206831K(1031552K), 0.0086975 secs] [Times: user=0.02 sys=0.00, real=0.01 secs] 
2016-08-24T16:58:53.793+0000: 10252.714: Total time for which application threads were stopped: 0.0096072 seconds, Stopping threads took: 0.0001749 seconds
2016-08-24T16:58:53.832+0000: 10252.754: [GC (Allocation Failure) 10252.754: [ParNew
Desired survivor size 8716288 bytes, new threshold 6 (max 6)
- age   1:      80848 bytes,      80848 total
- age   2:     294656 bytes,     375504 total
- age   4:        968 bytes,     376472 total
- age   6:        968 bytes,     377440 total
: 137432K->508K(153344K), 0.0060377 secs] 343151K->206228K(1031552K), 0.0061439 secs] [Times: user=0.01 sys=0.00, real=0.00 secs] 
2016-08-24T16:58:53.839+0000: 10252.760: Total time for which application threads were stopped: 0.0070018 seconds, Stopping threads took: 0.0001287 seconds
2016-08-24T16:58:53.881+0000: 10252.803: [GC (Allocation Failure) 10252.803: [ParNew
Desired survivor size 8716288 bytes, new threshold 6 (max 6)
- age   1:      56048 bytes,      56048 total
- age   2:        304 bytes,      56352 total
- age   3:     285800 bytes,     342152 total
- age   5:        968 bytes,     343120 total
: 136828K->498K(153344K), 0.0059791 secs] 342548K->206219K(1031552K), 0.0060950 secs] [Times: user=0.01 sys=0.00, real=0.00 secs] 
2016-08-24T16:58:53.887+0000: 10252.809: Total time for which application threads were stopped: 0.0069031 seconds, Stopping threads took: 0.0000996 seconds
2016-08-24T16:58:53.927+0000: 10252.849: [GC (Allocation Failure) 10252.849: [ParNew
Desired survivor size 8716288 bytes, new threshold 6 (max 6)
- age   1:      84888 bytes,      84888 total
- age   2:      10384 bytes,      95272 total
- age   3:        272 bytes,      95544 total
- age   4:     285040 bytes,     380584 total
- age   6:        968 bytes,     381552 total
: 136818K->489K(153344K), 0.0060166 secs] 342539K->206210K(1031552K), 0.0061221 secs] [Times: user=0.01 sys=0.00, real=0.01 secs] 
2016-08-24T16:58:53.934+0000: 10252.855: Total time for which application threads were stopped: 0.0069437 seconds, Stopping threads took: 0.0001037 seconds
2016-08-24T16:58:53.974+0000: 10252.896: [GC (Allocation Failure) 10252.896: [ParNew
Desired survivor size 8716288 bytes, new threshold 6 (max 6)
- age   1:      66216 bytes,      66216 total
- age   2:       1064 bytes,      67280 total
- age   3:       1096 bytes,      68376 total
- age   4:        272 bytes,      68648 total
- age   5:     283192 bytes,     351840 total
: 136809K->531K(153344K), 0.0059561 secs] 342530K->206253K(1031552K), 0.0060682 secs] [Times: user=0.01 sys=0.00, real=0.01 secs] 
2016-08-24T16:58:53.981+0000: 10252.902: Total time for which application threads were stopped: 0.0068628 seconds, Stopping threads took: 0.0000981 seconds
2016-08-24T16:58:54.020+0000: 10252.942: [GC (Allocation Failure) 10252.942: [ParNew
Desired survivor size 8716288 bytes, new threshold 6 (max 6)
- age   1:      74536 bytes,      74536 total
- age   2:      13992 bytes,      88528 total
- age   3:       1064 bytes,      89592 total
- age   4:       1096 bytes,      90688 total
- age   5:        272 bytes,      90960 total
- age   6:     283192 bytes,     374152 total
: 136851K->502K(153344K), 0.0063361 secs] 342573K->206224K(1031552K), 0.0064476 secs] [Times: user=0.02 sys=0.00, real=0.00 secs] 
2016-08-24T16:58:54.027+0000: 10252.948: Total time for which application threads were stopped: 0.0072792 seconds, Stopping threads took: 0.0001030 seconds
2016-08-24T16:58:54.069+0000: 10252.990: [GC (Allocation Failure) 10252.990: [ParNew
Desired survivor size 8716288 bytes, new threshold 6 (max 6)
- age   1:      62056 bytes,      62056 total
- age   3:       1000 bytes,      63056 total
- age   4:       1064 bytes,      64120 total
- age   5:       1064 bytes,      65184 total
- age   6:        272 bytes,      65456 total
: 136822K->359K(153344K), 0.0069967 secs] 342544K->206362K(1031552K), 0.0071220 secs] [Times: user=0.01 sys=0.00, real=0.00 secs] 
2016-08-24T16:58:54.076+0000: 10252.997: Total time for which application threads were stopped: 0.0080106 seconds, Stopping threads took: 0.0001020 seconds
2016-08-24T16:58:54.114+0000: 10253.036: [GC (Allocation Failure) 10253.036: [ParNew
Desired survivor size 8716288 bytes, new threshold 6 (max 6)
- age   1:      92888 bytes,      92888 total
- age   2:      16240 bytes,     109128 total
- age   4:       1000 bytes,     110128 total
- age   5:       1064 bytes,     111192 total
- age   6:       1064 bytes,     112256 total
: 136679K->165K(153344K), 0.0059683 secs] 342682K->206168K(1031552K), 0.0060760 secs] [Times: user=0.01 sys=0.00, real=0.01 secs] 
2016-08-24T16:58:54.120+0000: 10253.042: Total time for which application threads were stopped: 0.0068904 seconds, Stopping threads took: 0.0000991 seconds
2016-08-24T16:58:54.162+0000: 10253.084: [GC (Allocation Failure) 10253.084: [ParNew
Desired survivor size 8716288 bytes, new threshold 6 (max 6)
- age   1:      62672 bytes,      62672 total
- age   3:       1000 bytes,      63672 total
- age   5:        968 bytes,      64640 total
- age   6:       1064 bytes,      65704 total
: 136485K->84K(153344K), 0.0059977 secs] 342488K->206089K(1031552K), 0.0061224 secs] [Times: user=0.02 sys=0.00, real=0.01 secs] 
2016-08-24T16:58:54.168+0000: 10253.090: Total time for which application threads were stopped: 0.0069412 seconds, Stopping threads took: 0.0000969 seconds
2016-08-24T16:58:54.213+0000: 10253.134: [GC (Allocation Failure) 10253.134: [ParNew
Desired survivor size 8716288 bytes, new threshold 6 (max 6)
- age   1:      67752 bytes,      67752 total
- age   2:      19336 bytes,      87088 total
- age   4:       1000 bytes,      88088 total
- age   6:        968 bytes,      89056 total
: 136404K->105K(153344K), 0.0055978 secs] 342409K->206111K(1031552K), 0.0057017 secs] [Times: user=0.01 sys=0.00, real=0.00 secs] 
2016-08-24T16:58:54.219+0000: 10253.140: Total time for which application threads were stopped: 0.0065455 seconds, Stopping threads took: 0.0001125 seconds
2016-08-24T16:58:54.260+0000: 10253.181: [GC (Allocation Failure) 10253.181: [ParNew
Desired survivor size 8716288 bytes, new threshold 6 (max 6)
- age   1:      84784 bytes,      84784 total
- age   3:       1000 bytes,      85784 total
- age   5:        968 bytes,      86752 total
: 136425K->126K(153344K), 0.0059705 secs] 342431K->206132K(1031552K), 0.0060797 secs] [Times: user=0.01 sys=0.00, real=0.01 secs] 
2016-08-24T16:58:54.266+0000: 10253.188: Total time for which application threads were stopped: 0.0069063 seconds, Stopping threads took: 0.0001032 seconds
2016-08-24T16:58:54.362+0000: 10253.284: [GC (Allocation Failure) 10253.284: [ParNew
Desired survivor size 8716288 bytes, new threshold 6 (max 6)
- age   1:     308272 bytes,     308272 total
- age   2:       2296 bytes,     310568 total
- age   4:        968 bytes,     311536 total
- age   6:        968 bytes,     312504 total
: 136446K->323K(153344K), 0.0070785 secs] 342452K->206330K(1031552K), 0.0071935 secs] [Times: user=0.02 sys=0.00, real=0.01 secs] 
2016-08-24T16:58:54.369+0000: 10253.291: Total time for which application threads were stopped: 0.0080842 seconds, Stopping threads took: 0.0000973 seconds
2016-08-24T16:59:04.713+0000: 10263.635: [GC (Allocation Failure) 10263.635: [ParNew
Desired survivor size 8716288 bytes, new threshold 6 (max 6)
- age   1:     840104 bytes,     840104 total
- age   2:     115688 bytes,     955792 total
- age   3:        968 bytes,     956760 total
- age   5:        968 bytes,     957728 total
: 136643K->957K(153344K), 0.0077963 secs] 342650K->206965K(1031552K), 0.0079267 secs] [Times: user=0.02 sys=0.00, real=0.01 secs] 
2016-08-24T16:59:04.722+0000: 10263.643: Total time for which application threads were stopped: 0.0087673 seconds, Stopping threads took: 0.0001014 seconds
2016-08-24T16:59:04.763+0000: 10263.684: [GC (Allocation Failure) 10263.684: [ParNew
Desired survivor size 8716288 bytes, new threshold 6 (max 6)
- age   1:      51184 bytes,      51184 total
- age   2:     159904 bytes,     211088 total
- age   3:      95512 bytes,     306600 total
- age   4:        968 bytes,     307568 total
- age   6:        968 bytes,     308536 total
: 137277K->440K(153344K), 0.0055261 secs] 343285K->206448K(1031552K), 0.0056284 secs] [Times: user=0.01 sys=0.00, real=0.01 secs] 
2016-08-24T16:59:04.769+0000: 10263.690: Total time for which application threads were stopped: 0.0063963 seconds, Stopping threads took: 0.0000885 seconds
2016-08-24T16:59:04.806+0000: 10263.728: [GC (Allocation Failure) 10263.728: [ParNew
Desired survivor size 8716288 bytes, new threshold 6 (max 6)
- age   1:      83792 bytes,      83792 total
- age   2:       4016 bytes,      87808 total
- age   3:     159904 bytes,     247712 total
- age   4:      95512 bytes,     343224 total
- age   5:        968 bytes,     344192 total
: 136760K->433K(153344K), 0.0062496 secs] 342768K->206442K(1031552K), 0.0063623 secs] [Times: user=0.01 sys=0.00, real=0.01 secs] 
2016-08-24T16:59:04.813+0000: 10263.734: Total time for which application threads were stopped: 0.0071744 seconds, Stopping threads took: 0.0000865 seconds
2016-08-24T16:59:04.855+0000: 10263.777: [GC (Allocation Failure) 10263.777: [ParNew
Desired survivor size 8716288 bytes, new threshold 6 (max 6)
- age   1:      56472 bytes,      56472 total
- age   3:       1096 bytes,      57568 total
- age   4:     158056 bytes,     215624 total
- age   5:      95512 bytes,     311136 total
- age   6:        968 bytes,     312104 total
: 136753K->471K(153344K), 0.0062797 secs] 342762K->206480K(1031552K), 0.0064067 secs] [Times: user=0.02 sys=0.00, real=0.01 secs] 
2016-08-24T16:59:04.862+0000: 10263.783: Total time for which application threads were stopped: 0.0072595 seconds, Stopping threads took: 0.0001000 seconds
2016-08-24T16:59:04.902+0000: 10263.824: [GC (Allocation Failure) 10263.824: [ParNew
Desired survivor size 8716288 bytes, new threshold 6 (max 6)
- age   1:      73648 bytes,      73648 total
- age   2:       5536 bytes,      79184 total
- age   4:       1096 bytes,      80280 total
- age   5:     158056 bytes,     238336 total
- age   6:      95512 bytes,     333848 total
: 136791K->448K(153344K), 0.0064571 secs] 342800K->206457K(1031552K), 0.0065662 secs] [Times: user=0.01 sys=0.00, real=0.01 secs] 
2016-08-24T16:59:04.909+0000: 10263.830: Total time for which application threads were stopped: 0.0073824 seconds, Stopping threads took: 0.0001019 seconds
2016-08-24T16:59:04.951+0000: 10263.872: [GC (Allocation Failure) 10263.873: [ParNew
Desired survivor size 8716288 bytes, new threshold 6 (max 6)
- age   1:      64768 bytes,      64768 total
- age   3:       1000 bytes,      65768 total
- age   5:       1064 bytes,      66832 total
- age   6:     156240 bytes,     223072 total
: 136768K->466K(153344K), 0.0063958 secs] 342777K->206571K(1031552K), 0.0065091 secs] [Times: user=0.02 sys=0.00, real=0.00 secs] 
2016-08-24T16:59:04.958+0000: 10263.879: Total time for which application threads were stopped: 0.0073224 seconds, Stopping threads took: 0.0001028 seconds
2016-08-24T16:59:04.997+0000: 10263.918: [GC (Allocation Failure) 10263.918: [ParNew
Desired survivor size 8716288 bytes, new threshold 6 (max 6)
- age   1:      74424 bytes,      74424 total
- age   2:       9064 bytes,      83488 total
- age   4:       1000 bytes,      84488 total
- age   6:       1064 bytes,      85552 total
: 136786K->174K(153344K), 0.0062604 secs] 342891K->206434K(1031552K), 0.0063754 secs] [Times: user=0.01 sys=0.00, real=0.01 secs] 
2016-08-24T16:59:05.003+0000: 10263.925: Total time for which application threads were stopped: 0.0072064 seconds, Stopping threads took: 0.0001000 seconds
2016-08-24T16:59:05.043+0000: 10263.965: [GC (Allocation Failure) 10263.965: [ParNew
Desired survivor size 8716288 bytes, new threshold 6 (max 6)
- age   1:      71560 bytes,      71560 total
- age   3:       1000 bytes,      72560 total
- age   5:        968 bytes,      73528 total
: 136494K->107K(153344K), 0.0053746 secs] 342754K->206368K(1031552K), 0.0054757 secs] [Times: user=0.01 sys=0.00, real=0.01 secs] 
2016-08-24T16:59:05.049+0000: 10263.970: Total time for which application threads were stopped: 0.0063052 seconds, Stopping threads took: 0.0001458 seconds
2016-08-24T16:59:05.087+0000: 10264.008: [GC (Allocation Failure) 10264.008: [ParNew
Desired survivor size 8716288 bytes, new threshold 6 (max 6)
- age   1:      64520 bytes,      64520 total
- age   2:      12480 bytes,      77000 total
- age   4:       1000 bytes,      78000 total
- age   6:        968 bytes,      78968 total
: 136427K->100K(153344K), 0.0053148 secs] 342688K->206362K(1031552K), 0.0054240 secs] [Times: user=0.00 sys=0.00, real=0.01 secs] 
2016-08-24T16:59:05.092+0000: 10264.014: Total time for which application threads were stopped: 0.0062535 seconds, Stopping threads took: 0.0001016 seconds
2016-08-24T16:59:05.133+0000: 10264.055: [GC (Allocation Failure) 10264.055: [ParNew
Desired survivor size 8716288 bytes, new threshold 6 (max 6)
- age   1:      85736 bytes,      85736 total
- age   3:       1000 bytes,      86736 total
- age   5:        968 bytes,      87704 total
: 136420K->108K(153344K), 0.0054680 secs] 342682K->206370K(1031552K), 0.0055849 secs] [Times: user=0.01 sys=0.00, real=0.00 secs] 
2016-08-24T16:59:05.139+0000: 10264.060: Total time for which application threads were stopped: 0.0064093 seconds, Stopping threads took: 0.0001054 seconds
2016-08-24T16:59:05.178+0000: 10264.099: [GC (Allocation Failure) 10264.099: [ParNew
Desired survivor size 8716288 bytes, new threshold 6 (max 6)
- age   1:      81944 bytes,      81944 total
- age   2:      14704 bytes,      96648 total
- age   4:       1000 bytes,      97648 total
- age   6:        968 bytes,      98616 total
: 136428K->127K(153344K), 0.0057726 secs] 342690K->206390K(1031552K), 0.0058826 secs] [Times: user=0.02 sys=0.00, real=0.01 secs] 
2016-08-24T16:59:05.184+0000: 10264.105: Total time for which application threads were stopped: 0.0066878 seconds, Stopping threads took: 0.0000988 seconds
2016-08-24T16:59:13.786+0000: 10272.707: [GC (Allocation Failure) 10272.707: [ParNew
Desired survivor size 8716288 bytes, new threshold 6 (max 6)
- age   1:     879952 bytes,     879952 total
- age   3:        968 bytes,     880920 total
- age   5:        968 bytes,     881888 total
: 136447K->882K(153344K), 0.0076031 secs] 342710K->207146K(1031552K), 0.0077185 secs] [Times: user=0.01 sys=0.00, real=0.01 secs] 
2016-08-24T16:59:13.793+0000: 10272.715: Total time for which application threads were stopped: 0.0085164 seconds, Stopping threads took: 0.0001007 seconds
2016-08-24T16:59:13.833+0000: 10272.755: [GC (Allocation Failure) 10272.755: [ParNew
Desired survivor size 8716288 bytes, new threshold 6 (max 6)
- age   1:      82480 bytes,      82480 total
- age   2:     230328 bytes,     312808 total
- age   4:        968 bytes,     313776 total
- age   6:        968 bytes,     314744 total
: 137202K->333K(153344K), 0.0056705 secs] 343466K->206596K(1031552K), 0.0057716 secs] [Times: user=0.01 sys=0.00, real=0.00 secs] 
2016-08-24T16:59:13.839+0000: 10272.761: Total time for which application threads were stopped: 0.0065670 seconds, Stopping threads took: 0.0001023 seconds
2016-08-24T16:59:13.880+0000: 10272.801: [GC (Allocation Failure) 10272.801: [ParNew
Desired survivor size 8716288 bytes, new threshold 6 (max 6)
- age   1:      64040 bytes,      64040 total
- age   2:         96 bytes,      64136 total
- age   3:     214440 bytes,     278576 total
- age   5:        968 bytes,     279544 total
: 136653K->419K(153344K), 0.0057532 secs] 342916K->206683K(1031552K), 0.0058560 secs] [Times: user=0.02 sys=0.00, real=0.01 secs] 
2016-08-24T16:59:13.886+0000: 10272.807: Total time for which application threads were stopped: 0.0066799 seconds, Stopping threads took: 0.0001006 seconds
2016-08-24T16:59:13.925+0000: 10272.847: [GC (Allocation Failure) 10272.847: [ParNew
Desired survivor size 8716288 bytes, new threshold 6 (max 6)
- age   1:      84152 bytes,      84152 total
- age   2:      17856 bytes,     102008 total
- age   3:         96 bytes,     102104 total
- age   4:     213536 bytes,     315640 total
- age   6:        968 bytes,     316608 total
: 136739K->398K(153344K), 0.0058135 secs] 343003K->206662K(1031552K), 0.0059195 secs] [Times: user=0.01 sys=0.00, real=0.01 secs] 
2016-08-24T16:59:13.932+0000: 10272.853: Total time for which application threads were stopped: 0.0067280 seconds, Stopping threads took: 0.0000980 seconds
2016-08-24T16:59:13.972+0000: 10272.894: [GC (Allocation Failure) 10272.894: [ParNew
Desired survivor size 8716288 bytes, new threshold 6 (max 6)
- age   1:      67976 bytes,      67976 total
- age   2:       1064 bytes,      69040 total
- age   3:       1096 bytes,      70136 total
- age   4:         96 bytes,      70232 total
- age   5:     211688 bytes,     281920 total
: 136718K->434K(153344K), 0.0053837 secs] 342982K->206699K(1031552K), 0.0054887 secs] [Times: user=0.01 sys=0.00, real=0.00 secs] 
2016-08-24T16:59:13.978+0000: 10272.899: Total time for which application threads were stopped: 0.0063078 seconds, Stopping threads took: 0.0001013 seconds
2016-08-24T16:59:14.016+0000: 10272.937: [GC (Allocation Failure) 10272.937: [ParNew
Desired survivor size 8716288 bytes, new threshold 6 (max 6)
- age   1:      68392 bytes,      68392 total
- age   2:      21272 bytes,      89664 total
- age   3:       1064 bytes,      90728 total
- age   4:       1096 bytes,      91824 total
- age   5:         96 bytes,      91920 total
- age   6:     211688 bytes,     303608 total
: 136754K->423K(153344K), 0.0053333 secs] 343019K->206688K(1031552K), 0.0054472 secs] [Times: user=0.01 sys=0.00, real=0.01 secs] 
2016-08-24T16:59:14.021+0000: 10272.943: Total time for which application threads were stopped: 0.0062446 seconds, Stopping threads took: 0.0001013 seconds
2016-08-24T16:59:14.061+0000: 10272.983: [GC (Allocation Failure) 10272.983: [ParNew
Desired survivor size 8716288 bytes, new threshold 6 (max 6)
- age   1:      83120 bytes,      83120 total
- age   3:       1000 bytes,      84120 total
- age   4:       1064 bytes,      85184 total
- age   5:       1064 bytes,      86248 total
- age   6:         96 bytes,      86344 total
: 136743K->280K(153344K), 0.0056561 secs] 343008K->206755K(1031552K), 0.0057773 secs] [Times: user=0.01 sys=0.00, real=0.00 secs] 
2016-08-24T16:59:14.067+0000: 10272.989: Total time for which application threads were stopped: 0.0066198 seconds, Stopping threads took: 0.0000953 seconds
2016-08-24T16:59:14.109+0000: 10273.030: [GC (Allocation Failure) 10273.030: [ParNew
Desired survivor size 8716288 bytes, new threshold 6 (max 6)
- age   1:      58696 bytes,      58696 total
- age   2:       1000 bytes,      59696 total
- age   4:        968 bytes,      60664 total
- age   5:       1064 bytes,      61728 total
- age   6:       1064 bytes,      62792 total
: 136600K->104K(153344K), 0.0053221 secs] 343075K->206579K(1031552K), 0.0054096 secs] [Times: user=0.01 sys=0.00, real=0.00 secs] 
2016-08-24T16:59:14.114+0000: 10273.036: Total time for which application threads were stopped: 0.0061940 seconds, Stopping threads took: 0.0001079 seconds
2016-08-24T16:59:14.154+0000: 10273.075: [GC (Allocation Failure) 10273.075: [ParNew
Desired survivor size 8716288 bytes, new threshold 6 (max 6)
- age   1:      81392 bytes,      81392 total
- age   2:       5536 bytes,      86928 total
- age   3:       1000 bytes,      87928 total
- age   5:        968 bytes,      88896 total
- age   6:        992 bytes,      89888 total
: 136424K->94K(153344K), 0.0061398 secs] 342899K->206570K(1031552K), 0.0062641 secs] [Times: user=0.01 sys=0.00, real=0.01 secs] 
2016-08-24T16:59:14.160+0000: 10273.082: Total time for which application threads were stopped: 0.0071731 seconds, Stopping threads took: 0.0000997 seconds
2016-08-24T16:59:14.202+0000: 10273.124: [GC (Allocation Failure) 10273.124: [ParNew
Desired survivor size 8716288 bytes, new threshold 6 (max 6)
- age   1:      75248 bytes,      75248 total
- age   2:        232 bytes,      75480 total
- age   3:       1000 bytes,      76480 total
- age   4:        968 bytes,      77448 total
- age   6:        968 bytes,      78416 total
: 136414K->105K(153344K), 0.0060861 secs] 342890K->206582K(1031552K), 0.0062090 secs] [Times: user=0.01 sys=0.00, real=0.01 secs] 
2016-08-24T16:59:14.209+0000: 10273.130: Total time for which application threads were stopped: 0.0070476 seconds, Stopping threads took: 0.0001025 seconds
2016-08-24T16:59:14.248+0000: 10273.169: [GC (Allocation Failure) 10273.169: [ParNew
Desired survivor size 8716288 bytes, new threshold 6 (max 6)
- age   1:      79272 bytes,      79272 total
- age   2:       8888 bytes,      88160 total
- age   3:        232 bytes,      88392 total
- age   4:       1000 bytes,      89392 total
- age   5:        968 bytes,      90360 total
: 136425K->101K(153344K), 0.0055210 secs] 342902K->206579K(1031552K), 0.0056082 secs] [Times: user=0.01 sys=0.00, real=0.01 secs] 
2016-08-24T16:59:14.253+0000: 10273.175: Total time for which application threads were stopped: 0.0063792 seconds, Stopping threads took: 0.0001001 seconds
2016-08-24T16:59:22.674+0000: 10281.596: Total time for which application threads were stopped: 0.0006980 seconds, Stopping threads took: 0.0000899 seconds
2016-08-24T16:59:22.675+0000: 10281.596: Total time for which application threads were stopped: 0.0003147 seconds, Stopping threads took: 0.0000271 seconds
2016-08-24T16:59:22.675+0000: 10281.597: Total time for which application threads were stopped: 0.0003485 seconds, Stopping threads took: 0.0000544 seconds
2016-08-24T16:59:24.439+0000: 10283.360: [GC (Allocation Failure) 10283.361: [ParNew
Desired survivor size 8716288 bytes, new threshold 6 (max 6)
- age   1:    1350992 bytes,    1350992 total
- age   3:        968 bytes,    1351960 total
- age   4:         88 bytes,    1352048 total
- age   5:        968 bytes,    1353016 total
- age   6:        968 bytes,    1353984 total
: 136421K->1340K(153344K), 0.0107585 secs] 342899K->207818K(1031552K), 0.0109193 secs] [Times: user=0.02 sys=0.00, real=0.02 secs] 
2016-08-24T16:59:24.450+0000: 10283.372: Total time for which application threads were stopped: 0.0117564 seconds, Stopping threads took: 0.0000918 seconds
2016-08-24T16:59:24.488+0000: 10283.409: [GC (Allocation Failure) 10283.409: [ParNew
Desired survivor size 8716288 bytes, new threshold 6 (max 6)
- age   1:      91280 bytes,      91280 total
- age   2:     319976 bytes,     411256 total
- age   4:        968 bytes,     412224 total
- age   5:         88 bytes,     412312 total
- age   6:        968 bytes,     413280 total
: 137660K->573K(153344K), 0.0074566 secs] 344138K->207051K(1031552K), 0.0075675 secs] [Times: user=0.02 sys=0.00, real=0.01 secs] 
2016-08-24T16:59:24.496+0000: 10283.417: Total time for which application threads were stopped: 0.0083377 seconds, Stopping threads took: 0.0000902 seconds
2016-08-24T16:59:24.536+0000: 10283.458: [GC (Allocation Failure) 10283.458: [ParNew
Desired survivor size 8716288 bytes, new threshold 6 (max 6)
- age   1:      53008 bytes,      53008 total
- age   2:         72 bytes,      53080 total
- age   3:     310760 bytes,     363840 total
- age   5:        968 bytes,     364808 total
- age   6:         88 bytes,     364896 total
: 136893K->549K(153344K), 0.0074889 secs] 343371K->207029K(1031552K), 0.0076497 secs] [Times: user=0.01 sys=0.01, real=0.01 secs] 
2016-08-24T16:59:24.544+0000: 10283.465: Total time for which application threads were stopped: 0.0084665 seconds, Stopping threads took: 0.0000903 seconds
2016-08-24T16:59:24.583+0000: 10283.505: [GC (Allocation Failure) 10283.505: [ParNew
Desired survivor size 8716288 bytes, new threshold 6 (max 6)
- age   1:      63160 bytes,      63160 total
- age   2:      10632 bytes,      73792 total
- age   3:         72 bytes,      73864 total
- age   4:     310760 bytes,     384624 total
- age   6:        968 bytes,     385592 total
: 136869K->527K(153344K), 0.0074004 secs] 343349K->207007K(1031552K), 0.0075117 secs] [Times: user=0.02 sys=0.00, real=0.01 secs] 
2016-08-24T16:59:24.591+0000: 10283.512: Total time for which application threads were stopped: 0.0082822 seconds, Stopping threads took: 0.0000898 seconds
2016-08-24T16:59:24.631+0000: 10283.552: [GC (Allocation Failure) 10283.552: [ParNew
Desired survivor size 8716288 bytes, new threshold 6 (max 6)
- age   1:      69536 bytes,      69536 total
- age   2:        112 bytes,      69648 total
- age   3:       1096 bytes,      70744 total
- age   4:         72 bytes,      70816 total
- age   5:     308264 bytes,     379080 total
: 136847K->544K(153344K), 0.0074939 secs] 343327K->207025K(1031552K), 0.0076403 secs] [Times: user=0.01 sys=0.00, real=0.00 secs] 
2016-08-24T16:59:24.639+0000: 10283.560: Total time for which application threads were stopped: 0.0084253 seconds, Stopping threads took: 0.0000893 seconds
2016-08-24T16:59:24.678+0000: 10283.599: [GC (Allocation Failure) 10283.599: [ParNew
Desired survivor size 8716288 bytes, new threshold 6 (max 6)
- age   1:      91048 bytes,      91048 total
- age   2:      14088 bytes,     105136 total
- age   4:       1096 bytes,     106232 total
- age   5:         72 bytes,     106304 total
- age   6:     308264 bytes,     414568 total
: 136864K->535K(153344K), 0.0065313 secs] 343345K->207016K(1031552K), 0.0066430 secs] [Times: user=0.02 sys=0.00, real=0.01 secs] 
2016-08-24T16:59:24.685+0000: 10283.606: Total time for which application threads were stopped: 0.0074581 seconds, Stopping threads took: 0.0000907 seconds
2016-08-24T16:59:24.723+0000: 10283.645: [GC (Allocation Failure) 10283.645: [ParNew
Desired survivor size 8716288 bytes, new threshold 6 (max 6)
- age   1:      60224 bytes,      60224 total
- age   3:       1000 bytes,      61224 total
- age   5:       1064 bytes,      62288 total
- age   6:         72 bytes,      62360 total
: 136855K->394K(153344K), 0.0074298 secs] 343336K->207180K(1031552K), 0.0075465 secs] [Times: user=0.01 sys=0.00, real=0.01 secs] 
2016-08-24T16:59:24.731+0000: 10283.652: Total time for which application threads were stopped: 0.0083405 seconds, Stopping threads took: 0.0000882 seconds
2016-08-24T16:59:24.768+0000: 10283.690: [GC (Allocation Failure) 10283.690: [ParNew
Desired survivor size 8716288 bytes, new threshold 6 (max 6)
- age   1:      61792 bytes,      61792 total
- age   2:      17000 bytes,      78792 total
- age   4:       1000 bytes,      79792 total
- age   6:       1064 bytes,      80856 total
: 136714K->129K(153344K), 0.0064457 secs] 343500K->206916K(1031552K), 0.0065576 secs] [Times: user=0.01 sys=0.00, real=0.00 secs] 
2016-08-24T16:59:24.775+0000: 10283.696: Total time for which application threads were stopped: 0.0073535 seconds, Stopping threads took: 0.0000888 seconds
2016-08-24T16:59:24.813+0000: 10283.735: [GC (Allocation Failure) 10283.735: [ParNew
Desired survivor size 8716288 bytes, new threshold 6 (max 6)
- age   1:      63408 bytes,      63408 total
- age   3:       1000 bytes,      64408 total
- age   5:        968 bytes,      65376 total
: 136449K->95K(153344K), 0.0062761 secs] 343236K->206882K(1031552K), 0.0063582 secs] [Times: user=0.01 sys=0.00, real=0.00 secs] 
2016-08-24T16:59:24.820+0000: 10283.741: Total time for which application threads were stopped: 0.0071055 seconds, Stopping threads took: 0.0000912 seconds
2016-08-24T16:59:24.857+0000: 10283.779: [GC (Allocation Failure) 10283.779: [ParNew
Desired survivor size 8716288 bytes, new threshold 6 (max 6)
- age   1:      76624 bytes,      76624 total
- age   2:      19600 bytes,      96224 total
- age   4:       1000 bytes,      97224 total
- age   6:        968 bytes,      98192 total
: 136415K->108K(153344K), 0.0064249 secs] 343202K->206895K(1031552K), 0.0065344 secs] [Times: user=0.01 sys=0.00, real=0.01 secs] 
2016-08-24T16:59:24.864+0000: 10283.785: Total time for which application threads were stopped: 0.0073100 seconds, Stopping threads took: 0.0000880 seconds
2016-08-24T16:59:24.902+0000: 10283.824: [GC (Allocation Failure) 10283.824: [ParNew
Desired survivor size 8716288 bytes, new threshold 6 (max 6)
- age   1:      78248 bytes,      78248 total
- age   3:       1000 bytes,      79248 total
- age   5:        968 bytes,      80216 total
: 136428K->114K(153344K), 0.0066058 secs] 343215K->206902K(1031552K), 0.0067156 secs] [Times: user=0.01 sys=0.00, real=0.01 secs] 
2016-08-24T16:59:24.909+0000: 10283.831: Total time for which application threads were stopped: 0.0074815 seconds, Stopping threads took: 0.0000880 seconds
2016-08-24T16:59:25.827+0000: 10284.749: Total time for which application threads were stopped: 0.0010339 seconds, Stopping threads took: 0.0001367 seconds
2016-08-24T16:59:25.828+0000: 10284.749: Total time for which application threads were stopped: 0.0005611 seconds, Stopping threads took: 0.0000472 seconds
2016-08-24T16:59:25.829+0000: 10284.750: Total time for which application threads were stopped: 0.0006614 seconds, Stopping threads took: 0.0000860 seconds
2016-08-24T16:59:27.007+0000: 10285.928: [GC (Allocation Failure) 10285.928: [ParNew
Desired survivor size 8716288 bytes, new threshold 6 (max 6)
- age   1:     379176 bytes,     379176 total
- age   2:        968 bytes,     380144 total
- age   4:       1000 bytes,     381144 total
- age   6:        968 bytes,     382112 total
: 136434K->386K(153344K), 0.0061608 secs] 343222K->207175K(1031552K), 0.0062736 secs] [Times: user=0.01 sys=0.00, real=0.01 secs] 
2016-08-24T16:59:27.013+0000: 10285.935: Total time for which application threads were stopped: 0.0070655 seconds, Stopping threads took: 0.0001030 seconds
2016-08-24T16:59:34.801+0000: 10293.723: [GC (Allocation Failure) 10293.723: [ParNew
Desired survivor size 8716288 bytes, new threshold 6 (max 6)
- age   1:     746688 bytes,     746688 total
- age   2:      96928 bytes,     843616 total
- age   3:        968 bytes,     844584 total
- age   5:        968 bytes,     845552 total
: 136706K->884K(153344K), 0.0077261 secs] 343495K->207673K(1031552K), 0.0078398 secs] [Times: user=0.02 sys=0.00, real=0.01 secs] 
2016-08-24T16:59:34.809+0000: 10293.731: Total time for which application threads were stopped: 0.0086717 seconds, Stopping threads took: 0.0000990 seconds
2016-08-24T16:59:34.850+0000: 10293.771: [GC (Allocation Failure) 10293.771: [ParNew
Desired survivor size 8716288 bytes, new threshold 6 (max 6)
- age   1:      53872 bytes,      53872 total
- age   2:     160928 bytes,     214800 total
- age   3:      94472 bytes,     309272 total
- age   4:        968 bytes,     310240 total
- age   6:        968 bytes,     311208 total
: 137204K->418K(153344K), 0.0056361 secs] 343993K->207208K(1031552K), 0.0057388 secs] [Times: user=0.01 sys=0.00, real=0.00 secs] 
2016-08-24T16:59:34.855+0000: 10293.777: Total time for which application threads were stopped: 0.0065480 seconds, Stopping threads took: 0.0001024 seconds
2016-08-24T16:59:34.895+0000: 10293.817: [GC (Allocation Failure) 10293.817: [ParNew
Desired survivor size 8716288 bytes, new threshold 6 (max 6)
- age   1:      80016 bytes,      80016 total
- age   2:       4456 bytes,      84472 total
- age   3:     160928 bytes,     245400 total
- age   4:      94472 bytes,     339872 total
- age   5:        968 bytes,     340840 total
: 136738K->430K(153344K), 0.0060200 secs] 343528K->207220K(1031552K), 0.0061258 secs] [Times: user=0.01 sys=0.00, real=0.01 secs] 
2016-08-24T16:59:34.901+0000: 10293.823: Total time for which application threads were stopped: 0.0069813 seconds, Stopping threads took: 0.0001157 seconds
2016-08-24T16:59:34.941+0000: 10293.862: [GC (Allocation Failure) 10293.862: [ParNew
Desired survivor size 8716288 bytes, new threshold 6 (max 6)
- age   1:      66176 bytes,      66176 total
- age   3:       1352 bytes,      67528 total
- age   4:     159080 bytes,     226608 total
- age   5:      94472 bytes,     321080 total
- age   6:        968 bytes,     322048 total
: 136750K->467K(153344K), 0.0061945 secs] 343540K->207258K(1031552K), 0.0063024 secs] [Times: user=0.01 sys=0.00, real=0.00 secs] 
2016-08-24T16:59:34.947+0000: 10293.869: Total time for which application threads were stopped: 0.0073174 seconds, Stopping threads took: 0.0001152 seconds
2016-08-24T16:59:34.989+0000: 10293.911: [GC (Allocation Failure) 10293.911: [ParNew
Desired survivor size 8716288 bytes, new threshold 6 (max 6)
- age   1:      79632 bytes,      79632 total
- age   2:       5712 bytes,      85344 total
- age   4:       1352 bytes,      86696 total
- age   5:     159080 bytes,     245776 total
- age   6:      94472 bytes,     340248 total
: 136787K->459K(153344K), 0.0059370 secs] 343578K->207250K(1031552K), 0.0060415 secs] [Times: user=0.01 sys=0.00, real=0.00 secs] 
2016-08-24T16:59:34.996+0000: 10293.917: Total time for which application threads were stopped: 0.0068633 seconds, Stopping threads took: 0.0001014 seconds
2016-08-24T16:59:35.039+0000: 10293.960: [GC (Allocation Failure) 10293.960: [ParNew
Desired survivor size 8716288 bytes, new threshold 6 (max 6)
- age   1:      56816 bytes,      56816 total
- age   3:       1000 bytes,      57816 total
- age   5:       1320 bytes,      59136 total
- age   6:     157264 bytes,     216400 total
: 136779K->328K(153344K), 0.0057980 secs] 343570K->207214K(1031552K), 0.0059019 secs] [Times: user=0.01 sys=0.00, real=0.01 secs] 
2016-08-24T16:59:35.045+0000: 10293.966: Total time for which application threads were stopped: 0.0067016 seconds, Stopping threads took: 0.0001024 seconds
2016-08-24T16:59:35.087+0000: 10294.008: [GC (Allocation Failure) 10294.008: [ParNew
Desired survivor size 8716288 bytes, new threshold 6 (max 6)
- age   1:      64672 bytes,      64672 total
- age   2:       9432 bytes,      74104 total
- age   4:       1000 bytes,      75104 total
- age   6:       1320 bytes,      76424 total
: 136648K->239K(153344K), 0.0054847 secs] 343534K->207281K(1031552K), 0.0056035 secs] [Times: user=0.01 sys=0.00, real=0.01 secs] 
2016-08-24T16:59:35.093+0000: 10294.014: Total time for which application threads were stopped: 0.0064978 seconds, Stopping threads took: 0.0001170 seconds
2016-08-24T16:59:35.133+0000: 10294.055: [GC (Allocation Failure) 10294.055: [ParNew
Desired survivor size 8716288 bytes, new threshold 6 (max 6)
- age   1:      61696 bytes,      61696 total
- age   3:       1000 bytes,      62696 total
- age   5:        968 bytes,      63664 total
: 136559K->95K(153344K), 0.0053478 secs] 343601K->207138K(1031552K), 0.0054584 secs] [Times: user=0.01 sys=0.00, real=0.00 secs] 
2016-08-24T16:59:35.139+0000: 10294.060: Total time for which application threads were stopped: 0.0062570 seconds, Stopping threads took: 0.0001026 seconds
2016-08-24T16:59:35.179+0000: 10294.100: [GC (Allocation Failure) 10294.100: [ParNew
Desired survivor size 8716288 bytes, new threshold 6 (max 6)
- age   1:      70064 bytes,      70064 total
- age   2:      12888 bytes,      82952 total
- age   4:       1000 bytes,      83952 total
- age   6:        968 bytes,      84920 total
: 136415K->98K(153344K), 0.0056183 secs] 343458K->207141K(1031552K), 0.0057287 secs] [Times: user=0.01 sys=0.00, real=0.01 secs] 
2016-08-24T16:59:35.184+0000: 10294.106: Total time for which application threads were stopped: 0.0065425 seconds, Stopping threads took: 0.0001005 seconds
2016-08-24T16:59:35.224+0000: 10294.146: [GC (Allocation Failure) 10294.146: [ParNew
Desired survivor size 8716288 bytes, new threshold 6 (max 6)
- age   1:      64352 bytes,      64352 total
- age   3:       1000 bytes,      65352 total
- age   5:        968 bytes,      66320 total
: 136418K->95K(153344K), 0.0054413 secs] 343461K->207139K(1031552K), 0.0055983 secs] [Times: user=0.01 sys=0.00, real=0.01 secs] 
2016-08-24T16:59:35.230+0000: 10294.152: Total time for which application threads were stopped: 0.0064286 seconds, Stopping threads took: 0.0000974 seconds
2016-08-24T16:59:35.270+0000: 10294.191: [GC (Allocation Failure) 10294.191: [ParNew
Desired survivor size 8716288 bytes, new threshold 6 (max 6)
- age   1:      70832 bytes,      70832 total
- age   2:      15264 bytes,      86096 total
- age   4:       1000 bytes,      87096 total
- age   6:        968 bytes,      88064 total
: 136415K->97K(153344K), 0.0052542 secs] 343459K->207141K(1031552K), 0.0053585 secs] [Times: user=0.01 sys=0.00, real=0.00 secs] 
2016-08-24T16:59:35.275+0000: 10294.197: Total time for which application threads were stopped: 0.0061828 seconds, Stopping threads took: 0.0001008 seconds
2016-08-24T16:59:44.435+0000: 10303.356: [GC (Allocation Failure) 10303.356: [ParNew
Desired survivor size 8716288 bytes, new threshold 6 (max 6)
- age   1:     932632 bytes,     932632 total
- age   3:        968 bytes,     933600 total
- age   5:        968 bytes,     934568 total
: 136417K->948K(153344K), 0.0071508 secs] 343461K->207993K(1031552K), 0.0072690 secs] [Times: user=0.01 sys=0.00, real=0.01 secs] 
2016-08-24T16:59:44.442+0000: 10303.364: Total time for which application threads were stopped: 0.0081201 seconds, Stopping threads took: 0.0000996 seconds
2016-08-24T16:59:44.482+0000: 10303.404: [GC (Allocation Failure) 10303.404: [ParNew
Desired survivor size 8716288 bytes, new threshold 6 (max 6)
- age   1:      81680 bytes,      81680 total
- age   2:     272672 bytes,     354352 total
- age   4:        968 bytes,     355320 total
- age   6:        968 bytes,     356288 total
: 137268K->477K(153344K), 0.0058510 secs] 344313K->207522K(1031552K), 0.0059594 secs] [Times: user=0.01 sys=0.00, real=0.01 secs] 
2016-08-24T16:59:44.488+0000: 10303.410: Total time for which application threads were stopped: 0.0067899 seconds, Stopping threads took: 0.0000883 seconds
2016-08-24T16:59:44.530+0000: 10303.452: [GC (Allocation Failure) 10303.452: [ParNew
Desired survivor size 8716288 bytes, new threshold 6 (max 6)
- age   1:      67504 bytes,      67504 total
- age   2:         72 bytes,      67576 total
- age   3:     256664 bytes,     324240 total
- age   5:        968 bytes,     325208 total
: 136797K->472K(153344K), 0.0057313 secs] 343842K->207518K(1031552K), 0.0058465 secs] [Times: user=0.01 sys=0.00, real=0.00 secs] 
2016-08-24T16:59:44.536+0000: 10303.458: Total time for which application threads were stopped: 0.0066663 seconds, Stopping threads took: 0.0001007 seconds
2016-08-24T16:59:44.578+0000: 10303.499: [GC (Allocation Failure) 10303.499: [ParNew
Desired survivor size 8716288 bytes, new threshold 6 (max 6)
- age   1:      87024 bytes,      87024 total
- age   2:      18392 bytes,     105416 total
- age   3:         72 bytes,     105488 total
- age   4:     256664 bytes,     362152 total
- age   6:        968 bytes,     363120 total
: 136792K->604K(153344K), 0.0057620 secs] 343838K->207650K(1031552K), 0.0058750 secs] [Times: user=0.01 sys=0.00, real=0.01 secs] 
2016-08-24T16:59:44.584+0000: 10303.505: Total time for which application threads were stopped: 0.0067286 seconds, Stopping threads took: 0.0001002 seconds
2016-08-24T16:59:44.627+0000: 10303.549: [GC (Allocation Failure) 10303.549: [ParNew
Desired survivor size 8716288 bytes, new threshold 6 (max 6)
- age   1:      83976 bytes,      83976 total
- age   3:       1096 bytes,      85072 total
- age   4:         72 bytes,      85144 total
- age   5:     254816 bytes,     339960 total
: 136924K->417K(153344K), 0.0060397 secs] 343970K->207464K(1031552K), 0.0061681 secs] [Times: user=0.01 sys=0.00, real=0.01 secs] 
2016-08-24T16:59:44.633+0000: 10303.555: Total time for which application threads were stopped: 0.0071007 seconds, Stopping threads took: 0.0001050 seconds
2016-08-24T16:59:44.673+0000: 10303.595: [GC (Allocation Failure) 10303.595: [ParNew
Desired survivor size 8716288 bytes, new threshold 6 (max 6)
- age   1:      65688 bytes,      65688 total
- age   2:       1000 bytes,      66688 total
- age   4:       1064 bytes,      67752 total
- age   5:         72 bytes,      67824 total
- age   6:     253000 bytes,     320824 total
: 136737K->443K(153344K), 0.0056638 secs] 343784K->207489K(1031552K), 0.0057652 secs] [Times: user=0.01 sys=0.00, real=0.00 secs] 
2016-08-24T16:59:44.679+0000: 10303.601: Total time for which application threads were stopped: 0.0065506 seconds, Stopping threads took: 0.0000980 seconds
2016-08-24T16:59:44.719+0000: 10303.640: [GC (Allocation Failure) 10303.640: [ParNew
Desired survivor size 8716288 bytes, new threshold 6 (max 6)
- age   1:      65736 bytes,      65736 total
- age   2:       3920 bytes,      69656 total
- age   3:       1000 bytes,      70656 total
- age   5:       1064 bytes,      71720 total
- age   6:         72 bytes,      71792 total
: 136763K->310K(153344K), 0.0060116 secs] 343809K->207609K(1031552K), 0.0061177 secs] [Times: user=0.01 sys=0.00, real=0.01 secs] 
2016-08-24T16:59:44.725+0000: 10303.646: Total time for which application threads were stopped: 0.0069465 seconds, Stopping threads took: 0.0001017 seconds
2016-08-24T16:59:44.766+0000: 10303.687: [GC (Allocation Failure) 10303.687: [ParNew
Desired survivor size 8716288 bytes, new threshold 6 (max 6)
- age   1:      71616 bytes,      71616 total
- age   3:       1000 bytes,      72616 total
- age   4:       1000 bytes,      73616 total
- age   6:       1064 bytes,      74680 total
: 136630K->146K(153344K), 0.0053854 secs] 343929K->207446K(1031552K), 0.0054885 secs] [Times: user=0.01 sys=0.00, real=0.01 secs] 
2016-08-24T16:59:44.771+0000: 10303.693: Total time for which application threads were stopped: 0.0063053 seconds, Stopping threads took: 0.0001008 seconds
2016-08-24T16:59:44.811+0000: 10303.732: [GC (Allocation Failure) 10303.732: [ParNew
Desired survivor size 8716288 bytes, new threshold 6 (max 6)
- age   1:      90184 bytes,      90184 total
- age   2:       5536 bytes,      95720 total
- age   4:       1000 bytes,      96720 total
- age   5:       1000 bytes,      97720 total
: 136466K->119K(153344K), 0.0052656 secs] 343766K->207420K(1031552K), 0.0053720 secs] [Times: user=0.01 sys=0.00, real=0.00 secs] 
2016-08-24T16:59:44.816+0000: 10303.738: Total time for which application threads were stopped: 0.0061661 seconds, Stopping threads took: 0.0000973 seconds
2016-08-24T16:59:44.857+0000: 10303.778: [GC (Allocation Failure) 10303.779: [ParNew
Desired survivor size 8716288 bytes, new threshold 6 (max 6)
- age   1:      70176 bytes,      70176 total
- age   3:       1000 bytes,      71176 total
- age   5:        968 bytes,      72144 total
- age   6:       1000 bytes,      73144 total
: 136439K->114K(153344K), 0.0053407 secs] 343740K->207414K(1031552K), 0.0054423 secs] [Times: user=0.01 sys=0.00, real=0.01 secs] 
2016-08-24T16:59:44.863+0000: 10303.784: Total time for which application threads were stopped: 0.0062693 seconds, Stopping threads took: 0.0001000 seconds
2016-08-24T16:59:44.902+0000: 10303.824: [GC (Allocation Failure) 10303.824: [ParNew
Desired survivor size 8716288 bytes, new threshold 6 (max 6)
- age   1:      76880 bytes,      76880 total
- age   2:       9064 bytes,      85944 total
- age   4:       1000 bytes,      86944 total
- age   6:        968 bytes,      87912 total
: 136434K->101K(153344K), 0.0052981 secs] 343734K->207402K(1031552K), 0.0053966 secs] [Times: user=0.01 sys=0.00, real=0.00 secs] 
2016-08-24T16:59:44.908+0000: 10303.829: Total time for which application threads were stopped: 0.0061853 seconds, Stopping threads took: 0.0001008 seconds
2016-08-24T16:59:54.265+0000: 10313.186: [GC (Allocation Failure) 10313.186: [ParNew
Desired survivor size 8716288 bytes, new threshold 6 (max 6)
- age   1:    1152264 bytes,    1152264 total
- age   3:        968 bytes,    1153232 total
- age   5:        968 bytes,    1154200 total
: 136421K->1155K(153344K), 0.0077030 secs] 343722K->208458K(1031552K), 0.0078313 secs] [Times: user=0.01 sys=0.00, real=0.01 secs] 
2016-08-24T16:59:54.273+0000: 10313.194: Total time for which application threads were stopped: 0.0086661 seconds, Stopping threads took: 0.0001069 seconds
2016-08-24T16:59:54.311+0000: 10313.233: [GC (Allocation Failure) 10313.233: [ParNew
Desired survivor size 8716288 bytes, new threshold 6 (max 6)
- age   1:      83856 bytes,      83856 total
- age   2:     304848 bytes,     388704 total
- age   4:        968 bytes,     389672 total
- age   6:        968 bytes,     390640 total
: 137475K->551K(153344K), 0.0055033 secs] 344778K->207853K(1031552K), 0.0056153 secs] [Times: user=0.01 sys=0.00, real=0.00 secs] 
2016-08-24T16:59:54.317+0000: 10313.238: Total time for which application threads were stopped: 0.0064245 seconds, Stopping threads took: 0.0001002 seconds
2016-08-24T16:59:54.356+0000: 10313.277: [GC (Allocation Failure) 10313.277: [ParNew
Desired survivor size 8716288 bytes, new threshold 6 (max 6)
- age   1:      61152 bytes,      61152 total
- age   2:        216 bytes,      61368 total
- age   3:     295512 bytes,     356880 total
- age   5:        968 bytes,     357848 total
: 136871K->501K(153344K), 0.0056191 secs] 344173K->207804K(1031552K), 0.0057425 secs] [Times: user=0.01 sys=0.00, real=0.01 secs] 
2016-08-24T16:59:54.362+0000: 10313.283: Total time for which application threads were stopped: 0.0065313 seconds, Stopping threads took: 0.0000954 seconds
2016-08-24T16:59:54.399+0000: 10313.321: [GC (Allocation Failure) 10313.321: [ParNew
Desired survivor size 8716288 bytes, new threshold 6 (max 6)
- age   1:      71656 bytes,      71656 total
- age   2:      11640 bytes,      83296 total
- age   3:        216 bytes,      83512 total
- age   4:     295512 bytes,     379024 total
- age   6:        968 bytes,     379992 total
: 136821K->664K(153344K), 0.0054998 secs] 344124K->207968K(1031552K), 0.0056083 secs] [Times: user=0.01 sys=0.00, real=0.01 secs] 
2016-08-24T16:59:54.405+0000: 10313.326: Total time for which application threads were stopped: 0.0064321 seconds, Stopping threads took: 0.0001035 seconds
2016-08-24T16:59:54.446+0000: 10313.367: [GC (Allocation Failure) 10313.367: [ParNew
Desired survivor size 8716288 bytes, new threshold 6 (max 6)
- age   1:      60128 bytes,      60128 total
- age   3:       1096 bytes,      61224 total
- age   4:        216 bytes,      61440 total
- age   5:     293664 bytes,     355104 total
: 136984K->444K(153344K), 0.0055426 secs] 344288K->207748K(1031552K), 0.0056624 secs] [Times: user=0.01 sys=0.00, real=0.01 secs] 
2016-08-24T16:59:54.452+0000: 10313.373: Total time for which application threads were stopped: 0.0064744 seconds, Stopping threads took: 0.0001009 seconds
2016-08-24T16:59:54.491+0000: 10313.413: [GC (Allocation Failure) 10313.413: [ParNew
Desired survivor size 8716288 bytes, new threshold 6 (max 6)
- age   1:      67320 bytes,      67320 total
- age   2:      14288 bytes,      81608 total
- age   4:       1096 bytes,      82704 total
- age   5:        216 bytes,      82920 total
- age   6:     293664 bytes,     376584 total
: 136764K->460K(153344K), 0.0056059 secs] 344068K->207764K(1031552K), 0.0057182 secs] [Times: user=0.01 sys=0.00, real=0.00 secs] 
2016-08-24T16:59:54.497+0000: 10313.419: Total time for which application threads were stopped: 0.0065479 seconds, Stopping threads took: 0.0000985 seconds
2016-08-24T16:59:54.536+0000: 10313.457: [GC (Allocation Failure) 10313.457: [ParNew
Desired survivor size 8716288 bytes, new threshold 6 (max 6)
- age   1:      78360 bytes,      78360 total
- age   3:       1000 bytes,      79360 total
- age   5:       1064 bytes,      80424 total
- age   6:        216 bytes,      80640 total
: 136780K->355K(153344K), 0.0060578 secs] 344084K->207951K(1031552K), 0.0061722 secs] [Times: user=0.01 sys=0.00, real=0.01 secs] 
2016-08-24T16:59:54.542+0000: 10313.464: Total time for which application threads were stopped: 0.0070173 seconds, Stopping threads took: 0.0001055 seconds
2016-08-24T16:59:54.582+0000: 10313.504: [GC (Allocation Failure) 10313.504: [ParNew
Desired survivor size 8716288 bytes, new threshold 6 (max 6)
- age   1:      63856 bytes,      63856 total
- age   2:      17496 bytes,      81352 total
- age   4:       1000 bytes,      82352 total
- age   6:       1064 bytes,      83416 total
: 136675K->123K(153344K), 0.0053681 secs] 344271K->207719K(1031552K), 0.0054836 secs] [Times: user=0.01 sys=0.00, real=0.00 secs] 
2016-08-24T16:59:54.588+0000: 10313.509: Total time for which application threads were stopped: 0.0062875 seconds, Stopping threads took: 0.0000982 seconds
2016-08-24T16:59:54.628+0000: 10313.550: [GC (Allocation Failure) 10313.550: [ParNew
Desired survivor size 8716288 bytes, new threshold 6 (max 6)
- age   1:      75632 bytes,      75632 total
- age   2:        248 bytes,      75880 total
- age   3:       1000 bytes,      76880 total
- age   5:        968 bytes,      77848 total
: 136443K->112K(153344K), 0.0052628 secs] 344039K->207709K(1031552K), 0.0053779 secs] [Times: user=0.01 sys=0.00, real=0.00 secs] 
2016-08-24T16:59:54.634+0000: 10313.555: Total time for which application threads were stopped: 0.0063654 seconds, Stopping threads took: 0.0000857 seconds
2016-08-24T16:59:54.673+0000: 10313.594: [GC (Allocation Failure) 10313.594: [ParNew
Desired survivor size 8716288 bytes, new threshold 6 (max 6)
- age   1:      70792 bytes,      70792 total
- age   2:      20264 bytes,      91056 total
- age   3:        248 bytes,      91304 total
- age   4:       1000 bytes,      92304 total
- age   6:        968 bytes,      93272 total
: 136432K->99K(153344K), 0.0050082 secs] 344029K->207696K(1031552K), 0.0051127 secs] [Times: user=0.01 sys=0.00, real=0.00 secs] 
2016-08-24T16:59:54.678+0000: 10313.600: Total time for which application threads were stopped: 0.0060178 seconds, Stopping threads took: 0.0001439 seconds
2016-08-24T16:59:54.717+0000: 10313.638: [GC (Allocation Failure) 10313.638: [ParNew
Desired survivor size 8716288 bytes, new threshold 6 (max 6)
- age   1:      70848 bytes,      70848 total
- age   3:       1000 bytes,      71848 total
- age   4:        248 bytes,      72096 total
- age   5:        968 bytes,      73064 total
: 136419K->110K(153344K), 0.0049421 secs] 344016K->207708K(1031552K), 0.0050571 secs] [Times: user=0.00 sys=0.00, real=0.01 secs] 
2016-08-24T16:59:54.722+0000: 10313.643: Total time for which application threads were stopped: 0.0059206 seconds, Stopping threads took: 0.0001144 seconds
2016-08-24T17:00:00.007+0000: 10318.928: [GC (Allocation Failure) 10318.929: [ParNew
Desired survivor size 8716288 bytes, new threshold 6 (max 6)
- age   1:     571680 bytes,     571680 total
- age   2:        968 bytes,     572648 total
- age   4:       1000 bytes,     573648 total
- age   5:        152 bytes,     573800 total
- age   6:        968 bytes,     574768 total
: 136430K->575K(153344K), 0.0128980 secs] 344028K->208172K(1031552K), 0.0131210 secs] [Times: user=0.02 sys=0.00, real=0.02 secs] 
2016-08-24T17:00:00.020+0000: 10318.942: Total time for which application threads were stopped: 0.0149859 seconds, Stopping threads took: 0.0001979 seconds
2016-08-24T17:00:01.022+0000: 10319.944: Total time for which application threads were stopped: 0.0007105 seconds, Stopping threads took: 0.0001130 seconds
2016-08-24T17:00:03.799+0000: 10322.721: [GC (Allocation Failure) 10322.721: [ParNew
Desired survivor size 8716288 bytes, new threshold 6 (max 6)
- age   1:    3092336 bytes,    3092336 total
- age   2:     121400 bytes,    3213736 total
- age   3:        968 bytes,    3214704 total
- age   5:        968 bytes,    3215672 total
- age   6:        152 bytes,    3215824 total
: 136895K->3208K(153344K), 0.0147669 secs] 344492K->210807K(1031552K), 0.0149008 secs] [Times: user=0.02 sys=0.00, real=0.02 secs] 
2016-08-24T17:00:03.814+0000: 10322.736: Total time for which application threads were stopped: 0.0156665 seconds, Stopping threads took: 0.0000882 seconds
2016-08-24T17:00:03.852+0000: 10322.773: [GC (Allocation Failure) 10322.773: [ParNew
Desired survivor size 8716288 bytes, new threshold 6 (max 6)
- age   1:      76960 bytes,      76960 total
- age   2:     474600 bytes,     551560 total
- age   3:     120640 bytes,     672200 total
- age   4:        968 bytes,     673168 total
- age   6:        968 bytes,     674136 total
: 139528K->795K(153344K), 0.0068650 secs] 347127K->208394K(1031552K), 0.0069733 secs] [Times: user=0.01 sys=0.00, real=0.00 secs] 
2016-08-24T17:00:03.859+0000: 10322.780: Total time for which application threads were stopped: 0.0077259 seconds, Stopping threads took: 0.0000888 seconds
2016-08-24T17:00:03.898+0000: 10322.820: [GC (Allocation Failure) 10322.820: [ParNew
Desired survivor size 8716288 bytes, new threshold 6 (max 6)
- age   1:      62944 bytes,      62944 total
- age   3:     461344 bytes,     524288 total
- age   4:     120640 bytes,     644928 total
- age   5:        968 bytes,     645896 total
: 137115K->923K(153344K), 0.0068509 secs] 344714K->208523K(1031552K), 0.0069612 secs] [Times: user=0.02 sys=0.00, real=0.01 secs] 
2016-08-24T17:00:03.905+0000: 10322.827: Total time for which application threads were stopped: 0.0077143 seconds, Stopping threads took: 0.0000916 seconds
2016-08-24T17:00:03.942+0000: 10322.864: [GC (Allocation Failure) 10322.864: [ParNew
Desired survivor size 8716288 bytes, new threshold 6 (max 6)
- age   1:      72064 bytes,      72064 total
- age   2:      14560 bytes,      86624 total
- age   4:     461344 bytes,     547968 total
- age   5:     120640 bytes,     668608 total
- age   6:        968 bytes,     669576 total
: 137243K->925K(153344K), 0.0073217 secs] 344843K->208525K(1031552K), 0.0074322 secs] [Times: user=0.01 sys=0.00, real=0.01 secs] 
2016-08-24T17:00:03.950+0000: 10322.871: Total time for which application threads were stopped: 0.0081889 seconds, Stopping threads took: 0.0000885 seconds
2016-08-24T17:00:03.989+0000: 10322.910: [GC (Allocation Failure) 10322.911: [ParNew
Desired survivor size 8716288 bytes, new threshold 6 (max 6)
- age   1:      63704 bytes,      63704 total
- age   2:        160 bytes,      63864 total
- age   3:       1096 bytes,      64960 total
- age   5:     459496 bytes,     524456 total
- age   6:     120640 bytes,     645096 total
: 137245K->956K(153344K), 0.0069930 secs] 344845K->208557K(1031552K), 0.0071172 secs] [Times: user=0.01 sys=0.00, real=0.00 secs] 
2016-08-24T17:00:03.996+0000: 10322.918: Total time for which application threads were stopped: 0.0079131 seconds, Stopping threads took: 0.0000923 seconds
2016-08-24T17:00:04.033+0000: 10322.955: [GC (Allocation Failure) 10322.955: [ParNew
Desired survivor size 8716288 bytes, new threshold 6 (max 6)
- age   1:      61616 bytes,      61616 total
- age   2:      17760 bytes,      79376 total
- age   3:        160 bytes,      79536 total
- age   4:       1096 bytes,      80632 total
- age   6:     459496 bytes,     540128 total
: 137276K->934K(153344K), 0.0069880 secs] 344877K->208655K(1031552K), 0.0070963 secs] [Times: user=0.01 sys=0.00, real=0.01 secs] 
2016-08-24T17:00:04.041+0000: 10322.962: Total time for which application threads were stopped: 0.0078493 seconds, Stopping threads took: 0.0000873 seconds
2016-08-24T17:00:04.079+0000: 10323.001: [GC (Allocation Failure) 10323.001: [ParNew
Desired survivor size 8716288 bytes, new threshold 6 (max 6)
- age   1:      80584 bytes,      80584 total
- age   3:       1000 bytes,      81584 total
- age   4:        160 bytes,      81744 total
- age   5:       1064 bytes,      82808 total
: 137254K->368K(153344K), 0.0087629 secs] 344975K->208550K(1031552K), 0.0088672 secs] [Times: user=0.02 sys=0.00, real=0.02 secs] 
2016-08-24T17:00:04.088+0000: 10323.010: Total time for which application threads were stopped: 0.0096180 seconds, Stopping threads took: 0.0000922 seconds
2016-08-24T17:00:04.128+0000: 10323.049: [GC (Allocation Failure) 10323.049: [ParNew
Desired survivor size 8716288 bytes, new threshold 6 (max 6)
- age   1:      85688 bytes,      85688 total
- age   2:      20696 bytes,     106384 total
- age   4:       1000 bytes,     107384 total
- age   5:        160 bytes,     107544 total
- age   6:       1064 bytes,     108608 total
: 136688K->174K(153344K), 0.0063879 secs] 344870K->208356K(1031552K), 0.0064980 secs] [Times: user=0.01 sys=0.00, real=0.01 secs] 
2016-08-24T17:00:04.134+0000: 10323.056: Total time for which application threads were stopped: 0.0072725 seconds, Stopping threads took: 0.0000909 seconds
2016-08-24T17:00:04.173+0000: 10323.094: [GC (Allocation Failure) 10323.095: [ParNew
Desired survivor size 8716288 bytes, new threshold 6 (max 6)
- age   1:      89864 bytes,      89864 total
- age   3:       1000 bytes,      90864 total
- age   5:        968 bytes,      91832 total
- age   6:        160 bytes,      91992 total
: 136494K->110K(153344K), 0.0068687 secs] 344676K->208293K(1031552K), 0.0069617 secs] [Times: user=0.01 sys=0.00, real=0.00 secs] 
2016-08-24T17:00:04.180+0000: 10323.102: Total time for which application threads were stopped: 0.0077249 seconds, Stopping threads took: 0.0000904 seconds
2016-08-24T17:00:04.219+0000: 10323.141: [GC (Allocation Failure) 10323.141: [ParNew
Desired survivor size 8716288 bytes, new threshold 6 (max 6)
- age   1:      56968 bytes,      56968 total
- age   2:       1000 bytes,      57968 total
- age   4:        968 bytes,      58936 total
- age   6:        968 bytes,      59904 total
: 136430K->86K(153344K), 0.0067011 secs] 344613K->208270K(1031552K), 0.0067881 secs] [Times: user=0.01 sys=0.00, real=0.01 secs] 
2016-08-24T17:00:04.226+0000: 10323.148: Total time for which application threads were stopped: 0.0075056 seconds, Stopping threads took: 0.0000870 seconds
2016-08-24T17:00:04.264+0000: 10323.185: [GC (Allocation Failure) 10323.186: [ParNew
Desired survivor size 8716288 bytes, new threshold 6 (max 6)
- age   1:      82712 bytes,      82712 total
- age   2:       4976 bytes,      87688 total
- age   3:       1000 bytes,      88688 total
- age   5:        968 bytes,      89656 total
: 136406K->99K(153344K), 0.0065749 secs] 344590K->208283K(1031552K), 0.0066845 secs] [Times: user=0.02 sys=0.00, real=0.01 secs] 
2016-08-24T17:00:04.271+0000: 10323.192: Total time for which application threads were stopped: 0.0074571 seconds, Stopping threads took: 0.0000922 seconds
2016-08-24T17:00:14.462+0000: 10333.384: [GC (Allocation Failure) 10333.384: [ParNew
Desired survivor size 8716288 bytes, new threshold 6 (max 6)
- age   1:    1115224 bytes,    1115224 total
- age   3:        968 bytes,    1116192 total
- age   4:        968 bytes,    1117160 total
- age   6:        968 bytes,    1118128 total
: 136419K->1136K(153344K), 0.0091310 secs] 344603K->209320K(1031552K), 0.0097268 secs] [Times: user=0.01 sys=0.00, real=0.01 secs] 
2016-08-24T17:00:14.472+0000: 10333.394: Total time for which application threads were stopped: 0.0105574 seconds, Stopping threads took: 0.0000891 seconds
2016-08-24T17:00:14.511+0000: 10333.432: [GC (Allocation Failure) 10333.432: [ParNew
Desired survivor size 8716288 bytes, new threshold 6 (max 6)
- age   1:      79344 bytes,      79344 total
- age   2:     244592 bytes,     323936 total
- age   4:        968 bytes,     324904 total
- age   5:        968 bytes,     325872 total
: 137456K->341K(153344K), 0.0066503 secs] 345640K->208526K(1031552K), 0.0067555 secs] [Times: user=0.02 sys=0.00, real=0.00 secs] 
2016-08-24T17:00:14.517+0000: 10333.439: Total time for which application threads were stopped: 0.0075224 seconds, Stopping threads took: 0.0000896 seconds
2016-08-24T17:00:14.557+0000: 10333.478: [GC (Allocation Failure) 10333.478: [ParNew
Desired survivor size 8716288 bytes, new threshold 6 (max 6)
- age   1:      51768 bytes,      51768 total
- age   2:        272 bytes,      52040 total
- age   3:     238088 bytes,     290128 total
- age   5:        968 bytes,     291096 total
- age   6:        968 bytes,     292064 total
: 136661K->431K(153344K), 0.0064087 secs] 344846K->208616K(1031552K), 0.0065104 secs] [Times: user=0.01 sys=0.00, real=0.01 secs] 
2016-08-24T17:00:14.563+0000: 10333.485: Total time for which application threads were stopped: 0.0072795 seconds, Stopping threads took: 0.0000871 seconds
2016-08-24T17:00:14.601+0000: 10333.523: [GC (Allocation Failure) 10333.523: [ParNew
Desired survivor size 8716288 bytes, new threshold 6 (max 6)
- age   1:      87240 bytes,      87240 total
- age   2:       8112 bytes,      95352 total
- age   3:        272 bytes,      95624 total
- age   4:     238088 bytes,     333712 total
- age   6:        968 bytes,     334680 total
: 136751K->416K(153344K), 0.0065044 secs] 344936K->208602K(1031552K), 0.0066072 secs] [Times: user=0.01 sys=0.00, real=0.00 secs] 
2016-08-24T17:00:14.608+0000: 10333.529: Total time for which application threads were stopped: 0.0073844 seconds, Stopping threads took: 0.0000890 seconds
2016-08-24T17:00:14.647+0000: 10333.569: [GC (Allocation Failure) 10333.569: [ParNew
Desired survivor size 8716288 bytes, new threshold 6 (max 6)
- age   1:      61976 bytes,      61976 total
- age   3:       1344 bytes,      63320 total
- age   4:        272 bytes,      63592 total
- age   5:     236240 bytes,     299832 total
: 136736K->458K(153344K), 0.0076610 secs] 344922K->208645K(1031552K), 0.0077963 secs] [Times: user=0.01 sys=0.00, real=0.01 secs] 
2016-08-24T17:00:14.655+0000: 10333.577: Total time for which application threads were stopped: 0.0086134 seconds, Stopping threads took: 0.0000948 seconds
2016-08-24T17:00:14.694+0000: 10333.616: [GC (Allocation Failure) 10333.616: [ParNew
Desired survivor size 8716288 bytes, new threshold 6 (max 6)
- age   1:      63648 bytes,      63648 total
- age   2:      10608 bytes,      74256 total
- age   4:       1344 bytes,      75600 total
- age   5:        272 bytes,      75872 total
- age   6:     236240 bytes,     312112 total
: 136778K->433K(153344K), 0.0068657 secs] 344965K->208620K(1031552K), 0.0069711 secs] [Times: user=0.02 sys=0.00, real=0.01 secs] 
2016-08-24T17:00:14.701+0000: 10333.623: Total time for which application threads were stopped: 0.0077254 seconds, Stopping threads took: 0.0000987 seconds
2016-08-24T17:00:14.740+0000: 10333.662: [GC (Allocation Failure) 10333.662: [ParNew
Desired survivor size 8716288 bytes, new threshold 6 (max 6)
- age   1:      59576 bytes,      59576 total
- age   3:       1000 bytes,      60576 total
- age   5:       1312 bytes,      61888 total
- age   6:        272 bytes,      62160 total
: 136753K->305K(153344K), 0.0066345 secs] 344940K->208725K(1031552K), 0.0067492 secs] [Times: user=0.01 sys=0.00, real=0.00 secs] 
2016-08-24T17:00:14.747+0000: 10333.669: Total time for which application threads were stopped: 0.0075146 seconds, Stopping threads took: 0.0000938 seconds
2016-08-24T17:00:14.784+0000: 10333.706: [GC (Allocation Failure) 10333.706: [ParNew
Desired survivor size 8716288 bytes, new threshold 6 (max 6)
- age   1:      72032 bytes,      72032 total
- age   2:      14088 bytes,      86120 total
- age   4:       1000 bytes,      87120 total
- age   6:       1312 bytes,      88432 total
: 136625K->141K(153344K), 0.0059366 secs] 345045K->208562K(1031552K), 0.0060332 secs] [Times: user=0.01 sys=0.00, real=0.01 secs] 
2016-08-24T17:00:14.790+0000: 10333.712: Total time for which application threads were stopped: 0.0067937 seconds, Stopping threads took: 0.0000915 seconds
2016-08-24T17:00:14.829+0000: 10333.750: [GC (Allocation Failure) 10333.750: [ParNew
Desired survivor size 8716288 bytes, new threshold 6 (max 6)
- age   1:      76760 bytes,      76760 total
- age   3:       1000 bytes,      77760 total
- age   5:        968 bytes,      78728 total
: 136461K->107K(153344K), 0.0061887 secs] 344882K->208529K(1031552K), 0.0062916 secs] [Times: user=0.01 sys=0.00, real=0.00 secs] 
2016-08-24T17:00:14.835+0000: 10333.757: Total time for which application threads were stopped: 0.0070668 seconds, Stopping threads took: 0.0000896 seconds
2016-08-24T17:00:14.873+0000: 10333.795: [GC (Allocation Failure) 10333.795: [ParNew
Desired survivor size 8716288 bytes, new threshold 6 (max 6)
- age   1:      76640 bytes,      76640 total
- age   2:      17000 bytes,      93640 total
- age   4:       1000 bytes,      94640 total
- age   6:        968 bytes,      95608 total
: 136427K->100K(153344K), 0.0067722 secs] 344849K->208521K(1031552K), 0.0068918 secs] [Times: user=0.01 sys=0.00, real=0.01 secs] 
2016-08-24T17:00:14.880+0000: 10333.802: Total time for which application threads were stopped: 0.0077240 seconds, Stopping threads took: 0.0000899 seconds
2016-08-24T17:00:14.920+0000: 10333.842: [GC (Allocation Failure) 10333.842: [ParNew
Desired survivor size 8716288 bytes, new threshold 6 (max 6)
- age   1:      75920 bytes,      75920 total
- age   3:       1000 bytes,      76920 total
- age   5:        968 bytes,      77888 total
: 136420K->109K(153344K), 0.0061571 secs] 344841K->208531K(1031552K), 0.0062411 secs] [Times: user=0.01 sys=0.00, real=0.01 secs] 
2016-08-24T17:00:14.926+0000: 10333.848: Total time for which application threads were stopped: 0.0069610 seconds, Stopping threads took: 0.0000908 seconds
2016-08-24T17:00:14.964+0000: 10333.885: [GC (Allocation Failure) 10333.885: [ParNew
Desired survivor size 8716288 bytes, new threshold 6 (max 6)
- age   1:      79496 bytes,      79496 total
- age   2:      19600 bytes,      99096 total
- age   4:       1000 bytes,     100096 total
- age   6:        968 bytes,     101064 total
: 136429K->118K(153344K), 0.0063336 secs] 344851K->208541K(1031552K), 0.0064485 secs] [Times: user=0.01 sys=0.00, real=0.01 secs] 
2016-08-24T17:00:14.970+0000: 10333.892: Total time for which application threads were stopped: 0.0072540 seconds, Stopping threads took: 0.0000898 seconds
2016-08-24T17:00:19.973+0000: 10338.895: Total time for which application threads were stopped: 0.0018776 seconds, Stopping threads took: 0.0002650 seconds
2016-08-24T17:00:23.858+0000: 10342.780: [GC (Allocation Failure) 10342.780: [ParNew
Desired survivor size 8716288 bytes, new threshold 6 (max 6)
- age   1:    1213168 bytes,    1213168 total
- age   3:       1000 bytes,    1214168 total
- age   5:        968 bytes,    1215136 total
: 136438K->1222K(153344K), 0.0085784 secs] 344861K->209646K(1031552K), 0.0087075 secs] [Times: user=0.02 sys=0.00, real=0.01 secs] 
2016-08-24T17:00:23.867+0000: 10342.789: Total time for which application threads were stopped: 0.0095437 seconds, Stopping threads took: 0.0001006 seconds
2016-08-24T17:00:23.906+0000: 10342.827: [GC (Allocation Failure) 10342.827: [ParNew
Desired survivor size 8716288 bytes, new threshold 6 (max 6)
- age   1:      72248 bytes,      72248 total
- age   2:     305760 bytes,     378008 total
- age   4:       1000 bytes,     379008 total
- age   6:        968 bytes,     379976 total
: 137542K->543K(153344K), 0.0055949 secs] 345966K->208967K(1031552K), 0.0057103 secs] [Times: user=0.01 sys=0.00, real=0.01 secs] 
2016-08-24T17:00:23.912+0000: 10342.833: Total time for which application threads were stopped: 0.0064917 seconds, Stopping threads took: 0.0000971 seconds
2016-08-24T17:00:23.951+0000: 10342.873: [GC (Allocation Failure) 10342.873: [ParNew
Desired survivor size 8716288 bytes, new threshold 6 (max 6)
- age   1:      82024 bytes,      82024 total
- age   2:         72 bytes,      82096 total
- age   3:     284872 bytes,     366968 total
- age   5:       1000 bytes,     367968 total
: 136863K->511K(153344K), 0.0055965 secs] 345287K->208936K(1031552K), 0.0056971 secs] [Times: user=0.01 sys=0.00, real=0.00 secs] 
2016-08-24T17:00:23.957+0000: 10342.879: Total time for which application threads were stopped: 0.0065468 seconds, Stopping threads took: 0.0001170 seconds
2016-08-24T17:00:23.996+0000: 10342.917: [GC (Allocation Failure) 10342.918: [ParNew
Desired survivor size 8716288 bytes, new threshold 6 (max 6)
- age   1:      70856 bytes,      70856 total
- age   2:       1096 bytes,      71952 total
- age   3:         72 bytes,      72024 total
- age   4:     283024 bytes,     355048 total
- age   6:       1000 bytes,     356048 total
: 136831K->520K(153344K), 0.0054683 secs] 345256K->208945K(1031552K), 0.0055715 secs] [Times: user=0.01 sys=0.00, real=0.01 secs] 
2016-08-24T17:00:24.002+0000: 10342.923: Total time for which application threads were stopped: 0.0063393 seconds, Stopping threads took: 0.0000894 seconds
2016-08-24T17:00:24.041+0000: 10342.963: [GC (Allocation Failure) 10342.963: [ParNew
Desired survivor size 8716288 bytes, new threshold 6 (max 6)
- age   1:      71648 bytes,      71648 total
- age   2:       4360 bytes,      76008 total
- age   3:       1096 bytes,      77104 total
- age   4:         72 bytes,      77176 total
- age   5:     283024 bytes,     360200 total
: 136840K->504K(153344K), 0.0062393 secs] 345265K->208930K(1031552K), 0.0063520 secs] [Times: user=0.01 sys=0.00, real=0.00 secs] 
2016-08-24T17:00:24.048+0000: 10342.969: Total time for which application threads were stopped: 0.0072171 seconds, Stopping threads took: 0.0001008 seconds
2016-08-24T17:00:24.087+0000: 10343.008: [GC (Allocation Failure) 10343.008: [ParNew
Desired survivor size 8716288 bytes, new threshold 6 (max 6)
- age   1:      48872 bytes,      48872 total
- age   3:       1000 bytes,      49872 total
- age   4:       1064 bytes,      50936 total
- age   5:         72 bytes,      51008 total
- age   6:     281208 bytes,     332216 total
: 136824K->507K(153344K), 0.0057122 secs] 345250K->208933K(1031552K), 0.0058528 secs] [Times: user=0.01 sys=0.00, real=0.01 secs] 
2016-08-24T17:00:24.093+0000: 10343.014: Total time for which application threads were stopped: 0.0067432 seconds, Stopping threads took: 0.0001125 seconds
2016-08-24T17:00:24.130+0000: 10343.052: [GC (Allocation Failure) 10343.052: [ParNew
Desired survivor size 8716288 bytes, new threshold 6 (max 6)
- age   1:      89520 bytes,      89520 total
- age   2:       6688 bytes,      96208 total
- age   4:       1000 bytes,      97208 total
- age   5:       1064 bytes,      98272 total
- age   6:         72 bytes,      98344 total
: 136827K->331K(153344K), 0.0062117 secs] 345253K->209038K(1031552K), 0.0063243 secs] [Times: user=0.01 sys=0.00, real=0.00 secs] 
2016-08-24T17:00:24.137+0000: 10343.058: Total time for which application threads were stopped: 0.0071712 seconds, Stopping threads took: 0.0001043 seconds
2016-08-24T17:00:24.176+0000: 10343.098: [GC (Allocation Failure) 10343.098: [ParNew
Desired survivor size 8716288 bytes, new threshold 6 (max 6)
- age   1:      70200 bytes,      70200 total
- age   3:       1000 bytes,      71200 total
- age   5:        968 bytes,      72168 total
- age   6:       1064 bytes,      73232 total
: 136651K->124K(153344K), 0.0059568 secs] 345358K->208831K(1031552K), 0.0060621 secs] [Times: user=0.01 sys=0.00, real=0.01 secs] 
2016-08-24T17:00:24.182+0000: 10343.104: Total time for which application threads were stopped: 0.0068714 seconds, Stopping threads took: 0.0001034 seconds
2016-08-24T17:00:24.223+0000: 10343.144: [GC (Allocation Failure) 10343.145: [ParNew
Desired survivor size 8716288 bytes, new threshold 6 (max 6)
- age   1:      67600 bytes,      67600 total
- age   2:       9608 bytes,      77208 total
- age   4:       1000 bytes,      78208 total
- age   6:        968 bytes,      79176 total
: 136444K->106K(153344K), 0.0061467 secs] 345151K->208813K(1031552K), 0.0062743 secs] [Times: user=0.01 sys=0.00, real=0.01 secs] 
2016-08-24T17:00:24.229+0000: 10343.151: Total time for which application threads were stopped: 0.0071561 seconds, Stopping threads took: 0.0001051 seconds
2016-08-24T17:00:24.270+0000: 10343.192: [GC (Allocation Failure) 10343.192: [ParNew
Desired survivor size 8716288 bytes, new threshold 6 (max 6)
- age   1:      80304 bytes,      80304 total
- age   3:       1000 bytes,      81304 total
- age   5:        968 bytes,      82272 total
: 136426K->120K(153344K), 0.0056472 secs] 345133K->208829K(1031552K), 0.0057402 secs] [Times: user=0.01 sys=0.00, real=0.00 secs] 
2016-08-24T17:00:24.276+0000: 10343.197: Total time for which application threads were stopped: 0.0065218 seconds, Stopping threads took: 0.0001027 seconds
2016-08-24T17:00:24.315+0000: 10343.237: [GC (Allocation Failure) 10343.237: [ParNew
Desired survivor size 8716288 bytes, new threshold 6 (max 6)
- age   1:      67520 bytes,      67520 total
- age   2:      13592 bytes,      81112 total
- age   4:       1000 bytes,      82112 total
- age   6:        968 bytes,      83080 total
: 136440K->102K(153344K), 0.0059064 secs] 345149K->208810K(1031552K), 0.0060135 secs] [Times: user=0.01 sys=0.00, real=0.01 secs] 
2016-08-24T17:00:24.321+0000: 10343.243: Total time for which application threads were stopped: 0.0068596 seconds, Stopping threads took: 0.0001046 seconds
2016-08-24T17:00:25.675+0000: 10344.597: Total time for which application threads were stopped: 0.0006279 seconds, Stopping threads took: 0.0000904 seconds
2016-08-24T17:00:25.676+0000: 10344.597: Total time for which application threads were stopped: 0.0002890 seconds, Stopping threads took: 0.0000251 seconds
2016-08-24T17:00:25.676+0000: 10344.598: Total time for which application threads were stopped: 0.0003710 seconds, Stopping threads took: 0.0000503 seconds
2016-08-24T17:00:28.830+0000: 10347.752: Total time for which application threads were stopped: 0.0007024 seconds, Stopping threads took: 0.0001069 seconds
2016-08-24T17:00:28.831+0000: 10347.752: Total time for which application threads were stopped: 0.0003412 seconds, Stopping threads took: 0.0000528 seconds
2016-08-24T17:00:28.833+0000: 10347.754: Total time for which application threads were stopped: 0.0021937 seconds, Stopping threads took: 0.0000477 seconds
2016-08-24T17:00:34.662+0000: 10353.584: [GC (Allocation Failure) 10353.584: [ParNew
Desired survivor size 8716288 bytes, new threshold 6 (max 6)
- age   1:    1109400 bytes,    1109400 total
- age   3:        968 bytes,    1110368 total
- age   5:        968 bytes,    1111336 total
: 136422K->1116K(153344K), 0.0090390 secs] 345130K->209825K(1031552K), 0.0092044 secs] [Times: user=0.01 sys=0.00, real=0.01 secs] 
2016-08-24T17:00:34.671+0000: 10353.593: Total time for which application threads were stopped: 0.0100554 seconds, Stopping threads took: 0.0000903 seconds
2016-08-24T17:00:34.710+0000: 10353.632: [GC (Allocation Failure) 10353.632: [ParNew
Desired survivor size 8716288 bytes, new threshold 6 (max 6)
- age   1:      78352 bytes,      78352 total
- age   2:     271736 bytes,     350088 total
- age   4:        968 bytes,     351056 total
- age   6:        968 bytes,     352024 total
: 137436K->489K(153344K), 0.0067932 secs] 346145K->209198K(1031552K), 0.0069117 secs] [Times: user=0.01 sys=0.00, real=0.00 secs] 
2016-08-24T17:00:34.717+0000: 10353.639: Total time for which application threads were stopped: 0.0076613 seconds, Stopping threads took: 0.0000890 seconds
2016-08-24T17:00:34.756+0000: 10353.678: [GC (Allocation Failure) 10353.678: [ParNew
Desired survivor size 8716288 bytes, new threshold 6 (max 6)
- age   1:      77448 bytes,      77448 total
- age   2:        144 bytes,      77592 total
- age   3:     258792 bytes,     336384 total
- age   5:        968 bytes,     337352 total
: 136809K->445K(153344K), 0.0064385 secs] 345518K->209155K(1031552K), 0.0065420 secs] [Times: user=0.01 sys=0.00, real=0.01 secs] 
2016-08-24T17:00:34.763+0000: 10353.684: Total time for which application threads were stopped: 0.0073184 seconds, Stopping threads took: 0.0000921 seconds
2016-08-24T17:00:34.800+0000: 10353.722: [GC (Allocation Failure) 10353.722: [ParNew
Desired survivor size 8716288 bytes, new threshold 6 (max 6)
- age   1:      68176 bytes,      68176 total
- age   2:      14456 bytes,      82632 total
- age   3:        144 bytes,      82776 total
- age   4:     258792 bytes,     341568 total
- age   6:        968 bytes,     342536 total
: 136765K->467K(153344K), 0.0066986 secs] 345475K->209177K(1031552K), 0.0068115 secs] [Times: user=0.01 sys=0.00, real=0.00 secs] 
2016-08-24T17:00:34.807+0000: 10353.729: Total time for which application threads were stopped: 0.0076258 seconds, Stopping threads took: 0.0000952 seconds
2016-08-24T17:00:34.846+0000: 10353.767: [GC (Allocation Failure) 10353.767: [ParNew
Desired survivor size 8716288 bytes, new threshold 6 (max 6)
- age   1:      75104 bytes,      75104 total
- age   3:       1096 bytes,      76200 total
- age   4:        112 bytes,      76312 total
- age   5:     256512 bytes,     332824 total
: 136787K->332K(153344K), 0.0069118 secs] 345497K->209044K(1031552K), 0.0070019 secs] [Times: user=0.01 sys=0.00, real=0.01 secs] 
2016-08-24T17:00:34.853+0000: 10353.774: Total time for which application threads were stopped: 0.0077351 seconds, Stopping threads took: 0.0000916 seconds
2016-08-24T17:00:34.890+0000: 10353.812: [GC (Allocation Failure) 10353.812: [ParNew
Desired survivor size 8716288 bytes, new threshold 6 (max 6)
- age   1:      90760 bytes,      90760 total
- age   2:      17808 bytes,     108568 total
- age   4:       1096 bytes,     109664 total
- age   5:        112 bytes,     109776 total
- age   6:     256512 bytes,     366288 total
: 136652K->472K(153344K), 0.0074690 secs] 345364K->209184K(1031552K), 0.0075886 secs] [Times: user=0.01 sys=0.00, real=0.00 secs] 
2016-08-24T17:00:34.898+0000: 10353.819: Total time for which application threads were stopped: 0.0083765 seconds, Stopping threads took: 0.0000866 seconds
2016-08-24T17:00:34.937+0000: 10353.859: [GC (Allocation Failure) 10353.859: [ParNew
Desired survivor size 8716288 bytes, new threshold 6 (max 6)
- age   1:      67552 bytes,      67552 total
- age   3:       1248 bytes,      68800 total
- age   5:       1064 bytes,      69864 total
- age   6:        112 bytes,      69976 total
: 136792K->349K(153344K), 0.0081954 secs] 345504K->209314K(1031552K), 0.0083214 secs] [Times: user=0.02 sys=0.00, real=0.01 secs] 
2016-08-24T17:00:34.946+0000: 10353.867: Total time for which application threads were stopped: 0.0091229 seconds, Stopping threads took: 0.0000905 seconds
2016-08-24T17:00:34.984+0000: 10353.906: [GC (Allocation Failure) 10353.906: [ParNew
Desired survivor size 8716288 bytes, new threshold 6 (max 6)
- age   1:      74648 bytes,      74648 total
- age   2:      20592 bytes,      95240 total
- age   4:       1248 bytes,      96488 total
- age   6:       1064 bytes,      97552 total
: 136669K->163K(153344K), 0.0065931 secs] 345634K->209128K(1031552K), 0.0066806 secs] [Times: user=0.01 sys=0.00, real=0.01 secs] 
2016-08-24T17:00:34.991+0000: 10353.912: Total time for which application threads were stopped: 0.0074311 seconds, Stopping threads took: 0.0000885 seconds
2016-08-24T17:00:35.029+0000: 10353.951: [GC (Allocation Failure) 10353.951: [ParNew
Desired survivor size 8716288 bytes, new threshold 6 (max 6)
- age   1:      74264 bytes,      74264 total
- age   3:       1000 bytes,      75264 total
- age   5:       1216 bytes,      76480 total
: 136483K->102K(153344K), 0.0066087 secs] 345448K->209068K(1031552K), 0.0067345 secs] [Times: user=0.01 sys=0.00, real=0.00 secs] 
2016-08-24T17:00:35.036+0000: 10353.958: Total time for which application threads were stopped: 0.0075126 seconds, Stopping threads took: 0.0000919 seconds
2016-08-24T17:00:35.075+0000: 10353.996: [GC (Allocation Failure) 10353.996: [ParNew
Desired survivor size 8716288 bytes, new threshold 6 (max 6)
- age   1:      50696 bytes,      50696 total
- age   2:       1000 bytes,      51696 total
- age   4:       1000 bytes,      52696 total
- age   6:       1216 bytes,      53912 total
: 136422K->61K(153344K), 0.0066459 secs] 345388K->209027K(1031552K), 0.0067339 secs] [Times: user=0.01 sys=0.00, real=0.01 secs] 
2016-08-24T17:00:35.082+0000: 10354.003: Total time for which application threads were stopped: 0.0074502 seconds, Stopping threads took: 0.0000862 seconds
2016-08-24T17:00:35.119+0000: 10354.040: [GC (Allocation Failure) 10354.041: [ParNew
Desired survivor size 8716288 bytes, new threshold 6 (max 6)
- age   1:      65256 bytes,      65256 total
- age   2:       4976 bytes,      70232 total
- age   3:       1000 bytes,      71232 total
- age   5:       1000 bytes,      72232 total
: 136381K->80K(153344K), 0.0072776 secs] 345347K->209047K(1031552K), 0.0074044 secs] [Times: user=0.02 sys=0.00, real=0.01 secs] 
2016-08-24T17:00:35.127+0000: 10354.048: Total time for which application threads were stopped: 0.0082137 seconds, Stopping threads took: 0.0000939 seconds
2016-08-24T17:00:44.081+0000: 10363.003: [GC (Allocation Failure) 10363.003: [ParNew
Desired survivor size 8716288 bytes, new threshold 6 (max 6)
- age   1:     934792 bytes,     934792 total
- age   3:        968 bytes,     935760 total
- age   4:        968 bytes,     936728 total
- age   6:       1000 bytes,     937728 total
: 136400K->922K(153344K), 0.0080265 secs] 345367K->209889K(1031552K), 0.0081605 secs] [Times: user=0.01 sys=0.00, real=0.01 secs] 
2016-08-24T17:00:44.090+0000: 10363.011: Total time for which application threads were stopped: 0.0090648 seconds, Stopping threads took: 0.0001133 seconds
2016-08-24T17:00:44.132+0000: 10363.053: [GC (Allocation Failure) 10363.053: [ParNew
Desired survivor size 8716288 bytes, new threshold 6 (max 6)
- age   1:      85584 bytes,      85584 total
- age   2:     265584 bytes,     351168 total
- age   4:        968 bytes,     352136 total
- age   5:        968 bytes,     353104 total
: 137242K->425K(153344K), 0.0062118 secs] 346209K->209393K(1031552K), 0.0063276 secs] [Times: user=0.02 sys=0.00, real=0.00 secs] 
2016-08-24T17:00:44.138+0000: 10363.060: Total time for which application threads were stopped: 0.0071484 seconds, Stopping threads took: 0.0001027 seconds
2016-08-24T17:00:44.180+0000: 10363.101: [GC (Allocation Failure) 10363.101: [ParNew
Desired survivor size 8716288 bytes, new threshold 6 (max 6)
- age   1:      53480 bytes,      53480 total
- age   2:        232 bytes,      53712 total
- age   3:     259312 bytes,     313024 total
- age   5:        968 bytes,     313992 total
- age   6:        968 bytes,     314960 total
: 136745K->459K(153344K), 0.0061696 secs] 345713K->209427K(1031552K), 0.0062870 secs] [Times: user=0.01 sys=0.00, real=0.01 secs] 
2016-08-24T17:00:44.186+0000: 10363.108: Total time for which application threads were stopped: 0.0071725 seconds, Stopping threads took: 0.0000960 seconds
2016-08-24T17:00:44.226+0000: 10363.148: [GC (Allocation Failure) 10363.148: [ParNew
Desired survivor size 8716288 bytes, new threshold 6 (max 6)
- age   1:      70624 bytes,      70624 total
- age   2:       8128 bytes,      78752 total
- age   3:        232 bytes,      78984 total
- age   4:     259312 bytes,     338296 total
- age   6:        968 bytes,     339264 total
: 136779K->447K(153344K), 0.0066545 secs] 345747K->209416K(1031552K), 0.0067902 secs] [Times: user=0.01 sys=0.00, real=0.01 secs] 
2016-08-24T17:00:44.233+0000: 10363.154: Total time for which application threads were stopped: 0.0076405 seconds, Stopping threads took: 0.0001019 seconds
2016-08-24T17:00:44.273+0000: 10363.195: [GC (Allocation Failure) 10363.195: [ParNew
Desired survivor size 8716288 bytes, new threshold 6 (max 6)
- age   1:      74840 bytes,      74840 total
- age   3:       1096 bytes,      75936 total
- age   4:        232 bytes,      76168 total
- age   5:     257464 bytes,     333632 total
: 136767K->471K(153344K), 0.0062885 secs] 345736K->209441K(1031552K), 0.0063855 secs] [Times: user=0.01 sys=0.00, real=0.00 secs] 
2016-08-24T17:00:44.280+0000: 10363.201: Total time for which application threads were stopped: 0.0071978 seconds, Stopping threads took: 0.0001016 seconds
2016-08-24T17:00:44.321+0000: 10363.242: [GC (Allocation Failure) 10363.242: [ParNew
Desired survivor size 8716288 bytes, new threshold 6 (max 6)
- age   1:      85600 bytes,      85600 total
- age   2:      11040 bytes,      96640 total
- age   4:       1096 bytes,      97736 total
- age   5:        232 bytes,      97968 total
- age   6:     257464 bytes,     355432 total
: 136791K->474K(153344K), 0.0059887 secs] 345761K->209444K(1031552K), 0.0061047 secs] [Times: user=0.01 sys=0.00, real=0.00 secs] 
2016-08-24T17:00:44.327+0000: 10363.248: Total time for which application threads were stopped: 0.0069767 seconds, Stopping threads took: 0.0001079 seconds
2016-08-24T17:00:44.371+0000: 10363.293: [GC (Allocation Failure) 10363.293: [ParNew
Desired survivor size 8716288 bytes, new threshold 6 (max 6)
- age   1:      77504 bytes,      77504 total
- age   3:       1000 bytes,      78504 total
- age   5:       1064 bytes,      79568 total
- age   6:        232 bytes,      79800 total
: 136794K->342K(153344K), 0.0067733 secs] 345764K->209567K(1031552K), 0.0068964 secs] [Times: user=0.02 sys=0.00, real=0.00 secs] 
2016-08-24T17:00:44.378+0000: 10363.300: Total time for which application threads were stopped: 0.0077717 seconds, Stopping threads took: 0.0001034 seconds
2016-08-24T17:00:44.417+0000: 10363.339: [GC (Allocation Failure) 10363.339: [ParNew
Desired survivor size 8716288 bytes, new threshold 6 (max 6)
- age   1:      80408 bytes,      80408 total
- age   2:      14208 bytes,      94616 total
- age   4:       1000 bytes,      95616 total
- age   6:       1064 bytes,      96680 total
: 136662K->160K(153344K), 0.0056000 secs] 345887K->209385K(1031552K), 0.0056942 secs] [Times: user=0.01 sys=0.00, real=0.01 secs] 
2016-08-24T17:00:44.423+0000: 10363.344: Total time for which application threads were stopped: 0.0064906 seconds, Stopping threads took: 0.0000952 seconds
2016-08-24T17:00:44.465+0000: 10363.387: [GC (Allocation Failure) 10363.387: [ParNew
Desired survivor size 8716288 bytes, new threshold 6 (max 6)
- age   1:      70984 bytes,      70984 total
- age   3:       1000 bytes,      71984 total
- age   5:        968 bytes,      72952 total
: 136480K->99K(153344K), 0.0059772 secs] 345705K->209325K(1031552K), 0.0061033 secs] [Times: user=0.01 sys=0.00, real=0.01 secs] 
2016-08-24T17:00:44.472+0000: 10363.393: Total time for which application threads were stopped: 0.0069750 seconds, Stopping threads took: 0.0001037 seconds
2016-08-24T17:00:44.511+0000: 10363.432: [GC (Allocation Failure) 10363.432: [ParNew
Desired survivor size 8716288 bytes, new threshold 6 (max 6)
- age   1:      80288 bytes,      80288 total
- age   2:      17360 bytes,      97648 total
- age   4:       1000 bytes,      98648 total
- age   6:        968 bytes,      99616 total
: 136419K->109K(153344K), 0.0053803 secs] 345645K->209335K(1031552K), 0.0054674 secs] [Times: user=0.01 sys=0.00, real=0.00 secs] 
2016-08-24T17:00:44.516+0000: 10363.438: Total time for which application threads were stopped: 0.0062758 seconds, Stopping threads took: 0.0001025 seconds
2016-08-24T17:00:44.557+0000: 10363.479: [GC (Allocation Failure) 10363.479: [ParNew
Desired survivor size 8716288 bytes, new threshold 6 (max 6)
- age   1:      70288 bytes,      70288 total
- age   3:       1000 bytes,      71288 total
- age   5:        968 bytes,      72256 total
: 136429K->113K(153344K), 0.0055125 secs] 345655K->209340K(1031552K), 0.0056432 secs] [Times: user=0.01 sys=0.00, real=0.01 secs] 
2016-08-24T17:00:44.563+0000: 10363.485: Total time for which application threads were stopped: 0.0064993 seconds, Stopping threads took: 0.0001034 seconds
2016-08-24T17:00:44.602+0000: 10363.524: [GC (Allocation Failure) 10363.524: [ParNew
Desired survivor size 8716288 bytes, new threshold 6 (max 6)
- age   1:      84064 bytes,      84064 total
- age   2:      20016 bytes,     104080 total
- age   4:       1000 bytes,     105080 total
- age   6:        968 bytes,     106048 total
: 136433K->130K(153344K), 0.0076580 secs] 345660K->209357K(1031552K), 0.0077810 secs] [Times: user=0.02 sys=0.00, real=0.01 secs] 
2016-08-24T17:00:44.610+0000: 10363.532: Total time for which application threads were stopped: 0.0087096 seconds, Stopping threads took: 0.0001048 seconds
2016-08-24T17:00:53.839+0000: 10372.760: [GC (Allocation Failure) 10372.760: [ParNew
Desired survivor size 8716288 bytes, new threshold 6 (max 6)
- age   1:    1078136 bytes,    1078136 total
- age   3:        968 bytes,    1079104 total
- age   5:        968 bytes,    1080072 total
: 136450K->1087K(153344K), 0.0086960 secs] 345677K->210315K(1031552K), 0.0088282 secs] [Times: user=0.01 sys=0.00, real=0.01 secs] 
2016-08-24T17:00:53.848+0000: 10372.769: Total time for which application threads were stopped: 0.0097290 seconds, Stopping threads took: 0.0001325 seconds
2016-08-24T17:00:53.887+0000: 10372.808: [GC (Allocation Failure) 10372.809: [ParNew
Desired survivor size 8716288 bytes, new threshold 6 (max 6)
- age   1:      63992 bytes,      63992 total
- age   2:     288696 bytes,     352688 total
- age   4:        968 bytes,     353656 total
- age   6:        968 bytes,     354624 total
: 137407K->539K(153344K), 0.0060320 secs] 346635K->209767K(1031552K), 0.0061437 secs] [Times: user=0.01 sys=0.00, real=0.01 secs] 
2016-08-24T17:00:53.893+0000: 10372.815: Total time for which application threads were stopped: 0.0069836 seconds, Stopping threads took: 0.0001004 seconds
2016-08-24T17:00:53.933+0000: 10372.855: [GC (Allocation Failure) 10372.855: [ParNew
Desired survivor size 8716288 bytes, new threshold 6 (max 6)
- age   1:      80000 bytes,      80000 total
- age   2:         96 bytes,      80096 total
- age   3:     268056 bytes,     348152 total
- age   5:        968 bytes,     349120 total
: 136859K->482K(153344K), 0.0053915 secs] 346087K->209711K(1031552K), 0.0054989 secs] [Times: user=0.01 sys=0.00, real=0.00 secs] 
2016-08-24T17:00:53.939+0000: 10372.860: Total time for which application threads were stopped: 0.0063147 seconds, Stopping threads took: 0.0001014 seconds
2016-08-24T17:00:53.977+0000: 10372.899: [GC (Allocation Failure) 10372.899: [ParNew
Desired survivor size 8716288 bytes, new threshold 6 (max 6)
- age   1:      66472 bytes,      66472 total
- age   2:       1096 bytes,      67568 total
- age   3:         96 bytes,      67664 total
- age   4:     266208 bytes,     333872 total
- age   6:        968 bytes,     334840 total
: 136802K->338K(153344K), 0.0056568 secs] 346031K->209567K(1031552K), 0.0057469 secs] [Times: user=0.01 sys=0.00, real=0.01 secs] 
2016-08-24T17:00:53.983+0000: 10372.905: Total time for which application threads were stopped: 0.0065696 seconds, Stopping threads took: 0.0000938 seconds
2016-08-24T17:00:54.021+0000: 10372.942: [GC (Allocation Failure) 10372.942: [ParNew
Desired survivor size 8716288 bytes, new threshold 6 (max 6)
- age   1:      68368 bytes,      68368 total
- age   2:       4360 bytes,      72728 total
- age   3:       1096 bytes,      73824 total
- age   4:         96 bytes,      73920 total
- age   5:     266208 bytes,     340128 total
: 136658K->475K(153344K), 0.0064172 secs] 345887K->209705K(1031552K), 0.0065337 secs] [Times: user=0.01 sys=0.00, real=0.00 secs] 
2016-08-24T17:00:54.027+0000: 10372.949: Total time for which application threads were stopped: 0.0074220 seconds, Stopping threads took: 0.0001040 seconds
2016-08-24T17:00:54.067+0000: 10372.988: [GC (Allocation Failure) 10372.988: [ParNew
Desired survivor size 8716288 bytes, new threshold 6 (max 6)
- age   1:      58304 bytes,      58304 total
- age   3:       1000 bytes,      59304 total
- age   4:       1064 bytes,      60368 total
- age   5:         96 bytes,      60464 total
- age   6:     264392 bytes,     324856 total
: 136795K->478K(153344K), 0.0064801 secs] 346025K->209709K(1031552K), 0.0065883 secs] [Times: user=0.01 sys=0.00, real=0.01 secs] 
2016-08-24T17:00:54.073+0000: 10372.995: Total time for which application threads were stopped: 0.0073993 seconds, Stopping threads took: 0.0000998 seconds
2016-08-24T17:00:54.112+0000: 10373.034: [GC (Allocation Failure) 10373.034: [ParNew
Desired survivor size 8716288 bytes, new threshold 6 (max 6)
- age   1:      70912 bytes,      70912 total
- age   2:       7552 bytes,      78464 total
- age   4:       1000 bytes,      79464 total
- age   5:       1064 bytes,      80528 total
- age   6:         96 bytes,      80624 total
: 136798K->321K(153344K), 0.0066078 secs] 346029K->209816K(1031552K), 0.0067512 secs] [Times: user=0.01 sys=0.00, real=0.00 secs] 
2016-08-24T17:00:54.119+0000: 10373.041: Total time for which application threads were stopped: 0.0076170 seconds, Stopping threads took: 0.0000997 seconds
2016-08-24T17:00:54.159+0000: 10373.080: [GC (Allocation Failure) 10373.081: [ParNew
Desired survivor size 8716288 bytes, new threshold 6 (max 6)
- age   1:      68192 bytes,      68192 total
- age   3:       1000 bytes,      69192 total
- age   5:        968 bytes,      70160 total
- age   6:       1064 bytes,      71224 total
: 136641K->113K(153344K), 0.0051410 secs] 346136K->209608K(1031552K), 0.0052328 secs] [Times: user=0.01 sys=0.00, real=0.01 secs] 
2016-08-24T17:00:54.164+0000: 10373.086: Total time for which application threads were stopped: 0.0060366 seconds, Stopping threads took: 0.0001009 seconds
2016-08-24T17:00:54.202+0000: 10373.123: [GC (Allocation Failure) 10373.123: [ParNew
Desired survivor size 8716288 bytes, new threshold 6 (max 6)
- age   1:      77568 bytes,      77568 total
- age   2:      11352 bytes,      88920 total
- age   4:       1000 bytes,      89920 total
- age   6:        968 bytes,      90888 total
: 136433K->118K(153344K), 0.0057639 secs] 345928K->209613K(1031552K), 0.0058799 secs] [Times: user=0.01 sys=0.00, real=0.00 secs] 
2016-08-24T17:00:54.208+0000: 10373.129: Total time for which application threads were stopped: 0.0067316 seconds, Stopping threads took: 0.0001034 seconds
2016-08-24T17:00:54.249+0000: 10373.171: [GC (Allocation Failure) 10373.171: [ParNew
Desired survivor size 8716288 bytes, new threshold 6 (max 6)
- age   1:      75352 bytes,      75352 total
- age   3:       2064 bytes,      77416 total
- age   5:        968 bytes,      78384 total
: 136438K->110K(153344K), 0.0054205 secs] 345933K->209606K(1031552K), 0.0055107 secs] [Times: user=0.01 sys=0.00, real=0.00 secs] 
2016-08-24T17:00:54.255+0000: 10373.176: Total time for which application threads were stopped: 0.0063941 seconds, Stopping threads took: 0.0001055 seconds
2016-08-24T17:00:54.294+0000: 10373.216: [GC (Allocation Failure) 10373.216: [ParNew
Desired survivor size 8716288 bytes, new threshold 6 (max 6)
- age   1:      75536 bytes,      75536 total
- age   2:      14088 bytes,      89624 total
- age   4:       2064 bytes,      91688 total
- age   6:        968 bytes,      92656 total
: 136430K->101K(153344K), 0.0057909 secs] 345926K->209598K(1031552K), 0.0059094 secs] [Times: user=0.01 sys=0.00, real=0.01 secs] 
2016-08-24T17:00:54.300+0000: 10373.222: Total time for which application threads were stopped: 0.0067808 seconds, Stopping threads took: 0.0001012 seconds
2016-08-24T17:01:03.827+0000: 10382.749: [GC (Allocation Failure) 10382.749: [ParNew
Desired survivor size 8716288 bytes, new threshold 6 (max 6)
- age   1:    1007120 bytes,    1007120 total
- age   3:        968 bytes,    1008088 total
- age   5:       1464 bytes,    1009552 total
: 136421K->1011K(153344K), 0.0077050 secs] 345918K->210508K(1031552K), 0.0078426 secs] [Times: user=0.01 sys=0.00, real=0.01 secs] 
2016-08-24T17:01:03.835+0000: 10382.757: Total time for which application threads were stopped: 0.0086747 seconds, Stopping threads took: 0.0001164 seconds
2016-08-24T17:01:03.873+0000: 10382.794: [GC (Allocation Failure) 10382.794: [ParNew
Desired survivor size 8716288 bytes, new threshold 6 (max 6)
- age   1:      74640 bytes,      74640 total
- age   2:     296656 bytes,     371296 total
- age   4:        968 bytes,     372264 total
- age   6:       1464 bytes,     373728 total
: 137331K->499K(153344K), 0.0056917 secs] 346828K->209996K(1031552K), 0.0057975 secs] [Times: user=0.01 sys=0.00, real=0.00 secs] 
2016-08-24T17:01:03.879+0000: 10382.800: Total time for which application threads were stopped: 0.0066518 seconds, Stopping threads took: 0.0000985 seconds
2016-08-24T17:01:03.919+0000: 10382.841: [GC (Allocation Failure) 10382.841: [ParNew
Desired survivor size 8716288 bytes, new threshold 6 (max 6)
- age   1:      58264 bytes,      58264 total
- age   3:     281648 bytes,     339912 total
- age   5:        968 bytes,     340880 total
: 136819K->491K(153344K), 0.0057299 secs] 346316K->209990K(1031552K), 0.0058358 secs] [Times: user=0.01 sys=0.00, real=0.01 secs] 
2016-08-24T17:01:03.925+0000: 10382.847: Total time for which application threads were stopped: 0.0066692 seconds, Stopping threads took: 0.0001037 seconds
2016-08-24T17:01:03.963+0000: 10382.884: [GC (Allocation Failure) 10382.884: [ParNew
Desired survivor size 8716288 bytes, new threshold 6 (max 6)
- age   1:      64104 bytes,      64104 total
- age   2:      15520 bytes,      79624 total
- age   4:     281648 bytes,     361272 total
- age   6:        968 bytes,     362240 total
: 136811K->485K(153344K), 0.0057439 secs] 346310K->209983K(1031552K), 0.0058492 secs] [Times: user=0.01 sys=0.00, real=0.01 secs] 
2016-08-24T17:01:03.969+0000: 10382.890: Total time for which application threads were stopped: 0.0066730 seconds, Stopping threads took: 0.0001027 seconds
2016-08-24T17:01:04.009+0000: 10382.930: [GC (Allocation Failure) 10382.930: [ParNew
Desired survivor size 8716288 bytes, new threshold 6 (max 6)
- age   1:      69544 bytes,      69544 total
- age   3:       1256 bytes,      70800 total
- age   5:     279800 bytes,     350600 total
: 136805K->507K(153344K), 0.0057792 secs] 346303K->210006K(1031552K), 0.0058931 secs] [Times: user=0.01 sys=0.00, real=0.00 secs] 
2016-08-24T17:01:04.015+0000: 10382.936: Total time for which application threads were stopped: 0.0067527 seconds, Stopping threads took: 0.0001028 seconds
2016-08-24T17:01:04.052+0000: 10382.973: [GC (Allocation Failure) 10382.973: [ParNew
Desired survivor size 8716288 bytes, new threshold 6 (max 6)
- age   1:      63472 bytes,      63472 total
- age   2:      18792 bytes,      82264 total
- age   4:       1256 bytes,      83520 total
- age   6:     279800 bytes,     363320 total
: 136827K->497K(153344K), 0.0057307 secs] 346326K->209997K(1031552K), 0.0058348 secs] [Times: user=0.01 sys=0.00, real=0.00 secs] 
2016-08-24T17:01:04.058+0000: 10382.979: Total time for which application threads were stopped: 0.0066303 seconds, Stopping threads took: 0.0001020 seconds
2016-08-24T17:01:04.099+0000: 10383.020: [GC (Allocation Failure) 10383.020: [ParNew
Desired survivor size 8716288 bytes, new threshold 6 (max 6)
- age   1:      82776 bytes,      82776 total
- age   3:       1000 bytes,      83776 total
- age   5:       1224 bytes,      85000 total
: 136817K->354K(153344K), 0.0061321 secs] 346317K->210130K(1031552K), 0.0062372 secs] [Times: user=0.01 sys=0.00, real=0.01 secs] 
2016-08-24T17:01:04.105+0000: 10383.026: Total time for which application threads were stopped: 0.0070494 seconds, Stopping threads took: 0.0001023 seconds
2016-08-24T17:01:04.143+0000: 10383.065: [GC (Allocation Failure) 10383.065: [ParNew
Desired survivor size 8716288 bytes, new threshold 6 (max 6)
- age   1:      51744 bytes,      51744 total
- age   2:       1000 bytes,      52744 total
- age   4:        968 bytes,      53712 total
- age   6:       1224 bytes,      54936 total
: 136674K->125K(153344K), 0.0049971 secs] 346450K->209902K(1031552K), 0.0051051 secs] [Times: user=0.01 sys=0.00, real=0.01 secs] 
2016-08-24T17:01:04.149+0000: 10383.070: Total time for which application threads were stopped: 0.0058685 seconds, Stopping threads took: 0.0000903 seconds
2016-08-24T17:01:04.188+0000: 10383.110: [GC (Allocation Failure) 10383.110: [ParNew
Desired survivor size 8716288 bytes, new threshold 6 (max 6)
- age   1:      64472 bytes,      64472 total
- age   2:       4360 bytes,      68832 total
- age   3:       1000 bytes,      69832 total
- age   5:        968 bytes,      70800 total
: 136445K->84K(153344K), 0.0057788 secs] 346222K->209862K(1031552K), 0.0058982 secs] [Times: user=0.01 sys=0.00, real=0.00 secs] 
2016-08-24T17:01:04.194+0000: 10383.116: Total time for which application threads were stopped: 0.0068542 seconds, Stopping threads took: 0.0001052 seconds
2016-08-24T17:01:04.236+0000: 10383.157: [GC (Allocation Failure) 10383.157: [ParNew
Desired survivor size 8716288 bytes, new threshold 6 (max 6)
- age   1:      67608 bytes,      67608 total
- age   3:       1000 bytes,      68608 total
- age   4:        968 bytes,      69576 total
- age   6:        968 bytes,      70544 total
: 136404K->97K(153344K), 0.0053862 secs] 346182K->209875K(1031552K), 0.0054740 secs] [Times: user=0.01 sys=0.00, real=0.01 secs] 
2016-08-24T17:01:04.241+0000: 10383.163: Total time for which application threads were stopped: 0.0062441 seconds, Stopping threads took: 0.0001017 seconds
2016-08-24T17:01:04.281+0000: 10383.202: [GC (Allocation Failure) 10383.202: [ParNew
Desired survivor size 8716288 bytes, new threshold 6 (max 6)
- age   1:      64008 bytes,      64008 total
- age   2:       7008 bytes,      71016 total
- age   4:       1000 bytes,      72016 total
- age   5:        968 bytes,      72984 total
: 136417K->78K(153344K), 0.0056629 secs] 346195K->209856K(1031552K), 0.0057762 secs] [Times: user=0.01 sys=0.00, real=0.00 secs] 
2016-08-24T17:01:04.287+0000: 10383.208: Total time for which application threads were stopped: 0.0066717 seconds, Stopping threads took: 0.0001164 seconds
2016-08-24T17:01:13.799+0000: 10392.720: [GC (Allocation Failure) 10392.720: [ParNew
Desired survivor size 8716288 bytes, new threshold 6 (max 6)
- age   1:     881792 bytes,     881792 total
- age   3:        968 bytes,     882760 total
- age   5:        968 bytes,     883728 total
- age   6:        968 bytes,     884696 total
: 136398K->888K(153344K), 0.0073903 secs] 346176K->210667K(1031552K), 0.0075115 secs] [Times: user=0.02 sys=0.00, real=0.01 secs] 
2016-08-24T17:01:13.806+0000: 10392.728: Total time for which application threads were stopped: 0.0083495 seconds, Stopping threads took: 0.0001015 seconds
2016-08-24T17:01:13.844+0000: 10392.765: [GC (Allocation Failure) 10392.765: [ParNew
Desired survivor size 8716288 bytes, new threshold 6 (max 6)
- age   1:      71160 bytes,      71160 total
- age   2:     212768 bytes,     283928 total
- age   4:        968 bytes,     284896 total
- age   6:        968 bytes,     285864 total
: 137208K->360K(153344K), 0.0058224 secs] 346987K->210140K(1031552K), 0.0059239 secs] [Times: user=0.01 sys=0.00, real=0.01 secs] 
2016-08-24T17:01:13.850+0000: 10392.771: Total time for which application threads were stopped: 0.0067215 seconds, Stopping threads took: 0.0001034 seconds
2016-08-24T17:01:13.891+0000: 10392.812: [GC (Allocation Failure) 10392.812: [ParNew
Desired survivor size 8716288 bytes, new threshold 6 (max 6)
- age   1:      75344 bytes,      75344 total
- age   2:        256 bytes,      75600 total
- age   3:     205752 bytes,     281352 total
- age   5:        968 bytes,     282320 total
: 136680K->370K(153344K), 0.0058396 secs] 346460K->210151K(1031552K), 0.0059422 secs] [Times: user=0.01 sys=0.00, real=0.00 secs] 
2016-08-24T17:01:13.897+0000: 10392.818: Total time for which application threads were stopped: 0.0067374 seconds, Stopping threads took: 0.0001027 seconds
2016-08-24T17:01:13.936+0000: 10392.858: [GC (Allocation Failure) 10392.858: [ParNew
Desired survivor size 8716288 bytes, new threshold 6 (max 6)
- age   1:      79440 bytes,      79440 total
- age   2:       9528 bytes,      88968 total
- age   3:        256 bytes,      89224 total
- age   4:     205752 bytes,     294976 total
- age   6:        968 bytes,     295944 total
: 136690K->405K(153344K), 0.0053877 secs] 346471K->210185K(1031552K), 0.0055224 secs] [Times: user=0.01 sys=0.00, real=0.01 secs] 
2016-08-24T17:01:13.942+0000: 10392.863: Total time for which application threads were stopped: 0.0063461 seconds, Stopping threads took: 0.0001018 seconds
2016-08-24T17:01:13.980+0000: 10392.902: [GC (Allocation Failure) 10392.902: [ParNew
Desired survivor size 8716288 bytes, new threshold 6 (max 6)
- age   1:      73112 bytes,      73112 total
- age   3:       1096 bytes,      74208 total
- age   4:        256 bytes,      74464 total
- age   5:     203904 bytes,     278368 total
: 136725K->395K(153344K), 0.0057690 secs] 346505K->210176K(1031552K), 0.0058711 secs] [Times: user=0.01 sys=0.01, real=0.00 secs] 
2016-08-24T17:01:13.986+0000: 10392.908: Total time for which application threads were stopped: 0.0066487 seconds, Stopping threads took: 0.0001002 seconds
2016-08-24T17:01:14.024+0000: 10392.946: [GC (Allocation Failure) 10392.946: [ParNew
Desired survivor size 8716288 bytes, new threshold 6 (max 6)
- age   1:      63088 bytes,      63088 total
- age   2:      12776 bytes,      75864 total
- age   4:       1096 bytes,      76960 total
- age   5:        256 bytes,      77216 total
- age   6:     203904 bytes,     281120 total
: 136715K->390K(153344K), 0.0059114 secs] 346496K->210172K(1031552K), 0.0060153 secs] [Times: user=0.01 sys=0.00, real=0.01 secs] 
2016-08-24T17:01:14.030+0000: 10392.952: Total time for which application threads were stopped: 0.0068403 seconds, Stopping threads took: 0.0001031 seconds
2016-08-24T17:01:14.071+0000: 10392.992: [GC (Allocation Failure) 10392.993: [ParNew
Desired survivor size 8716288 bytes, new threshold 6 (max 6)
- age   1:      61984 bytes,      61984 total
- age   3:       1000 bytes,      62984 total
- age   5:       1064 bytes,      64048 total
- age   6:        256 bytes,      64304 total
: 136710K->272K(153344K), 0.0059702 secs] 346492K->210255K(1031552K), 0.0060800 secs] [Times: user=0.01 sys=0.00, real=0.00 secs] 
2016-08-24T17:01:14.077+0000: 10392.999: Total time for which application threads were stopped: 0.0069174 seconds, Stopping threads took: 0.0001044 seconds
2016-08-24T17:01:14.114+0000: 10393.036: [GC (Allocation Failure) 10393.036: [ParNew
Desired survivor size 8716288 bytes, new threshold 6 (max 6)
- age   1:      65464 bytes,      65464 total
- age   2:      14968 bytes,      80432 total
- age   4:       1000 bytes,      81432 total
- age   6:       1064 bytes,      82496 total
: 136592K->130K(153344K), 0.0055090 secs] 346575K->210113K(1031552K), 0.0056187 secs] [Times: user=0.01 sys=0.00, real=0.00 secs] 
2016-08-24T17:01:14.120+0000: 10393.042: Total time for which application threads were stopped: 0.0063965 seconds, Stopping threads took: 0.0000923 seconds
2016-08-24T17:01:14.158+0000: 10393.080: [GC (Allocation Failure) 10393.080: [ParNew
Desired survivor size 8716288 bytes, new threshold 6 (max 6)
- age   1:      77552 bytes,      77552 total
- age   3:       1000 bytes,      78552 total
- age   5:        968 bytes,      79520 total
: 136450K->85K(153344K), 0.0054009 secs] 346433K->210069K(1031552K), 0.0055007 secs] [Times: user=0.01 sys=0.00, real=0.01 secs] 
2016-08-24T17:01:14.164+0000: 10393.086: Total time for which application threads were stopped: 0.0063137 seconds, Stopping threads took: 0.0001038 seconds
2016-08-24T17:01:14.204+0000: 10393.125: [GC (Allocation Failure) 10393.125: [ParNew
Desired survivor size 8716288 bytes, new threshold 6 (max 6)
- age   1:      66848 bytes,      66848 total
- age   2:      19600 bytes,      86448 total
- age   4:       1000 bytes,      87448 total
- age   6:        968 bytes,      88416 total
: 136405K->94K(153344K), 0.0053427 secs] 346389K->210078K(1031552K), 0.0054593 secs] [Times: user=0.01 sys=0.00, real=0.01 secs] 
2016-08-24T17:01:14.209+0000: 10393.131: Total time for which application threads were stopped: 0.0062715 seconds, Stopping threads took: 0.0001019 seconds
2016-08-24T17:01:14.248+0000: 10393.169: [GC (Allocation Failure) 10393.169: [ParNew
Desired survivor size 8716288 bytes, new threshold 6 (max 6)
- age   1:      86816 bytes,      86816 total
- age   3:       2064 bytes,      88880 total
- age   5:        968 bytes,      89848 total
: 136414K->109K(153344K), 0.0053984 secs] 346398K->210094K(1031552K), 0.0055022 secs] [Times: user=0.01 sys=0.00, real=0.01 secs] 
2016-08-24T17:01:14.253+0000: 10393.175: Total time for which application threads were stopped: 0.0063198 seconds, Stopping threads took: 0.0001021 seconds
2016-08-24T17:01:14.299+0000: 10393.220: [GC (Allocation Failure) 10393.220: [ParNew
Desired survivor size 8716288 bytes, new threshold 6 (max 6)
- age   1:     190544 bytes,     190544 total
- age   2:       2416 bytes,     192960 total
- age   4:       1968 bytes,     194928 total
- age   6:        968 bytes,     195896 total
: 136429K->220K(153344K), 0.0054100 secs] 346414K->210205K(1031552K), 0.0054995 secs] [Times: user=0.01 sys=0.00, real=0.01 secs] 
2016-08-24T17:01:14.305+0000: 10393.226: Total time for which application threads were stopped: 0.0062000 seconds, Stopping threads took: 0.0000856 seconds
2016-08-24T17:01:23.815+0000: 10402.736: [GC (Allocation Failure) 10402.736: [ParNew
Desired survivor size 8716288 bytes, new threshold 6 (max 6)
- age   1:    1226776 bytes,    1226776 total
- age   2:      88288 bytes,    1315064 total
- age   3:        968 bytes,    1316032 total
- age   5:       1464 bytes,    1317496 total
: 136540K->1324K(153344K), 0.0094262 secs] 346525K->211309K(1031552K), 0.0095597 secs] [Times: user=0.02 sys=0.00, real=0.01 secs] 
2016-08-24T17:01:23.824+0000: 10402.746: Total time for which application threads were stopped: 0.0104153 seconds, Stopping threads took: 0.0000970 seconds
2016-08-24T17:01:23.862+0000: 10402.784: [GC (Allocation Failure) 10402.784: [ParNew
Desired survivor size 8716288 bytes, new threshold 6 (max 6)
- age   1:      72272 bytes,      72272 total
- age   2:     246040 bytes,     318312 total
- age   3:      85968 bytes,     404280 total
- age   4:        968 bytes,     405248 total
- age   6:       1464 bytes,     406712 total
: 137644K->622K(153344K), 0.0061883 secs] 347629K->210608K(1031552K), 0.0063032 secs] [Times: user=0.02 sys=0.00, real=0.01 secs] 
2016-08-24T17:01:23.869+0000: 10402.790: Total time for which application threads were stopped: 0.0071199 seconds, Stopping threads took: 0.0001000 seconds
2016-08-24T17:01:23.911+0000: 10402.832: [GC (Allocation Failure) 10402.832: [ParNew
Desired survivor size 8716288 bytes, new threshold 6 (max 6)
- age   1:      86880 bytes,      86880 total
- age   2:         72 bytes,      86952 total
- age   3:     223064 bytes,     310016 total
- age   4:      85896 bytes,     395912 total
- age   5:        968 bytes,     396880 total
: 136942K->560K(153344K), 0.0066782 secs] 346928K->210547K(1031552K), 0.0067918 secs] [Times: user=0.01 sys=0.00, real=0.00 secs] 
2016-08-24T17:01:23.918+0000: 10402.839: Total time for which application threads were stopped: 0.0076348 seconds, Stopping threads took: 0.0000984 seconds
2016-08-24T17:01:23.957+0000: 10402.879: [GC (Allocation Failure) 10402.879: [ParNew
Desired survivor size 8716288 bytes, new threshold 6 (max 6)
- age   1:      65424 bytes,      65424 total
- age   2:       6752 bytes,      72176 total
- age   3:         72 bytes,      72248 total
- age   4:     221216 bytes,     293464 total
- age   5:      85896 bytes,     379360 total
- age   6:        968 bytes,     380328 total
: 136880K->552K(153344K), 0.0063346 secs] 346867K->210540K(1031552K), 0.0064463 secs] [Times: user=0.02 sys=0.00, real=0.01 secs] 
2016-08-24T17:01:23.964+0000: 10402.886: Total time for which application threads were stopped: 0.0072627 seconds, Stopping threads took: 0.0000989 seconds
2016-08-24T17:01:24.005+0000: 10402.926: [GC (Allocation Failure) 10402.927: [ParNew
Desired survivor size 8716288 bytes, new threshold 6 (max 6)
- age   1:      85376 bytes,      85376 total
- age   2:       4856 bytes,      90232 total
- age   3:       6752 bytes,      96984 total
- age   4:         72 bytes,      97056 total
- age   5:     221216 bytes,     318272 total
- age   6:      85896 bytes,     404168 total
: 136872K->541K(153344K), 0.0055745 secs] 346860K->210529K(1031552K), 0.0057145 secs] [Times: user=0.01 sys=0.00, real=0.01 secs] 
2016-08-24T17:01:24.011+0000: 10402.932: Total time for which application threads were stopped: 0.0067909 seconds, Stopping threads took: 0.0001283 seconds
2016-08-24T17:01:24.050+0000: 10402.971: [GC (Allocation Failure) 10402.971: [ParNew
Desired survivor size 8716288 bytes, new threshold 6 (max 6)
- age   1:      69496 bytes,      69496 total
- age   3:       1000 bytes,      70496 total
- age   4:       6720 bytes,      77216 total
- age   5:         72 bytes,      77288 total
- age   6:     219400 bytes,     296688 total
: 136861K->390K(153344K), 0.0058022 secs] 346849K->210464K(1031552K), 0.0059040 secs] [Times: user=0.01 sys=0.00, real=0.00 secs] 
2016-08-24T17:01:24.056+0000: 10402.977: Total time for which application threads were stopped: 0.0067019 seconds, Stopping threads took: 0.0000973 seconds
2016-08-24T17:01:24.096+0000: 10403.018: [GC (Allocation Failure) 10403.018: [ParNew
Desired survivor size 8716288 bytes, new threshold 6 (max 6)
- age   1:      71416 bytes,      71416 total
- age   2:       8032 bytes,      79448 total
- age   4:       1000 bytes,      80448 total
- age   5:       6720 bytes,      87168 total
- age   6:         72 bytes,      87240 total
: 136710K->314K(153344K), 0.0063711 secs] 346784K->210606K(1031552K), 0.0065052 secs] [Times: user=0.01 sys=0.00, real=0.01 secs] 
2016-08-24T17:01:24.103+0000: 10403.025: Total time for which application threads were stopped: 0.0073943 seconds, Stopping threads took: 0.0001003 seconds
2016-08-24T17:01:24.143+0000: 10403.064: [GC (Allocation Failure) 10403.064: [ParNew
Desired survivor size 8716288 bytes, new threshold 6 (max 6)
- age   1:      65384 bytes,      65384 total
- age   3:       1000 bytes,      66384 total
- age   5:        968 bytes,      67352 total
- age   6:       6720 bytes,      74072 total
: 136634K->113K(153344K), 0.0055551 secs] 346926K->210405K(1031552K), 0.0056596 secs] [Times: user=0.01 sys=0.00, real=0.01 secs] 
2016-08-24T17:01:24.148+0000: 10403.070: Total time for which application threads were stopped: 0.0064941 seconds, Stopping threads took: 0.0001009 seconds
2016-08-24T17:01:24.188+0000: 10403.109: [GC (Allocation Failure) 10403.109: [ParNew
Desired survivor size 8716288 bytes, new threshold 6 (max 6)
- age   1:      67296 bytes,      67296 total
- age   2:      11544 bytes,      78840 total
- age   4:       1000 bytes,      79840 total
- age   6:        968 bytes,      80808 total
: 136433K->105K(153344K), 0.0063139 secs] 346725K->210404K(1031552K), 0.0064252 secs] [Times: user=0.01 sys=0.00, real=0.01 secs] 
2016-08-24T17:01:24.194+0000: 10403.116: Total time for which application threads were stopped: 0.0072546 seconds, Stopping threads took: 0.0001036 seconds
2016-08-24T17:01:24.234+0000: 10403.155: [GC (Allocation Failure) 10403.155: [ParNew
Desired survivor size 8716288 bytes, new threshold 6 (max 6)
- age   1:      64544 bytes,      64544 total
- age   3:       1000 bytes,      65544 total
- age   5:        968 bytes,      66512 total
: 136425K->96K(153344K), 0.0059550 secs] 346724K->210396K(1031552K), 0.0060631 secs] [Times: user=0.01 sys=0.00, real=0.00 secs] 
2016-08-24T17:01:24.240+0000: 10403.161: Total time for which application threads were stopped: 0.0068773 seconds, Stopping threads took: 0.0001008 seconds
2016-08-24T17:01:24.281+0000: 10403.202: [GC (Allocation Failure) 10403.203: [ParNew
Desired survivor size 8716288 bytes, new threshold 6 (max 6)
- age   1:      77280 bytes,      77280 total
- age   2:      14288 bytes,      91568 total
- age   4:       1000 bytes,      92568 total
- age   6:        968 bytes,      93536 total
: 136416K->97K(153344K), 0.0052933 secs] 346716K->210397K(1031552K), 0.0054146 secs] [Times: user=0.01 sys=0.00, real=0.00 secs] 
2016-08-24T17:01:24.286+0000: 10403.208: Total time for which application threads were stopped: 0.0062495 seconds, Stopping threads took: 0.0000903 seconds
2016-08-24T17:01:28.676+0000: 10407.597: Total time for which application threads were stopped: 0.0017855 seconds, Stopping threads took: 0.0002247 seconds
2016-08-24T17:01:28.677+0000: 10407.598: Total time for which application threads were stopped: 0.0008018 seconds, Stopping threads took: 0.0002016 seconds
2016-08-24T17:01:28.677+0000: 10407.599: Total time for which application threads were stopped: 0.0004542 seconds, Stopping threads took: 0.0000656 seconds
2016-08-24T17:01:31.833+0000: 10410.755: Total time for which application threads were stopped: 0.0020246 seconds, Stopping threads took: 0.0002237 seconds
2016-08-24T17:01:31.835+0000: 10410.756: Total time for which application threads were stopped: 0.0012203 seconds, Stopping threads took: 0.0001189 seconds
2016-08-24T17:01:31.837+0000: 10410.758: Total time for which application threads were stopped: 0.0016245 seconds, Stopping threads took: 0.0001659 seconds
2016-08-24T17:01:33.802+0000: 10412.724: [GC (Allocation Failure) 10412.724: [ParNew
Desired survivor size 8716288 bytes, new threshold 6 (max 6)
- age   1:     902904 bytes,     902904 total
- age   3:        968 bytes,     903872 total
- age   5:        968 bytes,     904840 total
: 136417K->904K(153344K), 0.0080086 secs] 346717K->211205K(1031552K), 0.0081265 secs] [Times: user=0.01 sys=0.00, real=0.01 secs] 
2016-08-24T17:01:33.810+0000: 10412.732: Total time for which application threads were stopped: 0.0089593 seconds, Stopping threads took: 0.0000998 seconds
2016-08-24T17:01:33.849+0000: 10412.771: [GC (Allocation Failure) 10412.771: [ParNew
Desired survivor size 8716288 bytes, new threshold 6 (max 6)
- age   1:      71560 bytes,      71560 total
- age   2:     236672 bytes,     308232 total
- age   4:        968 bytes,     309200 total
- age   6:        968 bytes,     310168 total
: 137224K->426K(153344K), 0.0061156 secs] 347525K->210726K(1031552K), 0.0062242 secs] [Times: user=0.01 sys=0.00, real=0.00 secs] 
2016-08-24T17:01:33.855+0000: 10412.777: Total time for which application threads were stopped: 0.0070907 seconds, Stopping threads took: 0.0001044 seconds
2016-08-24T17:01:33.897+0000: 10412.818: [GC (Allocation Failure) 10412.818: [ParNew
Desired survivor size 8716288 bytes, new threshold 6 (max 6)
- age   1:      78968 bytes,      78968 total
- age   2:         24 bytes,      78992 total
- age   3:     221352 bytes,     300344 total
- age   5:        968 bytes,     301312 total
: 136746K->423K(153344K), 0.0061043 secs] 347046K->210725K(1031552K), 0.0062127 secs] [Times: user=0.01 sys=0.00, real=0.01 secs] 
2016-08-24T17:01:33.903+0000: 10412.825: Total time for which application threads were stopped: 0.0070875 seconds, Stopping threads took: 0.0001160 seconds
2016-08-24T17:01:33.943+0000: 10412.864: [GC (Allocation Failure) 10412.864: [ParNew
Desired survivor size 8716288 bytes, new threshold 6 (max 6)
- age   1:      76152 bytes,      76152 total
- age   2:      16512 bytes,      92664 total
- age   3:         24 bytes,      92688 total
- age   4:     221352 bytes,     314040 total
- age   6:        968 bytes,     315008 total
: 136743K->420K(153344K), 0.0064801 secs] 347045K->210722K(1031552K), 0.0065904 secs] [Times: user=0.02 sys=0.00, real=0.01 secs] 
2016-08-24T17:01:33.949+0000: 10412.871: Total time for which application threads were stopped: 0.0074254 seconds, Stopping threads took: 0.0001201 seconds
2016-08-24T17:01:33.991+0000: 10412.913: [GC (Allocation Failure) 10412.913: [ParNew
Desired survivor size 8716288 bytes, new threshold 6 (max 6)
- age   1:      66912 bytes,      66912 total
- age   3:       1096 bytes,      68008 total
- age   4:         24 bytes,      68032 total
- age   5:     219504 bytes,     287536 total
: 136740K->417K(153344K), 0.0065808 secs] 347042K->210720K(1031552K), 0.0067058 secs] [Times: user=0.01 sys=0.00, real=0.00 secs] 
2016-08-24T17:01:33.998+0000: 10412.920: Total time for which application threads were stopped: 0.0075494 seconds, Stopping threads took: 0.0001050 seconds
2016-08-24T17:01:34.038+0000: 10412.959: [GC (Allocation Failure) 10412.959: [ParNew
Desired survivor size 8716288 bytes, new threshold 6 (max 6)
- age   1:      84048 bytes,      84048 total
- age   2:      19336 bytes,     103384 total
- age   4:       1096 bytes,     104480 total
- age   5:         24 bytes,     104504 total
- age   6:     219504 bytes,     324008 total
: 136737K->406K(153344K), 0.0063808 secs] 347040K->210709K(1031552K), 0.0064879 secs] [Times: user=0.01 sys=0.00, real=0.01 secs] 
2016-08-24T17:01:34.044+0000: 10412.966: Total time for which application threads were stopped: 0.0082168 seconds, Stopping threads took: 0.0009104 seconds
2016-08-24T17:01:34.087+0000: 10413.008: [GC (Allocation Failure) 10413.008: [ParNew
Desired survivor size 8716288 bytes, new threshold 6 (max 6)
- age   1:      73160 bytes,      73160 total
- age   3:       1000 bytes,      74160 total
- age   5:       1064 bytes,      75224 total
- age   6:         24 bytes,      75248 total
: 136726K->311K(153344K), 0.0063474 secs] 347029K->210830K(1031552K), 0.0064608 secs] [Times: user=0.02 sys=0.00, real=0.01 secs] 
2016-08-24T17:01:34.093+0000: 10413.015: Total time for which application threads were stopped: 0.0073551 seconds, Stopping threads took: 0.0001047 seconds
2016-08-24T17:01:34.133+0000: 10413.054: [GC (Allocation Failure) 10413.055: [ParNew
Desired survivor size 8716288 bytes, new threshold 6 (max 6)
- age   1:      74712 bytes,      74712 total
- age   2:       1000 bytes,      75712 total
- age   4:        968 bytes,      76680 total
- age   6:       1064 bytes,      77744 total
: 136631K->111K(153344K), 0.0052398 secs] 347150K->210630K(1031552K), 0.0053374 secs] [Times: user=0.01 sys=0.00, real=0.00 secs] 
2016-08-24T17:01:34.138+0000: 10413.060: Total time for which application threads were stopped: 0.0061440 seconds, Stopping threads took: 0.0000956 seconds
2016-08-24T17:01:34.176+0000: 10413.097: [GC (Allocation Failure) 10413.097: [ParNew
Desired survivor size 8716288 bytes, new threshold 6 (max 6)
- age   1:      67968 bytes,      67968 total
- age   2:       5512 bytes,      73480 total
- age   3:       1000 bytes,      74480 total
- age   5:        968 bytes,      75448 total
: 136431K->101K(153344K), 0.0053679 secs] 346950K->210622K(1031552K), 0.0054711 secs] [Times: user=0.01 sys=0.00, real=0.01 secs] 
2016-08-24T17:01:34.181+0000: 10413.103: Total time for which application threads were stopped: 0.0062829 seconds, Stopping threads took: 0.0001010 seconds
2016-08-24T17:01:34.222+0000: 10413.144: [GC (Allocation Failure) 10413.144: [ParNew
Desired survivor size 8716288 bytes, new threshold 6 (max 6)
- age   1:      56752 bytes,      56752 total
- age   3:       1952 bytes,      58704 total
- age   4:        968 bytes,      59672 total
- age   6:        968 bytes,      60640 total
: 136421K->69K(153344K), 0.0049085 secs] 346942K->210590K(1031552K), 0.0050129 secs] [Times: user=0.01 sys=0.00, real=0.00 secs] 
2016-08-24T17:01:34.227+0000: 10413.149: Total time for which application threads were stopped: 0.0058102 seconds, Stopping threads took: 0.0001009 seconds
2016-08-24T17:01:34.265+0000: 10413.186: [GC (Allocation Failure) 10413.186: [ParNew
Desired survivor size 8716288 bytes, new threshold 6 (max 6)
- age   1:      80608 bytes,      80608 total
- age   2:       7768 bytes,      88376 total
- age   4:       1952 bytes,      90328 total
- age   5:        968 bytes,      91296 total
: 136389K->108K(153344K), 0.0050256 secs] 346910K->210630K(1031552K), 0.0051314 secs] [Times: user=0.01 sys=0.00, real=0.01 secs] 
2016-08-24T17:01:34.270+0000: 10413.192: Total time for which application threads were stopped: 0.0059904 seconds, Stopping threads took: 0.0001132 seconds
2016-08-24T17:01:43.795+0000: 10422.716: [GC (Allocation Failure) 10422.716: [ParNew
Desired survivor size 8716288 bytes, new threshold 6 (max 6)
- age   1:    1181048 bytes,    1181048 total
- age   3:        968 bytes,    1182016 total
- age   5:       1416 bytes,    1183432 total
- age   6:        968 bytes,    1184400 total
: 136428K->1180K(153344K), 0.0079640 secs] 346950K->211702K(1031552K), 0.0081118 secs] [Times: user=0.02 sys=0.00, real=0.01 secs] 
2016-08-24T17:01:43.803+0000: 10422.725: Total time for which application threads were stopped: 0.0089957 seconds, Stopping threads took: 0.0001079 seconds
2016-08-24T17:01:43.841+0000: 10422.763: [GC (Allocation Failure) 10422.763: [ParNew
Desired survivor size 8716288 bytes, new threshold 6 (max 6)
- age   1:      72376 bytes,      72376 total
- age   2:     341048 bytes,     413424 total
- age   4:        968 bytes,     414392 total
- age   6:       1416 bytes,     415808 total
: 137500K->555K(153344K), 0.0056242 secs] 348022K->211078K(1031552K), 0.0057323 secs] [Times: user=0.01 sys=0.00, real=0.00 secs] 
2016-08-24T17:01:43.847+0000: 10422.769: Total time for which application threads were stopped: 0.0065448 seconds, Stopping threads took: 0.0000971 seconds
2016-08-24T17:01:43.889+0000: 10422.811: [GC (Allocation Failure) 10422.811: [ParNew
Desired survivor size 8716288 bytes, new threshold 6 (max 6)
- age   1:      63624 bytes,      63624 total
- age   2:         72 bytes,      63696 total
- age   3:     334032 bytes,     397728 total
- age   5:        968 bytes,     398696 total
: 136875K->550K(153344K), 0.0054405 secs] 347398K->211074K(1031552K), 0.0055459 secs] [Times: user=0.01 sys=0.00, real=0.00 secs] 
2016-08-24T17:01:43.895+0000: 10422.816: Total time for which application threads were stopped: 0.0063689 seconds, Stopping threads took: 0.0001153 seconds
2016-08-24T17:01:43.932+0000: 10422.854: [GC (Allocation Failure) 10422.854: [ParNew
Desired survivor size 8716288 bytes, new threshold 6 (max 6)
- age   1:      64032 bytes,      64032 total
- age   2:       9336 bytes,      73368 total
- age   3:         72 bytes,      73440 total
- age   4:     334032 bytes,     407472 total
- age   6:        968 bytes,     408440 total
: 136870K->562K(153344K), 0.0056269 secs] 347394K->211086K(1031552K), 0.0057341 secs] [Times: user=0.01 sys=0.00, real=0.00 secs] 
2016-08-24T17:01:43.938+0000: 10422.860: Total time for which application threads were stopped: 0.0065767 seconds, Stopping threads took: 0.0001048 seconds
2016-08-24T17:01:43.978+0000: 10422.900: [GC (Allocation Failure) 10422.900: [ParNew
Desired survivor size 8716288 bytes, new threshold 6 (max 6)
- age   1:      55184 bytes,      55184 total
- age   3:       1096 bytes,      56280 total
- age   4:         72 bytes,      56352 total
- age   5:     332184 bytes,     388536 total
: 136882K->578K(153344K), 0.0053023 secs] 347406K->211104K(1031552K), 0.0054104 secs] [Times: user=0.01 sys=0.00, real=0.01 secs] 
2016-08-24T17:01:43.984+0000: 10422.905: Total time for which application threads were stopped: 0.0062150 seconds, Stopping threads took: 0.0000926 seconds
2016-08-24T17:01:44.022+0000: 10422.943: [GC (Allocation Failure) 10422.943: [ParNew
Desired survivor size 8716288 bytes, new threshold 6 (max 6)
- age   1:      74928 bytes,      74928 total
- age   2:      12776 bytes,      87704 total
- age   4:       1096 bytes,      88800 total
- age   5:         72 bytes,      88872 total
- age   6:     332184 bytes,     421056 total
: 136898K->558K(153344K), 0.0057729 secs] 347424K->211083K(1031552K), 0.0058811 secs] [Times: user=0.01 sys=0.00, real=0.00 secs] 
2016-08-24T17:01:44.028+0000: 10422.949: Total time for which application threads were stopped: 0.0067262 seconds, Stopping threads took: 0.0001001 seconds
2016-08-24T17:01:44.068+0000: 10422.989: [GC (Allocation Failure) 10422.989: [ParNew
Desired survivor size 8716288 bytes, new threshold 6 (max 6)
- age   1:      82944 bytes,      82944 total
- age   3:       1000 bytes,      83944 total
- age   5:       1064 bytes,      85008 total
- age   6:         72 bytes,      85080 total
: 136878K->402K(153344K), 0.0062921 secs] 347403K->211257K(1031552K), 0.0064188 secs] [Times: user=0.01 sys=0.00, real=0.01 secs] 
2016-08-24T17:01:44.074+0000: 10422.996: Total time for which application threads were stopped: 0.0072499 seconds, Stopping threads took: 0.0001021 seconds
2016-08-24T17:01:44.113+0000: 10423.035: [GC (Allocation Failure) 10423.035: [ParNew
Desired survivor size 8716288 bytes, new threshold 6 (max 6)
- age   1:      65808 bytes,      65808 total
- age   2:      14968 bytes,      80776 total
- age   4:       1000 bytes,      81776 total
- age   6:       1064 bytes,      82840 total
: 136722K->134K(153344K), 0.0057367 secs] 347577K->210988K(1031552K), 0.0058504 secs] [Times: user=0.01 sys=0.00, real=0.00 secs] 
2016-08-24T17:01:44.119+0000: 10423.041: Total time for which application threads were stopped: 0.0066920 seconds, Stopping threads took: 0.0001017 seconds
2016-08-24T17:01:44.162+0000: 10423.083: [GC (Allocation Failure) 10423.083: [ParNew
Desired survivor size 8716288 bytes, new threshold 6 (max 6)
- age   1:      72112 bytes,      72112 total
- age   3:       1000 bytes,      73112 total
- age   5:        968 bytes,      74080 total
: 136454K->77K(153344K), 0.0056778 secs] 347308K->210933K(1031552K), 0.0057952 secs] [Times: user=0.01 sys=0.00, real=0.00 secs] 
2016-08-24T17:01:44.168+0000: 10423.089: Total time for which application threads were stopped: 0.0066470 seconds, Stopping threads took: 0.0001005 seconds
2016-08-24T17:01:44.207+0000: 10423.129: [GC (Allocation Failure) 10423.129: [ParNew
Desired survivor size 8716288 bytes, new threshold 6 (max 6)
- age   1:      66408 bytes,      66408 total
- age   2:      18536 bytes,      84944 total
- age   4:       1000 bytes,      85944 total
- age   6:        968 bytes,      86912 total
: 136397K->111K(153344K), 0.0056534 secs] 347253K->210967K(1031552K), 0.0057673 secs] [Times: user=0.01 sys=0.00, real=0.01 secs] 
2016-08-24T17:01:44.213+0000: 10423.135: Total time for which application threads were stopped: 0.0066008 seconds, Stopping threads took: 0.0001030 seconds
2016-08-24T17:01:44.254+0000: 10423.176: [GC (Allocation Failure) 10423.176: [ParNew
Desired survivor size 8716288 bytes, new threshold 6 (max 6)
- age   1:      79080 bytes,      79080 total
- age   3:       1000 bytes,      80080 total
- age   5:        968 bytes,      81048 total
: 136431K->107K(153344K), 0.0054070 secs] 347287K->210963K(1031552K), 0.0054966 secs] [Times: user=0.01 sys=0.00, real=0.00 secs] 
2016-08-24T17:01:44.260+0000: 10423.181: Total time for which application threads were stopped: 0.0062999 seconds, Stopping threads took: 0.0001020 seconds
2016-08-24T17:01:44.305+0000: 10423.227: [GC (Allocation Failure) 10423.227: [ParNew
Desired survivor size 8716288 bytes, new threshold 6 (max 6)
- age   1:     189552 bytes,     189552 total
- age   2:       2416 bytes,     191968 total
- age   4:       1000 bytes,     192968 total
- age   6:        968 bytes,     193936 total
: 136427K->212K(153344K), 0.0058729 secs] 347283K->211068K(1031552K), 0.0059749 secs] [Times: user=0.01 sys=0.00, real=0.01 secs] 
2016-08-24T17:01:44.312+0000: 10423.233: Total time for which application threads were stopped: 0.0067020 seconds, Stopping threads took: 0.0000703 seconds
2016-08-24T17:01:53.817+0000: 10432.738: [GC (Allocation Failure) 10432.738: [ParNew
Desired survivor size 8716288 bytes, new threshold 6 (max 6)
- age   1:     915336 bytes,     915336 total
- age   2:      87016 bytes,    1002352 total
- age   3:        968 bytes,    1003320 total
- age   5:        968 bytes,    1004288 total
: 136532K->1017K(153344K), 0.0081417 secs] 347388K->211874K(1031552K), 0.0082637 secs] [Times: user=0.02 sys=0.00, real=0.01 secs] 
2016-08-24T17:01:53.825+0000: 10432.746: Total time for which application threads were stopped: 0.0091362 seconds, Stopping threads took: 0.0001196 seconds
2016-08-24T17:01:53.865+0000: 10432.786: [GC (Allocation Failure) 10432.786: [ParNew
Desired survivor size 8716288 bytes, new threshold 6 (max 6)
- age   1:      81352 bytes,      81352 total
- age   2:     199600 bytes,     280952 total
- age   3:      85016 bytes,     365968 total
- age   4:        968 bytes,     366936 total
- age   6:        968 bytes,     367904 total
: 137337K->425K(153344K), 0.0060702 secs] 348194K->211283K(1031552K), 0.0061911 secs] [Times: user=0.01 sys=0.00, real=0.01 secs] 
2016-08-24T17:01:53.871+0000: 10432.793: Total time for which application threads were stopped: 0.0070391 seconds, Stopping threads took: 0.0001028 seconds
2016-08-24T17:01:53.912+0000: 10432.834: [GC (Allocation Failure) 10432.834: [ParNew
Desired survivor size 8716288 bytes, new threshold 6 (max 6)
- age   1:      78072 bytes,      78072 total
- age   2:         96 bytes,      78168 total
- age   3:     177600 bytes,     255768 total
- age   4:      85016 bytes,     340784 total
- age   5:        968 bytes,     341752 total
: 136745K->497K(153344K), 0.0061533 secs] 347603K->211355K(1031552K), 0.0062698 secs] [Times: user=0.01 sys=0.00, real=0.00 secs] 
2016-08-24T17:01:53.919+0000: 10432.840: Total time for which application threads were stopped: 0.0070996 seconds, Stopping threads took: 0.0001043 seconds
2016-08-24T17:01:53.960+0000: 10432.881: [GC (Allocation Failure) 10432.881: [ParNew
Desired survivor size 8716288 bytes, new threshold 6 (max 6)
- age   1:      63488 bytes,      63488 total
- age   2:       1096 bytes,      64584 total
- age   3:         96 bytes,      64680 total
- age   4:     175752 bytes,     240432 total
- age   5:      85016 bytes,     325448 total
- age   6:        968 bytes,     326416 total
: 136817K->334K(153344K), 0.0065477 secs] 347675K->211192K(1031552K), 0.0066702 secs] [Times: user=0.01 sys=0.00, real=0.01 secs] 
2016-08-24T17:01:53.967+0000: 10432.888: Total time for which application threads were stopped: 0.0075225 seconds, Stopping threads took: 0.0001059 seconds
2016-08-24T17:01:54.007+0000: 10432.928: [GC (Allocation Failure) 10432.928: [ParNew
Desired survivor size 8716288 bytes, new threshold 6 (max 6)
- age   1:      67560 bytes,      67560 total
- age   2:       5064 bytes,      72624 total
- age   3:       1096 bytes,      73720 total
- age   4:         96 bytes,      73816 total
- age   5:     175752 bytes,     249568 total
- age   6:      85016 bytes,     334584 total
: 136654K->465K(153344K), 0.0065951 secs] 347512K->211324K(1031552K), 0.0067145 secs] [Times: user=0.01 sys=0.00, real=0.01 secs] 
2016-08-24T17:01:54.014+0000: 10432.935: Total time for which application threads were stopped: 0.0075480 seconds, Stopping threads took: 0.0001034 seconds
2016-08-24T17:01:54.056+0000: 10432.977: [GC (Allocation Failure) 10432.977: [ParNew
Desired survivor size 8716288 bytes, new threshold 6 (max 6)
- age   1:      70168 bytes,      70168 total
- age   3:       1000 bytes,      71168 total
- age   4:       1064 bytes,      72232 total
- age   5:         96 bytes,      72328 total
- age   6:     173936 bytes,     246264 total
: 136785K->473K(153344K), 0.0068760 secs] 347644K->211418K(1031552K), 0.0069978 secs] [Times: user=0.01 sys=0.00, real=0.01 secs] 
2016-08-24T17:01:54.063+0000: 10432.984: Total time for which application threads were stopped: 0.0078535 seconds, Stopping threads took: 0.0000953 seconds
2016-08-24T17:01:54.102+0000: 10433.023: [GC (Allocation Failure) 10433.023: [ParNew
Desired survivor size 8716288 bytes, new threshold 6 (max 6)
- age   1:      62576 bytes,      62576 total
- age   2:       8808 bytes,      71384 total
- age   4:       1000 bytes,      72384 total
- age   5:       1064 bytes,      73448 total
- age   6:         96 bytes,      73544 total
: 136793K->183K(153344K), 0.0072902 secs] 347738K->211301K(1031552K), 0.0074126 secs] [Times: user=0.01 sys=0.00, real=0.01 secs] 
2016-08-24T17:01:54.109+0000: 10433.031: Total time for which application threads were stopped: 0.0082681 seconds, Stopping threads took: 0.0001044 seconds
2016-08-24T17:01:54.152+0000: 10433.073: [GC (Allocation Failure) 10433.073: [ParNew
Desired survivor size 8716288 bytes, new threshold 6 (max 6)
- age   1:      58312 bytes,      58312 total
- age   3:       1000 bytes,      59312 total
- age   5:        968 bytes,      60280 total
- age   6:       1064 bytes,      61344 total
: 136503K->81K(153344K), 0.0068056 secs] 347621K->211200K(1031552K), 0.0069415 secs] [Times: user=0.01 sys=0.00, real=0.00 secs] 
2016-08-24T17:01:54.159+0000: 10433.080: Total time for which application threads were stopped: 0.0078073 seconds, Stopping threads took: 0.0001060 seconds
2016-08-24T17:01:54.198+0000: 10433.119: [GC (Allocation Failure) 10433.119: [ParNew
Desired survivor size 8716288 bytes, new threshold 6 (max 6)
- age   1:      81568 bytes,      81568 total
- age   2:      13016 bytes,      94584 total
- age   4:       1000 bytes,      95584 total
- age   6:        968 bytes,      96552 total
: 136401K->101K(153344K), 0.0062701 secs] 347520K->211220K(1031552K), 0.0063920 secs] [Times: user=0.01 sys=0.00, real=0.01 secs] 
2016-08-24T17:01:54.204+0000: 10433.126: Total time for which application threads were stopped: 0.0072421 seconds, Stopping threads took: 0.0001027 seconds
2016-08-24T17:01:54.247+0000: 10433.168: [GC (Allocation Failure) 10433.168: [ParNew
Desired survivor size 8716288 bytes, new threshold 6 (max 6)
- age   1:      68256 bytes,      68256 total
- age   3:       2064 bytes,      70320 total
- age   5:        968 bytes,      71288 total
: 136421K->106K(153344K), 0.0065110 secs] 347540K->211226K(1031552K), 0.0066311 secs] [Times: user=0.02 sys=0.00, real=0.01 secs] 
2016-08-24T17:01:54.253+0000: 10433.175: Total time for which application threads were stopped: 0.0074794 seconds, Stopping threads took: 0.0001047 seconds
2016-08-24T17:01:54.292+0000: 10433.213: [GC (Allocation Failure) 10433.213: [ParNew
Desired survivor size 8716288 bytes, new threshold 6 (max 6)
- age   1:      68872 bytes,      68872 total
- age   2:      14584 bytes,      83456 total
- age   4:       2064 bytes,      85520 total
- age   6:        968 bytes,      86488 total
: 136426K->96K(153344K), 0.0060916 secs] 347546K->211217K(1031552K), 0.0062069 secs] [Times: user=0.01 sys=0.00, real=0.00 secs] 
2016-08-24T17:01:54.298+0000: 10433.220: Total time for which application threads were stopped: 0.0070448 seconds, Stopping threads took: 0.0001029 seconds
2016-08-24T17:02:03.825+0000: 10442.746: [GC (Allocation Failure) 10442.746: [ParNew
Desired survivor size 8716288 bytes, new threshold 6 (max 6)
- age   1:    1076512 bytes,    1076512 total
- age   3:        968 bytes,    1077480 total
- age   5:       1464 bytes,    1078944 total
: 136416K->1071K(153344K), 0.0082728 secs] 347537K->212192K(1031552K), 0.0084004 secs] [Times: user=0.01 sys=0.00, real=0.01 secs] 
2016-08-24T17:02:03.833+0000: 10442.755: Total time for which application threads were stopped: 0.0092978 seconds, Stopping threads took: 0.0001062 seconds
2016-08-24T17:02:03.873+0000: 10442.794: [GC (Allocation Failure) 10442.794: [ParNew
Desired survivor size 8716288 bytes, new threshold 6 (max 6)
- age   1:      68536 bytes,      68536 total
- age   2:     317744 bytes,     386280 total
- age   4:        968 bytes,     387248 total
- age   6:       1464 bytes,     388712 total
: 137391K->572K(153344K), 0.0059136 secs] 348512K->211693K(1031552K), 0.0060211 secs] [Times: user=0.01 sys=0.00, real=0.00 secs] 
2016-08-24T17:02:03.879+0000: 10442.800: Total time for which application threads were stopped: 0.0068416 seconds, Stopping threads took: 0.0001013 seconds
2016-08-24T17:02:03.919+0000: 10442.840: [GC (Allocation Failure) 10442.840: [ParNew
Desired survivor size 8716288 bytes, new threshold 6 (max 6)
- age   1:      63896 bytes,      63896 total
- age   3:     302424 bytes,     366320 total
- age   5:        968 bytes,     367288 total
: 136892K->502K(153344K), 0.0068463 secs] 348013K->211625K(1031552K), 0.0069735 secs] [Times: user=0.02 sys=0.00, real=0.01 secs] 
2016-08-24T17:02:03.926+0000: 10442.847: Total time for which application threads were stopped: 0.0078420 seconds, Stopping threads took: 0.0001008 seconds
2016-08-24T17:02:03.965+0000: 10442.886: [GC (Allocation Failure) 10442.886: [ParNew
Desired survivor size 8716288 bytes, new threshold 6 (max 6)
- age   1:      66728 bytes,      66728 total
- age   2:      17360 bytes,      84088 total
- age   4:     302424 bytes,     386512 total
- age   6:        968 bytes,     387480 total
: 136822K->518K(153344K), 0.0057578 secs] 347945K->211641K(1031552K), 0.0058658 secs] [Times: user=0.02 sys=0.00, real=0.01 secs] 
2016-08-24T17:02:03.971+0000: 10442.892: Total time for which application threads were stopped: 0.0067150 seconds, Stopping threads took: 0.0001020 seconds
2016-08-24T17:02:04.009+0000: 10442.931: [GC (Allocation Failure) 10442.931: [ParNew
Desired survivor size 8716288 bytes, new threshold 6 (max 6)
- age   1:      60576 bytes,      60576 total
- age   3:       1256 bytes,      61832 total
- age   5:     300576 bytes,     362408 total
: 136838K->541K(153344K), 0.0061271 secs] 347961K->211664K(1031552K), 0.0062557 secs] [Times: user=0.02 sys=0.00, real=0.00 secs] 
2016-08-24T17:02:04.016+0000: 10442.937: Total time for which application threads were stopped: 0.0071076 seconds, Stopping threads took: 0.0001016 seconds
2016-08-24T17:02:04.054+0000: 10442.976: [GC (Allocation Failure) 10442.976: [ParNew
Desired survivor size 8716288 bytes, new threshold 6 (max 6)
- age   1:     101304 bytes,     101304 total
- age   2:      20016 bytes,     121320 total
- age   4:       1256 bytes,     122576 total
- age   6:     299280 bytes,     421856 total
: 136861K->526K(153344K), 0.0058908 secs] 347984K->211650K(1031552K), 0.0059834 secs] [Times: user=0.01 sys=0.00, real=0.01 secs] 
2016-08-24T17:02:04.060+0000: 10442.982: Total time for which application threads were stopped: 0.0067949 seconds, Stopping threads took: 0.0001215 seconds
2016-08-24T17:02:04.101+0000: 10443.023: [GC (Allocation Failure) 10443.023: [ParNew
Desired survivor size 8716288 bytes, new threshold 6 (max 6)
- age   1:      73168 bytes,      73168 total
- age   2:       5440 bytes,      78608 total
- age   3:       1000 bytes,      79608 total
- age   5:       1224 bytes,      80832 total
: 136846K->398K(153344K), 0.0066165 secs] 347970K->211818K(1031552K), 0.0067330 secs] [Times: user=0.01 sys=0.00, real=0.00 secs] 
2016-08-24T17:02:04.108+0000: 10443.030: Total time for which application threads were stopped: 0.0076009 seconds, Stopping threads took: 0.0001234 seconds
2016-08-24T17:02:04.150+0000: 10443.071: [GC (Allocation Failure) 10443.071: [ParNew
Desired survivor size 8716288 bytes, new threshold 6 (max 6)
- age   1:      64576 bytes,      64576 total
- age   2:       1000 bytes,      65576 total
- age   3:       5440 bytes,      71016 total
- age   4:        968 bytes,      71984 total
- age   6:       1224 bytes,      73208 total
: 136718K->132K(153344K), 0.0055581 secs] 348138K->211552K(1031552K), 0.0056465 secs] [Times: user=0.01 sys=0.00, real=0.00 secs] 
2016-08-24T17:02:04.156+0000: 10443.077: Total time for which application threads were stopped: 0.0064569 seconds, Stopping threads took: 0.0001161 seconds
2016-08-24T17:02:04.198+0000: 10443.119: [GC (Allocation Failure) 10443.119: [ParNew
Desired survivor size 8716288 bytes, new threshold 6 (max 6)
- age   1:      84416 bytes,      84416 total
- age   2:       4736 bytes,      89152 total
- age   3:       1000 bytes,      90152 total
- age   4:       5440 bytes,      95592 total
- age   5:        968 bytes,      96560 total
: 136452K->117K(153344K), 0.0061369 secs] 347872K->211538K(1031552K), 0.0062548 secs] [Times: user=0.01 sys=0.00, real=0.01 secs] 
2016-08-24T17:02:04.204+0000: 10443.125: Total time for which application threads were stopped: 0.0071157 seconds, Stopping threads took: 0.0001056 seconds
2016-08-24T17:02:04.245+0000: 10443.166: [GC (Allocation Failure) 10443.166: [ParNew
Desired survivor size 8716288 bytes, new threshold 6 (max 6)
- age   1:      65000 bytes,      65000 total
- age   3:       1000 bytes,      66000 total
- age   4:        968 bytes,      66968 total
- age   5:       5440 bytes,      72408 total
- age   6:        968 bytes,      73376 total
: 136437K->116K(153344K), 0.0062604 secs] 347858K->211537K(1031552K), 0.0063822 secs] [Times: user=0.01 sys=0.00, real=0.01 secs] 
2016-08-24T17:02:04.251+0000: 10443.173: Total time for which application threads were stopped: 0.0073339 seconds, Stopping threads took: 0.0001238 seconds
2016-08-24T17:02:04.292+0000: 10443.213: [GC (Allocation Failure) 10443.213: [ParNew
Desired survivor size 8716288 bytes, new threshold 6 (max 6)
- age   1:      62120 bytes,      62120 total
- age   2:       8032 bytes,      70152 total
- age   4:       1000 bytes,      71152 total
- age   5:        968 bytes,      72120 total
- age   6:       5440 bytes,      77560 total
: 136436K->89K(153344K), 0.0067073 secs] 347857K->211511K(1031552K), 0.0068332 secs] [Times: user=0.01 sys=0.00, real=0.00 secs] 
2016-08-24T17:02:04.299+0000: 10443.220: Total time for which application threads were stopped: 0.0077340 seconds, Stopping threads took: 0.0001059 seconds
2016-08-24T17:02:13.806+0000: 10452.727: [GC (Allocation Failure) 10452.727: [ParNew
Desired survivor size 8716288 bytes, new threshold 6 (max 6)
- age   1:     834328 bytes,     834328 total
- age   3:        968 bytes,     835296 total
- age   5:        968 bytes,     836264 total
- age   6:        968 bytes,     837232 total
: 136409K->832K(153344K), 0.0081484 secs] 347831K->212258K(1031552K), 0.0082693 secs] [Times: user=0.01 sys=0.00, real=0.01 secs] 
2016-08-24T17:02:13.814+0000: 10452.736: Total time for which application threads were stopped: 0.0090965 seconds, Stopping threads took: 0.0000977 seconds
2016-08-24T17:02:13.855+0000: 10452.776: [GC (Allocation Failure) 10452.776: [ParNew
Desired survivor size 8716288 bytes, new threshold 6 (max 6)
- age   1:      86264 bytes,      86264 total
- age   2:     207480 bytes,     293744 total
- age   4:        968 bytes,     294712 total
- age   6:        968 bytes,     295680 total
: 137152K->372K(153344K), 0.0062467 secs] 348578K->211799K(1031552K), 0.0063608 secs] [Times: user=0.02 sys=0.00, real=0.01 secs] 
2016-08-24T17:02:13.861+0000: 10452.783: Total time for which application threads were stopped: 0.0072103 seconds, Stopping threads took: 0.0001008 seconds
2016-08-24T17:02:13.902+0000: 10452.823: [GC (Allocation Failure) 10452.823: [ParNew
Desired survivor size 8716288 bytes, new threshold 6 (max 6)
- age   1:      55400 bytes,      55400 total
- age   2:         72 bytes,      55472 total
- age   3:     198344 bytes,     253816 total
- age   5:        968 bytes,     254784 total
: 136692K->383K(153344K), 0.0057778 secs] 348119K->211811K(1031552K), 0.0058884 secs] [Times: user=0.01 sys=0.00, real=0.00 secs] 
2016-08-24T17:02:13.908+0000: 10452.829: Total time for which application threads were stopped: 0.0067147 seconds, Stopping threads took: 0.0000982 seconds
2016-08-24T17:02:13.946+0000: 10452.868: [GC (Allocation Failure) 10452.868: [ParNew
Desired survivor size 8716288 bytes, new threshold 6 (max 6)
- age   1:      90968 bytes,      90968 total
- age   2:      10792 bytes,     101760 total
- age   3:         72 bytes,     101832 total
- age   4:     198344 bytes,     300176 total
- age   6:        968 bytes,     301144 total
: 136703K->380K(153344K), 0.0057978 secs] 348131K->211808K(1031552K), 0.0059009 secs] [Times: user=0.01 sys=0.00, real=0.01 secs] 
2016-08-24T17:02:13.952+0000: 10452.874: Total time for which application threads were stopped: 0.0067358 seconds, Stopping threads took: 0.0001236 seconds
2016-08-24T17:02:13.993+0000: 10452.915: [GC (Allocation Failure) 10452.915: [ParNew
Desired survivor size 8716288 bytes, new threshold 6 (max 6)
- age   1:      59608 bytes,      59608 total
- age   3:       1096 bytes,      60704 total
- age   4:         72 bytes,      60776 total
- age   5:     196064 bytes,     256840 total
: 136700K->393K(153344K), 0.0060369 secs] 348128K->211822K(1031552K), 0.0061650 secs] [Times: user=0.01 sys=0.00, real=0.00 secs] 
2016-08-24T17:02:14.000+0000: 10452.921: Total time for which application threads were stopped: 0.0070010 seconds, Stopping threads took: 0.0001008 seconds
2016-08-24T17:02:14.041+0000: 10452.963: [GC (Allocation Failure) 10452.963: [ParNew
Desired survivor size 8716288 bytes, new threshold 6 (max 6)
- age   1:      61176 bytes,      61176 total
- age   2:      14088 bytes,      75264 total
- age   4:       1096 bytes,      76360 total
- age   5:         72 bytes,      76432 total
- age   6:     196064 bytes,     272496 total
: 136713K->364K(153344K), 0.0060063 secs] 348142K->211793K(1031552K), 0.0061350 secs] [Times: user=0.02 sys=0.00, real=0.00 secs] 
2016-08-24T17:02:14.047+0000: 10452.969: Total time for which application threads were stopped: 0.0070075 seconds, Stopping threads took: 0.0000880 seconds
2016-08-24T17:02:14.089+0000: 10453.011: [GC (Allocation Failure) 10453.011: [ParNew
Desired survivor size 8716288 bytes, new threshold 6 (max 6)
- age   1:      59936 bytes,      59936 total
- age   3:       1000 bytes,      60936 total
- age   5:       1064 bytes,      62000 total
- age   6:         72 bytes,      62072 total
: 136684K->261K(153344K), 0.0062190 secs] 348113K->211884K(1031552K), 0.0063202 secs] [Times: user=0.01 sys=0.00, real=0.00 secs] 
2016-08-24T17:02:14.096+0000: 10453.017: Total time for which application threads were stopped: 0.0071508 seconds, Stopping threads took: 0.0001047 seconds
2016-08-24T17:02:14.135+0000: 10453.057: [GC (Allocation Failure) 10453.057: [ParNew
Desired survivor size 8716288 bytes, new threshold 6 (max 6)
- age   1:      70112 bytes,      70112 total
- age   2:      17000 bytes,      87112 total
- age   4:       1000 bytes,      88112 total
- age   6:       1064 bytes,      89176 total
: 136581K->128K(153344K), 0.0058291 secs] 348204K->211750K(1031552K), 0.0059437 secs] [Times: user=0.01 sys=0.00, real=0.01 secs] 
2016-08-24T17:02:14.142+0000: 10453.063: Total time for which application threads were stopped: 0.0068075 seconds, Stopping threads took: 0.0001026 seconds
2016-08-24T17:02:14.183+0000: 10453.104: [GC (Allocation Failure) 10453.104: [ParNew
Desired survivor size 8716288 bytes, new threshold 6 (max 6)
- age   1:      72344 bytes,      72344 total
- age   2:       1064 bytes,      73408 total
- age   3:       1000 bytes,      74408 total
- age   5:        968 bytes,      75376 total
: 136448K->86K(153344K), 0.0054486 secs] 348070K->211710K(1031552K), 0.0055432 secs] [Times: user=0.01 sys=0.00, real=0.01 secs] 
2016-08-24T17:02:14.188+0000: 10453.110: Total time for which application threads were stopped: 0.0063162 seconds, Stopping threads took: 0.0001062 seconds
2016-08-24T17:02:14.228+0000: 10453.150: [GC (Allocation Failure) 10453.150: [ParNew
Desired survivor size 8716288 bytes, new threshold 6 (max 6)
- age   1:      69648 bytes,      69648 total
- age   2:      19600 bytes,      89248 total
- age   3:       1064 bytes,      90312 total
- age   4:       1000 bytes,      91312 total
- age   6:        968 bytes,      92280 total
: 136406K->92K(153344K), 0.0061100 secs] 348030K->211716K(1031552K), 0.0062308 secs] [Times: user=0.01 sys=0.00, real=0.00 secs] 
2016-08-24T17:02:14.235+0000: 10453.156: Total time for which application threads were stopped: 0.0071159 seconds, Stopping threads took: 0.0001094 seconds
2016-08-24T17:02:14.275+0000: 10453.197: [GC (Allocation Failure) 10453.197: [ParNew
Desired survivor size 8716288 bytes, new threshold 6 (max 6)
- age   1:      66544 bytes,      66544 total
- age   3:       1000 bytes,      67544 total
- age   4:       1064 bytes,      68608 total
- age   5:        968 bytes,      69576 total
: 136412K->88K(153344K), 0.0058989 secs] 348036K->211712K(1031552K), 0.0060419 secs] [Times: user=0.01 sys=0.00, real=0.01 secs] 
2016-08-24T17:02:14.282+0000: 10453.203: Total time for which application threads were stopped: 0.0069163 seconds, Stopping threads took: 0.0001060 seconds
2016-08-24T17:02:15.284+0000: 10454.205: Total time for which application threads were stopped: 0.0018515 seconds, Stopping threads took: 0.0002487 seconds
2016-08-24T17:02:16.640+0000: 10455.562: [GC (Allocation Failure) 10455.562: [ParNew
Desired survivor size 8716288 bytes, new threshold 6 (max 6)
- age   1:     459336 bytes,     459336 total
- age   2:       1000 bytes,     460336 total
- age   4:        968 bytes,     461304 total
- age   5:        776 bytes,     462080 total
- age   6:        968 bytes,     463048 total
: 136408K->473K(153344K), 0.0141021 secs] 348032K->212098K(1031552K), 0.0143791 secs] [Times: user=0.03 sys=0.00, real=0.02 secs] 
2016-08-24T17:02:16.655+0000: 10455.576: Total time for which application threads were stopped: 0.0162869 seconds, Stopping threads took: 0.0002277 seconds
2016-08-24T17:02:23.850+0000: 10462.772: [GC (Allocation Failure) 10462.772: [ParNew
Desired survivor size 8716288 bytes, new threshold 6 (max 6)
- age   1:    1140224 bytes,    1140224 total
- age   2:      92272 bytes,    1232496 total
- age   3:        968 bytes,    1233464 total
- age   5:        968 bytes,    1234432 total
- age   6:        624 bytes,    1235056 total
: 136793K->1222K(153344K), 0.0093717 secs] 348418K->212848K(1031552K), 0.0095052 secs] [Times: user=0.01 sys=0.00, real=0.00 secs] 
2016-08-24T17:02:23.860+0000: 10462.782: Total time for which application threads were stopped: 0.0103618 seconds, Stopping threads took: 0.0001033 seconds
2016-08-24T17:02:23.900+0000: 10462.822: [GC (Allocation Failure) 10462.822: [ParNew
Desired survivor size 8716288 bytes, new threshold 6 (max 6)
- age   1:      69776 bytes,      69776 total
- age   2:     277368 bytes,     347144 total
- age   3:      89848 bytes,     436992 total
- age   4:        968 bytes,     437960 total
- age   6:        968 bytes,     438928 total
: 137542K->675K(153344K), 0.0070352 secs] 349168K->212301K(1031552K), 0.0071790 secs] [Times: user=0.02 sys=0.00, real=0.01 secs] 
2016-08-24T17:02:23.907+0000: 10462.829: Total time for which application threads were stopped: 0.0080654 seconds, Stopping threads took: 0.0001035 seconds
2016-08-24T17:02:23.948+0000: 10462.870: [GC (Allocation Failure) 10462.870: [ParNew
Desired survivor size 8716288 bytes, new threshold 6 (max 6)
- age   1:      88640 bytes,      88640 total
- age   3:     255152 bytes,     343792 total
- age   4:      89848 bytes,     433640 total
- age   5:        968 bytes,     434608 total
: 136995K->596K(153344K), 0.0068465 secs] 348621K->212223K(1031552K), 0.0069434 secs] [Times: user=0.01 sys=0.00, real=0.00 secs] 
2016-08-24T17:02:23.955+0000: 10462.877: Total time for which application threads were stopped: 0.0077355 seconds, Stopping threads took: 0.0000907 seconds
2016-08-24T17:02:23.996+0000: 10462.918: [GC (Allocation Failure) 10462.918: [ParNew
Desired survivor size 8716288 bytes, new threshold 6 (max 6)
- age   1:      49384 bytes,      49384 total
- age   2:       1096 bytes,      50480 total
- age   4:     253304 bytes,     303784 total
- age   5:      89848 bytes,     393632 total
- age   6:        968 bytes,     394600 total
: 136916K->419K(153344K), 0.0068982 secs] 348543K->212047K(1031552K), 0.0070236 secs] [Times: user=0.02 sys=0.00, real=0.01 secs] 
2016-08-24T17:02:24.003+0000: 10462.925: Total time for which application threads were stopped: 0.0078892 seconds, Stopping threads took: 0.0001042 seconds
2016-08-24T17:02:24.043+0000: 10462.965: [GC (Allocation Failure) 10462.965: [ParNew
Desired survivor size 8716288 bytes, new threshold 6 (max 6)
- age   1:      65056 bytes,      65056 total
- age   2:       5240 bytes,      70296 total
- age   3:       1096 bytes,      71392 total
- age   5:     253304 bytes,     324696 total
- age   6:      89848 bytes,     414544 total
: 136739K->572K(153344K), 0.0067921 secs] 348367K->212200K(1031552K), 0.0069264 secs] [Times: user=0.01 sys=0.00, real=0.01 secs] 
2016-08-24T17:02:24.051+0000: 10462.972: Total time for which application threads were stopped: 0.0078094 seconds, Stopping threads took: 0.0000992 seconds
2016-08-24T17:02:24.092+0000: 10463.013: [GC (Allocation Failure) 10463.013: [ParNew
Desired survivor size 8716288 bytes, new threshold 6 (max 6)
- age   1:      79616 bytes,      79616 total
- age   3:       1000 bytes,      80616 total
- age   4:       1064 bytes,      81680 total
- age   6:     251488 bytes,     333168 total
: 136892K->403K(153344K), 0.0069482 secs] 348520K->212121K(1031552K), 0.0070996 secs] [Times: user=0.02 sys=0.00, real=0.00 secs] 
2016-08-24T17:02:24.099+0000: 10463.021: Total time for which application threads were stopped: 0.0079868 seconds, Stopping threads took: 0.0001191 seconds
2016-08-24T17:02:24.140+0000: 10463.061: [GC (Allocation Failure) 10463.061: [ParNew
Desired survivor size 8716288 bytes, new threshold 6 (max 6)
- age   1:      75032 bytes,      75032 total
- age   2:       8888 bytes,      83920 total
- age   4:       1000 bytes,      84920 total
- age   5:       1064 bytes,      85984 total
: 136723K->343K(153344K), 0.0069609 secs] 348441K->212313K(1031552K), 0.0070788 secs] [Times: user=0.02 sys=0.00, real=0.01 secs] 
2016-08-24T17:02:24.147+0000: 10463.069: Total time for which application threads were stopped: 0.0079271 seconds, Stopping threads took: 0.0001016 seconds
2016-08-24T17:02:24.186+0000: 10463.108: [GC (Allocation Failure) 10463.108: [ParNew
Desired survivor size 8716288 bytes, new threshold 6 (max 6)
- age   1:      60912 bytes,      60912 total
- age   3:       1000 bytes,      61912 total
- age   5:        968 bytes,      62880 total
- age   6:       1064 bytes,      63944 total
: 136663K->121K(153344K), 0.0053277 secs] 348633K->212091K(1031552K), 0.0054161 secs] [Times: user=0.01 sys=0.00, real=0.01 secs] 
2016-08-24T17:02:24.192+0000: 10463.113: Total time for which application threads were stopped: 0.0062151 seconds, Stopping threads took: 0.0001007 seconds
2016-08-24T17:02:24.231+0000: 10463.153: [GC (Allocation Failure) 10463.153: [ParNew
Desired survivor size 8716288 bytes, new threshold 6 (max 6)
- age   1:      74072 bytes,      74072 total
- age   2:      11952 bytes,      86024 total
- age   4:       1000 bytes,      87024 total
- age   6:        968 bytes,      87992 total
: 136441K->94K(153344K), 0.0057268 secs] 348411K->212064K(1031552K), 0.0058387 secs] [Times: user=0.01 sys=0.00, real=0.00 secs] 
2016-08-24T17:02:24.237+0000: 10463.159: Total time for which application threads were stopped: 0.0066702 seconds, Stopping threads took: 0.0001059 seconds
2016-08-24T17:02:24.278+0000: 10463.199: [GC (Allocation Failure) 10463.199: [ParNew
Desired survivor size 8716288 bytes, new threshold 6 (max 6)
- age   1:      75392 bytes,      75392 total
- age   3:       1000 bytes,      76392 total
- age   5:        968 bytes,      77360 total
: 136414K->100K(153344K), 0.0057276 secs] 348384K->212072K(1031552K), 0.0058433 secs] [Times: user=0.01 sys=0.00, real=0.01 secs] 
2016-08-24T17:02:24.284+0000: 10463.205: Total time for which application threads were stopped: 0.0067177 seconds, Stopping threads took: 0.0001037 seconds
2016-08-24T17:02:24.322+0000: 10463.243: [GC (Allocation Failure) 10463.244: [ParNew
Desired survivor size 8716288 bytes, new threshold 6 (max 6)
- age   1:      68656 bytes,      68656 total
- age   2:      14584 bytes,      83240 total
- age   4:       1000 bytes,      84240 total
- age   6:        968 bytes,      85208 total
: 136420K->115K(153344K), 0.0053398 secs] 348392K->212087K(1031552K), 0.0054247 secs] [Times: user=0.01 sys=0.00, real=0.00 secs] 
2016-08-24T17:02:24.327+0000: 10463.249: Total time for which application threads were stopped: 0.0061954 seconds, Stopping threads took: 0.0001035 seconds
2016-08-24T17:02:31.681+0000: 10470.603: Total time for which application threads were stopped: 0.0019617 seconds, Stopping threads took: 0.0002045 seconds
2016-08-24T17:02:31.683+0000: 10470.604: Total time for which application threads were stopped: 0.0011981 seconds, Stopping threads took: 0.0001096 seconds
2016-08-24T17:02:31.684+0000: 10470.606: Total time for which application threads were stopped: 0.0014462 seconds, Stopping threads took: 0.0001488 seconds
2016-08-24T17:02:33.815+0000: 10472.736: [GC (Allocation Failure) 10472.736: [ParNew
Desired survivor size 8716288 bytes, new threshold 6 (max 6)
- age   1:     864096 bytes,     864096 total
- age   3:        968 bytes,     865064 total
- age   5:        968 bytes,     866032 total
: 136435K->855K(153344K), 0.0069051 secs] 348407K->212827K(1031552K), 0.0070268 secs] [Times: user=0.02 sys=0.00, real=0.01 secs] 
2016-08-24T17:02:33.822+0000: 10472.744: Total time for which application threads were stopped: 0.0078902 seconds, Stopping threads took: 0.0001002 seconds
2016-08-24T17:02:33.860+0000: 10472.781: [GC (Allocation Failure) 10472.781: [ParNew
Desired survivor size 8716288 bytes, new threshold 6 (max 6)
- age   1:      72664 bytes,      72664 total
- age   2:     221432 bytes,     294096 total
- age   4:        968 bytes,     295064 total
- age   6:        968 bytes,     296032 total
: 137175K->405K(153344K), 0.0054772 secs] 349147K->212378K(1031552K), 0.0055796 secs] [Times: user=0.01 sys=0.00, real=0.01 secs] 
2016-08-24T17:02:33.866+0000: 10472.787: Total time for which application threads were stopped: 0.0063916 seconds, Stopping threads took: 0.0001026 seconds
2016-08-24T17:02:33.904+0000: 10472.826: [GC (Allocation Failure) 10472.826: [ParNew
Desired survivor size 8716288 bytes, new threshold 6 (max 6)
- age   1:      63544 bytes,      63544 total
- age   2:         72 bytes,      63616 total
- age   3:     205736 bytes,     269352 total
- age   5:        968 bytes,     270320 total
: 136725K->392K(153344K), 0.0057457 secs] 348698K->212366K(1031552K), 0.0058314 secs] [Times: user=0.01 sys=0.00, real=0.01 secs] 
2016-08-24T17:02:33.910+0000: 10472.832: Total time for which application threads were stopped: 0.0066413 seconds, Stopping threads took: 0.0000966 seconds
2016-08-24T17:02:33.948+0000: 10472.869: [GC (Allocation Failure) 10472.869: [ParNew
Desired survivor size 8716288 bytes, new threshold 6 (max 6)
- age   1:      76248 bytes,      76248 total
- age   2:      17656 bytes,      93904 total
- age   3:         72 bytes,      93976 total
- age   4:     205736 bytes,     299712 total
- age   6:        968 bytes,     300680 total
: 136712K->397K(153344K), 0.0057828 secs] 348686K->212370K(1031552K), 0.0059005 secs] [Times: user=0.01 sys=0.00, real=0.01 secs] 
2016-08-24T17:02:33.954+0000: 10472.875: Total time for which application threads were stopped: 0.0066837 seconds, Stopping threads took: 0.0000971 seconds
2016-08-24T17:02:33.993+0000: 10472.914: [GC (Allocation Failure) 10472.914: [ParNew
Desired survivor size 8716288 bytes, new threshold 6 (max 6)
- age   1:      79344 bytes,      79344 total
- age   3:       1096 bytes,      80440 total
- age   4:         72 bytes,      80512 total
- age   5:     203240 bytes,     283752 total
: 136717K->516K(153344K), 0.0059081 secs] 348690K->212490K(1031552K), 0.0060041 secs] [Times: user=0.01 sys=0.00, real=0.00 secs] 
2016-08-24T17:02:33.999+0000: 10472.920: Total time for which application threads were stopped: 0.0068418 seconds, Stopping threads took: 0.0001011 seconds
2016-08-24T17:02:34.036+0000: 10472.957: [GC (Allocation Failure) 10472.957: [ParNew
Desired survivor size 8716288 bytes, new threshold 6 (max 6)
- age   1:      67816 bytes,      67816 total
- age   2:      20592 bytes,      88408 total
- age   4:       1096 bytes,      89504 total
- age   5:         72 bytes,      89576 total
- age   6:     203240 bytes,     292816 total
: 136836K->338K(153344K), 0.0062250 secs] 348810K->212313K(1031552K), 0.0063409 secs] [Times: user=0.01 sys=0.00, real=0.01 secs] 
2016-08-24T17:02:34.042+0000: 10472.964: Total time for which application threads were stopped: 0.0072052 seconds, Stopping threads took: 0.0001046 seconds
2016-08-24T17:02:34.083+0000: 10473.005: [GC (Allocation Failure) 10473.005: [ParNew
Desired survivor size 8716288 bytes, new threshold 6 (max 6)
- age   1:      69544 bytes,      69544 total
- age   3:       1000 bytes,      70544 total
- age   5:       1064 bytes,      71608 total
- age   6:         72 bytes,      71680 total
: 136658K->262K(153344K), 0.0070708 secs] 348633K->212437K(1031552K), 0.0071872 secs] [Times: user=0.01 sys=0.00, real=0.01 secs] 
2016-08-24T17:02:34.091+0000: 10473.012: Total time for which application threads were stopped: 0.0080521 seconds, Stopping threads took: 0.0001115 seconds
2016-08-24T17:02:34.129+0000: 10473.051: [GC (Allocation Failure) 10473.051: [ParNew
Desired survivor size 8716288 bytes, new threshold 6 (max 6)
- age   1:      63328 bytes,      63328 total
- age   2:       1000 bytes,      64328 total
- age   4:        968 bytes,      65296 total
- age   6:       1064 bytes,      66360 total
: 136582K->97K(153344K), 0.0063239 secs] 348757K->212272K(1031552K), 0.0064427 secs] [Times: user=0.01 sys=0.00, real=0.00 secs] 
2016-08-24T17:02:34.136+0000: 10473.057: Total time for which application threads were stopped: 0.0072693 seconds, Stopping threads took: 0.0001006 seconds
2016-08-24T17:02:34.176+0000: 10473.098: [GC (Allocation Failure) 10473.098: [ParNew
Desired survivor size 8716288 bytes, new threshold 6 (max 6)
- age   1:      62864 bytes,      62864 total
- age   2:       4976 bytes,      67840 total
- age   3:       1000 bytes,      68840 total
- age   5:        968 bytes,      69808 total
: 136417K->86K(153344K), 0.0060666 secs] 348592K->212263K(1031552K), 0.0061775 secs] [Times: user=0.01 sys=0.01, real=0.01 secs] 
2016-08-24T17:02:34.182+0000: 10473.104: Total time for which application threads were stopped: 0.0070401 seconds, Stopping threads took: 0.0001074 seconds
2016-08-24T17:02:34.223+0000: 10473.145: [GC (Allocation Failure) 10473.145: [ParNew
Desired survivor size 8716288 bytes, new threshold 6 (max 6)
- age   1:      55176 bytes,      55176 total
- age   2:       1064 bytes,      56240 total
- age   3:       1000 bytes,      57240 total
- age   4:        968 bytes,      58208 total
- age   6:        968 bytes,      59176 total
: 136406K->85K(153344K), 0.0061261 secs] 348583K->212261K(1031552K), 0.0062426 secs] [Times: user=0.01 sys=0.00, real=0.01 secs] 
2016-08-24T17:02:34.230+0000: 10473.151: Total time for which application threads were stopped: 0.0071339 seconds, Stopping threads took: 0.0001064 seconds
2016-08-24T17:02:34.270+0000: 10473.191: [GC (Allocation Failure) 10473.191: [ParNew
Desired survivor size 8716288 bytes, new threshold 6 (max 6)
- age   1:      89688 bytes,      89688 total
- age   2:       8656 bytes,      98344 total
- age   3:       1064 bytes,      99408 total
- age   4:       1000 bytes,     100408 total
- age   5:        968 bytes,     101376 total
: 136405K->103K(153344K), 0.0060706 secs] 348581K->212280K(1031552K), 0.0061851 secs] [Times: user=0.01 sys=0.00, real=0.00 secs] 
2016-08-24T17:02:34.276+0000: 10473.197: Total time for which application threads were stopped: 0.0070166 seconds, Stopping threads took: 0.0001045 seconds
2016-08-24T17:02:34.834+0000: 10473.756: Total time for which application threads were stopped: 0.0006456 seconds, Stopping threads took: 0.0000927 seconds
2016-08-24T17:02:34.834+0000: 10473.756: Total time for which application threads were stopped: 0.0002938 seconds, Stopping threads took: 0.0000255 seconds
2016-08-24T17:02:34.835+0000: 10473.756: Total time for which application threads were stopped: 0.0003629 seconds, Stopping threads took: 0.0000542 seconds
2016-08-24T17:02:43.808+0000: 10482.729: [GC (Allocation Failure) 10482.729: [ParNew
Desired survivor size 8716288 bytes, new threshold 6 (max 6)
- age   1:    1228720 bytes,    1228720 total
- age   3:        968 bytes,    1229688 total
- age   4:        496 bytes,    1230184 total
- age   5:        968 bytes,    1231152 total
- age   6:        968 bytes,    1232120 total
: 136423K->1230K(153344K), 0.0093437 secs] 348600K->213408K(1031552K), 0.0094764 secs] [Times: user=0.02 sys=0.00, real=0.01 secs] 
2016-08-24T17:02:43.818+0000: 10482.739: Total time for which application threads were stopped: 0.0104327 seconds, Stopping threads took: 0.0001728 seconds
2016-08-24T17:02:43.858+0000: 10482.779: [GC (Allocation Failure) 10482.779: [ParNew
Desired survivor size 8716288 bytes, new threshold 6 (max 6)
- age   1:      74488 bytes,      74488 total
- age   2:     359760 bytes,     434248 total
- age   4:        968 bytes,     435216 total
- age   5:        496 bytes,     435712 total
- age   6:        968 bytes,     436680 total
: 137550K->621K(153344K), 0.0058901 secs] 349728K->212799K(1031552K), 0.0059952 secs] [Times: user=0.01 sys=0.00, real=0.01 secs] 
2016-08-24T17:02:43.864+0000: 10482.786: Total time for which application threads were stopped: 0.0068146 seconds, Stopping threads took: 0.0001023 seconds
2016-08-24T17:02:43.905+0000: 10482.826: [GC (Allocation Failure) 10482.826: [ParNew
Desired survivor size 8716288 bytes, new threshold 6 (max 6)
- age   1:      63184 bytes,      63184 total
- age   2:        320 bytes,      63504 total
- age   3:     351184 bytes,     414688 total
- age   5:        968 bytes,     415656 total
- age   6:        496 bytes,     416152 total
: 136941K->741K(153344K), 0.0061498 secs] 349119K->212921K(1031552K), 0.0062697 secs] [Times: user=0.01 sys=0.00, real=0.01 secs] 
2016-08-24T17:02:43.911+0000: 10482.833: Total time for which application threads were stopped: 0.0071322 seconds, Stopping threads took: 0.0001240 seconds
2016-08-24T17:02:43.951+0000: 10482.873: [GC (Allocation Failure) 10482.873: [ParNew
Desired survivor size 8716288 bytes, new threshold 6 (max 6)
- age   1:      74384 bytes,      74384 total
- age   2:       9968 bytes,      84352 total
- age   3:        320 bytes,      84672 total
- age   4:     351184 bytes,     435856 total
- age   6:        968 bytes,     436824 total
: 137061K->490K(153344K), 0.0065024 secs] 349241K->212670K(1031552K), 0.0066155 secs] [Times: user=0.02 sys=0.00, real=0.00 secs] 
2016-08-24T17:02:43.958+0000: 10482.880: Total time for which application threads were stopped: 0.0074589 seconds, Stopping threads took: 0.0001042 seconds
2016-08-24T17:02:44.000+0000: 10482.922: [GC (Allocation Failure) 10482.922: [ParNew
Desired survivor size 8716288 bytes, new threshold 6 (max 6)
- age   1:      87000 bytes,      87000 total
- age   3:       1096 bytes,      88096 total
- age   4:        320 bytes,      88416 total
- age   5:     349336 bytes,     437752 total
: 136810K->563K(153344K), 0.0068225 secs] 348990K->212744K(1031552K), 0.0069514 secs] [Times: user=0.01 sys=0.00, real=0.01 secs] 
2016-08-24T17:02:44.007+0000: 10482.929: Total time for which application threads were stopped: 0.0078055 seconds, Stopping threads took: 0.0000984 seconds
2016-08-24T17:02:44.050+0000: 10482.971: [GC (Allocation Failure) 10482.971: [ParNew
Desired survivor size 8716288 bytes, new threshold 6 (max 6)
- age   1:      76240 bytes,      76240 total
- age   2:      13776 bytes,      90016 total
- age   4:       1096 bytes,      91112 total
- age   5:        320 bytes,      91432 total
- age   6:     349336 bytes,     440768 total
: 136883K->605K(153344K), 0.0060537 secs] 349064K->212786K(1031552K), 0.0061637 secs] [Times: user=0.01 sys=0.00, real=0.00 secs] 
2016-08-24T17:02:44.056+0000: 10482.978: Total time for which application threads were stopped: 0.0069952 seconds, Stopping threads took: 0.0001003 seconds
2016-08-24T17:02:44.096+0000: 10483.017: [GC (Allocation Failure) 10483.017: [ParNew
Desired survivor size 8716288 bytes, new threshold 6 (max 6)
- age   1:      77192 bytes,      77192 total
- age   3:       1000 bytes,      78192 total
- age   5:       1064 bytes,      79256 total
- age   6:        320 bytes,      79576 total
: 136925K->425K(153344K), 0.0076009 secs] 349106K->212952K(1031552K), 0.0077285 secs] [Times: user=0.01 sys=0.00, real=0.01 secs] 
2016-08-24T17:02:44.104+0000: 10483.025: Total time for which application threads were stopped: 0.0085839 seconds, Stopping threads took: 0.0001035 seconds
2016-08-24T17:02:44.144+0000: 10483.066: [GC (Allocation Failure) 10483.066: [ParNew
Desired survivor size 8716288 bytes, new threshold 6 (max 6)
- age   1:      83840 bytes,      83840 total
- age   2:      15440 bytes,      99280 total
- age   4:       1000 bytes,     100280 total
- age   6:       1064 bytes,     101344 total
: 136745K->193K(153344K), 0.0062250 secs] 349272K->212721K(1031552K), 0.0063315 secs] [Times: user=0.01 sys=0.00, real=0.01 secs] 
2016-08-24T17:02:44.150+0000: 10483.072: Total time for which application threads were stopped: 0.0071725 seconds, Stopping threads took: 0.0001029 seconds
2016-08-24T17:02:44.192+0000: 10483.114: [GC (Allocation Failure) 10483.114: [ParNew
Desired survivor size 8716288 bytes, new threshold 6 (max 6)
- age   1:      64920 bytes,      64920 total
- age   3:       1000 bytes,      65920 total
- age   5:        968 bytes,      66888 total
: 136513K->85K(153344K), 0.0063055 secs] 349041K->212614K(1031552K), 0.0064586 secs] [Times: user=0.01 sys=0.00, real=0.00 secs] 
2016-08-24T17:02:44.199+0000: 10483.120: Total time for which application threads were stopped: 0.0073257 seconds, Stopping threads took: 0.0001035 seconds
2016-08-24T17:02:44.239+0000: 10483.161: [GC (Allocation Failure) 10483.161: [ParNew
Desired survivor size 8716288 bytes, new threshold 6 (max 6)
- age   1:      69000 bytes,      69000 total
- age   2:      19160 bytes,      88160 total
- age   4:       1000 bytes,      89160 total
- age   6:        968 bytes,      90128 total
: 136405K->123K(153344K), 0.0060336 secs] 348934K->212652K(1031552K), 0.0061304 secs] [Times: user=0.01 sys=0.00, real=0.01 secs] 
2016-08-24T17:02:44.246+0000: 10483.167: Total time for which application threads were stopped: 0.0069570 seconds, Stopping threads took: 0.0001035 seconds
2016-08-24T17:02:44.287+0000: 10483.209: [GC (Allocation Failure) 10483.209: [ParNew
Desired survivor size 8716288 bytes, new threshold 6 (max 6)
- age   1:      80616 bytes,      80616 total
- age   3:       1000 bytes,      81616 total
- age   5:        968 bytes,      82584 total
: 136443K->110K(153344K), 0.0062780 secs] 348972K->212640K(1031552K), 0.0064200 secs] [Times: user=0.01 sys=0.00, real=0.01 secs] 
2016-08-24T17:02:44.294+0000: 10483.215: Total time for which application threads were stopped: 0.0073129 seconds, Stopping threads took: 0.0001040 seconds
2016-08-24T17:02:44.390+0000: 10483.312: [GC (Allocation Failure) 10483.312: [ParNew
Desired survivor size 8716288 bytes, new threshold 6 (max 6)
- age   1:     245776 bytes,     245776 total
- age   2:       2296 bytes,     248072 total
- age   4:        968 bytes,     249040 total
- age   6:        968 bytes,     250008 total
: 136430K->252K(153344K), 0.0089176 secs] 348960K->212781K(1031552K), 0.0090186 secs] [Times: user=0.02 sys=0.00, real=0.00 secs] 
2016-08-24T17:02:44.399+0000: 10483.321: Total time for which application threads were stopped: 0.0097715 seconds, Stopping threads took: 0.0000799 seconds
2016-08-24T17:02:53.845+0000: 10492.766: [GC (Allocation Failure) 10492.767: [ParNew
Desired survivor size 8716288 bytes, new threshold 6 (max 6)
- age   1:     864144 bytes,     864144 total
- age   2:     109936 bytes,     974080 total
- age   3:        968 bytes,     975048 total
- age   5:        968 bytes,     976016 total
: 136572K->1019K(153344K), 0.0073544 secs] 349101K->213549K(1031552K), 0.0074828 secs] [Times: user=0.01 sys=0.00, real=0.01 secs] 
2016-08-24T17:02:53.853+0000: 10492.774: Total time for which application threads were stopped: 0.0083752 seconds, Stopping threads took: 0.0001055 seconds
2016-08-24T17:02:53.892+0000: 10492.813: [GC (Allocation Failure) 10492.813: [ParNew
Desired survivor size 8716288 bytes, new threshold 6 (max 6)
- age   1:      56400 bytes,      56400 total
- age   2:     162272 bytes,     218672 total
- age   3:      89760 bytes,     308432 total
- age   4:        968 bytes,     309400 total
- age   6:        968 bytes,     310368 total
: 137339K->395K(153344K), 0.0056918 secs] 349869K->212926K(1031552K), 0.0057865 secs] [Times: user=0.01 sys=0.00, real=0.00 secs] 
2016-08-24T17:02:53.898+0000: 10492.819: Total time for which application threads were stopped: 0.0065567 seconds, Stopping threads took: 0.0000926 seconds
2016-08-24T17:02:53.937+0000: 10492.858: [GC (Allocation Failure) 10492.858: [ParNew
Desired survivor size 8716288 bytes, new threshold 6 (max 6)
- age   1:      81896 bytes,      81896 total
- age   2:       4088 bytes,      85984 total
- age   3:     162352 bytes,     248336 total
- age   4:      89760 bytes,     338096 total
- age   5:        968 bytes,     339064 total
: 136715K->425K(153344K), 0.0063465 secs] 349246K->212957K(1031552K), 0.0064626 secs] [Times: user=0.02 sys=0.00, real=0.01 secs] 
2016-08-24T17:02:53.943+0000: 10492.865: Total time for which application threads were stopped: 0.0073438 seconds, Stopping threads took: 0.0001178 seconds
2016-08-24T17:02:53.983+0000: 10492.904: [GC (Allocation Failure) 10492.904: [ParNew
Desired survivor size 8716288 bytes, new threshold 6 (max 6)
- age   1:      62008 bytes,      62008 total
- age   3:       1168 bytes,      63176 total
- age   4:     160424 bytes,     223600 total
- age   5:      89760 bytes,     313360 total
- age   6:        968 bytes,     314328 total
: 136745K->463K(153344K), 0.0064456 secs] 349277K->212995K(1031552K), 0.0065522 secs] [Times: user=0.01 sys=0.00, real=0.01 secs] 
2016-08-24T17:02:53.990+0000: 10492.911: Total time for which application threads were stopped: 0.0073570 seconds, Stopping threads took: 0.0000979 seconds
2016-08-24T17:02:54.030+0000: 10492.952: [GC (Allocation Failure) 10492.952: [ParNew
Desired survivor size 8716288 bytes, new threshold 6 (max 6)
- age   1:      82632 bytes,      82632 total
- age   2:       5536 bytes,      88168 total
- age   4:       1168 bytes,      89336 total
- age   5:     160424 bytes,     249760 total
- age   6:      89760 bytes,     339520 total
: 136783K->448K(153344K), 0.0063902 secs] 349315K->212981K(1031552K), 0.0065103 secs] [Times: user=0.01 sys=0.00, real=0.00 secs] 
2016-08-24T17:02:54.037+0000: 10492.958: Total time for which application threads were stopped: 0.0073656 seconds, Stopping threads took: 0.0001037 seconds
2016-08-24T17:02:54.077+0000: 10492.999: [GC (Allocation Failure) 10492.999: [ParNew
Desired survivor size 8716288 bytes, new threshold 6 (max 6)
- age   1:      53992 bytes,      53992 total
- age   3:       1000 bytes,      54992 total
- age   5:       1136 bytes,      56128 total
- age   6:     158608 bytes,     214736 total
: 136768K->326K(153344K), 0.0057721 secs] 349301K->212949K(1031552K), 0.0058644 secs] [Times: user=0.01 sys=0.00, real=0.01 secs] 
2016-08-24T17:02:54.083+0000: 10493.005: Total time for which application threads were stopped: 0.0066936 seconds, Stopping threads took: 0.0001263 seconds
2016-08-24T17:02:54.121+0000: 10493.043: [GC (Allocation Failure) 10493.043: [ParNew
Desired survivor size 8716288 bytes, new threshold 6 (max 6)
- age   1:      80944 bytes,      80944 total
- age   2:       9064 bytes,      90008 total
- age   4:       1000 bytes,      91008 total
- age   6:       1136 bytes,      92144 total
: 136646K->172K(153344K), 0.0065098 secs] 349269K->212953K(1031552K), 0.0066277 secs] [Times: user=0.02 sys=0.00, real=0.01 secs] 
2016-08-24T17:02:54.128+0000: 10493.050: Total time for which application threads were stopped: 0.0074527 seconds, Stopping threads took: 0.0001051 seconds
2016-08-24T17:02:54.167+0000: 10493.089: [GC (Allocation Failure) 10493.089: [ParNew
Desired survivor size 8716288 bytes, new threshold 6 (max 6)
- age   1:      67512 bytes,      67512 total
- age   3:       1000 bytes,      68512 total
- age   5:        968 bytes,      69480 total
: 136492K->119K(153344K), 0.0061655 secs] 349273K->212901K(1031552K), 0.0062756 secs] [Times: user=0.01 sys=0.00, real=0.01 secs] 
2016-08-24T17:02:54.174+0000: 10493.095: Total time for which application threads were stopped: 0.0071106 seconds, Stopping threads took: 0.0000974 seconds
2016-08-24T17:02:54.214+0000: 10493.135: [GC (Allocation Failure) 10493.135: [ParNew
Desired survivor size 8716288 bytes, new threshold 6 (max 6)
- age   1:      69376 bytes,      69376 total
- age   2:      13544 bytes,      82920 total
- age   4:       1000 bytes,      83920 total
- age   6:        968 bytes,      84888 total
: 136439K->91K(153344K), 0.0059503 secs] 349221K->212873K(1031552K), 0.0060667 secs] [Times: user=0.01 sys=0.00, real=0.00 secs] 
2016-08-24T17:02:54.220+0000: 10493.142: Total time for which application threads were stopped: 0.0069267 seconds, Stopping threads took: 0.0001006 seconds
2016-08-24T17:02:54.261+0000: 10493.183: [GC (Allocation Failure) 10493.183: [ParNew
Desired survivor size 8716288 bytes, new threshold 6 (max 6)
- age   1:      67184 bytes,      67184 total
- age   3:       2064 bytes,      69248 total
- age   5:        968 bytes,      70216 total
: 136411K->95K(153344K), 0.0057430 secs] 349193K->212878K(1031552K), 0.0058457 secs] [Times: user=0.01 sys=0.00, real=0.00 secs] 
2016-08-24T17:02:54.267+0000: 10493.189: Total time for which application threads were stopped: 0.0066858 seconds, Stopping threads took: 0.0001047 seconds
2016-08-24T17:02:54.307+0000: 10493.229: [GC (Allocation Failure) 10493.229: [ParNew
Desired survivor size 8716288 bytes, new threshold 6 (max 6)
- age   1:      63224 bytes,      63224 total
- age   2:      14704 bytes,      77928 total
- age   4:       2064 bytes,      79992 total
- age   6:        968 bytes,      80960 total
: 136415K->101K(153344K), 0.0061867 secs] 349198K->212884K(1031552K), 0.0062822 secs] [Times: user=0.01 sys=0.00, real=0.01 secs] 
2016-08-24T17:02:54.314+0000: 10493.235: Total time for which application threads were stopped: 0.0071310 seconds, Stopping threads took: 0.0001297 seconds
2016-08-24T17:03:03.835+0000: 10502.757: [GC (Allocation Failure) 10502.757: [ParNew
Desired survivor size 8716288 bytes, new threshold 6 (max 6)
- age   1:    1171056 bytes,    1171056 total
- age   3:        968 bytes,    1172024 total
- age   5:       1336 bytes,    1173360 total
: 136421K->1182K(153344K), 0.0079576 secs] 349204K->213967K(1031552K), 0.0080801 secs] [Times: user=0.01 sys=0.00, real=0.01 secs] 
2016-08-24T17:03:03.844+0000: 10502.765: Total time for which application threads were stopped: 0.0088887 seconds, Stopping threads took: 0.0000985 seconds
2016-08-24T17:03:03.881+0000: 10502.802: [GC (Allocation Failure) 10502.802: [ParNew
Desired survivor size 8716288 bytes, new threshold 6 (max 6)
- age   1:      80416 bytes,      80416 total
- age   2:     338968 bytes,     419384 total
- age   4:        968 bytes,     420352 total
- age   6:       1336 bytes,     421688 total
: 137502K->441K(153344K), 0.0059326 secs] 350287K->213226K(1031552K), 0.0060373 secs] [Times: user=0.01 sys=0.00, real=0.00 secs] 
2016-08-24T17:03:03.887+0000: 10502.808: Total time for which application threads were stopped: 0.0068824 seconds, Stopping threads took: 0.0000905 seconds
2016-08-24T17:03:03.928+0000: 10502.849: [GC (Allocation Failure) 10502.849: [ParNew
Desired survivor size 8716288 bytes, new threshold 6 (max 6)
- age   1:      59368 bytes,      59368 total
- age   3:     323448 bytes,     382816 total
- age   5:        968 bytes,     383784 total
: 136761K->561K(153344K), 0.0060985 secs] 349546K->213346K(1031552K), 0.0062072 secs] [Times: user=0.01 sys=0.00, real=0.01 secs] 
2016-08-24T17:03:03.934+0000: 10502.855: Total time for which application threads were stopped: 0.0070243 seconds, Stopping threads took: 0.0001071 seconds
2016-08-24T17:03:03.973+0000: 10502.895: [GC (Allocation Failure) 10502.895: [ParNew
Desired survivor size 8716288 bytes, new threshold 6 (max 6)
- age   1:      77688 bytes,      77688 total
- age   2:      17616 bytes,      95304 total
- age   4:     323448 bytes,     418752 total
- age   6:        968 bytes,     419720 total
: 136881K->550K(153344K), 0.0059837 secs] 349666K->213335K(1031552K), 0.0060900 secs] [Times: user=0.01 sys=0.00, real=0.00 secs] 
2016-08-24T17:03:03.979+0000: 10502.901: Total time for which application threads were stopped: 0.0069515 seconds, Stopping threads took: 0.0001252 seconds
2016-08-24T17:03:04.019+0000: 10502.940: [GC (Allocation Failure) 10502.940: [ParNew
Desired survivor size 8716288 bytes, new threshold 6 (max 6)
- age   1:      73808 bytes,      73808 total
- age   3:       1256 bytes,      75064 total
- age   5:     321600 bytes,     396664 total
: 136870K->584K(153344K), 0.0063219 secs] 349655K->213371K(1031552K), 0.0064372 secs] [Times: user=0.02 sys=0.00, real=0.01 secs] 
2016-08-24T17:03:04.025+0000: 10502.947: Total time for which application threads were stopped: 0.0072796 seconds, Stopping threads took: 0.0001012 seconds
2016-08-24T17:03:04.064+0000: 10502.985: [GC (Allocation Failure) 10502.985: [ParNew
Desired survivor size 8716288 bytes, new threshold 6 (max 6)
- age   1:      82024 bytes,      82024 total
- age   2:      20016 bytes,     102040 total
- age   4:       1256 bytes,     103296 total
- age   6:     321600 bytes,     424896 total
: 136904K->571K(153344K), 0.0063880 secs] 349691K->213357K(1031552K), 0.0065513 secs] [Times: user=0.02 sys=0.00, real=0.01 secs] 
2016-08-24T17:03:04.070+0000: 10502.992: Total time for which application threads were stopped: 0.0074054 seconds, Stopping threads took: 0.0000996 seconds
2016-08-24T17:03:04.112+0000: 10503.034: [GC (Allocation Failure) 10503.034: [ParNew
Desired survivor size 8716288 bytes, new threshold 6 (max 6)
- age   1:      82784 bytes,      82784 total
- age   3:       1000 bytes,      83784 total
- age   5:       1224 bytes,      85008 total
: 136891K->411K(153344K), 0.0073583 secs] 349677K->213516K(1031552K), 0.0074761 secs] [Times: user=0.01 sys=0.00, real=0.00 secs] 
2016-08-24T17:03:04.120+0000: 10503.041: Total time for which application threads were stopped: 0.0083281 seconds, Stopping threads took: 0.0001033 seconds
2016-08-24T17:03:04.161+0000: 10503.083: [GC (Allocation Failure) 10503.083: [ParNew
Desired survivor size 8716288 bytes, new threshold 6 (max 6)
- age   1:      69552 bytes,      69552 total
- age   2:       1000 bytes,      70552 total
- age   4:        968 bytes,      71520 total
- age   6:       1224 bytes,      72744 total
: 136731K->136K(153344K), 0.0062062 secs] 349836K->213241K(1031552K), 0.0063254 secs] [Times: user=0.01 sys=0.00, real=0.00 secs] 
2016-08-24T17:03:04.168+0000: 10503.089: Total time for which application threads were stopped: 0.0071944 seconds, Stopping threads took: 0.0001033 seconds
2016-08-24T17:03:04.206+0000: 10503.127: [GC (Allocation Failure) 10503.127: [ParNew
Desired survivor size 8716288 bytes, new threshold 6 (max 6)
- age   1:      63312 bytes,      63312 total
- age   2:       4856 bytes,      68168 total
- age   3:       1000 bytes,      69168 total
- age   5:        968 bytes,      70136 total
: 136456K->101K(153344K), 0.0064107 secs] 349561K->213207K(1031552K), 0.0065354 secs] [Times: user=0.02 sys=0.00, real=0.01 secs] 
2016-08-24T17:03:04.212+0000: 10503.134: Total time for which application threads were stopped: 0.0074352 seconds, Stopping threads took: 0.0001068 seconds
2016-08-24T17:03:04.254+0000: 10503.176: [GC (Allocation Failure) 10503.176: [ParNew
Desired survivor size 8716288 bytes, new threshold 6 (max 6)
- age   1:      58592 bytes,      58592 total
- age   3:       1000 bytes,      59592 total
- age   4:        968 bytes,      60560 total
- age   6:        968 bytes,      61528 total
: 136421K->80K(153344K), 0.0064745 secs] 349527K->213186K(1031552K), 0.0066035 secs] [Times: user=0.01 sys=0.00, real=0.01 secs] 
2016-08-24T17:03:04.261+0000: 10503.183: Total time for which application threads were stopped: 0.0074602 seconds, Stopping threads took: 0.0001047 seconds
2016-08-24T17:03:04.300+0000: 10503.221: [GC (Allocation Failure) 10503.221: [ParNew
Desired survivor size 8716288 bytes, new threshold 6 (max 6)
- age   1:      76888 bytes,      76888 total
- age   2:       8120 bytes,      85008 total
- age   4:       1000 bytes,      86008 total
- age   5:        968 bytes,      86976 total
: 136400K->93K(153344K), 0.0065025 secs] 349506K->213200K(1031552K), 0.0066197 secs] [Times: user=0.01 sys=0.00, real=0.01 secs] 
2016-08-24T17:03:04.306+0000: 10503.228: Total time for which application threads were stopped: 0.0074785 seconds, Stopping threads took: 0.0001026 seconds
2016-08-24T17:03:13.833+0000: 10512.755: [GC (Allocation Failure) 10512.755: [ParNew
Desired survivor size 8716288 bytes, new threshold 6 (max 6)
- age   1:     835456 bytes,     835456 total
- age   3:        968 bytes,     836424 total
- age   5:        968 bytes,     837392 total
- age   6:        968 bytes,     838360 total
: 136413K->841K(153344K), 0.0072804 secs] 349520K->213948K(1031552K), 0.0073999 secs] [Times: user=0.02 sys=0.00, real=0.01 secs] 
2016-08-24T17:03:13.841+0000: 10512.762: Total time for which application threads were stopped: 0.0082437 seconds, Stopping threads took: 0.0001327 seconds
2016-08-24T17:03:13.878+0000: 10512.799: [GC (Allocation Failure) 10512.799: [ParNew
Desired survivor size 8716288 bytes, new threshold 6 (max 6)
- age   1:      71040 bytes,      71040 total
- age   2:     200480 bytes,     271520 total
- age   4:        968 bytes,     272488 total
- age   6:        968 bytes,     273456 total
: 137161K->357K(153344K), 0.0056602 secs] 350268K->213465K(1031552K), 0.0057737 secs] [Times: user=0.01 sys=0.00, real=0.01 secs] 
2016-08-24T17:03:13.884+0000: 10512.805: Total time for which application threads were stopped: 0.0065630 seconds, Stopping threads took: 0.0000984 seconds
2016-08-24T17:03:13.924+0000: 10512.846: [GC (Allocation Failure) 10512.846: [ParNew
Desired survivor size 8716288 bytes, new threshold 6 (max 6)
- age   1:      65232 bytes,      65232 total
- age   2:        232 bytes,      65464 total
- age   3:     191144 bytes,     256608 total
- age   5:        968 bytes,     257576 total
: 136677K->356K(153344K), 0.0056801 secs] 349785K->213465K(1031552K), 0.0057822 secs] [Times: user=0.01 sys=0.00, real=0.01 secs] 
2016-08-24T17:03:13.930+0000: 10512.852: Total time for which application threads were stopped: 0.0066145 seconds, Stopping threads took: 0.0001198 seconds
2016-08-24T17:03:13.968+0000: 10512.889: [GC (Allocation Failure) 10512.889: [ParNew
Desired survivor size 8716288 bytes, new threshold 6 (max 6)
- age   1:      72952 bytes,      72952 total
- age   2:      11064 bytes,      84016 total
- age   3:        232 bytes,      84248 total
- age   4:     191144 bytes,     275392 total
- age   6:        968 bytes,     276360 total
: 136676K->361K(153344K), 0.0059579 secs] 349785K->213470K(1031552K), 0.0060475 secs] [Times: user=0.01 sys=0.00, real=0.01 secs] 
2016-08-24T17:03:13.974+0000: 10512.895: Total time for which application threads were stopped: 0.0068401 seconds, Stopping threads took: 0.0001023 seconds
2016-08-24T17:03:14.015+0000: 10512.936: [GC (Allocation Failure) 10512.936: [ParNew
Desired survivor size 8716288 bytes, new threshold 6 (max 6)
- age   1:      67544 bytes,      67544 total
- age   3:       1096 bytes,      68640 total
- age   4:        232 bytes,      68872 total
- age   5:     189296 bytes,     258168 total
: 136681K->381K(153344K), 0.0064677 secs] 349790K->213491K(1031552K), 0.0065813 secs] [Times: user=0.01 sys=0.00, real=0.01 secs] 
2016-08-24T17:03:14.021+0000: 10512.943: Total time for which application threads were stopped: 0.0074139 seconds, Stopping threads took: 0.0001017 seconds
2016-08-24T17:03:14.061+0000: 10512.983: [GC (Allocation Failure) 10512.983: [ParNew
Desired survivor size 8716288 bytes, new threshold 6 (max 6)
- age   1:      74264 bytes,      74264 total
- age   2:      14088 bytes,      88352 total
- age   4:       1096 bytes,      89448 total
- age   5:        232 bytes,      89680 total
- age   6:     189296 bytes,     278976 total
: 136701K->378K(153344K), 0.0065275 secs] 349811K->213488K(1031552K), 0.0066427 secs] [Times: user=0.02 sys=0.00, real=0.00 secs] 
2016-08-24T17:03:14.068+0000: 10512.990: Total time for which application threads were stopped: 0.0075023 seconds, Stopping threads took: 0.0001056 seconds
2016-08-24T17:03:14.107+0000: 10513.028: [GC (Allocation Failure) 10513.028: [ParNew
Desired survivor size 8716288 bytes, new threshold 6 (max 6)
- age   1:      73648 bytes,      73648 total
- age   3:       1000 bytes,      74648 total
- age   5:       1064 bytes,      75712 total
- age   6:        232 bytes,      75944 total
: 136698K->255K(153344K), 0.0071357 secs] 349808K->213552K(1031552K), 0.0072587 secs] [Times: user=0.01 sys=0.00, real=0.01 secs] 
2016-08-24T17:03:14.114+0000: 10513.036: Total time for which application threads were stopped: 0.0081253 seconds, Stopping threads took: 0.0001039 seconds
2016-08-24T17:03:14.155+0000: 10513.076: [GC (Allocation Failure) 10513.076: [ParNew
Desired survivor size 8716288 bytes, new threshold 6 (max 6)
- age   1:      79680 bytes,      79680 total
- age   2:      17104 bytes,      96784 total
- age   4:       1000 bytes,      97784 total
- age   6:       1064 bytes,      98848 total
: 136575K->129K(153344K), 0.0065115 secs] 349872K->213427K(1031552K), 0.0066490 secs] [Times: user=0.01 sys=0.00, real=0.01 secs] 
2016-08-24T17:03:14.161+0000: 10513.083: Total time for which application threads were stopped: 0.0075191 seconds, Stopping threads took: 0.0001079 seconds
2016-08-24T17:03:14.201+0000: 10513.122: [GC (Allocation Failure) 10513.123: [ParNew
Desired survivor size 8716288 bytes, new threshold 6 (max 6)
- age   1:      76240 bytes,      76240 total
- age   2:        952 bytes,      77192 total
- age   3:       1000 bytes,      78192 total
- age   5:        968 bytes,      79160 total
: 136449K->95K(153344K), 0.0060049 secs] 349747K->213394K(1031552K), 0.0061206 secs] [Times: user=0.02 sys=0.00, real=0.00 secs] 
2016-08-24T17:03:14.207+0000: 10513.129: Total time for which application threads were stopped: 0.0069883 seconds, Stopping threads took: 0.0001023 seconds
2016-08-24T17:03:14.247+0000: 10513.168: [GC (Allocation Failure) 10513.168: [ParNew
Desired survivor size 8716288 bytes, new threshold 6 (max 6)
- age   1:      88968 bytes,      88968 total
- age   2:      20016 bytes,     108984 total
- age   3:        952 bytes,     109936 total
- age   4:       1000 bytes,     110936 total
- age   6:        968 bytes,     111904 total
: 136415K->154K(153344K), 0.0060026 secs] 349714K->213453K(1031552K), 0.0061163 secs] [Times: user=0.01 sys=0.00, real=0.01 secs] 
2016-08-24T17:03:14.253+0000: 10513.174: Total time for which application threads were stopped: 0.0069652 seconds, Stopping threads took: 0.0001073 seconds
2016-08-24T17:03:14.293+0000: 10513.215: [GC (Allocation Failure) 10513.215: [ParNew
Desired survivor size 8716288 bytes, new threshold 6 (max 6)
- age   1:      72032 bytes,      72032 total
- age   3:       1000 bytes,      73032 total
- age   4:        952 bytes,      73984 total
- age   5:        968 bytes,      74952 total
: 136474K->105K(153344K), 0.0057868 secs] 349773K->213405K(1031552K), 0.0058974 secs] [Times: user=0.01 sys=0.00, real=0.00 secs] 
2016-08-24T17:03:14.299+0000: 10513.221: Total time for which application threads were stopped: 0.0067118 seconds, Stopping threads took: 0.0000995 seconds
2016-08-24T17:03:16.981+0000: 10515.903: [GC (Allocation Failure) 10515.903: [ParNew
Desired survivor size 8716288 bytes, new threshold 6 (max 6)
- age   1:     505568 bytes,     505568 total
- age   2:       1000 bytes,     506568 total
- age   4:        968 bytes,     507536 total
- age   5:        664 bytes,     508200 total
- age   6:        968 bytes,     509168 total
: 136425K->517K(153344K), 0.0060244 secs] 349725K->213816K(1031552K), 0.0061318 secs] [Times: user=0.01 sys=0.00, real=0.00 secs] 
2016-08-24T17:03:16.987+0000: 10515.909: Total time for which application threads were stopped: 0.0069093 seconds, Stopping threads took: 0.0000958 seconds
2016-08-24T17:03:18.988+0000: 10517.910: Total time for which application threads were stopped: 0.0007241 seconds, Stopping threads took: 0.0001263 seconds
2016-08-24T17:03:19.990+0000: 10518.912: Total time for which application threads were stopped: 0.0017559 seconds, Stopping threads took: 0.0002583 seconds
2016-08-24T17:03:23.406+0000: 10522.328: [GC (Allocation Failure) 10522.328: [ParNew
Desired survivor size 8716288 bytes, new threshold 6 (max 6)
- age   1:    1168512 bytes,    1168512 total
- age   2:      93232 bytes,    1261744 total
- age   3:        968 bytes,    1262712 total
- age   5:        968 bytes,    1263680 total
- age   6:        448 bytes,    1264128 total
: 136837K->1255K(153344K), 0.0093097 secs] 350136K->214555K(1031552K), 0.0094402 secs] [Times: user=0.02 sys=0.00, real=0.01 secs] 
2016-08-24T17:03:23.416+0000: 10522.337: Total time for which application threads were stopped: 0.0102779 seconds, Stopping threads took: 0.0001047 seconds
2016-08-24T17:03:23.456+0000: 10522.378: [GC (Allocation Failure) 10522.378: [ParNew
Desired survivor size 8716288 bytes, new threshold 6 (max 6)
- age   1:      78816 bytes,      78816 total
- age   2:     283008 bytes,     361824 total
- age   3:      90776 bytes,     452600 total
- age   4:        968 bytes,     453568 total
- age   6:        968 bytes,     454536 total
: 137575K->686K(153344K), 0.0065212 secs] 350875K->213987K(1031552K), 0.0066526 secs] [Times: user=0.02 sys=0.00, real=0.01 secs] 
2016-08-24T17:03:23.463+0000: 10522.384: Total time for which application threads were stopped: 0.0075078 seconds, Stopping threads took: 0.0001062 seconds
2016-08-24T17:03:23.504+0000: 10522.426: [GC (Allocation Failure) 10522.426: [ParNew
Desired survivor size 8716288 bytes, new threshold 6 (max 6)
- age   1:      78400 bytes,      78400 total
- age   2:        288 bytes,      78688 total
- age   3:     260864 bytes,     339552 total
- age   4:      90776 bytes,     430328 total
- age   5:        968 bytes,     431296 total
: 137006K->617K(153344K), 0.0064840 secs] 350307K->213919K(1031552K), 0.0066107 secs] [Times: user=0.01 sys=0.00, real=0.01 secs] 
2016-08-24T17:03:23.511+0000: 10522.433: Total time for which application threads were stopped: 0.0074625 seconds, Stopping threads took: 0.0001039 seconds
2016-08-24T17:03:23.552+0000: 10522.474: [GC (Allocation Failure) 10522.474: [ParNew
Desired survivor size 8716288 bytes, new threshold 6 (max 6)
- age   1:      45848 bytes,      45848 total
- age   2:       1096 bytes,      46944 total
- age   3:        288 bytes,      47232 total
- age   4:     259016 bytes,     306248 total
- age   5:      90776 bytes,     397024 total
- age   6:        968 bytes,     397992 total
: 136937K->612K(153344K), 0.0065087 secs] 350239K->213914K(1031552K), 0.0066109 secs] [Times: user=0.01 sys=0.01, real=0.00 secs] 
2016-08-24T17:03:23.559+0000: 10522.480: Total time for which application threads were stopped: 0.0074224 seconds, Stopping threads took: 0.0000996 seconds
2016-08-24T17:03:23.599+0000: 10522.521: [GC (Allocation Failure) 10522.521: [ParNew
Desired survivor size 8716288 bytes, new threshold 6 (max 6)
- age   1:      67832 bytes,      67832 total
- age   2:       4976 bytes,      72808 total
- age   3:       1096 bytes,      73904 total
- age   4:        288 bytes,      74192 total
- age   5:     259016 bytes,     333208 total
- age   6:      90776 bytes,     423984 total
: 136932K->576K(153344K), 0.0070877 secs] 350234K->213878K(1031552K), 0.0072169 secs] [Times: user=0.02 sys=0.00, real=0.01 secs] 
2016-08-24T17:03:23.607+0000: 10522.528: Total time for which application threads were stopped: 0.0081009 seconds, Stopping threads took: 0.0001059 seconds
2016-08-24T17:03:23.647+0000: 10522.569: [GC (Allocation Failure) 10522.569: [ParNew
Desired survivor size 8716288 bytes, new threshold 6 (max 6)
- age   1:      61960 bytes,      61960 total
- age   3:       1000 bytes,      62960 total
- age   4:       1064 bytes,      64024 total
- age   5:        288 bytes,      64312 total
- age   6:     257200 bytes,     321512 total
: 136896K->411K(153344K), 0.0067926 secs] 350198K->213804K(1031552K), 0.0068913 secs] [Times: user=0.01 sys=0.00, real=0.01 secs] 
2016-08-24T17:03:23.654+0000: 10522.576: Total time for which application threads were stopped: 0.0076976 seconds, Stopping threads took: 0.0001049 seconds
2016-08-24T17:03:23.693+0000: 10522.615: [GC (Allocation Failure) 10522.615: [ParNew
Desired survivor size 8716288 bytes, new threshold 6 (max 6)
- age   1:      79536 bytes,      79536 total
- age   2:       8656 bytes,      88192 total
- age   4:       1000 bytes,      89192 total
- age   5:       1064 bytes,      90256 total
- age   6:        288 bytes,      90544 total
: 136731K->337K(153344K), 0.0064190 secs] 350124K->213987K(1031552K), 0.0065325 secs] [Times: user=0.01 sys=0.00, real=0.00 secs] 
2016-08-24T17:03:23.700+0000: 10522.621: Total time for which application threads were stopped: 0.0073971 seconds, Stopping threads took: 0.0001052 seconds
2016-08-24T17:03:23.740+0000: 10522.662: [GC (Allocation Failure) 10522.662: [ParNew
Desired survivor size 8716288 bytes, new threshold 6 (max 6)
- age   1:      62424 bytes,      62424 total
- age   3:       1000 bytes,      63424 total
- age   5:        968 bytes,      64392 total
- age   6:       1064 bytes,      65456 total
: 136657K->121K(153344K), 0.0059740 secs] 350307K->213771K(1031552K), 0.0061065 secs] [Times: user=0.01 sys=0.00, real=0.00 secs] 
2016-08-24T17:03:23.747+0000: 10522.668: Total time for which application threads were stopped: 0.0070309 seconds, Stopping threads took: 0.0001049 seconds
2016-08-24T17:03:23.787+0000: 10522.708: [GC (Allocation Failure) 10522.708: [ParNew
Desired survivor size 8716288 bytes, new threshold 6 (max 6)
- age   1:      91480 bytes,      91480 total
- age   2:      11952 bytes,     103432 total
- age   4:       1000 bytes,     104432 total
- age   6:        968 bytes,     105400 total
: 136441K->108K(153344K), 0.0055818 secs] 350091K->213759K(1031552K), 0.0056698 secs] [Times: user=0.01 sys=0.00, real=0.01 secs] 
2016-08-24T17:03:23.792+0000: 10522.714: Total time for which application threads were stopped: 0.0064572 seconds, Stopping threads took: 0.0001033 seconds
2016-08-24T17:03:23.833+0000: 10522.755: [GC (Allocation Failure) 10522.755: [ParNew
Desired survivor size 8716288 bytes, new threshold 6 (max 6)
- age   1:      81384 bytes,      81384 total
- age   3:       1000 bytes,      82384 total
- age   5:        968 bytes,      83352 total
: 136428K->120K(153344K), 0.0058022 secs] 350079K->213772K(1031552K), 0.0059163 secs] [Times: user=0.01 sys=0.00, real=0.00 secs] 
2016-08-24T17:03:23.839+0000: 10522.761: Total time for which application threads were stopped: 0.0068469 seconds, Stopping threads took: 0.0001203 seconds
2016-08-24T17:03:23.876+0000: 10522.798: [GC (Allocation Failure) 10522.798: [ParNew
Desired survivor size 8716288 bytes, new threshold 6 (max 6)
- age   1:      65784 bytes,      65784 total
- age   2:      14464 bytes,      80248 total
- age   4:       1000 bytes,      81248 total
- age   6:        968 bytes,      82216 total
: 136440K->96K(153344K), 0.0061739 secs] 350092K->213748K(1031552K), 0.0062688 secs] [Times: user=0.01 sys=0.00, real=0.01 secs] 
2016-08-24T17:03:23.883+0000: 10522.804: Total time for which application threads were stopped: 0.0071206 seconds, Stopping threads took: 0.0001027 seconds
2016-08-24T17:03:34.682+0000: 10533.604: Total time for which application threads were stopped: 0.0006146 seconds, Stopping threads took: 0.0000940 seconds
2016-08-24T17:03:34.683+0000: 10533.604: Total time for which application threads were stopped: 0.0003007 seconds, Stopping threads took: 0.0000347 seconds
2016-08-24T17:03:34.683+0000: 10533.605: Total time for which application threads were stopped: 0.0003541 seconds, Stopping threads took: 0.0000682 seconds
2016-08-24T17:03:37.837+0000: 10536.759: Total time for which application threads were stopped: 0.0018399 seconds, Stopping threads took: 0.0002001 seconds
2016-08-24T17:03:37.839+0000: 10536.760: Total time for which application threads were stopped: 0.0012195 seconds, Stopping threads took: 0.0001263 seconds
2016-08-24T17:03:37.840+0000: 10536.762: Total time for which application threads were stopped: 0.0012936 seconds, Stopping threads took: 0.0001294 seconds
2016-08-24T17:03:49.844+0000: 10548.765: Total time for which application threads were stopped: 0.0006479 seconds, Stopping threads took: 0.0001146 seconds
2016-08-24T17:04:27.234+0000: 10586.155: [GC (Allocation Failure) 10586.156: [ParNew
Desired survivor size 8716288 bytes, new threshold 6 (max 6)
- age   1:    4583232 bytes,    4583232 total
- age   3:        968 bytes,    4584200 total
- age   5:        968 bytes,    4585168 total
: 136416K->4510K(153344K), 0.0179953 secs] 350068K->218164K(1031552K), 0.0182619 secs] [Times: user=0.03 sys=0.00, real=0.02 secs] 
2016-08-24T17:04:27.252+0000: 10586.174: Total time for which application threads were stopped: 0.0202849 seconds, Stopping threads took: 0.0002751 seconds
2016-08-24T17:04:37.685+0000: 10596.606: Total time for which application threads were stopped: 0.0015960 seconds, Stopping threads took: 0.0001917 seconds
2016-08-24T17:04:37.686+0000: 10596.607: Total time for which application threads were stopped: 0.0009790 seconds, Stopping threads took: 0.0000792 seconds
2016-08-24T17:04:37.687+0000: 10596.609: Total time for which application threads were stopped: 0.0011531 seconds, Stopping threads took: 0.0001196 seconds
2016-08-24T17:04:40.838+0000: 10599.760: Total time for which application threads were stopped: 0.0006512 seconds, Stopping threads took: 0.0000805 seconds
2016-08-24T17:04:40.838+0000: 10599.760: Total time for which application threads were stopped: 0.0003010 seconds, Stopping threads took: 0.0000442 seconds
2016-08-24T17:04:40.839+0000: 10599.760: Total time for which application threads were stopped: 0.0003631 seconds, Stopping threads took: 0.0000534 seconds
2016-08-24T17:05:40.687+0000: 10659.608: Total time for which application threads were stopped: 0.0006545 seconds, Stopping threads took: 0.0000931 seconds
2016-08-24T17:05:40.687+0000: 10659.608: Total time for which application threads were stopped: 0.0002924 seconds, Stopping threads took: 0.0000288 seconds
2016-08-24T17:05:40.687+0000: 10659.609: Total time for which application threads were stopped: 0.0004143 seconds, Stopping threads took: 0.0000903 seconds
2016-08-24T17:05:43.839+0000: 10662.760: Total time for which application threads were stopped: 0.0007438 seconds, Stopping threads took: 0.0001123 seconds
2016-08-24T17:05:43.839+0000: 10662.761: Total time for which application threads were stopped: 0.0003769 seconds, Stopping threads took: 0.0000557 seconds
2016-08-24T17:05:43.842+0000: 10662.764: Total time for which application threads were stopped: 0.0027512 seconds, Stopping threads took: 0.0000608 seconds
2016-08-24T17:06:12.400+0000: 10691.321: [GC (Allocation Failure) 10691.321: [ParNew
Desired survivor size 8716288 bytes, new threshold 6 (max 6)
- age   1:    6668216 bytes,    6668216 total
- age   2:     134128 bytes,    6802344 total
- age   4:        968 bytes,    6803312 total
- age   6:        968 bytes,    6804280 total
: 140830K->6817K(153344K), 0.0235223 secs] 354484K->220470K(1031552K), 0.0237076 secs] [Times: user=0.03 sys=0.00, real=0.03 secs] 
2016-08-24T17:06:12.424+0000: 10691.345: Total time for which application threads were stopped: 0.0246669 seconds, Stopping threads took: 0.0001172 seconds
2016-08-24T17:06:43.686+0000: 10722.608: Total time for which application threads were stopped: 0.0006460 seconds, Stopping threads took: 0.0000920 seconds
2016-08-24T17:06:43.686+0000: 10722.608: Total time for which application threads were stopped: 0.0002832 seconds, Stopping threads took: 0.0000265 seconds
2016-08-24T17:06:43.687+0000: 10722.608: Total time for which application threads were stopped: 0.0003015 seconds, Stopping threads took: 0.0000414 seconds
2016-08-24T17:06:46.839+0000: 10725.760: Total time for which application threads were stopped: 0.0009788 seconds, Stopping threads took: 0.0001363 seconds
2016-08-24T17:06:46.843+0000: 10725.764: Total time for which application threads were stopped: 0.0041417 seconds, Stopping threads took: 0.0000506 seconds
2016-08-24T17:06:46.844+0000: 10725.765: Total time for which application threads were stopped: 0.0006367 seconds, Stopping threads took: 0.0000778 seconds
2016-08-24T17:07:02.848+0000: 10741.770: Total time for which application threads were stopped: 0.0006449 seconds, Stopping threads took: 0.0001075 seconds
2016-08-24T17:07:46.647+0000: 10785.568: Total time for which application threads were stopped: 0.0005977 seconds, Stopping threads took: 0.0000870 seconds
2016-08-24T17:07:46.647+0000: 10785.569: Total time for which application threads were stopped: 0.0002967 seconds, Stopping threads took: 0.0000435 seconds
2016-08-24T17:07:46.648+0000: 10785.569: Total time for which application threads were stopped: 0.0002845 seconds, Stopping threads took: 0.0000410 seconds
2016-08-24T17:07:49.843+0000: 10788.765: [GC (Allocation Failure) 10788.765: [ParNew
Desired survivor size 8716288 bytes, new threshold 6 (max 6)
- age   1:    6903352 bytes,    6903352 total
- age   2:      63432 bytes,    6966784 total
- age   3:     126672 bytes,    7093456 total
- age   5:        968 bytes,    7094424 total
: 143137K->7066K(153344K), 0.0230555 secs] 356790K->220720K(1031552K), 0.0231962 secs] [Times: user=0.03 sys=0.00, real=0.02 secs] 
2016-08-24T17:07:49.867+0000: 10788.788: Total time for which application threads were stopped: 0.0240045 seconds, Stopping threads took: 0.0000999 seconds
2016-08-24T17:07:49.867+0000: 10788.789: Total time for which application threads were stopped: 0.0005231 seconds, Stopping threads took: 0.0000397 seconds
2016-08-24T17:07:49.868+0000: 10788.789: Total time for which application threads were stopped: 0.0002872 seconds, Stopping threads took: 0.0000239 seconds
2016-08-24T17:07:49.868+0000: 10788.790: Total time for which application threads were stopped: 0.0004120 seconds, Stopping threads took: 0.0001423 seconds
2016-08-24T17:08:18.875+0000: 10817.796: Total time for which application threads were stopped: 0.0006741 seconds, Stopping threads took: 0.0001154 seconds
2016-08-24T17:08:32.880+0000: 10831.801: Total time for which application threads were stopped: 0.0017610 seconds, Stopping threads took: 0.0002563 seconds
2016-08-24T17:08:49.646+0000: 10848.568: Total time for which application threads were stopped: 0.0007107 seconds, Stopping threads took: 0.0001029 seconds
2016-08-24T17:08:49.647+0000: 10848.568: Total time for which application threads were stopped: 0.0003402 seconds, Stopping threads took: 0.0000518 seconds
2016-08-24T17:08:49.647+0000: 10848.569: Total time for which application threads were stopped: 0.0003274 seconds, Stopping threads took: 0.0000438 seconds
2016-08-24T17:08:52.869+0000: 10851.791: Total time for which application threads were stopped: 0.0017552 seconds, Stopping threads took: 0.0001970 seconds
2016-08-24T17:08:52.870+0000: 10851.792: Total time for which application threads were stopped: 0.0009843 seconds, Stopping threads took: 0.0001063 seconds
2016-08-24T17:08:52.872+0000: 10851.793: Total time for which application threads were stopped: 0.0009899 seconds, Stopping threads took: 0.0001033 seconds
2016-08-24T17:08:57.526+0000: 10856.447: [GC (Allocation Failure) 10856.447: [ParNew
Desired survivor size 8716288 bytes, new threshold 6 (max 6)
- age   1:    5132264 bytes,    5132264 total
- age   2:      69656 bytes,    5201920 total
- age   3:      53384 bytes,    5255304 total
- age   4:     119408 bytes,    5374712 total
- age   6:        968 bytes,    5375680 total
: 143386K->5841K(153344K), 0.0260278 secs] 357040K->219495K(1031552K), 0.0262812 secs] [Times: user=0.04 sys=0.00, real=0.03 secs] 
2016-08-24T17:08:57.552+0000: 10856.474: Total time for which application threads were stopped: 0.0283465 seconds, Stopping threads took: 0.0002093 seconds
2016-08-24T17:08:57.553+0000: 10856.475: Total time for which application threads were stopped: 0.0005709 seconds, Stopping threads took: 0.0000454 seconds
2016-08-24T17:09:19.557+0000: 10878.479: Total time for which application threads were stopped: 0.0008790 seconds, Stopping threads took: 0.0001400 seconds
2016-08-24T17:09:35.561+0000: 10894.482: Total time for which application threads were stopped: 0.0006792 seconds, Stopping threads took: 0.0001207 seconds
2016-08-24T17:09:47.564+0000: 10906.486: Total time for which application threads were stopped: 0.0015232 seconds, Stopping threads took: 0.0001749 seconds
2016-08-24T17:09:49.650+0000: 10908.571: Total time for which application threads were stopped: 0.0006525 seconds, Stopping threads took: 0.0000918 seconds
2016-08-24T17:09:49.650+0000: 10908.572: Total time for which application threads were stopped: 0.0003410 seconds, Stopping threads took: 0.0000219 seconds
2016-08-24T17:09:49.651+0000: 10908.572: Total time for which application threads were stopped: 0.0003775 seconds, Stopping threads took: 0.0000992 seconds
2016-08-24T17:09:55.812+0000: 10914.733: Total time for which application threads were stopped: 0.0017580 seconds, Stopping threads took: 0.0002275 seconds
2016-08-24T17:09:55.813+0000: 10914.734: Total time for which application threads were stopped: 0.0009198 seconds, Stopping threads took: 0.0001484 seconds
2016-08-24T17:09:55.813+0000: 10914.735: Total time for which application threads were stopped: 0.0004730 seconds, Stopping threads took: 0.0000735 seconds
2016-08-24T17:10:18.820+0000: 10937.741: Total time for which application threads were stopped: 0.0019699 seconds, Stopping threads took: 0.0003774 seconds
2016-08-24T17:10:40.637+0000: 10959.559: [GC (Allocation Failure) 10959.559: [ParNew
Desired survivor size 8716288 bytes, new threshold 6 (max 6)
- age   1:    7262104 bytes,    7262104 total
- age   2:      82224 bytes,    7344328 total
- age   3:      60488 bytes,    7404816 total
- age   4:      49424 bytes,    7454240 total
- age   5:     118832 bytes,    7573072 total
: 142161K->7571K(153344K), 0.0217385 secs] 355815K->221227K(1031552K), 0.0218973 secs] [Times: user=0.03 sys=0.00, real=0.02 secs] 
2016-08-24T17:10:40.659+0000: 10959.581: Total time for which application threads were stopped: 0.0227223 seconds, Stopping threads took: 0.0001408 seconds
2016-08-24T17:10:52.653+0000: 10971.575: Total time for which application threads were stopped: 0.0019981 seconds, Stopping threads took: 0.0002262 seconds
2016-08-24T17:10:52.655+0000: 10971.576: Total time for which application threads were stopped: 0.0012769 seconds, Stopping threads took: 0.0001588 seconds
2016-08-24T17:10:52.657+0000: 10971.578: Total time for which application threads were stopped: 0.0016309 seconds, Stopping threads took: 0.0001586 seconds
2016-08-24T17:10:55.658+0000: 10974.580: Total time for which application threads were stopped: 0.0006862 seconds, Stopping threads took: 0.0001634 seconds
2016-08-24T17:10:58.806+0000: 10977.728: Total time for which application threads were stopped: 0.0006312 seconds, Stopping threads took: 0.0000921 seconds
2016-08-24T17:10:58.806+0000: 10977.728: Total time for which application threads were stopped: 0.0003224 seconds, Stopping threads took: 0.0000495 seconds
2016-08-24T17:10:58.809+0000: 10977.730: Total time for which application threads were stopped: 0.0022986 seconds, Stopping threads took: 0.0000449 seconds
2016-08-24T17:11:46.818+0000: 11025.740: Total time for which application threads were stopped: 0.0006819 seconds, Stopping threads took: 0.0001505 seconds
2016-08-24T17:11:55.656+0000: 11034.578: Total time for which application threads were stopped: 0.0020296 seconds, Stopping threads took: 0.0003970 seconds
2016-08-24T17:11:55.658+0000: 11034.579: Total time for which application threads were stopped: 0.0015495 seconds, Stopping threads took: 0.0003361 seconds
2016-08-24T17:11:55.660+0000: 11034.581: Total time for which application threads were stopped: 0.0012995 seconds, Stopping threads took: 0.0001865 seconds
2016-08-24T17:11:56.661+0000: 11035.582: Total time for which application threads were stopped: 0.0007772 seconds, Stopping threads took: 0.0000994 seconds
2016-08-24T17:11:58.811+0000: 11037.732: Total time for which application threads were stopped: 0.0006367 seconds, Stopping threads took: 0.0000921 seconds
2016-08-24T17:11:58.811+0000: 11037.732: Total time for which application threads were stopped: 0.0003221 seconds, Stopping threads took: 0.0000489 seconds
2016-08-24T17:11:58.811+0000: 11037.733: Total time for which application threads were stopped: 0.0003313 seconds, Stopping threads took: 0.0000577 seconds
2016-08-24T17:12:22.820+0000: 11061.742: [GC (Allocation Failure) 11061.742: [ParNew
Desired survivor size 8716288 bytes, new threshold 6 (max 6)
- age   1:    7384008 bytes,    7384008 total
- age   2:     145880 bytes,    7529888 total
- age   3:      74136 bytes,    7604024 total
- age   4:      54592 bytes,    7658616 total
- age   5:      49256 bytes,    7707872 total
- age   6:     118616 bytes,    7826488 total
: 143891K->7848K(153344K), 0.0267770 secs] 357547K->221504K(1031552K), 0.0270313 secs] [Times: user=0.04 sys=0.00, real=0.02 secs] 
2016-08-24T17:12:22.848+0000: 11061.769: Total time for which application threads were stopped: 0.0290896 seconds, Stopping threads took: 0.0002327 seconds
2016-08-24T17:12:58.660+0000: 11097.581: Total time for which application threads were stopped: 0.0018787 seconds, Stopping threads took: 0.0002206 seconds
2016-08-24T17:12:58.662+0000: 11097.583: Total time for which application threads were stopped: 0.0017302 seconds, Stopping threads took: 0.0004915 seconds
2016-08-24T17:12:58.664+0000: 11097.585: Total time for which application threads were stopped: 0.0014871 seconds, Stopping threads took: 0.0002289 seconds
2016-08-24T17:13:01.810+0000: 11100.732: Total time for which application threads were stopped: 0.0007487 seconds, Stopping threads took: 0.0001122 seconds
2016-08-24T17:13:01.811+0000: 11100.732: Total time for which application threads were stopped: 0.0003772 seconds, Stopping threads took: 0.0000566 seconds
2016-08-24T17:13:01.811+0000: 11100.733: Total time for which application threads were stopped: 0.0003613 seconds, Stopping threads took: 0.0000403 seconds
2016-08-24T17:14:01.662+0000: 11160.584: Total time for which application threads were stopped: 0.0006403 seconds, Stopping threads took: 0.0001088 seconds
2016-08-24T17:14:01.663+0000: 11160.584: Total time for which application threads were stopped: 0.0003037 seconds, Stopping threads took: 0.0000328 seconds
2016-08-24T17:14:01.663+0000: 11160.584: Total time for which application threads were stopped: 0.0003285 seconds, Stopping threads took: 0.0000382 seconds
2016-08-24T17:14:04.811+0000: 11163.733: Total time for which application threads were stopped: 0.0008196 seconds, Stopping threads took: 0.0001049 seconds
2016-08-24T17:14:04.812+0000: 11163.733: Total time for which application threads were stopped: 0.0004509 seconds, Stopping threads took: 0.0000494 seconds
2016-08-24T17:14:04.813+0000: 11163.734: Total time for which application threads were stopped: 0.0005008 seconds, Stopping threads took: 0.0000476 seconds
2016-08-24T17:14:07.962+0000: 11166.883: [GC (Allocation Failure) 11166.884: [ParNew
Desired survivor size 8716288 bytes, new threshold 6 (max 6)
- age   1:    7123944 bytes,    7123944 total
- age   2:      74320 bytes,    7198264 total
- age   3:     137112 bytes,    7335376 total
- age   4:      69464 bytes,    7404840 total
- age   5:      54528 bytes,    7459368 total
- age   6:      48440 bytes,    7507808 total
: 144168K->7864K(153344K), 0.0238223 secs] 357824K->221637K(1031552K), 0.0239798 secs] [Times: user=0.04 sys=0.00, real=0.02 secs] 
2016-08-24T17:14:07.986+0000: 11166.908: Total time for which application threads were stopped: 0.0248622 seconds, Stopping threads took: 0.0001435 seconds
2016-08-24T17:15:04.665+0000: 11223.587: Total time for which application threads were stopped: 0.0020545 seconds, Stopping threads took: 0.0003293 seconds
2016-08-24T17:15:04.667+0000: 11223.588: Total time for which application threads were stopped: 0.0014566 seconds, Stopping threads took: 0.0002320 seconds
2016-08-24T17:15:04.669+0000: 11223.590: Total time for which application threads were stopped: 0.0014379 seconds, Stopping threads took: 0.0001673 seconds
2016-08-24T17:15:07.812+0000: 11226.733: Total time for which application threads were stopped: 0.0018733 seconds, Stopping threads took: 0.0002038 seconds
2016-08-24T17:15:07.813+0000: 11226.735: Total time for which application threads were stopped: 0.0013373 seconds, Stopping threads took: 0.0001554 seconds
2016-08-24T17:15:07.815+0000: 11226.736: Total time for which application threads were stopped: 0.0012303 seconds, Stopping threads took: 0.0001316 seconds
2016-08-24T17:15:54.757+0000: 11273.678: [GC (Allocation Failure) 11273.679: [ParNew
Desired survivor size 8716288 bytes, new threshold 6 (max 6)
- age   1:    7277016 bytes,    7277016 total
- age   2:      56624 bytes,    7333640 total
- age   3:      66192 bytes,    7399832 total
- age   4:     135480 bytes,    7535312 total
- age   5:      69112 bytes,    7604424 total
- age   6:      53080 bytes,    7657504 total
: 144184K->7953K(153344K), 0.0266619 secs] 357957K->221773K(1031552K), 0.0269273 secs] [Times: user=0.04 sys=0.00, real=0.03 secs] 
2016-08-24T17:15:54.784+0000: 11273.705: Total time for which application threads were stopped: 0.0290463 seconds, Stopping threads took: 0.0002031 seconds
2016-08-24T17:16:07.666+0000: 11286.588: Total time for which application threads were stopped: 0.0007125 seconds, Stopping threads took: 0.0001037 seconds
2016-08-24T17:16:07.667+0000: 11286.588: Total time for which application threads were stopped: 0.0003399 seconds, Stopping threads took: 0.0000503 seconds
2016-08-24T17:16:07.667+0000: 11286.589: Total time for which application threads were stopped: 0.0003571 seconds, Stopping threads took: 0.0000472 seconds
2016-08-24T17:16:10.817+0000: 11289.739: Total time for which application threads were stopped: 0.0023237 seconds, Stopping threads took: 0.0005332 seconds
2016-08-24T17:16:10.819+0000: 11289.740: Total time for which application threads were stopped: 0.0013696 seconds, Stopping threads took: 0.0001681 seconds
2016-08-24T17:16:10.823+0000: 11289.745: Total time for which application threads were stopped: 0.0039622 seconds, Stopping threads took: 0.0001182 seconds
2016-08-24T17:17:10.669+0000: 11349.591: Total time for which application threads were stopped: 0.0019813 seconds, Stopping threads took: 0.0002269 seconds
2016-08-24T17:17:10.671+0000: 11349.592: Total time for which application threads were stopped: 0.0012936 seconds, Stopping threads took: 0.0001805 seconds
2016-08-24T17:17:10.673+0000: 11349.594: Total time for which application threads were stopped: 0.0015484 seconds, Stopping threads took: 0.0001757 seconds
2016-08-24T17:17:13.821+0000: 11352.742: Total time for which application threads were stopped: 0.0033530 seconds, Stopping threads took: 0.0027953 seconds
2016-08-24T17:17:13.823+0000: 11352.744: Total time for which application threads were stopped: 0.0019279 seconds, Stopping threads took: 0.0001131 seconds
2016-08-24T17:17:13.823+0000: 11352.745: Total time for which application threads were stopped: 0.0003955 seconds, Stopping threads took: 0.0000749 seconds
2016-08-24T17:17:40.733+0000: 11379.654: [GC (Allocation Failure) 11379.654: [ParNew
Desired survivor size 8716288 bytes, new threshold 6 (max 6)
- age   1:    7190864 bytes,    7190864 total
- age   2:      67864 bytes,    7258728 total
- age   3:      45040 bytes,    7303768 total
- age   4:      61992 bytes,    7365760 total
- age   5:     132040 bytes,    7497800 total
- age   6:      66848 bytes,    7564648 total
: 144273K->7781K(153344K), 0.0230825 secs] 358093K->221652K(1031552K), 0.0233947 secs] [Times: user=0.04 sys=0.00, real=0.02 secs] 
2016-08-24T17:17:40.756+0000: 11379.678: Total time for which application threads were stopped: 0.0284796 seconds, Stopping threads took: 0.0033287 seconds
2016-08-24T17:18:13.670+0000: 11412.591: Total time for which application threads were stopped: 0.0006538 seconds, Stopping threads took: 0.0001046 seconds
2016-08-24T17:18:13.670+0000: 11412.592: Total time for which application threads were stopped: 0.0002736 seconds, Stopping threads took: 0.0000208 seconds
2016-08-24T17:18:13.671+0000: 11412.592: Total time for which application threads were stopped: 0.0003526 seconds, Stopping threads took: 0.0000563 seconds
2016-08-24T17:18:16.825+0000: 11415.747: Total time for which application threads were stopped: 0.0019196 seconds, Stopping threads took: 0.0002283 seconds
2016-08-24T17:18:16.827+0000: 11415.748: Total time for which application threads were stopped: 0.0012923 seconds, Stopping threads took: 0.0001774 seconds
2016-08-24T17:18:16.829+0000: 11415.750: Total time for which application threads were stopped: 0.0014881 seconds, Stopping threads took: 0.0001990 seconds
2016-08-24T17:18:28.833+0000: 11427.755: Total time for which application threads were stopped: 0.0018158 seconds, Stopping threads took: 0.0002547 seconds
2016-08-24T17:18:58.842+0000: 11457.763: Total time for which application threads were stopped: 0.0018166 seconds, Stopping threads took: 0.0002882 seconds
2016-08-24T17:19:16.673+0000: 11475.595: Total time for which application threads were stopped: 0.0019998 seconds, Stopping threads took: 0.0002385 seconds
2016-08-24T17:19:16.675+0000: 11475.596: Total time for which application threads were stopped: 0.0012878 seconds, Stopping threads took: 0.0001748 seconds
2016-08-24T17:19:16.677+0000: 11475.598: Total time for which application threads were stopped: 0.0013169 seconds, Stopping threads took: 0.0001887 seconds
2016-08-24T17:19:19.828+0000: 11478.749: Total time for which application threads were stopped: 0.0007028 seconds, Stopping threads took: 0.0001025 seconds
2016-08-24T17:19:19.828+0000: 11478.750: Total time for which application threads were stopped: 0.0003277 seconds, Stopping threads took: 0.0000282 seconds
2016-08-24T17:19:19.829+0000: 11478.750: Total time for which application threads were stopped: 0.0003587 seconds, Stopping threads took: 0.0000481 seconds
2016-08-24T17:19:27.935+0000: 11486.857: [GC (Allocation Failure) 11486.857: [ParNew
Desired survivor size 8716288 bytes, new threshold 6 (max 6)
- age   1:    7265208 bytes,    7265208 total
- age   2:     143816 bytes,    7409024 total
- age   3:      52264 bytes,    7461288 total
- age   4:      39600 bytes,    7500888 total
- age   5:      61504 bytes,    7562392 total
- age   6:     128368 bytes,    7690760 total
: 144101K->8028K(153344K), 0.0304596 secs] 357972K->221960K(1031552K), 0.0307617 secs] [Times: user=0.04 sys=0.00, real=0.03 secs] 
2016-08-24T17:19:27.966+0000: 11486.888: Total time for which application threads were stopped: 0.0327082 seconds, Stopping threads took: 0.0002318 seconds
2016-08-24T17:19:51.973+0000: 11510.895: Total time for which application threads were stopped: 0.0021270 seconds, Stopping threads took: 0.0004688 seconds
2016-08-24T17:20:19.674+0000: 11538.596: Total time for which application threads were stopped: 0.0007139 seconds, Stopping threads took: 0.0000982 seconds
2016-08-24T17:20:19.675+0000: 11538.596: Total time for which application threads were stopped: 0.0003558 seconds, Stopping threads took: 0.0000378 seconds
2016-08-24T17:20:19.675+0000: 11538.597: Total time for which application threads were stopped: 0.0003566 seconds, Stopping threads took: 0.0000397 seconds
2016-08-24T17:20:22.833+0000: 11541.755: Total time for which application threads were stopped: 0.0019253 seconds, Stopping threads took: 0.0002375 seconds
2016-08-24T17:20:22.835+0000: 11541.756: Total time for which application threads were stopped: 0.0012323 seconds, Stopping threads took: 0.0001297 seconds
2016-08-24T17:20:22.837+0000: 11541.758: Total time for which application threads were stopped: 0.0015528 seconds, Stopping threads took: 0.0001682 seconds
2016-08-24T17:21:19.421+0000: 11598.343: [GC (Allocation Failure) 11598.343: [ParNew
Desired survivor size 8716288 bytes, new threshold 6 (max 6)
- age   1:    7157872 bytes,    7157872 total
- age   2:      74072 bytes,    7231944 total
- age   3:     122000 bytes,    7353944 total
- age   4:      51472 bytes,    7405416 total
- age   5:      39568 bytes,    7444984 total
- age   6:      58976 bytes,    7503960 total
: 144348K->7855K(153344K), 0.0231938 secs] 358280K->221910K(1031552K), 0.0233381 secs] [Times: user=0.03 sys=0.00, real=0.02 secs] 
2016-08-24T17:21:19.445+0000: 11598.366: Total time for which application threads were stopped: 0.0241831 seconds, Stopping threads took: 0.0001382 seconds
2016-08-24T17:21:22.677+0000: 11601.599: Total time for which application threads were stopped: 0.0019018 seconds, Stopping threads took: 0.0002262 seconds
2016-08-24T17:21:22.679+0000: 11601.600: Total time for which application threads were stopped: 0.0011978 seconds, Stopping threads took: 0.0001034 seconds
2016-08-24T17:21:22.680+0000: 11601.602: Total time for which application threads were stopped: 0.0014648 seconds, Stopping threads took: 0.0001890 seconds
2016-08-24T17:21:25.835+0000: 11604.757: Total time for which application threads were stopped: 0.0006370 seconds, Stopping threads took: 0.0000922 seconds
2016-08-24T17:21:25.836+0000: 11604.757: Total time for which application threads were stopped: 0.0002973 seconds, Stopping threads took: 0.0000544 seconds
2016-08-24T17:21:25.838+0000: 11604.760: Total time for which application threads were stopped: 0.0021965 seconds, Stopping threads took: 0.0000761 seconds
2016-08-24T17:22:25.681+0000: 11664.603: Total time for which application threads were stopped: 0.0019811 seconds, Stopping threads took: 0.0002286 seconds
2016-08-24T17:22:25.683+0000: 11664.604: Total time for which application threads were stopped: 0.0012344 seconds, Stopping threads took: 0.0001369 seconds
2016-08-24T17:22:25.685+0000: 11664.606: Total time for which application threads were stopped: 0.0015038 seconds, Stopping threads took: 0.0001957 seconds
2016-08-24T17:22:28.836+0000: 11667.757: Total time for which application threads were stopped: 0.0018853 seconds, Stopping threads took: 0.0002346 seconds
2016-08-24T17:22:28.837+0000: 11667.759: Total time for which application threads were stopped: 0.0014126 seconds, Stopping threads took: 0.0000991 seconds
2016-08-24T17:22:28.839+0000: 11667.761: Total time for which application threads were stopped: 0.0012707 seconds, Stopping threads took: 0.0001600 seconds
2016-08-24T17:23:11.149+0000: 11710.071: [GC (Allocation Failure) 11710.071: [ParNew
Desired survivor size 8716288 bytes, new threshold 6 (max 6)
- age   1:    7132432 bytes,    7132432 total
- age   2:      62232 bytes,    7194664 total
- age   3:      63576 bytes,    7258240 total
- age   4:     119344 bytes,    7377584 total
- age   5:      51336 bytes,    7428920 total
- age   6:      37328 bytes,    7466248 total
: 144175K->7352K(153344K), 0.0253903 secs] 358230K->221464K(1031552K), 0.0256972 secs] [Times: user=0.03 sys=0.00, real=0.02 secs] 
2016-08-24T17:23:11.175+0000: 11710.097: Total time for which application threads were stopped: 0.0278715 seconds, Stopping threads took: 0.0002411 seconds
2016-08-24T17:23:28.685+0000: 11727.607: Total time for which application threads were stopped: 0.0019928 seconds, Stopping threads took: 0.0002266 seconds
2016-08-24T17:23:28.687+0000: 11727.608: Total time for which application threads were stopped: 0.0014409 seconds, Stopping threads took: 0.0001769 seconds
2016-08-24T17:23:28.689+0000: 11727.610: Total time for which application threads were stopped: 0.0012732 seconds, Stopping threads took: 0.0001689 seconds
2016-08-24T17:23:31.838+0000: 11730.760: Total time for which application threads were stopped: 0.0006481 seconds, Stopping threads took: 0.0000919 seconds
2016-08-24T17:23:31.838+0000: 11730.760: Total time for which application threads were stopped: 0.0003265 seconds, Stopping threads took: 0.0000549 seconds
2016-08-24T17:23:31.839+0000: 11730.760: Total time for which application threads were stopped: 0.0003338 seconds, Stopping threads took: 0.0000480 seconds
2016-08-24T17:24:18.851+0000: 11777.773: Total time for which application threads were stopped: 0.0017135 seconds, Stopping threads took: 0.0002550 seconds
2016-08-24T17:24:19.852+0000: 11778.774: Total time for which application threads were stopped: 0.0006743 seconds, Stopping threads took: 0.0001068 seconds
2016-08-24T17:24:29.856+0000: 11788.777: Total time for which application threads were stopped: 0.0017771 seconds, Stopping threads took: 0.0003214 seconds
2016-08-24T17:24:31.689+0000: 11790.610: Total time for which application threads were stopped: 0.0020931 seconds, Stopping threads took: 0.0002753 seconds
2016-08-24T17:24:31.690+0000: 11790.611: Total time for which application threads were stopped: 0.0010055 seconds, Stopping threads took: 0.0001056 seconds
2016-08-24T17:24:31.691+0000: 11790.613: Total time for which application threads were stopped: 0.0010837 seconds, Stopping threads took: 0.0001495 seconds
2016-08-24T17:24:34.841+0000: 11793.763: Total time for which application threads were stopped: 0.0018950 seconds, Stopping threads took: 0.0002470 seconds
2016-08-24T17:24:34.843+0000: 11793.764: Total time for which application threads were stopped: 0.0012847 seconds, Stopping threads took: 0.0001096 seconds
2016-08-24T17:24:34.844+0000: 11793.766: Total time for which application threads were stopped: 0.0013771 seconds, Stopping threads took: 0.0001508 seconds
2016-08-24T17:24:52.809+0000: 11811.731: [GC (Allocation Failure) 11811.731: [ParNew
Desired survivor size 8716288 bytes, new threshold 6 (max 6)
- age   1:    7218320 bytes,    7218320 total
- age   2:      66824 bytes,    7285144 total
- age   3:      46920 bytes,    7332064 total
- age   4:      56240 bytes,    7388304 total
- age   5:     115592 bytes,    7503896 total
- age   6:      48456 bytes,    7552352 total
: 143672K->7768K(153344K), 0.0218653 secs] 357784K->221914K(1031552K), 0.0220235 secs] [Times: user=0.03 sys=0.00, real=0.02 secs] 
2016-08-24T17:24:52.832+0000: 11811.753: Total time for which application threads were stopped: 0.0228548 seconds, Stopping threads took: 0.0000960 seconds
2016-08-24T17:25:34.693+0000: 11853.615: Total time for which application threads were stopped: 0.0019640 seconds, Stopping threads took: 0.0002443 seconds
2016-08-24T17:25:34.695+0000: 11853.616: Total time for which application threads were stopped: 0.0013017 seconds, Stopping threads took: 0.0001451 seconds
2016-08-24T17:25:34.697+0000: 11853.618: Total time for which application threads were stopped: 0.0015079 seconds, Stopping threads took: 0.0001622 seconds
2016-08-24T17:25:37.842+0000: 11856.764: Total time for which application threads were stopped: 0.0006309 seconds, Stopping threads took: 0.0000943 seconds
2016-08-24T17:25:37.842+0000: 11856.764: Total time for which application threads were stopped: 0.0003010 seconds, Stopping threads took: 0.0000295 seconds
2016-08-24T17:25:37.843+0000: 11856.764: Total time for which application threads were stopped: 0.0003355 seconds, Stopping threads took: 0.0000398 seconds
2016-08-24T17:25:43.845+0000: 11862.766: Total time for which application threads were stopped: 0.0006681 seconds, Stopping threads took: 0.0001124 seconds
2016-08-24T17:26:37.697+0000: 11916.619: Total time for which application threads were stopped: 0.0018758 seconds, Stopping threads took: 0.0001959 seconds
2016-08-24T17:26:37.699+0000: 11916.620: Total time for which application threads were stopped: 0.0012266 seconds, Stopping threads took: 0.0001321 seconds
2016-08-24T17:26:37.700+0000: 11916.622: Total time for which application threads were stopped: 0.0012958 seconds, Stopping threads took: 0.0001304 seconds
2016-08-24T17:26:39.949+0000: 11918.870: [GC (Allocation Failure) 11918.870: [ParNew
Desired survivor size 8716288 bytes, new threshold 6 (max 6)
- age   1:    7224440 bytes,    7224440 total
- age   2:     111464 bytes,    7335904 total
- age   3:      45592 bytes,    7381496 total
- age   4:      45368 bytes,    7426864 total
- age   5:      55952 bytes,    7482816 total
- age   6:     111960 bytes,    7594776 total
: 144088K->7842K(153344K), 0.0234570 secs] 358234K->222033K(1031552K), 0.0236060 secs] [Times: user=0.03 sys=0.00, real=0.02 secs] 
2016-08-24T17:26:39.972+0000: 11918.894: Total time for which application threads were stopped: 0.0244587 seconds, Stopping threads took: 0.0000923 seconds
2016-08-24T17:26:40.844+0000: 11919.765: Total time for which application threads were stopped: 0.0009713 seconds, Stopping threads took: 0.0001368 seconds
2016-08-24T17:26:40.844+0000: 11919.766: Total time for which application threads were stopped: 0.0005936 seconds, Stopping threads took: 0.0000491 seconds
2016-08-24T17:26:40.854+0000: 11919.776: Total time for which application threads were stopped: 0.0097429 seconds, Stopping threads took: 0.0001218 seconds
2016-08-24T17:27:40.699+0000: 11979.621: Total time for which application threads were stopped: 0.0007676 seconds, Stopping threads took: 0.0001114 seconds
2016-08-24T17:27:40.700+0000: 11979.621: Total time for which application threads were stopped: 0.0003763 seconds, Stopping threads took: 0.0000576 seconds
2016-08-24T17:27:40.701+0000: 11979.622: Total time for which application threads were stopped: 0.0003952 seconds, Stopping threads took: 0.0000396 seconds
2016-08-24T17:27:43.846+0000: 11982.768: Total time for which application threads were stopped: 0.0006361 seconds, Stopping threads took: 0.0000926 seconds
2016-08-24T17:27:43.848+0000: 11982.769: Total time for which application threads were stopped: 0.0017967 seconds, Stopping threads took: 0.0000434 seconds
2016-08-24T17:27:43.848+0000: 11982.770: Total time for which application threads were stopped: 0.0003986 seconds, Stopping threads took: 0.0000682 seconds
2016-08-24T17:28:27.649+0000: 12026.570: [GC (Allocation Failure) 12026.570: [ParNew
Desired survivor size 8716288 bytes, new threshold 6 (max 6)
- age   1:    7243360 bytes,    7243360 total
- age   2:      58632 bytes,    7301992 total
- age   3:      98728 bytes,    7400720 total
- age   4:      44432 bytes,    7445152 total
- age   5:      45232 bytes,    7490384 total
- age   6:      49720 bytes,    7540104 total
: 144162K->7438K(153344K), 0.0283944 secs] 358353K->221737K(1031552K), 0.0286897 secs] [Times: user=0.04 sys=0.00, real=0.02 secs] 
2016-08-24T17:28:27.678+0000: 12026.599: Total time for which application threads were stopped: 0.0309211 seconds, Stopping threads took: 0.0003347 seconds
2016-08-24T17:28:43.699+0000: 12042.620: Total time for which application threads were stopped: 0.0006393 seconds, Stopping threads took: 0.0000910 seconds
2016-08-24T17:28:43.699+0000: 12042.620: Total time for which application threads were stopped: 0.0002910 seconds, Stopping threads took: 0.0000256 seconds
2016-08-24T17:28:43.699+0000: 12042.621: Total time for which application threads were stopped: 0.0003626 seconds, Stopping threads took: 0.0000445 seconds
2016-08-24T17:28:46.848+0000: 12045.770: Total time for which application threads were stopped: 0.0017838 seconds, Stopping threads took: 0.0002264 seconds
2016-08-24T17:28:46.850+0000: 12045.771: Total time for which application threads were stopped: 0.0013318 seconds, Stopping threads took: 0.0001106 seconds
2016-08-24T17:28:46.851+0000: 12045.773: Total time for which application threads were stopped: 0.0012869 seconds, Stopping threads took: 0.0001136 seconds
2016-08-24T17:29:19.859+0000: 12078.781: Total time for which application threads were stopped: 0.0006565 seconds, Stopping threads took: 0.0001281 seconds
2016-08-24T17:29:46.647+0000: 12105.569: Total time for which application threads were stopped: 0.0006372 seconds, Stopping threads took: 0.0000918 seconds
2016-08-24T17:29:46.647+0000: 12105.569: Total time for which application threads were stopped: 0.0002926 seconds, Stopping threads took: 0.0000449 seconds
2016-08-24T17:29:46.648+0000: 12105.569: Total time for which application threads were stopped: 0.0002871 seconds, Stopping threads took: 0.0000374 seconds
2016-08-24T17:29:49.850+0000: 12108.771: Total time for which application threads were stopped: 0.0005969 seconds, Stopping threads took: 0.0000789 seconds
2016-08-24T17:29:49.850+0000: 12108.772: Total time for which application threads were stopped: 0.0003019 seconds, Stopping threads took: 0.0000321 seconds
2016-08-24T17:29:49.851+0000: 12108.772: Total time for which application threads were stopped: 0.0003180 seconds, Stopping threads took: 0.0000378 seconds
2016-08-24T17:30:19.411+0000: 12138.333: [GC (Allocation Failure) 12138.333: [ParNew
Desired survivor size 8716288 bytes, new threshold 6 (max 6)
- age   1:    7171736 bytes,    7171736 total
- age   2:      66040 bytes,    7237776 total
- age   3:      48688 bytes,    7286464 total
- age   4:      92040 bytes,    7378504 total
- age   5:      44280 bytes,    7422784 total
- age   6:      42704 bytes,    7465488 total
: 143758K->7696K(153344K), 0.0228399 secs] 358057K->222041K(1031552K), 0.0229840 secs] [Times: user=0.03 sys=0.00, real=0.02 secs] 
2016-08-24T17:30:19.435+0000: 12138.356: Total time for which application threads were stopped: 0.0238919 seconds, Stopping threads took: 0.0001376 seconds
2016-08-24T17:30:46.651+0000: 12165.573: Total time for which application threads were stopped: 0.0017835 seconds, Stopping threads took: 0.0002274 seconds
2016-08-24T17:30:46.653+0000: 12165.574: Total time for which application threads were stopped: 0.0013061 seconds, Stopping threads took: 0.0001770 seconds
2016-08-24T17:30:46.653+0000: 12165.575: Total time for which application threads were stopped: 0.0005489 seconds, Stopping threads took: 0.0000750 seconds
2016-08-24T17:30:52.851+0000: 12171.773: Total time for which application threads were stopped: 0.0006477 seconds, Stopping threads took: 0.0000942 seconds
2016-08-24T17:30:52.851+0000: 12171.773: Total time for which application threads were stopped: 0.0002692 seconds, Stopping threads took: 0.0000240 seconds
2016-08-24T17:30:52.852+0000: 12171.773: Total time for which application threads were stopped: 0.0002960 seconds, Stopping threads took: 0.0000457 seconds
2016-08-24T17:31:49.649+0000: 12228.571: Total time for which application threads were stopped: 0.0019583 seconds, Stopping threads took: 0.0002248 seconds
2016-08-24T17:31:49.651+0000: 12228.572: Total time for which application threads were stopped: 0.0012885 seconds, Stopping threads took: 0.0001811 seconds
2016-08-24T17:31:49.652+0000: 12228.574: Total time for which application threads were stopped: 0.0013364 seconds, Stopping threads took: 0.0001687 seconds
2016-08-24T17:31:55.847+0000: 12234.769: Total time for which application threads were stopped: 0.0012977 seconds, Stopping threads took: 0.0001686 seconds
2016-08-24T17:31:55.848+0000: 12234.770: Total time for which application threads were stopped: 0.0008660 seconds, Stopping threads took: 0.0001216 seconds
2016-08-24T17:31:55.853+0000: 12234.774: Total time for which application threads were stopped: 0.0042584 seconds, Stopping threads took: 0.0001403 seconds
2016-08-24T17:32:02.819+0000: 12241.740: [GC (Allocation Failure) 12241.740: [ParNew
Desired survivor size 8716288 bytes, new threshold 6 (max 6)
- age   1:    7219272 bytes,    7219272 total
- age   2:      79488 bytes,    7298760 total
- age   3:      54672 bytes,    7353432 total
- age   4:      45904 bytes,    7399336 total
- age   5:      87568 bytes,    7486904 total
- age   6:      41688 bytes,    7528592 total
: 144016K->7762K(153344K), 0.0211815 secs] 358361K->222147K(1031552K), 0.0213598 secs] [Times: user=0.02 sys=0.00, real=0.03 secs] 
2016-08-24T17:32:02.840+0000: 12241.762: Total time for which application threads were stopped: 0.0221584 seconds, Stopping threads took: 0.0000964 seconds
2016-08-24T17:32:52.653+0000: 12291.575: Total time for which application threads were stopped: 0.0019039 seconds, Stopping threads took: 0.0002388 seconds
2016-08-24T17:32:52.655+0000: 12291.576: Total time for which application threads were stopped: 0.0012689 seconds, Stopping threads took: 0.0000994 seconds
2016-08-24T17:32:52.656+0000: 12291.578: Total time for which application threads were stopped: 0.0013116 seconds, Stopping threads took: 0.0001632 seconds
2016-08-24T17:32:58.812+0000: 12297.733: Total time for which application threads were stopped: 0.0018109 seconds, Stopping threads took: 0.0002234 seconds
2016-08-24T17:32:58.813+0000: 12297.735: Total time for which application threads were stopped: 0.0014182 seconds, Stopping threads took: 0.0001063 seconds
2016-08-24T17:32:58.815+0000: 12297.736: Total time for which application threads were stopped: 0.0013499 seconds, Stopping threads took: 0.0001774 seconds
2016-08-24T17:33:49.491+0000: 12348.413: [GC (Allocation Failure) 12348.413: [ParNew
Desired survivor size 8716288 bytes, new threshold 6 (max 6)
- age   1:    7318040 bytes,    7318040 total
- age   2:      85376 bytes,    7403416 total
- age   3:      49760 bytes,    7453176 total
- age   4:      52968 bytes,    7506144 total
- age   5:      45688 bytes,    7551832 total
- age   6:      83360 bytes,    7635192 total
: 144082K->7854K(153344K), 0.0237084 secs] 358467K->222278K(1031552K), 0.0238568 secs] [Times: user=0.04 sys=0.00, real=0.02 secs] 
2016-08-24T17:33:49.515+0000: 12348.437: Total time for which application threads were stopped: 0.0246851 seconds, Stopping threads took: 0.0001514 seconds
2016-08-24T17:33:55.654+0000: 12354.575: Total time for which application threads were stopped: 0.0006254 seconds, Stopping threads took: 0.0000909 seconds
2016-08-24T17:33:55.654+0000: 12354.576: Total time for which application threads were stopped: 0.0003068 seconds, Stopping threads took: 0.0000553 seconds
2016-08-24T17:33:55.655+0000: 12354.576: Total time for which application threads were stopped: 0.0003369 seconds, Stopping threads took: 0.0000832 seconds
2016-08-24T17:34:01.817+0000: 12360.739: Total time for which application threads were stopped: 0.0029038 seconds, Stopping threads took: 0.0004059 seconds
2016-08-24T17:34:01.820+0000: 12360.741: Total time for which application threads were stopped: 0.0021511 seconds, Stopping threads took: 0.0002097 seconds
2016-08-24T17:34:01.821+0000: 12360.742: Total time for which application threads were stopped: 0.0008589 seconds, Stopping threads took: 0.0003266 seconds
2016-08-24T17:34:58.656+0000: 12417.577: Total time for which application threads were stopped: 0.0017423 seconds, Stopping threads took: 0.0001944 seconds
2016-08-24T17:34:58.657+0000: 12417.579: Total time for which application threads were stopped: 0.0013921 seconds, Stopping threads took: 0.0002002 seconds
2016-08-24T17:34:58.659+0000: 12417.581: Total time for which application threads were stopped: 0.0013871 seconds, Stopping threads took: 0.0001321 seconds
2016-08-24T17:35:04.820+0000: 12423.741: Total time for which application threads were stopped: 0.0018026 seconds, Stopping threads took: 0.0002271 seconds
2016-08-24T17:35:04.821+0000: 12423.743: Total time for which application threads were stopped: 0.0014583 seconds, Stopping threads took: 0.0001336 seconds
2016-08-24T17:35:04.823+0000: 12423.745: Total time for which application threads were stopped: 0.0013218 seconds, Stopping threads took: 0.0001650 seconds
2016-08-24T17:35:21.828+0000: 12440.749: Total time for which application threads were stopped: 0.0017221 seconds, Stopping threads took: 0.0002462 seconds
2016-08-24T17:35:36.888+0000: 12455.810: [GC (Allocation Failure) 12455.810: [ParNew
Desired survivor size 8716288 bytes, new threshold 6 (max 6)
- age   1:    7327776 bytes,    7327776 total
- age   2:      78784 bytes,    7406560 total
- age   3:      73936 bytes,    7480496 total
- age   4:      45888 bytes,    7526384 total
- age   5:      52904 bytes,    7579288 total
- age   6:      43200 bytes,    7622488 total
: 144174K->7937K(153344K), 0.0262012 secs] 358598K->222441K(1031552K), 0.0265452 secs] [Times: user=0.03 sys=0.00, real=0.03 secs] 
2016-08-24T17:35:36.915+0000: 12455.836: Total time for which application threads were stopped: 0.0286198 seconds, Stopping threads took: 0.0003661 seconds
2016-08-24T17:36:01.661+0000: 12480.583: Total time for which application threads were stopped: 0.0021375 seconds, Stopping threads took: 0.0003930 seconds
2016-08-24T17:36:01.663+0000: 12480.584: Total time for which application threads were stopped: 0.0014150 seconds, Stopping threads took: 0.0002213 seconds
2016-08-24T17:36:01.665+0000: 12480.586: Total time for which application threads were stopped: 0.0013291 seconds, Stopping threads took: 0.0002260 seconds
2016-08-24T17:36:07.822+0000: 12486.744: Total time for which application threads were stopped: 0.0006849 seconds, Stopping threads took: 0.0001144 seconds
2016-08-24T17:36:07.823+0000: 12486.744: Total time for which application threads were stopped: 0.0003555 seconds, Stopping threads took: 0.0000522 seconds
2016-08-24T17:36:07.823+0000: 12486.745: Total time for which application threads were stopped: 0.0003389 seconds, Stopping threads took: 0.0000341 seconds
2016-08-24T17:36:08.824+0000: 12487.745: Total time for which application threads were stopped: 0.0006685 seconds, Stopping threads took: 0.0001124 seconds
2016-08-24T17:37:04.665+0000: 12543.587: Total time for which application threads were stopped: 0.0019672 seconds, Stopping threads took: 0.0002848 seconds
2016-08-24T17:37:04.667+0000: 12543.588: Total time for which application threads were stopped: 0.0011906 seconds, Stopping threads took: 0.0001034 seconds
2016-08-24T17:37:04.668+0000: 12543.590: Total time for which application threads were stopped: 0.0013330 seconds, Stopping threads took: 0.0001484 seconds
2016-08-24T17:37:10.824+0000: 12549.745: Total time for which application threads were stopped: 0.0017964 seconds, Stopping threads took: 0.0002279 seconds
2016-08-24T17:37:10.825+0000: 12549.747: Total time for which application threads were stopped: 0.0013590 seconds, Stopping threads took: 0.0000971 seconds
2016-08-24T17:37:10.833+0000: 12549.754: Total time for which application threads were stopped: 0.0072751 seconds, Stopping threads took: 0.0001513 seconds
2016-08-24T17:37:22.267+0000: 12561.188: [GC (Allocation Failure) 12561.188: [ParNew
Desired survivor size 8716288 bytes, new threshold 6 (max 6)
- age   1:    7376112 bytes,    7376112 total
- age   2:      63616 bytes,    7439728 total
- age   3:      50912 bytes,    7490640 total
- age   4:      69752 bytes,    7560392 total
- age   5:      45752 bytes,    7606144 total
- age   6:      50384 bytes,    7656528 total
: 144257K->7870K(153344K), 0.0208142 secs] 358761K->222414K(1031552K), 0.0209620 secs] [Times: user=0.03 sys=0.00, real=0.02 secs] 
2016-08-24T17:37:22.288+0000: 12561.209: Total time for which application threads were stopped: 0.0217460 seconds, Stopping threads took: 0.0000807 seconds
2016-08-24T17:38:07.668+0000: 12606.590: Total time for which application threads were stopped: 0.0012958 seconds, Stopping threads took: 0.0001860 seconds
2016-08-24T17:38:07.669+0000: 12606.591: Total time for which application threads were stopped: 0.0008225 seconds, Stopping threads took: 0.0001196 seconds
2016-08-24T17:38:07.670+0000: 12606.592: Total time for which application threads were stopped: 0.0008206 seconds, Stopping threads took: 0.0001082 seconds
2016-08-24T17:38:13.829+0000: 12612.751: Total time for which application threads were stopped: 0.0019686 seconds, Stopping threads took: 0.0002028 seconds
2016-08-24T17:38:13.834+0000: 12612.755: Total time for which application threads were stopped: 0.0040614 seconds, Stopping threads took: 0.0001137 seconds
2016-08-24T17:38:13.834+0000: 12612.756: Total time for which application threads were stopped: 0.0004344 seconds, Stopping threads took: 0.0000666 seconds
2016-08-24T17:39:07.398+0000: 12666.320: [GC (Allocation Failure) 12666.320: [ParNew
Desired survivor size 8716288 bytes, new threshold 6 (max 6)
- age   1:    7207656 bytes,    7207656 total
- age   2:      71648 bytes,    7279304 total
- age   3:      51520 bytes,    7330824 total
- age   4:      49640 bytes,    7380464 total
- age   5:      65520 bytes,    7445984 total
- age   6:      41304 bytes,    7487288 total
: 144190K->7733K(153344K), 0.0245382 secs] 358734K->222323K(1031552K), 0.0248194 secs] [Times: user=0.04 sys=0.00, real=0.03 secs] 
2016-08-24T17:39:07.424+0000: 12666.345: Total time for which application threads were stopped: 0.0268999 seconds, Stopping threads took: 0.0003582 seconds
2016-08-24T17:39:08.425+0000: 12667.346: Total time for which application threads were stopped: 0.0006763 seconds, Stopping threads took: 0.0001210 seconds
2016-08-24T17:39:10.670+0000: 12669.592: Total time for which application threads were stopped: 0.0006280 seconds, Stopping threads took: 0.0000927 seconds
2016-08-24T17:39:10.670+0000: 12669.592: Total time for which application threads were stopped: 0.0002933 seconds, Stopping threads took: 0.0000282 seconds
2016-08-24T17:39:10.671+0000: 12669.592: Total time for which application threads were stopped: 0.0003685 seconds, Stopping threads took: 0.0000520 seconds
2016-08-24T17:39:13.673+0000: 12672.594: Total time for which application threads were stopped: 0.0009835 seconds, Stopping threads took: 0.0001552 seconds
2016-08-24T17:39:16.837+0000: 12675.759: Total time for which application threads were stopped: 0.0018156 seconds, Stopping threads took: 0.0002006 seconds
2016-08-24T17:39:16.839+0000: 12675.760: Total time for which application threads were stopped: 0.0012367 seconds, Stopping threads took: 0.0001317 seconds
2016-08-24T17:39:16.840+0000: 12675.762: Total time for which application threads were stopped: 0.0014266 seconds, Stopping threads took: 0.0001329 seconds
2016-08-24T17:40:13.672+0000: 12732.594: Total time for which application threads were stopped: 0.0018965 seconds, Stopping threads took: 0.0002548 seconds
2016-08-24T17:40:13.674+0000: 12732.595: Total time for which application threads were stopped: 0.0012911 seconds, Stopping threads took: 0.0001659 seconds
2016-08-24T17:40:13.675+0000: 12732.597: Total time for which application threads were stopped: 0.0013132 seconds, Stopping threads took: 0.0001500 seconds
2016-08-24T17:40:19.840+0000: 12738.761: Total time for which application threads were stopped: 0.0018691 seconds, Stopping threads took: 0.0002384 seconds
2016-08-24T17:40:19.841+0000: 12738.763: Total time for which application threads were stopped: 0.0015608 seconds, Stopping threads took: 0.0003461 seconds
2016-08-24T17:40:19.843+0000: 12738.765: Total time for which application threads were stopped: 0.0012162 seconds, Stopping threads took: 0.0001082 seconds
2016-08-24T17:40:54.069+0000: 12772.991: [GC (Allocation Failure) 12772.991: [ParNew
Desired survivor size 8716288 bytes, new threshold 6 (max 6)
- age   1:    7259304 bytes,    7259304 total
- age   2:     101672 bytes,    7360976 total
- age   3:      53400 bytes,    7414376 total
- age   4:      47968 bytes,    7462344 total
- age   5:      49256 bytes,    7511600 total
- age   6:      60960 bytes,    7572560 total
: 144053K->7870K(153344K), 0.0228623 secs] 358643K->222499K(1031552K), 0.0230323 secs] [Times: user=0.03 sys=0.00, real=0.02 secs] 
2016-08-24T17:40:54.093+0000: 12773.014: Total time for which application threads were stopped: 0.0238470 seconds, Stopping threads took: 0.0000946 seconds
2016-08-24T17:41:16.677+0000: 12795.599: Total time for which application threads were stopped: 0.0020513 seconds, Stopping threads took: 0.0002720 seconds
2016-08-24T17:41:16.679+0000: 12795.600: Total time for which application threads were stopped: 0.0011948 seconds, Stopping threads took: 0.0001027 seconds
2016-08-24T17:41:16.681+0000: 12795.602: Total time for which application threads were stopped: 0.0015232 seconds, Stopping threads took: 0.0001478 seconds
2016-08-24T17:41:22.845+0000: 12801.767: Total time for which application threads were stopped: 0.0018507 seconds, Stopping threads took: 0.0002284 seconds
2016-08-24T17:41:22.847+0000: 12801.768: Total time for which application threads were stopped: 0.0013733 seconds, Stopping threads took: 0.0001754 seconds
2016-08-24T17:41:22.849+0000: 12801.770: Total time for which application threads were stopped: 0.0014174 seconds, Stopping threads took: 0.0001761 seconds
2016-08-24T17:41:25.851+0000: 12804.773: Total time for which application threads were stopped: 0.0017902 seconds, Stopping threads took: 0.0002672 seconds
2016-08-24T17:42:19.680+0000: 12858.601: Total time for which application threads were stopped: 0.0017223 seconds, Stopping threads took: 0.0002193 seconds
2016-08-24T17:42:19.682+0000: 12858.603: Total time for which application threads were stopped: 0.0013456 seconds, Stopping threads took: 0.0001790 seconds
2016-08-24T17:42:19.684+0000: 12858.605: Total time for which application threads were stopped: 0.0015115 seconds, Stopping threads took: 0.0002868 seconds
2016-08-24T17:42:25.849+0000: 12864.771: Total time for which application threads were stopped: 0.0018803 seconds, Stopping threads took: 0.0002256 seconds
2016-08-24T17:42:25.851+0000: 12864.772: Total time for which application threads were stopped: 0.0012048 seconds, Stopping threads took: 0.0001091 seconds
2016-08-24T17:42:25.859+0000: 12864.781: Total time for which application threads were stopped: 0.0083222 seconds, Stopping threads took: 0.0001283 seconds
2016-08-24T17:42:41.158+0000: 12880.079: [GC (Allocation Failure) 12880.080: [ParNew
Desired survivor size 8716288 bytes, new threshold 6 (max 6)
- age   1:    7220512 bytes,    7220512 total
- age   2:      69552 bytes,    7290064 total
- age   3:      89360 bytes,    7379424 total
- age   4:      51336 bytes,    7430760 total
- age   5:      47880 bytes,    7478640 total
- age   6:      46992 bytes,    7525632 total
: 144190K->7770K(153344K), 0.0297770 secs] 358819K->222457K(1031552K), 0.0300389 secs] [Times: user=0.04 sys=0.00, real=0.03 secs] 
2016-08-24T17:42:41.188+0000: 12880.110: Total time for which application threads were stopped: 0.0338379 seconds, Stopping threads took: 0.0020491 seconds
2016-08-24T17:43:22.686+0000: 12921.607: Total time for which application threads were stopped: 0.0019552 seconds, Stopping threads took: 0.0002221 seconds
2016-08-24T17:43:22.687+0000: 12921.609: Total time for which application threads were stopped: 0.0012648 seconds, Stopping threads took: 0.0001548 seconds
2016-08-24T17:43:22.689+0000: 12921.610: Total time for which application threads were stopped: 0.0011091 seconds, Stopping threads took: 0.0001576 seconds
2016-08-24T17:43:28.851+0000: 12927.773: Total time for which application threads were stopped: 0.0006384 seconds, Stopping threads took: 0.0000952 seconds
2016-08-24T17:43:28.852+0000: 12927.773: Total time for which application threads were stopped: 0.0003211 seconds, Stopping threads took: 0.0000485 seconds
2016-08-24T17:43:28.852+0000: 12927.774: Total time for which application threads were stopped: 0.0003161 seconds, Stopping threads took: 0.0000406 seconds
2016-08-24T17:43:49.859+0000: 12948.780: Total time for which application threads were stopped: 0.0017628 seconds, Stopping threads took: 0.0002531 seconds
2016-08-24T17:44:19.867+0000: 12978.788: Total time for which application threads were stopped: 0.0006434 seconds, Stopping threads took: 0.0001120 seconds
2016-08-24T17:44:25.689+0000: 12984.611: Total time for which application threads were stopped: 0.0019776 seconds, Stopping threads took: 0.0002364 seconds
2016-08-24T17:44:25.691+0000: 12984.612: Total time for which application threads were stopped: 0.0012979 seconds, Stopping threads took: 0.0001808 seconds
2016-08-24T17:44:25.693+0000: 12984.614: Total time for which application threads were stopped: 0.0014100 seconds, Stopping threads took: 0.0001762 seconds
2016-08-24T17:44:29.451+0000: 12988.373: [GC (Allocation Failure) 12988.373: [ParNew
Desired survivor size 8716288 bytes, new threshold 6 (max 6)
- age   1:    7282704 bytes,    7282704 total
- age   2:      54824 bytes,    7337528 total
- age   3:      54784 bytes,    7392312 total
- age   4:      86048 bytes,    7478360 total
- age   5:      51336 bytes,    7529696 total
- age   6:      45424 bytes,    7575120 total
: 144090K->7823K(153344K), 0.0251873 secs] 358777K->222554K(1031552K), 0.0254744 secs] [Times: user=0.04 sys=0.00, real=0.02 secs] 
2016-08-24T17:44:29.477+0000: 12988.398: Total time for which application threads were stopped: 0.0274604 seconds, Stopping threads took: 0.0002281 seconds
2016-08-24T17:44:31.851+0000: 12990.773: Total time for which application threads were stopped: 0.0006027 seconds, Stopping threads took: 0.0000823 seconds
2016-08-24T17:44:31.852+0000: 12990.773: Total time for which application threads were stopped: 0.0003294 seconds, Stopping threads took: 0.0000303 seconds
2016-08-24T17:44:31.852+0000: 12990.774: Total time for which application threads were stopped: 0.0003480 seconds, Stopping threads took: 0.0000386 seconds
2016-08-24T17:45:19.865+0000: 13038.787: Total time for which application threads were stopped: 0.0019470 seconds, Stopping threads took: 0.0002627 seconds
2016-08-24T17:45:27.869+0000: 13046.790: Total time for which application threads were stopped: 0.0018643 seconds, Stopping threads took: 0.0002540 seconds
2016-08-24T17:45:28.693+0000: 13047.614: Total time for which application threads were stopped: 0.0019323 seconds, Stopping threads took: 0.0002233 seconds
2016-08-24T17:45:28.695+0000: 13047.616: Total time for which application threads were stopped: 0.0012982 seconds, Stopping threads took: 0.0001779 seconds
2016-08-24T17:45:28.696+0000: 13047.618: Total time for which application threads were stopped: 0.0013900 seconds, Stopping threads took: 0.0001716 seconds
2016-08-24T17:45:31.698+0000: 13050.619: Total time for which application threads were stopped: 0.0006486 seconds, Stopping threads took: 0.0001172 seconds
2016-08-24T17:45:34.850+0000: 13053.771: Total time for which application threads were stopped: 0.0006201 seconds, Stopping threads took: 0.0000864 seconds
2016-08-24T17:45:34.850+0000: 13053.772: Total time for which application threads were stopped: 0.0002939 seconds, Stopping threads took: 0.0000290 seconds
2016-08-24T17:45:34.851+0000: 13053.772: Total time for which application threads were stopped: 0.0003235 seconds, Stopping threads took: 0.0000435 seconds
2016-08-24T17:46:17.787+0000: 13096.709: [GC (Allocation Failure) 13096.709: [ParNew
Desired survivor size 8716288 bytes, new threshold 6 (max 6)
- age   1:    7058960 bytes,    7058960 total
- age   2:      69800 bytes,    7128760 total
- age   3:      47400 bytes,    7176160 total
- age   4:      51056 bytes,    7227216 total
- age   5:      81312 bytes,    7308528 total
- age   6:      48600 bytes,    7357128 total
: 144143K->7594K(153344K), 0.0267823 secs] 358874K->222368K(1031552K), 0.0271582 secs] [Times: user=0.04 sys=0.00, real=0.03 secs] 
2016-08-24T17:46:17.814+0000: 13096.736: Total time for which application threads were stopped: 0.0294048 seconds, Stopping threads took: 0.0004540 seconds
2016-08-24T17:46:29.819+0000: 13108.741: Total time for which application threads were stopped: 0.0019024 seconds, Stopping threads took: 0.0002931 seconds
2016-08-24T17:46:31.694+0000: 13110.616: Total time for which application threads were stopped: 0.0006927 seconds, Stopping threads took: 0.0000956 seconds
2016-08-24T17:46:31.695+0000: 13110.616: Total time for which application threads were stopped: 0.0003523 seconds, Stopping threads took: 0.0000376 seconds
2016-08-24T17:46:31.695+0000: 13110.617: Total time for which application threads were stopped: 0.0003519 seconds, Stopping threads took: 0.0000364 seconds
2016-08-24T17:46:37.853+0000: 13116.775: Total time for which application threads were stopped: 0.0019585 seconds, Stopping threads took: 0.0002302 seconds
2016-08-24T17:46:37.855+0000: 13116.776: Total time for which application threads were stopped: 0.0013000 seconds, Stopping threads took: 0.0001784 seconds
2016-08-24T17:46:37.857+0000: 13116.778: Total time for which application threads were stopped: 0.0013189 seconds, Stopping threads took: 0.0001975 seconds
2016-08-24T17:46:45.860+0000: 13124.782: Total time for which application threads were stopped: 0.0018316 seconds, Stopping threads took: 0.0002616 seconds
2016-08-24T17:46:50.863+0000: 13129.785: Total time for which application threads were stopped: 0.0018135 seconds, Stopping threads took: 0.0003017 seconds
2016-08-24T17:47:34.697+0000: 13173.619: Total time for which application threads were stopped: 0.0019016 seconds, Stopping threads took: 0.0002029 seconds
2016-08-24T17:47:34.699+0000: 13173.620: Total time for which application threads were stopped: 0.0014117 seconds, Stopping threads took: 0.0002386 seconds
2016-08-24T17:47:34.701+0000: 13173.622: Total time for which application threads were stopped: 0.0014574 seconds, Stopping threads took: 0.0003267 seconds
2016-08-24T17:47:40.857+0000: 13179.779: Total time for which application threads were stopped: 0.0019592 seconds, Stopping threads took: 0.0002267 seconds
2016-08-24T17:47:40.858+0000: 13179.780: Total time for which application threads were stopped: 0.0012035 seconds, Stopping threads took: 0.0001044 seconds
2016-08-24T17:47:40.866+0000: 13179.787: Total time for which application threads were stopped: 0.0070156 seconds, Stopping threads took: 0.0001511 seconds
2016-08-24T17:48:07.486+0000: 13206.408: [GC (Allocation Failure) 13206.408: [ParNew
Desired survivor size 8716288 bytes, new threshold 6 (max 6)
- age   1:    7218496 bytes,    7218496 total
- age   2:      76712 bytes,    7295208 total
- age   3:      55568 bytes,    7350776 total
- age   4:      44688 bytes,    7395464 total
- age   5:      50480 bytes,    7445944 total
- age   6:      76992 bytes,    7522936 total
: 143914K->7741K(153344K), 0.0205570 secs] 358688K->222561K(1031552K), 0.0207037 secs] [Times: user=0.03 sys=0.00, real=0.02 secs] 
2016-08-24T17:48:07.507+0000: 13206.429: Total time for which application threads were stopped: 0.0214872 seconds, Stopping threads took: 0.0000998 seconds
2016-08-24T17:48:37.700+0000: 13236.621: Total time for which application threads were stopped: 0.0006532 seconds, Stopping threads took: 0.0000914 seconds
2016-08-24T17:48:37.700+0000: 13236.621: Total time for which application threads were stopped: 0.0002949 seconds, Stopping threads took: 0.0000275 seconds
2016-08-24T17:48:37.700+0000: 13236.622: Total time for which application threads were stopped: 0.0003536 seconds, Stopping threads took: 0.0000502 seconds
2016-08-24T17:48:43.859+0000: 13242.781: Total time for which application threads were stopped: 0.0007536 seconds, Stopping threads took: 0.0001098 seconds
2016-08-24T17:48:43.862+0000: 13242.783: Total time for which application threads were stopped: 0.0021186 seconds, Stopping threads took: 0.0000550 seconds
2016-08-24T17:48:43.862+0000: 13242.784: Total time for which application threads were stopped: 0.0003968 seconds, Stopping threads took: 0.0000582 seconds
2016-08-24T17:48:44.864+0000: 13243.786: Total time for which application threads were stopped: 0.0018377 seconds, Stopping threads took: 0.0002608 seconds
2016-08-24T17:48:54.869+0000: 13253.791: Total time for which application threads were stopped: 0.0019719 seconds, Stopping threads took: 0.0003431 seconds
2016-08-24T17:49:40.701+0000: 13299.623: Total time for which application threads were stopped: 0.0019791 seconds, Stopping threads took: 0.0002277 seconds
2016-08-24T17:49:40.703+0000: 13299.624: Total time for which application threads were stopped: 0.0011919 seconds, Stopping threads took: 0.0001016 seconds
2016-08-24T17:49:40.705+0000: 13299.626: Total time for which application threads were stopped: 0.0014917 seconds, Stopping threads took: 0.0001896 seconds
2016-08-24T17:49:46.865+0000: 13305.787: Total time for which application threads were stopped: 0.0021370 seconds, Stopping threads took: 0.0002782 seconds
2016-08-24T17:49:46.867+0000: 13305.788: Total time for which application threads were stopped: 0.0012223 seconds, Stopping threads took: 0.0001243 seconds
2016-08-24T17:49:46.868+0000: 13305.790: Total time for which application threads were stopped: 0.0013747 seconds, Stopping threads took: 0.0001513 seconds
2016-08-24T17:49:52.835+0000: 13311.757: [GC (Allocation Failure) 13311.757: [ParNew
Desired survivor size 8716288 bytes, new threshold 6 (max 6)
- age   1:    7197424 bytes,    7197424 total
- age   2:      73136 bytes,    7270560 total
- age   3:      64584 bytes,    7335144 total
- age   4:      52336 bytes,    7387480 total
- age   5:      44616 bytes,    7432096 total
- age   6:      47576 bytes,    7479672 total
: 144061K->7751K(153344K), 0.0286541 secs] 358881K->222642K(1031552K), 0.0288285 secs] [Times: user=0.04 sys=0.00, real=0.03 secs] 
2016-08-24T17:49:52.864+0000: 13311.786: Total time for which application threads were stopped: 0.0296282 seconds, Stopping threads took: 0.0000977 seconds
2016-08-24T17:50:43.702+0000: 13362.624: Total time for which application threads were stopped: 0.0008595 seconds, Stopping threads took: 0.0001107 seconds
2016-08-24T17:50:43.703+0000: 13362.624: Total time for which application threads were stopped: 0.0004907 seconds, Stopping threads took: 0.0000496 seconds
2016-08-24T17:50:43.704+0000: 13362.625: Total time for which application threads were stopped: 0.0004933 seconds, Stopping threads took: 0.0000526 seconds
2016-08-24T17:50:48.707+0000: 13367.628: Total time for which application threads were stopped: 0.0017749 seconds, Stopping threads took: 0.0002637 seconds
2016-08-24T17:50:49.867+0000: 13368.789: Total time for which application threads were stopped: 0.0006121 seconds, Stopping threads took: 0.0000874 seconds
2016-08-24T17:50:49.868+0000: 13368.789: Total time for which application threads were stopped: 0.0003575 seconds, Stopping threads took: 0.0000401 seconds
2016-08-24T17:50:49.868+0000: 13368.790: Total time for which application threads were stopped: 0.0003110 seconds, Stopping threads took: 0.0000321 seconds
2016-08-24T17:51:08.874+0000: 13387.796: Total time for which application threads were stopped: 0.0018156 seconds, Stopping threads took: 0.0002938 seconds
2016-08-24T17:51:39.716+0000: 13418.637: [GC (Allocation Failure) 13418.637: [ParNew
Desired survivor size 8716288 bytes, new threshold 6 (max 6)
- age   1:    7206344 bytes,    7206344 total
- age   2:      75816 bytes,    7282160 total
- age   3:      55040 bytes,    7337200 total
- age   4:      62744 bytes,    7399944 total
- age   5:      52232 bytes,    7452176 total
- age   6:      42520 bytes,    7494696 total
: 144071K->7735K(153344K), 0.0204227 secs] 358962K->222671K(1031552K), 0.0205894 secs] [Times: user=0.03 sys=0.00, real=0.02 secs] 
2016-08-24T17:51:39.736+0000: 13418.658: Total time for which application threads were stopped: 0.0213465 seconds, Stopping threads took: 0.0000772 seconds
2016-08-24T17:51:40.739+0000: 13419.661: Total time for which application threads were stopped: 0.0018795 seconds, Stopping threads took: 0.0002304 seconds
2016-08-24T17:51:46.653+0000: 13425.574: Total time for which application threads were stopped: 0.0018069 seconds, Stopping threads took: 0.0003944 seconds
2016-08-24T17:51:46.653+0000: 13425.575: Total time for which application threads were stopped: 0.0004485 seconds, Stopping threads took: 0.0001025 seconds
2016-08-24T17:51:46.654+0000: 13425.575: Total time for which application threads were stopped: 0.0004019 seconds, Stopping threads took: 0.0000579 seconds
2016-08-24T17:51:52.866+0000: 13431.788: Total time for which application threads were stopped: 0.0006471 seconds, Stopping threads took: 0.0000928 seconds
2016-08-24T17:51:52.866+0000: 13431.788: Total time for which application threads were stopped: 0.0002729 seconds, Stopping threads took: 0.0000266 seconds
2016-08-24T17:51:52.867+0000: 13431.788: Total time for which application threads were stopped: 0.0003484 seconds, Stopping threads took: 0.0000722 seconds
2016-08-24T17:52:17.874+0000: 13456.796: Total time for which application threads were stopped: 0.0014301 seconds, Stopping threads took: 0.0002205 seconds
2016-08-24T17:52:18.875+0000: 13457.797: Total time for which application threads were stopped: 0.0006476 seconds, Stopping threads took: 0.0001114 seconds
2016-08-24T17:52:19.876+0000: 13458.798: Total time for which application threads were stopped: 0.0006528 seconds, Stopping threads took: 0.0001115 seconds
2016-08-24T17:52:32.881+0000: 13471.802: Total time for which application threads were stopped: 0.0019523 seconds, Stopping threads took: 0.0002578 seconds
2016-08-24T17:52:49.653+0000: 13488.574: Total time for which application threads were stopped: 0.0017786 seconds, Stopping threads took: 0.0002390 seconds
2016-08-24T17:52:49.653+0000: 13488.575: Total time for which application threads were stopped: 0.0004938 seconds, Stopping threads took: 0.0000535 seconds
2016-08-24T17:52:49.654+0000: 13488.576: Total time for which application threads were stopped: 0.0005289 seconds, Stopping threads took: 0.0000858 seconds
2016-08-24T17:52:55.811+0000: 13494.733: Total time for which application threads were stopped: 0.0007226 seconds, Stopping threads took: 0.0001077 seconds
2016-08-24T17:52:55.812+0000: 13494.733: Total time for which application threads were stopped: 0.0003415 seconds, Stopping threads took: 0.0000522 seconds
2016-08-24T17:52:55.814+0000: 13494.736: Total time for which application threads were stopped: 0.0025040 seconds, Stopping threads took: 0.0000388 seconds
2016-08-24T17:53:18.821+0000: 13517.743: Total time for which application threads were stopped: 0.0020803 seconds, Stopping threads took: 0.0003391 seconds
2016-08-24T17:53:25.821+0000: 13524.743: [GC (Allocation Failure) 13524.743: [ParNew
Desired survivor size 8716288 bytes, new threshold 6 (max 6)
- age   1:    7187216 bytes,    7187216 total
- age   2:      62000 bytes,    7249216 total
- age   3:      60216 bytes,    7309432 total
- age   4:      51880 bytes,    7361312 total
- age   5:      58288 bytes,    7419600 total
- age   6:      49680 bytes,    7469280 total
: 144055K->7303K(153344K), 0.0299133 secs] 358991K->222279K(1031552K), 0.0301682 secs] [Times: user=0.05 sys=0.00, real=0.03 secs] 
2016-08-24T17:53:25.852+0000: 13524.773: Total time for which application threads were stopped: 0.0321482 seconds, Stopping threads took: 0.0002475 seconds
2016-08-24T17:53:52.657+0000: 13551.579: Total time for which application threads were stopped: 0.0018926 seconds, Stopping threads took: 0.0002269 seconds
2016-08-24T17:53:52.659+0000: 13551.580: Total time for which application threads were stopped: 0.0014380 seconds, Stopping threads took: 0.0001776 seconds
2016-08-24T17:53:52.661+0000: 13551.582: Total time for which application threads were stopped: 0.0016505 seconds, Stopping threads took: 0.0002448 seconds
2016-08-24T17:53:58.807+0000: 13557.729: Total time for which application threads were stopped: 0.0006570 seconds, Stopping threads took: 0.0000930 seconds
2016-08-24T17:53:58.808+0000: 13557.729: Total time for which application threads were stopped: 0.0003061 seconds, Stopping threads took: 0.0000501 seconds
2016-08-24T17:53:58.808+0000: 13557.730: Total time for which application threads were stopped: 0.0003129 seconds, Stopping threads took: 0.0000387 seconds
2016-08-24T17:54:55.661+0000: 13614.583: Total time for which application threads were stopped: 0.0021279 seconds, Stopping threads took: 0.0002694 seconds
2016-08-24T17:54:55.663+0000: 13614.584: Total time for which application threads were stopped: 0.0012198 seconds, Stopping threads took: 0.0001105 seconds
2016-08-24T17:54:55.665+0000: 13614.586: Total time for which application threads were stopped: 0.0013500 seconds, Stopping threads took: 0.0001589 seconds
2016-08-24T17:54:58.840+0000: 13617.761: Total time for which application threads were stopped: 0.0018164 seconds, Stopping threads took: 0.0002413 seconds
2016-08-24T17:54:58.841+0000: 13617.763: Total time for which application threads were stopped: 0.0014134 seconds, Stopping threads took: 0.0001753 seconds
2016-08-24T17:54:58.843+0000: 13617.765: Total time for which application threads were stopped: 0.0013030 seconds, Stopping threads took: 0.0001756 seconds
2016-08-24T17:55:17.838+0000: 13636.760: [GC (Allocation Failure) 13636.760: [ParNew
Desired survivor size 8716288 bytes, new threshold 6 (max 6)
- age   1:    7160272 bytes,    7160272 total
- age   2:      87256 bytes,    7247528 total
- age   3:      44880 bytes,    7292408 total
- age   4:      53960 bytes,    7346368 total
- age   5:      51544 bytes,    7397912 total
- age   6:      53640 bytes,    7451552 total
: 143623K->7695K(153344K), 0.0244257 secs] 358599K->222718K(1031552K), 0.0247176 secs] [Times: user=0.03 sys=0.00, real=0.03 secs] 
2016-08-24T17:55:17.863+0000: 13636.784: Total time for which application threads were stopped: 0.0269564 seconds, Stopping threads took: 0.0002853 seconds
2016-08-24T17:55:19.866+0000: 13638.788: Total time for which application threads were stopped: 0.0014840 seconds, Stopping threads took: 0.0002208 seconds
2016-08-24T17:55:58.663+0000: 13677.585: Total time for which application threads were stopped: 0.0006490 seconds, Stopping threads took: 0.0000941 seconds
2016-08-24T17:55:58.663+0000: 13677.585: Total time for which application threads were stopped: 0.0002965 seconds, Stopping threads took: 0.0000308 seconds
2016-08-24T17:55:58.664+0000: 13677.585: Total time for which application threads were stopped: 0.0003466 seconds, Stopping threads took: 0.0000528 seconds
2016-08-24T17:55:59.085+0000: 13678.007: Total time for which application threads were stopped: 0.0019097 seconds, Stopping threads took: 0.0002279 seconds
2016-08-24T17:55:59.087+0000: 13678.008: Total time for which application threads were stopped: 0.0013877 seconds, Stopping threads took: 0.0001772 seconds
2016-08-24T17:55:59.089+0000: 13678.010: Total time for which application threads were stopped: 0.0013749 seconds, Stopping threads took: 0.0001700 seconds
2016-08-24T17:57:01.665+0000: 13740.587: Total time for which application threads were stopped: 0.0019744 seconds, Stopping threads took: 0.0002283 seconds
2016-08-24T17:57:01.667+0000: 13740.588: Total time for which application threads were stopped: 0.0013036 seconds, Stopping threads took: 0.0001764 seconds
2016-08-24T17:57:01.669+0000: 13740.590: Total time for which application threads were stopped: 0.0014659 seconds, Stopping threads took: 0.0001773 seconds
2016-08-24T17:57:02.086+0000: 13741.007: Total time for which application threads were stopped: 0.0006305 seconds, Stopping threads took: 0.0001072 seconds
2016-08-24T17:57:02.086+0000: 13741.008: Total time for which application threads were stopped: 0.0002999 seconds, Stopping threads took: 0.0000479 seconds
2016-08-24T17:57:02.087+0000: 13741.008: Total time for which application threads were stopped: 0.0003512 seconds, Stopping threads took: 0.0000417 seconds
2016-08-24T17:57:04.667+0000: 13743.589: [GC (Allocation Failure) 13743.589: [ParNew
Desired survivor size 8716288 bytes, new threshold 6 (max 6)
- age   1:    7265880 bytes,    7265880 total
- age   2:      55648 bytes,    7321528 total
- age   3:      73128 bytes,    7394656 total
- age   4:      44400 bytes,    7439056 total
- age   5:      53688 bytes,    7492744 total
- age   6:      49088 bytes,    7541832 total
: 144015K->7744K(153344K), 0.0273208 secs] 359038K->222817K(1031552K), 0.0276105 secs] [Times: user=0.03 sys=0.01, real=0.03 secs] 
2016-08-24T17:57:04.695+0000: 13743.616: Total time for which application threads were stopped: 0.0295491 seconds, Stopping threads took: 0.0002186 seconds
2016-08-24T17:57:50.706+0000: 13789.627: Total time for which application threads were stopped: 0.0006764 seconds, Stopping threads took: 0.0001174 seconds
2016-08-24T17:57:53.708+0000: 13792.630: Total time for which application threads were stopped: 0.0017792 seconds, Stopping threads took: 0.0002681 seconds
2016-08-24T17:58:04.698+0000: 13803.619: Total time for which application threads were stopped: 0.0014798 seconds, Stopping threads took: 0.0002412 seconds
2016-08-24T17:58:04.699+0000: 13803.620: Total time for which application threads were stopped: 0.0009521 seconds, Stopping threads took: 0.0000801 seconds
2016-08-24T17:58:04.700+0000: 13803.622: Total time for which application threads were stopped: 0.0010651 seconds, Stopping threads took: 0.0001291 seconds
2016-08-24T17:58:05.089+0000: 13804.011: Total time for which application threads were stopped: 0.0019061 seconds, Stopping threads took: 0.0002353 seconds
2016-08-24T17:58:05.090+0000: 13804.012: Total time for which application threads were stopped: 0.0012864 seconds, Stopping threads took: 0.0001193 seconds
2016-08-24T17:58:05.097+0000: 13804.019: Total time for which application threads were stopped: 0.0063585 seconds, Stopping threads took: 0.0001295 seconds
2016-08-24T17:58:20.101+0000: 13819.022: Total time for which application threads were stopped: 0.0011744 seconds, Stopping threads took: 0.0001772 seconds
2016-08-24T17:58:49.096+0000: 13848.017: [GC (Allocation Failure) 13848.018: [ParNew
Desired survivor size 8716288 bytes, new threshold 6 (max 6)
- age   1:    7263368 bytes,    7263368 total
- age   2:      64992 bytes,    7328360 total
- age   3:      45840 bytes,    7374200 total
- age   4:      71416 bytes,    7445616 total
- age   5:      44400 bytes,    7490016 total
- age   6:      48128 bytes,    7538144 total
: 144064K->7782K(153344K), 0.0243296 secs] 359137K->222901K(1031552K), 0.0246145 secs] [Times: user=0.03 sys=0.00, real=0.03 secs] 
2016-08-24T17:58:49.121+0000: 13848.042: Total time for which application threads were stopped: 0.0265879 seconds, Stopping threads took: 0.0002471 seconds
2016-08-24T17:59:07.700+0000: 13866.621: Total time for which application threads were stopped: 0.0018164 seconds, Stopping threads took: 0.0002250 seconds
2016-08-24T17:59:07.701+0000: 13866.623: Total time for which application threads were stopped: 0.0013640 seconds, Stopping threads took: 0.0001082 seconds
2016-08-24T17:59:07.703+0000: 13866.625: Total time for which application threads were stopped: 0.0013274 seconds, Stopping threads took: 0.0001246 seconds
2016-08-24T17:59:08.092+0000: 13867.014: Total time for which application threads were stopped: 0.0025885 seconds, Stopping threads took: 0.0002386 seconds
2016-08-24T17:59:08.099+0000: 13867.020: Total time for which application threads were stopped: 0.0057998 seconds, Stopping threads took: 0.0001716 seconds
2016-08-24T17:59:08.099+0000: 13867.021: Total time for which application threads were stopped: 0.0004736 seconds, Stopping threads took: 0.0001437 seconds
2016-08-24T18:00:00.114+0000: 13919.036: Total time for which application threads were stopped: 0.0044579 seconds, Stopping threads took: 0.0038228 seconds
2016-08-24T18:00:00.179+0000: 13919.101: [GC (Allocation Failure) 13919.101: [ParNew
Desired survivor size 8716288 bytes, new threshold 6 (max 6)
- age   1:    7366368 bytes,    7366368 total
- age   2:      70408 bytes,    7436776 total
- age   3:      56784 bytes,    7493560 total
- age   4:      39736 bytes,    7533296 total
- age   5:      67016 bytes,    7600312 total
- age   6:      41912 bytes,    7642224 total
: 144102K->7725K(153344K), 0.0197819 secs] 359221K->222888K(1031552K), 0.0199347 secs] [Times: user=0.03 sys=0.00, real=0.02 secs] 
2016-08-24T18:00:00.199+0000: 13919.121: Total time for which application threads were stopped: 0.0206937 seconds, Stopping threads took: 0.0000928 seconds
2016-08-24T18:00:10.705+0000: 13929.627: Total time for which application threads were stopped: 0.0021040 seconds, Stopping threads took: 0.0002272 seconds
2016-08-24T18:00:10.707+0000: 13929.629: Total time for which application threads were stopped: 0.0014643 seconds, Stopping threads took: 0.0001749 seconds
2016-08-24T18:00:10.709+0000: 13929.631: Total time for which application threads were stopped: 0.0016367 seconds, Stopping threads took: 0.0001814 seconds
2016-08-24T18:00:11.101+0000: 13930.023: Total time for which application threads were stopped: 0.0018833 seconds, Stopping threads took: 0.0002238 seconds
2016-08-24T18:00:11.102+0000: 13930.024: Total time for which application threads were stopped: 0.0011908 seconds, Stopping threads took: 0.0000988 seconds
2016-08-24T18:00:11.104+0000: 13930.026: Total time for which application threads were stopped: 0.0014299 seconds, Stopping threads took: 0.0001398 seconds
2016-08-24T18:01:13.709+0000: 13992.631: Total time for which application threads were stopped: 0.0020667 seconds, Stopping threads took: 0.0002387 seconds
2016-08-24T18:01:13.711+0000: 13992.632: Total time for which application threads were stopped: 0.0012780 seconds, Stopping threads took: 0.0001587 seconds
2016-08-24T18:01:13.713+0000: 13992.634: Total time for which application threads were stopped: 0.0015344 seconds, Stopping threads took: 0.0001774 seconds
2016-08-24T18:01:14.105+0000: 13993.027: Total time for which application threads were stopped: 0.0019389 seconds, Stopping threads took: 0.0002012 seconds
2016-08-24T18:01:14.106+0000: 13993.028: Total time for which application threads were stopped: 0.0012091 seconds, Stopping threads took: 0.0001135 seconds
2016-08-24T18:01:14.108+0000: 13993.030: Total time for which application threads were stopped: 0.0012873 seconds, Stopping threads took: 0.0001492 seconds
2016-08-24T18:01:24.565+0000: 14003.486: [GC (Allocation Failure) 14003.486: [ParNew
Desired survivor size 8716288 bytes, new threshold 6 (max 6)
- age   1:    6480416 bytes,    6480416 total
- age   2:     602952 bytes,    7083368 total
- age   3:      52312 bytes,    7135680 total
- age   4:      50064 bytes,    7185744 total
- age   5:      39376 bytes,    7225120 total
- age   6:      64192 bytes,    7289312 total
: 144045K->7527K(153344K), 0.0208989 secs] 359208K->222731K(1031552K), 0.0210447 secs] [Times: user=0.03 sys=0.00, real=0.02 secs] 
2016-08-24T18:01:24.586+0000: 14003.508: Total time for which application threads were stopped: 0.0253853 seconds, Stopping threads took: 0.0035710 seconds
2016-08-24T18:02:16.713+0000: 14055.635: Total time for which application threads were stopped: 0.0019703 seconds, Stopping threads took: 0.0002250 seconds
2016-08-24T18:02:16.715+0000: 14055.636: Total time for which application threads were stopped: 0.0014353 seconds, Stopping threads took: 0.0001798 seconds
2016-08-24T18:02:16.717+0000: 14055.638: Total time for which application threads were stopped: 0.0014239 seconds, Stopping threads took: 0.0001833 seconds
2016-08-24T18:02:17.107+0000: 14056.028: Total time for which application threads were stopped: 0.0006296 seconds, Stopping threads took: 0.0000935 seconds
2016-08-24T18:02:17.107+0000: 14056.029: Total time for which application threads were stopped: 0.0002837 seconds, Stopping threads took: 0.0000301 seconds
2016-08-24T18:02:17.108+0000: 14056.029: Total time for which application threads were stopped: 0.0003184 seconds, Stopping threads took: 0.0000397 seconds
2016-08-24T18:03:11.173+0000: 14110.094: [GC (Allocation Failure) 14110.094: [ParNew
Desired survivor size 8716288 bytes, new threshold 6 (max 6)
- age   1:    7139128 bytes,    7139128 total
- age   2:     128160 bytes,    7267288 total
- age   3:     334896 bytes,    7602184 total
- age   4:      50048 bytes,    7652232 total
- age   5:      50064 bytes,    7702296 total
- age   6:      38688 bytes,    7740984 total
: 143847K->8348K(153344K), 0.0211193 secs] 359051K->223612K(1031552K), 0.0212782 secs] [Times: user=0.03 sys=0.00, real=0.02 secs] 
2016-08-24T18:03:11.194+0000: 14110.116: Total time for which application threads were stopped: 0.0221398 seconds, Stopping threads took: 0.0001581 seconds
2016-08-24T18:03:19.717+0000: 14118.639: Total time for which application threads were stopped: 0.0018570 seconds, Stopping threads took: 0.0002342 seconds
2016-08-24T18:03:19.718+0000: 14118.640: Total time for which application threads were stopped: 0.0008635 seconds, Stopping threads took: 0.0001198 seconds
2016-08-24T18:03:19.719+0000: 14118.641: Total time for which application threads were stopped: 0.0008961 seconds, Stopping threads took: 0.0001204 seconds
2016-08-24T18:03:20.109+0000: 14119.031: Total time for which application threads were stopped: 0.0019209 seconds, Stopping threads took: 0.0002380 seconds
2016-08-24T18:03:20.111+0000: 14119.032: Total time for which application threads were stopped: 0.0013385 seconds, Stopping threads took: 0.0002344 seconds
2016-08-24T18:03:20.118+0000: 14119.039: Total time for which application threads were stopped: 0.0069383 seconds, Stopping threads took: 0.0001461 seconds
2016-08-24T18:03:50.126+0000: 14149.048: Total time for which application threads were stopped: 0.0018022 seconds, Stopping threads took: 0.0003243 seconds
2016-08-24T18:04:22.719+0000: 14181.641: Total time for which application threads were stopped: 0.0006492 seconds, Stopping threads took: 0.0000932 seconds
2016-08-24T18:04:22.720+0000: 14181.641: Total time for which application threads were stopped: 0.0002962 seconds, Stopping threads took: 0.0000298 seconds
2016-08-24T18:04:22.720+0000: 14181.642: Total time for which application threads were stopped: 0.0003619 seconds, Stopping threads took: 0.0000520 seconds
2016-08-24T18:04:23.112+0000: 14182.033: Total time for which application threads were stopped: 0.0017785 seconds, Stopping threads took: 0.0002256 seconds
2016-08-24T18:04:23.113+0000: 14182.035: Total time for which application threads were stopped: 0.0014131 seconds, Stopping threads took: 0.0001780 seconds
2016-08-24T18:04:23.115+0000: 14182.037: Total time for which application threads were stopped: 0.0014916 seconds, Stopping threads took: 0.0002224 seconds
2016-08-24T18:04:53.748+0000: 14212.669: [GC (Allocation Failure) 14212.669: [ParNew
Desired survivor size 8716288 bytes, new threshold 6 (max 6)
- age   1:    7348288 bytes,    7348288 total
- age   2:      49496 bytes,    7397784 total
- age   3:     111920 bytes,    7509704 total
- age   4:     329560 bytes,    7839264 total
- age   5:      49976 bytes,    7889240 total
- age   6:      49048 bytes,    7938288 total
: 144668K->8070K(153344K), 0.0309013 secs] 359932K->223371K(1031552K), 0.0311802 secs] [Times: user=0.04 sys=0.00, real=0.03 secs] 
2016-08-24T18:04:53.779+0000: 14212.700: Total time for which application threads were stopped: 0.0332706 seconds, Stopping threads took: 0.0004058 seconds
2016-08-24T18:04:56.780+0000: 14215.702: Total time for which application threads were stopped: 0.0007987 seconds, Stopping threads took: 0.0001182 seconds
2016-08-24T18:05:25.720+0000: 14244.642: Total time for which application threads were stopped: 0.0020468 seconds, Stopping threads took: 0.0002274 seconds
2016-08-24T18:05:25.722+0000: 14244.643: Total time for which application threads were stopped: 0.0014252 seconds, Stopping threads took: 0.0002404 seconds
2016-08-24T18:05:25.724+0000: 14244.645: Total time for which application threads were stopped: 0.0013914 seconds, Stopping threads took: 0.0001903 seconds
2016-08-24T18:05:26.116+0000: 14245.037: Total time for which application threads were stopped: 0.0018221 seconds, Stopping threads took: 0.0002613 seconds
2016-08-24T18:05:26.117+0000: 14245.039: Total time for which application threads were stopped: 0.0013370 seconds, Stopping threads took: 0.0001196 seconds
2016-08-24T18:05:26.119+0000: 14245.040: Total time for which application threads were stopped: 0.0012480 seconds, Stopping threads took: 0.0001502 seconds
2016-08-24T18:06:28.725+0000: 14307.647: Total time for which application threads were stopped: 0.0019455 seconds, Stopping threads took: 0.0002278 seconds
2016-08-24T18:06:28.726+0000: 14307.648: Total time for which application threads were stopped: 0.0011901 seconds, Stopping threads took: 0.0000990 seconds
2016-08-24T18:06:28.728+0000: 14307.649: Total time for which application threads were stopped: 0.0012535 seconds, Stopping threads took: 0.0001619 seconds
2016-08-24T18:06:29.118+0000: 14308.040: Total time for which application threads were stopped: 0.0007115 seconds, Stopping threads took: 0.0001058 seconds
2016-08-24T18:06:29.118+0000: 14308.040: Total time for which application threads were stopped: 0.0003120 seconds, Stopping threads took: 0.0000273 seconds
2016-08-24T18:06:29.119+0000: 14308.040: Total time for which application threads were stopped: 0.0003758 seconds, Stopping threads took: 0.0000402 seconds
2016-08-24T18:06:35.942+0000: 14314.863: [GC (Allocation Failure) 14314.864: [ParNew
Desired survivor size 8716288 bytes, new threshold 6 (max 6)
- age   1:    7227720 bytes,    7227720 total
- age   2:      82344 bytes,    7310064 total
- age   3:      40472 bytes,    7350536 total
- age   4:     106504 bytes,    7457040 total
- age   5:     326080 bytes,    7783120 total
- age   6:      48472 bytes,    7831592 total
: 144390K->8555K(153344K), 0.0279350 secs] 359691K->223903K(1031552K), 0.0282296 secs] [Times: user=0.04 sys=0.00, real=0.03 secs] 
2016-08-24T18:06:35.970+0000: 14314.892: Total time for which application threads were stopped: 0.0302876 seconds, Stopping threads took: 0.0003114 seconds
2016-08-24T18:07:31.729+0000: 14370.650: Total time for which application threads were stopped: 0.0019622 seconds, Stopping threads took: 0.0002295 seconds
2016-08-24T18:07:31.730+0000: 14370.652: Total time for which application threads were stopped: 0.0012774 seconds, Stopping threads took: 0.0001123 seconds
2016-08-24T18:07:31.732+0000: 14370.653: Total time for which application threads were stopped: 0.0013711 seconds, Stopping threads took: 0.0001503 seconds
2016-08-24T18:07:32.121+0000: 14371.043: Total time for which application threads were stopped: 0.0019070 seconds, Stopping threads took: 0.0002275 seconds
2016-08-24T18:07:32.122+0000: 14371.044: Total time for which application threads were stopped: 0.0012101 seconds, Stopping threads took: 0.0001101 seconds
2016-08-24T18:07:32.124+0000: 14371.046: Total time for which application threads were stopped: 0.0014157 seconds, Stopping threads took: 0.0001519 seconds
2016-08-24T18:08:17.886+0000: 14416.807: [GC (Allocation Failure) 14416.807: [ParNew
Desired survivor size 8716288 bytes, new threshold 6 (max 6)
- age   1:    6751424 bytes,    6751424 total
- age   2:      80328 bytes,    6831752 total
- age   3:      56032 bytes,    6887784 total
- age   4:      39768 bytes,    6927552 total
- age   5:     105560 bytes,    7033112 total
- age   6:     323080 bytes,    7356192 total
: 144875K->7739K(153344K), 0.0223509 secs] 360223K->223133K(1031552K), 0.0224965 secs] [Times: user=0.03 sys=0.00, real=0.03 secs] 
2016-08-24T18:08:17.909+0000: 14416.830: Total time for which application threads were stopped: 0.0233690 seconds, Stopping threads took: 0.0001874 seconds
2016-08-24T18:08:17.921+0000: 14416.842: Total time for which application threads were stopped: 0.0009244 seconds, Stopping threads took: 0.0001596 seconds
2016-08-24T18:08:18.922+0000: 14417.844: Total time for which application threads were stopped: 0.0010102 seconds, Stopping threads took: 0.0001630 seconds
2016-08-24T18:08:34.731+0000: 14433.653: Total time for which application threads were stopped: 0.0006510 seconds, Stopping threads took: 0.0000953 seconds
2016-08-24T18:08:34.732+0000: 14433.653: Total time for which application threads were stopped: 0.0003304 seconds, Stopping threads took: 0.0000268 seconds
2016-08-24T18:08:34.732+0000: 14433.654: Total time for which application threads were stopped: 0.0003762 seconds, Stopping threads took: 0.0000554 seconds
2016-08-24T18:08:35.123+0000: 14434.045: Total time for which application threads were stopped: 0.0007169 seconds, Stopping threads took: 0.0001036 seconds
2016-08-24T18:08:35.124+0000: 14434.045: Total time for which application threads were stopped: 0.0003427 seconds, Stopping threads took: 0.0000516 seconds
2016-08-24T18:08:35.127+0000: 14434.048: Total time for which application threads were stopped: 0.0025492 seconds, Stopping threads took: 0.0000724 seconds
2016-08-24T18:08:47.130+0000: 14446.051: Total time for which application threads were stopped: 0.0006441 seconds, Stopping threads took: 0.0001143 seconds
2016-08-24T18:09:37.732+0000: 14496.653: Total time for which application threads were stopped: 0.0009624 seconds, Stopping threads took: 0.0001693 seconds
2016-08-24T18:09:37.732+0000: 14496.654: Total time for which application threads were stopped: 0.0005940 seconds, Stopping threads took: 0.0000779 seconds
2016-08-24T18:09:37.733+0000: 14496.655: Total time for which application threads were stopped: 0.0005226 seconds, Stopping threads took: 0.0000740 seconds
2016-08-24T18:09:38.125+0000: 14497.047: Total time for which application threads were stopped: 0.0019167 seconds, Stopping threads took: 0.0002394 seconds
2016-08-24T18:09:38.133+0000: 14497.055: Total time for which application threads were stopped: 0.0077447 seconds, Stopping threads took: 0.0001054 seconds
2016-08-24T18:09:38.134+0000: 14497.055: Total time for which application threads were stopped: 0.0004055 seconds, Stopping threads took: 0.0000402 seconds
2016-08-24T18:09:42.113+0000: 14501.035: [GC (Allocation Failure) 14501.035: [ParNew
Desired survivor size 8716288 bytes, new threshold 6 (max 6)
- age   1:    5813064 bytes,    5813064 total
- age   2:      68776 bytes,    5881840 total
- age   3:      63152 bytes,    5944992 total
- age   4:      51152 bytes,    5996144 total
- age   5:      39320 bytes,    6035464 total
- age   6:     103912 bytes,    6139376 total
: 144059K->6231K(153344K), 0.0223690 secs] 359453K->221945K(1031552K), 0.0226308 secs] [Times: user=0.03 sys=0.00, real=0.02 secs] 
2016-08-24T18:09:42.136+0000: 14501.057: Total time for which application threads were stopped: 0.0247390 seconds, Stopping threads took: 0.0002300 seconds
2016-08-24T18:09:49.139+0000: 14508.060: Total time for which application threads were stopped: 0.0011752 seconds, Stopping threads took: 0.0001760 seconds
2016-08-24T18:10:40.735+0000: 14559.657: Total time for which application threads were stopped: 0.0006226 seconds, Stopping threads took: 0.0000829 seconds
2016-08-24T18:10:40.736+0000: 14559.657: Total time for which application threads were stopped: 0.0002739 seconds, Stopping threads took: 0.0000284 seconds
2016-08-24T18:10:40.736+0000: 14559.658: Total time for which application threads were stopped: 0.0003112 seconds, Stopping threads took: 0.0000293 seconds
2016-08-24T18:10:41.134+0000: 14560.055: Total time for which application threads were stopped: 0.0006380 seconds, Stopping threads took: 0.0000945 seconds
2016-08-24T18:10:41.134+0000: 14560.056: Total time for which application threads were stopped: 0.0002916 seconds, Stopping threads took: 0.0000342 seconds
2016-08-24T18:10:41.135+0000: 14560.056: Total time for which application threads were stopped: 0.0003120 seconds, Stopping threads took: 0.0000446 seconds
2016-08-24T18:11:30.821+0000: 14609.742: [GC (Allocation Failure) 14609.743: [ParNew
Desired survivor size 8716288 bytes, new threshold 6 (max 6)
- age   1:    7283848 bytes,    7283848 total
- age   2:      82952 bytes,    7366800 total
- age   3:      47392 bytes,    7414192 total
- age   4:      58352 bytes,    7472544 total
- age   5:      51008 bytes,    7523552 total
- age   6:      37656 bytes,    7561208 total
: 142551K->7891K(153344K), 0.0246136 secs] 358265K->223708K(1031552K), 0.0249287 secs] [Times: user=0.04 sys=0.00, real=0.02 secs] 
2016-08-24T18:11:30.846+0000: 14609.768: Total time for which application threads were stopped: 0.0270088 seconds, Stopping threads took: 0.0002351 seconds
2016-08-24T18:11:43.736+0000: 14622.657: Total time for which application threads were stopped: 0.0017850 seconds, Stopping threads took: 0.0002363 seconds
2016-08-24T18:11:43.737+0000: 14622.659: Total time for which application threads were stopped: 0.0014099 seconds, Stopping threads took: 0.0000999 seconds
2016-08-24T18:11:43.739+0000: 14622.660: Total time for which application threads were stopped: 0.0013167 seconds, Stopping threads took: 0.0001497 seconds
2016-08-24T18:11:44.135+0000: 14623.056: Total time for which application threads were stopped: 0.0010445 seconds, Stopping threads took: 0.0001447 seconds
2016-08-24T18:11:44.135+0000: 14623.057: Total time for which application threads were stopped: 0.0006437 seconds, Stopping threads took: 0.0000569 seconds
2016-08-24T18:11:44.136+0000: 14623.058: Total time for which application threads were stopped: 0.0007342 seconds, Stopping threads took: 0.0000838 seconds
2016-08-24T18:12:46.654+0000: 14685.576: Total time for which application threads were stopped: 0.0045234 seconds, Stopping threads took: 0.0027999 seconds
2016-08-24T18:12:46.656+0000: 14685.577: Total time for which application threads were stopped: 0.0012137 seconds, Stopping threads took: 0.0001081 seconds
2016-08-24T18:12:46.657+0000: 14685.579: Total time for which application threads were stopped: 0.0015040 seconds, Stopping threads took: 0.0002075 seconds
2016-08-24T18:12:47.135+0000: 14686.057: Total time for which application threads were stopped: 0.0006620 seconds, Stopping threads took: 0.0000931 seconds
2016-08-24T18:12:47.136+0000: 14686.057: Total time for which application threads were stopped: 0.0003197 seconds, Stopping threads took: 0.0000332 seconds
2016-08-24T18:12:47.136+0000: 14686.058: Total time for which application threads were stopped: 0.0003374 seconds, Stopping threads took: 0.0000337 seconds
2016-08-24T18:13:18.107+0000: 14717.029: [GC (Allocation Failure) 14717.029: [ParNew
Desired survivor size 8716288 bytes, new threshold 6 (max 6)
- age   1:    7248704 bytes,    7248704 total
- age   2:      65824 bytes,    7314528 total
- age   3:      71712 bytes,    7386240 total
- age   4:      43248 bytes,    7429488 total
- age   5:      56552 bytes,    7486040 total
- age   6:      48456 bytes,    7534496 total
: 144211K->8026K(153344K), 0.0224768 secs] 360028K->223879K(1031552K), 0.0226077 secs] [Times: user=0.03 sys=0.00, real=0.03 secs] 
2016-08-24T18:13:18.130+0000: 14717.052: Total time for which application threads were stopped: 0.0234035 seconds, Stopping threads took: 0.0001590 seconds
2016-08-24T18:13:49.651+0000: 14748.572: Total time for which application threads were stopped: 0.0013056 seconds, Stopping threads took: 0.0001360 seconds
2016-08-24T18:13:49.652+0000: 14748.573: Total time for which application threads were stopped: 0.0008547 seconds, Stopping threads took: 0.0000765 seconds
2016-08-24T18:13:49.653+0000: 14748.575: Total time for which application threads were stopped: 0.0009744 seconds, Stopping threads took: 0.0001975 seconds
2016-08-24T18:13:50.136+0000: 14749.057: Total time for which application threads were stopped: 0.0019176 seconds, Stopping threads took: 0.0002328 seconds
2016-08-24T18:13:50.137+0000: 14749.059: Total time for which application threads were stopped: 0.0013530 seconds, Stopping threads took: 0.0001657 seconds
2016-08-24T18:13:50.145+0000: 14749.066: Total time for which application threads were stopped: 0.0072522 seconds, Stopping threads took: 0.0001651 seconds
2016-08-24T18:14:52.653+0000: 14811.575: Total time for which application threads were stopped: 0.0019391 seconds, Stopping threads took: 0.0002312 seconds
2016-08-24T18:14:52.655+0000: 14811.576: Total time for which application threads were stopped: 0.0011795 seconds, Stopping threads took: 0.0000920 seconds
2016-08-24T18:14:52.656+0000: 14811.578: Total time for which application threads were stopped: 0.0014100 seconds, Stopping threads took: 0.0001488 seconds
2016-08-24T18:14:53.141+0000: 14812.063: Total time for which application threads were stopped: 0.0018376 seconds, Stopping threads took: 0.0001973 seconds
2016-08-24T18:14:53.143+0000: 14812.064: Total time for which application threads were stopped: 0.0012374 seconds, Stopping threads took: 0.0001372 seconds
2016-08-24T18:14:53.145+0000: 14812.066: Total time for which application threads were stopped: 0.0013330 seconds, Stopping threads took: 0.0001234 seconds
2016-08-24T18:14:59.776+0000: 14818.698: [GC (Allocation Failure) 14818.698: [ParNew
Desired survivor size 8716288 bytes, new threshold 6 (max 6)
- age   1:    7296688 bytes,    7296688 total
- age   2:     150168 bytes,    7446856 total
- age   3:      54552 bytes,    7501408 total
- age   4:      65464 bytes,    7566872 total
- age   5:      42960 bytes,    7609832 total
- age   6:      53016 bytes,    7662848 total
: 144346K->7707K(153344K), 0.0239961 secs] 360199K->223605K(1031552K), 0.0242984 secs] [Times: user=0.04 sys=0.00, real=0.03 secs] 
2016-08-24T18:14:59.801+0000: 14818.722: Total time for which application threads were stopped: 0.0264073 seconds, Stopping threads took: 0.0002376 seconds
2016-08-24T18:15:55.655+0000: 14874.577: Total time for which application threads were stopped: 0.0006650 seconds, Stopping threads took: 0.0000950 seconds
2016-08-24T18:15:55.656+0000: 14874.577: Total time for which application threads were stopped: 0.0002886 seconds, Stopping threads took: 0.0000448 seconds
2016-08-24T18:15:55.656+0000: 14874.578: Total time for which application threads were stopped: 0.0004134 seconds, Stopping threads took: 0.0000674 seconds
2016-08-24T18:15:55.816+0000: 14874.737: Total time for which application threads were stopped: 0.0006550 seconds, Stopping threads took: 0.0000964 seconds
2016-08-24T18:15:55.816+0000: 14874.737: Total time for which application threads were stopped: 0.0003239 seconds, Stopping threads took: 0.0000517 seconds
2016-08-24T18:15:55.816+0000: 14874.738: Total time for which application threads were stopped: 0.0003472 seconds, Stopping threads took: 0.0000738 seconds
2016-08-24T18:15:58.818+0000: 14877.740: Total time for which application threads were stopped: 0.0011495 seconds, Stopping threads took: 0.0001495 seconds
2016-08-24T18:16:47.980+0000: 14926.901: [GC (Allocation Failure) 14926.902: [ParNew
Desired survivor size 8716288 bytes, new threshold 6 (max 6)
- age   1:    7181528 bytes,    7181528 total
- age   2:      82848 bytes,    7264376 total
- age   3:     135000 bytes,    7399376 total
- age   4:      53808 bytes,    7453184 total
- age   5:      64960 bytes,    7518144 total
- age   6:      41120 bytes,    7559264 total
: 144027K->8182K(153344K), 0.0260537 secs] 359925K->224130K(1031552K), 0.0264271 secs] [Times: user=0.04 sys=0.01, real=0.03 secs] 
2016-08-24T18:16:48.006+0000: 14926.928: Total time for which application threads were stopped: 0.0283734 seconds, Stopping threads took: 0.0002339 seconds
2016-08-24T18:16:58.656+0000: 14937.577: Total time for which application threads were stopped: 0.0018209 seconds, Stopping threads took: 0.0002287 seconds
2016-08-24T18:16:58.658+0000: 14937.579: Total time for which application threads were stopped: 0.0014597 seconds, Stopping threads took: 0.0002021 seconds
2016-08-24T18:16:58.659+0000: 14937.581: Total time for which application threads were stopped: 0.0014695 seconds, Stopping threads took: 0.0002164 seconds
2016-08-24T18:16:58.812+0000: 14937.733: Total time for which application threads were stopped: 0.0018837 seconds, Stopping threads took: 0.0002360 seconds
2016-08-24T18:16:58.813+0000: 14937.735: Total time for which application threads were stopped: 0.0013427 seconds, Stopping threads took: 0.0001139 seconds
2016-08-24T18:16:58.815+0000: 14937.736: Total time for which application threads were stopped: 0.0014958 seconds, Stopping threads took: 0.0001552 seconds
2016-08-24T18:17:01.818+0000: 14940.739: Total time for which application threads were stopped: 0.0019319 seconds, Stopping threads took: 0.0002756 seconds
2016-08-24T18:18:01.660+0000: 15000.582: Total time for which application threads were stopped: 0.0019698 seconds, Stopping threads took: 0.0003060 seconds
2016-08-24T18:18:01.662+0000: 15000.583: Total time for which application threads were stopped: 0.0015253 seconds, Stopping threads took: 0.0002416 seconds
2016-08-24T18:18:01.664+0000: 15000.585: Total time for which application threads were stopped: 0.0016101 seconds, Stopping threads took: 0.0003474 seconds
2016-08-24T18:18:01.816+0000: 15000.738: Total time for which application threads were stopped: 0.0013119 seconds, Stopping threads took: 0.0001685 seconds
2016-08-24T18:18:01.818+0000: 15000.739: Total time for which application threads were stopped: 0.0013793 seconds, Stopping threads took: 0.0001907 seconds
2016-08-24T18:18:01.820+0000: 15000.741: Total time for which application threads were stopped: 0.0015439 seconds, Stopping threads took: 0.0002155 seconds
2016-08-24T18:18:38.692+0000: 15037.614: [GC (Allocation Failure) 15037.614: [ParNew
Desired survivor size 8716288 bytes, new threshold 6 (max 6)
- age   1:    7186904 bytes,    7186904 total
- age   2:      59704 bytes,    7246608 total
- age   3:      62032 bytes,    7308640 total
- age   4:     132256 bytes,    7440896 total
- age   5:      53576 bytes,    7494472 total
- age   6:      59808 bytes,    7554280 total
: 144502K->7559K(153344K), 0.0276656 secs] 360450K->223546K(1031552K), 0.0280502 secs] [Times: user=0.03 sys=0.01, real=0.03 secs] 
2016-08-24T18:18:38.720+0000: 15037.642: Total time for which application threads were stopped: 0.0300333 seconds, Stopping threads took: 0.0003283 seconds
2016-08-24T18:19:04.665+0000: 15063.587: Total time for which application threads were stopped: 0.0019547 seconds, Stopping threads took: 0.0002283 seconds
2016-08-24T18:19:04.666+0000: 15063.588: Total time for which application threads were stopped: 0.0012694 seconds, Stopping threads took: 0.0001058 seconds
2016-08-24T18:19:04.668+0000: 15063.590: Total time for which application threads were stopped: 0.0015128 seconds, Stopping threads took: 0.0001754 seconds
2016-08-24T18:19:04.820+0000: 15063.741: Total time for which application threads were stopped: 0.0014333 seconds, Stopping threads took: 0.0001805 seconds
2016-08-24T18:19:04.821+0000: 15063.743: Total time for which application threads were stopped: 0.0013139 seconds, Stopping threads took: 0.0001360 seconds
2016-08-24T18:19:04.829+0000: 15063.751: Total time for which application threads were stopped: 0.0078019 seconds, Stopping threads took: 0.0001522 seconds
2016-08-24T18:20:07.669+0000: 15126.591: Total time for which application threads were stopped: 0.0019945 seconds, Stopping threads took: 0.0002349 seconds
2016-08-24T18:20:07.671+0000: 15126.592: Total time for which application threads were stopped: 0.0012953 seconds, Stopping threads took: 0.0001803 seconds
2016-08-24T18:20:07.673+0000: 15126.595: Total time for which application threads were stopped: 0.0016170 seconds, Stopping threads took: 0.0002242 seconds
2016-08-24T18:20:07.823+0000: 15126.745: Total time for which application threads were stopped: 0.0008390 seconds, Stopping threads took: 0.0001243 seconds
2016-08-24T18:20:07.828+0000: 15126.750: Total time for which application threads were stopped: 0.0047846 seconds, Stopping threads took: 0.0000383 seconds
2016-08-24T18:20:07.830+0000: 15126.752: Total time for which application threads were stopped: 0.0013275 seconds, Stopping threads took: 0.0001529 seconds
2016-08-24T18:20:27.011+0000: 15145.933: [GC (Allocation Failure) 15145.933: [ParNew
Desired survivor size 8716288 bytes, new threshold 6 (max 6)
- age   1:    7309528 bytes,    7309528 total
- age   2:      62608 bytes,    7372136 total
- age   3:      51096 bytes,    7423232 total
- age   4:      53192 bytes,    7476424 total
- age   5:     130248 bytes,    7606672 total
- age   6:      50624 bytes,    7657296 total
: 143879K->8121K(153344K), 0.0222692 secs] 359866K->224165K(1031552K), 0.0224249 secs] [Times: user=0.03 sys=0.00, real=0.02 secs] 
2016-08-24T18:20:27.034+0000: 15145.955: Total time for which application threads were stopped: 0.0231995 seconds, Stopping threads took: 0.0000872 seconds
2016-08-24T18:21:10.673+0000: 15189.595: Total time for which application threads were stopped: 0.0019024 seconds, Stopping threads took: 0.0002249 seconds
2016-08-24T18:21:10.674+0000: 15189.596: Total time for which application threads were stopped: 0.0011980 seconds, Stopping threads took: 0.0001051 seconds
2016-08-24T18:21:10.676+0000: 15189.598: Total time for which application threads were stopped: 0.0012473 seconds, Stopping threads took: 0.0001515 seconds
2016-08-24T18:21:10.833+0000: 15189.755: Total time for which application threads were stopped: 0.0019204 seconds, Stopping threads took: 0.0002271 seconds
2016-08-24T18:21:10.834+0000: 15189.756: Total time for which application threads were stopped: 0.0011960 seconds, Stopping threads took: 0.0001068 seconds
2016-08-24T18:21:10.836+0000: 15189.758: Total time for which application threads were stopped: 0.0014954 seconds, Stopping threads took: 0.0001489 seconds
2016-08-24T18:22:13.677+0000: 15252.599: Total time for which application threads were stopped: 0.0019586 seconds, Stopping threads took: 0.0002377 seconds
2016-08-24T18:22:13.679+0000: 15252.600: Total time for which application threads were stopped: 0.0012980 seconds, Stopping threads took: 0.0001772 seconds
2016-08-24T18:22:13.681+0000: 15252.602: Total time for which application threads were stopped: 0.0015937 seconds, Stopping threads took: 0.0001998 seconds
2016-08-24T18:22:13.837+0000: 15252.758: Total time for which application threads were stopped: 0.0017005 seconds, Stopping threads took: 0.0001899 seconds
2016-08-24T18:22:13.838+0000: 15252.760: Total time for which application threads were stopped: 0.0012326 seconds, Stopping threads took: 0.0001329 seconds
2016-08-24T18:22:13.840+0000: 15252.762: Total time for which application threads were stopped: 0.0013362 seconds, Stopping threads took: 0.0001625 seconds
2016-08-24T18:22:18.038+0000: 15256.959: [GC (Allocation Failure) 15256.960: [ParNew
Desired survivor size 8716288 bytes, new threshold 6 (max 6)
- age   1:    7146656 bytes,    7146656 total
- age   2:     158376 bytes,    7305032 total
- age   3:      50808 bytes,    7355840 total
- age   4:      49232 bytes,    7405072 total
- age   5:      53104 bytes,    7458176 total
- age   6:     126480 bytes,    7584656 total
: 144441K->7875K(153344K), 0.0269009 secs] 360485K->223966K(1031552K), 0.0271699 secs] [Times: user=0.04 sys=0.00, real=0.03 secs] 
2016-08-24T18:22:18.065+0000: 15256.987: Total time for which application threads were stopped: 0.0293066 seconds, Stopping threads took: 0.0002557 seconds
2016-08-24T18:23:16.680+0000: 15315.601: Total time for which application threads were stopped: 0.0008360 seconds, Stopping threads took: 0.0001210 seconds
2016-08-24T18:23:16.680+0000: 15315.602: Total time for which application threads were stopped: 0.0004348 seconds, Stopping threads took: 0.0000367 seconds
2016-08-24T18:23:16.681+0000: 15315.602: Total time for which application threads were stopped: 0.0005050 seconds, Stopping threads took: 0.0000692 seconds
2016-08-24T18:23:16.841+0000: 15315.762: Total time for which application threads were stopped: 0.0019898 seconds, Stopping threads took: 0.0002665 seconds
2016-08-24T18:23:16.842+0000: 15315.764: Total time for which application threads were stopped: 0.0012891 seconds, Stopping threads took: 0.0001276 seconds
2016-08-24T18:23:16.844+0000: 15315.766: Total time for which application threads were stopped: 0.0014675 seconds, Stopping threads took: 0.0002803 seconds
2016-08-24T18:24:06.772+0000: 15365.694: [GC (Allocation Failure) 15365.694: [ParNew
Desired survivor size 8716288 bytes, new threshold 6 (max 6)
- age   1:    7242928 bytes,    7242928 total
- age   2:      52656 bytes,    7295584 total
- age   3:     133912 bytes,    7429496 total
- age   4:      50680 bytes,    7480176 total
- age   5:      49200 bytes,    7529376 total
- age   6:      50464 bytes,    7579840 total
: 144195K->7454K(153344K), 0.0215175 secs] 360286K->223668K(1031552K), 0.0216980 secs] [Times: user=0.02 sys=0.00, real=0.02 secs] 
2016-08-24T18:24:06.794+0000: 15365.716: Total time for which application threads were stopped: 0.0226452 seconds, Stopping threads took: 0.0001151 seconds
2016-08-24T18:24:18.799+0000: 15377.721: Total time for which application threads were stopped: 0.0017848 seconds, Stopping threads took: 0.0002740 seconds
2016-08-24T18:24:19.682+0000: 15378.603: Total time for which application threads were stopped: 0.0006410 seconds, Stopping threads took: 0.0000943 seconds
2016-08-24T18:24:19.682+0000: 15378.604: Total time for which application threads were stopped: 0.0003497 seconds, Stopping threads took: 0.0000718 seconds
2016-08-24T18:24:19.683+0000: 15378.604: Total time for which application threads were stopped: 0.0003638 seconds, Stopping threads took: 0.0000681 seconds
2016-08-24T18:24:19.842+0000: 15378.764: Total time for which application threads were stopped: 0.0008992 seconds, Stopping threads took: 0.0001258 seconds
2016-08-24T18:24:19.843+0000: 15378.764: Total time for which application threads were stopped: 0.0005559 seconds, Stopping threads took: 0.0000602 seconds
2016-08-24T18:24:19.847+0000: 15378.768: Total time for which application threads were stopped: 0.0034691 seconds, Stopping threads took: 0.0000543 seconds
2016-08-24T18:24:58.857+0000: 15417.778: Total time for which application threads were stopped: 0.0006534 seconds, Stopping threads took: 0.0001054 seconds
2016-08-24T18:25:22.684+0000: 15441.605: Total time for which application threads were stopped: 0.0018839 seconds, Stopping threads took: 0.0002282 seconds
2016-08-24T18:25:22.685+0000: 15441.607: Total time for which application threads were stopped: 0.0014524 seconds, Stopping threads took: 0.0002092 seconds
2016-08-24T18:25:22.687+0000: 15441.609: Total time for which application threads were stopped: 0.0013710 seconds, Stopping threads took: 0.0001925 seconds
2016-08-24T18:25:22.844+0000: 15441.765: Total time for which application threads were stopped: 0.0018048 seconds, Stopping threads took: 0.0002273 seconds
2016-08-24T18:25:22.845+0000: 15441.767: Total time for which application threads were stopped: 0.0013547 seconds, Stopping threads took: 0.0001117 seconds
2016-08-24T18:25:22.847+0000: 15441.768: Total time for which application threads were stopped: 0.0013884 seconds, Stopping threads took: 0.0001619 seconds
2016-08-24T18:25:54.661+0000: 15473.583: [GC (Allocation Failure) 15473.583: [ParNew
Desired survivor size 8716288 bytes, new threshold 6 (max 6)
- age   1:    7284424 bytes,    7284424 total
- age   2:      66384 bytes,    7350808 total
- age   3:      43584 bytes,    7394392 total
- age   4:     129088 bytes,    7523480 total
- age   5:      50168 bytes,    7573648 total
- age   6:      46680 bytes,    7620328 total
: 143774K->7470K(153344K), 0.0280222 secs] 359988K->223732K(1031552K), 0.0283060 secs] [Times: user=0.04 sys=0.00, real=0.03 secs] 
2016-08-24T18:25:54.690+0000: 15473.611: Total time for which application threads were stopped: 0.0303973 seconds, Stopping threads took: 0.0002333 seconds
2016-08-24T18:26:25.689+0000: 15504.610: Total time for which application threads were stopped: 0.0016915 seconds, Stopping threads took: 0.0001686 seconds
2016-08-24T18:26:25.690+0000: 15504.611: Total time for which application threads were stopped: 0.0009848 seconds, Stopping threads took: 0.0001055 seconds
2016-08-24T18:26:25.691+0000: 15504.613: Total time for which application threads were stopped: 0.0009863 seconds, Stopping threads took: 0.0001035 seconds
2016-08-24T18:26:25.848+0000: 15504.770: Total time for which application threads were stopped: 0.0014358 seconds, Stopping threads took: 0.0001701 seconds
2016-08-24T18:26:25.850+0000: 15504.771: Total time for which application threads were stopped: 0.0012281 seconds, Stopping threads took: 0.0001280 seconds
2016-08-24T18:26:25.852+0000: 15504.773: Total time for which application threads were stopped: 0.0013124 seconds, Stopping threads took: 0.0001851 seconds
2016-08-24T18:27:28.693+0000: 15567.615: Total time for which application threads were stopped: 0.0020574 seconds, Stopping threads took: 0.0002324 seconds
2016-08-24T18:27:28.695+0000: 15567.617: Total time for which application threads were stopped: 0.0013431 seconds, Stopping threads took: 0.0001717 seconds
2016-08-24T18:27:28.697+0000: 15567.618: Total time for which application threads were stopped: 0.0014748 seconds, Stopping threads took: 0.0002070 seconds
2016-08-24T18:27:28.853+0000: 15567.775: Total time for which application threads were stopped: 0.0020136 seconds, Stopping threads took: 0.0002387 seconds
2016-08-24T18:27:28.855+0000: 15567.776: Total time for which application threads were stopped: 0.0012618 seconds, Stopping threads took: 0.0000959 seconds
2016-08-24T18:27:28.857+0000: 15567.778: Total time for which application threads were stopped: 0.0013559 seconds, Stopping threads took: 0.0001337 seconds
2016-08-24T18:27:38.068+0000: 15576.990: [GC (Allocation Failure) 15576.990: [ParNew
Desired survivor size 8716288 bytes, new threshold 6 (max 6)
- age   1:    7235360 bytes,    7235360 total
- age   2:      67928 bytes,    7303288 total
- age   3:      55056 bytes,    7358344 total
- age   4:      40816 bytes,    7399160 total
- age   5:     125464 bytes,    7524624 total
- age   6:      47416 bytes,    7572040 total
: 143790K->7779K(153344K), 0.0259304 secs] 360052K->224084K(1031552K), 0.0263711 secs] [Times: user=0.03 sys=0.00, real=0.02 secs] 
2016-08-24T18:27:38.095+0000: 15577.016: Total time for which application threads were stopped: 0.0284703 seconds, Stopping threads took: 0.0002319 seconds
2016-08-24T18:28:31.697+0000: 15630.619: Total time for which application threads were stopped: 0.0019979 seconds, Stopping threads took: 0.0002385 seconds
2016-08-24T18:28:31.699+0000: 15630.620: Total time for which application threads were stopped: 0.0012403 seconds, Stopping threads took: 0.0001313 seconds
2016-08-24T18:28:31.701+0000: 15630.622: Total time for which application threads were stopped: 0.0014012 seconds, Stopping threads took: 0.0001283 seconds
2016-08-24T18:28:31.857+0000: 15630.779: Total time for which application threads were stopped: 0.0018343 seconds, Stopping threads took: 0.0001953 seconds
2016-08-24T18:28:31.858+0000: 15630.780: Total time for which application threads were stopped: 0.0012425 seconds, Stopping threads took: 0.0001350 seconds
2016-08-24T18:28:31.860+0000: 15630.782: Total time for which application threads were stopped: 0.0012901 seconds, Stopping threads took: 0.0001310 seconds
2016-08-24T18:29:19.873+0000: 15678.794: Total time for which application threads were stopped: 0.0019004 seconds, Stopping threads took: 0.0002643 seconds
2016-08-24T18:29:29.773+0000: 15688.694: [GC (Allocation Failure) 15688.694: [ParNew
Desired survivor size 8716288 bytes, new threshold 6 (max 6)
- age   1:    7218976 bytes,    7218976 total
- age   2:     109584 bytes,    7328560 total
- age   3:      53416 bytes,    7381976 total
- age   4:      51720 bytes,    7433696 total
- age   5:      40536 bytes,    7474232 total
- age   6:     121704 bytes,    7595936 total
: 144099K->7901K(153344K), 0.0263288 secs] 360404K->224249K(1031552K), 0.0265214 secs] [Times: user=0.03 sys=0.00, real=0.02 secs] 
2016-08-24T18:29:29.799+0000: 15688.721: Total time for which application threads were stopped: 0.0276051 seconds, Stopping threads took: 0.0001333 seconds
2016-08-24T18:29:34.700+0000: 15693.621: Total time for which application threads were stopped: 0.0017877 seconds, Stopping threads took: 0.0002285 seconds
2016-08-24T18:29:34.701+0000: 15693.623: Total time for which application threads were stopped: 0.0013601 seconds, Stopping threads took: 0.0001047 seconds
2016-08-24T18:29:34.703+0000: 15693.625: Total time for which application threads were stopped: 0.0013604 seconds, Stopping threads took: 0.0001164 seconds
2016-08-24T18:29:34.860+0000: 15693.781: Total time for which application threads were stopped: 0.0017820 seconds, Stopping threads took: 0.0002274 seconds
2016-08-24T18:29:34.861+0000: 15693.783: Total time for which application threads were stopped: 0.0013420 seconds, Stopping threads took: 0.0001007 seconds
2016-08-24T18:29:34.869+0000: 15693.790: Total time for which application threads were stopped: 0.0074151 seconds, Stopping threads took: 0.0001525 seconds
2016-08-24T18:30:37.705+0000: 15756.627: Total time for which application threads were stopped: 0.0019734 seconds, Stopping threads took: 0.0002408 seconds
2016-08-24T18:30:37.707+0000: 15756.628: Total time for which application threads were stopped: 0.0013013 seconds, Stopping threads took: 0.0001821 seconds
2016-08-24T18:30:37.709+0000: 15756.630: Total time for which application threads were stopped: 0.0014340 seconds, Stopping threads took: 0.0002151 seconds
2016-08-24T18:30:37.864+0000: 15756.785: Total time for which application threads were stopped: 0.0009671 seconds, Stopping threads took: 0.0001334 seconds
2016-08-24T18:30:37.869+0000: 15756.790: Total time for which application threads were stopped: 0.0049926 seconds, Stopping threads took: 0.0000450 seconds
2016-08-24T18:30:37.869+0000: 15756.791: Total time for which application threads were stopped: 0.0003613 seconds, Stopping threads took: 0.0000431 seconds
2016-08-24T18:31:19.418+0000: 15798.339: [GC (Allocation Failure) 15798.339: [ParNew
Desired survivor size 8716288 bytes, new threshold 6 (max 6)
- age   1:    7086208 bytes,    7086208 total
- age   2:      72408 bytes,    7158616 total
- age   3:      88312 bytes,    7246928 total
- age   4:      50784 bytes,    7297712 total
- age   5:      51584 bytes,    7349296 total
- age   6:      38048 bytes,    7387344 total
: 144221K->7657K(153344K), 0.0236662 secs] 360569K->224122K(1031552K), 0.0238096 secs] [Times: user=0.03 sys=0.00, real=0.03 secs] 
2016-08-24T18:31:19.442+0000: 15798.363: Total time for which application threads were stopped: 0.0247636 seconds, Stopping threads took: 0.0001352 seconds
2016-08-24T18:31:40.709+0000: 15819.631: Total time for which application threads were stopped: 0.0019575 seconds, Stopping threads took: 0.0002107 seconds
2016-08-24T18:31:40.711+0000: 15819.632: Total time for which application threads were stopped: 0.0012079 seconds, Stopping threads took: 0.0001122 seconds
2016-08-24T18:31:40.712+0000: 15819.634: Total time for which application threads were stopped: 0.0013621 seconds, Stopping threads took: 0.0001778 seconds
2016-08-24T18:31:40.873+0000: 15819.795: Total time for which application threads were stopped: 0.0019431 seconds, Stopping threads took: 0.0002253 seconds
2016-08-24T18:31:40.874+0000: 15819.796: Total time for which application threads were stopped: 0.0012019 seconds, Stopping threads took: 0.0001048 seconds
2016-08-24T18:31:40.876+0000: 15819.798: Total time for which application threads were stopped: 0.0012731 seconds, Stopping threads took: 0.0001314 seconds
2016-08-24T18:31:49.880+0000: 15828.802: Total time for which application threads were stopped: 0.0018667 seconds, Stopping threads took: 0.0002918 seconds
2016-08-24T18:32:43.713+0000: 15882.634: Total time for which application threads were stopped: 0.0020131 seconds, Stopping threads took: 0.0002867 seconds
2016-08-24T18:32:43.714+0000: 15882.636: Total time for which application threads were stopped: 0.0014506 seconds, Stopping threads took: 0.0001791 seconds
2016-08-24T18:32:43.716+0000: 15882.638: Total time for which application threads were stopped: 0.0013133 seconds, Stopping threads took: 0.0001462 seconds
2016-08-24T18:32:43.877+0000: 15882.799: Total time for which application threads were stopped: 0.0019081 seconds, Stopping threads took: 0.0002121 seconds
2016-08-24T18:32:43.878+0000: 15882.800: Total time for which application threads were stopped: 0.0012408 seconds, Stopping threads took: 0.0001315 seconds
2016-08-24T18:32:43.880+0000: 15882.802: Total time for which application threads were stopped: 0.0012843 seconds, Stopping threads took: 0.0001297 seconds
2016-08-24T18:32:49.883+0000: 15888.805: Total time for which application threads were stopped: 0.0017985 seconds, Stopping threads took: 0.0002851 seconds
2016-08-24T18:33:09.359+0000: 15908.281: [GC (Allocation Failure) 15908.281: [ParNew
Desired survivor size 8716288 bytes, new threshold 6 (max 6)
- age   1:    7146312 bytes,    7146312 total
- age   2:     102456 bytes,    7248768 total
- age   3:      61664 bytes,    7310432 total
- age   4:      85248 bytes,    7395680 total
- age   5:      50528 bytes,    7446208 total
- age   6:      49128 bytes,    7495336 total
: 143977K->7370K(153344K), 0.0262563 secs] 360442K->223870K(1031552K), 0.0265479 secs] [Times: user=0.04 sys=0.01, real=0.03 secs] 
2016-08-24T18:33:09.386+0000: 15908.308: Total time for which application threads were stopped: 0.0285621 seconds, Stopping threads took: 0.0002588 seconds
2016-08-24T18:33:46.653+0000: 15945.574: Total time for which application threads were stopped: 0.0021557 seconds, Stopping threads took: 0.0003369 seconds
2016-08-24T18:33:46.654+0000: 15945.576: Total time for which application threads were stopped: 0.0012516 seconds, Stopping threads took: 0.0001224 seconds
2016-08-24T18:33:46.656+0000: 15945.577: Total time for which application threads were stopped: 0.0015103 seconds, Stopping threads took: 0.0002979 seconds
2016-08-24T18:33:46.880+0000: 15945.801: Total time for which application threads were stopped: 0.0014266 seconds, Stopping threads took: 0.0001896 seconds
2016-08-24T18:33:46.881+0000: 15945.803: Total time for which application threads were stopped: 0.0014403 seconds, Stopping threads took: 0.0001912 seconds
2016-08-24T18:33:46.883+0000: 15945.805: Total time for which application threads were stopped: 0.0013613 seconds, Stopping threads took: 0.0001635 seconds
2016-08-24T18:33:50.886+0000: 15949.807: Total time for which application threads were stopped: 0.0018149 seconds, Stopping threads took: 0.0002567 seconds
2016-08-24T18:34:18.895+0000: 15977.817: Total time for which application threads were stopped: 0.0018004 seconds, Stopping threads took: 0.0002823 seconds
2016-08-24T18:34:49.651+0000: 16008.573: Total time for which application threads were stopped: 0.0006231 seconds, Stopping threads took: 0.0000915 seconds
2016-08-24T18:34:49.652+0000: 16008.573: Total time for which application threads were stopped: 0.0003017 seconds, Stopping threads took: 0.0000327 seconds
2016-08-24T18:34:49.652+0000: 16008.574: Total time for which application threads were stopped: 0.0003473 seconds, Stopping threads took: 0.0000655 seconds
2016-08-24T18:34:49.885+0000: 16008.806: Total time for which application threads were stopped: 0.0017688 seconds, Stopping threads took: 0.0001960 seconds
2016-08-24T18:34:49.886+0000: 16008.808: Total time for which application threads were stopped: 0.0012295 seconds, Stopping threads took: 0.0001290 seconds
2016-08-24T18:34:49.893+0000: 16008.814: Total time for which application threads were stopped: 0.0061133 seconds, Stopping threads took: 0.0001286 seconds
2016-08-24T18:34:56.304+0000: 16015.225: [GC (Allocation Failure) 16015.226: [ParNew
Desired survivor size 8716288 bytes, new threshold 6 (max 6)
- age   1:    7259408 bytes,    7259408 total
- age   2:      63616 bytes,    7323024 total
- age   3:      45224 bytes,    7368248 total
- age   4:      56552 bytes,    7424800 total
- age   5:      81128 bytes,    7505928 total
- age   6:      47560 bytes,    7553488 total
: 143690K->7396K(153344K), 0.0278592 secs] 360190K->223943K(1031552K), 0.0282137 secs] [Times: user=0.03 sys=0.01, real=0.03 secs] 
2016-08-24T18:34:56.332+0000: 16015.254: Total time for which application threads were stopped: 0.0301599 seconds, Stopping threads took: 0.0002339 seconds
2016-08-24T18:35:52.652+0000: 16071.573: Total time for which application threads were stopped: 0.0018490 seconds, Stopping threads took: 0.0002410 seconds
2016-08-24T18:35:52.653+0000: 16071.575: Total time for which application threads were stopped: 0.0014128 seconds, Stopping threads took: 0.0001685 seconds
2016-08-24T18:35:52.655+0000: 16071.577: Total time for which application threads were stopped: 0.0012858 seconds, Stopping threads took: 0.0001516 seconds
2016-08-24T18:35:52.887+0000: 16071.808: Total time for which application threads were stopped: 0.0006617 seconds, Stopping threads took: 0.0000849 seconds
2016-08-24T18:35:52.887+0000: 16071.809: Total time for which application threads were stopped: 0.0005432 seconds, Stopping threads took: 0.0000574 seconds
2016-08-24T18:35:52.888+0000: 16071.809: Total time for which application threads were stopped: 0.0003366 seconds, Stopping threads took: 0.0000476 seconds
2016-08-24T18:36:44.486+0000: 16123.408: [GC (Allocation Failure) 16123.408: [ParNew
Desired survivor size 8716288 bytes, new threshold 6 (max 6)
- age   1:    7278888 bytes,    7278888 total
- age   2:      88992 bytes,    7367880 total
- age   3:      48016 bytes,    7415896 total
- age   4:      43128 bytes,    7459024 total
- age   5:      55944 bytes,    7514968 total
- age   6:      78104 bytes,    7593072 total
: 143716K->7767K(153344K), 0.0251986 secs] 360263K->224358K(1031552K), 0.0253590 secs] [Times: user=0.03 sys=0.00, real=0.03 secs] 
2016-08-24T18:36:44.512+0000: 16123.433: Total time for which application threads were stopped: 0.0262209 seconds, Stopping threads took: 0.0001142 seconds
2016-08-24T18:36:50.513+0000: 16129.435: Total time for which application threads were stopped: 0.0006672 seconds, Stopping threads took: 0.0001273 seconds
2016-08-24T18:36:55.657+0000: 16134.579: Total time for which application threads were stopped: 0.0019448 seconds, Stopping threads took: 0.0002460 seconds
2016-08-24T18:36:55.659+0000: 16134.580: Total time for which application threads were stopped: 0.0013666 seconds, Stopping threads took: 0.0001359 seconds
2016-08-24T18:36:55.661+0000: 16134.582: Total time for which application threads were stopped: 0.0017601 seconds, Stopping threads took: 0.0003608 seconds
2016-08-24T18:36:55.809+0000: 16134.730: Total time for which application threads were stopped: 0.0021306 seconds, Stopping threads took: 0.0002033 seconds
2016-08-24T18:36:55.811+0000: 16134.732: Total time for which application threads were stopped: 0.0014438 seconds, Stopping threads took: 0.0002678 seconds
2016-08-24T18:36:55.813+0000: 16134.734: Total time for which application threads were stopped: 0.0015510 seconds, Stopping threads took: 0.0002555 seconds
2016-08-24T18:37:58.658+0000: 16197.580: Total time for which application threads were stopped: 0.0006753 seconds, Stopping threads took: 0.0001093 seconds
2016-08-24T18:37:58.659+0000: 16197.580: Total time for which application threads were stopped: 0.0004174 seconds, Stopping threads took: 0.0001304 seconds
2016-08-24T18:37:58.659+0000: 16197.581: Total time for which application threads were stopped: 0.0003861 seconds, Stopping threads took: 0.0000783 seconds
2016-08-24T18:37:58.810+0000: 16197.732: Total time for which application threads were stopped: 0.0006394 seconds, Stopping threads took: 0.0000925 seconds
2016-08-24T18:37:58.810+0000: 16197.732: Total time for which application threads were stopped: 0.0002761 seconds, Stopping threads took: 0.0000244 seconds
2016-08-24T18:37:58.811+0000: 16197.732: Total time for which application threads were stopped: 0.0003049 seconds, Stopping threads took: 0.0000389 seconds
2016-08-24T18:38:32.662+0000: 16231.583: [GC (Allocation Failure) 16231.583: [ParNew
Desired survivor size 8716288 bytes, new threshold 6 (max 6)
- age   1:    7249528 bytes,    7249528 total
- age   2:      61344 bytes,    7310872 total
- age   3:      77336 bytes,    7388208 total
- age   4:      45952 bytes,    7434160 total
- age   5:      43128 bytes,    7477288 total
- age   6:      49920 bytes,    7527208 total
: 144087K->7437K(153344K), 0.0284771 secs] 360678K->224104K(1031552K), 0.0287916 secs] [Times: user=0.05 sys=0.00, real=0.03 secs] 
2016-08-24T18:38:32.691+0000: 16231.612: Total time for which application threads were stopped: 0.0308375 seconds, Stopping threads took: 0.0002329 seconds
2016-08-24T18:38:58.847+0000: 16257.768: Total time for which application threads were stopped: 0.0011296 seconds, Stopping threads took: 0.0001328 seconds
2016-08-24T18:38:58.847+0000: 16257.769: Total time for which application threads were stopped: 0.0006692 seconds, Stopping threads took: 0.0000741 seconds
2016-08-24T18:38:58.848+0000: 16257.770: Total time for which application threads were stopped: 0.0007393 seconds, Stopping threads took: 0.0000941 seconds
2016-08-24T18:39:01.662+0000: 16260.584: Total time for which application threads were stopped: 0.0030607 seconds, Stopping threads took: 0.0013842 seconds
2016-08-24T18:39:01.664+0000: 16260.585: Total time for which application threads were stopped: 0.0013019 seconds, Stopping threads took: 0.0000790 seconds
2016-08-24T18:39:01.665+0000: 16260.586: Total time for which application threads were stopped: 0.0008643 seconds, Stopping threads took: 0.0002745 seconds
2016-08-24T18:39:58.888+0000: 16317.809: Total time for which application threads were stopped: 0.0015567 seconds, Stopping threads took: 0.0002166 seconds
2016-08-24T18:39:58.889+0000: 16317.810: Total time for which application threads were stopped: 0.0010936 seconds, Stopping threads took: 0.0001110 seconds
2016-08-24T18:39:58.890+0000: 16317.812: Total time for which application threads were stopped: 0.0010345 seconds, Stopping threads took: 0.0001397 seconds
2016-08-24T18:40:04.662+0000: 16323.583: Total time for which application threads were stopped: 0.0006494 seconds, Stopping threads took: 0.0000981 seconds
2016-08-24T18:40:04.662+0000: 16323.584: Total time for which application threads were stopped: 0.0003150 seconds, Stopping threads took: 0.0000278 seconds
2016-08-24T18:40:04.665+0000: 16323.587: Total time for which application threads were stopped: 0.0025376 seconds, Stopping threads took: 0.0000405 seconds
2016-08-24T18:40:16.797+0000: 16335.719: [GC (Allocation Failure) 16335.719: [ParNew
Desired survivor size 8716288 bytes, new threshold 6 (max 6)
- age   1:    7284232 bytes,    7284232 total
- age   2:      64368 bytes,    7348600 total
- age   3:      50424 bytes,    7399024 total
- age   4:      70824 bytes,    7469848 total
- age   5:      45776 bytes,    7515624 total
- age   6:      40672 bytes,    7556296 total
: 143757K->7768K(153344K), 0.0231711 secs] 360424K->224482K(1031552K), 0.0233116 secs] [Times: user=0.03 sys=0.00, real=0.03 secs] 
2016-08-24T18:40:16.821+0000: 16335.742: Total time for which application threads were stopped: 0.0241249 seconds, Stopping threads took: 0.0001142 seconds
2016-08-24T18:41:01.892+0000: 16380.813: Total time for which application threads were stopped: 0.0016911 seconds, Stopping threads took: 0.0001988 seconds
2016-08-24T18:41:01.893+0000: 16380.815: Total time for which application threads were stopped: 0.0013923 seconds, Stopping threads took: 0.0001767 seconds
2016-08-24T18:41:01.895+0000: 16380.817: Total time for which application threads were stopped: 0.0013574 seconds, Stopping threads took: 0.0002269 seconds
2016-08-24T18:41:07.665+0000: 16386.587: Total time for which application threads were stopped: 0.0019881 seconds, Stopping threads took: 0.0002271 seconds
2016-08-24T18:41:07.676+0000: 16386.597: Total time for which application threads were stopped: 0.0103828 seconds, Stopping threads took: 0.0001573 seconds
2016-08-24T18:41:07.678+0000: 16386.599: Total time for which application threads were stopped: 0.0014817 seconds, Stopping threads took: 0.0002117 seconds
2016-08-24T18:41:18.681+0000: 16397.602: Total time for which application threads were stopped: 0.0006684 seconds, Stopping threads took: 0.0001002 seconds
2016-08-24T18:41:55.907+0000: 16434.828: [GC (Allocation Failure) 16434.829: [ParNew
Desired survivor size 8716288 bytes, new threshold 6 (max 6)
- age   1:    7320152 bytes,    7320152 total
- age   2:      66704 bytes,    7386856 total
- age   3:      54144 bytes,    7441000 total
- age   4:      48440 bytes,    7489440 total
- age   5:      66280 bytes,    7555720 total
- age   6:      43040 bytes,    7598760 total
: 144088K->7809K(153344K), 0.0291324 secs] 360802K->224561K(1031552K), 0.0292966 secs] [Times: user=0.04 sys=0.00, real=0.03 secs] 
2016-08-24T18:41:55.936+0000: 16434.858: Total time for which application threads were stopped: 0.0301472 seconds, Stopping threads took: 0.0001076 seconds
2016-08-24T18:42:04.894+0000: 16443.815: Total time for which application threads were stopped: 0.0006325 seconds, Stopping threads took: 0.0000944 seconds
2016-08-24T18:42:04.894+0000: 16443.816: Total time for which application threads were stopped: 0.0003075 seconds, Stopping threads took: 0.0000640 seconds
2016-08-24T18:42:04.895+0000: 16443.816: Total time for which application threads were stopped: 0.0003606 seconds, Stopping threads took: 0.0000567 seconds
2016-08-24T18:42:10.677+0000: 16449.599: Total time for which application threads were stopped: 0.0020498 seconds, Stopping threads took: 0.0002263 seconds
2016-08-24T18:42:10.679+0000: 16449.600: Total time for which application threads were stopped: 0.0012019 seconds, Stopping threads took: 0.0001042 seconds
2016-08-24T18:42:10.680+0000: 16449.602: Total time for which application threads were stopped: 0.0014636 seconds, Stopping threads took: 0.0001817 seconds
2016-08-24T18:42:19.683+0000: 16458.604: Total time for which application threads were stopped: 0.0006398 seconds, Stopping threads took: 0.0001091 seconds
2016-08-24T18:43:07.897+0000: 16506.819: Total time for which application threads were stopped: 0.0020354 seconds, Stopping threads took: 0.0002268 seconds
2016-08-24T18:43:07.899+0000: 16506.820: Total time for which application threads were stopped: 0.0012471 seconds, Stopping threads took: 0.0001518 seconds
2016-08-24T18:43:07.901+0000: 16506.822: Total time for which application threads were stopped: 0.0014628 seconds, Stopping threads took: 0.0002061 seconds
2016-08-24T18:43:13.681+0000: 16512.603: Total time for which application threads were stopped: 0.0020437 seconds, Stopping threads took: 0.0002304 seconds
2016-08-24T18:43:13.683+0000: 16512.604: Total time for which application threads were stopped: 0.0013161 seconds, Stopping threads took: 0.0001411 seconds
2016-08-24T18:43:13.684+0000: 16512.606: Total time for which application threads were stopped: 0.0014394 seconds, Stopping threads took: 0.0001620 seconds
2016-08-24T18:43:31.690+0000: 16530.611: Total time for which application threads were stopped: 0.0018535 seconds, Stopping threads took: 0.0002512 seconds
2016-08-24T18:43:44.772+0000: 16543.693: [GC (Allocation Failure) 16543.694: [ParNew
Desired survivor size 8716288 bytes, new threshold 6 (max 6)
- age   1:    7312296 bytes,    7312296 total
- age   2:     114768 bytes,    7427064 total
- age   3:      46024 bytes,    7473088 total
- age   4:      50296 bytes,    7523384 total
- age   5:      48152 bytes,    7571536 total
- age   6:      62040 bytes,    7633576 total
: 144129K->8258K(153344K), 0.0290877 secs] 360881K->225051K(1031552K), 0.0294291 secs] [Times: user=0.04 sys=0.00, real=0.03 secs] 
2016-08-24T18:43:44.802+0000: 16543.723: Total time for which application threads were stopped: 0.0313308 seconds, Stopping threads took: 0.0002333 seconds
2016-08-24T18:44:10.898+0000: 16569.819: Total time for which application threads were stopped: 0.0006200 seconds, Stopping threads took: 0.0000816 seconds
2016-08-24T18:44:10.898+0000: 16569.820: Total time for which application threads were stopped: 0.0002841 seconds, Stopping threads took: 0.0000398 seconds
2016-08-24T18:44:10.899+0000: 16569.820: Total time for which application threads were stopped: 0.0003745 seconds, Stopping threads took: 0.0000366 seconds
2016-08-24T18:44:16.683+0000: 16575.605: Total time for which application threads were stopped: 0.0006771 seconds, Stopping threads took: 0.0000919 seconds
2016-08-24T18:44:16.684+0000: 16575.605: Total time for which application threads were stopped: 0.0003221 seconds, Stopping threads took: 0.0000501 seconds
2016-08-24T18:44:16.684+0000: 16575.606: Total time for which application threads were stopped: 0.0003626 seconds, Stopping threads took: 0.0000486 seconds
2016-08-24T18:45:13.901+0000: 16632.823: Total time for which application threads were stopped: 0.0018867 seconds, Stopping threads took: 0.0002001 seconds
2016-08-24T18:45:13.903+0000: 16632.824: Total time for which application threads were stopped: 0.0013551 seconds, Stopping threads took: 0.0001783 seconds
2016-08-24T18:45:13.904+0000: 16632.826: Total time for which application threads were stopped: 0.0012831 seconds, Stopping threads took: 0.0001297 seconds
2016-08-24T18:45:19.686+0000: 16638.607: Total time for which application threads were stopped: 0.0017817 seconds, Stopping threads took: 0.0001952 seconds
2016-08-24T18:45:19.688+0000: 16638.609: Total time for which application threads were stopped: 0.0014645 seconds, Stopping threads took: 0.0001493 seconds
2016-08-24T18:45:19.691+0000: 16638.613: Total time for which application threads were stopped: 0.0023558 seconds, Stopping threads took: 0.0002042 seconds
2016-08-24T18:45:20.692+0000: 16639.614: Total time for which application threads were stopped: 0.0006814 seconds, Stopping threads took: 0.0001264 seconds
2016-08-24T18:45:29.412+0000: 16648.334: [GC (Allocation Failure) 16648.334: [ParNew
Desired survivor size 8716288 bytes, new threshold 6 (max 6)
- age   1:    7315664 bytes,    7315664 total
- age   2:      61280 bytes,    7376944 total
- age   3:     103480 bytes,    7480424 total
- age   4:      42248 bytes,    7522672 total
- age   5:      50000 bytes,    7572672 total
- age   6:      45984 bytes,    7618656 total
: 144578K->7705K(153344K), 0.0291681 secs] 361371K->224557K(1031552K), 0.0295402 secs] [Times: user=0.04 sys=0.00, real=0.03 secs] 
2016-08-24T18:45:29.442+0000: 16648.363: Total time for which application threads were stopped: 0.0314913 seconds, Stopping threads took: 0.0002439 seconds
2016-08-24T18:45:30.443+0000: 16649.364: Total time for which application threads were stopped: 0.0007121 seconds, Stopping threads took: 0.0001244 seconds
2016-08-24T18:46:16.905+0000: 16695.826: Total time for which application threads were stopped: 0.0016573 seconds, Stopping threads took: 0.0002298 seconds
2016-08-24T18:46:16.906+0000: 16695.827: Total time for which application threads were stopped: 0.0006168 seconds, Stopping threads took: 0.0000896 seconds
2016-08-24T18:46:16.907+0000: 16695.828: Total time for which application threads were stopped: 0.0006665 seconds, Stopping threads took: 0.0000867 seconds
2016-08-24T18:46:22.690+0000: 16701.612: Total time for which application threads were stopped: 0.0007137 seconds, Stopping threads took: 0.0001094 seconds
2016-08-24T18:46:22.690+0000: 16701.612: Total time for which application threads were stopped: 0.0003221 seconds, Stopping threads took: 0.0000348 seconds
2016-08-24T18:46:22.691+0000: 16701.612: Total time for which application threads were stopped: 0.0003288 seconds, Stopping threads took: 0.0000335 seconds
2016-08-24T18:47:18.773+0000: 16757.694: [GC (Allocation Failure) 16757.695: [ParNew
Desired survivor size 8716288 bytes, new threshold 6 (max 6)
- age   1:    7221928 bytes,    7221928 total
- age   2:      64760 bytes,    7286688 total
- age   3:      50552 bytes,    7337240 total
- age   4:     100776 bytes,    7438016 total
- age   5:      42216 bytes,    7480232 total
- age   6:      47832 bytes,    7528064 total
: 144025K->7665K(153344K), 0.0253628 secs] 360877K->224560K(1031552K), 0.0256627 secs] [Times: user=0.03 sys=0.00, real=0.02 secs] 
2016-08-24T18:47:18.799+0000: 16757.720: Total time for which application threads were stopped: 0.0277577 seconds, Stopping threads took: 0.0002369 seconds
2016-08-24T18:47:19.908+0000: 16758.830: Total time for which application threads were stopped: 0.0015826 seconds, Stopping threads took: 0.0001743 seconds
2016-08-24T18:47:19.910+0000: 16758.831: Total time for which application threads were stopped: 0.0010537 seconds, Stopping threads took: 0.0001173 seconds
2016-08-24T18:47:19.911+0000: 16758.833: Total time for which application threads were stopped: 0.0009900 seconds, Stopping threads took: 0.0000885 seconds
2016-08-24T18:47:25.691+0000: 16764.613: Total time for which application threads were stopped: 0.0006374 seconds, Stopping threads took: 0.0000941 seconds
2016-08-24T18:47:25.692+0000: 16764.613: Total time for which application threads were stopped: 0.0002963 seconds, Stopping threads took: 0.0000458 seconds
2016-08-24T18:47:25.692+0000: 16764.614: Total time for which application threads were stopped: 0.0003761 seconds, Stopping threads took: 0.0000582 seconds
2016-08-24T18:48:22.910+0000: 16821.831: Total time for which application threads were stopped: 0.0006563 seconds, Stopping threads took: 0.0000916 seconds
2016-08-24T18:48:22.910+0000: 16821.832: Total time for which application threads were stopped: 0.0003618 seconds, Stopping threads took: 0.0000274 seconds
2016-08-24T18:48:22.911+0000: 16821.832: Total time for which application threads were stopped: 0.0003925 seconds, Stopping threads took: 0.0000643 seconds
2016-08-24T18:48:28.690+0000: 16827.611: Total time for which application threads were stopped: 0.0006140 seconds, Stopping threads took: 0.0000825 seconds
2016-08-24T18:48:28.690+0000: 16827.612: Total time for which application threads were stopped: 0.0002829 seconds, Stopping threads took: 0.0000292 seconds
2016-08-24T18:48:28.691+0000: 16827.612: Total time for which application threads were stopped: 0.0003465 seconds, Stopping threads took: 0.0000440 seconds
2016-08-24T18:49:01.122+0000: 16860.043: [GC (Allocation Failure) 16860.044: [ParNew
Desired survivor size 8716288 bytes, new threshold 6 (max 6)
- age   1:    7180736 bytes,    7180736 total
- age   2:      48040 bytes,    7228776 total
- age   3:      53864 bytes,    7282640 total
- age   4:      47544 bytes,    7330184 total
- age   5:      96736 bytes,    7426920 total
- age   6:      38168 bytes,    7465088 total
: 143985K->8052K(153344K), 0.0252868 secs] 360880K->224991K(1031552K), 0.0264447 secs] [Times: user=0.03 sys=0.00, real=0.03 secs] 
2016-08-24T18:49:01.148+0000: 16860.070: Total time for which application threads were stopped: 0.0285709 seconds, Stopping threads took: 0.0003556 seconds
2016-08-24T18:49:25.913+0000: 16884.835: Total time for which application threads were stopped: 0.0021407 seconds, Stopping threads took: 0.0004171 seconds
2016-08-24T18:49:25.915+0000: 16884.837: Total time for which application threads were stopped: 0.0015458 seconds, Stopping threads took: 0.0003389 seconds
2016-08-24T18:49:25.917+0000: 16884.838: Total time for which application threads were stopped: 0.0010290 seconds, Stopping threads took: 0.0001103 seconds
2016-08-24T18:49:31.693+0000: 16890.615: Total time for which application threads were stopped: 0.0019612 seconds, Stopping threads took: 0.0002357 seconds
2016-08-24T18:49:31.694+0000: 16890.616: Total time for which application threads were stopped: 0.0012064 seconds, Stopping threads took: 0.0001027 seconds
2016-08-24T18:49:31.696+0000: 16890.618: Total time for which application threads were stopped: 0.0012698 seconds, Stopping threads took: 0.0001479 seconds
2016-08-24T18:50:28.916+0000: 16947.837: Total time for which application threads were stopped: 0.0018063 seconds, Stopping threads took: 0.0002216 seconds
2016-08-24T18:50:28.917+0000: 16947.839: Total time for which application threads were stopped: 0.0014056 seconds, Stopping threads took: 0.0002271 seconds
2016-08-24T18:50:28.919+0000: 16947.841: Total time for which application threads were stopped: 0.0013859 seconds, Stopping threads took: 0.0001759 seconds
2016-08-24T18:50:34.697+0000: 16953.618: Total time for which application threads were stopped: 0.0019938 seconds, Stopping threads took: 0.0002078 seconds
2016-08-24T18:50:34.699+0000: 16953.620: Total time for which application threads were stopped: 0.0012730 seconds, Stopping threads took: 0.0001557 seconds
2016-08-24T18:50:34.706+0000: 16953.628: Total time for which application threads were stopped: 0.0071101 seconds, Stopping threads took: 0.0001759 seconds
2016-08-24T18:50:49.753+0000: 16968.675: [GC (Allocation Failure) 16968.675: [ParNew
Desired survivor size 8716288 bytes, new threshold 6 (max 6)
- age   1:    7204704 bytes,    7204704 total
- age   2:      97488 bytes,    7302192 total
- age   3:      39312 bytes,    7341504 total
- age   4:      49192 bytes,    7390696 total
- age   5:      47184 bytes,    7437880 total
- age   6:      92584 bytes,    7530464 total
: 144372K->7563K(153344K), 0.0253310 secs] 361311K->224538K(1031552K), 0.0254958 secs] [Times: user=0.03 sys=0.00, real=0.02 secs] 
2016-08-24T18:50:49.779+0000: 16968.700: Total time for which application threads were stopped: 0.0264372 seconds, Stopping threads took: 0.0001714 seconds
2016-08-24T18:51:31.921+0000: 17010.843: Total time for which application threads were stopped: 0.0020264 seconds, Stopping threads took: 0.0002299 seconds
2016-08-24T18:51:31.923+0000: 17010.844: Total time for which application threads were stopped: 0.0012989 seconds, Stopping threads took: 0.0001763 seconds
2016-08-24T18:51:31.925+0000: 17010.846: Total time for which application threads were stopped: 0.0014646 seconds, Stopping threads took: 0.0001747 seconds
2016-08-24T18:51:37.701+0000: 17016.623: Total time for which application threads were stopped: 0.0019327 seconds, Stopping threads took: 0.0002236 seconds
2016-08-24T18:51:37.710+0000: 17016.631: Total time for which application threads were stopped: 0.0081857 seconds, Stopping threads took: 0.0001760 seconds
2016-08-24T18:51:37.712+0000: 17016.633: Total time for which application threads were stopped: 0.0013758 seconds, Stopping threads took: 0.0001723 seconds
2016-08-24T18:52:34.922+0000: 17073.844: Total time for which application threads were stopped: 0.0009157 seconds, Stopping threads took: 0.0001158 seconds
2016-08-24T18:52:34.923+0000: 17073.845: Total time for which application threads were stopped: 0.0007646 seconds, Stopping threads took: 0.0000833 seconds
2016-08-24T18:52:34.924+0000: 17073.845: Total time for which application threads were stopped: 0.0006726 seconds, Stopping threads took: 0.0000825 seconds
2016-08-24T18:52:35.660+0000: 17074.582: [GC (Allocation Failure) 17074.582: [ParNew
Desired survivor size 8716288 bytes, new threshold 6 (max 6)
- age   1:    7275648 bytes,    7275648 total
- age   2:      68288 bytes,    7343936 total
- age   3:      73776 bytes,    7417712 total
- age   4:      39168 bytes,    7456880 total
- age   5:      48984 bytes,    7505864 total
- age   6:      44800 bytes,    7550664 total
: 143883K->7702K(153344K), 0.0309296 secs] 360858K->224766K(1031552K), 0.0311629 secs] [Times: user=0.04 sys=0.00, real=0.03 secs] 
2016-08-24T18:52:35.692+0000: 17074.613: Total time for which application threads were stopped: 0.0332828 seconds, Stopping threads took: 0.0002341 seconds
2016-08-24T18:52:40.712+0000: 17079.633: Total time for which application threads were stopped: 0.0017481 seconds, Stopping threads took: 0.0002365 seconds
2016-08-24T18:52:40.713+0000: 17079.635: Total time for which application threads were stopped: 0.0014187 seconds, Stopping threads took: 0.0001088 seconds
2016-08-24T18:52:40.715+0000: 17079.637: Total time for which application threads were stopped: 0.0013655 seconds, Stopping threads took: 0.0001672 seconds
2016-08-24T18:53:02.721+0000: 17101.642: Total time for which application threads were stopped: 0.0010903 seconds, Stopping threads took: 0.0005431 seconds
2016-08-24T18:53:03.663+0000: 17102.584: [GC (Allocation Failure) 17102.585: [ParNew
Desired survivor size 8716288 bytes, new threshold 6 (max 6)
- age   1:    3531792 bytes,    3531792 total
- age   2:      72232 bytes,    3604024 total
- age   3:      55336 bytes,    3659360 total
- age   4:      69656 bytes,    3729016 total
- age   5:      38952 bytes,    3767968 total
- age   6:      48584 bytes,    3816552 total
: 144022K->3863K(153344K), 0.0156274 secs] 361086K->220969K(1031552K), 0.0159030 secs] [Times: user=0.02 sys=0.00, real=0.01 secs] 
2016-08-24T18:53:03.679+0000: 17102.601: Total time for which application threads were stopped: 0.0178527 seconds, Stopping threads took: 0.0002306 seconds
2016-08-24T18:53:04.680+0000: 17103.601: Total time for which application threads were stopped: 0.0007089 seconds, Stopping threads took: 0.0001162 seconds
2016-08-24T18:53:04.937+0000: 17103.858: Total time for which application threads were stopped: 0.0021548 seconds, Stopping threads took: 0.0015264 seconds
2016-08-24T18:53:04.949+0000: 17103.870: Total time for which application threads were stopped: 0.0022446 seconds, Stopping threads took: 0.0014696 seconds
2016-08-24T18:53:04.963+0000: 17103.884: Total time for which application threads were stopped: 0.0062282 seconds, Stopping threads took: 0.0035034 seconds
2016-08-24T18:53:04.966+0000: 17103.888: Total time for which application threads were stopped: 0.0007366 seconds, Stopping threads took: 0.0001299 seconds
2016-08-24T18:53:05.288+0000: 17104.210: [GC (Allocation Failure) 17104.210: [ParNew
Desired survivor size 8716288 bytes, new threshold 6 (max 6)
- age   1:    7662448 bytes,    7662448 total
- age   2:     133504 bytes,    7795952 total
- age   3:      70472 bytes,    7866424 total
- age   4:      53584 bytes,    7920008 total
- age   5:      69160 bytes,    7989168 total
- age   6:      38880 bytes,    8028048 total
: 140183K->8460K(153344K), 0.0201629 secs] 357289K->225614K(1031552K), 0.0203155 secs] [Times: user=0.03 sys=0.00, real=0.02 secs] 
2016-08-24T18:53:05.309+0000: 17104.230: Total time for which application threads were stopped: 0.0212708 seconds, Stopping threads took: 0.0001078 seconds
2016-08-24T18:53:05.315+0000: 17104.236: Total time for which application threads were stopped: 0.0007299 seconds, Stopping threads took: 0.0000861 seconds
2016-08-24T18:53:05.315+0000: 17104.237: Total time for which application threads were stopped: 0.0003880 seconds, Stopping threads took: 0.0000310 seconds
2016-08-24T18:53:05.316+0000: 17104.237: Total time for which application threads were stopped: 0.0004682 seconds, Stopping threads took: 0.0000567 seconds
2016-08-24T18:53:05.318+0000: 17104.239: Total time for which application threads were stopped: 0.0017560 seconds, Stopping threads took: 0.0000226 seconds
2016-08-24T18:53:06.320+0000: 17105.242: Total time for which application threads were stopped: 0.0019329 seconds, Stopping threads took: 0.0002726 seconds
2016-08-24T18:53:06.382+0000: 17105.303: [GC (Allocation Failure) 17105.303: [ParNew
Desired survivor size 8716288 bytes, new threshold 1 (max 6)
- age   1:   12833728 bytes,   12833728 total
- age   2:     886088 bytes,   13719816 total
- age   3:     126912 bytes,   13846728 total
- age   4:      67384 bytes,   13914112 total
- age   5:      52440 bytes,   13966552 total
- age   6:      68728 bytes,   14035280 total
: 144780K->15126K(153344K), 0.0370531 secs] 361934K->232318K(1031552K), 0.0372613 secs] [Times: user=0.05 sys=0.00, real=0.03 secs] 
2016-08-24T18:53:06.419+0000: 17105.341: Total time for which application threads were stopped: 0.0401428 seconds, Stopping threads took: 0.0014754 seconds
2016-08-24T18:53:06.420+0000: 17105.342: Total time for which application threads were stopped: 0.0006617 seconds, Stopping threads took: 0.0000987 seconds
2016-08-24T18:53:06.421+0000: 17105.342: Total time for which application threads were stopped: 0.0003626 seconds, Stopping threads took: 0.0000521 seconds
2016-08-24T18:53:06.421+0000: 17105.343: Total time for which application threads were stopped: 0.0003188 seconds, Stopping threads took: 0.0000251 seconds
2016-08-24T18:53:06.422+0000: 17105.343: Total time for which application threads were stopped: 0.0003448 seconds, Stopping threads took: 0.0000482 seconds
2016-08-24T18:53:12.424+0000: 17111.346: Total time for which application threads were stopped: 0.0006899 seconds, Stopping threads took: 0.0001146 seconds
2016-08-24T18:53:19.427+0000: 17118.348: Total time for which application threads were stopped: 0.0006462 seconds, Stopping threads took: 0.0001132 seconds
2016-08-24T18:53:35.430+0000: 17134.352: Total time for which application threads were stopped: 0.0007900 seconds, Stopping threads took: 0.0001267 seconds
2016-08-24T18:53:37.925+0000: 17136.847: Total time for which application threads were stopped: 0.0019024 seconds, Stopping threads took: 0.0002259 seconds
2016-08-24T18:53:37.927+0000: 17136.848: Total time for which application threads were stopped: 0.0014150 seconds, Stopping threads took: 0.0001767 seconds
2016-08-24T18:53:37.929+0000: 17136.850: Total time for which application threads were stopped: 0.0013500 seconds, Stopping threads took: 0.0001600 seconds
2016-08-24T18:53:43.714+0000: 17142.635: Total time for which application threads were stopped: 0.0006778 seconds, Stopping threads took: 0.0000940 seconds
2016-08-24T18:53:43.714+0000: 17142.636: Total time for which application threads were stopped: 0.0002937 seconds, Stopping threads took: 0.0000239 seconds
2016-08-24T18:53:43.715+0000: 17142.636: Total time for which application threads were stopped: 0.0003239 seconds, Stopping threads took: 0.0000687 seconds
2016-08-24T18:53:46.716+0000: 17145.637: Total time for which application threads were stopped: 0.0007105 seconds, Stopping threads took: 0.0001227 seconds
2016-08-24T18:53:48.042+0000: 17146.963: [GC (Allocation Failure) 17146.963: [ParNew
Desired survivor size 8716288 bytes, new threshold 6 (max 6)
- age   1:    7985016 bytes,    7985016 total
: 151446K->8177K(153344K), 0.0307693 secs] 368638K->226224K(1031552K), 0.0310577 secs] [Times: user=0.04 sys=0.00, real=0.03 secs] 
2016-08-24T18:53:48.073+0000: 17146.995: Total time for which application threads were stopped: 0.0330820 seconds, Stopping threads took: 0.0002326 seconds
2016-08-24T18:53:50.074+0000: 17148.996: Total time for which application threads were stopped: 0.0006500 seconds, Stopping threads took: 0.0001106 seconds
2016-08-24T18:54:04.983+0000: 17163.905: Total time for which application threads were stopped: 0.0069026 seconds, Stopping threads took: 0.0002426 seconds
2016-08-24T18:54:05.986+0000: 17164.907: Total time for which application threads were stopped: 0.0019332 seconds, Stopping threads took: 0.0002591 seconds
2016-08-24T18:54:38.923+0000: 17197.845: [GC (Allocation Failure) 17197.845: [ParNew
Desired survivor size 8716288 bytes, new threshold 6 (max 6)
- age   1:    6025496 bytes,    6025496 total
- age   2:     180128 bytes,    6205624 total
: 144497K->6467K(153344K), 0.0232326 secs] 362544K->224515K(1031552K), 0.0235102 secs] [Times: user=0.04 sys=0.00, real=0.02 secs] 
2016-08-24T18:54:38.947+0000: 17197.868: Total time for which application threads were stopped: 0.0256860 seconds, Stopping threads took: 0.0003997 seconds
2016-08-24T18:54:40.929+0000: 17199.851: Total time for which application threads were stopped: 0.0022173 seconds, Stopping threads took: 0.0004180 seconds
2016-08-24T18:54:40.931+0000: 17199.852: Total time for which application threads were stopped: 0.0013549 seconds, Stopping threads took: 0.0001084 seconds
2016-08-24T18:54:40.933+0000: 17199.854: Total time for which application threads were stopped: 0.0017463 seconds, Stopping threads took: 0.0003491 seconds
2016-08-24T18:54:43.935+0000: 17202.857: Total time for which application threads were stopped: 0.0017307 seconds, Stopping threads took: 0.0002014 seconds
2016-08-24T18:54:46.646+0000: 17205.568: Total time for which application threads were stopped: 0.0005990 seconds, Stopping threads took: 0.0000807 seconds
2016-08-24T18:54:46.646+0000: 17205.568: Total time for which application threads were stopped: 0.0003068 seconds, Stopping threads took: 0.0000321 seconds
2016-08-24T18:54:46.647+0000: 17205.568: Total time for which application threads were stopped: 0.0002837 seconds, Stopping threads took: 0.0000282 seconds
2016-08-24T18:54:48.599+0000: 17207.520: Total time for which application threads were stopped: 0.0020832 seconds, Stopping threads took: 0.0015133 seconds
2016-08-24T18:54:48.601+0000: 17207.523: Total time for which application threads were stopped: 0.0005923 seconds, Stopping threads took: 0.0000707 seconds
2016-08-24T18:54:48.602+0000: 17207.523: Total time for which application threads were stopped: 0.0003361 seconds, Stopping threads took: 0.0000521 seconds
Heap
 par new generation   total 153344K, used 33370K [0x00000000c0000000, 0x00000000ca660000, 0x00000000ca660000)
  eden space 136320K,  19% used [0x00000000c0000000, 0x00000000c1a45858, 0x00000000c8520000)
  from space 17024K,  37% used [0x00000000c95c0000, 0x00000000c9c10fe0, 0x00000000ca660000)
  to   space 17024K,   0% used [0x00000000c8520000, 0x00000000c8520000, 0x00000000c95c0000)
 concurrent mark-sweep generation total 878208K, used 218047K [0x00000000ca660000, 0x0000000100000000, 0x0000000100000000)
 Metaspace       used 131375K, capacity 143880K, committed 144436K, reserved 1171456K
  class space    used 20312K, capacity 21359K, committed 21688K, reserved 1048576K
